1789492718.8475163 [INFO] [launch]: All log files can be found below /home/ecem/sct_ws/src/llm_sct/RESULTS_LAST/baseline/delivery_stack_behavior_check/log/2026-09-15-19-18-38-845550-ecem-pc-84304
1789492718.8477654 [INFO] [launch]: Default logging verbosity is set to INFO
1789492720.1983697 [INFO] [ign gazebo-1]: process started with pid [84317]
1789492720.2021248 [INFO] [image_bridge-2]: process started with pid [84319]
1789492720.2026188 [INFO] [simulation_video_recorder-3]: process started with pid [84322]
1789492720.2029130 [INFO] [coverage_counter-4]: process started with pid [84324]
1789492720.2031555 [INFO] [bump_counter-5]: process started with pid [84326]
1789492720.2033730 [INFO] [parameter_bridge-6]: process started with pid [84328]
1789492720.2035813 [INFO] [robot_state_publisher-7]: process started with pid [84330]
1789492720.2038171 [INFO] [create-8]: process started with pid [84332]
1789492720.2040658 [INFO] [static_transform_publisher-9]: process started with pid [84334]
1789492720.2042944 [INFO] [image_bridge-10]: process started with pid [84336]
1789492720.2045469 [INFO] [robot_state_publisher-11]: process started with pid [84338]
1789492720.2047830 [INFO] [create-12]: process started with pid [84340]
1789492720.2084544 [INFO] [static_transform_publisher-13]: process started with pid [84342]
1789492720.2088976 [INFO] [image_bridge-14]: process started with pid [84346]
1789492720.2091818 [INFO] [robot_state_publisher-15]: process started with pid [84348]
1789492720.2094932 [INFO] [create-16]: process started with pid [84357]
1789492720.2097559 [INFO] [static_transform_publisher-17]: process started with pid [84374]
1789492720.2100098 [INFO] [image_bridge-18]: process started with pid [84377]
1789492720.2102358 [INFO] [parameter_bridge-19]: process started with pid [84388]
1789492721.2545993 [INFO] [create-12]: process has finished cleanly [pid 84340]
1789492721.2751963 [INFO] [create-8]: process has finished cleanly [pid 84332]
1789492721.3057687 [INFO] [balanced_delivery_supervisor-20]: process started with pid [84649]
1789492721.3062708 [INFO] [stuck_recovery-21]: process started with pid [84651]
1789492721.3082824 [INFO] [balanced_delivery_supervisor-22]: process started with pid [84653]
1789492721.3085952 [INFO] [stuck_recovery-23]: process started with pid [84655]
1789492721.5274160 [INFO] [create-16]: process has finished cleanly [pid 84357]
1789492721.6318994 [INFO] [balanced_delivery_supervisor-24]: process started with pid [84721]
1789492721.6423013 [INFO] [stuck_recovery-25]: process started with pid [84723]
1789492723.2959692 [INFO] [image_processor-26]: process started with pid [84872]
1789492723.2963243 [INFO] [color_detector-27]: process started with pid [84874]
1789492723.3283689 [INFO] [image_processor-28]: process started with pid [84876]
1789492723.3288376 [INFO] [color_detector-29]: process started with pid [84878]
1789492723.6683791 [INFO] [image_processor-30]: process started with pid [84964]
1789492723.6687782 [INFO] [color_detector-31]: process started with pid [84966]
1789492901.5581503 [INFO] [coverage_counter-4]: process has finished cleanly [pid 84324]
1789492901.5587811 [INFO] [launch]: process[coverage_counter-4] was required: shutting down launched system
1789492901.5742919 [INFO] [color_detector-31]: sending signal 'SIGINT' to process[color_detector-31]
1789492901.5786390 [INFO] [image_processor-30]: sending signal 'SIGINT' to process[image_processor-30]
1789492901.5853262 [INFO] [color_detector-29]: sending signal 'SIGINT' to process[color_detector-29]
1789492901.5900948 [INFO] [image_processor-28]: sending signal 'SIGINT' to process[image_processor-28]
1789492901.6205413 [INFO] [color_detector-27]: sending signal 'SIGINT' to process[color_detector-27]
1789492901.6244543 [INFO] [image_processor-26]: sending signal 'SIGINT' to process[image_processor-26]
1789492901.6292892 [INFO] [stuck_recovery-25]: sending signal 'SIGINT' to process[stuck_recovery-25]
1789492901.6338465 [INFO] [balanced_delivery_supervisor-24]: sending signal 'SIGINT' to process[balanced_delivery_supervisor-24]
1789492901.6384044 [INFO] [stuck_recovery-23]: sending signal 'SIGINT' to process[stuck_recovery-23]
1789492901.6430666 [INFO] [balanced_delivery_supervisor-22]: sending signal 'SIGINT' to process[balanced_delivery_supervisor-22]
1789492901.6482463 [INFO] [stuck_recovery-21]: sending signal 'SIGINT' to process[stuck_recovery-21]
1789492901.6534269 [INFO] [balanced_delivery_supervisor-20]: sending signal 'SIGINT' to process[balanced_delivery_supervisor-20]
1789492901.6580944 [INFO] [parameter_bridge-19]: sending signal 'SIGINT' to process[parameter_bridge-19]
1789492901.6630802 [INFO] [image_bridge-18]: sending signal 'SIGINT' to process[image_bridge-18]
1789492901.6695781 [INFO] [static_transform_publisher-17]: sending signal 'SIGINT' to process[static_transform_publisher-17]
1789492901.6725848 [INFO] [parameter_bridge-19]: process has finished cleanly [pid 84388]
1789492901.6755676 [INFO] [robot_state_publisher-15]: sending signal 'SIGINT' to process[robot_state_publisher-15]
1789492901.6814649 [INFO] [image_bridge-14]: sending signal 'SIGINT' to process[image_bridge-14]
1789492901.6870582 [INFO] [static_transform_publisher-13]: sending signal 'SIGINT' to process[static_transform_publisher-13]
1789492901.6919403 [INFO] [robot_state_publisher-11]: sending signal 'SIGINT' to process[robot_state_publisher-11]
1789492901.6976721 [INFO] [image_bridge-10]: sending signal 'SIGINT' to process[image_bridge-10]
1789492901.7035992 [INFO] [static_transform_publisher-9]: sending signal 'SIGINT' to process[static_transform_publisher-9]
1789492901.7097478 [INFO] [robot_state_publisher-7]: sending signal 'SIGINT' to process[robot_state_publisher-7]
1789492901.7155247 [INFO] [parameter_bridge-6]: sending signal 'SIGINT' to process[parameter_bridge-6]
1789492901.7212174 [INFO] [bump_counter-5]: sending signal 'SIGINT' to process[bump_counter-5]
1789492901.7262805 [INFO] [simulation_video_recorder-3]: sending signal 'SIGINT' to process[simulation_video_recorder-3]
1789492901.7269397 [INFO] [parameter_bridge-6]: process has finished cleanly [pid 84328]
1789492901.7315545 [INFO] [image_bridge-2]: sending signal 'SIGINT' to process[image_bridge-2]
1789492901.7367401 [INFO] [ign gazebo-1]: sending signal 'SIGINT' to process[ign gazebo-1]
1789492902.6991322 [INFO] [static_transform_publisher-17]: process has finished cleanly [pid 84374]
1789492902.7092896 [INFO] [image_bridge-18]: process has finished cleanly [pid 84377]
1789492902.7114666 [INFO] [robot_state_publisher-15]: process has finished cleanly [pid 84348]
1789492902.7134871 [ERROR] [color_detector-31]: process has died [pid 84966, exit code 1, cmd '/home/ecem/sct_ws/install/leo_image_processing/lib/leo_image_processing/color_detector --ros-args -r __node:=target_detector -r __ns:=/robot_2 --params-file /tmp/launch_params_v5m2xrg0 --params-file /tmp/launch_params_x0pu7q6s --params-file /tmp/launch_params_fuk0c3xy --params-file /tmp/launch_params_380c4svo --params-file /tmp/launch_params_6y35qy4c --params-file /tmp/launch_params_qj2urwqz'].
1789492902.7155886 [ERROR] [color_detector-29]: process has died [pid 84878, exit code 1, cmd '/home/ecem/sct_ws/install/leo_image_processing/lib/leo_image_processing/color_detector --ros-args -r __node:=target_detector -r __ns:=/robot_0 --params-file /tmp/launch_params_3ize1rqg --params-file /tmp/launch_params_lz_7de9i --params-file /tmp/launch_params_vjzli6st --params-file /tmp/launch_params_avr6nsi_ --params-file /tmp/launch_params_rizjw7jg --params-file /tmp/launch_params_0uc555xf'].
1789492902.7180011 [INFO] [static_transform_publisher-13]: process has finished cleanly [pid 84342]
1789492902.7236962 [INFO] [image_bridge-14]: process has finished cleanly [pid 84346]
1789492902.7253230 [INFO] [robot_state_publisher-11]: process has finished cleanly [pid 84338]
1789492902.7298489 [ERROR] [image_processor-28]: process has died [pid 84876, exit code 1, cmd '/home/ecem/sct_ws/install/leo_image_processing/lib/leo_image_processing/image_processor --ros-args -r __node:=image_processor -r __ns:=/robot_0 --params-file /tmp/launch_params_98m5kjud --params-file /tmp/launch_params_vs_5z35l --params-file /tmp/launch_params_gp3htooi'].
1789492902.7315333 [INFO] [static_transform_publisher-9]: process has finished cleanly [pid 84334]
1789492902.7341907 [ERROR] [image_processor-30]: process has died [pid 84964, exit code 1, cmd '/home/ecem/sct_ws/install/leo_image_processing/lib/leo_image_processing/image_processor --ros-args -r __node:=image_processor -r __ns:=/robot_2 --params-file /tmp/launch_params_myfjzbng --params-file /tmp/launch_params_iwxrt_j3 --params-file /tmp/launch_params_ky9pcvbe'].
1789492902.7361028 [INFO] [image_bridge-10]: process has finished cleanly [pid 84336]
1789492902.7419863 [INFO] [robot_state_publisher-7]: process has finished cleanly [pid 84330]
1789492902.7501481 [ERROR] [color_detector-27]: process has died [pid 84874, exit code 1, cmd '/home/ecem/sct_ws/install/leo_image_processing/lib/leo_image_processing/color_detector --ros-args -r __node:=target_detector -r __ns:=/robot_1 --params-file /tmp/launch_params_t46hu_t2 --params-file /tmp/launch_params_ta7ofi8m --params-file /tmp/launch_params_4y5oslcl --params-file /tmp/launch_params_yef63nu4 --params-file /tmp/launch_params_mp73e8rl --params-file /tmp/launch_params_yl4ivalh'].
1789492902.7587392 [INFO] [balanced_delivery_supervisor-22]: process has finished cleanly [pid 84653]
1789492902.7643044 [INFO] [image_bridge-2]: process has finished cleanly [pid 84319]
1789492902.7763093 [INFO] [balanced_delivery_supervisor-20]: process has finished cleanly [pid 84649]
1789492902.7814488 [INFO] [balanced_delivery_supervisor-24]: process has finished cleanly [pid 84721]
1789492902.7843621 [ERROR] [image_processor-26]: process has died [pid 84872, exit code 1, cmd '/home/ecem/sct_ws/install/leo_image_processing/lib/leo_image_processing/image_processor --ros-args -r __node:=image_processor -r __ns:=/robot_1 --params-file /tmp/launch_params_ckbs3io9 --params-file /tmp/launch_params_0gczoq49 --params-file /tmp/launch_params_m2okofmy'].
1789492902.7903304 [INFO] [simulation_video_recorder-3]: process has finished cleanly [pid 84322]
1789492902.8313305 [ERROR] [bump_counter-5]: process has died [pid 84326, exit code 1, cmd '/home/ecem/sct_ws/install/evaluation/lib/evaluation/bump_counter --ros-args -r __node:=bump_counter --params-file /tmp/launch_params_0j8hdlod --params-file /tmp/launch_params_sr6erdtw --params-file /tmp/launch_params_o5m92yzj --params-file /tmp/launch_params_31f72oza --params-file /tmp/launch_params_3zmyd5u3 --params-file /tmp/launch_params_9452ss7w --params-file /tmp/launch_params_5tuie705 --params-file /tmp/launch_params_zl7hwd_2'].
1789492903.7075782 [ERROR] [stuck_recovery-25]: process has died [pid 84723, exit code 1, cmd '/home/ecem/sct_ws/install/leo_image_processing/lib/leo_image_processing/stuck_recovery --ros-args -r __node:=stuck_recovery -r __ns:=/robot_2 --params-file /tmp/launch_params_wsldvyk7 --params-file /tmp/launch_params_iw7mvqve --params-file /tmp/launch_params_z4pmplr2 --params-file /tmp/launch_params_ug46c1g2 --params-file /tmp/launch_params_jdbt6se2 --params-file /tmp/launch_params_enh_3i5e --params-file /tmp/launch_params_l09n5rxz --params-file /tmp/launch_params_aczuqb6j --params-file /tmp/launch_params_ha4pjd54 --params-file /tmp/launch_params_936jay0d'].
1789492903.7148230 [ERROR] [stuck_recovery-23]: process has died [pid 84655, exit code 1, cmd '/home/ecem/sct_ws/install/leo_image_processing/lib/leo_image_processing/stuck_recovery --ros-args -r __node:=stuck_recovery -r __ns:=/robot_0 --params-file /tmp/launch_params_t340vre6 --params-file /tmp/launch_params_ttlt4ogc --params-file /tmp/launch_params__ujk88k0 --params-file /tmp/launch_params_k5y_g1ko --params-file /tmp/launch_params_pmyn2erk --params-file /tmp/launch_params_763rcq27 --params-file /tmp/launch_params_j8cw4q5b --params-file /tmp/launch_params_q8vnqvox --params-file /tmp/launch_params_zqmy7eu9 --params-file /tmp/launch_params_hst_k_dn'].
1789492903.7283242 [ERROR] [stuck_recovery-21]: process has died [pid 84651, exit code 1, cmd '/home/ecem/sct_ws/install/leo_image_processing/lib/leo_image_processing/stuck_recovery --ros-args -r __node:=stuck_recovery -r __ns:=/robot_1 --params-file /tmp/launch_params_iwlha7rg --params-file /tmp/launch_params_7dsu_0r_ --params-file /tmp/launch_params_uydsdne2 --params-file /tmp/launch_params_8b028lfp --params-file /tmp/launch_params_eat4f3dq --params-file /tmp/launch_params_udwm31x7 --params-file /tmp/launch_params_deaqgmzq --params-file /tmp/launch_params_cnh30sd0 --params-file /tmp/launch_params_9e4jw53q --params-file /tmp/launch_params_3fk422ip'].
1789492906.5774891 [ERROR] [ign gazebo-1]: process[ign gazebo-1] failed to terminate '5' seconds after receiving 'SIGINT', escalating to 'SIGTERM'
1789492906.5817547 [INFO] [ign gazebo-1]: sending signal 'SIGTERM' to process[ign gazebo-1]
1789492906.5822039 [ERROR] [ign gazebo-1]: process has died [pid 84317, exit code -15, cmd 'ruby /usr/bin/ign gazebo /tmp/leo_delivery_no_overhead_camera_7my0b4i5.sdf -s --headless-rendering -r -z 200 --force-version 6'].
1789492906.5824392 [INFO] [launch]: process[ign gazebo-1] was required: shutting down launched system
