[INFO] [1789488504.561368719] [robot_1.robot_supervisor]: Loaded initial mission 'balanced_delivery' from explicit YAML supervisor.yaml
[INFO] [1789488504.729429686] [robot_1.robot_supervisor]: Selected controllable event: EV_search_object
[INFO] [1789488504.954458576] [robot_1.robot_supervisor]: Selected controllable event: EV_search_object
[INFO] [1789488505.131720654] [robot_1.robot_supervisor]: Selected controllable event: EV_move_forward
[INFO] [1789488505.417110927] [robot_1.robot_supervisor]: Selected controllable event: EV_search_object
[INFO] [1789488505.642403802] [robot_1.robot_supervisor]: Selected controllable event: EV_move_forward
[INFO] [1789488505.928354443] [robot_1.robot_supervisor]: Selected controllable event: EV_search_object
[INFO] [1789488506.123169400] [robot_1.robot_supervisor]: Selected controllable event: EV_search_object
[INFO] [1789488506.316344560] [robot_1.robot_supervisor]: Selected controllable event: EV_search_object
[INFO] [1789488506.516438144] [robot_1.robot_supervisor]: Selected controllable event: EV_search_object
[INFO] [1789488506.714834510] [robot_1.robot_supervisor]: Selected controllable event: EV_move_forward
[INFO] [1789488507.014936423] [robot_1.robot_supervisor]: Selected controllable event: EV_move_forward
[INFO] [1789488507.314825962] [robot_1.robot_supervisor]: Selected controllable event: EV_search_object
[INFO] [1789488507.517201082] [robot_1.robot_supervisor]: Selected controllable event: EV_search_object
[INFO] [1789488507.714846990] [robot_1.robot_supervisor]: Selected controllable event: EV_search_object
[INFO] [1789488507.914858366] [robot_1.robot_supervisor]: Selected controllable event: EV_move_forward
[INFO] [1789488508.214835051] [robot_1.robot_supervisor]: Selected controllable event: EV_search_object
[INFO] [1789488508.414814374] [robot_1.robot_supervisor]: Selected controllable event: EV_move_forward
[INFO] [1789488508.620642811] [robot_1.robot_supervisor]: Selected controllable event: EV_move_forward
[INFO] [1789488508.915540504] [robot_1.robot_supervisor]: Selected controllable event: EV_search_object
[INFO] [1789488509.116086677] [robot_1.robot_supervisor]: Selected controllable event: EV_search_object
[INFO] [1789488509.314875034] [robot_1.robot_supervisor]: Selected controllable event: EV_search_object
[INFO] [1789488509.417294810] [robot_1.robot_supervisor]: Selected controllable event: EV_move_forward
[INFO] [1789488509.715751604] [robot_1.robot_supervisor]: ############################# REACHED: EV_object_reached #############################
[INFO] [1789488509.727684243] [robot_1.robot_supervisor]: Triggered uncontrollable event: EV_obstacle_right
[INFO] [1789488509.728598574] [robot_1.robot_supervisor]: Selected controllable event: EV_u_turn
[INFO] [1789488509.729446786] [robot_1.robot_supervisor]: Starting FULL ROTATE (omega=1.000, have_odom=True, target_rad=3.142, timeout_s=3.500)
[INFO] [1789488513.314578939] [robot_1.robot_supervisor]: FULL ROTATE completed by timeout
[INFO] [1789488513.533195859] [robot_1.robot_supervisor]: ############################# REACHED: EV_object_reached #############################
[INFO] [1789488513.533865290] [robot_1.robot_supervisor]: Triggered uncontrollable event: EV_obstacle_left
[INFO] [1789488513.545115393] [robot_1.robot_supervisor]: Selected controllable event: EV_pick_up_object
[INFO] [1789488513.563672951] [robot_1.robot_supervisor]: Cargo 'robot_1_carried_generic_box' placed on robot.
[INFO] [1789488513.850048851] [robot_1.robot_supervisor]: Triggered uncontrollable event: EV_obstacle_left
[INFO] [1789488513.850898127] [robot_1.robot_supervisor]: Selected controllable event: EV_u_turn
[INFO] [1789488513.934984191] [robot_1.robot_supervisor]: Triggered uncontrollable event: EV_zone_a_visible
[INFO] [1789488513.942648681] [robot_1.robot_supervisor]: Selected controllable event: EV_approach_zone
[INFO] [1789488514.221104397] [robot_1.robot_supervisor]: Triggered uncontrollable event: EV_zone_b_not_visible
[INFO] [1789488514.229494530] [robot_1.robot_supervisor]: Selected controllable event: EV_move_forward
[INFO] [1789488514.431152778] [robot_1.robot_supervisor]: Selected controllable event: EV_move_forward
[INFO] [1789488514.642883415] [robot_1.robot_supervisor]: Selected controllable event: EV_approach_zone
[INFO] [1789488514.940480046] [robot_1.robot_supervisor]: Triggered uncontrollable event: EV_zone_a_visible
[INFO] [1789488514.941250883] [robot_1.robot_supervisor]: Triggered uncontrollable event: EV_zone_b_not_visible
[INFO] [1789488514.942165761] [robot_1.robot_supervisor]: Selected controllable event: EV_approach_zone
[INFO] [1789488515.228742912] [robot_1.robot_supervisor]: Selected controllable event: EV_move_forward
[INFO] [1789488515.454528431] [robot_1.robot_supervisor]: Selected controllable event: EV_approach_zone
[INFO] [1789488515.731765774] [robot_1.robot_supervisor]: Triggered uncontrollable event: EV_zone_a_visible
[INFO] [1789488515.740035882] [robot_1.robot_supervisor]: Triggered uncontrollable event: EV_zone_b_not_visible
[INFO] [1789488515.740903692] [robot_1.robot_supervisor]: Selected controllable event: EV_approach_zone
[INFO] [1789488516.036240553] [robot_1.robot_supervisor]: Selected controllable event: EV_move_forward
[INFO] [1789488516.343943182] [robot_1.robot_supervisor]: Selected controllable event: EV_approach_zone
[INFO] [1789488516.620284040] [robot_1.robot_supervisor]: Triggered uncontrollable event: EV_zone_a_not_visible
[INFO] [1789488516.621002935] [robot_1.robot_supervisor]: Triggered uncontrollable event: EV_zone_b_not_visible
[INFO] [1789488516.621845169] [robot_1.robot_supervisor]: Selected controllable event: EV_search_zone
[INFO] [1789488516.816800648] [robot_1.robot_supervisor]: Selected controllable event: EV_search_zone
[INFO] [1789488516.950802822] [robot_1.robot_supervisor]: Selected controllable event: EV_move_forward
[INFO] [1789488517.226760358] [robot_1.robot_supervisor]: Triggered uncontrollable event: EV_zone_a_not_visible
[INFO] [1789488517.247720951] [robot_1.robot_supervisor]: Selected controllable event: EV_search_zone
[INFO] [1789488517.448958522] [robot_1.robot_supervisor]: Triggered uncontrollable event: EV_zone_b_not_visible
[INFO] [1789488517.450001691] [robot_1.robot_supervisor]: Selected controllable event: EV_move_forward
[INFO] [1789488517.729630531] [robot_1.robot_supervisor]: Selected controllable event: EV_move_forward
[INFO] [1789488518.051571511] [robot_1.robot_supervisor]: Triggered uncontrollable event: EV_zone_a_not_visible
[INFO] [1789488518.061933328] [robot_1.robot_supervisor]: Triggered uncontrollable event: EV_zone_b_not_visible
[INFO] [1789488518.068164460] [robot_1.robot_supervisor]: Selected controllable event: EV_search_zone
[INFO] [1789488518.238254860] [robot_1.robot_supervisor]: Selected controllable event: EV_search_zone
[INFO] [1789488518.433193354] [robot_1.robot_supervisor]: Selected controllable event: EV_move_forward
[INFO] [1789488518.652249468] [robot_1.robot_supervisor]: Selected controllable event: EV_move_forward
[INFO] [1789488518.858692034] [robot_1.robot_supervisor]: Triggered uncontrollable event: EV_zone_a_visible
[INFO] [1789488518.873459522] [robot_1.robot_supervisor]: Selected controllable event: EV_move_forward
[INFO] [1789488519.125797543] [robot_1.robot_supervisor]: Triggered uncontrollable event: EV_zone_b_not_visible
[INFO] [1789488519.126677973] [robot_1.robot_supervisor]: Selected controllable event: EV_move_forward
[INFO] [1789488519.433543478] [robot_1.robot_supervisor]: Selected controllable event: EV_move_forward
[INFO] [1789488519.745006258] [robot_1.robot_supervisor]: Triggered uncontrollable event: EV_zone_a_visible
[INFO] [1789488519.757744598] [robot_1.robot_supervisor]: Triggered uncontrollable event: EV_zone_b_not_visible
[INFO] [1789488519.762262416] [robot_1.robot_supervisor]: Selected controllable event: EV_approach_zone
[INFO] [1789488520.044626803] [robot_1.robot_supervisor]: Selected controllable event: EV_move_forward
[INFO] [1789488520.364335580] [robot_1.robot_supervisor]: Selected controllable event: EV_move_forward
[INFO] [1789488520.656483316] [robot_1.robot_supervisor]: Triggered uncontrollable event: EV_zone_a_visible
[INFO] [1789488520.657324166] [robot_1.robot_supervisor]: Triggered uncontrollable event: EV_zone_b_not_visible
[INFO] [1789488520.687584301] [robot_1.robot_supervisor]: Selected controllable event: EV_move_forward
[INFO] [1789488520.925498492] [robot_1.robot_supervisor]: Selected controllable event: EV_approach_zone
[INFO] [1789488521.160786013] [robot_1.robot_supervisor]: Selected controllable event: EV_move_forward
[INFO] [1789488521.426026783] [robot_1.robot_supervisor]: Triggered uncontrollable event: EV_obstacle_right
[INFO] [1789488521.426818447] [robot_1.robot_supervisor]: Triggered uncontrollable event: EV_zone_a_reached
[INFO] [1789488521.445893001] [robot_1.robot_supervisor]: Selected controllable event: EV_u_turn
[INFO] [1789488521.446784862] [robot_1.robot_supervisor]: Starting FULL ROTATE (omega=1.000, have_odom=True, target_rad=3.142, timeout_s=3.500)
[INFO] [1789488525.051455828] [robot_1.robot_supervisor]: FULL ROTATE completed by timeout
[INFO] [1789488525.254343742] [robot_1.robot_supervisor]: Triggered uncontrollable event: EV_obstacle_right
[INFO] [1789488525.255053808] [robot_1.robot_supervisor]: Triggered uncontrollable event: EV_zone_b_not_visible
[INFO] [1789488525.255641354] [robot_1.robot_supervisor]: Triggered uncontrollable event: EV_zone_a_reached
[INFO] [1789488525.272073644] [robot_1.robot_supervisor]: Selected controllable event: EV_u_turn
[INFO] [1789488525.348353188] [robot_1.robot_supervisor]: DELIVERED zone_a; balance=zone_a_has_extra
[INFO] [1789488525.349026245] [robot_1.robot_supervisor]: Triggered uncontrollable event: EV_obstacle_right
[INFO] [1789488525.357993486] [robot_1.robot_supervisor]: Selected controllable event: EV_drop_zone_a
[INFO] [1789488525.429674666] [robot_1.robot_supervisor]: Delivered cargo 'robot_1_carried_generic_box' removed.
[INFO] [1789488525.441323790] [robot_1.robot_supervisor]: Selected controllable event: EV_search_object
[INFO] [1789488525.621489055] [robot_1.robot_supervisor]: ############################# REACHED: EV_object_reached #############################
[INFO] [1789488525.631484597] [robot_1.robot_supervisor]: Selected controllable event: EV_move_forward
[INFO] [1789488525.922540182] [robot_1.robot_supervisor]: Selected controllable event: EV_publish_delivered_zone_a
[INFO] [1789488526.016710388] [robot_1.robot_supervisor]: Selected controllable event: EV_move_forward
[INFO] [1789488526.342876248] [robot_1.robot_supervisor]: ############################# REACHED: EV_object_reached #############################
[INFO] [1789488526.351026415] [robot_1.robot_supervisor]: Selected controllable event: EV_pick_up_object
[INFO] [1789488526.383414704] [robot_1.robot_supervisor]: Cargo 'robot_1_carried_generic_box' placed on robot.
[INFO] [1789488526.638179902] [robot_1.robot_supervisor]: Selected controllable event: EV_move_forward
[INFO] [1789488526.962980364] [robot_1.robot_supervisor]: Triggered uncontrollable event: EV_zone_a_reached
[INFO] [1789488526.963882334] [robot_1.robot_supervisor]: Selected controllable event: EV_move_forward
[INFO] [1789488527.236107944] [robot_1.robot_supervisor]: Triggered uncontrollable event: EV_zone_b_not_visible
[INFO] [1789488527.251023878] [robot_1.robot_supervisor]: Selected controllable event: EV_search_zone
[INFO] [1789488527.441897988] [robot_1.robot_supervisor]: Selected controllable event: EV_search_zone
[INFO] [1789488527.645756932] [robot_1.robot_supervisor]: Selected controllable event: EV_search_zone
[INFO] [1789488527.824324131] [robot_1.robot_supervisor]: Triggered uncontrollable event: EV_zone_a_not_visible
[INFO] [1789488527.832464465] [robot_1.robot_supervisor]: Triggered uncontrollable event: EV_zone_b_not_visible
[INFO] [1789488527.842966719] [robot_1.robot_supervisor]: Selected controllable event: EV_move_forward
[INFO] [1789488528.140946043] [robot_1.robot_supervisor]: Selected controllable event: EV_search_zone
[INFO] [1789488528.326219742] [robot_1.robot_supervisor]: Selected controllable event: EV_search_zone
[INFO] [1789488528.528461889] [robot_1.robot_supervisor]: Selected controllable event: EV_search_zone
[INFO] [1789488528.644632939] [robot_1.robot_supervisor]: Selected controllable event: EV_move_forward
[INFO] [1789488528.922627257] [robot_1.robot_supervisor]: Triggered uncontrollable event: EV_zone_a_not_visible
[INFO] [1789488528.927733449] [robot_1.robot_supervisor]: Triggered uncontrollable event: EV_zone_b_not_visible
[INFO] [1789488528.938251589] [robot_1.robot_supervisor]: Selected controllable event: EV_move_forward
[INFO] [1789488529.217538463] [robot_1.robot_supervisor]: Selected controllable event: EV_move_forward
[INFO] [1789488529.426457215] [robot_1.robot_supervisor]: Selected controllable event: EV_move_forward
[INFO] [1789488529.639482995] [robot_1.robot_supervisor]: Triggered uncontrollable event: EV_zone_a_not_visible
[INFO] [1789488529.645868014] [robot_1.robot_supervisor]: Triggered uncontrollable event: EV_obstacle_right
[INFO] [1789488529.646614164] [robot_1.robot_supervisor]: Triggered uncontrollable event: EV_zone_b_not_visible
[INFO] [1789488529.652604473] [robot_1.robot_supervisor]: Selected controllable event: EV_rotate_counterclockwise
[INFO] [1789488529.835015554] [robot_1.robot_supervisor]: Triggered uncontrollable event: EV_obstacle_right
[INFO] [1789488529.835913679] [robot_1.robot_supervisor]: Selected controllable event: EV_u_turn
[INFO] [1789488529.836734831] [robot_1.robot_supervisor]: Starting FULL ROTATE (omega=1.000, have_odom=True, target_rad=3.142, timeout_s=3.500)
[INFO] [1789488533.440644167] [robot_1.robot_supervisor]: FULL ROTATE completed by timeout
[INFO] [1789488533.734670598] [robot_1.robot_supervisor]: Triggered uncontrollable event: EV_zone_b_visible
[INFO] [1789488533.735271826] [robot_1.robot_supervisor]: Triggered uncontrollable event: EV_zone_a_not_visible
[INFO] [1789488533.736057714] [robot_1.robot_supervisor]: Selected controllable event: EV_approach_zone
[INFO] [1789488534.022508306] [robot_1.robot_supervisor]: Selected controllable event: EV_approach_zone
[INFO] [1789488534.324026506] [robot_1.robot_supervisor]: Triggered uncontrollable event: EV_zone_b_visible
[INFO] [1789488534.324662454] [robot_1.robot_supervisor]: Triggered uncontrollable event: EV_zone_a_not_visible
[INFO] [1789488534.332763718] [robot_1.robot_supervisor]: Selected controllable event: EV_move_forward
[INFO] [1789488534.541428420] [robot_1.robot_supervisor]: Selected controllable event: EV_approach_zone
[INFO] [1789488534.857662016] [robot_1.robot_supervisor]: Triggered uncontrollable event: EV_zone_b_visible
[INFO] [1789488534.858262998] [robot_1.robot_supervisor]: Triggered uncontrollable event: EV_zone_a_not_visible
[INFO] [1789488534.873453675] [robot_1.robot_supervisor]: Selected controllable event: EV_move_forward
[INFO] [1789488535.142141939] [robot_1.robot_supervisor]: Selected controllable event: EV_move_forward
[INFO] [1789488535.420956916] [robot_1.robot_supervisor]: Selected controllable event: EV_move_forward
[INFO] [1789488535.642699178] [robot_1.robot_supervisor]: Triggered uncontrollable event: EV_zone_b_visible
[INFO] [1789488535.643366541] [robot_1.robot_supervisor]: Triggered uncontrollable event: EV_zone_a_not_visible
[INFO] [1789488535.652188542] [robot_1.robot_supervisor]: Selected controllable event: EV_move_forward
[INFO] [1789488535.948746444] [robot_1.robot_supervisor]: Selected controllable event: EV_approach_zone
[INFO] [1789488536.235665574] [robot_1.robot_supervisor]: Selected controllable event: EV_move_forward
[INFO] [1789488536.535222705] [robot_1.robot_supervisor]: Triggered uncontrollable event: EV_zone_b_visible
[INFO] [1789488536.543953635] [robot_1.robot_supervisor]: Triggered uncontrollable event: EV_zone_a_not_visible
[INFO] [1789488536.547423017] [robot_1.robot_supervisor]: Selected controllable event: EV_move_forward
[INFO] [1789488536.849401840] [robot_1.robot_supervisor]: Selected controllable event: EV_approach_zone
[INFO] [1789488537.147054024] [robot_1.robot_supervisor]: Triggered uncontrollable event: EV_zone_b_visible
[INFO] [1789488537.147743166] [robot_1.robot_supervisor]: Triggered uncontrollable event: EV_zone_a_not_visible
[INFO] [1789488537.148623346] [robot_1.robot_supervisor]: Selected controllable event: EV_approach_zone
[INFO] [1789488537.430287511] [robot_1.robot_supervisor]: Selected controllable event: EV_move_forward
[INFO] [1789488537.636934299] [robot_1.robot_supervisor]: Selected controllable event: EV_move_forward
[INFO] [1789488537.920907275] [robot_1.robot_supervisor]: Triggered uncontrollable event: EV_zone_b_visible
[INFO] [1789488537.921613374] [robot_1.robot_supervisor]: Triggered uncontrollable event: EV_zone_a_not_visible
[INFO] [1789488537.922552194] [robot_1.robot_supervisor]: Selected controllable event: EV_move_forward
[INFO] [1789488538.132134452] [robot_1.robot_supervisor]: Selected controllable event: EV_approach_zone
[INFO] [1789488538.420642920] [robot_1.robot_supervisor]: Selected controllable event: EV_approach_zone
[INFO] [1789488538.627083263] [robot_1.robot_supervisor]: Triggered uncontrollable event: EV_zone_b_visible
[INFO] [1789488538.643414403] [robot_1.robot_supervisor]: Triggered uncontrollable event: EV_zone_a_not_visible
[INFO] [1789488538.645940074] [robot_1.robot_supervisor]: Selected controllable event: EV_approach_zone
[INFO] [1789488538.928904792] [robot_1.robot_supervisor]: Selected controllable event: EV_move_forward
[INFO] [1789488539.148692996] [robot_1.robot_supervisor]: Selected controllable event: EV_approach_zone
[INFO] [1789488539.435118592] [robot_1.robot_supervisor]: Triggered uncontrollable event: EV_zone_a_not_visible
[INFO] [1789488539.436005968] [robot_1.robot_supervisor]: Selected controllable event: EV_move_forward
[INFO] [1789488539.742249140] [robot_1.robot_supervisor]: Triggered uncontrollable event: EV_zone_b_visible
[INFO] [1789488539.761478508] [robot_1.robot_supervisor]: Selected controllable event: EV_approach_zone
[INFO] [1789488540.049257271] [robot_1.robot_supervisor]: Selected controllable event: EV_approach_zone
[INFO] [1789488540.265241301] [robot_1.robot_supervisor]: Selected controllable event: EV_move_forward
[INFO] [1789488540.541155453] [robot_1.robot_supervisor]: Triggered uncontrollable event: EV_zone_b_visible
[INFO] [1789488540.547737744] [robot_1.robot_supervisor]: Triggered uncontrollable event: EV_zone_a_not_visible
[INFO] [1789488540.559901941] [robot_1.robot_supervisor]: Selected controllable event: EV_move_forward
[INFO] [1789488540.840003790] [robot_1.robot_supervisor]: Selected controllable event: EV_move_forward
[INFO] [1789488541.150148415] [robot_1.robot_supervisor]: Triggered uncontrollable event: EV_zone_b_visible
[INFO] [1789488541.153546615] [robot_1.robot_supervisor]: Triggered uncontrollable event: EV_zone_a_not_visible
[INFO] [1789488541.161130581] [robot_1.robot_supervisor]: Selected controllable event: EV_approach_zone
[INFO] [1789488541.431666801] [robot_1.robot_supervisor]: Selected controllable event: EV_move_forward
[INFO] [1789488541.645401502] [robot_1.robot_supervisor]: Selected controllable event: EV_approach_zone
[INFO] [1789488541.948264650] [robot_1.robot_supervisor]: Triggered uncontrollable event: EV_zone_a_not_visible
[INFO] [1789488541.949193281] [robot_1.robot_supervisor]: Selected controllable event: EV_move_forward
[INFO] [1789488542.231022353] [robot_1.robot_supervisor]: Triggered uncontrollable event: EV_zone_b_visible
[INFO] [1789488542.242280793] [robot_1.robot_supervisor]: Selected controllable event: EV_move_forward
[INFO] [1789488542.528470036] [robot_1.robot_supervisor]: Selected controllable event: EV_approach_zone
[INFO] [1789488542.844971153] [robot_1.robot_supervisor]: Triggered uncontrollable event: EV_zone_b_visible
[INFO] [1789488542.849873383] [robot_1.robot_supervisor]: Triggered uncontrollable event: EV_zone_a_not_visible
[INFO] [1789488542.855296037] [robot_1.robot_supervisor]: Selected controllable event: EV_approach_zone
[INFO] [1789488543.137066893] [robot_1.robot_supervisor]: Selected controllable event: EV_approach_zone
[INFO] [1789488543.438604274] [robot_1.robot_supervisor]: Selected controllable event: EV_move_forward
[INFO] [1789488543.733142745] [robot_1.robot_supervisor]: Triggered uncontrollable event: EV_zone_b_visible
[INFO] [1789488543.747464701] [robot_1.robot_supervisor]: Triggered uncontrollable event: EV_zone_a_not_visible
[INFO] [1789488543.755240584] [robot_1.robot_supervisor]: Selected controllable event: EV_move_forward
[INFO] [1789488544.032724403] [robot_1.robot_supervisor]: Selected controllable event: EV_approach_zone
[INFO] [1789488544.252261422] [robot_1.robot_supervisor]: Selected controllable event: EV_approach_zone
[INFO] [1789488544.536003869] [robot_1.robot_supervisor]: Triggered uncontrollable event: EV_zone_b_visible
[INFO] [1789488544.536622332] [robot_1.robot_supervisor]: Triggered uncontrollable event: EV_zone_a_not_visible
[INFO] [1789488544.563804332] [robot_1.robot_supervisor]: Selected controllable event: EV_move_forward
[INFO] [1789488544.860499196] [robot_1.robot_supervisor]: Selected controllable event: EV_move_forward
[INFO] [1789488545.135910736] [robot_1.robot_supervisor]: Triggered uncontrollable event: EV_zone_b_visible
[INFO] [1789488545.136714953] [robot_1.robot_supervisor]: Triggered uncontrollable event: EV_zone_a_not_visible
[INFO] [1789488545.137571303] [robot_1.robot_supervisor]: Selected controllable event: EV_move_forward
[INFO] [1789488545.429071004] [robot_1.robot_supervisor]: Selected controllable event: EV_approach_zone
[INFO] [1789488545.726538919] [robot_1.robot_supervisor]: Selected controllable event: EV_approach_zone
[INFO] [1789488545.942454616] [robot_1.robot_supervisor]: Triggered uncontrollable event: EV_zone_a_not_visible
[INFO] [1789488545.943113567] [robot_1.robot_supervisor]: Triggered uncontrollable event: EV_zone_b_reached
[INFO] [1789488545.960740410] [robot_1.robot_supervisor]: Selected controllable event: EV_search_zone
[INFO] [1789488546.119916877] [robot_1.robot_supervisor]: Selected controllable event: EV_move_forward
[INFO] [1789488546.335945509] [robot_1.robot_supervisor]: Selected controllable event: EV_search_zone
[INFO] [1789488546.442914736] [robot_1.robot_supervisor]: Selected controllable event: EV_move_forward
[INFO] [1789488546.727048645] [robot_1.robot_supervisor]: Triggered uncontrollable event: EV_zone_a_not_visible
[INFO] [1789488546.727765218] [robot_1.robot_supervisor]: Triggered uncontrollable event: EV_zone_b_reached
[INFO] [1789488546.741040758] [robot_1.robot_supervisor]: Selected controllable event: EV_search_zone
[INFO] [1789488546.937958574] [robot_1.robot_supervisor]: Selected controllable event: EV_move_forward
[INFO] [1789488547.250297615] [robot_1.robot_supervisor]: Selected controllable event: EV_search_zone
[INFO] [1789488547.437663692] [robot_1.robot_supervisor]: Triggered uncontrollable event: EV_zone_a_not_visible
[INFO] [1789488547.444906495] [robot_1.robot_supervisor]: Triggered uncontrollable event: EV_zone_b_reached
[INFO] [1789488547.449322637] [robot_1.robot_supervisor]: Triggered uncontrollable event: EV_obstacle_front
[INFO] [1789488547.450229196] [robot_1.robot_supervisor]: Selected controllable event: EV_move_backward
[INFO] [1789488547.737951976] [robot_1.robot_supervisor]: Triggered uncontrollable event: EV_obstacle_front
[INFO] [1789488547.750996281] [robot_1.robot_supervisor]: Selected controllable event: EV_rotate_counterclockwise
[INFO] [1789488547.917667244] [robot_1.robot_supervisor]: Triggered uncontrollable event: EV_obstacle_front
[INFO] [1789488547.932591640] [robot_1.robot_supervisor]: Selected controllable event: EV_rotate_counterclockwise
[INFO] [1789488548.150207296] [robot_1.robot_supervisor]: Triggered uncontrollable event: EV_zone_a_not_visible
[INFO] [1789488548.150994926] [robot_1.robot_supervisor]: Triggered uncontrollable event: EV_zone_b_reached
[INFO] [1789488548.151643112] [robot_1.robot_supervisor]: Triggered uncontrollable event: EV_obstacle_front
[INFO] [1789488548.152471344] [robot_1.robot_supervisor]: Selected controllable event: EV_rotate_counterclockwise
[INFO] [1789488548.344801570] [robot_1.robot_supervisor]: Triggered uncontrollable event: EV_obstacle_front
[INFO] [1789488548.345787293] [robot_1.robot_supervisor]: Selected controllable event: EV_move_backward
[INFO] [1789488548.647661325] [robot_1.robot_supervisor]: Triggered uncontrollable event: EV_obstacle_front
[INFO] [1789488548.648687725] [robot_1.robot_supervisor]: Selected controllable event: EV_rotate_counterclockwise
[INFO] [1789488548.828462044] [robot_1.robot_supervisor]: Triggered uncontrollable event: EV_zone_a_not_visible
[INFO] [1789488548.840028956] [robot_1.robot_supervisor]: Triggered uncontrollable event: EV_zone_b_reached
[INFO] [1789488548.849152060] [robot_1.robot_supervisor]: Triggered uncontrollable event: EV_obstacle_front
[INFO] [1789488548.850139105] [robot_1.robot_supervisor]: Selected controllable event: EV_rotate_counterclockwise
[INFO] [1789488549.043117289] [robot_1.robot_supervisor]: Triggered uncontrollable event: EV_obstacle_front
[INFO] [1789488549.059647620] [robot_1.robot_supervisor]: Selected controllable event: EV_move_backward
[INFO] [1789488549.347074868] [robot_1.robot_supervisor]: Triggered uncontrollable event: EV_obstacle_front
[INFO] [1789488549.359385686] [robot_1.robot_supervisor]: Selected controllable event: EV_move_backward
[INFO] [1789488549.658183652] [robot_1.robot_supervisor]: Triggered uncontrollable event: EV_zone_a_not_visible
[INFO] [1789488549.658997446] [robot_1.robot_supervisor]: Triggered uncontrollable event: EV_obstacle_right
[INFO] [1789488549.673041173] [robot_1.robot_supervisor]: Selected controllable event: EV_rotate_counterclockwise
[INFO] [1789488549.817900211] [robot_1.robot_supervisor]: Triggered uncontrollable event: EV_obstacle_right
[INFO] [1789488549.818610213] [robot_1.robot_supervisor]: Triggered uncontrollable event: EV_zone_b_reached
[INFO] [1789488549.843577860] [robot_1.robot_supervisor]: Selected controllable event: EV_u_turn
[INFO] [1789488549.844495675] [robot_1.robot_supervisor]: Starting FULL ROTATE (omega=1.000, have_odom=True, target_rad=3.142, timeout_s=3.500)
[INFO] [1789488553.434870087] [robot_1.robot_supervisor]: FULL ROTATE completed by timeout
[INFO] [1789488553.650082378] [robot_1.robot_supervisor]: Triggered uncontrollable event: EV_zone_a_not_visible
[INFO] [1789488553.650894155] [robot_1.robot_supervisor]: Triggered uncontrollable event: EV_zone_b_reached
[INFO] [1789488553.651753473] [robot_1.robot_supervisor]: Selected controllable event: EV_search_zone
[INFO] [1789488553.851651648] [robot_1.robot_supervisor]: Triggered uncontrollable event: EV_zone_a_not_visible
[INFO] [1789488553.852432830] [robot_1.robot_supervisor]: Triggered uncontrollable event: EV_zone_b_reached
[INFO] [1789488553.864466648] [robot_1.robot_supervisor]: Selected controllable event: EV_search_zone
[INFO] [1789488554.049037824] [robot_1.robot_supervisor]: Selected controllable event: EV_move_forward
[INFO] [1789488554.336382070] [robot_1.robot_supervisor]: Selected controllable event: EV_move_forward
[INFO] [1789488554.626826238] [robot_1.robot_supervisor]: Triggered uncontrollable event: EV_zone_a_visible
[INFO] [1789488554.639867073] [robot_1.robot_supervisor]: Triggered uncontrollable event: EV_zone_b_reached
[INFO] [1789488554.640774375] [robot_1.robot_supervisor]: Selected controllable event: EV_approach_zone
[INFO] [1789488554.931430161] [robot_1.robot_supervisor]: Selected controllable event: EV_approach_zone
[INFO] [1789488555.160094307] [robot_1.robot_supervisor]: Selected controllable event: EV_approach_zone
[INFO] [1789488555.422023836] [robot_1.robot_supervisor]: Triggered uncontrollable event: EV_zone_a_visible
[INFO] [1789488555.435089859] [robot_1.robot_supervisor]: Triggered uncontrollable event: EV_zone_b_reached
[INFO] [1789488555.436087996] [robot_1.robot_supervisor]: Selected controllable event: EV_move_forward
[INFO] [1789488555.718729016] [robot_1.robot_supervisor]: Selected controllable event: EV_move_forward
[INFO] [1789488555.951116824] [robot_1.robot_supervisor]: Selected controllable event: EV_approach_zone
[INFO] [1789488556.220373654] [robot_1.robot_supervisor]: Triggered uncontrollable event: EV_zone_a_visible
[INFO] [1789488556.221081609] [robot_1.robot_supervisor]: Triggered uncontrollable event: EV_zone_b_not_visible
[INFO] [1789488556.240496622] [robot_1.robot_supervisor]: Selected controllable event: EV_approach_zone
[INFO] [1789488556.535025605] [robot_1.robot_supervisor]: Selected controllable event: EV_approach_zone
[INFO] [1789488556.743468981] [robot_1.robot_supervisor]: Selected controllable event: EV_approach_zone
[INFO] [1789488557.035599707] [robot_1.robot_supervisor]: Triggered uncontrollable event: EV_zone_a_visible
[INFO] [1789488557.036236096] [robot_1.robot_supervisor]: Triggered uncontrollable event: EV_zone_b_not_visible
[INFO] [1789488557.037112915] [robot_1.robot_supervisor]: Selected controllable event: EV_approach_zone
[INFO] [1789488557.349154094] [robot_1.robot_supervisor]: Selected controllable event: EV_approach_zone
[INFO] [1789488557.634249950] [robot_1.robot_supervisor]: Triggered uncontrollable event: EV_zone_a_visible
[INFO] [1789488557.643784222] [robot_1.robot_supervisor]: Triggered uncontrollable event: EV_zone_b_not_visible
[INFO] [1789488557.650963450] [robot_1.robot_supervisor]: Selected controllable event: EV_move_forward
[INFO] [1789488557.941785322] [robot_1.robot_supervisor]: Selected controllable event: EV_approach_zone
[INFO] [1789488558.144422060] [robot_1.robot_supervisor]: Selected controllable event: EV_move_forward
[INFO] [1789488558.347412736] [robot_1.robot_supervisor]: Selected controllable event: EV_move_forward
[INFO] [1789488558.638091013] [robot_1.robot_supervisor]: Triggered uncontrollable event: EV_zone_a_visible
[INFO] [1789488558.638738052] [robot_1.robot_supervisor]: Triggered uncontrollable event: EV_zone_b_not_visible
[INFO] [1789488558.649904652] [robot_1.robot_supervisor]: Selected controllable event: EV_move_forward
[INFO] [1789488558.946201805] [robot_1.robot_supervisor]: Selected controllable event: EV_move_forward
[INFO] [1789488559.256096229] [robot_1.robot_supervisor]: Selected controllable event: EV_approach_zone
[INFO] [1789488559.528858412] [robot_1.robot_supervisor]: Triggered uncontrollable event: EV_zone_a_visible
[INFO] [1789488559.529512484] [robot_1.robot_supervisor]: Triggered uncontrollable event: EV_zone_b_not_visible
[INFO] [1789488559.543250655] [robot_1.robot_supervisor]: Selected controllable event: EV_move_forward
[INFO] [1789488559.849297256] [robot_1.robot_supervisor]: Selected controllable event: EV_move_forward
[INFO] [1789488560.131926544] [robot_1.robot_supervisor]: Triggered uncontrollable event: EV_zone_a_visible
[INFO] [1789488560.132570423] [robot_1.robot_supervisor]: Triggered uncontrollable event: EV_zone_b_not_visible
[INFO] [1789488560.142515697] [robot_1.robot_supervisor]: Selected controllable event: EV_approach_zone
[INFO] [1789488560.432595223] [robot_1.robot_supervisor]: Selected controllable event: EV_move_forward
[INFO] [1789488560.660147207] [robot_1.robot_supervisor]: Selected controllable event: EV_approach_zone
[INFO] [1789488560.939259585] [robot_1.robot_supervisor]: Triggered uncontrollable event: EV_zone_a_visible
[INFO] [1789488560.951022785] [robot_1.robot_supervisor]: Triggered uncontrollable event: EV_zone_b_not_visible
[INFO] [1789488560.951994276] [robot_1.robot_supervisor]: Selected controllable event: EV_move_forward
[INFO] [1789488561.244910563] [robot_1.robot_supervisor]: Selected controllable event: EV_approach_zone
[INFO] [1789488561.544173008] [robot_1.robot_supervisor]: Triggered uncontrollable event: EV_zone_a_visible
[INFO] [1789488561.549455253] [robot_1.robot_supervisor]: Selected controllable event: EV_approach_zone
[INFO] [1789488561.823587802] [robot_1.robot_supervisor]: Triggered uncontrollable event: EV_zone_b_not_visible
[INFO] [1789488561.824390338] [robot_1.robot_supervisor]: Selected controllable event: EV_approach_zone
[INFO] [1789488562.038680657] [robot_1.robot_supervisor]: Selected controllable event: EV_move_forward
[INFO] [1789488562.344572220] [robot_1.robot_supervisor]: Triggered uncontrollable event: EV_zone_a_visible
[INFO] [1789488562.345259416] [robot_1.robot_supervisor]: Triggered uncontrollable event: EV_zone_b_not_visible
[INFO] [1789488562.366204858] [robot_1.robot_supervisor]: Selected controllable event: EV_move_forward
[INFO] [1789488562.644086344] [robot_1.robot_supervisor]: Selected controllable event: EV_move_forward
[INFO] [1789488562.955483483] [robot_1.robot_supervisor]: Selected controllable event: EV_approach_zone
[INFO] [1789488563.232309499] [robot_1.robot_supervisor]: Triggered uncontrollable event: EV_zone_a_visible
[INFO] [1789488563.233099235] [robot_1.robot_supervisor]: Triggered uncontrollable event: EV_obstacle_left
[INFO] [1789488563.233838549] [robot_1.robot_supervisor]: Triggered uncontrollable event: EV_zone_b_not_visible
[INFO] [1789488563.234674667] [robot_1.robot_supervisor]: Selected controllable event: EV_rotate_clockwise
[INFO] [1789488563.347553289] [robot_1.robot_supervisor]: Triggered uncontrollable event: EV_obstacle_left
[INFO] [1789488563.348460581] [robot_1.robot_supervisor]: Selected controllable event: EV_rotate_clockwise
[INFO] [1789488563.543644435] [robot_1.robot_supervisor]: Triggered uncontrollable event: EV_obstacle_left
[INFO] [1789488563.547062635] [robot_1.robot_supervisor]: Selected controllable event: EV_rotate_clockwise
[INFO] [1789488563.748451563] [robot_1.robot_supervisor]: Triggered uncontrollable event: EV_obstacle_left
[INFO] [1789488563.749313417] [robot_1.robot_supervisor]: Selected controllable event: EV_u_turn
[INFO] [1789488563.775337945] [robot_1.robot_supervisor]: Starting FULL ROTATE (omega=1.000, have_odom=True, target_rad=3.142, timeout_s=3.500)
[INFO] [1789488567.326356979] [robot_1.robot_supervisor]: FULL ROTATE completed by timeout
[INFO] [1789488567.541200527] [robot_1.robot_supervisor]: Triggered uncontrollable event: EV_zone_a_visible
[INFO] [1789488567.541927515] [robot_1.robot_supervisor]: Triggered uncontrollable event: EV_obstacle_right
[INFO] [1789488567.542514314] [robot_1.robot_supervisor]: Triggered uncontrollable event: EV_zone_b_not_visible
[INFO] [1789488567.543213859] [robot_1.robot_supervisor]: Selected controllable event: EV_rotate_counterclockwise
[WARN] [1789488567.544072896] [robot_1.robot_supervisor]: no translation for 4.3s livelock detected; starting atomic escape (turn_sign=+1)
[INFO] [1789488570.143226042] [robot_1.robot_supervisor]: Zone-livelock escape completed
[INFO] [1789488570.369077777] [robot_1.robot_supervisor]: Triggered uncontrollable event: EV_zone_a_visible
[INFO] [1789488570.369764766] [robot_1.robot_supervisor]: Triggered uncontrollable event: EV_zone_b_not_visible
[INFO] [1789488570.374612035] [robot_1.robot_supervisor]: Selected controllable event: EV_approach_zone
[INFO] [1789488570.619105204] [robot_1.robot_supervisor]: Selected controllable event: EV_approach_zone
[INFO] [1789488570.843972849] [robot_1.robot_supervisor]: Triggered uncontrollable event: EV_zone_a_not_visible
[INFO] [1789488570.846631082] [robot_1.robot_supervisor]: Triggered uncontrollable event: EV_zone_b_not_visible
[INFO] [1789488570.857815594] [robot_1.robot_supervisor]: Selected controllable event: EV_move_forward
[INFO] [1789488571.137944701] [robot_1.robot_supervisor]: Selected controllable event: EV_search_zone
[INFO] [1789488571.323270331] [robot_1.robot_supervisor]: Selected controllable event: EV_move_forward
[INFO] [1789488571.646204290] [robot_1.robot_supervisor]: Triggered uncontrollable event: EV_zone_b_visible
[INFO] [1789488571.654110028] [robot_1.robot_supervisor]: Triggered uncontrollable event: EV_zone_a_not_visible
[INFO] [1789488571.662957169] [robot_1.robot_supervisor]: Selected controllable event: EV_approach_zone
[INFO] [1789488571.935392747] [robot_1.robot_supervisor]: Selected controllable event: EV_move_forward
[INFO] [1789488572.137749277] [robot_1.robot_supervisor]: Selected controllable event: EV_move_forward
[INFO] [1789488572.423007788] [robot_1.robot_supervisor]: Triggered uncontrollable event: EV_zone_b_visible
[INFO] [1789488572.429145599] [robot_1.robot_supervisor]: Triggered uncontrollable event: EV_zone_a_not_visible
[INFO] [1789488572.435872278] [robot_1.robot_supervisor]: Selected controllable event: EV_move_forward
[INFO] [1789488572.730388555] [robot_1.robot_supervisor]: Selected controllable event: EV_move_forward
[INFO] [1789488573.054662757] [robot_1.robot_supervisor]: Selected controllable event: EV_approach_zone
[INFO] [1789488573.334281512] [robot_1.robot_supervisor]: Triggered uncontrollable event: EV_zone_b_visible
[INFO] [1789488573.347599261] [robot_1.robot_supervisor]: Triggered uncontrollable event: EV_zone_a_not_visible
[INFO] [1789488573.351897358] [robot_1.robot_supervisor]: Selected controllable event: EV_move_forward
[INFO] [1789488573.640715482] [robot_1.robot_supervisor]: Selected controllable event: EV_approach_zone
[INFO] [1789488573.918754295] [robot_1.robot_supervisor]: Triggered uncontrollable event: EV_zone_a_not_visible
[INFO] [1789488573.919669866] [robot_1.robot_supervisor]: Selected controllable event: EV_approach_zone
[INFO] [1789488574.128718711] [robot_1.robot_supervisor]: Triggered uncontrollable event: EV_zone_b_visible
[INFO] [1789488574.135787273] [robot_1.robot_supervisor]: Selected controllable event: EV_approach_zone
[INFO] [1789488574.428476544] [robot_1.robot_supervisor]: Selected controllable event: EV_approach_zone
[INFO] [1789488574.662175736] [robot_1.robot_supervisor]: Selected controllable event: EV_move_forward
[INFO] [1789488574.935253155] [robot_1.robot_supervisor]: Triggered uncontrollable event: EV_zone_b_visible
[INFO] [1789488574.939393490] [robot_1.robot_supervisor]: Triggered uncontrollable event: EV_zone_a_not_visible
[INFO] [1789488574.947685565] [robot_1.robot_supervisor]: Selected controllable event: EV_approach_zone
[INFO] [1789488575.236253454] [robot_1.robot_supervisor]: Selected controllable event: EV_move_forward
[INFO] [1789488575.535510514] [robot_1.robot_supervisor]: Triggered uncontrollable event: EV_zone_a_not_visible
[INFO] [1789488575.547559292] [robot_1.robot_supervisor]: Selected controllable event: EV_move_forward
[INFO] [1789488575.846093941] [robot_1.robot_supervisor]: Triggered uncontrollable event: EV_zone_b_visible
[INFO] [1789488575.849216137] [robot_1.robot_supervisor]: Selected controllable event: EV_move_forward
[INFO] [1789488576.126064931] [robot_1.robot_supervisor]: Selected controllable event: EV_approach_zone
[INFO] [1789488576.434344556] [robot_1.robot_supervisor]: Triggered uncontrollable event: EV_zone_b_visible
[INFO] [1789488576.453691824] [robot_1.robot_supervisor]: Triggered uncontrollable event: EV_zone_a_not_visible
[INFO] [1789488576.454649023] [robot_1.robot_supervisor]: Selected controllable event: EV_move_forward
[INFO] [1789488576.742903318] [robot_1.robot_supervisor]: Selected controllable event: EV_move_forward
[INFO] [1789488577.020461757] [robot_1.robot_supervisor]: Selected controllable event: EV_approach_zone
[INFO] [1789488577.332731213] [robot_1.robot_supervisor]: Selected controllable event: EV_move_forward
[INFO] [1789488577.639457970] [robot_1.robot_supervisor]: Triggered uncontrollable event: EV_zone_b_visible
[INFO] [1789488577.640166485] [robot_1.robot_supervisor]: Triggered uncontrollable event: EV_zone_a_not_visible
[INFO] [1789488577.647631505] [robot_1.robot_supervisor]: Selected controllable event: EV_approach_zone
[INFO] [1789488577.968096442] [robot_1.robot_supervisor]: Selected controllable event: EV_move_forward
[INFO] [1789488578.230763268] [robot_1.robot_supervisor]: Triggered uncontrollable event: EV_zone_b_visible
[INFO] [1789488578.238545031] [robot_1.robot_supervisor]: Triggered uncontrollable event: EV_zone_a_not_visible
[INFO] [1789488578.239459991] [robot_1.robot_supervisor]: Selected controllable event: EV_move_forward
[INFO] [1789488578.545626831] [robot_1.robot_supervisor]: Selected controllable event: EV_move_forward
[INFO] [1789488578.747904813] [robot_1.robot_supervisor]: Selected controllable event: EV_approach_zone
[INFO] [1789488579.037494310] [robot_1.robot_supervisor]: Triggered uncontrollable event: EV_zone_a_not_visible
[INFO] [1789488579.039458530] [robot_1.robot_supervisor]: Triggered uncontrollable event: EV_zone_b_reached
[INFO] [1789488579.049844142] [robot_1.robot_supervisor]: Selected controllable event: EV_move_forward
[INFO] [1789488579.355707699] [robot_1.robot_supervisor]: DELIVERED zone_b; balance=equal
[INFO] [1789488579.363694162] [robot_1.robot_supervisor]: Selected controllable event: EV_drop_zone_b
[INFO] [1789488579.414794972] [robot_1.robot_supervisor]: Delivered cargo 'robot_1_carried_generic_box' removed.
[INFO] [1789488579.422111713] [robot_1.robot_supervisor]: Selected controllable event: EV_publish_delivered_zone_b
[INFO] [1789488579.551896832] [robot_1.robot_supervisor]: Selected controllable event: EV_move_forward
[INFO] [1789488579.840211123] [robot_1.robot_supervisor]: Selected controllable event: EV_move_forward
[INFO] [1789488580.141822622] [robot_1.robot_supervisor]: Selected controllable event: EV_move_forward
[INFO] [1789488580.439717085] [robot_1.robot_supervisor]: Selected controllable event: EV_search_object
[INFO] [1789488580.540973544] [robot_1.robot_supervisor]: Triggered uncontrollable event: EV_obstacle_front
[INFO] [1789488580.543448983] [robot_1.robot_supervisor]: Selected controllable event: EV_move_backward
[INFO] [1789488580.839780629] [robot_1.robot_supervisor]: Triggered uncontrollable event: EV_obstacle_front
[INFO] [1789488580.840762716] [robot_1.robot_supervisor]: Selected controllable event: EV_rotate_counterclockwise
[INFO] [1789488581.030372902] [robot_1.robot_supervisor]: Triggered uncontrollable event: EV_obstacle_front
[INFO] [1789488581.031255602] [robot_1.robot_supervisor]: Selected controllable event: EV_move_backward
[INFO] [1789488581.362140368] [robot_1.robot_supervisor]: Triggered uncontrollable event: EV_obstacle_front
[INFO] [1789488581.363037628] [robot_1.robot_supervisor]: Selected controllable event: EV_rotate_clockwise
[INFO] [1789488581.525529336] [robot_1.robot_supervisor]: Triggered uncontrollable event: EV_obstacle_front
[INFO] [1789488581.541569780] [robot_1.robot_supervisor]: Selected controllable event: EV_rotate_counterclockwise
[INFO] [1789488581.737588708] [robot_1.robot_supervisor]: Triggered uncontrollable event: EV_obstacle_front
[INFO] [1789488581.753476487] [robot_1.robot_supervisor]: Selected controllable event: EV_rotate_clockwise
[WARN] [1789488581.754298190] [robot_1.robot_supervisor]: alternating turn command (displacement_m=0.019) livelock detected; starting atomic escape (turn_sign=-1)
[INFO] [1789488584.252705867] [robot_1.robot_supervisor]: Zone-livelock escape completed
[INFO] [1789488584.550815174] [robot_1.robot_supervisor]: Triggered uncontrollable event: EV_obstacle_left
[INFO] [1789488584.559737445] [robot_1.robot_supervisor]: Selected controllable event: EV_u_turn
[INFO] [1789488584.570666804] [robot_1.robot_supervisor]: Starting FULL ROTATE (omega=1.000, have_odom=True, target_rad=3.142, timeout_s=3.500)
[INFO] [1789488588.133245733] [robot_1.robot_supervisor]: FULL ROTATE completed by timeout
[INFO] [1789488588.336444487] [robot_1.robot_supervisor]: Triggered uncontrollable event: EV_obstacle_right
[INFO] [1789488588.351412600] [robot_1.robot_supervisor]: Selected controllable event: EV_u_turn
[INFO] [1789488588.455060267] [robot_1.robot_supervisor]: Triggered uncontrollable event: EV_obstacle_right
[INFO] [1789488588.455939766] [robot_1.robot_supervisor]: Selected controllable event: EV_rotate_counterclockwise
[INFO] [1789488588.650375594] [robot_1.robot_supervisor]: Triggered uncontrollable event: EV_obstacle_right
[INFO] [1789488588.651246310] [robot_1.robot_supervisor]: Selected controllable event: EV_rotate_counterclockwise
[INFO] [1789488588.835538820] [robot_1.robot_supervisor]: Triggered uncontrollable event: EV_obstacle_right
[INFO] [1789488588.858907584] [robot_1.robot_supervisor]: Selected controllable event: EV_u_turn
[INFO] [1789488588.948775018] [robot_1.robot_supervisor]: Triggered uncontrollable event: EV_obstacle_right
[INFO] [1789488588.952105859] [robot_1.robot_supervisor]: Selected controllable event: EV_rotate_counterclockwise
[INFO] [1789488589.133182991] [robot_1.robot_supervisor]: Triggered uncontrollable event: EV_obstacle_right
[INFO] [1789488589.134066251] [robot_1.robot_supervisor]: Selected controllable event: EV_u_turn
[INFO] [1789488589.231332804] [robot_1.robot_supervisor]: Triggered uncontrollable event: EV_obstacle_right
[INFO] [1789488589.232248127] [robot_1.robot_supervisor]: Selected controllable event: EV_u_turn
[INFO] [1789488589.317687349] [robot_1.robot_supervisor]: Triggered uncontrollable event: EV_obstacle_right
[INFO] [1789488589.318642283] [robot_1.robot_supervisor]: Selected controllable event: EV_u_turn
[INFO] [1789488589.424068363] [robot_1.robot_supervisor]: Triggered uncontrollable event: EV_obstacle_right
[INFO] [1789488589.443007502] [robot_1.robot_supervisor]: Selected controllable event: EV_rotate_counterclockwise
[INFO] [1789488589.629514053] [robot_1.robot_supervisor]: Triggered uncontrollable event: EV_obstacle_right
[INFO] [1789488589.658308297] [robot_1.robot_supervisor]: Selected controllable event: EV_rotate_counterclockwise
[INFO] [1789488589.761110166] [robot_1.robot_supervisor]: Selected controllable event: EV_search_object
[INFO] [1789488589.918069138] [robot_1.robot_supervisor]: Selected controllable event: EV_move_forward
[INFO] [1789488590.158293325] [robot_1.robot_supervisor]: Selected controllable event: EV_search_object
[INFO] [1789488590.327585291] [robot_1.robot_supervisor]: Selected controllable event: EV_search_object
[INFO] [1789488590.549954473] [robot_1.robot_supervisor]: Selected controllable event: EV_move_forward
[INFO] [1789488590.850161621] [robot_1.robot_supervisor]: Selected controllable event: EV_move_forward
[INFO] [1789488591.153287374] [robot_1.robot_supervisor]: Selected controllable event: EV_search_object
[INFO] [1789488591.345713005] [robot_1.robot_supervisor]: Selected controllable event: EV_move_forward
[INFO] [1789488591.551264320] [robot_1.robot_supervisor]: Selected controllable event: EV_search_object
[INFO] [1789488591.728797597] [robot_1.robot_supervisor]: Selected controllable event: EV_move_forward
[INFO] [1789488592.037681601] [robot_1.robot_supervisor]: Selected controllable event: EV_search_object
[INFO] [1789488592.235728423] [robot_1.robot_supervisor]: Selected controllable event: EV_move_forward
[INFO] [1789488592.446341432] [robot_1.robot_supervisor]: Selected controllable event: EV_search_object
[INFO] [1789488592.643327479] [robot_1.robot_supervisor]: Selected controllable event: EV_move_forward
[INFO] [1789488592.931836019] [robot_1.robot_supervisor]: Selected controllable event: EV_search_object
[INFO] [1789488593.131299100] [robot_1.robot_supervisor]: Selected controllable event: EV_move_forward
[INFO] [1789488593.436834416] [robot_1.robot_supervisor]: Triggered uncontrollable event: EV_obstacle_left
[INFO] [1789488593.437736288] [robot_1.robot_supervisor]: Selected controllable event: EV_u_turn
[INFO] [1789488593.438472731] [robot_1.robot_supervisor]: Starting FULL ROTATE (omega=1.000, have_odom=True, target_rad=3.142, timeout_s=3.500)
[INFO] [1789488594.258370337] [robot_1.robot_supervisor]: RECEIVED zone_a; balance=zone_a_has_extra
[INFO] [1789488596.956527353] [robot_1.robot_supervisor]: FULL ROTATE completed by timeout
[INFO] [1789488597.228941125] [robot_1.robot_supervisor]: Triggered uncontrollable event: EV_obstacle_right
[INFO] [1789488597.229678963] [robot_1.robot_supervisor]: Triggered uncontrollable event: EV_received_delivered_zone_a
[INFO] [1789488597.240675207] [robot_1.robot_supervisor]: Selected controllable event: EV_rotate_counterclockwise
[WARN] [1789488597.251566594] [robot_1.robot_supervisor]: no translation for 4.6s livelock detected; starting atomic escape (turn_sign=+1)
[INFO] [1789488599.739950455] [robot_1.robot_supervisor]: Zone-livelock escape completed
[INFO] [1789488600.033165722] [robot_1.robot_supervisor]: Selected controllable event: EV_move_forward
[INFO] [1789488600.250834285] [robot_1.robot_supervisor]: Selected controllable event: EV_search_object
[INFO] [1789488600.436911747] [robot_1.robot_supervisor]: Selected controllable event: EV_search_object
[INFO] [1789488600.633371786] [robot_1.robot_supervisor]: Selected controllable event: EV_search_object
[INFO] [1789488600.749328193] [robot_1.robot_supervisor]: Selected controllable event: EV_move_forward
[INFO] [1789488600.950834108] [robot_1.robot_supervisor]: Selected controllable event: EV_search_object
[INFO] [1789488601.135809095] [robot_1.robot_supervisor]: Selected controllable event: EV_move_forward
[INFO] [1789488601.443891382] [robot_1.robot_supervisor]: Selected controllable event: EV_move_forward
[INFO] [1789488601.721812431] [robot_1.robot_supervisor]: Selected controllable event: EV_move_forward
[INFO] [1789488602.030358651] [robot_1.robot_supervisor]: Selected controllable event: EV_move_forward
[INFO] [1789488602.262406183] [robot_1.robot_supervisor]: Selected controllable event: EV_move_forward
[INFO] [1789488602.528884526] [robot_1.robot_supervisor]: Selected controllable event: EV_move_forward
[INFO] [1789488602.826970116] [robot_1.robot_supervisor]: Selected controllable event: EV_search_object
[INFO] [1789488602.933652104] [robot_1.robot_supervisor]: Selected controllable event: EV_search_object
[INFO] [1789488603.154503973] [robot_1.robot_supervisor]: Selected controllable event: EV_move_forward
[INFO] [1789488603.444013944] [robot_1.robot_supervisor]: Selected controllable event: EV_move_forward
[INFO] [1789488603.722189289] [robot_1.robot_supervisor]: Selected controllable event: EV_search_object
[INFO] [1789488603.920904261] [robot_1.robot_supervisor]: Selected controllable event: EV_search_object
[INFO] [1789488604.024429902] [robot_1.robot_supervisor]: Selected controllable event: EV_move_forward
[INFO] [1789488604.338023991] [robot_1.robot_supervisor]: Selected controllable event: EV_move_forward
[INFO] [1789488604.631002306] [robot_1.robot_supervisor]: Selected controllable event: EV_search_object
[INFO] [1789488604.756976726] [robot_1.robot_supervisor]: Selected controllable event: EV_search_object
[INFO] [1789488604.917269152] [robot_1.robot_supervisor]: Selected controllable event: EV_search_object
[INFO] [1789488605.033438431] [robot_1.robot_supervisor]: Selected controllable event: EV_move_forward
[INFO] [1789488605.326587082] [robot_1.robot_supervisor]: Selected controllable event: EV_search_object
[INFO] [1789488605.443764990] [robot_1.robot_supervisor]: Selected controllable event: EV_search_object
[INFO] [1789488605.651105399] [robot_1.robot_supervisor]: Selected controllable event: EV_search_object
[INFO] [1789488605.844313669] [robot_1.robot_supervisor]: Selected controllable event: EV_move_forward
[INFO] [1789488606.115641412] [robot_1.robot_supervisor]: Selected controllable event: EV_move_forward
[INFO] [1789488606.325224987] [robot_1.robot_supervisor]: Selected controllable event: EV_move_forward
[INFO] [1789488606.544031570] [robot_1.robot_supervisor]: Selected controllable event: EV_move_forward
[INFO] [1789488606.839533130] [robot_1.robot_supervisor]: Triggered uncontrollable event: EV_obstacle_left
[INFO] [1789488606.847780832] [robot_1.robot_supervisor]: Selected controllable event: EV_u_turn
[INFO] [1789488606.848646894] [robot_1.robot_supervisor]: Starting FULL ROTATE (omega=1.000, have_odom=True, target_rad=3.142, timeout_s=3.500)
[INFO] [1789488610.448713851] [robot_1.robot_supervisor]: FULL ROTATE completed by timeout
[INFO] [1789488610.720386957] [robot_1.robot_supervisor]: Selected controllable event: EV_move_forward
[INFO] [1789488611.015787548] [robot_1.robot_supervisor]: Selected controllable event: EV_move_forward
[INFO] [1789488611.324024363] [robot_1.robot_supervisor]: Selected controllable event: EV_search_object
[INFO] [1789488611.534554768] [robot_1.robot_supervisor]: Selected controllable event: EV_move_forward
[INFO] [1789488611.746284178] [robot_1.robot_supervisor]: Selected controllable event: EV_search_object
[INFO] [1789488611.923116900] [robot_1.robot_supervisor]: Selected controllable event: EV_move_forward
[INFO] [1789488612.247269750] [robot_1.robot_supervisor]: Selected controllable event: EV_move_forward
[INFO] [1789488612.522651048] [robot_1.robot_supervisor]: Selected controllable event: EV_search_object
[INFO] [1789488612.739504810] [robot_1.robot_supervisor]: Selected controllable event: EV_search_object
[INFO] [1789488612.928788645] [robot_1.robot_supervisor]: Selected controllable event: EV_search_object
[INFO] [1789488613.030173251] [robot_1.robot_supervisor]: Selected controllable event: EV_search_object
[INFO] [1789488613.251986937] [robot_1.robot_supervisor]: Selected controllable event: EV_move_forward
[INFO] [1789488613.536733432] [robot_1.robot_supervisor]: Selected controllable event: EV_search_object
[INFO] [1789488613.651089788] [robot_1.robot_supervisor]: Selected controllable event: EV_move_forward
[INFO] [1789488613.945911321] [robot_1.robot_supervisor]: Selected controllable event: EV_search_object
[INFO] [1789488614.133338116] [robot_1.robot_supervisor]: Selected controllable event: EV_search_object
[INFO] [1789488614.244910773] [robot_1.robot_supervisor]: Selected controllable event: EV_move_forward
[INFO] [1789488614.527559873] [robot_1.robot_supervisor]: Selected controllable event: EV_search_object
[INFO] [1789488614.633491514] [robot_1.robot_supervisor]: Selected controllable event: EV_move_forward
[INFO] [1789488614.942067075] [robot_1.robot_supervisor]: Selected controllable event: EV_move_forward
[INFO] [1789488615.236876252] [robot_1.robot_supervisor]: Selected controllable event: EV_search_object
[INFO] [1789488615.417950310] [robot_1.robot_supervisor]: Selected controllable event: EV_search_object
[INFO] [1789488615.674436226] [robot_1.robot_supervisor]: Selected controllable event: EV_move_forward
[INFO] [1789488615.919701084] [robot_1.robot_supervisor]: Triggered uncontrollable event: EV_obstacle_right
[INFO] [1789488615.927310519] [robot_1.robot_supervisor]: Selected controllable event: EV_u_turn
[INFO] [1789488615.935493980] [robot_1.robot_supervisor]: Starting FULL ROTATE (omega=1.000, have_odom=True, target_rad=3.142, timeout_s=3.500)
[INFO] [1789488619.527086572] [robot_1.robot_supervisor]: FULL ROTATE completed by timeout
[INFO] [1789488619.820790956] [robot_1.robot_supervisor]: Selected controllable event: EV_move_forward
[INFO] [1789488620.123130276] [robot_1.robot_supervisor]: Selected controllable event: EV_move_forward
[INFO] [1789488620.333032143] [robot_1.robot_supervisor]: Selected controllable event: EV_search_object
[INFO] [1789488620.522223216] [robot_1.robot_supervisor]: Selected controllable event: EV_search_object
[INFO] [1789488620.643208202] [robot_1.robot_supervisor]: Selected controllable event: EV_move_forward
[INFO] [1789488620.862665071] [robot_1.robot_supervisor]: Selected controllable event: EV_search_object
[INFO] [1789488621.033465965] [robot_1.robot_supervisor]: Selected controllable event: EV_search_object
[INFO] [1789488621.234751033] [robot_1.robot_supervisor]: Selected controllable event: EV_move_forward
[INFO] [1789488621.524783749] [robot_1.robot_supervisor]: Selected controllable event: EV_move_forward
[INFO] [1789488621.818824399] [robot_1.robot_supervisor]: Selected controllable event: EV_search_object
[INFO] [1789488621.931996543] [robot_1.robot_supervisor]: Selected controllable event: EV_search_object
[INFO] [1789488622.118674147] [robot_1.robot_supervisor]: Selected controllable event: EV_move_forward
[INFO] [1789488622.440975081] [robot_1.robot_supervisor]: Selected controllable event: EV_move_forward
[INFO] [1789488622.716974446] [robot_1.robot_supervisor]: Selected controllable event: EV_move_forward
[INFO] [1789488622.942579056] [robot_1.robot_supervisor]: Selected controllable event: EV_search_object
[INFO] [1789488623.149096718] [robot_1.robot_supervisor]: Selected controllable event: EV_move_forward
[INFO] [1789488623.451497747] [robot_1.robot_supervisor]: Selected controllable event: EV_move_forward
[INFO] [1789488623.743346531] [robot_1.robot_supervisor]: Selected controllable event: EV_move_forward
[INFO] [1789488624.045265856] [robot_1.robot_supervisor]: Selected controllable event: EV_move_forward
[INFO] [1789488624.316080173] [robot_1.robot_supervisor]: Selected controllable event: EV_search_object
[INFO] [1789488624.465773899] [robot_1.robot_supervisor]: Selected controllable event: EV_search_object
[INFO] [1789488624.650103537] [robot_1.robot_supervisor]: Selected controllable event: EV_move_forward
[INFO] [1789488624.929433012] [robot_1.robot_supervisor]: Selected controllable event: EV_move_forward
[INFO] [1789488625.141372215] [robot_1.robot_supervisor]: Selected controllable event: EV_move_forward
[INFO] [1789488625.433062058] [robot_1.robot_supervisor]: Selected controllable event: EV_search_object
[INFO] [1789488625.630900714] [robot_1.robot_supervisor]: Selected controllable event: EV_move_forward
[INFO] [1789488625.934360552] [robot_1.robot_supervisor]: Selected controllable event: EV_search_object
[INFO] [1789488626.065277955] [robot_1.robot_supervisor]: Selected controllable event: EV_move_forward
[INFO] [1789488626.317414789] [robot_1.robot_supervisor]: Selected controllable event: EV_search_object
[INFO] [1789488626.439459247] [robot_1.robot_supervisor]: Selected controllable event: EV_search_object
[INFO] [1789488626.619315586] [robot_1.robot_supervisor]: Selected controllable event: EV_move_forward
[INFO] [1789488626.951886318] [robot_1.robot_supervisor]: Selected controllable event: EV_search_object
[INFO] [1789488627.135302575] [robot_1.robot_supervisor]: Selected controllable event: EV_move_forward
[INFO] [1789488627.337459091] [robot_1.robot_supervisor]: Selected controllable event: EV_search_object
[INFO] [1789488627.537653154] [robot_1.robot_supervisor]: Selected controllable event: EV_move_forward
[INFO] [1789488627.831045191] [robot_1.robot_supervisor]: Selected controllable event: EV_move_forward
[INFO] [1789488628.142892197] [robot_1.robot_supervisor]: Selected controllable event: EV_search_object
[INFO] [1789488628.347975486] [robot_1.robot_supervisor]: Selected controllable event: EV_move_forward
[INFO] [1789488628.616442170] [robot_1.robot_supervisor]: Selected controllable event: EV_search_object
[INFO] [1789488628.752038896] [robot_1.robot_supervisor]: Selected controllable event: EV_search_object
[INFO] [1789488628.927689492] [robot_1.robot_supervisor]: Selected controllable event: EV_move_forward
[INFO] [1789488629.129130586] [robot_1.robot_supervisor]: Selected controllable event: EV_move_forward
[INFO] [1789488629.430332676] [robot_1.robot_supervisor]: Selected controllable event: EV_search_object
[INFO] [1789488629.619412127] [robot_1.robot_supervisor]: Selected controllable event: EV_search_object
[INFO] [1789488629.838779887] [robot_1.robot_supervisor]: Selected controllable event: EV_move_forward
[INFO] [1789488630.116645320] [robot_1.robot_supervisor]: Selected controllable event: EV_move_forward
[INFO] [1789488630.345067457] [robot_1.robot_supervisor]: Selected controllable event: EV_move_forward
[INFO] [1789488630.624356931] [robot_1.robot_supervisor]: Selected controllable event: EV_search_object
[INFO] [1789488630.744482739] [robot_1.robot_supervisor]: Selected controllable event: EV_search_object
[INFO] [1789488630.915163130] [robot_1.robot_supervisor]: Selected controllable event: EV_move_forward
[INFO] [1789488631.216945622] [robot_1.robot_supervisor]: Selected controllable event: EV_move_forward
[INFO] [1789488631.340492083] [robot_1.robot_supervisor]: CONTACT RECOVERY activated (source=robot_2::robot_2/base_footprint::robot_2/base_footprint_fixed_joint_lump__base_collision_collision, duration_s=1.00)
[INFO] [1789488632.453118785] [robot_1.robot_supervisor]: Selected controllable event: EV_move_forward
[INFO] [1789488632.731271947] [robot_1.robot_supervisor]: Selected controllable event: EV_move_forward
[INFO] [1789488633.038456580] [robot_1.robot_supervisor]: Selected controllable event: EV_search_object
[INFO] [1789488633.225512263] [robot_1.robot_supervisor]: Selected controllable event: EV_move_forward
[INFO] [1789488633.433569528] [robot_1.robot_supervisor]: Selected controllable event: EV_search_object
[INFO] [1789488633.617397642] [robot_1.robot_supervisor]: Selected controllable event: EV_search_object
[INFO] [1789488633.727168305] [robot_1.robot_supervisor]: Selected controllable event: EV_search_object
[INFO] [1789488633.946685183] [robot_1.robot_supervisor]: Selected controllable event: EV_search_object
[INFO] [1789488634.139537286] [robot_1.robot_supervisor]: Selected controllable event: EV_move_forward
[INFO] [1789488634.416552246] [robot_1.robot_supervisor]: Selected controllable event: EV_move_forward
[INFO] [1789488634.622140084] [robot_1.robot_supervisor]: Selected controllable event: EV_move_forward
[INFO] [1789488634.849539622] [robot_1.robot_supervisor]: Selected controllable event: EV_move_forward
[INFO] [1789488635.132213259] [robot_1.robot_supervisor]: Selected controllable event: EV_search_object
[INFO] [1789488635.334656864] [robot_1.robot_supervisor]: Selected controllable event: EV_move_forward
[INFO] [1789488635.626112554] [robot_1.robot_supervisor]: Selected controllable event: EV_move_forward
[INFO] [1789488635.836310181] [robot_1.robot_supervisor]: Selected controllable event: EV_move_forward
[INFO] [1789488636.144403799] [robot_1.robot_supervisor]: Selected controllable event: EV_move_forward
[INFO] [1789488636.442008467] [robot_1.robot_supervisor]: Selected controllable event: EV_move_forward
[INFO] [1789488636.733048310] [robot_1.robot_supervisor]: Selected controllable event: EV_search_object
[INFO] [1789488636.926613015] [robot_1.robot_supervisor]: Selected controllable event: EV_move_forward
[INFO] [1789488637.215311024] [robot_1.robot_supervisor]: Selected controllable event: EV_search_object
[INFO] [1789488637.333650118] [robot_1.robot_supervisor]: Selected controllable event: EV_move_forward
[INFO] [1789488637.630953474] [robot_1.robot_supervisor]: Selected controllable event: EV_move_forward
[INFO] [1789488637.921507300] [robot_1.robot_supervisor]: Triggered uncontrollable event: EV_obstacle_left
[INFO] [1789488637.922307062] [robot_1.robot_supervisor]: Selected controllable event: EV_u_turn
[INFO] [1789488637.939369234] [robot_1.robot_supervisor]: Starting FULL ROTATE (omega=1.000, have_odom=True, target_rad=3.142, timeout_s=3.500)
[INFO] [1789488641.539488417] [robot_1.robot_supervisor]: FULL ROTATE completed by timeout
[INFO] [1789488641.737203331] [robot_1.robot_supervisor]: Triggered uncontrollable event: EV_obstacle_right
[INFO] [1789488641.748817832] [robot_1.robot_supervisor]: Selected controllable event: EV_u_turn
[INFO] [1789488641.829714085] [robot_1.robot_supervisor]: Selected controllable event: EV_move_forward
[INFO] [1789488642.135714469] [robot_1.robot_supervisor]: Selected controllable event: EV_search_object
[INFO] [1789488642.331287102] [robot_1.robot_supervisor]: Selected controllable event: EV_search_object
[INFO] [1789488642.516893192] [robot_1.robot_supervisor]: Selected controllable event: EV_search_object
[INFO] [1789488642.618210975] [robot_1.robot_supervisor]: Selected controllable event: EV_move_forward
[INFO] [1789488642.831451971] [robot_1.robot_supervisor]: Selected controllable event: EV_move_forward
[INFO] [1789488643.128004229] [robot_1.robot_supervisor]: Selected controllable event: EV_move_forward
[INFO] [1789488643.435841222] [robot_1.robot_supervisor]: Triggered uncontrollable event: EV_obstacle_right
[INFO] [1789488643.436748794] [robot_1.robot_supervisor]: Selected controllable event: EV_rotate_counterclockwise
[INFO] [1789488643.627957552] [robot_1.robot_supervisor]: Triggered uncontrollable event: EV_obstacle_right
[INFO] [1789488643.628815163] [robot_1.robot_supervisor]: Selected controllable event: EV_u_turn
[INFO] [1789488643.726434105] [robot_1.robot_supervisor]: Triggered uncontrollable event: EV_obstacle_right
[INFO] [1789488643.740260655] [robot_1.robot_supervisor]: Selected controllable event: EV_rotate_counterclockwise
[INFO] [1789488643.915482315] [robot_1.robot_supervisor]: Triggered uncontrollable event: EV_obstacle_right
[INFO] [1789488643.916343108] [robot_1.robot_supervisor]: Selected controllable event: EV_rotate_counterclockwise
[INFO] [1789488644.036070411] [robot_1.robot_supervisor]: Triggered uncontrollable event: EV_obstacle_right
[INFO] [1789488644.036928852] [robot_1.robot_supervisor]: Selected controllable event: EV_rotate_counterclockwise
[INFO] [1789488644.227839234] [robot_1.robot_supervisor]: Triggered uncontrollable event: EV_obstacle_right
[INFO] [1789488644.228789375] [robot_1.robot_supervisor]: Selected controllable event: EV_u_turn
[INFO] [1789488644.246010053] [robot_1.robot_supervisor]: Starting FULL ROTATE (omega=1.000, have_odom=True, target_rad=3.142, timeout_s=3.500)
[INFO] [1789488647.835121577] [robot_1.robot_supervisor]: FULL ROTATE completed by timeout
[INFO] [1789488648.128685804] [robot_1.robot_supervisor]: Selected controllable event: EV_search_object
[INFO] [1789488648.257321415] [robot_1.robot_supervisor]: Selected controllable event: EV_move_forward
[INFO] [1789488648.547316536] [robot_1.robot_supervisor]: Selected controllable event: EV_search_object
[INFO] [1789488648.743999546] [robot_1.robot_supervisor]: Selected controllable event: EV_move_forward
[INFO] [1789488649.025894925] [robot_1.robot_supervisor]: Selected controllable event: EV_move_forward
[INFO] [1789488649.234483064] [robot_1.robot_supervisor]: Selected controllable event: EV_search_object
[INFO] [1789488649.442017515] [robot_1.robot_supervisor]: Selected controllable event: EV_move_forward
[INFO] [1789488649.660115939] [robot_1.robot_supervisor]: Selected controllable event: EV_search_object
[INFO] [1789488649.820382961] [robot_1.robot_supervisor]: Selected controllable event: EV_move_forward
[INFO] [1789488650.041133388] [robot_1.robot_supervisor]: Selected controllable event: EV_search_object
[INFO] [1789488650.236230812] [robot_1.robot_supervisor]: Selected controllable event: EV_search_object
[INFO] [1789488650.356668321] [robot_1.robot_supervisor]: Selected controllable event: EV_move_forward
[INFO] [1789488650.644762251] [robot_1.robot_supervisor]: Selected controllable event: EV_search_object
[INFO] [1789488650.826956688] [robot_1.robot_supervisor]: Selected controllable event: EV_move_forward
[INFO] [1789488651.140654916] [robot_1.robot_supervisor]: Selected controllable event: EV_search_object
[INFO] [1789488651.320985448] [robot_1.robot_supervisor]: Selected controllable event: EV_move_forward
[INFO] [1789488651.546799939] [robot_1.robot_supervisor]: Selected controllable event: EV_move_forward
[INFO] [1789488651.824363822] [robot_1.robot_supervisor]: Selected controllable event: EV_search_object
[INFO] [1789488652.040240315] [robot_1.robot_supervisor]: Selected controllable event: EV_search_object
[INFO] [1789488652.217849646] [robot_1.robot_supervisor]: Selected controllable event: EV_move_forward
[INFO] [1789488652.433792069] [robot_1.robot_supervisor]: Selected controllable event: EV_move_forward
[INFO] [1789488652.750279593] [robot_1.robot_supervisor]: Selected controllable event: EV_move_forward
[INFO] [1789488653.035311842] [robot_1.robot_supervisor]: Selected controllable event: EV_search_object
[INFO] [1789488653.226364708] [robot_1.robot_supervisor]: Selected controllable event: EV_move_forward
[INFO] [1789488653.528166596] [robot_1.robot_supervisor]: Selected controllable event: EV_search_object
[INFO] [1789488653.731018836] [robot_1.robot_supervisor]: Selected controllable event: EV_search_object
[INFO] [1789488653.840336715] [robot_1.robot_supervisor]: Selected controllable event: EV_search_object
[INFO] [1789488654.015830940] [robot_1.robot_supervisor]: Selected controllable event: EV_move_forward
[INFO] [1789488654.231937022] [robot_1.robot_supervisor]: Selected controllable event: EV_search_object
[INFO] [1789488654.433346745] [robot_1.robot_supervisor]: Selected controllable event: EV_move_forward
[INFO] [1789488654.717578627] [robot_1.robot_supervisor]: Selected controllable event: EV_search_object
[INFO] [1789488654.830885560] [robot_1.robot_supervisor]: Selected controllable event: EV_move_forward
[INFO] [1789488655.124316575] [robot_1.robot_supervisor]: Selected controllable event: EV_search_object
[INFO] [1789488655.347832149] [robot_1.robot_supervisor]: Selected controllable event: EV_move_forward
[INFO] [1789488655.632677086] [robot_1.robot_supervisor]: Selected controllable event: EV_search_object
[INFO] [1789488655.846531939] [robot_1.robot_supervisor]: Selected controllable event: EV_move_forward
[INFO] [1789488656.134903910] [robot_1.robot_supervisor]: Selected controllable event: EV_move_forward
[INFO] [1789488656.345557701] [robot_1.robot_supervisor]: Selected controllable event: EV_move_forward
[INFO] [1789488656.623576856] [robot_1.robot_supervisor]: Selected controllable event: EV_search_object
[INFO] [1789488656.831407218] [robot_1.robot_supervisor]: Selected controllable event: EV_search_object
[INFO] [1789488656.942173001] [robot_1.robot_supervisor]: Selected controllable event: EV_search_object
[INFO] [1789488657.120912430] [robot_1.robot_supervisor]: Selected controllable event: EV_move_forward
[INFO] [1789488657.345814974] [robot_1.robot_supervisor]: Selected controllable event: EV_search_object
[INFO] [1789488657.542813425] [robot_1.robot_supervisor]: Selected controllable event: EV_move_forward
[INFO] [1789488657.819680288] [robot_1.robot_supervisor]: Selected controllable event: EV_search_object
[INFO] [1789488658.045582026] [robot_1.robot_supervisor]: Selected controllable event: EV_search_object
[INFO] [1789488658.231275106] [robot_1.robot_supervisor]: Selected controllable event: EV_move_forward
[INFO] [1789488658.515154574] [robot_1.robot_supervisor]: Selected controllable event: EV_move_forward
[INFO] [1789488658.731776509] [robot_1.robot_supervisor]: Selected controllable event: EV_move_forward
[INFO] [1789488659.034314981] [robot_1.robot_supervisor]: Selected controllable event: EV_search_object
[INFO] [1789488659.231331186] [robot_1.robot_supervisor]: Selected controllable event: EV_move_forward
[INFO] [1789488659.531755372] [robot_1.robot_supervisor]: Selected controllable event: EV_move_forward
[INFO] [1789488659.843293838] [robot_1.robot_supervisor]: Selected controllable event: EV_search_object
[INFO] [1789488660.027570451] [robot_1.robot_supervisor]: Selected controllable event: EV_search_object
[INFO] [1789488660.139535400] [robot_1.robot_supervisor]: Selected controllable event: EV_move_forward
[INFO] [1789488660.431892501] [robot_1.robot_supervisor]: Selected controllable event: EV_move_forward
[INFO] [1789488660.728032206] [robot_1.robot_supervisor]: Selected controllable event: EV_move_forward
[INFO] [1789488660.936368904] [robot_1.robot_supervisor]: Selected controllable event: EV_move_forward
[INFO] [1789488661.138334313] [robot_1.robot_supervisor]: Selected controllable event: EV_move_forward
[INFO] [1789488661.418475354] [robot_1.robot_supervisor]: Selected controllable event: EV_search_object
[INFO] [1789488661.523503418] [robot_1.robot_supervisor]: Selected controllable event: EV_search_object
[INFO] [1789488661.736640293] [robot_1.robot_supervisor]: Selected controllable event: EV_search_object
[INFO] [1789488661.924136860] [robot_1.robot_supervisor]: Selected controllable event: EV_move_forward
[INFO] [1789488662.219221173] [robot_1.robot_supervisor]: Selected controllable event: EV_move_forward
[INFO] [1789488662.423740711] [robot_1.robot_supervisor]: Selected controllable event: EV_search_object
[INFO] [1789488662.634520370] [robot_1.robot_supervisor]: Selected controllable event: EV_search_object
[INFO] [1789488662.822227691] [robot_1.robot_supervisor]: Selected controllable event: EV_move_forward
[INFO] [1789488663.036774217] [robot_1.robot_supervisor]: Selected controllable event: EV_move_forward
[INFO] [1789488663.334211659] [robot_1.robot_supervisor]: Selected controllable event: EV_search_object
[INFO] [1789488663.524964163] [robot_1.robot_supervisor]: Selected controllable event: EV_move_forward
[INFO] [1789488663.833157624] [robot_1.robot_supervisor]: Selected controllable event: EV_move_forward
[INFO] [1789488664.139519801] [robot_1.robot_supervisor]: Selected controllable event: EV_move_forward
[INFO] [1789488664.434048073] [robot_1.robot_supervisor]: Selected controllable event: EV_move_forward
[INFO] [1789488664.730619563] [robot_1.robot_supervisor]: Selected controllable event: EV_move_forward
[INFO] [1789488664.945410875] [robot_1.robot_supervisor]: Selected controllable event: EV_move_forward
[INFO] [1789488665.151611089] [robot_1.robot_supervisor]: Selected controllable event: EV_search_object
[INFO] [1789488665.323447428] [robot_1.robot_supervisor]: Selected controllable event: EV_move_forward
[INFO] [1789488665.527046636] [robot_1.robot_supervisor]: Selected controllable event: EV_search_object
[INFO] [1789488665.632434625] [robot_1.robot_supervisor]: Selected controllable event: EV_search_object
[INFO] [1789488665.736516604] [robot_1.robot_supervisor]: Selected controllable event: EV_search_object
[INFO] [1789488665.849354896] [robot_1.robot_supervisor]: Selected controllable event: EV_search_object
[INFO] [1789488666.036164433] [robot_1.robot_supervisor]: Selected controllable event: EV_move_forward
[INFO] [1789488666.336356680] [robot_1.robot_supervisor]: Selected controllable event: EV_search_object
[INFO] [1789488666.523783972] [robot_1.robot_supervisor]: Selected controllable event: EV_move_forward
[INFO] [1789488666.849641821] [robot_1.robot_supervisor]: Selected controllable event: EV_search_object
[INFO] [1789488667.037757881] [robot_1.robot_supervisor]: Selected controllable event: EV_search_object
[INFO] [1789488667.220020825] [robot_1.robot_supervisor]: Selected controllable event: EV_move_forward
[INFO] [1789488667.426464401] [robot_1.robot_supervisor]: Triggered uncontrollable event: EV_obstacle_left
[INFO] [1789488667.427124173] [robot_1.robot_supervisor]: Selected controllable event: EV_u_turn
[INFO] [1789488667.427650026] [robot_1.robot_supervisor]: Starting FULL ROTATE (omega=1.000, have_odom=True, target_rad=3.142, timeout_s=3.500)
[INFO] [1789488671.032597441] [robot_1.robot_supervisor]: FULL ROTATE completed by timeout
[INFO] [1789488671.233677905] [robot_1.robot_supervisor]: Selected controllable event: EV_move_forward
[INFO] [1789488671.530113339] [robot_1.robot_supervisor]: Selected controllable event: EV_move_forward
[INFO] [1789488671.843229809] [robot_1.robot_supervisor]: Selected controllable event: EV_search_object
[INFO] [1789488672.016841216] [robot_1.robot_supervisor]: Selected controllable event: EV_move_forward
[INFO] [1789488672.226865910] [robot_1.robot_supervisor]: Triggered uncontrollable event: EV_obstacle_right
[INFO] [1789488672.232506531] [robot_1.robot_supervisor]: Selected controllable event: EV_u_turn
[INFO] [1789488672.324304340] [robot_1.robot_supervisor]: Triggered uncontrollable event: EV_obstacle_right
[INFO] [1789488672.335556142] [robot_1.robot_supervisor]: Selected controllable event: EV_u_turn
[INFO] [1789488672.429352399] [robot_1.robot_supervisor]: Triggered uncontrollable event: EV_obstacle_right
[INFO] [1789488672.434691291] [robot_1.robot_supervisor]: Selected controllable event: EV_rotate_counterclockwise
[INFO] [1789488672.623526075] [robot_1.robot_supervisor]: Triggered uncontrollable event: EV_obstacle_right
[INFO] [1789488672.628498842] [robot_1.robot_supervisor]: Selected controllable event: EV_rotate_counterclockwise
[INFO] [1789488672.866537918] [robot_1.robot_supervisor]: Triggered uncontrollable event: EV_obstacle_right
[INFO] [1789488672.867416296] [robot_1.robot_supervisor]: Selected controllable event: EV_rotate_counterclockwise
[INFO] [1789488673.028226280] [robot_1.robot_supervisor]: Triggered uncontrollable event: EV_obstacle_right
[INFO] [1789488673.029034759] [robot_1.robot_supervisor]: Selected controllable event: EV_u_turn
[INFO] [1789488673.125855694] [robot_1.robot_supervisor]: Triggered uncontrollable event: EV_obstacle_right
[INFO] [1789488673.126683993] [robot_1.robot_supervisor]: Selected controllable event: EV_rotate_counterclockwise
[INFO] [1789488673.159470541] [robot_1.robot_supervisor]: RECEIVED zone_b; balance=equal
[INFO] [1789488673.318064201] [robot_1.robot_supervisor]: Triggered uncontrollable event: EV_obstacle_right
[INFO] [1789488673.318719982] [robot_1.robot_supervisor]: Triggered uncontrollable event: EV_received_delivered_zone_b
[INFO] [1789488673.319566866] [robot_1.robot_supervisor]: Selected controllable event: EV_rotate_counterclockwise
[INFO] [1789488673.425068463] [robot_1.robot_supervisor]: Triggered uncontrollable event: EV_obstacle_right
[INFO] [1789488673.440146358] [robot_1.robot_supervisor]: Selected controllable event: EV_rotate_counterclockwise
[INFO] [1789488673.620675253] [robot_1.robot_supervisor]: Selected controllable event: EV_search_object
[INFO] [1789488673.819391983] [robot_1.robot_supervisor]: Selected controllable event: EV_move_forward
[INFO] [1789488674.135089713] [robot_1.robot_supervisor]: Selected controllable event: EV_search_object
[INFO] [1789488674.324591030] [robot_1.robot_supervisor]: Selected controllable event: EV_search_object
[INFO] [1789488674.518334893] [robot_1.robot_supervisor]: Selected controllable event: EV_search_object
[INFO] [1789488674.632881075] [robot_1.robot_supervisor]: Selected controllable event: EV_search_object
[INFO] [1789488674.827094493] [robot_1.robot_supervisor]: Selected controllable event: EV_search_object
[INFO] [1789488675.037829899] [robot_1.robot_supervisor]: Selected controllable event: EV_search_object
[INFO] [1789488675.219904616] [robot_1.robot_supervisor]: Selected controllable event: EV_search_object
[INFO] [1789488675.420606827] [robot_1.robot_supervisor]: Selected controllable event: EV_search_object
[INFO] [1789488675.638389975] [robot_1.robot_supervisor]: Selected controllable event: EV_move_forward
[INFO] [1789488675.927906316] [robot_1.robot_supervisor]: Triggered uncontrollable event: EV_obstacle_right
[INFO] [1789488675.929874256] [robot_1.robot_supervisor]: Selected controllable event: EV_rotate_counterclockwise
[INFO] [1789488676.148977620] [robot_1.robot_supervisor]: Triggered uncontrollable event: EV_obstacle_right
[INFO] [1789488676.149820227] [robot_1.robot_supervisor]: Selected controllable event: EV_rotate_counterclockwise
[INFO] [1789488676.354152327] [robot_1.robot_supervisor]: Triggered uncontrollable event: EV_obstacle_right
[INFO] [1789488676.354992707] [robot_1.robot_supervisor]: Selected controllable event: EV_u_turn
[INFO] [1789488676.355657381] [robot_1.robot_supervisor]: Starting FULL ROTATE (omega=1.000, have_odom=True, target_rad=3.142, timeout_s=3.500)
