[INFO] [1789488315.487054233] [robot_1.robot_supervisor]: Loaded initial mission 'balanced_delivery' from explicit YAML supervisor.yaml
[INFO] [1789488315.869704088] [robot_1.robot_supervisor]: Selected controllable event: EV_search_object
[INFO] [1789488316.075064152] [robot_1.robot_supervisor]: Selected controllable event: EV_move_forward
[INFO] [1789488316.382619248] [robot_1.robot_supervisor]: Selected controllable event: EV_move_forward
[INFO] [1789488316.659637497] [robot_1.robot_supervisor]: Selected controllable event: EV_search_object
[INFO] [1789488316.860561889] [robot_1.robot_supervisor]: Selected controllable event: EV_move_forward
[INFO] [1789488317.062671975] [robot_1.robot_supervisor]: Selected controllable event: EV_move_forward
[INFO] [1789488317.351495235] [robot_1.robot_supervisor]: Selected controllable event: EV_search_object
[INFO] [1789488317.546805916] [robot_1.robot_supervisor]: Selected controllable event: EV_move_forward
[INFO] [1789488317.846844140] [robot_1.robot_supervisor]: Selected controllable event: EV_move_forward
[INFO] [1789488318.146980314] [robot_1.robot_supervisor]: Selected controllable event: EV_search_object
[INFO] [1789488318.346904582] [robot_1.robot_supervisor]: Selected controllable event: EV_move_forward
[INFO] [1789488318.552308949] [robot_1.robot_supervisor]: Selected controllable event: EV_move_forward
[INFO] [1789488318.847077210] [robot_1.robot_supervisor]: Selected controllable event: EV_search_object
[INFO] [1789488319.047246280] [robot_1.robot_supervisor]: Selected controllable event: EV_move_forward
[INFO] [1789488319.347193712] [robot_1.robot_supervisor]: Selected controllable event: EV_search_object
[INFO] [1789488319.548350074] [robot_1.robot_supervisor]: Selected controllable event: EV_move_forward
[INFO] [1789488319.847182191] [robot_1.robot_supervisor]: Selected controllable event: EV_search_object
[INFO] [1789488320.046936797] [robot_1.robot_supervisor]: Selected controllable event: EV_move_forward
[INFO] [1789488320.347182721] [robot_1.robot_supervisor]: Selected controllable event: EV_search_object
[INFO] [1789488320.548044496] [robot_1.robot_supervisor]: Selected controllable event: EV_move_forward
[INFO] [1789488320.847070998] [robot_1.robot_supervisor]: Selected controllable event: EV_move_forward
[INFO] [1789488321.052584587] [robot_1.robot_supervisor]: Selected controllable event: EV_search_object
[INFO] [1789488321.286736644] [robot_1.robot_supervisor]: Triggered uncontrollable event: EV_object_not_visible
[INFO] [1789488321.288029436] [robot_1.robot_supervisor]: Selected controllable event: EV_search_object
[INFO] [1789488321.475468503] [robot_1.robot_supervisor]: Selected controllable event: EV_move_forward
[INFO] [1789488321.747825336] [robot_1.robot_supervisor]: Selected controllable event: EV_move_forward
[INFO] [1789488321.977917687] [robot_1.robot_supervisor]: Selected controllable event: EV_search_object
[INFO] [1789488322.169124756] [robot_1.robot_supervisor]: Selected controllable event: EV_move_forward
[INFO] [1789488322.459004044] [robot_1.robot_supervisor]: Triggered uncontrollable event: EV_object_not_visible
[INFO] [1789488322.470443249] [robot_1.robot_supervisor]: Selected controllable event: EV_search_object
[INFO] [1789488322.588304190] [robot_1.robot_supervisor]: Selected controllable event: EV_search_object
[INFO] [1789488322.773798669] [robot_1.robot_supervisor]: Selected controllable event: EV_search_object
[INFO] [1789488322.974664619] [robot_1.robot_supervisor]: Selected controllable event: EV_search_object
[INFO] [1789488323.195728994] [robot_1.robot_supervisor]: Selected controllable event: EV_search_object
[INFO] [1789488323.360119698] [robot_1.robot_supervisor]: Triggered uncontrollable event: EV_object_not_visible
[INFO] [1789488323.362634929] [robot_1.robot_supervisor]: Selected controllable event: EV_search_object
[INFO] [1789488323.476333645] [robot_1.robot_supervisor]: Selected controllable event: EV_move_forward
[INFO] [1789488323.757039423] [robot_1.robot_supervisor]: Selected controllable event: EV_search_object
[INFO] [1789488323.881364988] [robot_1.robot_supervisor]: Selected controllable event: EV_move_forward
[INFO] [1789488324.191886138] [robot_1.robot_supervisor]: Selected controllable event: EV_search_object
[INFO] [1789488324.375840528] [robot_1.robot_supervisor]: Triggered uncontrollable event: EV_object_not_visible
[INFO] [1789488324.376919056] [robot_1.robot_supervisor]: Selected controllable event: EV_search_object
[INFO] [1789488324.573133029] [robot_1.robot_supervisor]: Selected controllable event: EV_search_object
[INFO] [1789488324.757772194] [robot_1.robot_supervisor]: Selected controllable event: EV_move_forward
[INFO] [1789488325.066736483] [robot_1.robot_supervisor]: Selected controllable event: EV_move_forward
[INFO] [1789488325.281866842] [robot_1.robot_supervisor]: Triggered uncontrollable event: EV_object_not_visible
[INFO] [1789488325.288135577] [robot_1.robot_supervisor]: Selected controllable event: EV_move_forward
[INFO] [1789488325.561768880] [robot_1.robot_supervisor]: Selected controllable event: EV_search_object
[INFO] [1789488325.759259803] [robot_1.robot_supervisor]: Selected controllable event: EV_move_forward
[INFO] [1789488325.970290560] [robot_1.robot_supervisor]: Selected controllable event: EV_move_forward
[INFO] [1789488326.277873071] [robot_1.robot_supervisor]: ############################# VISIBLE: EV_object_visible #############################
[INFO] [1789488326.295461744] [robot_1.robot_supervisor]: Selected controllable event: EV_approach_object
[INFO] [1789488326.562173487] [robot_1.robot_supervisor]: Selected controllable event: EV_move_forward
[INFO] [1789488326.856941569] [robot_1.robot_supervisor]: Selected controllable event: EV_approach_object
[INFO] [1789488327.103879420] [robot_1.robot_supervisor]: ############################# VISIBLE: EV_object_visible #############################
[INFO] [1789488327.104988009] [robot_1.robot_supervisor]: Selected controllable event: EV_approach_object
[INFO] [1789488327.365768237] [robot_1.robot_supervisor]: Selected controllable event: EV_approach_object
[INFO] [1789488327.581720421] [robot_1.robot_supervisor]: Selected controllable event: EV_approach_object
[INFO] [1789488327.865889183] [robot_1.robot_supervisor]: Selected controllable event: EV_move_forward
[INFO] [1789488328.083713009] [robot_1.robot_supervisor]: Selected controllable event: EV_move_forward
[INFO] [1789488328.366276891] [robot_1.robot_supervisor]: ############################# VISIBLE: EV_object_visible #############################
[INFO] [1789488328.376253890] [robot_1.robot_supervisor]: Selected controllable event: EV_move_forward
[INFO] [1789488328.653061335] [robot_1.robot_supervisor]: Selected controllable event: EV_approach_object
[INFO] [1789488328.874405274] [robot_1.robot_supervisor]: Selected controllable event: EV_approach_object
[INFO] [1789488329.174473663] [robot_1.robot_supervisor]: ############################# VISIBLE: EV_object_visible #############################
[INFO] [1789488329.175395895] [robot_1.robot_supervisor]: Selected controllable event: EV_approach_object
[INFO] [1789488329.468781675] [robot_1.robot_supervisor]: Selected controllable event: EV_move_forward
[INFO] [1789488329.764686940] [robot_1.robot_supervisor]: Selected controllable event: EV_approach_object
[INFO] [1789488330.064682989] [robot_1.robot_supervisor]: Selected controllable event: EV_approach_object
[INFO] [1789488330.373678850] [robot_1.robot_supervisor]: ############################# VISIBLE: EV_object_visible #############################
[INFO] [1789488330.374610424] [robot_1.robot_supervisor]: Selected controllable event: EV_move_forward
[INFO] [1789488330.670464153] [robot_1.robot_supervisor]: Selected controllable event: EV_move_forward
[INFO] [1789488330.982618425] [robot_1.robot_supervisor]: Selected controllable event: EV_move_forward
[INFO] [1789488331.261990861] [robot_1.robot_supervisor]: ############################# VISIBLE: EV_object_visible #############################
[INFO] [1789488331.267347696] [robot_1.robot_supervisor]: Selected controllable event: EV_approach_object
[INFO] [1789488331.486720568] [robot_1.robot_supervisor]: Selected controllable event: EV_move_forward
[INFO] [1789488331.775206015] [robot_1.robot_supervisor]: Selected controllable event: EV_move_forward
[INFO] [1789488332.085358849] [robot_1.robot_supervisor]: ############################# VISIBLE: EV_object_visible #############################
[INFO] [1789488332.086213921] [robot_1.robot_supervisor]: Triggered uncontrollable event: EV_obstacle_left
[INFO] [1789488332.087217642] [robot_1.robot_supervisor]: Selected controllable event: EV_u_turn
[INFO] [1789488332.109352798] [robot_1.robot_supervisor]: Starting FULL ROTATE (omega=1.000, have_odom=True, target_rad=3.142, timeout_s=3.500)
[INFO] [1789488335.665803372] [robot_1.robot_supervisor]: FULL ROTATE completed by timeout
[INFO] [1789488335.981633082] [robot_1.robot_supervisor]: ############################# VISIBLE: EV_object_visible #############################
[INFO] [1789488335.982751302] [robot_1.robot_supervisor]: Selected controllable event: EV_approach_object
[INFO] [1789488336.288260339] [robot_1.robot_supervisor]: Selected controllable event: EV_move_forward
[INFO] [1789488336.580244035] [robot_1.robot_supervisor]: Selected controllable event: EV_move_forward
[INFO] [1789488336.871288170] [robot_1.robot_supervisor]: Selected controllable event: EV_move_forward
[INFO] [1789488337.156313285] [robot_1.robot_supervisor]: ############################# VISIBLE: EV_object_visible #############################
[INFO] [1789488337.169803299] [robot_1.robot_supervisor]: Selected controllable event: EV_approach_object
[INFO] [1789488337.469095354] [robot_1.robot_supervisor]: Selected controllable event: EV_approach_object
[INFO] [1789488337.767575190] [robot_1.robot_supervisor]: Selected controllable event: EV_move_forward
[INFO] [1789488337.973807599] [robot_1.robot_supervisor]: Selected controllable event: EV_move_forward
[INFO] [1789488338.257285795] [robot_1.robot_supervisor]: ############################# VISIBLE: EV_object_visible #############################
[INFO] [1789488338.275066202] [robot_1.robot_supervisor]: Selected controllable event: EV_approach_object
[INFO] [1789488338.559203039] [robot_1.robot_supervisor]: Selected controllable event: EV_approach_object
[INFO] [1789488338.849493964] [robot_1.robot_supervisor]: Selected controllable event: EV_move_forward
[INFO] [1789488339.077531041] [robot_1.robot_supervisor]: Triggered uncontrollable event: EV_object_not_visible
[INFO] [1789488339.099299368] [robot_1.robot_supervisor]: Selected controllable event: EV_move_forward
[INFO] [1789488339.365542693] [robot_1.robot_supervisor]: Selected controllable event: EV_search_object
[INFO] [1789488339.578622296] [robot_1.robot_supervisor]: Selected controllable event: EV_search_object
[INFO] [1789488339.774557568] [robot_1.robot_supervisor]: Selected controllable event: EV_move_forward
[INFO] [1789488340.065384176] [robot_1.robot_supervisor]: Triggered uncontrollable event: EV_obstacle_left
[INFO] [1789488340.076419645] [robot_1.robot_supervisor]: Triggered uncontrollable event: EV_object_not_visible
[INFO] [1789488340.080437102] [robot_1.robot_supervisor]: Selected controllable event: EV_u_turn
[INFO] [1789488340.094131506] [robot_1.robot_supervisor]: Starting FULL ROTATE (omega=1.000, have_odom=True, target_rad=3.142, timeout_s=3.500)
[INFO] [1789488343.694144429] [robot_1.robot_supervisor]: FULL ROTATE completed by timeout
[INFO] [1789488343.984598589] [robot_1.robot_supervisor]: Triggered uncontrollable event: EV_object_not_visible
[INFO] [1789488343.993016187] [robot_1.robot_supervisor]: Selected controllable event: EV_search_object
[INFO] [1789488344.179065377] [robot_1.robot_supervisor]: Selected controllable event: EV_search_object
[INFO] [1789488344.378205077] [robot_1.robot_supervisor]: Selected controllable event: EV_move_forward
[INFO] [1789488344.696298111] [robot_1.robot_supervisor]: Triggered uncontrollable event: EV_object_not_visible
[INFO] [1789488344.697524400] [robot_1.robot_supervisor]: Selected controllable event: EV_search_object
[INFO] [1789488344.872228174] [robot_1.robot_supervisor]: Selected controllable event: EV_search_object
[INFO] [1789488345.080900504] [robot_1.robot_supervisor]: Selected controllable event: EV_move_forward
[INFO] [1789488345.371978163] [robot_1.robot_supervisor]: Selected controllable event: EV_move_forward
[INFO] [1789488345.662359897] [robot_1.robot_supervisor]: Triggered uncontrollable event: EV_obstacle_right
[INFO] [1789488345.668357654] [robot_1.robot_supervisor]: Triggered uncontrollable event: EV_object_not_visible
[INFO] [1789488345.676584262] [robot_1.robot_supervisor]: Selected controllable event: EV_u_turn
[INFO] [1789488345.764741940] [robot_1.robot_supervisor]: Triggered uncontrollable event: EV_obstacle_right
[INFO] [1789488345.782667079] [robot_1.robot_supervisor]: Selected controllable event: EV_u_turn
[INFO] [1789488345.881948238] [robot_1.robot_supervisor]: Triggered uncontrollable event: EV_obstacle_right
[INFO] [1789488345.888582565] [robot_1.robot_supervisor]: Selected controllable event: EV_rotate_counterclockwise
[INFO] [1789488346.069315871] [robot_1.robot_supervisor]: Triggered uncontrollable event: EV_obstacle_right
[INFO] [1789488346.075840589] [robot_1.robot_supervisor]: Selected controllable event: EV_u_turn
[INFO] [1789488346.163862068] [robot_1.robot_supervisor]: Triggered uncontrollable event: EV_obstacle_right
[INFO] [1789488346.181906644] [robot_1.robot_supervisor]: Selected controllable event: EV_rotate_counterclockwise
[INFO] [1789488346.360978831] [robot_1.robot_supervisor]: Triggered uncontrollable event: EV_obstacle_right
[INFO] [1789488346.381687670] [robot_1.robot_supervisor]: Selected controllable event: EV_u_turn
[INFO] [1789488346.383066961] [robot_1.robot_supervisor]: Starting FULL ROTATE (omega=1.000, have_odom=True, target_rad=3.142, timeout_s=3.500)
[INFO] [1789488349.972475744] [robot_1.robot_supervisor]: FULL ROTATE completed by timeout
[INFO] [1789488350.283907170] [robot_1.robot_supervisor]: ############################# VISIBLE: EV_object_visible #############################
[INFO] [1789488350.296073970] [robot_1.robot_supervisor]: Selected controllable event: EV_approach_object
[INFO] [1789488350.577225026] [robot_1.robot_supervisor]: Selected controllable event: EV_move_forward
[INFO] [1789488350.885698349] [robot_1.robot_supervisor]: ############################# VISIBLE: EV_object_visible #############################
[INFO] [1789488350.886734151] [robot_1.robot_supervisor]: Selected controllable event: EV_approach_object
[INFO] [1789488351.183270632] [robot_1.robot_supervisor]: Selected controllable event: EV_approach_object
[INFO] [1789488351.468922114] [robot_1.robot_supervisor]: Selected controllable event: EV_move_forward
[INFO] [1789488351.688444207] [robot_1.robot_supervisor]: Selected controllable event: EV_move_forward
[INFO] [1789488351.949737486] [robot_1.robot_supervisor]: ############################# VISIBLE: EV_object_visible #############################
[INFO] [1789488351.950665725] [robot_1.robot_supervisor]: Selected controllable event: EV_approach_object
[INFO] [1789488352.250174210] [robot_1.robot_supervisor]: Selected controllable event: EV_approach_object
[INFO] [1789488352.462607245] [robot_1.robot_supervisor]: Selected controllable event: EV_move_forward
[INFO] [1789488352.678199451] [robot_1.robot_supervisor]: Selected controllable event: EV_move_forward
[INFO] [1789488352.955314747] [robot_1.robot_supervisor]: ############################# VISIBLE: EV_object_visible #############################
[INFO] [1789488352.974907972] [robot_1.robot_supervisor]: Selected controllable event: EV_approach_object
[INFO] [1789488353.267012374] [robot_1.robot_supervisor]: Selected controllable event: EV_approach_object
[INFO] [1789488353.575844220] [robot_1.robot_supervisor]: Selected controllable event: EV_approach_object
[INFO] [1789488353.874723275] [robot_1.robot_supervisor]: ############################# VISIBLE: EV_object_visible #############################
[INFO] [1789488353.875759803] [robot_1.robot_supervisor]: Selected controllable event: EV_move_forward
[INFO] [1789488354.171761705] [robot_1.robot_supervisor]: Selected controllable event: EV_approach_object
[INFO] [1789488354.473075646] [robot_1.robot_supervisor]: Selected controllable event: EV_move_forward
[INFO] [1789488354.788094649] [robot_1.robot_supervisor]: Selected controllable event: EV_move_forward
[INFO] [1789488355.074282616] [robot_1.robot_supervisor]: ############################# VISIBLE: EV_object_visible #############################
[INFO] [1789488355.084244687] [robot_1.robot_supervisor]: Selected controllable event: EV_move_forward
[INFO] [1789488355.364388929] [robot_1.robot_supervisor]: Selected controllable event: EV_move_forward
[INFO] [1789488355.680293347] [robot_1.robot_supervisor]: Selected controllable event: EV_move_forward
[INFO] [1789488355.969990506] [robot_1.robot_supervisor]: ############################# VISIBLE: EV_object_visible #############################
[INFO] [1789488355.971315323] [robot_1.robot_supervisor]: Selected controllable event: EV_approach_object
[INFO] [1789488356.174925457] [robot_1.robot_supervisor]: Selected controllable event: EV_approach_object
[INFO] [1789488356.464454793] [robot_1.robot_supervisor]: Selected controllable event: EV_approach_object
[INFO] [1789488356.696414983] [robot_1.robot_supervisor]: Selected controllable event: EV_move_forward
[INFO] [1789488356.957459427] [robot_1.robot_supervisor]: ############################# VISIBLE: EV_object_visible #############################
[INFO] [1789488356.973424852] [robot_1.robot_supervisor]: Selected controllable event: EV_approach_object
[INFO] [1789488357.264777897] [robot_1.robot_supervisor]: Selected controllable event: EV_move_forward
[INFO] [1789488357.580072505] [robot_1.robot_supervisor]: Selected controllable event: EV_approach_object
[INFO] [1789488357.847374028] [robot_1.robot_supervisor]: Selected controllable event: EV_approach_object
[INFO] [1789488358.064713538] [robot_1.robot_supervisor]: ############################# VISIBLE: EV_object_visible #############################
[INFO] [1789488358.065846193] [robot_1.robot_supervisor]: Selected controllable event: EV_move_forward
[INFO] [1789488358.359458461] [robot_1.robot_supervisor]: Selected controllable event: EV_move_forward
[INFO] [1789488358.586447718] [robot_1.robot_supervisor]: Selected controllable event: EV_move_forward
[INFO] [1789488358.868665831] [robot_1.robot_supervisor]: ############################# VISIBLE: EV_object_visible #############################
[INFO] [1789488358.869676169] [robot_1.robot_supervisor]: Selected controllable event: EV_approach_object
[INFO] [1789488359.182257600] [robot_1.robot_supervisor]: Selected controllable event: EV_move_forward
[INFO] [1789488359.478744416] [robot_1.robot_supervisor]: Selected controllable event: EV_approach_object
[INFO] [1789488359.774038131] [robot_1.robot_supervisor]: ############################# VISIBLE: EV_object_visible #############################
[INFO] [1789488359.799494136] [robot_1.robot_supervisor]: Selected controllable event: EV_move_forward
[INFO] [1789488360.085981560] [robot_1.robot_supervisor]: Selected controllable event: EV_move_forward
[INFO] [1789488360.387106490] [robot_1.robot_supervisor]: Selected controllable event: EV_approach_object
[INFO] [1789488360.672252993] [robot_1.robot_supervisor]: ############################# VISIBLE: EV_object_visible #############################
[INFO] [1789488360.673353247] [robot_1.robot_supervisor]: Selected controllable event: EV_move_forward
[INFO] [1789488360.888936622] [robot_1.robot_supervisor]: Selected controllable event: EV_approach_object
[INFO] [1789488361.170667863] [robot_1.robot_supervisor]: Selected controllable event: EV_approach_object
[INFO] [1789488361.454919680] [robot_1.robot_supervisor]: Selected controllable event: EV_approach_object
[INFO] [1789488361.658144334] [robot_1.robot_supervisor]: ############################# VISIBLE: EV_object_visible #############################
[INFO] [1789488361.659166208] [robot_1.robot_supervisor]: Selected controllable event: EV_move_forward
[INFO] [1789488361.863269122] [robot_1.robot_supervisor]: Selected controllable event: EV_approach_object
[INFO] [1789488362.168525761] [robot_1.robot_supervisor]: Selected controllable event: EV_approach_object
[INFO] [1789488362.392753616] [robot_1.robot_supervisor]: Selected controllable event: EV_move_forward
[INFO] [1789488362.650542298] [robot_1.robot_supervisor]: ############################# VISIBLE: EV_object_visible #############################
[INFO] [1789488362.667813753] [robot_1.robot_supervisor]: Selected controllable event: EV_approach_object
[INFO] [1789488362.977236143] [robot_1.robot_supervisor]: Selected controllable event: EV_approach_object
[INFO] [1789488363.287232546] [robot_1.robot_supervisor]: Selected controllable event: EV_move_forward
[INFO] [1789488363.583618444] [robot_1.robot_supervisor]: ############################# VISIBLE: EV_object_visible #############################
[INFO] [1789488363.595688108] [robot_1.robot_supervisor]: Selected controllable event: EV_move_forward
[INFO] [1789488363.891839837] [robot_1.robot_supervisor]: Selected controllable event: EV_approach_object
[INFO] [1789488364.174907004] [robot_1.robot_supervisor]: Selected controllable event: EV_move_forward
[INFO] [1789488364.472616460] [robot_1.robot_supervisor]: Selected controllable event: EV_move_forward
[INFO] [1789488364.773047067] [robot_1.robot_supervisor]: ############################# VISIBLE: EV_object_visible #############################
[INFO] [1789488364.781474218] [robot_1.robot_supervisor]: Selected controllable event: EV_move_forward
[INFO] [1789488365.072749640] [robot_1.robot_supervisor]: Selected controllable event: EV_approach_object
[INFO] [1789488365.393394718] [robot_1.robot_supervisor]: Selected controllable event: EV_approach_object
[INFO] [1789488365.652638614] [robot_1.robot_supervisor]: ############################# VISIBLE: EV_object_visible #############################
[INFO] [1789488365.653645028] [robot_1.robot_supervisor]: Selected controllable event: EV_approach_object
[INFO] [1789488365.870166092] [robot_1.robot_supervisor]: Selected controllable event: EV_move_forward
[INFO] [1789488366.161895976] [robot_1.robot_supervisor]: Selected controllable event: EV_approach_object
[INFO] [1789488366.372478914] [robot_1.robot_supervisor]: Selected controllable event: EV_move_forward
[INFO] [1789488366.672552844] [robot_1.robot_supervisor]: ############################# VISIBLE: EV_object_visible #############################
[INFO] [1789488366.679491994] [robot_1.robot_supervisor]: Selected controllable event: EV_move_forward
[INFO] [1789488366.979621331] [robot_1.robot_supervisor]: Selected controllable event: EV_move_forward
[INFO] [1789488367.271448210] [robot_1.robot_supervisor]: Selected controllable event: EV_approach_object
[INFO] [1789488367.552666589] [robot_1.robot_supervisor]: ############################# REACHED: EV_object_reached #############################
[INFO] [1789488367.571828900] [robot_1.robot_supervisor]: Triggered uncontrollable event: EV_obstacle_right
[INFO] [1789488367.572787845] [robot_1.robot_supervisor]: Selected controllable event: EV_u_turn
[INFO] [1789488367.573700270] [robot_1.robot_supervisor]: Starting FULL ROTATE (omega=1.000, have_odom=True, target_rad=3.142, timeout_s=3.500)
[INFO] [1789488371.167931100] [robot_1.robot_supervisor]: FULL ROTATE completed by timeout
[INFO] [1789488371.381831720] [robot_1.robot_supervisor]: ############################# REACHED: EV_object_reached #############################
[INFO] [1789488371.382929020] [robot_1.robot_supervisor]: Selected controllable event: EV_move_forward
[INFO] [1789488371.682813099] [robot_1.robot_supervisor]: ############################# REACHED: EV_object_reached #############################
[INFO] [1789488371.684028973] [robot_1.robot_supervisor]: Selected controllable event: EV_pick_up_object
[INFO] [1789488371.735075297] [robot_1.robot_supervisor]: Cargo 'robot_1_carried_generic_box' placed on robot.
[INFO] [1789488371.961881069] [robot_1.robot_supervisor]: Selected controllable event: EV_move_forward
[INFO] [1789488372.164019641] [robot_1.robot_supervisor]: Selected controllable event: EV_move_forward
[INFO] [1789488372.461670480] [robot_1.robot_supervisor]: Selected controllable event: EV_search_zone
[INFO] [1789488372.694316306] [robot_1.robot_supervisor]: Triggered uncontrollable event: EV_zone_a_visible
[INFO] [1789488372.700209147] [robot_1.robot_supervisor]: Triggered uncontrollable event: EV_zone_b_not_visible
[INFO] [1789488372.710734732] [robot_1.robot_supervisor]: Selected controllable event: EV_approach_zone
[INFO] [1789488372.974363458] [robot_1.robot_supervisor]: Selected controllable event: EV_approach_zone
[INFO] [1789488373.278414771] [robot_1.robot_supervisor]: Selected controllable event: EV_move_forward
[INFO] [1789488373.582100328] [robot_1.robot_supervisor]: Triggered uncontrollable event: EV_zone_a_visible
[INFO] [1789488373.592115955] [robot_1.robot_supervisor]: Selected controllable event: EV_approach_zone
[INFO] [1789488373.861993240] [robot_1.robot_supervisor]: Triggered uncontrollable event: EV_zone_b_not_visible
[INFO] [1789488373.869142686] [robot_1.robot_supervisor]: Selected controllable event: EV_move_forward
[INFO] [1789488374.098171188] [robot_1.robot_supervisor]: Selected controllable event: EV_approach_zone
[INFO] [1789488374.396433604] [robot_1.robot_supervisor]: Selected controllable event: EV_move_forward
[INFO] [1789488374.679024110] [robot_1.robot_supervisor]: Triggered uncontrollable event: EV_zone_a_visible
[INFO] [1789488374.694331681] [robot_1.robot_supervisor]: Triggered uncontrollable event: EV_zone_b_not_visible
[INFO] [1789488374.700533140] [robot_1.robot_supervisor]: Selected controllable event: EV_approach_zone
[INFO] [1789488374.961262310] [robot_1.robot_supervisor]: Selected controllable event: EV_approach_zone
[INFO] [1789488375.177897357] [robot_1.robot_supervisor]: Selected controllable event: EV_approach_zone
[INFO] [1789488375.482692127] [robot_1.robot_supervisor]: Selected controllable event: EV_move_forward
[INFO] [1789488375.766306248] [robot_1.robot_supervisor]: Triggered uncontrollable event: EV_zone_b_not_visible
[INFO] [1789488375.770464851] [robot_1.robot_supervisor]: Triggered uncontrollable event: EV_zone_a_reached
[INFO] [1789488375.780324468] [robot_1.robot_supervisor]: Selected controllable event: EV_search_zone
[INFO] [1789488375.971397922] [robot_1.robot_supervisor]: Selected controllable event: EV_move_forward
[INFO] [1789488376.268623238] [robot_1.robot_supervisor]: Selected controllable event: EV_move_forward
[INFO] [1789488376.482097284] [robot_1.robot_supervisor]: Triggered uncontrollable event: EV_obstacle_front
[INFO] [1789488376.483034708] [robot_1.robot_supervisor]: Selected controllable event: EV_rotate_clockwise
[INFO] [1789488376.661329105] [robot_1.robot_supervisor]: Triggered uncontrollable event: EV_obstacle_front
[INFO] [1789488376.663061636] [robot_1.robot_supervisor]: Triggered uncontrollable event: EV_zone_b_not_visible
[INFO] [1789488376.669722138] [robot_1.robot_supervisor]: Triggered uncontrollable event: EV_zone_a_reached
[INFO] [1789488376.681022708] [robot_1.robot_supervisor]: Selected controllable event: EV_rotate_counterclockwise
[INFO] [1789488376.884063525] [robot_1.robot_supervisor]: Triggered uncontrollable event: EV_obstacle_front
[INFO] [1789488376.888489260] [robot_1.robot_supervisor]: Selected controllable event: EV_rotate_clockwise
[INFO] [1789488377.082608212] [robot_1.robot_supervisor]: Triggered uncontrollable event: EV_obstacle_front
[INFO] [1789488377.098174936] [robot_1.robot_supervisor]: Selected controllable event: EV_move_backward
[INFO] [1789488377.358969007] [robot_1.robot_supervisor]: Triggered uncontrollable event: EV_obstacle_front
[INFO] [1789488377.374828849] [robot_1.robot_supervisor]: Selected controllable event: EV_move_backward
[INFO] [1789488377.667892265] [robot_1.robot_supervisor]: Triggered uncontrollable event: EV_obstacle_front
[INFO] [1789488377.668719528] [robot_1.robot_supervisor]: Triggered uncontrollable event: EV_zone_b_not_visible
[INFO] [1789488377.681298972] [robot_1.robot_supervisor]: Triggered uncontrollable event: EV_zone_a_reached
[INFO] [1789488377.684942450] [robot_1.robot_supervisor]: Selected controllable event: EV_rotate_counterclockwise
[INFO] [1789488377.865276260] [robot_1.robot_supervisor]: Triggered uncontrollable event: EV_obstacle_front
[INFO] [1789488377.867391936] [robot_1.robot_supervisor]: Selected controllable event: EV_rotate_counterclockwise
[INFO] [1789488378.063548860] [robot_1.robot_supervisor]: Triggered uncontrollable event: EV_obstacle_front
[INFO] [1789488378.071506274] [robot_1.robot_supervisor]: Selected controllable event: EV_move_backward
[INFO] [1789488378.302053738] [robot_1.robot_supervisor]: Triggered uncontrollable event: EV_obstacle_front
[INFO] [1789488378.302957584] [robot_1.robot_supervisor]: Selected controllable event: EV_u_turn
[INFO] [1789488378.321104860] [robot_1.robot_supervisor]: Starting FULL ROTATE (omega=1.000, have_odom=True, target_rad=3.142, timeout_s=3.500)
[INFO] [1789488381.868839150] [robot_1.robot_supervisor]: FULL ROTATE completed by timeout
[INFO] [1789488382.073322906] [robot_1.robot_supervisor]: Triggered uncontrollable event: EV_zone_b_not_visible
[INFO] [1789488382.089714541] [robot_1.robot_supervisor]: Triggered uncontrollable event: EV_zone_a_reached
[INFO] [1789488382.090747298] [robot_1.robot_supervisor]: Selected controllable event: EV_search_zone
[INFO] [1789488382.268919840] [robot_1.robot_supervisor]: Selected controllable event: EV_move_forward
[INFO] [1789488382.580819688] [robot_1.robot_supervisor]: Triggered uncontrollable event: EV_zone_b_visible
[INFO] [1789488382.581615758] [robot_1.robot_supervisor]: Triggered uncontrollable event: EV_zone_a_reached
[INFO] [1789488382.608512360] [robot_1.robot_supervisor]: Selected controllable event: EV_approach_zone
[INFO] [1789488382.852248465] [robot_1.robot_supervisor]: Selected controllable event: EV_move_forward
[INFO] [1789488383.088793346] [robot_1.robot_supervisor]: Selected controllable event: EV_move_forward
[INFO] [1789488383.375459676] [robot_1.robot_supervisor]: Triggered uncontrollable event: EV_zone_b_visible
[INFO] [1789488383.376355430] [robot_1.robot_supervisor]: Triggered uncontrollable event: EV_zone_a_reached
[INFO] [1789488383.377237489] [robot_1.robot_supervisor]: Selected controllable event: EV_approach_zone
[INFO] [1789488383.675051799] [robot_1.robot_supervisor]: Selected controllable event: EV_move_forward
[INFO] [1789488383.984600921] [robot_1.robot_supervisor]: Selected controllable event: EV_move_forward
[INFO] [1789488384.282843651] [robot_1.robot_supervisor]: Triggered uncontrollable event: EV_zone_b_visible
[INFO] [1789488384.283661019] [robot_1.robot_supervisor]: Triggered uncontrollable event: EV_zone_a_reached
[INFO] [1789488384.284603519] [robot_1.robot_supervisor]: Selected controllable event: EV_move_forward
[INFO] [1789488384.572749770] [robot_1.robot_supervisor]: Selected controllable event: EV_approach_zone
[INFO] [1789488384.776878726] [robot_1.robot_supervisor]: Selected controllable event: EV_move_forward
[INFO] [1789488385.063910368] [robot_1.robot_supervisor]: Selected controllable event: EV_move_forward
[INFO] [1789488385.310923544] [robot_1.robot_supervisor]: Triggered uncontrollable event: EV_zone_b_visible
[INFO] [1789488385.311728973] [robot_1.robot_supervisor]: Triggered uncontrollable event: EV_zone_a_reached
[INFO] [1789488385.327840930] [robot_1.robot_supervisor]: Selected controllable event: EV_move_forward
[INFO] [1789488385.569170157] [robot_1.robot_supervisor]: Selected controllable event: EV_move_forward
[INFO] [1789488385.864725241] [robot_1.robot_supervisor]: Selected controllable event: EV_move_forward
[INFO] [1789488386.161346788] [robot_1.robot_supervisor]: Triggered uncontrollable event: EV_zone_a_not_visible
[INFO] [1789488386.170225135] [robot_1.robot_supervisor]: Selected controllable event: EV_approach_zone
[INFO] [1789488386.375255152] [robot_1.robot_supervisor]: Triggered uncontrollable event: EV_zone_b_visible
[INFO] [1789488386.386346455] [robot_1.robot_supervisor]: Selected controllable event: EV_approach_zone
[INFO] [1789488386.661795629] [robot_1.robot_supervisor]: Selected controllable event: EV_move_forward
[INFO] [1789488386.987055323] [robot_1.robot_supervisor]: Selected controllable event: EV_move_forward
[INFO] [1789488387.270181498] [robot_1.robot_supervisor]: Triggered uncontrollable event: EV_zone_b_visible
[INFO] [1789488387.277784543] [robot_1.robot_supervisor]: Triggered uncontrollable event: EV_zone_a_not_visible
[INFO] [1789488387.281173685] [robot_1.robot_supervisor]: Selected controllable event: EV_move_forward
[INFO] [1789488387.557552455] [robot_1.robot_supervisor]: Selected controllable event: EV_move_forward
[INFO] [1789488387.777725274] [robot_1.robot_supervisor]: Selected controllable event: EV_move_forward
[INFO] [1789488388.088322919] [robot_1.robot_supervisor]: Selected controllable event: EV_approach_zone
[INFO] [1789488388.355260040] [robot_1.robot_supervisor]: Triggered uncontrollable event: EV_zone_b_visible
[INFO] [1789488388.371178374] [robot_1.robot_supervisor]: Triggered uncontrollable event: EV_zone_a_not_visible
[INFO] [1789488388.372295473] [robot_1.robot_supervisor]: Selected controllable event: EV_approach_zone
[INFO] [1789488388.662033737] [robot_1.robot_supervisor]: Selected controllable event: EV_move_forward
[INFO] [1789488388.872759344] [robot_1.robot_supervisor]: Selected controllable event: EV_approach_zone
[INFO] [1789488389.187758299] [robot_1.robot_supervisor]: Triggered uncontrollable event: EV_zone_b_visible
[INFO] [1789488389.188503382] [robot_1.robot_supervisor]: Triggered uncontrollable event: EV_zone_a_not_visible
[INFO] [1789488389.193885611] [robot_1.robot_supervisor]: Selected controllable event: EV_approach_zone
[INFO] [1789488389.465968181] [robot_1.robot_supervisor]: Selected controllable event: EV_move_forward
[INFO] [1789488389.770275549] [robot_1.robot_supervisor]: Selected controllable event: EV_approach_zone
[INFO] [1789488390.083979375] [robot_1.robot_supervisor]: Triggered uncontrollable event: EV_zone_b_visible
[INFO] [1789488390.090399896] [robot_1.robot_supervisor]: Triggered uncontrollable event: EV_zone_a_not_visible
[INFO] [1789488390.097502845] [robot_1.robot_supervisor]: Selected controllable event: EV_move_forward
[INFO] [1789488390.382883005] [robot_1.robot_supervisor]: Selected controllable event: EV_approach_zone
[INFO] [1789488390.664467143] [robot_1.robot_supervisor]: Selected controllable event: EV_approach_zone
[INFO] [1789488390.872288083] [robot_1.robot_supervisor]: Selected controllable event: EV_move_forward
[INFO] [1789488391.174693589] [robot_1.robot_supervisor]: Triggered uncontrollable event: EV_zone_b_visible
[INFO] [1789488391.182152997] [robot_1.robot_supervisor]: Triggered uncontrollable event: EV_zone_a_not_visible
[INFO] [1789488391.184467128] [robot_1.robot_supervisor]: Selected controllable event: EV_move_forward
[INFO] [1789488391.460407730] [robot_1.robot_supervisor]: Selected controllable event: EV_move_forward
[INFO] [1789488391.683482526] [robot_1.robot_supervisor]: Selected controllable event: EV_move_forward
[INFO] [1789488391.983397934] [robot_1.robot_supervisor]: Triggered uncontrollable event: EV_zone_b_visible
[INFO] [1789488391.984315174] [robot_1.robot_supervisor]: Triggered uncontrollable event: EV_zone_a_not_visible
[INFO] [1789488391.995066554] [robot_1.robot_supervisor]: Selected controllable event: EV_approach_zone
[INFO] [1789488392.292278898] [robot_1.robot_supervisor]: Selected controllable event: EV_move_forward
[INFO] [1789488392.567310799] [robot_1.robot_supervisor]: Selected controllable event: EV_move_forward
[INFO] [1789488392.881749365] [robot_1.robot_supervisor]: Selected controllable event: EV_move_forward
[INFO] [1789488393.179637781] [robot_1.robot_supervisor]: Triggered uncontrollable event: EV_zone_b_visible
[INFO] [1789488393.186320073] [robot_1.robot_supervisor]: Triggered uncontrollable event: EV_zone_a_not_visible
[INFO] [1789488393.194717766] [robot_1.robot_supervisor]: Selected controllable event: EV_move_forward
[INFO] [1789488393.464887651] [robot_1.robot_supervisor]: Selected controllable event: EV_approach_zone
[INFO] [1789488393.681213487] [robot_1.robot_supervisor]: Selected controllable event: EV_approach_zone
[INFO] [1789488393.884820142] [robot_1.robot_supervisor]: Selected controllable event: EV_approach_zone
[INFO] [1789488394.178740151] [robot_1.robot_supervisor]: Triggered uncontrollable event: EV_zone_b_visible
[INFO] [1789488394.179635322] [robot_1.robot_supervisor]: Triggered uncontrollable event: EV_zone_a_not_visible
[INFO] [1789488394.201924747] [robot_1.robot_supervisor]: Selected controllable event: EV_approach_zone
[INFO] [1789488394.459502522] [robot_1.robot_supervisor]: Selected controllable event: EV_approach_zone
[INFO] [1789488394.688435181] [robot_1.robot_supervisor]: Selected controllable event: EV_approach_zone
[INFO] [1789488394.987744697] [robot_1.robot_supervisor]: Triggered uncontrollable event: EV_zone_a_not_visible
[INFO] [1789488395.011726006] [robot_1.robot_supervisor]: Selected controllable event: EV_move_forward
[INFO] [1789488395.273167994] [robot_1.robot_supervisor]: Triggered uncontrollable event: EV_zone_b_visible
[INFO] [1789488395.282108504] [robot_1.robot_supervisor]: Selected controllable event: EV_move_forward
[INFO] [1789488395.578493303] [robot_1.robot_supervisor]: Selected controllable event: EV_approach_zone
[INFO] [1789488395.895231019] [robot_1.robot_supervisor]: Selected controllable event: EV_move_forward
[INFO] [1789488396.160114025] [robot_1.robot_supervisor]: Triggered uncontrollable event: EV_zone_b_visible
[INFO] [1789488396.177230449] [robot_1.robot_supervisor]: Triggered uncontrollable event: EV_zone_a_not_visible
[INFO] [1789488396.178390231] [robot_1.robot_supervisor]: Selected controllable event: EV_move_forward
[INFO] [1789488396.489992544] [robot_1.robot_supervisor]: Selected controllable event: EV_move_forward
[INFO] [1789488396.789407227] [robot_1.robot_supervisor]: Selected controllable event: EV_move_forward
[INFO] [1789488397.074267229] [robot_1.robot_supervisor]: Selected controllable event: EV_approach_zone
[INFO] [1789488397.375461431] [robot_1.robot_supervisor]: Triggered uncontrollable event: EV_zone_a_not_visible
[INFO] [1789488397.376311935] [robot_1.robot_supervisor]: Triggered uncontrollable event: EV_zone_b_reached
[INFO] [1789488397.394649807] [robot_1.robot_supervisor]: Selected controllable event: EV_search_zone
[INFO] [1789488397.564603536] [robot_1.robot_supervisor]: Selected controllable event: EV_search_zone
[INFO] [1789488397.681480280] [robot_1.robot_supervisor]: Selected controllable event: EV_search_zone
[INFO] [1789488397.876742358] [robot_1.robot_supervisor]: Selected controllable event: EV_move_forward
[INFO] [1789488398.104677702] [robot_1.robot_supervisor]: Selected controllable event: EV_move_forward
[INFO] [1789488398.364761751] [robot_1.robot_supervisor]: Triggered uncontrollable event: EV_zone_a_not_visible
[INFO] [1789488398.368195253] [robot_1.robot_supervisor]: Triggered uncontrollable event: EV_zone_b_reached
[INFO] [1789488398.372978908] [robot_1.robot_supervisor]: Triggered uncontrollable event: EV_obstacle_front
[INFO] [1789488398.384309138] [robot_1.robot_supervisor]: Selected controllable event: EV_rotate_clockwise
[INFO] [1789488398.571547269] [robot_1.robot_supervisor]: Triggered uncontrollable event: EV_obstacle_front
[INFO] [1789488398.580321755] [robot_1.robot_supervisor]: Selected controllable event: EV_rotate_clockwise
[INFO] [1789488398.784976397] [robot_1.robot_supervisor]: Triggered uncontrollable event: EV_obstacle_front
[INFO] [1789488398.798190142] [robot_1.robot_supervisor]: Selected controllable event: EV_move_backward
[INFO] [1789488399.091756065] [robot_1.robot_supervisor]: Triggered uncontrollable event: EV_obstacle_left
[INFO] [1789488399.092843250] [robot_1.robot_supervisor]: Selected controllable event: EV_u_turn
[INFO] [1789488399.107137029] [robot_1.robot_supervisor]: Starting FULL ROTATE (omega=1.000, have_odom=True, target_rad=3.142, timeout_s=3.500)
[INFO] [1789488402.169562099] [robot_1.robot_supervisor]: RECEIVED zone_a; balance=zone_a_has_extra
[INFO] [1789488402.666315213] [robot_1.robot_supervisor]: FULL ROTATE completed by timeout
[INFO] [1789488402.876088169] [robot_1.robot_supervisor]: Triggered uncontrollable event: EV_zone_a_not_visible
[INFO] [1789488402.889053584] [robot_1.robot_supervisor]: Triggered uncontrollable event: EV_received_delivered_zone_a
[INFO] [1789488402.894780520] [robot_1.robot_supervisor]: Triggered uncontrollable event: EV_zone_b_reached
[INFO] [1789488402.902942283] [robot_1.robot_supervisor]: Selected controllable event: EV_move_forward
[INFO] [1789488403.165491719] [robot_1.robot_supervisor]: Selected controllable event: EV_move_forward
[INFO] [1789488403.391757989] [robot_1.robot_supervisor]: Triggered uncontrollable event: EV_zone_a_not_visible
[INFO] [1789488403.400652764] [robot_1.robot_supervisor]: Triggered uncontrollable event: EV_zone_b_reached
[INFO] [1789488403.406169884] [robot_1.robot_supervisor]: Selected controllable event: EV_search_zone
[INFO] [1789488403.579288817] [robot_1.robot_supervisor]: Selected controllable event: EV_search_zone
[INFO] [1789488403.774094685] [robot_1.robot_supervisor]: Selected controllable event: EV_move_forward
[INFO] [1789488404.067256958] [robot_1.robot_supervisor]: Selected controllable event: EV_search_zone
[INFO] [1789488404.172473931] [robot_1.robot_supervisor]: Selected controllable event: EV_search_zone
[INFO] [1789488404.347732516] [robot_1.robot_supervisor]: Triggered uncontrollable event: EV_zone_a_not_visible
[INFO] [1789488404.365532186] [robot_1.robot_supervisor]: Selected controllable event: EV_move_forward
[INFO] [1789488404.593457251] [robot_1.robot_supervisor]: Triggered uncontrollable event: EV_zone_b_reached
[INFO] [1789488404.608713217] [robot_1.robot_supervisor]: Selected controllable event: EV_search_zone
[INFO] [1789488404.771372825] [robot_1.robot_supervisor]: Selected controllable event: EV_search_zone
[INFO] [1789488404.898925193] [robot_1.robot_supervisor]: Selected controllable event: EV_move_forward
[INFO] [1789488405.161402223] [robot_1.robot_supervisor]: Selected controllable event: EV_search_zone
[INFO] [1789488405.376269611] [robot_1.robot_supervisor]: Triggered uncontrollable event: EV_zone_a_not_visible
[INFO] [1789488405.389705973] [robot_1.robot_supervisor]: Selected controllable event: EV_move_forward
[INFO] [1789488405.661168683] [robot_1.robot_supervisor]: Triggered uncontrollable event: EV_zone_b_reached
[INFO] [1789488405.662416355] [robot_1.robot_supervisor]: Selected controllable event: EV_move_forward
[INFO] [1789488405.881570327] [robot_1.robot_supervisor]: Selected controllable event: EV_move_forward
[INFO] [1789488406.098650401] [robot_1.robot_supervisor]: Selected controllable event: EV_search_zone
[INFO] [1789488406.290952530] [robot_1.robot_supervisor]: Selected controllable event: EV_search_zone
[INFO] [1789488406.482195536] [robot_1.robot_supervisor]: Triggered uncontrollable event: EV_zone_a_not_visible
[INFO] [1789488406.483519575] [robot_1.robot_supervisor]: Triggered uncontrollable event: EV_zone_b_reached
[INFO] [1789488406.484650307] [robot_1.robot_supervisor]: Selected controllable event: EV_move_forward
[INFO] [1789488406.756271215] [robot_1.robot_supervisor]: Selected controllable event: EV_move_forward
[INFO] [1789488406.984339011] [robot_1.robot_supervisor]: Selected controllable event: EV_search_zone
[INFO] [1789488407.178232091] [robot_1.robot_supervisor]: Selected controllable event: EV_search_zone
[INFO] [1789488407.298577523] [robot_1.robot_supervisor]: Selected controllable event: EV_move_forward
[INFO] [1789488407.587642066] [robot_1.robot_supervisor]: Triggered uncontrollable event: EV_zone_a_not_visible
[INFO] [1789488407.588502823] [robot_1.robot_supervisor]: Triggered uncontrollable event: EV_zone_b_reached
[INFO] [1789488407.589335722] [robot_1.robot_supervisor]: Triggered uncontrollable event: EV_obstacle_left
[INFO] [1789488407.605062281] [robot_1.robot_supervisor]: Selected controllable event: EV_u_turn
[INFO] [1789488407.606158442] [robot_1.robot_supervisor]: Starting FULL ROTATE (omega=1.000, have_odom=True, target_rad=3.142, timeout_s=3.500)
[INFO] [1789488411.164012539] [robot_1.robot_supervisor]: FULL ROTATE completed by timeout
[INFO] [1789488411.480180943] [robot_1.robot_supervisor]: Triggered uncontrollable event: EV_zone_a_not_visible
[INFO] [1789488411.497525736] [robot_1.robot_supervisor]: Triggered uncontrollable event: EV_obstacle_right
[INFO] [1789488411.498366405] [robot_1.robot_supervisor]: Triggered uncontrollable event: EV_zone_b_reached
[INFO] [1789488411.499388942] [robot_1.robot_supervisor]: Selected controllable event: EV_u_turn
[INFO] [1789488411.585685813] [robot_1.robot_supervisor]: Triggered uncontrollable event: EV_obstacle_right
[INFO] [1789488411.586626257] [robot_1.robot_supervisor]: Selected controllable event: EV_u_turn
[INFO] [1789488411.652967852] [robot_1.robot_supervisor]: Triggered uncontrollable event: EV_obstacle_right
[INFO] [1789488411.676161206] [robot_1.robot_supervisor]: Selected controllable event: EV_u_turn
[INFO] [1789488411.771058110] [robot_1.robot_supervisor]: Triggered uncontrollable event: EV_obstacle_right
[INFO] [1789488411.790634243] [robot_1.robot_supervisor]: Selected controllable event: EV_u_turn
[INFO] [1789488411.884397997] [robot_1.robot_supervisor]: Triggered uncontrollable event: EV_obstacle_right
[INFO] [1789488411.909793115] [robot_1.robot_supervisor]: Selected controllable event: EV_rotate_counterclockwise
[INFO] [1789488412.089087441] [robot_1.robot_supervisor]: Triggered uncontrollable event: EV_obstacle_right
[INFO] [1789488412.104930309] [robot_1.robot_supervisor]: Selected controllable event: EV_rotate_counterclockwise
[INFO] [1789488412.281553805] [robot_1.robot_supervisor]: Triggered uncontrollable event: EV_obstacle_right
[INFO] [1789488412.282595049] [robot_1.robot_supervisor]: Selected controllable event: EV_rotate_counterclockwise
[INFO] [1789488412.485812241] [robot_1.robot_supervisor]: Triggered uncontrollable event: EV_zone_a_not_visible
[INFO] [1789488412.492074851] [robot_1.robot_supervisor]: Triggered uncontrollable event: EV_obstacle_right
[INFO] [1789488412.502778843] [robot_1.robot_supervisor]: Selected controllable event: EV_rotate_counterclockwise
[INFO] [1789488412.673394568] [robot_1.robot_supervisor]: Triggered uncontrollable event: EV_obstacle_right
[INFO] [1789488412.674152186] [robot_1.robot_supervisor]: Triggered uncontrollable event: EV_zone_b_reached
[INFO] [1789488412.695593280] [robot_1.robot_supervisor]: Selected controllable event: EV_u_turn
[INFO] [1789488412.770151379] [robot_1.robot_supervisor]: Triggered uncontrollable event: EV_obstacle_right
[INFO] [1789488412.771130270] [robot_1.robot_supervisor]: Selected controllable event: EV_rotate_counterclockwise
[INFO] [1789488412.880282506] [robot_1.robot_supervisor]: Triggered uncontrollable event: EV_obstacle_right
[INFO] [1789488412.881243316] [robot_1.robot_supervisor]: Selected controllable event: EV_u_turn
[INFO] [1789488412.951752188] [robot_1.robot_supervisor]: Triggered uncontrollable event: EV_obstacle_right
[INFO] [1789488412.952739885] [robot_1.robot_supervisor]: Selected controllable event: EV_rotate_counterclockwise
[INFO] [1789488413.167936161] [robot_1.robot_supervisor]: Triggered uncontrollable event: EV_obstacle_right
[INFO] [1789488413.183700717] [robot_1.robot_supervisor]: Selected controllable event: EV_u_turn
[INFO] [1789488413.274080687] [robot_1.robot_supervisor]: Triggered uncontrollable event: EV_obstacle_right
[INFO] [1789488413.275007856] [robot_1.robot_supervisor]: Selected controllable event: EV_rotate_counterclockwise
[INFO] [1789488413.453180951] [robot_1.robot_supervisor]: Triggered uncontrollable event: EV_zone_a_not_visible
[INFO] [1789488413.463912842] [robot_1.robot_supervisor]: Triggered uncontrollable event: EV_zone_b_reached
[INFO] [1789488413.464875965] [robot_1.robot_supervisor]: Selected controllable event: EV_search_zone
[INFO] [1789488413.676174264] [robot_1.robot_supervisor]: Selected controllable event: EV_search_zone
[INFO] [1789488413.880554622] [robot_1.robot_supervisor]: Selected controllable event: EV_move_forward
[INFO] [1789488414.084288390] [robot_1.robot_supervisor]: Selected controllable event: EV_search_zone
[INFO] [1789488414.198429554] [robot_1.robot_supervisor]: Selected controllable event: EV_search_zone
[INFO] [1789488414.386575169] [robot_1.robot_supervisor]: Triggered uncontrollable event: EV_zone_a_not_visible
[INFO] [1789488414.387335585] [robot_1.robot_supervisor]: Triggered uncontrollable event: EV_zone_b_reached
[INFO] [1789488414.388285904] [robot_1.robot_supervisor]: Selected controllable event: EV_search_zone
[INFO] [1789488414.565230211] [robot_1.robot_supervisor]: Selected controllable event: EV_move_forward
[INFO] [1789488414.881922538] [robot_1.robot_supervisor]: Selected controllable event: EV_move_forward
[INFO] [1789488415.159930541] [robot_1.robot_supervisor]: Selected controllable event: EV_move_forward
[INFO] [1789488415.370879809] [robot_1.robot_supervisor]: Triggered uncontrollable event: EV_zone_a_visible
[INFO] [1789488415.375885855] [robot_1.robot_supervisor]: Triggered uncontrollable event: EV_zone_b_reached
[INFO] [1789488415.390221805] [robot_1.robot_supervisor]: Selected controllable event: EV_approach_zone
[INFO] [1789488415.602955229] [robot_1.robot_supervisor]: Selected controllable event: EV_approach_zone
[INFO] [1789488415.874841034] [robot_1.robot_supervisor]: Selected controllable event: EV_approach_zone
[INFO] [1789488416.173712697] [robot_1.robot_supervisor]: Selected controllable event: EV_approach_zone
[INFO] [1789488416.473748160] [robot_1.robot_supervisor]: Triggered uncontrollable event: EV_zone_a_visible
[INFO] [1789488416.474673171] [robot_1.robot_supervisor]: Triggered uncontrollable event: EV_zone_b_reached
[INFO] [1789488416.475769193] [robot_1.robot_supervisor]: Selected controllable event: EV_move_forward
[INFO] [1789488416.790038554] [robot_1.robot_supervisor]: Selected controllable event: EV_move_forward
[INFO] [1789488417.060123140] [robot_1.robot_supervisor]: Selected controllable event: EV_approach_zone
[INFO] [1789488417.395386787] [robot_1.robot_supervisor]: Triggered uncontrollable event: EV_zone_a_visible
[INFO] [1789488417.396125706] [robot_1.robot_supervisor]: Triggered uncontrollable event: EV_zone_b_reached
[INFO] [1789488417.397045091] [robot_1.robot_supervisor]: Selected controllable event: EV_approach_zone
[INFO] [1789488417.659668549] [robot_1.robot_supervisor]: Selected controllable event: EV_move_forward
[INFO] [1789488417.901706806] [robot_1.robot_supervisor]: Selected controllable event: EV_move_forward
[INFO] [1789488418.173061565] [robot_1.robot_supervisor]: Triggered uncontrollable event: EV_zone_a_visible
[INFO] [1789488418.174086380] [robot_1.robot_supervisor]: Selected controllable event: EV_approach_zone
[INFO] [1789488418.395071545] [robot_1.robot_supervisor]: Triggered uncontrollable event: EV_zone_b_reached
[INFO] [1789488418.412973364] [robot_1.robot_supervisor]: Selected controllable event: EV_approach_zone
[INFO] [1789488418.679420301] [robot_1.robot_supervisor]: Selected controllable event: EV_move_forward
[INFO] [1789488418.970036560] [robot_1.robot_supervisor]: Selected controllable event: EV_approach_zone
[INFO] [1789488419.265538560] [robot_1.robot_supervisor]: Triggered uncontrollable event: EV_zone_a_visible
[INFO] [1789488419.283374767] [robot_1.robot_supervisor]: Triggered uncontrollable event: EV_zone_b_not_visible
[INFO] [1789488419.284348910] [robot_1.robot_supervisor]: Selected controllable event: EV_approach_zone
[INFO] [1789488419.547918640] [robot_1.robot_supervisor]: Selected controllable event: EV_approach_zone
[INFO] [1789488419.750407875] [robot_1.robot_supervisor]: Selected controllable event: EV_move_forward
[INFO] [1789488419.979915167] [robot_1.robot_supervisor]: Selected controllable event: EV_approach_zone
[INFO] [1789488420.290788965] [robot_1.robot_supervisor]: Triggered uncontrollable event: EV_zone_a_not_visible
[INFO] [1789488420.291620358] [robot_1.robot_supervisor]: Triggered uncontrollable event: EV_zone_b_not_visible
[INFO] [1789488420.302658633] [robot_1.robot_supervisor]: Selected controllable event: EV_search_zone
[INFO] [1789488420.470594665] [robot_1.robot_supervisor]: Selected controllable event: EV_move_forward
[INFO] [1789488420.685678562] [robot_1.robot_supervisor]: Selected controllable event: EV_search_zone
[INFO] [1789488420.868477610] [robot_1.robot_supervisor]: Selected controllable event: EV_search_zone
[INFO] [1789488420.985191028] [robot_1.robot_supervisor]: Selected controllable event: EV_search_zone
[INFO] [1789488421.172803497] [robot_1.robot_supervisor]: Triggered uncontrollable event: EV_zone_a_not_visible
[INFO] [1789488421.173547482] [robot_1.robot_supervisor]: Triggered uncontrollable event: EV_zone_b_not_visible
[INFO] [1789488421.186239022] [robot_1.robot_supervisor]: Selected controllable event: EV_move_forward
[INFO] [1789488421.470549634] [robot_1.robot_supervisor]: Selected controllable event: EV_move_forward
[INFO] [1789488421.694884049] [robot_1.robot_supervisor]: Selected controllable event: EV_move_forward
[INFO] [1789488421.972157630] [robot_1.robot_supervisor]: Triggered uncontrollable event: EV_zone_a_visible
[INFO] [1789488421.987456494] [robot_1.robot_supervisor]: Triggered uncontrollable event: EV_zone_b_not_visible
[INFO] [1789488421.988497704] [robot_1.robot_supervisor]: Selected controllable event: EV_move_forward
[INFO] [1789488422.258364388] [robot_1.robot_supervisor]: Selected controllable event: EV_approach_zone
[INFO] [1789488422.475125664] [robot_1.robot_supervisor]: Selected controllable event: EV_approach_zone
[INFO] [1789488422.778118232] [robot_1.robot_supervisor]: Triggered uncontrollable event: EV_zone_a_visible
[INFO] [1789488422.779076415] [robot_1.robot_supervisor]: Selected controllable event: EV_approach_zone
[INFO] [1789488423.071648339] [robot_1.robot_supervisor]: Triggered uncontrollable event: EV_zone_b_not_visible
[INFO] [1789488423.083302511] [robot_1.robot_supervisor]: Selected controllable event: EV_move_forward
[INFO] [1789488423.370071638] [robot_1.robot_supervisor]: Selected controllable event: EV_move_forward
[INFO] [1789488423.647789913] [robot_1.robot_supervisor]: Selected controllable event: EV_approach_zone
[INFO] [1789488423.980240356] [robot_1.robot_supervisor]: Triggered uncontrollable event: EV_zone_a_visible
[INFO] [1789488423.991105455] [robot_1.robot_supervisor]: Triggered uncontrollable event: EV_zone_b_not_visible
[INFO] [1789488423.992122530] [robot_1.robot_supervisor]: Selected controllable event: EV_approach_zone
[INFO] [1789488424.265266824] [robot_1.robot_supervisor]: Selected controllable event: EV_approach_zone
[INFO] [1789488424.581558658] [robot_1.robot_supervisor]: Selected controllable event: EV_approach_zone
[INFO] [1789488424.878344628] [robot_1.robot_supervisor]: Triggered uncontrollable event: EV_zone_a_visible
[INFO] [1789488424.879094704] [robot_1.robot_supervisor]: Triggered uncontrollable event: EV_zone_b_not_visible
[INFO] [1789488424.893876451] [robot_1.robot_supervisor]: Selected controllable event: EV_move_forward
[INFO] [1789488425.174716974] [robot_1.robot_supervisor]: Selected controllable event: EV_move_forward
[INFO] [1789488425.464682895] [robot_1.robot_supervisor]: Selected controllable event: EV_move_forward
[INFO] [1789488425.685981518] [robot_1.robot_supervisor]: Triggered uncontrollable event: EV_zone_a_visible
[INFO] [1789488425.697273447] [robot_1.robot_supervisor]: Triggered uncontrollable event: EV_zone_b_not_visible
[INFO] [1789488425.716827774] [robot_1.robot_supervisor]: Selected controllable event: EV_move_forward
[INFO] [1789488425.996716996] [robot_1.robot_supervisor]: Selected controllable event: EV_approach_zone
[INFO] [1789488426.271540763] [robot_1.robot_supervisor]: Selected controllable event: EV_move_forward
[INFO] [1789488426.493949988] [robot_1.robot_supervisor]: Selected controllable event: EV_approach_zone
[INFO] [1789488426.784388759] [robot_1.robot_supervisor]: Triggered uncontrollable event: EV_zone_a_visible
[INFO] [1789488426.785230382] [robot_1.robot_supervisor]: Triggered uncontrollable event: EV_zone_b_not_visible
[INFO] [1789488426.786264645] [robot_1.robot_supervisor]: Selected controllable event: EV_approach_zone
[INFO] [1789488427.067550155] [robot_1.robot_supervisor]: Selected controllable event: EV_approach_zone
[INFO] [1789488427.372946942] [robot_1.robot_supervisor]: Selected controllable event: EV_approach_zone
[INFO] [1789488427.578857318] [robot_1.robot_supervisor]: Triggered uncontrollable event: EV_zone_a_visible
[INFO] [1789488427.592986443] [robot_1.robot_supervisor]: Selected controllable event: EV_approach_zone
[INFO] [1789488427.861152563] [robot_1.robot_supervisor]: Triggered uncontrollable event: EV_zone_b_not_visible
[INFO] [1789488427.877419186] [robot_1.robot_supervisor]: Selected controllable event: EV_approach_zone
[INFO] [1789488428.154306561] [robot_1.robot_supervisor]: Selected controllable event: EV_move_forward
[INFO] [1789488428.365743191] [robot_1.robot_supervisor]: Selected controllable event: EV_move_forward
[INFO] [1789488428.664865751] [robot_1.robot_supervisor]: Triggered uncontrollable event: EV_zone_a_visible
[INFO] [1789488428.665752982] [robot_1.robot_supervisor]: Triggered uncontrollable event: EV_zone_b_not_visible
[INFO] [1789488428.666586810] [robot_1.robot_supervisor]: Selected controllable event: EV_approach_zone
[INFO] [1789488428.986156586] [robot_1.robot_supervisor]: Selected controllable event: EV_move_forward
[INFO] [1789488429.276257028] [robot_1.robot_supervisor]: Selected controllable event: EV_approach_zone
[INFO] [1789488429.582197508] [robot_1.robot_supervisor]: Triggered uncontrollable event: EV_zone_a_visible
[INFO] [1789488429.597888241] [robot_1.robot_supervisor]: Triggered uncontrollable event: EV_zone_b_not_visible
[INFO] [1789488429.605387713] [robot_1.robot_supervisor]: Selected controllable event: EV_move_forward
[INFO] [1789488429.857171360] [robot_1.robot_supervisor]: Selected controllable event: EV_move_forward
[INFO] [1789488430.070247668] [robot_1.robot_supervisor]: Selected controllable event: EV_approach_zone
[INFO] [1789488430.275932270] [robot_1.robot_supervisor]: Selected controllable event: EV_approach_zone
[INFO] [1789488430.568158179] [robot_1.robot_supervisor]: Triggered uncontrollable event: EV_zone_a_visible
[INFO] [1789488430.568847446] [robot_1.robot_supervisor]: Triggered uncontrollable event: EV_zone_b_not_visible
[INFO] [1789488430.579821326] [robot_1.robot_supervisor]: Selected controllable event: EV_approach_zone
[INFO] [1789488430.866835165] [robot_1.robot_supervisor]: Selected controllable event: EV_approach_zone
[INFO] [1789488431.105813612] [robot_1.robot_supervisor]: Selected controllable event: EV_approach_zone
[INFO] [1789488431.384093661] [robot_1.robot_supervisor]: Selected controllable event: EV_move_forward
[INFO] [1789488431.668192304] [robot_1.robot_supervisor]: Triggered uncontrollable event: EV_zone_b_not_visible
[INFO] [1789488431.690260055] [robot_1.robot_supervisor]: Triggered uncontrollable event: EV_zone_a_reached
[INFO] [1789488431.706518136] [robot_1.robot_supervisor]: Selected controllable event: EV_move_forward
[INFO] [1789488431.976264439] [robot_1.robot_supervisor]: Selected controllable event: EV_move_forward
[INFO] [1789488432.181215022] [robot_1.robot_supervisor]: Selected controllable event: EV_search_zone
[INFO] [1789488432.375071339] [robot_1.robot_supervisor]: Triggered uncontrollable event: EV_obstacle_front
[INFO] [1789488432.375989411] [robot_1.robot_supervisor]: Triggered uncontrollable event: EV_zone_b_not_visible
[INFO] [1789488432.386127486] [robot_1.robot_supervisor]: Triggered uncontrollable event: EV_zone_a_reached
[INFO] [1789488432.401303014] [robot_1.robot_supervisor]: Selected controllable event: EV_rotate_clockwise
[INFO] [1789488432.582472012] [robot_1.robot_supervisor]: Triggered uncontrollable event: EV_obstacle_front
[INFO] [1789488432.589262913] [robot_1.robot_supervisor]: Selected controllable event: EV_rotate_clockwise
[INFO] [1789488432.762667736] [robot_1.robot_supervisor]: Triggered uncontrollable event: EV_obstacle_front
[INFO] [1789488432.767460624] [robot_1.robot_supervisor]: Selected controllable event: EV_rotate_clockwise
[INFO] [1789488432.981042815] [robot_1.robot_supervisor]: Triggered uncontrollable event: EV_obstacle_front
[INFO] [1789488432.981841128] [robot_1.robot_supervisor]: Selected controllable event: EV_rotate_counterclockwise
[INFO] [1789488433.163703943] [robot_1.robot_supervisor]: Triggered uncontrollable event: EV_obstacle_front
[INFO] [1789488433.164551392] [robot_1.robot_supervisor]: Triggered uncontrollable event: EV_zone_a_reached
[INFO] [1789488433.165575292] [robot_1.robot_supervisor]: Selected controllable event: EV_u_turn
[INFO] [1789488433.185387280] [robot_1.robot_supervisor]: Starting FULL ROTATE (omega=1.000, have_odom=True, target_rad=3.142, timeout_s=3.500)
[INFO] [1789488436.447433504] [robot_1.robot_supervisor]: RECEIVED zone_b; balance=equal
[INFO] [1789488436.776614267] [robot_1.robot_supervisor]: FULL ROTATE completed by timeout
[INFO] [1789488436.979006296] [robot_1.robot_supervisor]: Triggered uncontrollable event: EV_obstacle_right
[INFO] [1789488436.979920032] [robot_1.robot_supervisor]: Triggered uncontrollable event: EV_zone_b_not_visible
[INFO] [1789488436.980653209] [robot_1.robot_supervisor]: Triggered uncontrollable event: EV_zone_a_reached
[INFO] [1789488437.001350812] [robot_1.robot_supervisor]: Triggered uncontrollable event: EV_received_delivered_zone_b
[INFO] [1789488437.008388703] [robot_1.robot_supervisor]: Selected controllable event: EV_rotate_counterclockwise
[WARN] [1789488437.019636382] [robot_1.robot_supervisor]: no translation for 4.4s livelock detected; starting atomic escape (turn_sign=+1)
[INFO] [1789488439.480298538] [robot_1.robot_supervisor]: Zone-livelock escape completed
[INFO] [1789488439.696395890] [robot_1.robot_supervisor]: Triggered uncontrollable event: EV_zone_b_not_visible
[INFO] [1789488439.700973030] [robot_1.robot_supervisor]: Triggered uncontrollable event: EV_zone_a_reached
[INFO] [1789488439.702086323] [robot_1.robot_supervisor]: Selected controllable event: EV_move_forward
[INFO] [1789488439.980273338] [robot_1.robot_supervisor]: Selected controllable event: EV_move_forward
[INFO] [1789488440.269231368] [robot_1.robot_supervisor]: Triggered uncontrollable event: EV_zone_b_not_visible
[INFO] [1789488440.286273846] [robot_1.robot_supervisor]: Triggered uncontrollable event: EV_zone_a_reached
[INFO] [1789488440.292185467] [robot_1.robot_supervisor]: Selected controllable event: EV_search_zone
[INFO] [1789488440.472496823] [robot_1.robot_supervisor]: Selected controllable event: EV_search_zone
[INFO] [1789488440.577778394] [robot_1.robot_supervisor]: Selected controllable event: EV_search_zone
[INFO] [1789488440.763996091] [robot_1.robot_supervisor]: Selected controllable event: EV_move_forward
[INFO] [1789488440.995079559] [robot_1.robot_supervisor]: Selected controllable event: EV_move_forward
[INFO] [1789488441.266205197] [robot_1.robot_supervisor]: Triggered uncontrollable event: EV_zone_b_visible
[INFO] [1789488441.267124635] [robot_1.robot_supervisor]: Triggered uncontrollable event: EV_zone_a_reached
[INFO] [1789488441.288809452] [robot_1.robot_supervisor]: Selected controllable event: EV_move_forward
[INFO] [1789488441.565141537] [robot_1.robot_supervisor]: Selected controllable event: EV_approach_zone
[INFO] [1789488441.789670626] [robot_1.robot_supervisor]: Selected controllable event: EV_move_forward
[INFO] [1789488442.062863266] [robot_1.robot_supervisor]: Selected controllable event: EV_approach_zone
[INFO] [1789488442.379510936] [robot_1.robot_supervisor]: Triggered uncontrollable event: EV_zone_b_visible
[INFO] [1789488442.399099988] [robot_1.robot_supervisor]: Triggered uncontrollable event: EV_zone_a_reached
[INFO] [1789488442.410786297] [robot_1.robot_supervisor]: Selected controllable event: EV_approach_zone
[INFO] [1789488442.651633661] [robot_1.robot_supervisor]: Selected controllable event: EV_move_forward
[INFO] [1789488442.863646041] [robot_1.robot_supervisor]: Selected controllable event: EV_approach_zone
[INFO] [1789488443.071608669] [robot_1.robot_supervisor]: Selected controllable event: EV_approach_zone
[INFO] [1789488443.282212457] [robot_1.robot_supervisor]: Triggered uncontrollable event: EV_zone_a_reached
[INFO] [1789488443.283440414] [robot_1.robot_supervisor]: Selected controllable event: EV_approach_zone
[INFO] [1789488443.569697683] [robot_1.robot_supervisor]: Triggered uncontrollable event: EV_zone_b_visible
[INFO] [1789488443.570873061] [robot_1.robot_supervisor]: Selected controllable event: EV_approach_zone
[INFO] [1789488443.777167647] [robot_1.robot_supervisor]: Selected controllable event: EV_move_forward
[INFO] [1789488443.994250153] [robot_1.robot_supervisor]: Selected controllable event: EV_move_forward
[INFO] [1789488444.272923587] [robot_1.robot_supervisor]: Triggered uncontrollable event: EV_zone_b_visible
[INFO] [1789488444.280588495] [robot_1.robot_supervisor]: Triggered uncontrollable event: EV_zone_a_reached
[INFO] [1789488444.291772700] [robot_1.robot_supervisor]: Selected controllable event: EV_move_forward
[INFO] [1789488444.567419470] [robot_1.robot_supervisor]: Selected controllable event: EV_approach_zone
[INFO] [1789488444.769250877] [robot_1.robot_supervisor]: Selected controllable event: EV_approach_zone
[INFO] [1789488444.990420271] [robot_1.robot_supervisor]: Selected controllable event: EV_move_forward
[INFO] [1789488445.275227699] [robot_1.robot_supervisor]: Triggered uncontrollable event: EV_zone_b_visible
[INFO] [1789488445.291960370] [robot_1.robot_supervisor]: Triggered uncontrollable event: EV_zone_a_not_visible
[INFO] [1789488445.292920316] [robot_1.robot_supervisor]: Selected controllable event: EV_move_forward
[INFO] [1789488445.566662607] [robot_1.robot_supervisor]: Selected controllable event: EV_approach_zone
[INFO] [1789488445.882698299] [robot_1.robot_supervisor]: Selected controllable event: EV_move_forward
[INFO] [1789488446.199724074] [robot_1.robot_supervisor]: Triggered uncontrollable event: EV_zone_a_not_visible
[INFO] [1789488446.226837204] [robot_1.robot_supervisor]: Triggered uncontrollable event: EV_obstacle_right
[INFO] [1789488446.229572006] [robot_1.robot_supervisor]: Selected controllable event: EV_rotate_counterclockwise
[INFO] [1789488446.373421683] [robot_1.robot_supervisor]: Triggered uncontrollable event: EV_zone_b_visible
[INFO] [1789488446.374260699] [robot_1.robot_supervisor]: Triggered uncontrollable event: EV_obstacle_right
[INFO] [1789488446.375219774] [robot_1.robot_supervisor]: Selected controllable event: EV_u_turn
[INFO] [1789488446.386125021] [robot_1.robot_supervisor]: Starting FULL ROTATE (omega=1.000, have_odom=True, target_rad=3.142, timeout_s=3.500)
[INFO] [1789488449.967588951] [robot_1.robot_supervisor]: FULL ROTATE completed by timeout
[INFO] [1789488450.176035237] [robot_1.robot_supervisor]: Triggered uncontrollable event: EV_zone_b_visible
[INFO] [1789488450.185015947] [robot_1.robot_supervisor]: Triggered uncontrollable event: EV_zone_a_not_visible
[INFO] [1789488450.186002363] [robot_1.robot_supervisor]: Selected controllable event: EV_move_forward
[INFO] [1789488450.468378196] [robot_1.robot_supervisor]: Selected controllable event: EV_move_forward
[INFO] [1789488450.771177658] [robot_1.robot_supervisor]: Triggered uncontrollable event: EV_zone_a_not_visible
[INFO] [1789488450.772119079] [robot_1.robot_supervisor]: Selected controllable event: EV_approach_zone
[INFO] [1789488451.049935248] [robot_1.robot_supervisor]: Triggered uncontrollable event: EV_zone_b_visible
[INFO] [1789488451.053120252] [robot_1.robot_supervisor]: Selected controllable event: EV_approach_zone
[INFO] [1789488451.265276743] [robot_1.robot_supervisor]: Selected controllable event: EV_approach_zone
[INFO] [1789488451.476787611] [robot_1.robot_supervisor]: Selected controllable event: EV_approach_zone
[INFO] [1789488451.776807869] [robot_1.robot_supervisor]: Triggered uncontrollable event: EV_zone_a_not_visible
[INFO] [1789488451.791714638] [robot_1.robot_supervisor]: Selected controllable event: EV_move_forward
[INFO] [1789488452.060001532] [robot_1.robot_supervisor]: Triggered uncontrollable event: EV_zone_b_visible
[INFO] [1789488452.068542232] [robot_1.robot_supervisor]: Selected controllable event: EV_move_forward
[INFO] [1789488452.361710279] [robot_1.robot_supervisor]: Selected controllable event: EV_move_forward
[INFO] [1789488452.697808296] [robot_1.robot_supervisor]: Triggered uncontrollable event: EV_zone_a_not_visible
[INFO] [1789488452.717095253] [robot_1.robot_supervisor]: Triggered uncontrollable event: EV_zone_b_not_visible
[INFO] [1789488452.720399172] [robot_1.robot_supervisor]: Selected controllable event: EV_search_zone
[INFO] [1789488452.861374334] [robot_1.robot_supervisor]: Selected controllable event: EV_search_zone
[INFO] [1789488452.970294367] [robot_1.robot_supervisor]: Selected controllable event: EV_move_forward
[INFO] [1789488453.265552052] [robot_1.robot_supervisor]: Selected controllable event: EV_move_forward
[INFO] [1789488453.571442863] [robot_1.robot_supervisor]: Triggered uncontrollable event: EV_zone_a_not_visible
[INFO] [1789488453.572203090] [robot_1.robot_supervisor]: Triggered uncontrollable event: EV_zone_b_not_visible
[INFO] [1789488453.586711353] [robot_1.robot_supervisor]: Selected controllable event: EV_search_zone
[INFO] [1789488453.768347932] [robot_1.robot_supervisor]: Selected controllable event: EV_search_zone
[INFO] [1789488453.977840780] [robot_1.robot_supervisor]: Selected controllable event: EV_search_zone
[INFO] [1789488454.172620119] [robot_1.robot_supervisor]: Selected controllable event: EV_move_forward
[INFO] [1789488454.451347164] [robot_1.robot_supervisor]: Triggered uncontrollable event: EV_zone_a_not_visible
[INFO] [1789488454.454404599] [robot_1.robot_supervisor]: Triggered uncontrollable event: EV_zone_b_not_visible
[INFO] [1789488454.460727500] [robot_1.robot_supervisor]: Selected controllable event: EV_move_forward
[INFO] [1789488454.668260514] [robot_1.robot_supervisor]: Selected controllable event: EV_move_forward
[INFO] [1789488454.967097257] [robot_1.robot_supervisor]: Selected controllable event: EV_search_zone
[INFO] [1789488455.183632025] [robot_1.robot_supervisor]: Selected controllable event: EV_move_forward
[INFO] [1789488455.467475283] [robot_1.robot_supervisor]: Triggered uncontrollable event: EV_zone_a_not_visible
[INFO] [1789488455.476592904] [robot_1.robot_supervisor]: Triggered uncontrollable event: EV_zone_b_not_visible
[INFO] [1789488455.477643325] [robot_1.robot_supervisor]: Selected controllable event: EV_search_zone
[INFO] [1789488455.665370769] [robot_1.robot_supervisor]: Selected controllable event: EV_move_forward
[INFO] [1789488455.879157115] [robot_1.robot_supervisor]: Selected controllable event: EV_search_zone
[INFO] [1789488456.087358560] [robot_1.robot_supervisor]: Selected controllable event: EV_search_zone
[INFO] [1789488456.278147004] [robot_1.robot_supervisor]: Triggered uncontrollable event: EV_zone_a_not_visible
[INFO] [1789488456.282200031] [robot_1.robot_supervisor]: Triggered uncontrollable event: EV_zone_b_not_visible
[INFO] [1789488456.290623913] [robot_1.robot_supervisor]: Selected controllable event: EV_search_zone
[INFO] [1789488456.466861085] [robot_1.robot_supervisor]: Selected controllable event: EV_move_forward
[INFO] [1789488456.674495018] [robot_1.robot_supervisor]: Selected controllable event: EV_search_zone
[INFO] [1789488456.783980997] [robot_1.robot_supervisor]: Selected controllable event: EV_search_zone
[INFO] [1789488456.971314293] [robot_1.robot_supervisor]: Triggered uncontrollable event: EV_zone_a_not_visible
[INFO] [1789488456.989885777] [robot_1.robot_supervisor]: Selected controllable event: EV_move_forward
[INFO] [1789488457.273000072] [robot_1.robot_supervisor]: Triggered uncontrollable event: EV_zone_b_not_visible
[INFO] [1789488457.284682987] [robot_1.robot_supervisor]: Selected controllable event: EV_move_forward
[INFO] [1789488457.563794954] [robot_1.robot_supervisor]: Selected controllable event: EV_search_zone
[INFO] [1789488457.669584889] [robot_1.robot_supervisor]: Selected controllable event: EV_move_forward
[INFO] [1789488457.876504285] [robot_1.robot_supervisor]: Triggered uncontrollable event: EV_zone_a_not_visible
[INFO] [1789488457.877490965] [robot_1.robot_supervisor]: Selected controllable event: EV_move_forward
[INFO] [1789488458.167168234] [robot_1.robot_supervisor]: Triggered uncontrollable event: EV_zone_b_not_visible
[INFO] [1789488458.168065714] [robot_1.robot_supervisor]: Selected controllable event: EV_search_zone
[INFO] [1789488458.365138047] [robot_1.robot_supervisor]: Selected controllable event: EV_move_forward
[INFO] [1789488458.652231293] [robot_1.robot_supervisor]: Selected controllable event: EV_search_zone
[INFO] [1789488458.770573242] [robot_1.robot_supervisor]: Triggered uncontrollable event: EV_obstacle_left
[INFO] [1789488458.778843627] [robot_1.robot_supervisor]: Selected controllable event: EV_u_turn
[INFO] [1789488458.779772038] [robot_1.robot_supervisor]: Starting FULL ROTATE (omega=1.000, have_odom=True, target_rad=3.142, timeout_s=3.500)
[INFO] [1789488462.382885505] [robot_1.robot_supervisor]: FULL ROTATE completed by timeout
[INFO] [1789488462.659871253] [robot_1.robot_supervisor]: Triggered uncontrollable event: EV_zone_a_not_visible
[INFO] [1789488462.664022006] [robot_1.robot_supervisor]: Triggered uncontrollable event: EV_obstacle_right
[INFO] [1789488462.675094771] [robot_1.robot_supervisor]: Triggered uncontrollable event: EV_zone_b_not_visible
[INFO] [1789488462.680796680] [robot_1.robot_supervisor]: Selected controllable event: EV_rotate_counterclockwise
[WARN] [1789488462.688501162] [robot_1.robot_supervisor]: no translation for 4.5s livelock detected; starting atomic escape (turn_sign=+1)
[INFO] [1789488465.181373609] [robot_1.robot_supervisor]: Zone-livelock escape completed
[INFO] [1789488465.466177967] [robot_1.robot_supervisor]: Triggered uncontrollable event: EV_zone_a_not_visible
[INFO] [1789488465.476005566] [robot_1.robot_supervisor]: Triggered uncontrollable event: EV_obstacle_left
[INFO] [1789488465.476763702] [robot_1.robot_supervisor]: Triggered uncontrollable event: EV_zone_b_not_visible
[INFO] [1789488465.477740401] [robot_1.robot_supervisor]: Selected controllable event: EV_u_turn
[INFO] [1789488465.478606341] [robot_1.robot_supervisor]: Starting FULL ROTATE (omega=1.000, have_odom=True, target_rad=3.142, timeout_s=3.500)
[INFO] [1789488468.979777165] [robot_1.robot_supervisor]: FULL ROTATE completed by timeout
[INFO] [1789488469.265382221] [robot_1.robot_supervisor]: Triggered uncontrollable event: EV_zone_a_visible
[INFO] [1789488469.270873440] [robot_1.robot_supervisor]: Triggered uncontrollable event: EV_zone_b_not_visible
[INFO] [1789488469.274219296] [robot_1.robot_supervisor]: Selected controllable event: EV_move_forward
[INFO] [1789488469.572092904] [robot_1.robot_supervisor]: Selected controllable event: EV_approach_zone
[INFO] [1789488469.875018983] [robot_1.robot_supervisor]: Selected controllable event: EV_approach_zone
[INFO] [1789488470.164638736] [robot_1.robot_supervisor]: Triggered uncontrollable event: EV_zone_a_visible
[INFO] [1789488470.168336062] [robot_1.robot_supervisor]: Triggered uncontrollable event: EV_zone_b_not_visible
[INFO] [1789488470.175929862] [robot_1.robot_supervisor]: Selected controllable event: EV_approach_zone
[INFO] [1789488470.488312116] [robot_1.robot_supervisor]: Selected controllable event: EV_approach_zone
[INFO] [1789488470.773849043] [robot_1.robot_supervisor]: Selected controllable event: EV_move_forward
[INFO] [1789488471.082932351] [robot_1.robot_supervisor]: Triggered uncontrollable event: EV_zone_a_visible
[INFO] [1789488471.086217657] [robot_1.robot_supervisor]: Selected controllable event: EV_move_forward
[INFO] [1789488471.373905597] [robot_1.robot_supervisor]: Triggered uncontrollable event: EV_zone_b_not_visible
[INFO] [1789488471.392011182] [robot_1.robot_supervisor]: Selected controllable event: EV_move_forward
[INFO] [1789488471.660814407] [robot_1.robot_supervisor]: Selected controllable event: EV_approach_zone
[INFO] [1789488471.881699707] [robot_1.robot_supervisor]: Selected controllable event: EV_move_forward
[INFO] [1789488472.176129322] [robot_1.robot_supervisor]: Selected controllable event: EV_approach_zone
[INFO] [1789488472.469340761] [robot_1.robot_supervisor]: Triggered uncontrollable event: EV_zone_a_visible
[INFO] [1789488472.474669331] [robot_1.robot_supervisor]: Triggered uncontrollable event: EV_zone_b_not_visible
[INFO] [1789488472.490140848] [robot_1.robot_supervisor]: Selected controllable event: EV_move_forward
[INFO] [1789488472.773622495] [robot_1.robot_supervisor]: Selected controllable event: EV_move_forward
[INFO] [1789488472.989769420] [robot_1.robot_supervisor]: Selected controllable event: EV_approach_zone
[INFO] [1789488473.260456655] [robot_1.robot_supervisor]: Triggered uncontrollable event: EV_zone_a_not_visible
[INFO] [1789488473.264693146] [robot_1.robot_supervisor]: Triggered uncontrollable event: EV_zone_b_not_visible
[INFO] [1789488473.270257645] [robot_1.robot_supervisor]: Selected controllable event: EV_move_forward
[INFO] [1789488473.564282486] [robot_1.robot_supervisor]: Selected controllable event: EV_search_zone
[INFO] [1789488473.673886982] [robot_1.robot_supervisor]: Selected controllable event: EV_move_forward
[INFO] [1789488473.985102523] [robot_1.robot_supervisor]: Selected controllable event: EV_search_zone
[INFO] [1789488474.167247802] [robot_1.robot_supervisor]: Selected controllable event: EV_move_forward
[INFO] [1789488474.498055728] [robot_1.robot_supervisor]: Triggered uncontrollable event: EV_zone_a_not_visible
[INFO] [1789488474.503590190] [robot_1.robot_supervisor]: Triggered uncontrollable event: EV_zone_b_not_visible
[INFO] [1789488474.512083691] [robot_1.robot_supervisor]: Selected controllable event: EV_search_zone
[INFO] [1789488474.687550853] [robot_1.robot_supervisor]: Selected controllable event: EV_move_forward
[INFO] [1789488474.966832921] [robot_1.robot_supervisor]: Selected controllable event: EV_search_zone
[INFO] [1789488475.183569219] [robot_1.robot_supervisor]: Selected controllable event: EV_move_forward
[INFO] [1789488475.485380663] [robot_1.robot_supervisor]: Triggered uncontrollable event: EV_zone_a_not_visible
[INFO] [1789488475.491353191] [robot_1.robot_supervisor]: Triggered uncontrollable event: EV_zone_b_not_visible
[INFO] [1789488475.503880644] [robot_1.robot_supervisor]: Selected controllable event: EV_search_zone
[INFO] [1789488475.674804297] [robot_1.robot_supervisor]: Selected controllable event: EV_move_forward
[INFO] [1789488475.889419842] [robot_1.robot_supervisor]: Selected controllable event: EV_search_zone
[INFO] [1789488476.089590828] [robot_1.robot_supervisor]: Selected controllable event: EV_search_zone
[INFO] [1789488476.263250825] [robot_1.robot_supervisor]: Triggered uncontrollable event: EV_zone_a_not_visible
[INFO] [1789488476.264368592] [robot_1.robot_supervisor]: Selected controllable event: EV_move_forward
[INFO] [1789488476.567436556] [robot_1.robot_supervisor]: Triggered uncontrollable event: EV_zone_b_not_visible
[INFO] [1789488476.575897471] [robot_1.robot_supervisor]: Selected controllable event: EV_search_zone
[INFO] [1789488476.781899733] [robot_1.robot_supervisor]: Selected controllable event: EV_move_forward
[INFO] [1789488477.070619775] [robot_1.robot_supervisor]: Selected controllable event: EV_move_forward
[INFO] [1789488477.364187176] [robot_1.robot_supervisor]: Triggered uncontrollable event: EV_zone_a_not_visible
[INFO] [1789488477.377964360] [robot_1.robot_supervisor]: Selected controllable event: EV_move_forward
[INFO] [1789488477.670332099] [robot_1.robot_supervisor]: Triggered uncontrollable event: EV_zone_b_not_visible
[INFO] [1789488477.674176641] [robot_1.robot_supervisor]: Selected controllable event: EV_move_forward
[INFO] [1789488477.885821654] [robot_1.robot_supervisor]: Selected controllable event: EV_move_forward
[INFO] [1789488478.194039047] [robot_1.robot_supervisor]: Selected controllable event: EV_move_forward
[INFO] [1789488478.491103503] [robot_1.robot_supervisor]: Triggered uncontrollable event: EV_zone_a_visible
[INFO] [1789488478.491841999] [robot_1.robot_supervisor]: Triggered uncontrollable event: EV_zone_b_not_visible
[INFO] [1789488478.492829327] [robot_1.robot_supervisor]: Selected controllable event: EV_move_forward
[INFO] [1789488478.761402094] [robot_1.robot_supervisor]: Selected controllable event: EV_move_forward
[INFO] [1789488478.964407643] [robot_1.robot_supervisor]: Selected controllable event: EV_move_forward
[INFO] [1789488479.261581584] [robot_1.robot_supervisor]: Selected controllable event: EV_approach_zone
[INFO] [1789488479.581060139] [robot_1.robot_supervisor]: Triggered uncontrollable event: EV_zone_a_visible
[INFO] [1789488479.592759854] [robot_1.robot_supervisor]: Triggered uncontrollable event: EV_zone_b_not_visible
[INFO] [1789488479.593739872] [robot_1.robot_supervisor]: Selected controllable event: EV_approach_zone
[INFO] [1789488479.865128169] [robot_1.robot_supervisor]: Selected controllable event: EV_approach_zone
[INFO] [1789488480.173392919] [robot_1.robot_supervisor]: Selected controllable event: EV_approach_zone
[INFO] [1789488480.474363308] [robot_1.robot_supervisor]: Triggered uncontrollable event: EV_zone_a_visible
[INFO] [1789488480.500325162] [robot_1.robot_supervisor]: Triggered uncontrollable event: EV_zone_b_not_visible
[INFO] [1789488480.501336070] [robot_1.robot_supervisor]: Selected controllable event: EV_approach_zone
[INFO] [1789488480.750816195] [robot_1.robot_supervisor]: Selected controllable event: EV_move_forward
[INFO] [1789488481.051951422] [robot_1.robot_supervisor]: Selected controllable event: EV_move_forward
[INFO] [1789488481.272549856] [robot_1.robot_supervisor]: Triggered uncontrollable event: EV_zone_a_visible
[INFO] [1789488481.297671324] [robot_1.robot_supervisor]: Selected controllable event: EV_move_forward
[INFO] [1789488481.565173615] [robot_1.robot_supervisor]: Triggered uncontrollable event: EV_zone_b_not_visible
[INFO] [1789488481.583401402] [robot_1.robot_supervisor]: Selected controllable event: EV_approach_zone
[INFO] [1789488481.871272282] [robot_1.robot_supervisor]: Selected controllable event: EV_move_forward
[INFO] [1789488482.194228656] [robot_1.robot_supervisor]: Selected controllable event: EV_approach_zone
[INFO] [1789488482.398046513] [robot_1.robot_supervisor]: Triggered uncontrollable event: EV_zone_a_visible
[INFO] [1789488482.398885782] [robot_1.robot_supervisor]: Triggered uncontrollable event: EV_zone_b_not_visible
[INFO] [1789488482.422106917] [robot_1.robot_supervisor]: Selected controllable event: EV_approach_zone
[INFO] [1789488482.655464233] [robot_1.robot_supervisor]: Selected controllable event: EV_move_forward
[INFO] [1789488482.970704437] [robot_1.robot_supervisor]: Selected controllable event: EV_approach_zone
[INFO] [1789488483.180743783] [robot_1.robot_supervisor]: Selected controllable event: EV_approach_zone
[INFO] [1789488483.465561590] [robot_1.robot_supervisor]: Triggered uncontrollable event: EV_zone_b_not_visible
[INFO] [1789488483.471939706] [robot_1.robot_supervisor]: Triggered uncontrollable event: EV_zone_a_reached
[INFO] [1789488483.478502857] [robot_1.robot_supervisor]: Selected controllable event: EV_move_forward
[INFO] [1789488483.780934999] [robot_1.robot_supervisor]: DELIVERED zone_a; balance=zone_a_has_extra
[INFO] [1789488483.793680259] [robot_1.robot_supervisor]: Selected controllable event: EV_drop_zone_a
[INFO] [1789488483.858737082] [robot_1.robot_supervisor]: Delivered cargo 'robot_1_carried_generic_box' removed.
[INFO] [1789488483.882961155] [robot_1.robot_supervisor]: Selected controllable event: EV_search_object
[INFO] [1789488484.056315290] [robot_1.robot_supervisor]: Selected controllable event: EV_move_forward
[INFO] [1789488484.283918768] [robot_1.robot_supervisor]: Triggered uncontrollable event: EV_obstacle_front
[INFO] [1789488484.305667023] [robot_1.robot_supervisor]: Selected controllable event: EV_move_backward
[INFO] [1789488484.567172238] [robot_1.robot_supervisor]: ############################# REACHED: EV_object_reached #############################
[INFO] [1789488484.572674344] [robot_1.robot_supervisor]: Triggered uncontrollable event: EV_obstacle_front
[INFO] [1789488484.579906937] [robot_1.robot_supervisor]: Selected controllable event: EV_rotate_clockwise
[INFO] [1789488484.767892649] [robot_1.robot_supervisor]: Triggered uncontrollable event: EV_obstacle_front
[INFO] [1789488484.777224136] [robot_1.robot_supervisor]: Selected controllable event: EV_rotate_clockwise
[INFO] [1789488484.950399374] [robot_1.robot_supervisor]: Triggered uncontrollable event: EV_obstacle_front
[INFO] [1789488484.954698858] [robot_1.robot_supervisor]: Selected controllable event: EV_u_turn
[INFO] [1789488484.967976224] [robot_1.robot_supervisor]: Starting FULL ROTATE (omega=1.000, have_odom=True, target_rad=3.142, timeout_s=3.500)
[INFO] [1789488488.549398629] [robot_1.robot_supervisor]: FULL ROTATE completed by timeout
[INFO] [1789488488.771897104] [robot_1.robot_supervisor]: ############################# REACHED: EV_object_reached #############################
[INFO] [1789488488.773000330] [robot_1.robot_supervisor]: Selected controllable event: EV_publish_delivered_zone_a
[INFO] [1789488488.873453912] [robot_1.robot_supervisor]: Selected controllable event: EV_pick_up_object
[INFO] [1789488488.899282833] [robot_1.robot_supervisor]: Cargo 'robot_1_carried_generic_box' placed on robot.
[INFO] [1789488489.184889343] [robot_1.robot_supervisor]: Selected controllable event: EV_move_forward
[INFO] [1789488489.449106088] [robot_1.robot_supervisor]: Selected controllable event: EV_search_zone
[INFO] [1789488489.582237514] [robot_1.robot_supervisor]: Selected controllable event: EV_search_zone
[INFO] [1789488489.707065129] [robot_1.robot_supervisor]: Selected controllable event: EV_move_forward
[INFO] [1789488489.993176482] [robot_1.robot_supervisor]: Selected controllable event: EV_move_forward
