[INFO] [1789488316.684991759] [robot_0.robot_supervisor]: Loaded initial mission 'balanced_delivery' from explicit YAML supervisor.yaml
[INFO] [1789488316.931676755] [robot_0.robot_supervisor]: Selected controllable event: EV_search_object
[INFO] [1789488317.085474146] [robot_0.robot_supervisor]: Selected controllable event: EV_search_object
[INFO] [1789488317.275103846] [robot_0.robot_supervisor]: Selected controllable event: EV_search_object
[INFO] [1789488317.473919259] [robot_0.robot_supervisor]: Selected controllable event: EV_search_object
[INFO] [1789488317.672557885] [robot_0.robot_supervisor]: Selected controllable event: EV_search_object
[INFO] [1789488317.884446101] [robot_0.robot_supervisor]: Selected controllable event: EV_move_forward
[INFO] [1789488318.179860657] [robot_0.robot_supervisor]: Selected controllable event: EV_search_object
[INFO] [1789488318.374237556] [robot_0.robot_supervisor]: Selected controllable event: EV_move_forward
[INFO] [1789488318.674467530] [robot_0.robot_supervisor]: Selected controllable event: EV_search_object
[INFO] [1789488318.872901974] [robot_0.robot_supervisor]: Selected controllable event: EV_search_object
[INFO] [1789488319.075652224] [robot_0.robot_supervisor]: Selected controllable event: EV_move_forward
[INFO] [1789488319.277909729] [robot_0.robot_supervisor]: Selected controllable event: EV_move_forward
[INFO] [1789488319.573401137] [robot_0.robot_supervisor]: Selected controllable event: EV_move_forward
[INFO] [1789488319.880317656] [robot_0.robot_supervisor]: Selected controllable event: EV_search_object
[INFO] [1789488320.075184946] [robot_0.robot_supervisor]: Selected controllable event: EV_move_forward
[INFO] [1789488320.374370407] [robot_0.robot_supervisor]: Selected controllable event: EV_search_object
[INFO] [1789488320.573186002] [robot_0.robot_supervisor]: Selected controllable event: EV_search_object
[INFO] [1789488320.774023820] [robot_0.robot_supervisor]: Selected controllable event: EV_move_forward
[INFO] [1789488321.072983257] [robot_0.robot_supervisor]: Selected controllable event: EV_search_object
[INFO] [1789488321.311621675] [robot_0.robot_supervisor]: Selected controllable event: EV_move_forward
[INFO] [1789488321.599019703] [robot_0.robot_supervisor]: ############################# REACHED: EV_object_reached #############################
[INFO] [1789488321.602617788] [robot_0.robot_supervisor]: Selected controllable event: EV_pick_up_object
[INFO] [1789488321.692475636] [robot_0.robot_supervisor]: Cargo 'robot_0_carried_generic_box' placed on robot.
[INFO] [1789488321.913689497] [robot_0.robot_supervisor]: Selected controllable event: EV_move_forward
[INFO] [1789488322.187734823] [robot_0.robot_supervisor]: Selected controllable event: EV_search_zone
[INFO] [1789488322.326295584] [robot_0.robot_supervisor]: Selected controllable event: EV_move_forward
[INFO] [1789488322.585830627] [robot_0.robot_supervisor]: Triggered uncontrollable event: EV_zone_a_not_visible
[INFO] [1789488322.595979297] [robot_0.robot_supervisor]: Triggered uncontrollable event: EV_zone_b_not_visible
[INFO] [1789488322.609658111] [robot_0.robot_supervisor]: Selected controllable event: EV_search_zone
[INFO] [1789488322.790415349] [robot_0.robot_supervisor]: Selected controllable event: EV_move_forward
[INFO] [1789488323.007373786] [robot_0.robot_supervisor]: Selected controllable event: EV_move_forward
[INFO] [1789488323.285606866] [robot_0.robot_supervisor]: Selected controllable event: EV_search_zone
[INFO] [1789488323.417866327] [robot_0.robot_supervisor]: Triggered uncontrollable event: EV_zone_a_not_visible
[INFO] [1789488323.431843376] [robot_0.robot_supervisor]: Selected controllable event: EV_move_forward
[INFO] [1789488323.696994152] [robot_0.robot_supervisor]: Triggered uncontrollable event: EV_zone_b_not_visible
[INFO] [1789488323.698070223] [robot_0.robot_supervisor]: Selected controllable event: EV_move_forward
[INFO] [1789488323.992591469] [robot_0.robot_supervisor]: Selected controllable event: EV_move_forward
[INFO] [1789488324.323972804] [robot_0.robot_supervisor]: Selected controllable event: EV_move_forward
[INFO] [1789488324.610113993] [robot_0.robot_supervisor]: Triggered uncontrollable event: EV_zone_a_not_visible
[INFO] [1789488324.626236008] [robot_0.robot_supervisor]: Triggered uncontrollable event: EV_zone_b_not_visible
[INFO] [1789488324.628005653] [robot_0.robot_supervisor]: Selected controllable event: EV_move_forward
[INFO] [1789488324.889288190] [robot_0.robot_supervisor]: Selected controllable event: EV_move_forward
[INFO] [1789488325.094324121] [robot_0.robot_supervisor]: Selected controllable event: EV_move_forward
[INFO] [1789488325.415710896] [robot_0.robot_supervisor]: Triggered uncontrollable event: EV_zone_a_not_visible
[INFO] [1789488325.425164647] [robot_0.robot_supervisor]: Triggered uncontrollable event: EV_zone_b_not_visible
[INFO] [1789488325.431091295] [robot_0.robot_supervisor]: Selected controllable event: EV_move_forward
[INFO] [1789488325.705128730] [robot_0.robot_supervisor]: Selected controllable event: EV_move_forward
[INFO] [1789488325.984754708] [robot_0.robot_supervisor]: Selected controllable event: EV_search_zone
[INFO] [1789488326.200236222] [robot_0.robot_supervisor]: Selected controllable event: EV_search_zone
[INFO] [1789488326.401517704] [robot_0.robot_supervisor]: Triggered uncontrollable event: EV_zone_a_not_visible
[INFO] [1789488326.402358948] [robot_0.robot_supervisor]: Triggered uncontrollable event: EV_zone_b_not_visible
[INFO] [1789488326.403309244] [robot_0.robot_supervisor]: Selected controllable event: EV_move_forward
[INFO] [1789488326.615630801] [robot_0.robot_supervisor]: Selected controllable event: EV_move_forward
[INFO] [1789488326.881431987] [robot_0.robot_supervisor]: Selected controllable event: EV_move_forward
[INFO] [1789488327.212314100] [robot_0.robot_supervisor]: Selected controllable event: EV_move_forward
[INFO] [1789488327.501686372] [robot_0.robot_supervisor]: Triggered uncontrollable event: EV_zone_a_not_visible
[INFO] [1789488327.502643194] [robot_0.robot_supervisor]: Triggered uncontrollable event: EV_zone_b_not_visible
[INFO] [1789488327.503715926] [robot_0.robot_supervisor]: Selected controllable event: EV_search_zone
[INFO] [1789488327.619466123] [robot_0.robot_supervisor]: Selected controllable event: EV_move_forward
[INFO] [1789488327.918347889] [robot_0.robot_supervisor]: Selected controllable event: EV_search_zone
[INFO] [1789488328.104075629] [robot_0.robot_supervisor]: Selected controllable event: EV_search_zone
[INFO] [1789488328.213301884] [robot_0.robot_supervisor]: Selected controllable event: EV_search_zone
[INFO] [1789488328.412096605] [robot_0.robot_supervisor]: Triggered uncontrollable event: EV_zone_a_not_visible
[INFO] [1789488328.412994041] [robot_0.robot_supervisor]: Triggered uncontrollable event: EV_zone_b_not_visible
[INFO] [1789488328.435099027] [robot_0.robot_supervisor]: Selected controllable event: EV_move_forward
[INFO] [1789488328.697243108] [robot_0.robot_supervisor]: Selected controllable event: EV_search_zone
[INFO] [1789488328.809561261] [robot_0.robot_supervisor]: Selected controllable event: EV_search_zone
[INFO] [1789488328.981663553] [robot_0.robot_supervisor]: Selected controllable event: EV_search_zone
[INFO] [1789488329.101271145] [robot_0.robot_supervisor]: Selected controllable event: EV_search_zone
[INFO] [1789488329.283350470] [robot_0.robot_supervisor]: Triggered uncontrollable event: EV_zone_a_not_visible
[INFO] [1789488329.301788298] [robot_0.robot_supervisor]: Triggered uncontrollable event: EV_zone_b_not_visible
[INFO] [1789488329.302873501] [robot_0.robot_supervisor]: Selected controllable event: EV_move_forward
[INFO] [1789488329.589137088] [robot_0.robot_supervisor]: Selected controllable event: EV_search_zone
[INFO] [1789488329.805212749] [robot_0.robot_supervisor]: Selected controllable event: EV_search_zone
[INFO] [1789488330.023674076] [robot_0.robot_supervisor]: Selected controllable event: EV_move_forward
[INFO] [1789488330.299096526] [robot_0.robot_supervisor]: Triggered uncontrollable event: EV_zone_a_not_visible
[INFO] [1789488330.303366513] [robot_0.robot_supervisor]: Selected controllable event: EV_move_forward
[INFO] [1789488330.578218430] [robot_0.robot_supervisor]: Triggered uncontrollable event: EV_zone_b_not_visible
[INFO] [1789488330.588290260] [robot_0.robot_supervisor]: Selected controllable event: EV_search_zone
[INFO] [1789488330.782029508] [robot_0.robot_supervisor]: Selected controllable event: EV_move_forward
[INFO] [1789488331.105509864] [robot_0.robot_supervisor]: Selected controllable event: EV_search_zone
[INFO] [1789488331.302554063] [robot_0.robot_supervisor]: Triggered uncontrollable event: EV_zone_a_not_visible
[INFO] [1789488331.303349903] [robot_0.robot_supervisor]: Triggered uncontrollable event: EV_zone_b_not_visible
[INFO] [1789488331.315679942] [robot_0.robot_supervisor]: Selected controllable event: EV_search_zone
[INFO] [1789488331.501668621] [robot_0.robot_supervisor]: Selected controllable event: EV_search_zone
[INFO] [1789488331.708565942] [robot_0.robot_supervisor]: Selected controllable event: EV_move_forward
[INFO] [1789488331.996809852] [robot_0.robot_supervisor]: Selected controllable event: EV_move_forward
[INFO] [1789488332.208219901] [robot_0.robot_supervisor]: Triggered uncontrollable event: EV_zone_a_not_visible
[INFO] [1789488332.215928400] [robot_0.robot_supervisor]: Triggered uncontrollable event: EV_zone_b_not_visible
[INFO] [1789488332.232479794] [robot_0.robot_supervisor]: Selected controllable event: EV_move_forward
[INFO] [1789488332.508495469] [robot_0.robot_supervisor]: Selected controllable event: EV_move_forward
[INFO] [1789488332.731336874] [robot_0.robot_supervisor]: Selected controllable event: EV_move_forward
[INFO] [1789488333.000018042] [robot_0.robot_supervisor]: Selected controllable event: EV_search_zone
[INFO] [1789488333.115723277] [robot_0.robot_supervisor]: Triggered uncontrollable event: EV_zone_a_not_visible
[INFO] [1789488333.116874720] [robot_0.robot_supervisor]: Selected controllable event: EV_move_forward
[INFO] [1789488333.399339285] [robot_0.robot_supervisor]: Triggered uncontrollable event: EV_zone_b_not_visible
[INFO] [1789488333.400420162] [robot_0.robot_supervisor]: Selected controllable event: EV_move_forward
[INFO] [1789488333.698941609] [robot_0.robot_supervisor]: Selected controllable event: EV_search_zone
[INFO] [1789488333.805319159] [robot_0.robot_supervisor]: Selected controllable event: EV_search_zone
[INFO] [1789488333.997097999] [robot_0.robot_supervisor]: Selected controllable event: EV_move_forward
[INFO] [1789488334.278691605] [robot_0.robot_supervisor]: Triggered uncontrollable event: EV_zone_b_visible
[INFO] [1789488334.299972070] [robot_0.robot_supervisor]: Triggered uncontrollable event: EV_zone_a_not_visible
[INFO] [1789488334.301077242] [robot_0.robot_supervisor]: Selected controllable event: EV_approach_zone
[INFO] [1789488334.605197654] [robot_0.robot_supervisor]: Selected controllable event: EV_approach_zone
[INFO] [1789488334.822477618] [robot_0.robot_supervisor]: Selected controllable event: EV_move_forward
[INFO] [1789488335.085245004] [robot_0.robot_supervisor]: Selected controllable event: EV_move_forward
[INFO] [1789488335.303910209] [robot_0.robot_supervisor]: Triggered uncontrollable event: EV_zone_b_visible
[INFO] [1789488335.312292827] [robot_0.robot_supervisor]: Triggered uncontrollable event: EV_zone_a_not_visible
[INFO] [1789488335.322368011] [robot_0.robot_supervisor]: Selected controllable event: EV_approach_zone
[INFO] [1789488335.602160249] [robot_0.robot_supervisor]: Selected controllable event: EV_move_forward
[INFO] [1789488335.887971347] [robot_0.robot_supervisor]: Selected controllable event: EV_approach_zone
[INFO] [1789488336.208799302] [robot_0.robot_supervisor]: Triggered uncontrollable event: EV_zone_b_visible
[INFO] [1789488336.209632876] [robot_0.robot_supervisor]: Triggered uncontrollable event: EV_zone_a_not_visible
[INFO] [1789488336.210633429] [robot_0.robot_supervisor]: Selected controllable event: EV_move_forward
[INFO] [1789488336.422390298] [robot_0.robot_supervisor]: Selected controllable event: EV_approach_zone
[INFO] [1789488336.712318443] [robot_0.robot_supervisor]: Selected controllable event: EV_move_forward
[INFO] [1789488336.989454791] [robot_0.robot_supervisor]: Selected controllable event: EV_approach_zone
[INFO] [1789488337.198793271] [robot_0.robot_supervisor]: Triggered uncontrollable event: EV_zone_b_visible
[INFO] [1789488337.207868800] [robot_0.robot_supervisor]: Triggered uncontrollable event: EV_zone_a_not_visible
[INFO] [1789488337.211203919] [robot_0.robot_supervisor]: Selected controllable event: EV_approach_zone
[INFO] [1789488337.497902335] [robot_0.robot_supervisor]: Selected controllable event: EV_move_forward
[INFO] [1789488337.781177325] [robot_0.robot_supervisor]: Selected controllable event: EV_approach_zone
[INFO] [1789488338.006751292] [robot_0.robot_supervisor]: Selected controllable event: EV_move_forward
[INFO] [1789488338.307285190] [robot_0.robot_supervisor]: Triggered uncontrollable event: EV_zone_b_visible
[INFO] [1789488338.308138134] [robot_0.robot_supervisor]: Triggered uncontrollable event: EV_zone_a_not_visible
[INFO] [1789488338.309195084] [robot_0.robot_supervisor]: Selected controllable event: EV_move_forward
[INFO] [1789488338.521349752] [robot_0.robot_supervisor]: Selected controllable event: EV_move_forward
[INFO] [1789488338.799153110] [robot_0.robot_supervisor]: Selected controllable event: EV_move_forward
[INFO] [1789488339.100001618] [robot_0.robot_supervisor]: Selected controllable event: EV_approach_zone
[INFO] [1789488339.311240066] [robot_0.robot_supervisor]: Triggered uncontrollable event: EV_zone_a_visible
[INFO] [1789488339.312083683] [robot_0.robot_supervisor]: Triggered uncontrollable event: EV_zone_b_visible
[INFO] [1789488339.313028443] [robot_0.robot_supervisor]: Selected controllable event: EV_approach_zone
[INFO] [1789488339.603449785] [robot_0.robot_supervisor]: Selected controllable event: EV_move_forward
[INFO] [1789488339.890003813] [robot_0.robot_supervisor]: Selected controllable event: EV_move_forward
[INFO] [1789488340.183609068] [robot_0.robot_supervisor]: Triggered uncontrollable event: EV_zone_a_visible
[INFO] [1789488340.200880090] [robot_0.robot_supervisor]: Triggered uncontrollable event: EV_zone_b_visible
[INFO] [1789488340.201797696] [robot_0.robot_supervisor]: Selected controllable event: EV_approach_zone
[INFO] [1789488340.504242793] [robot_0.robot_supervisor]: Selected controllable event: EV_approach_zone
[INFO] [1789488340.798278803] [robot_0.robot_supervisor]: Selected controllable event: EV_approach_zone
[INFO] [1789488341.005232548] [robot_0.robot_supervisor]: Selected controllable event: EV_approach_zone
[INFO] [1789488341.285354658] [robot_0.robot_supervisor]: Triggered uncontrollable event: EV_zone_a_visible
[INFO] [1789488341.296241608] [robot_0.robot_supervisor]: Triggered uncontrollable event: EV_zone_b_visible
[INFO] [1789488341.305774921] [robot_0.robot_supervisor]: Selected controllable event: EV_approach_zone
[INFO] [1789488341.620366318] [robot_0.robot_supervisor]: Selected controllable event: EV_move_forward
[INFO] [1789488341.893685344] [robot_0.robot_supervisor]: Selected controllable event: EV_approach_zone
[INFO] [1789488342.113060484] [robot_0.robot_supervisor]: Selected controllable event: EV_move_forward
[INFO] [1789488342.407655487] [robot_0.robot_supervisor]: Triggered uncontrollable event: EV_zone_a_visible
[INFO] [1789488342.408772677] [robot_0.robot_supervisor]: Selected controllable event: EV_move_forward
[INFO] [1789488342.735337456] [robot_0.robot_supervisor]: Triggered uncontrollable event: EV_zone_b_visible
[INFO] [1789488342.736516020] [robot_0.robot_supervisor]: Selected controllable event: EV_move_forward
[INFO] [1789488342.991206629] [robot_0.robot_supervisor]: Selected controllable event: EV_move_forward
[INFO] [1789488343.200042295] [robot_0.robot_supervisor]: Selected controllable event: EV_move_forward
[INFO] [1789488343.503442388] [robot_0.robot_supervisor]: Triggered uncontrollable event: EV_zone_a_visible
[INFO] [1789488343.517291541] [robot_0.robot_supervisor]: Selected controllable event: EV_approach_zone
[INFO] [1789488343.789521026] [robot_0.robot_supervisor]: Triggered uncontrollable event: EV_zone_b_visible
[INFO] [1789488343.799337578] [robot_0.robot_supervisor]: Selected controllable event: EV_approach_zone
[INFO] [1789488344.009051482] [robot_0.robot_supervisor]: Selected controllable event: EV_move_forward
[INFO] [1789488344.287288603] [robot_0.robot_supervisor]: Selected controllable event: EV_move_forward
[INFO] [1789488344.491218732] [robot_0.robot_supervisor]: Selected controllable event: EV_approach_zone
[INFO] [1789488344.717206922] [robot_0.robot_supervisor]: Triggered uncontrollable event: EV_zone_a_visible
[INFO] [1789488344.731056854] [robot_0.robot_supervisor]: Triggered uncontrollable event: EV_zone_b_visible
[INFO] [1789488344.732030328] [robot_0.robot_supervisor]: Selected controllable event: EV_approach_zone
[INFO] [1789488345.011552437] [robot_0.robot_supervisor]: Selected controllable event: EV_move_forward
[INFO] [1789488345.308544274] [robot_0.robot_supervisor]: Selected controllable event: EV_move_forward
[INFO] [1789488345.604170545] [robot_0.robot_supervisor]: Selected controllable event: EV_move_forward
[INFO] [1789488345.904506005] [robot_0.robot_supervisor]: Triggered uncontrollable event: EV_zone_b_visible
[INFO] [1789488345.905338502] [robot_0.robot_supervisor]: Triggered uncontrollable event: EV_zone_a_not_visible
[INFO] [1789488345.906304329] [robot_0.robot_supervisor]: Selected controllable event: EV_approach_zone
[INFO] [1789488346.180064987] [robot_0.robot_supervisor]: Selected controllable event: EV_approach_zone
[INFO] [1789488346.410652451] [robot_0.robot_supervisor]: Selected controllable event: EV_approach_zone
[INFO] [1789488346.701870431] [robot_0.robot_supervisor]: Selected controllable event: EV_approach_zone
[INFO] [1789488346.988731069] [robot_0.robot_supervisor]: Triggered uncontrollable event: EV_zone_b_visible
[INFO] [1789488347.003483864] [robot_0.robot_supervisor]: Triggered uncontrollable event: EV_zone_a_not_visible
[INFO] [1789488347.004587407] [robot_0.robot_supervisor]: Selected controllable event: EV_approach_zone
[INFO] [1789488347.311342129] [robot_0.robot_supervisor]: Selected controllable event: EV_move_forward
[INFO] [1789488347.619219469] [robot_0.robot_supervisor]: Selected controllable event: EV_approach_zone
[INFO] [1789488347.904401511] [robot_0.robot_supervisor]: Triggered uncontrollable event: EV_zone_b_visible
[INFO] [1789488347.905364077] [robot_0.robot_supervisor]: Triggered uncontrollable event: EV_zone_a_not_visible
[INFO] [1789488347.921806454] [robot_0.robot_supervisor]: Selected controllable event: EV_approach_zone
[INFO] [1789488348.201095364] [robot_0.robot_supervisor]: Selected controllable event: EV_approach_zone
[INFO] [1789488348.500190343] [robot_0.robot_supervisor]: Selected controllable event: EV_move_forward
[INFO] [1789488348.715247477] [robot_0.robot_supervisor]: Selected controllable event: EV_move_forward
[INFO] [1789488349.013767040] [robot_0.robot_supervisor]: Triggered uncontrollable event: EV_zone_b_visible
[INFO] [1789488349.014844707] [robot_0.robot_supervisor]: Triggered uncontrollable event: EV_zone_a_not_visible
[INFO] [1789488349.027707282] [robot_0.robot_supervisor]: Selected controllable event: EV_move_forward
[INFO] [1789488349.317111946] [robot_0.robot_supervisor]: Selected controllable event: EV_approach_zone
[INFO] [1789488349.603018535] [robot_0.robot_supervisor]: Selected controllable event: EV_approach_zone
[INFO] [1789488349.874301838] [robot_0.robot_supervisor]: Triggered uncontrollable event: EV_zone_b_visible
[INFO] [1789488349.895611230] [robot_0.robot_supervisor]: Triggered uncontrollable event: EV_zone_a_reached
[INFO] [1789488349.896817841] [robot_0.robot_supervisor]: Selected controllable event: EV_move_forward
[INFO] [1789488350.203471445] [robot_0.robot_supervisor]: Selected controllable event: EV_move_forward
[INFO] [1789488350.503766251] [robot_0.robot_supervisor]: Selected controllable event: EV_approach_zone
[INFO] [1789488350.713221668] [robot_0.robot_supervisor]: Selected controllable event: EV_move_forward
[INFO] [1789488351.004351665] [robot_0.robot_supervisor]: Triggered uncontrollable event: EV_obstacle_front
[INFO] [1789488351.008862238] [robot_0.robot_supervisor]: Selected controllable event: EV_rotate_clockwise
[INFO] [1789488351.211882276] [robot_0.robot_supervisor]: Triggered uncontrollable event: EV_zone_b_visible
[INFO] [1789488351.214163723] [robot_0.robot_supervisor]: Triggered uncontrollable event: EV_obstacle_front
[INFO] [1789488351.232934496] [robot_0.robot_supervisor]: Triggered uncontrollable event: EV_zone_a_reached
[INFO] [1789488351.236906661] [robot_0.robot_supervisor]: Selected controllable event: EV_u_turn
[INFO] [1789488351.250998934] [robot_0.robot_supervisor]: Starting FULL ROTATE (omega=1.000, have_odom=True, target_rad=3.142, timeout_s=3.500)
[INFO] [1789488354.805286170] [robot_0.robot_supervisor]: FULL ROTATE completed by timeout
[INFO] [1789488355.106194831] [robot_0.robot_supervisor]: Triggered uncontrollable event: EV_zone_b_visible
[INFO] [1789488355.113757535] [robot_0.robot_supervisor]: Triggered uncontrollable event: EV_zone_a_reached
[INFO] [1789488355.122420303] [robot_0.robot_supervisor]: Selected controllable event: EV_approach_zone
[INFO] [1789488355.412653057] [robot_0.robot_supervisor]: Triggered uncontrollable event: EV_zone_b_visible
[INFO] [1789488355.413790606] [robot_0.robot_supervisor]: Selected controllable event: EV_approach_zone
[INFO] [1789488355.683392396] [robot_0.robot_supervisor]: Selected controllable event: EV_approach_zone
[INFO] [1789488355.984630395] [robot_0.robot_supervisor]: Selected controllable event: EV_approach_zone
[INFO] [1789488356.308166460] [robot_0.robot_supervisor]: Triggered uncontrollable event: EV_zone_b_visible
[INFO] [1789488356.308930434] [robot_0.robot_supervisor]: Triggered uncontrollable event: EV_zone_a_reached
[INFO] [1789488356.319704926] [robot_0.robot_supervisor]: Selected controllable event: EV_approach_zone
[INFO] [1789488356.608905332] [robot_0.robot_supervisor]: Selected controllable event: EV_approach_zone
[INFO] [1789488356.918256132] [robot_0.robot_supervisor]: Selected controllable event: EV_move_forward
[INFO] [1789488357.197014150] [robot_0.robot_supervisor]: Triggered uncontrollable event: EV_zone_b_visible
[INFO] [1789488357.211918561] [robot_0.robot_supervisor]: Triggered uncontrollable event: EV_obstacle_left
[INFO] [1789488357.212818193] [robot_0.robot_supervisor]: Triggered uncontrollable event: EV_zone_a_reached
[INFO] [1789488357.213762083] [robot_0.robot_supervisor]: Selected controllable event: EV_rotate_clockwise
[INFO] [1789488357.394673877] [robot_0.robot_supervisor]: Triggered uncontrollable event: EV_obstacle_left
[INFO] [1789488357.405401419] [robot_0.robot_supervisor]: Selected controllable event: EV_u_turn
[INFO] [1789488357.408117635] [robot_0.robot_supervisor]: Starting FULL ROTATE (omega=1.000, have_odom=True, target_rad=3.142, timeout_s=3.500)
[INFO] [1789488361.000662667] [robot_0.robot_supervisor]: FULL ROTATE completed by timeout
[INFO] [1789488361.212305126] [robot_0.robot_supervisor]: Triggered uncontrollable event: EV_obstacle_front
[INFO] [1789488361.216001685] [robot_0.robot_supervisor]: Triggered uncontrollable event: EV_zone_b_not_visible
[INFO] [1789488361.221623119] [robot_0.robot_supervisor]: Triggered uncontrollable event: EV_zone_a_reached
[INFO] [1789488361.222709813] [robot_0.robot_supervisor]: Selected controllable event: EV_u_turn
[INFO] [1789488361.282731954] [robot_0.robot_supervisor]: Triggered uncontrollable event: EV_obstacle_front
[INFO] [1789488361.301985389] [robot_0.robot_supervisor]: Selected controllable event: EV_rotate_clockwise
[WARN] [1789488361.303200199] [robot_0.robot_supervisor]: no translation for 4.7s livelock detected; starting atomic escape (turn_sign=-1)
[INFO] [1789488363.804022452] [robot_0.robot_supervisor]: Zone-livelock escape completed
[INFO] [1789488364.008755510] [robot_0.robot_supervisor]: Triggered uncontrollable event: EV_obstacle_front
[INFO] [1789488364.017829205] [robot_0.robot_supervisor]: Triggered uncontrollable event: EV_zone_b_not_visible
[INFO] [1789488364.021126272] [robot_0.robot_supervisor]: Triggered uncontrollable event: EV_zone_a_reached
[INFO] [1789488364.023538938] [robot_0.robot_supervisor]: Selected controllable event: EV_u_turn
[INFO] [1789488364.034373417] [robot_0.robot_supervisor]: Starting FULL ROTATE (omega=1.000, have_odom=True, target_rad=3.142, timeout_s=3.500)
[INFO] [1789488367.607090029] [robot_0.robot_supervisor]: FULL ROTATE completed by timeout
[INFO] [1789488367.888951717] [robot_0.robot_supervisor]: Triggered uncontrollable event: EV_obstacle_right
[INFO] [1789488367.889657407] [robot_0.robot_supervisor]: Triggered uncontrollable event: EV_zone_b_not_visible
[INFO] [1789488367.890318050] [robot_0.robot_supervisor]: Triggered uncontrollable event: EV_zone_a_reached
[INFO] [1789488367.913190814] [robot_0.robot_supervisor]: Selected controllable event: EV_rotate_counterclockwise
[INFO] [1789488368.091517602] [robot_0.robot_supervisor]: Triggered uncontrollable event: EV_obstacle_right
[INFO] [1789488368.092594396] [robot_0.robot_supervisor]: Selected controllable event: EV_rotate_counterclockwise
[INFO] [1789488368.288896050] [robot_0.robot_supervisor]: Triggered uncontrollable event: EV_obstacle_right
[INFO] [1789488368.297306251] [robot_0.robot_supervisor]: Selected controllable event: EV_u_turn
[INFO] [1789488368.424139492] [robot_0.robot_supervisor]: Triggered uncontrollable event: EV_obstacle_right
[INFO] [1789488368.438578619] [robot_0.robot_supervisor]: Selected controllable event: EV_rotate_counterclockwise
[INFO] [1789488368.609178504] [robot_0.robot_supervisor]: Triggered uncontrollable event: EV_obstacle_right
[INFO] [1789488368.610276358] [robot_0.robot_supervisor]: Selected controllable event: EV_rotate_counterclockwise
[INFO] [1789488368.799195627] [robot_0.robot_supervisor]: Triggered uncontrollable event: EV_zone_b_not_visible
[INFO] [1789488368.799963968] [robot_0.robot_supervisor]: Triggered uncontrollable event: EV_zone_a_reached
[INFO] [1789488368.816290247] [robot_0.robot_supervisor]: Selected controllable event: EV_move_forward
[INFO] [1789488369.090203901] [robot_0.robot_supervisor]: Selected controllable event: EV_search_zone
[INFO] [1789488369.311833640] [robot_0.robot_supervisor]: Selected controllable event: EV_search_zone
[INFO] [1789488369.511501882] [robot_0.robot_supervisor]: Selected controllable event: EV_move_forward
[INFO] [1789488369.808731542] [robot_0.robot_supervisor]: Triggered uncontrollable event: EV_zone_b_not_visible
[INFO] [1789488369.809575507] [robot_0.robot_supervisor]: Triggered uncontrollable event: EV_zone_a_reached
[INFO] [1789488369.819939898] [robot_0.robot_supervisor]: Selected controllable event: EV_search_zone
[INFO] [1789488370.017371453] [robot_0.robot_supervisor]: Selected controllable event: EV_move_forward
[INFO] [1789488370.301535895] [robot_0.robot_supervisor]: Selected controllable event: EV_move_forward
[INFO] [1789488370.516249568] [robot_0.robot_supervisor]: Selected controllable event: EV_move_forward
[INFO] [1789488370.797909963] [robot_0.robot_supervisor]: Triggered uncontrollable event: EV_zone_b_not_visible
[INFO] [1789488370.802193768] [robot_0.robot_supervisor]: Triggered uncontrollable event: EV_zone_a_reached
[INFO] [1789488370.815070176] [robot_0.robot_supervisor]: Selected controllable event: EV_move_forward
[INFO] [1789488371.092792692] [robot_0.robot_supervisor]: Selected controllable event: EV_search_zone
[INFO] [1789488371.312970977] [robot_0.robot_supervisor]: Selected controllable event: EV_search_zone
[INFO] [1789488371.513903212] [robot_0.robot_supervisor]: Triggered uncontrollable event: EV_zone_a_reached
[INFO] [1789488371.516209637] [robot_0.robot_supervisor]: Selected controllable event: EV_move_forward
[INFO] [1789488371.802658191] [robot_0.robot_supervisor]: Triggered uncontrollable event: EV_zone_b_not_visible
[INFO] [1789488371.812744913] [robot_0.robot_supervisor]: Selected controllable event: EV_move_forward
[INFO] [1789488372.104935442] [robot_0.robot_supervisor]: Selected controllable event: EV_move_forward
[INFO] [1789488372.409356874] [robot_0.robot_supervisor]: Selected controllable event: EV_search_zone
[INFO] [1789488372.606453878] [robot_0.robot_supervisor]: Selected controllable event: EV_search_zone
[INFO] [1789488372.818193518] [robot_0.robot_supervisor]: Triggered uncontrollable event: EV_zone_b_not_visible
[INFO] [1789488372.818919988] [robot_0.robot_supervisor]: Triggered uncontrollable event: EV_zone_a_reached
[INFO] [1789488372.831503503] [robot_0.robot_supervisor]: Selected controllable event: EV_move_forward
[INFO] [1789488373.092189466] [robot_0.robot_supervisor]: Selected controllable event: EV_search_zone
[INFO] [1789488373.230105936] [robot_0.robot_supervisor]: Selected controllable event: EV_move_forward
[INFO] [1789488373.485807855] [robot_0.robot_supervisor]: Selected controllable event: EV_move_forward
[INFO] [1789488373.711156547] [robot_0.robot_supervisor]: Selected controllable event: EV_move_forward
[INFO] [1789488373.983640589] [robot_0.robot_supervisor]: Triggered uncontrollable event: EV_zone_b_not_visible
[INFO] [1789488373.984385678] [robot_0.robot_supervisor]: Triggered uncontrollable event: EV_zone_a_reached
[INFO] [1789488374.004567129] [robot_0.robot_supervisor]: Selected controllable event: EV_search_zone
[INFO] [1789488374.189601739] [robot_0.robot_supervisor]: Selected controllable event: EV_search_zone
[INFO] [1789488374.400239899] [robot_0.robot_supervisor]: Selected controllable event: EV_search_zone
[INFO] [1789488374.605415339] [robot_0.robot_supervisor]: Selected controllable event: EV_search_zone
[INFO] [1789488374.808804647] [robot_0.robot_supervisor]: Triggered uncontrollable event: EV_zone_a_not_visible
[INFO] [1789488374.809589442] [robot_0.robot_supervisor]: Triggered uncontrollable event: EV_zone_b_not_visible
[INFO] [1789488374.825625552] [robot_0.robot_supervisor]: Selected controllable event: EV_search_zone
[INFO] [1789488375.016144548] [robot_0.robot_supervisor]: Selected controllable event: EV_move_forward
[INFO] [1789488375.296300326] [robot_0.robot_supervisor]: Selected controllable event: EV_move_forward
[INFO] [1789488375.624513414] [robot_0.robot_supervisor]: Selected controllable event: EV_move_forward
[INFO] [1789488375.887802983] [robot_0.robot_supervisor]: Triggered uncontrollable event: EV_zone_a_not_visible
[INFO] [1789488375.903140886] [robot_0.robot_supervisor]: Triggered uncontrollable event: EV_zone_b_not_visible
[INFO] [1789488375.904068684] [robot_0.robot_supervisor]: Selected controllable event: EV_move_forward
[INFO] [1789488376.194136598] [robot_0.robot_supervisor]: Selected controllable event: EV_move_forward
[INFO] [1789488376.404575896] [robot_0.robot_supervisor]: Selected controllable event: EV_search_zone
[INFO] [1789488376.513351896] [robot_0.robot_supervisor]: Selected controllable event: EV_search_zone
[INFO] [1789488376.678350798] [robot_0.robot_supervisor]: Triggered uncontrollable event: EV_zone_a_not_visible
[INFO] [1789488376.689293736] [robot_0.robot_supervisor]: Selected controllable event: EV_move_forward
[INFO] [1789488376.918228866] [robot_0.robot_supervisor]: Triggered uncontrollable event: EV_zone_b_not_visible
[INFO] [1789488376.919308034] [robot_0.robot_supervisor]: Selected controllable event: EV_search_zone
[INFO] [1789488377.096547578] [robot_0.robot_supervisor]: Selected controllable event: EV_move_forward
[INFO] [1789488377.392218944] [robot_0.robot_supervisor]: Selected controllable event: EV_move_forward
[INFO] [1789488377.607805358] [robot_0.robot_supervisor]: Selected controllable event: EV_search_zone
[INFO] [1789488377.800202839] [robot_0.robot_supervisor]: Triggered uncontrollable event: EV_zone_a_not_visible
[INFO] [1789488377.801337802] [robot_0.robot_supervisor]: Triggered uncontrollable event: EV_zone_b_not_visible
[INFO] [1789488377.802299692] [robot_0.robot_supervisor]: Selected controllable event: EV_search_zone
[INFO] [1789488377.994608479] [robot_0.robot_supervisor]: Selected controllable event: EV_search_zone
[INFO] [1789488378.195028780] [robot_0.robot_supervisor]: Selected controllable event: EV_search_zone
[INFO] [1789488378.444748663] [robot_0.robot_supervisor]: Selected controllable event: EV_search_zone
[INFO] [1789488378.603053966] [robot_0.robot_supervisor]: Selected controllable event: EV_search_zone
[INFO] [1789488378.710341058] [robot_0.robot_supervisor]: Triggered uncontrollable event: EV_zone_a_not_visible
[INFO] [1789488378.724550092] [robot_0.robot_supervisor]: Triggered uncontrollable event: EV_zone_b_not_visible
[INFO] [1789488378.725590810] [robot_0.robot_supervisor]: Selected controllable event: EV_search_zone
[INFO] [1789488378.893935459] [robot_0.robot_supervisor]: Selected controllable event: EV_search_zone
[INFO] [1789488379.074879749] [robot_0.robot_supervisor]: Selected controllable event: EV_search_zone
[INFO] [1789488379.217845913] [robot_0.robot_supervisor]: Selected controllable event: EV_move_forward
[INFO] [1789488379.500731307] [robot_0.robot_supervisor]: Selected controllable event: EV_move_forward
[INFO] [1789488379.795309888] [robot_0.robot_supervisor]: Triggered uncontrollable event: EV_zone_a_not_visible
[INFO] [1789488379.804215518] [robot_0.robot_supervisor]: Selected controllable event: EV_move_forward
[INFO] [1789488380.089492010] [robot_0.robot_supervisor]: Triggered uncontrollable event: EV_zone_b_not_visible
[INFO] [1789488380.101629996] [robot_0.robot_supervisor]: Selected controllable event: EV_search_zone
[INFO] [1789488380.222365095] [robot_0.robot_supervisor]: Selected controllable event: EV_move_forward
[INFO] [1789488380.481391074] [robot_0.robot_supervisor]: Triggered uncontrollable event: EV_zone_a_not_visible
[INFO] [1789488380.488726730] [robot_0.robot_supervisor]: Selected controllable event: EV_move_forward
[INFO] [1789488380.808968862] [robot_0.robot_supervisor]: Triggered uncontrollable event: EV_zone_b_not_visible
[INFO] [1789488380.819843082] [robot_0.robot_supervisor]: Selected controllable event: EV_search_zone
[INFO] [1789488380.982570405] [robot_0.robot_supervisor]: Selected controllable event: EV_search_zone
[INFO] [1789488381.231801735] [robot_0.robot_supervisor]: Selected controllable event: EV_search_zone
[INFO] [1789488381.407448159] [robot_0.robot_supervisor]: Triggered uncontrollable event: EV_zone_a_not_visible
[INFO] [1789488381.422030043] [robot_0.robot_supervisor]: Selected controllable event: EV_search_zone
[INFO] [1789488381.622939416] [robot_0.robot_supervisor]: Triggered uncontrollable event: EV_zone_b_not_visible
[INFO] [1789488381.624058137] [robot_0.robot_supervisor]: Selected controllable event: EV_search_zone
[INFO] [1789488381.783248313] [robot_0.robot_supervisor]: Selected controllable event: EV_search_zone
[INFO] [1789488381.909618849] [robot_0.robot_supervisor]: Selected controllable event: EV_move_forward
[INFO] [1789488382.230622416] [robot_0.robot_supervisor]: Selected controllable event: EV_search_zone
[INFO] [1789488382.401932807] [robot_0.robot_supervisor]: Selected controllable event: EV_search_zone
[INFO] [1789488382.585655796] [robot_0.robot_supervisor]: Triggered uncontrollable event: EV_zone_a_not_visible
[INFO] [1789488382.606046755] [robot_0.robot_supervisor]: Triggered uncontrollable event: EV_zone_b_not_visible
[INFO] [1789488382.620650899] [robot_0.robot_supervisor]: Selected controllable event: EV_search_zone
[INFO] [1789488382.809751461] [robot_0.robot_supervisor]: Selected controllable event: EV_search_zone
[INFO] [1789488382.983518262] [robot_0.robot_supervisor]: Selected controllable event: EV_move_forward
[INFO] [1789488383.299819725] [robot_0.robot_supervisor]: Selected controllable event: EV_move_forward
[INFO] [1789488383.579337609] [robot_0.robot_supervisor]: Triggered uncontrollable event: EV_zone_a_not_visible
[INFO] [1789488383.587943908] [robot_0.robot_supervisor]: Triggered uncontrollable event: EV_zone_b_not_visible
[INFO] [1789488383.588986562] [robot_0.robot_supervisor]: Selected controllable event: EV_search_zone
[INFO] [1789488383.702135146] [robot_0.robot_supervisor]: Selected controllable event: EV_search_zone
[INFO] [1789488383.893114912] [robot_0.robot_supervisor]: Selected controllable event: EV_search_zone
[INFO] [1789488384.010996502] [robot_0.robot_supervisor]: Selected controllable event: EV_move_forward
[INFO] [1789488384.312016999] [robot_0.robot_supervisor]: Triggered uncontrollable event: EV_zone_a_not_visible
[INFO] [1789488384.319776371] [robot_0.robot_supervisor]: Selected controllable event: EV_move_forward
[INFO] [1789488384.602326060] [robot_0.robot_supervisor]: Triggered uncontrollable event: EV_zone_b_visible
[INFO] [1789488384.608534905] [robot_0.robot_supervisor]: Selected controllable event: EV_approach_zone
[INFO] [1789488384.898927376] [robot_0.robot_supervisor]: Selected controllable event: EV_approach_zone
[INFO] [1789488385.209466624] [robot_0.robot_supervisor]: Triggered uncontrollable event: EV_zone_a_not_visible
[INFO] [1789488385.225817412] [robot_0.robot_supervisor]: Selected controllable event: EV_approach_zone
[INFO] [1789488385.508888082] [robot_0.robot_supervisor]: Triggered uncontrollable event: EV_zone_b_visible
[INFO] [1789488385.516489824] [robot_0.robot_supervisor]: Selected controllable event: EV_approach_zone
[INFO] [1789488385.813992205] [robot_0.robot_supervisor]: Selected controllable event: EV_approach_zone
[INFO] [1789488386.089814203] [robot_0.robot_supervisor]: Selected controllable event: EV_move_forward
[INFO] [1789488386.326088419] [robot_0.robot_supervisor]: Selected controllable event: EV_move_forward
[INFO] [1789488386.581497777] [robot_0.robot_supervisor]: Triggered uncontrollable event: EV_zone_b_visible
[INFO] [1789488386.584630745] [robot_0.robot_supervisor]: Triggered uncontrollable event: EV_zone_a_not_visible
[INFO] [1789488386.585556827] [robot_0.robot_supervisor]: Selected controllable event: EV_approach_zone
[INFO] [1789488386.813822994] [robot_0.robot_supervisor]: Selected controllable event: EV_approach_zone
[INFO] [1789488387.099068035] [robot_0.robot_supervisor]: Selected controllable event: EV_move_forward
[INFO] [1789488387.399982964] [robot_0.robot_supervisor]: Triggered uncontrollable event: EV_zone_b_visible
[INFO] [1789488387.400744899] [robot_0.robot_supervisor]: Triggered uncontrollable event: EV_zone_a_not_visible
[INFO] [1789488387.401556126] [robot_0.robot_supervisor]: Triggered uncontrollable event: EV_obstacle_front
[INFO] [1789488387.418861829] [robot_0.robot_supervisor]: Selected controllable event: EV_rotate_counterclockwise
[INFO] [1789488387.581356379] [robot_0.robot_supervisor]: Triggered uncontrollable event: EV_obstacle_front
[INFO] [1789488387.599394659] [robot_0.robot_supervisor]: Selected controllable event: EV_u_turn
[INFO] [1789488387.606987029] [robot_0.robot_supervisor]: Starting FULL ROTATE (omega=1.000, have_odom=True, target_rad=3.142, timeout_s=3.500)
[INFO] [1789488391.206995783] [robot_0.robot_supervisor]: FULL ROTATE completed by timeout
[INFO] [1789488391.426058549] [robot_0.robot_supervisor]: Triggered uncontrollable event: EV_zone_a_visible
[INFO] [1789488391.426947257] [robot_0.robot_supervisor]: Triggered uncontrollable event: EV_zone_b_visible
[INFO] [1789488391.455240313] [robot_0.robot_supervisor]: Selected controllable event: EV_approach_zone
[INFO] [1789488391.709446061] [robot_0.robot_supervisor]: Selected controllable event: EV_move_forward
[INFO] [1789488392.016302620] [robot_0.robot_supervisor]: Selected controllable event: EV_approach_zone
[INFO] [1789488392.298492061] [robot_0.robot_supervisor]: Triggered uncontrollable event: EV_zone_a_visible
[INFO] [1789488392.299384186] [robot_0.robot_supervisor]: Triggered uncontrollable event: EV_zone_b_visible
[INFO] [1789488392.309798825] [robot_0.robot_supervisor]: Selected controllable event: EV_approach_zone
[INFO] [1789488392.585650298] [robot_0.robot_supervisor]: Selected controllable event: EV_approach_zone
[INFO] [1789488392.810725397] [robot_0.robot_supervisor]: Selected controllable event: EV_approach_zone
[INFO] [1789488393.082656957] [robot_0.robot_supervisor]: Selected controllable event: EV_approach_zone
[INFO] [1789488393.289791587] [robot_0.robot_supervisor]: Triggered uncontrollable event: EV_zone_a_visible
[INFO] [1789488393.302819313] [robot_0.robot_supervisor]: Triggered uncontrollable event: EV_zone_b_visible
[INFO] [1789488393.303918032] [robot_0.robot_supervisor]: Selected controllable event: EV_move_forward
[INFO] [1789488393.610685317] [robot_0.robot_supervisor]: Selected controllable event: EV_approach_zone
[INFO] [1789488393.925644482] [robot_0.robot_supervisor]: Selected controllable event: EV_move_forward
[INFO] [1789488394.182638502] [robot_0.robot_supervisor]: Triggered uncontrollable event: EV_zone_a_visible
[INFO] [1789488394.183455767] [robot_0.robot_supervisor]: Triggered uncontrollable event: EV_zone_b_not_visible
[INFO] [1789488394.204824119] [robot_0.robot_supervisor]: Selected controllable event: EV_move_forward
[INFO] [1789488394.485360675] [robot_0.robot_supervisor]: Selected controllable event: EV_approach_zone
[INFO] [1789488394.807235821] [robot_0.robot_supervisor]: Selected controllable event: EV_approach_zone
[INFO] [1789488395.114781370] [robot_0.robot_supervisor]: Selected controllable event: EV_approach_zone
[INFO] [1789488395.408499723] [robot_0.robot_supervisor]: Triggered uncontrollable event: EV_zone_a_visible
[INFO] [1789488395.410134250] [robot_0.robot_supervisor]: Triggered uncontrollable event: EV_zone_b_not_visible
[INFO] [1789488395.426450672] [robot_0.robot_supervisor]: Selected controllable event: EV_approach_zone
[INFO] [1789488395.689385231] [robot_0.robot_supervisor]: Selected controllable event: EV_approach_zone
[INFO] [1789488396.002316195] [robot_0.robot_supervisor]: Selected controllable event: EV_approach_zone
[INFO] [1789488396.212361435] [robot_0.robot_supervisor]: Triggered uncontrollable event: EV_zone_a_visible
[INFO] [1789488396.223811093] [robot_0.robot_supervisor]: Triggered uncontrollable event: EV_zone_b_not_visible
[INFO] [1789488396.233271927] [robot_0.robot_supervisor]: Selected controllable event: EV_move_forward
[INFO] [1789488396.498461266] [robot_0.robot_supervisor]: Selected controllable event: EV_approach_zone
[INFO] [1789488396.817812505] [robot_0.robot_supervisor]: Selected controllable event: EV_approach_zone
[INFO] [1789488397.110753399] [robot_0.robot_supervisor]: Selected controllable event: EV_approach_zone
[INFO] [1789488397.391775726] [robot_0.robot_supervisor]: Triggered uncontrollable event: EV_zone_b_not_visible
[INFO] [1789488397.392610133] [robot_0.robot_supervisor]: Triggered uncontrollable event: EV_zone_a_reached
[INFO] [1789488397.415981702] [robot_0.robot_supervisor]: Selected controllable event: EV_move_forward
[INFO] [1789488397.706808496] [robot_0.robot_supervisor]: Selected controllable event: EV_move_forward
[INFO] [1789488398.004804373] [robot_0.robot_supervisor]: Selected controllable event: EV_move_forward
[INFO] [1789488398.288416636] [robot_0.robot_supervisor]: Triggered uncontrollable event: EV_obstacle_front
[INFO] [1789488398.297470105] [robot_0.robot_supervisor]: Selected controllable event: EV_u_turn
[INFO] [1789488398.301308335] [robot_0.robot_supervisor]: Starting FULL ROTATE (omega=1.000, have_odom=True, target_rad=3.142, timeout_s=3.500)
[INFO] [1789488401.885061476] [robot_0.robot_supervisor]: FULL ROTATE completed by timeout
[INFO] [1789488402.105170980] [robot_0.robot_supervisor]: DELIVERED zone_a; balance=zone_a_has_extra
[INFO] [1789488402.123559780] [robot_0.robot_supervisor]: Triggered uncontrollable event: EV_zone_b_not_visible
[INFO] [1789488402.129994751] [robot_0.robot_supervisor]: Triggered uncontrollable event: EV_zone_a_reached
[INFO] [1789488402.131087882] [robot_0.robot_supervisor]: Selected controllable event: EV_drop_zone_a
[INFO] [1789488402.209476122] [robot_0.robot_supervisor]: Delivered cargo 'robot_0_carried_generic_box' removed.
[INFO] [1789488402.217761124] [robot_0.robot_supervisor]: Selected controllable event: EV_publish_delivered_zone_a
[INFO] [1789488402.303704052] [robot_0.robot_supervisor]: ############################# REACHED: EV_object_reached #############################
[INFO] [1789488402.305143586] [robot_0.robot_supervisor]: Selected controllable event: EV_pick_up_object
[INFO] [1789488402.376619258] [robot_0.robot_supervisor]: Cargo 'robot_0_carried_generic_box' placed on robot.
[INFO] [1789488402.592213789] [robot_0.robot_supervisor]: Triggered uncontrollable event: EV_zone_b_not_visible
[INFO] [1789488402.598863972] [robot_0.robot_supervisor]: Selected controllable event: EV_move_forward
[INFO] [1789488402.813257180] [robot_0.robot_supervisor]: Selected controllable event: EV_move_forward
[INFO] [1789488403.095872651] [robot_0.robot_supervisor]: Selected controllable event: EV_search_zone
[INFO] [1789488403.203447082] [robot_0.robot_supervisor]: Selected controllable event: EV_move_forward
[INFO] [1789488403.412688207] [robot_0.robot_supervisor]: Selected controllable event: EV_search_zone
[INFO] [1789488403.589665080] [robot_0.robot_supervisor]: Triggered uncontrollable event: EV_zone_b_not_visible
[INFO] [1789488403.590487125] [robot_0.robot_supervisor]: Triggered uncontrollable event: EV_zone_a_reached
[INFO] [1789488403.611359100] [robot_0.robot_supervisor]: Selected controllable event: EV_search_zone
[INFO] [1789488403.775468649] [robot_0.robot_supervisor]: Selected controllable event: EV_search_zone
[INFO] [1789488403.900360861] [robot_0.robot_supervisor]: Selected controllable event: EV_search_zone
[INFO] [1789488404.090531147] [robot_0.robot_supervisor]: Selected controllable event: EV_search_zone
[INFO] [1789488404.279487740] [robot_0.robot_supervisor]: Selected controllable event: EV_move_forward
[INFO] [1789488404.585678204] [robot_0.robot_supervisor]: Triggered uncontrollable event: EV_zone_b_not_visible
[INFO] [1789488404.597488034] [robot_0.robot_supervisor]: Triggered uncontrollable event: EV_zone_a_reached
[INFO] [1789488404.604204032] [robot_0.robot_supervisor]: Selected controllable event: EV_move_forward
[INFO] [1789488404.815732193] [robot_0.robot_supervisor]: Selected controllable event: EV_move_forward
[INFO] [1789488405.086892118] [robot_0.robot_supervisor]: Selected controllable event: EV_search_zone
[INFO] [1789488405.209122032] [robot_0.robot_supervisor]: Selected controllable event: EV_move_forward
[INFO] [1789488405.496099235] [robot_0.robot_supervisor]: Triggered uncontrollable event: EV_zone_a_reached
[INFO] [1789488405.507386473] [robot_0.robot_supervisor]: Selected controllable event: EV_move_forward
[INFO] [1789488405.809804253] [robot_0.robot_supervisor]: Triggered uncontrollable event: EV_zone_b_not_visible
[INFO] [1789488405.813181488] [robot_0.robot_supervisor]: Selected controllable event: EV_search_zone
[INFO] [1789488406.011630783] [robot_0.robot_supervisor]: Selected controllable event: EV_move_forward
[INFO] [1789488406.314791384] [robot_0.robot_supervisor]: Selected controllable event: EV_search_zone
[INFO] [1789488406.510721165] [robot_0.robot_supervisor]: Triggered uncontrollable event: EV_zone_a_reached
[INFO] [1789488406.511707298] [robot_0.robot_supervisor]: Selected controllable event: EV_search_zone
[INFO] [1789488406.713667210] [robot_0.robot_supervisor]: Triggered uncontrollable event: EV_zone_b_not_visible
[INFO] [1789488406.721307504] [robot_0.robot_supervisor]: Selected controllable event: EV_move_forward
[INFO] [1789488407.013105759] [robot_0.robot_supervisor]: Selected controllable event: EV_search_zone
[INFO] [1789488407.212588622] [robot_0.robot_supervisor]: Selected controllable event: EV_search_zone
[INFO] [1789488407.402393378] [robot_0.robot_supervisor]: Selected controllable event: EV_search_zone
[INFO] [1789488407.598718414] [robot_0.robot_supervisor]: Triggered uncontrollable event: EV_zone_a_reached
[INFO] [1789488407.604292584] [robot_0.robot_supervisor]: Selected controllable event: EV_search_zone
[INFO] [1789488407.784865686] [robot_0.robot_supervisor]: Triggered uncontrollable event: EV_zone_b_not_visible
[INFO] [1789488407.805158549] [robot_0.robot_supervisor]: Selected controllable event: EV_search_zone
[INFO] [1789488408.018578318] [robot_0.robot_supervisor]: Selected controllable event: EV_search_zone
[INFO] [1789488408.202218377] [robot_0.robot_supervisor]: Selected controllable event: EV_move_forward
[INFO] [1789488408.505680421] [robot_0.robot_supervisor]: Selected controllable event: EV_move_forward
[INFO] [1789488408.720599377] [robot_0.robot_supervisor]: Triggered uncontrollable event: EV_zone_a_reached
[INFO] [1789488408.731906226] [robot_0.robot_supervisor]: Selected controllable event: EV_move_forward
[INFO] [1789488408.987806747] [robot_0.robot_supervisor]: Triggered uncontrollable event: EV_zone_b_not_visible
[INFO] [1789488408.995507569] [robot_0.robot_supervisor]: Selected controllable event: EV_search_zone
[INFO] [1789488409.117906100] [robot_0.robot_supervisor]: Selected controllable event: EV_search_zone
[INFO] [1789488409.289156757] [robot_0.robot_supervisor]: Selected controllable event: EV_search_zone
[INFO] [1789488409.500782318] [robot_0.robot_supervisor]: Selected controllable event: EV_move_forward
[INFO] [1789488409.792212703] [robot_0.robot_supervisor]: Triggered uncontrollable event: EV_zone_a_not_visible
[INFO] [1789488409.797517570] [robot_0.robot_supervisor]: Triggered uncontrollable event: EV_zone_b_not_visible
[INFO] [1789488409.810103042] [robot_0.robot_supervisor]: Selected controllable event: EV_search_zone
[INFO] [1789488409.923515754] [robot_0.robot_supervisor]: Selected controllable event: EV_move_forward
[INFO] [1789488410.214294283] [robot_0.robot_supervisor]: Selected controllable event: EV_move_forward
[INFO] [1789488410.509955525] [robot_0.robot_supervisor]: Selected controllable event: EV_search_zone
[INFO] [1789488410.703107985] [robot_0.robot_supervisor]: Triggered uncontrollable event: EV_zone_a_not_visible
[INFO] [1789488410.704143815] [robot_0.robot_supervisor]: Selected controllable event: EV_move_forward
[INFO] [1789488411.007108372] [robot_0.robot_supervisor]: Triggered uncontrollable event: EV_zone_b_not_visible
[INFO] [1789488411.008120445] [robot_0.robot_supervisor]: Selected controllable event: EV_move_forward
[INFO] [1789488411.307509514] [robot_0.robot_supervisor]: Selected controllable event: EV_move_forward
[INFO] [1789488411.580620664] [robot_0.robot_supervisor]: Triggered uncontrollable event: EV_zone_a_not_visible
[INFO] [1789488411.583681514] [robot_0.robot_supervisor]: Triggered uncontrollable event: EV_zone_b_not_visible
[INFO] [1789488411.600796509] [robot_0.robot_supervisor]: Selected controllable event: EV_search_zone
[INFO] [1789488411.794147403] [robot_0.robot_supervisor]: Selected controllable event: EV_search_zone
[INFO] [1789488411.989171974] [robot_0.robot_supervisor]: Selected controllable event: EV_search_zone
[INFO] [1789488412.176716440] [robot_0.robot_supervisor]: Selected controllable event: EV_search_zone
[INFO] [1789488412.320236715] [robot_0.robot_supervisor]: Selected controllable event: EV_move_forward
[INFO] [1789488412.585690843] [robot_0.robot_supervisor]: Selected controllable event: EV_search_zone
[INFO] [1789488412.800119763] [robot_0.robot_supervisor]: Triggered uncontrollable event: EV_zone_a_not_visible
[INFO] [1789488412.802375116] [robot_0.robot_supervisor]: Triggered uncontrollable event: EV_zone_b_not_visible
[INFO] [1789488412.807262861] [robot_0.robot_supervisor]: Selected controllable event: EV_move_forward
[INFO] [1789488413.085269312] [robot_0.robot_supervisor]: Selected controllable event: EV_move_forward
[INFO] [1789488413.326067536] [robot_0.robot_supervisor]: Selected controllable event: EV_search_zone
[INFO] [1789488413.510402816] [robot_0.robot_supervisor]: Selected controllable event: EV_search_zone
[INFO] [1789488413.684736332] [robot_0.robot_supervisor]: Triggered uncontrollable event: EV_zone_a_not_visible
[INFO] [1789488413.704619271] [robot_0.robot_supervisor]: Triggered uncontrollable event: EV_zone_b_not_visible
[INFO] [1789488413.705670916] [robot_0.robot_supervisor]: Selected controllable event: EV_search_zone
[INFO] [1789488413.836588792] [robot_0.robot_supervisor]: Selected controllable event: EV_move_forward
[INFO] [1789488414.113333175] [robot_0.robot_supervisor]: Selected controllable event: EV_move_forward
[INFO] [1789488414.397420601] [robot_0.robot_supervisor]: Selected controllable event: EV_search_zone
[INFO] [1789488414.609598565] [robot_0.robot_supervisor]: Triggered uncontrollable event: EV_zone_a_not_visible
[INFO] [1789488414.624131995] [robot_0.robot_supervisor]: Triggered uncontrollable event: EV_zone_b_not_visible
[INFO] [1789488414.628646396] [robot_0.robot_supervisor]: Selected controllable event: EV_move_forward
[INFO] [1789488414.915907761] [robot_0.robot_supervisor]: Selected controllable event: EV_move_forward
[INFO] [1789488415.184582788] [robot_0.robot_supervisor]: Selected controllable event: EV_search_zone
[INFO] [1789488415.321148995] [robot_0.robot_supervisor]: Selected controllable event: EV_move_forward
[INFO] [1789488415.583442811] [robot_0.robot_supervisor]: Triggered uncontrollable event: EV_zone_a_not_visible
[INFO] [1789488415.600218778] [robot_0.robot_supervisor]: Triggered uncontrollable event: EV_zone_b_not_visible
[INFO] [1789488415.601302522] [robot_0.robot_supervisor]: Selected controllable event: EV_move_forward
[INFO] [1789488415.884511415] [robot_0.robot_supervisor]: Selected controllable event: EV_move_forward
[INFO] [1789488416.201276287] [robot_0.robot_supervisor]: Selected controllable event: EV_move_forward
[INFO] [1789488416.507641662] [robot_0.robot_supervisor]: Triggered uncontrollable event: EV_zone_a_not_visible
[INFO] [1789488416.508453348] [robot_0.robot_supervisor]: Triggered uncontrollable event: EV_zone_b_not_visible
[INFO] [1789488416.516675548] [robot_0.robot_supervisor]: Selected controllable event: EV_move_forward
[INFO] [1789488416.802317364] [robot_0.robot_supervisor]: Selected controllable event: EV_move_forward
[INFO] [1789488417.107336468] [robot_0.robot_supervisor]: Selected controllable event: EV_move_forward
[INFO] [1789488417.409913379] [robot_0.robot_supervisor]: Triggered uncontrollable event: EV_zone_a_not_visible
[INFO] [1789488417.420656847] [robot_0.robot_supervisor]: Triggered uncontrollable event: EV_zone_b_not_visible
[INFO] [1789488417.421690608] [robot_0.robot_supervisor]: Selected controllable event: EV_move_forward
[INFO] [1789488417.685768727] [robot_0.robot_supervisor]: Selected controllable event: EV_search_zone
[INFO] [1789488417.790821555] [robot_0.robot_supervisor]: Selected controllable event: EV_search_zone
[INFO] [1789488417.904258161] [robot_0.robot_supervisor]: Selected controllable event: EV_move_forward
[INFO] [1789488418.209244404] [robot_0.robot_supervisor]: Selected controllable event: EV_search_zone
[INFO] [1789488418.382106363] [robot_0.robot_supervisor]: Triggered uncontrollable event: EV_zone_a_not_visible
[INFO] [1789488418.390652956] [robot_0.robot_supervisor]: Triggered uncontrollable event: EV_zone_b_not_visible
[INFO] [1789488418.407660329] [robot_0.robot_supervisor]: Selected controllable event: EV_search_zone
[INFO] [1789488418.586188035] [robot_0.robot_supervisor]: Selected controllable event: EV_search_zone
[INFO] [1789488418.791213010] [robot_0.robot_supervisor]: Selected controllable event: EV_search_zone
[INFO] [1789488419.023327403] [robot_0.robot_supervisor]: Selected controllable event: EV_move_forward
[INFO] [1789488419.304022403] [robot_0.robot_supervisor]: Triggered uncontrollable event: EV_zone_a_not_visible
[INFO] [1789488419.306034793] [robot_0.robot_supervisor]: Triggered uncontrollable event: EV_zone_b_not_visible
[INFO] [1789488419.314281141] [robot_0.robot_supervisor]: Selected controllable event: EV_move_forward
[INFO] [1789488419.603793564] [robot_0.robot_supervisor]: Selected controllable event: EV_search_zone
[INFO] [1789488419.802958285] [robot_0.robot_supervisor]: Selected controllable event: EV_search_zone
[INFO] [1789488420.002775065] [robot_0.robot_supervisor]: Selected controllable event: EV_move_forward
[INFO] [1789488420.302483270] [robot_0.robot_supervisor]: Triggered uncontrollable event: EV_zone_a_not_visible
[INFO] [1789488420.308603416] [robot_0.robot_supervisor]: Triggered uncontrollable event: EV_zone_b_not_visible
[INFO] [1789488420.309592172] [robot_0.robot_supervisor]: Selected controllable event: EV_move_forward
[INFO] [1789488420.584684569] [robot_0.robot_supervisor]: Selected controllable event: EV_search_zone
[INFO] [1789488420.800184111] [robot_0.robot_supervisor]: Selected controllable event: EV_move_forward
[INFO] [1789488421.094007473] [robot_0.robot_supervisor]: Selected controllable event: EV_search_zone
[INFO] [1789488421.295329123] [robot_0.robot_supervisor]: Triggered uncontrollable event: EV_zone_a_not_visible
[INFO] [1789488421.309363859] [robot_0.robot_supervisor]: Triggered uncontrollable event: EV_zone_b_not_visible
[INFO] [1789488421.317492029] [robot_0.robot_supervisor]: Selected controllable event: EV_move_forward
[INFO] [1789488421.586424596] [robot_0.robot_supervisor]: Selected controllable event: EV_search_zone
[INFO] [1789488421.718558429] [robot_0.robot_supervisor]: Selected controllable event: EV_search_zone
[INFO] [1789488421.890720335] [robot_0.robot_supervisor]: Selected controllable event: EV_search_zone
[INFO] [1789488422.021123785] [robot_0.robot_supervisor]: Selected controllable event: EV_search_zone
[INFO] [1789488422.191803700] [robot_0.robot_supervisor]: Triggered uncontrollable event: EV_zone_b_visible
[INFO] [1789488422.209868428] [robot_0.robot_supervisor]: Triggered uncontrollable event: EV_zone_a_not_visible
[INFO] [1789488422.210830434] [robot_0.robot_supervisor]: Selected controllable event: EV_approach_zone
[INFO] [1789488422.490996335] [robot_0.robot_supervisor]: Selected controllable event: EV_approach_zone
[INFO] [1789488422.793665512] [robot_0.robot_supervisor]: Selected controllable event: EV_move_forward
[INFO] [1789488423.018845259] [robot_0.robot_supervisor]: Triggered uncontrollable event: EV_zone_b_visible
[INFO] [1789488423.026144624] [robot_0.robot_supervisor]: Triggered uncontrollable event: EV_zone_a_not_visible
[INFO] [1789488423.035606904] [robot_0.robot_supervisor]: Selected controllable event: EV_approach_zone
[INFO] [1789488423.304004137] [robot_0.robot_supervisor]: Selected controllable event: EV_move_forward
[INFO] [1789488423.598121125] [robot_0.robot_supervisor]: Selected controllable event: EV_approach_zone
[INFO] [1789488423.906280102] [robot_0.robot_supervisor]: Triggered uncontrollable event: EV_zone_b_visible
[INFO] [1789488423.913251831] [robot_0.robot_supervisor]: Triggered uncontrollable event: EV_zone_a_not_visible
[INFO] [1789488423.922470187] [robot_0.robot_supervisor]: Selected controllable event: EV_move_forward
[INFO] [1789488424.190949989] [robot_0.robot_supervisor]: Selected controllable event: EV_approach_zone
[INFO] [1789488424.409838859] [robot_0.robot_supervisor]: Selected controllable event: EV_approach_zone
[INFO] [1789488424.710477174] [robot_0.robot_supervisor]: Selected controllable event: EV_approach_zone
[INFO] [1789488425.021669375] [robot_0.robot_supervisor]: Triggered uncontrollable event: EV_zone_a_not_visible
[INFO] [1789488425.022750339] [robot_0.robot_supervisor]: Selected controllable event: EV_move_forward
[INFO] [1789488425.296997097] [robot_0.robot_supervisor]: Triggered uncontrollable event: EV_zone_b_visible
[INFO] [1789488425.301411605] [robot_0.robot_supervisor]: Selected controllable event: EV_approach_zone
[INFO] [1789488425.512018260] [robot_0.robot_supervisor]: Selected controllable event: EV_approach_zone
[INFO] [1789488425.805899188] [robot_0.robot_supervisor]: Triggered uncontrollable event: EV_zone_b_visible
[INFO] [1789488425.806697382] [robot_0.robot_supervisor]: Triggered uncontrollable event: EV_zone_a_not_visible
[INFO] [1789488425.825459853] [robot_0.robot_supervisor]: Selected controllable event: EV_approach_zone
[INFO] [1789488426.108968429] [robot_0.robot_supervisor]: Selected controllable event: EV_move_forward
[INFO] [1789488426.425312979] [robot_0.robot_supervisor]: Selected controllable event: EV_move_forward
[INFO] [1789488426.691091698] [robot_0.robot_supervisor]: Triggered uncontrollable event: EV_zone_b_visible
[INFO] [1789488426.697389478] [robot_0.robot_supervisor]: Triggered uncontrollable event: EV_zone_a_not_visible
[INFO] [1789488426.711144721] [robot_0.robot_supervisor]: Selected controllable event: EV_move_forward
[INFO] [1789488427.000793583] [robot_0.robot_supervisor]: Selected controllable event: EV_move_forward
[INFO] [1789488427.332454723] [robot_0.robot_supervisor]: Selected controllable event: EV_move_forward
[INFO] [1789488427.583341914] [robot_0.robot_supervisor]: Selected controllable event: EV_approach_zone
[INFO] [1789488427.904402171] [robot_0.robot_supervisor]: Triggered uncontrollable event: EV_zone_b_visible
[INFO] [1789488427.905320053] [robot_0.robot_supervisor]: Triggered uncontrollable event: EV_zone_a_not_visible
[INFO] [1789488427.906329991] [robot_0.robot_supervisor]: Selected controllable event: EV_approach_zone
[INFO] [1789488428.214289965] [robot_0.robot_supervisor]: Selected controllable event: EV_approach_zone
[INFO] [1789488428.495537509] [robot_0.robot_supervisor]: Selected controllable event: EV_approach_zone
[INFO] [1789488428.714482418] [robot_0.robot_supervisor]: Triggered uncontrollable event: EV_zone_b_visible
[INFO] [1789488428.717242862] [robot_0.robot_supervisor]: Triggered uncontrollable event: EV_zone_a_not_visible
[INFO] [1789488428.718292281] [robot_0.robot_supervisor]: Selected controllable event: EV_move_forward
[INFO] [1789488429.017237253] [robot_0.robot_supervisor]: Selected controllable event: EV_move_forward
[INFO] [1789488429.310787723] [robot_0.robot_supervisor]: Selected controllable event: EV_approach_zone
[INFO] [1789488429.587017200] [robot_0.robot_supervisor]: Selected controllable event: EV_move_forward
[INFO] [1789488429.884412335] [robot_0.robot_supervisor]: Triggered uncontrollable event: EV_zone_b_visible
[INFO] [1789488429.893795036] [robot_0.robot_supervisor]: Triggered uncontrollable event: EV_zone_a_not_visible
[INFO] [1789488429.909575374] [robot_0.robot_supervisor]: Selected controllable event: EV_move_forward
[INFO] [1789488430.190838203] [robot_0.robot_supervisor]: Selected controllable event: EV_approach_zone
[INFO] [1789488430.497454095] [robot_0.robot_supervisor]: Selected controllable event: EV_approach_zone
[INFO] [1789488430.807167786] [robot_0.robot_supervisor]: Triggered uncontrollable event: EV_zone_b_visible
[INFO] [1789488430.810438021] [robot_0.robot_supervisor]: Triggered uncontrollable event: EV_zone_a_not_visible
[INFO] [1789488430.827938783] [robot_0.robot_supervisor]: Selected controllable event: EV_move_forward
[INFO] [1789488431.109569022] [robot_0.robot_supervisor]: Selected controllable event: EV_move_forward
[INFO] [1789488431.403603467] [robot_0.robot_supervisor]: Selected controllable event: EV_approach_zone
[INFO] [1789488431.689938264] [robot_0.robot_supervisor]: Triggered uncontrollable event: EV_zone_a_not_visible
[INFO] [1789488431.690920317] [robot_0.robot_supervisor]: Selected controllable event: EV_move_forward
[INFO] [1789488431.897994895] [robot_0.robot_supervisor]: Triggered uncontrollable event: EV_zone_b_visible
[INFO] [1789488431.898921994] [robot_0.robot_supervisor]: Selected controllable event: EV_approach_zone
[INFO] [1789488432.208481379] [robot_0.robot_supervisor]: Selected controllable event: EV_move_forward
[INFO] [1789488432.521921273] [robot_0.robot_supervisor]: Triggered uncontrollable event: EV_zone_b_visible
[INFO] [1789488432.522770280] [robot_0.robot_supervisor]: Triggered uncontrollable event: EV_zone_a_not_visible
[INFO] [1789488432.542231875] [robot_0.robot_supervisor]: Selected controllable event: EV_move_forward
[INFO] [1789488432.815422272] [robot_0.robot_supervisor]: Selected controllable event: EV_move_forward
[INFO] [1789488433.094827469] [robot_0.robot_supervisor]: Selected controllable event: EV_move_forward
[INFO] [1789488433.399229173] [robot_0.robot_supervisor]: Triggered uncontrollable event: EV_zone_b_visible
[INFO] [1789488433.400012850] [robot_0.robot_supervisor]: Triggered uncontrollable event: EV_zone_a_not_visible
[INFO] [1789488433.416148719] [robot_0.robot_supervisor]: Selected controllable event: EV_approach_zone
[INFO] [1789488433.708620398] [robot_0.robot_supervisor]: Selected controllable event: EV_move_forward
[INFO] [1789488433.986480063] [robot_0.robot_supervisor]: Selected controllable event: EV_approach_zone
[INFO] [1789488434.206513986] [robot_0.robot_supervisor]: Selected controllable event: EV_move_forward
[INFO] [1789488434.488434467] [robot_0.robot_supervisor]: Triggered uncontrollable event: EV_zone_b_visible
[INFO] [1789488434.500747997] [robot_0.robot_supervisor]: Triggered uncontrollable event: EV_zone_a_not_visible
[INFO] [1789488434.512295114] [robot_0.robot_supervisor]: Selected controllable event: EV_approach_zone
[INFO] [1789488434.799426230] [robot_0.robot_supervisor]: Selected controllable event: EV_move_forward
[INFO] [1789488435.096446429] [robot_0.robot_supervisor]: Selected controllable event: EV_approach_zone
[INFO] [1789488435.415060264] [robot_0.robot_supervisor]: Triggered uncontrollable event: EV_zone_b_visible
[INFO] [1789488435.419685264] [robot_0.robot_supervisor]: Triggered uncontrollable event: EV_zone_a_not_visible
[INFO] [1789488435.425556249] [robot_0.robot_supervisor]: Selected controllable event: EV_move_forward
[INFO] [1789488435.685896344] [robot_0.robot_supervisor]: Selected controllable event: EV_approach_zone
[INFO] [1789488435.911788571] [robot_0.robot_supervisor]: Selected controllable event: EV_approach_zone
[INFO] [1789488436.123174591] [robot_0.robot_supervisor]: Selected controllable event: EV_approach_zone
[INFO] [1789488436.400422447] [robot_0.robot_supervisor]: DELIVERED zone_b; balance=equal
[INFO] [1789488436.401243293] [robot_0.robot_supervisor]: Triggered uncontrollable event: EV_zone_a_not_visible
[INFO] [1789488436.415739556] [robot_0.robot_supervisor]: Triggered uncontrollable event: EV_zone_b_reached
[INFO] [1789488436.416738785] [robot_0.robot_supervisor]: Selected controllable event: EV_drop_zone_b
[INFO] [1789488436.478040161] [robot_0.robot_supervisor]: Delivered cargo 'robot_0_carried_generic_box' removed.
[INFO] [1789488436.504831959] [robot_0.robot_supervisor]: Selected controllable event: EV_publish_delivered_zone_b
[INFO] [1789488436.594180271] [robot_0.robot_supervisor]: Selected controllable event: EV_search_object
[INFO] [1789488436.780052179] [robot_0.robot_supervisor]: Selected controllable event: EV_search_object
[INFO] [1789488436.883210075] [robot_0.robot_supervisor]: Selected controllable event: EV_search_object
[INFO] [1789488436.986661659] [robot_0.robot_supervisor]: Selected controllable event: EV_move_forward
[INFO] [1789488437.191323171] [robot_0.robot_supervisor]: Selected controllable event: EV_move_forward
[INFO] [1789488437.488592666] [robot_0.robot_supervisor]: Selected controllable event: EV_search_object
[INFO] [1789488437.607715613] [robot_0.robot_supervisor]: Selected controllable event: EV_move_forward
[INFO] [1789488437.890220974] [robot_0.robot_supervisor]: Selected controllable event: EV_move_forward
[INFO] [1789488438.198971954] [robot_0.robot_supervisor]: Triggered uncontrollable event: EV_obstacle_front
[INFO] [1789488438.218637507] [robot_0.robot_supervisor]: Selected controllable event: EV_rotate_clockwise
[INFO] [1789488438.381117998] [robot_0.robot_supervisor]: Triggered uncontrollable event: EV_obstacle_front
[INFO] [1789488438.382179950] [robot_0.robot_supervisor]: Selected controllable event: EV_rotate_counterclockwise
[INFO] [1789488438.594757600] [robot_0.robot_supervisor]: Triggered uncontrollable event: EV_obstacle_front
[INFO] [1789488438.595724519] [robot_0.robot_supervisor]: Selected controllable event: EV_rotate_counterclockwise
[INFO] [1789488438.799794045] [robot_0.robot_supervisor]: Triggered uncontrollable event: EV_obstacle_front
[INFO] [1789488438.800795654] [robot_0.robot_supervisor]: Selected controllable event: EV_u_turn
[INFO] [1789488438.815385456] [robot_0.robot_supervisor]: Starting FULL ROTATE (omega=1.000, have_odom=True, target_rad=3.142, timeout_s=3.500)
[INFO] [1789488442.302235749] [robot_0.robot_supervisor]: FULL ROTATE completed by timeout
[INFO] [1789488442.603194306] [robot_0.robot_supervisor]: Selected controllable event: EV_search_object
[INFO] [1789488442.790764573] [robot_0.robot_supervisor]: Selected controllable event: EV_move_forward
[INFO] [1789488443.104827401] [robot_0.robot_supervisor]: Selected controllable event: EV_search_object
[INFO] [1789488443.289390155] [robot_0.robot_supervisor]: Selected controllable event: EV_move_forward
[INFO] [1789488443.574291507] [robot_0.robot_supervisor]: Selected controllable event: EV_search_object
[INFO] [1789488443.710564552] [robot_0.robot_supervisor]: Selected controllable event: EV_search_object
[INFO] [1789488443.902564796] [robot_0.robot_supervisor]: Selected controllable event: EV_search_object
[INFO] [1789488444.083367070] [robot_0.robot_supervisor]: Selected controllable event: EV_move_forward
[INFO] [1789488444.397593143] [robot_0.robot_supervisor]: Selected controllable event: EV_move_forward
[INFO] [1789488444.683969955] [robot_0.robot_supervisor]: Selected controllable event: EV_move_forward
[INFO] [1789488444.998563845] [robot_0.robot_supervisor]: Selected controllable event: EV_move_forward
[INFO] [1789488445.297370552] [robot_0.robot_supervisor]: Selected controllable event: EV_search_object
[INFO] [1789488445.509377581] [robot_0.robot_supervisor]: Selected controllable event: EV_search_object
[INFO] [1789488445.698025478] [robot_0.robot_supervisor]: Selected controllable event: EV_move_forward
[INFO] [1789488446.004406612] [robot_0.robot_supervisor]: Selected controllable event: EV_move_forward
[INFO] [1789488446.300420357] [robot_0.robot_supervisor]: Selected controllable event: EV_search_object
[INFO] [1789488446.407377637] [robot_0.robot_supervisor]: Triggered uncontrollable event: EV_obstacle_right
[INFO] [1789488446.419724879] [robot_0.robot_supervisor]: Selected controllable event: EV_rotate_counterclockwise
[INFO] [1789488446.585289707] [robot_0.robot_supervisor]: Triggered uncontrollable event: EV_obstacle_right
[INFO] [1789488446.593657371] [robot_0.robot_supervisor]: Selected controllable event: EV_rotate_counterclockwise
[INFO] [1789488446.797423130] [robot_0.robot_supervisor]: Triggered uncontrollable event: EV_obstacle_right
[INFO] [1789488446.799213010] [robot_0.robot_supervisor]: Selected controllable event: EV_rotate_counterclockwise
[INFO] [1789488447.001975430] [robot_0.robot_supervisor]: Triggered uncontrollable event: EV_obstacle_right
[INFO] [1789488447.002890969] [robot_0.robot_supervisor]: Selected controllable event: EV_rotate_counterclockwise
[INFO] [1789488447.216156885] [robot_0.robot_supervisor]: Triggered uncontrollable event: EV_obstacle_right
[INFO] [1789488447.217208093] [robot_0.robot_supervisor]: Selected controllable event: EV_rotate_counterclockwise
[INFO] [1789488447.389316408] [robot_0.robot_supervisor]: Triggered uncontrollable event: EV_obstacle_right
[INFO] [1789488447.403100903] [robot_0.robot_supervisor]: Selected controllable event: EV_u_turn
[INFO] [1789488447.408476051] [robot_0.robot_supervisor]: Starting FULL ROTATE (omega=1.000, have_odom=True, target_rad=3.142, timeout_s=3.500)
[INFO] [1789488450.991549199] [robot_0.robot_supervisor]: FULL ROTATE completed by timeout
[INFO] [1789488451.293464502] [robot_0.robot_supervisor]: Selected controllable event: EV_search_object
[INFO] [1789488451.484320243] [robot_0.robot_supervisor]: Selected controllable event: EV_move_forward
[INFO] [1789488451.689016825] [robot_0.robot_supervisor]: Selected controllable event: EV_search_object
[INFO] [1789488451.803766577] [robot_0.robot_supervisor]: Selected controllable event: EV_move_forward
[INFO] [1789488452.008463907] [robot_0.robot_supervisor]: Selected controllable event: EV_move_forward
[INFO] [1789488452.276332613] [robot_0.robot_supervisor]: Selected controllable event: EV_move_forward
[INFO] [1789488452.494709471] [robot_0.robot_supervisor]: Selected controllable event: EV_move_forward
[INFO] [1789488452.800184211] [robot_0.robot_supervisor]: Selected controllable event: EV_search_object
[INFO] [1789488452.978626880] [robot_0.robot_supervisor]: Selected controllable event: EV_search_object
[INFO] [1789488453.196032031] [robot_0.robot_supervisor]: Selected controllable event: EV_move_forward
[INFO] [1789488453.496808745] [robot_0.robot_supervisor]: Selected controllable event: EV_search_object
[INFO] [1789488453.619649890] [robot_0.robot_supervisor]: Selected controllable event: EV_move_forward
[INFO] [1789488453.877679994] [robot_0.robot_supervisor]: Selected controllable event: EV_move_forward
[INFO] [1789488454.224778718] [robot_0.robot_supervisor]: Selected controllable event: EV_search_object
[INFO] [1789488454.390214068] [robot_0.robot_supervisor]: Selected controllable event: EV_search_object
[INFO] [1789488454.593243677] [robot_0.robot_supervisor]: Selected controllable event: EV_search_object
[INFO] [1789488454.784426941] [robot_0.robot_supervisor]: Selected controllable event: EV_move_forward
[INFO] [1789488454.996958659] [robot_0.robot_supervisor]: Selected controllable event: EV_search_object
[INFO] [1789488455.116797281] [robot_0.robot_supervisor]: Selected controllable event: EV_move_forward
[INFO] [1789488455.378316425] [robot_0.robot_supervisor]: Selected controllable event: EV_search_object
[INFO] [1789488455.603373794] [robot_0.robot_supervisor]: Selected controllable event: EV_move_forward
[INFO] [1789488455.925166018] [robot_0.robot_supervisor]: Selected controllable event: EV_search_object
[INFO] [1789488456.113892328] [robot_0.robot_supervisor]: Selected controllable event: EV_search_object
[INFO] [1789488456.283613773] [robot_0.robot_supervisor]: Selected controllable event: EV_move_forward
[INFO] [1789488456.577634945] [robot_0.robot_supervisor]: Selected controllable event: EV_search_object
[INFO] [1789488456.682776698] [robot_0.robot_supervisor]: Selected controllable event: EV_move_forward
[INFO] [1789488456.924786940] [robot_0.robot_supervisor]: Selected controllable event: EV_search_object
[INFO] [1789488457.110510013] [robot_0.robot_supervisor]: Selected controllable event: EV_search_object
[INFO] [1789488457.283810854] [robot_0.robot_supervisor]: Selected controllable event: EV_move_forward
[INFO] [1789488457.504351115] [robot_0.robot_supervisor]: Selected controllable event: EV_search_object
[INFO] [1789488457.711650724] [robot_0.robot_supervisor]: Selected controllable event: EV_move_forward
[INFO] [1789488458.001167360] [robot_0.robot_supervisor]: Triggered uncontrollable event: EV_obstacle_left
[INFO] [1789488458.002079341] [robot_0.robot_supervisor]: Selected controllable event: EV_u_turn
[INFO] [1789488458.002984316] [robot_0.robot_supervisor]: Starting FULL ROTATE (omega=1.000, have_odom=True, target_rad=3.142, timeout_s=3.500)
[INFO] [1789488461.503527226] [robot_0.robot_supervisor]: FULL ROTATE completed by timeout
[INFO] [1789488461.697537111] [robot_0.robot_supervisor]: Triggered uncontrollable event: EV_obstacle_right
[INFO] [1789488461.711659829] [robot_0.robot_supervisor]: Selected controllable event: EV_u_turn
[INFO] [1789488461.799264010] [robot_0.robot_supervisor]: Triggered uncontrollable event: EV_obstacle_right
[INFO] [1789488461.800287547] [robot_0.robot_supervisor]: Selected controllable event: EV_rotate_counterclockwise
[WARN] [1789488461.811316584] [robot_0.robot_supervisor]: no translation for 4.7s livelock detected; starting atomic escape (turn_sign=+1)
[INFO] [1789488464.391611504] [robot_0.robot_supervisor]: Zone-livelock escape completed
[INFO] [1789488464.607380785] [robot_0.robot_supervisor]: Selected controllable event: EV_search_object
[INFO] [1789488464.782646125] [robot_0.robot_supervisor]: Selected controllable event: EV_move_forward
[INFO] [1789488464.998758955] [robot_0.robot_supervisor]: Selected controllable event: EV_move_forward
[INFO] [1789488465.203836078] [robot_0.robot_supervisor]: Selected controllable event: EV_move_forward
[INFO] [1789488465.508077222] [robot_0.robot_supervisor]: Selected controllable event: EV_move_forward
[INFO] [1789488465.792171094] [robot_0.robot_supervisor]: Selected controllable event: EV_move_forward
[INFO] [1789488466.101662826] [robot_0.robot_supervisor]: Selected controllable event: EV_search_object
[INFO] [1789488466.311474616] [robot_0.robot_supervisor]: Selected controllable event: EV_move_forward
[INFO] [1789488466.582523336] [robot_0.robot_supervisor]: Selected controllable event: EV_move_forward
[INFO] [1789488466.807937327] [robot_0.robot_supervisor]: Selected controllable event: EV_search_object
[INFO] [1789488466.993480844] [robot_0.robot_supervisor]: Selected controllable event: EV_search_object
[INFO] [1789488467.203240122] [robot_0.robot_supervisor]: Selected controllable event: EV_move_forward
[INFO] [1789488467.518754608] [robot_0.robot_supervisor]: Selected controllable event: EV_move_forward
[INFO] [1789488467.813289690] [robot_0.robot_supervisor]: Selected controllable event: EV_move_forward
[INFO] [1789488468.098209543] [robot_0.robot_supervisor]: Selected controllable event: EV_search_object
[INFO] [1789488468.274578469] [robot_0.robot_supervisor]: Selected controllable event: EV_move_forward
[INFO] [1789488468.487288377] [robot_0.robot_supervisor]: Selected controllable event: EV_move_forward
[INFO] [1789488468.714360371] [robot_0.robot_supervisor]: Selected controllable event: EV_move_forward
[INFO] [1789488468.998606028] [robot_0.robot_supervisor]: Selected controllable event: EV_move_forward
[INFO] [1789488469.309251437] [robot_0.robot_supervisor]: Selected controllable event: EV_search_object
[INFO] [1789488469.495330138] [robot_0.robot_supervisor]: Selected controllable event: EV_move_forward
[INFO] [1789488469.709066502] [robot_0.robot_supervisor]: Selected controllable event: EV_move_forward
[INFO] [1789488470.014872699] [robot_0.robot_supervisor]: Selected controllable event: EV_move_forward
[INFO] [1789488470.280462455] [robot_0.robot_supervisor]: Selected controllable event: EV_move_forward
[INFO] [1789488470.488895724] [robot_0.robot_supervisor]: Selected controllable event: EV_move_forward
[INFO] [1789488470.805192018] [robot_0.robot_supervisor]: Selected controllable event: EV_search_object
[INFO] [1789488471.023883573] [robot_0.robot_supervisor]: Selected controllable event: EV_search_object
[INFO] [1789488471.199847816] [robot_0.robot_supervisor]: Selected controllable event: EV_move_forward
[INFO] [1789488471.502869389] [robot_0.robot_supervisor]: Selected controllable event: EV_move_forward
[INFO] [1789488471.719062482] [robot_0.robot_supervisor]: Selected controllable event: EV_search_object
[INFO] [1789488471.881111179] [robot_0.robot_supervisor]: Selected controllable event: EV_search_object
[INFO] [1789488472.018200633] [robot_0.robot_supervisor]: Selected controllable event: EV_move_forward
[INFO] [1789488472.300234786] [robot_0.robot_supervisor]: Selected controllable event: EV_search_object
[INFO] [1789488472.407813207] [robot_0.robot_supervisor]: Selected controllable event: EV_search_object
[INFO] [1789488472.596828546] [robot_0.robot_supervisor]: Selected controllable event: EV_move_forward
[INFO] [1789488472.907050385] [robot_0.robot_supervisor]: Selected controllable event: EV_move_forward
[INFO] [1789488473.208115527] [robot_0.robot_supervisor]: Selected controllable event: EV_search_object
[INFO] [1789488473.399710777] [robot_0.robot_supervisor]: Selected controllable event: EV_move_forward
[INFO] [1789488473.691522490] [robot_0.robot_supervisor]: Selected controllable event: EV_search_object
[INFO] [1789488473.896592927] [robot_0.robot_supervisor]: Selected controllable event: EV_search_object
[INFO] [1789488474.001029779] [robot_0.robot_supervisor]: Selected controllable event: EV_search_object
[INFO] [1789488474.222990562] [robot_0.robot_supervisor]: Selected controllable event: EV_search_object
[INFO] [1789488474.378093585] [robot_0.robot_supervisor]: Selected controllable event: EV_move_forward
[INFO] [1789488474.606733683] [robot_0.robot_supervisor]: Selected controllable event: EV_move_forward
[INFO] [1789488474.890826604] [robot_0.robot_supervisor]: Selected controllable event: EV_search_object
[INFO] [1789488475.113317725] [robot_0.robot_supervisor]: Selected controllable event: EV_search_object
[INFO] [1789488475.220829241] [robot_0.robot_supervisor]: Selected controllable event: EV_move_forward
[INFO] [1789488475.506974691] [robot_0.robot_supervisor]: Selected controllable event: EV_search_object
[INFO] [1789488475.708673316] [robot_0.robot_supervisor]: Selected controllable event: EV_search_object
[INFO] [1789488475.882522411] [robot_0.robot_supervisor]: Selected controllable event: EV_search_object
[INFO] [1789488476.095023830] [robot_0.robot_supervisor]: Selected controllable event: EV_search_object
[INFO] [1789488476.301444200] [robot_0.robot_supervisor]: Selected controllable event: EV_search_object
[INFO] [1789488476.509017483] [robot_0.robot_supervisor]: Selected controllable event: EV_move_forward
[INFO] [1789488476.788494593] [robot_0.robot_supervisor]: Selected controllable event: EV_search_object
[INFO] [1789488476.916185235] [robot_0.robot_supervisor]: Selected controllable event: EV_move_forward
[INFO] [1789488477.175533619] [robot_0.robot_supervisor]: Selected controllable event: EV_move_forward
[INFO] [1789488477.417507016] [robot_0.robot_supervisor]: Selected controllable event: EV_search_object
[INFO] [1789488477.590892370] [robot_0.robot_supervisor]: Selected controllable event: EV_search_object
[INFO] [1789488477.776486648] [robot_0.robot_supervisor]: Selected controllable event: EV_search_object
[INFO] [1789488477.897893784] [robot_0.robot_supervisor]: Selected controllable event: EV_search_object
[INFO] [1789488478.084018548] [robot_0.robot_supervisor]: Selected controllable event: EV_search_object
[INFO] [1789488478.198502468] [robot_0.robot_supervisor]: Selected controllable event: EV_search_object
[INFO] [1789488478.395040118] [robot_0.robot_supervisor]: Selected controllable event: EV_search_object
[INFO] [1789488478.504331877] [robot_0.robot_supervisor]: Selected controllable event: EV_move_forward
[INFO] [1789488478.812554322] [robot_0.robot_supervisor]: Selected controllable event: EV_search_object
[INFO] [1789488478.995197644] [robot_0.robot_supervisor]: Selected controllable event: EV_move_forward
[INFO] [1789488479.308009259] [robot_0.robot_supervisor]: Selected controllable event: EV_move_forward
[INFO] [1789488479.585168403] [robot_0.robot_supervisor]: Selected controllable event: EV_move_forward
[INFO] [1789488479.893362189] [robot_0.robot_supervisor]: Selected controllable event: EV_search_object
[INFO] [1789488480.114735614] [robot_0.robot_supervisor]: Selected controllable event: EV_move_forward
[INFO] [1789488480.417097209] [robot_0.robot_supervisor]: Selected controllable event: EV_move_forward
[INFO] [1789488480.688845538] [robot_0.robot_supervisor]: Selected controllable event: EV_search_object
[INFO] [1789488480.812501735] [robot_0.robot_supervisor]: Selected controllable event: EV_move_forward
[INFO] [1789488481.088583461] [robot_0.robot_supervisor]: Selected controllable event: EV_move_forward
[INFO] [1789488481.410199078] [robot_0.robot_supervisor]: Selected controllable event: EV_search_object
[INFO] [1789488481.588689605] [robot_0.robot_supervisor]: Selected controllable event: EV_search_object
[INFO] [1789488481.810526745] [robot_0.robot_supervisor]: Selected controllable event: EV_move_forward
[INFO] [1789488482.090927851] [robot_0.robot_supervisor]: Selected controllable event: EV_move_forward
[INFO] [1789488482.294424637] [robot_0.robot_supervisor]: Selected controllable event: EV_search_object
[INFO] [1789488482.502545951] [robot_0.robot_supervisor]: Selected controllable event: EV_search_object
[INFO] [1789488482.676144298] [robot_0.robot_supervisor]: Selected controllable event: EV_search_object
[INFO] [1789488482.828275063] [robot_0.robot_supervisor]: Selected controllable event: EV_search_object
[INFO] [1789488483.010619569] [robot_0.robot_supervisor]: Selected controllable event: EV_move_forward
[INFO] [1789488483.286576461] [robot_0.robot_supervisor]: Selected controllable event: EV_search_object
[INFO] [1789488483.500336738] [robot_0.robot_supervisor]: Selected controllable event: EV_move_forward
[INFO] [1789488483.814899935] [robot_0.robot_supervisor]: Selected controllable event: EV_move_forward
[INFO] [1789488483.852244304] [robot_0.robot_supervisor]: RECEIVED zone_a; balance=zone_a_has_extra
[INFO] [1789488484.101701734] [robot_0.robot_supervisor]: Triggered uncontrollable event: EV_received_delivered_zone_a
[INFO] [1789488484.113160399] [robot_0.robot_supervisor]: Selected controllable event: EV_move_forward
[INFO] [1789488484.399321762] [robot_0.robot_supervisor]: Selected controllable event: EV_move_forward
[INFO] [1789488484.692849347] [robot_0.robot_supervisor]: Selected controllable event: EV_search_object
[INFO] [1789488484.899505526] [robot_0.robot_supervisor]: Selected controllable event: EV_search_object
[INFO] [1789488485.093812611] [robot_0.robot_supervisor]: Selected controllable event: EV_move_forward
[INFO] [1789488485.396722279] [robot_0.robot_supervisor]: Selected controllable event: EV_search_object
[INFO] [1789488485.615650786] [robot_0.robot_supervisor]: Selected controllable event: EV_search_object
[INFO] [1789488485.787494408] [robot_0.robot_supervisor]: Selected controllable event: EV_move_forward
[INFO] [1789488486.074581374] [robot_0.robot_supervisor]: Selected controllable event: EV_search_object
[INFO] [1789488486.290574534] [robot_0.robot_supervisor]: Selected controllable event: EV_search_object
[INFO] [1789488486.472771279] [robot_0.robot_supervisor]: Selected controllable event: EV_move_forward
[INFO] [1789488486.797612902] [robot_0.robot_supervisor]: Selected controllable event: EV_move_forward
[INFO] [1789488487.107227616] [robot_0.robot_supervisor]: Selected controllable event: EV_search_object
[INFO] [1789488487.292762782] [robot_0.robot_supervisor]: Selected controllable event: EV_search_object
[INFO] [1789488487.503650617] [robot_0.robot_supervisor]: Selected controllable event: EV_move_forward
[INFO] [1789488487.796319895] [robot_0.robot_supervisor]: Selected controllable event: EV_move_forward
[INFO] [1789488488.087747332] [robot_0.robot_supervisor]: Selected controllable event: EV_move_forward
[INFO] [1789488488.402144264] [robot_0.robot_supervisor]: Selected controllable event: EV_search_object
[INFO] [1789488488.583431434] [robot_0.robot_supervisor]: Selected controllable event: EV_move_forward
[INFO] [1789488488.806162319] [robot_0.robot_supervisor]: Selected controllable event: EV_move_forward
[INFO] [1789488489.091795458] [robot_0.robot_supervisor]: Selected controllable event: EV_search_object
[INFO] [1789488489.211653040] [robot_0.robot_supervisor]: Selected controllable event: EV_move_forward
[INFO] [1789488489.538335886] [robot_0.robot_supervisor]: Selected controllable event: EV_move_forward
