1789489915.0827858 [INFO] [launch]: All log files can be found below /home/ecem/sct_ws/src/llm_sct/RESULTS_LAST/baseline/delivery_stack_xml/batch_logs/ros_slot4/2026-09-15-18-31-55-081114-ecem-pc-75745
1789489915.0830038 [INFO] [launch]: Default logging verbosity is set to INFO
1789489916.3777316 [INFO] [ign gazebo-1]: process started with pid [75944]
1789489916.3780491 [INFO] [image_bridge-2]: process started with pid [75948]
1789489916.3782034 [INFO] [simulation_video_recorder-3]: process started with pid [75959]
1789489916.3783367 [INFO] [coverage_counter-4]: process started with pid [75961]
1789489916.3784502 [INFO] [bump_counter-5]: process started with pid [75966]
1789489916.3785665 [INFO] [parameter_bridge-6]: process started with pid [75984]
1789489916.3786790 [INFO] [robot_state_publisher-7]: process started with pid [75995]
1789489916.3787842 [INFO] [create-8]: process started with pid [76006]
1789489916.3788934 [INFO] [static_transform_publisher-9]: process started with pid [76015]
1789489916.3790023 [INFO] [image_bridge-10]: process started with pid [76029]
1789489916.3849049 [INFO] [robot_state_publisher-11]: process started with pid [76042]
1789489916.3852167 [INFO] [create-12]: process started with pid [76044]
1789489916.3853676 [INFO] [static_transform_publisher-13]: process started with pid [76074]
1789489916.3855209 [INFO] [image_bridge-14]: process started with pid [76087]
1789489916.4019823 [INFO] [robot_state_publisher-15]: process started with pid [76101]
1789489916.4022510 [INFO] [create-16]: process started with pid [76129]
1789489916.4023898 [INFO] [static_transform_publisher-17]: process started with pid [76147]
1789489916.4025092 [INFO] [image_bridge-18]: process started with pid [76160]
1789489916.4026220 [INFO] [parameter_bridge-19]: process started with pid [76214]
1789489919.0359952 [INFO] [create-16]: process has finished cleanly [pid 76129]
1789489919.0475783 [INFO] [create-12]: process has finished cleanly [pid 76044]
1789489919.1063385 [INFO] [create-8]: process has finished cleanly [pid 76006]
1789489919.1719809 [INFO] [balanced_delivery_supervisor-20]: process started with pid [76787]
1789489919.1722343 [INFO] [stuck_recovery-21]: process started with pid [76789]
1789489919.1729181 [INFO] [balanced_delivery_supervisor-22]: process started with pid [76795]
1789489919.1730711 [INFO] [stuck_recovery-23]: process started with pid [76797]
1789489919.1735861 [INFO] [balanced_delivery_supervisor-24]: process started with pid [76801]
1789489919.1737285 [INFO] [stuck_recovery-25]: process started with pid [76804]
1789489921.2391813 [INFO] [image_processor-26]: process started with pid [77023]
1789489921.2395005 [INFO] [color_detector-27]: process started with pid [77026]
1789489921.2970240 [INFO] [image_processor-28]: process started with pid [77045]
1789489921.2972796 [INFO] [color_detector-29]: process started with pid [77049]
1789489921.5181942 [INFO] [image_processor-30]: process started with pid [77084]
1789489921.5184708 [INFO] [color_detector-31]: process started with pid [77086]
1789490098.8095493 [INFO] [coverage_counter-4]: process has finished cleanly [pid 75961]
1789490098.8103397 [INFO] [launch]: process[coverage_counter-4] was required: shutting down launched system
1789490098.9868360 [INFO] [color_detector-31]: sending signal 'SIGINT' to process[color_detector-31]
1789490099.1126461 [INFO] [image_processor-30]: sending signal 'SIGINT' to process[image_processor-30]
1789490099.2022314 [INFO] [color_detector-29]: sending signal 'SIGINT' to process[color_detector-29]
1789490099.3193505 [INFO] [image_processor-28]: sending signal 'SIGINT' to process[image_processor-28]
1789490099.4705369 [INFO] [color_detector-27]: sending signal 'SIGINT' to process[color_detector-27]
1789490099.5227647 [INFO] [image_processor-26]: sending signal 'SIGINT' to process[image_processor-26]
1789490099.5949755 [INFO] [stuck_recovery-25]: sending signal 'SIGINT' to process[stuck_recovery-25]
1789490099.6298261 [INFO] [balanced_delivery_supervisor-24]: sending signal 'SIGINT' to process[balanced_delivery_supervisor-24]
1789490099.6585460 [INFO] [stuck_recovery-23]: sending signal 'SIGINT' to process[stuck_recovery-23]
1789490099.6876013 [INFO] [balanced_delivery_supervisor-22]: sending signal 'SIGINT' to process[balanced_delivery_supervisor-22]
1789490099.7297046 [INFO] [stuck_recovery-21]: sending signal 'SIGINT' to process[stuck_recovery-21]
1789490099.8948472 [INFO] [balanced_delivery_supervisor-20]: sending signal 'SIGINT' to process[balanced_delivery_supervisor-20]
1789490099.9870410 [INFO] [parameter_bridge-19]: sending signal 'SIGINT' to process[parameter_bridge-19]
1789490100.0455184 [INFO] [image_bridge-18]: sending signal 'SIGINT' to process[image_bridge-18]
1789490100.0906949 [INFO] [parameter_bridge-19]: process has finished cleanly [pid 76214]
1789490100.0957224 [INFO] [static_transform_publisher-17]: sending signal 'SIGINT' to process[static_transform_publisher-17]
1789490100.1257191 [INFO] [robot_state_publisher-15]: sending signal 'SIGINT' to process[robot_state_publisher-15]
1789490100.1802869 [INFO] [image_bridge-14]: sending signal 'SIGINT' to process[image_bridge-14]
1789490100.2497599 [INFO] [static_transform_publisher-13]: sending signal 'SIGINT' to process[static_transform_publisher-13]
1789490100.3325148 [INFO] [robot_state_publisher-11]: sending signal 'SIGINT' to process[robot_state_publisher-11]
1789490100.3735964 [INFO] [image_bridge-10]: sending signal 'SIGINT' to process[image_bridge-10]
1789490100.4455533 [INFO] [static_transform_publisher-9]: sending signal 'SIGINT' to process[static_transform_publisher-9]
1789490100.5091536 [INFO] [robot_state_publisher-7]: sending signal 'SIGINT' to process[robot_state_publisher-7]
1789490100.5946684 [INFO] [parameter_bridge-6]: sending signal 'SIGINT' to process[parameter_bridge-6]
1789490100.6827352 [INFO] [bump_counter-5]: sending signal 'SIGINT' to process[bump_counter-5]
1789490100.7663252 [INFO] [simulation_video_recorder-3]: sending signal 'SIGINT' to process[simulation_video_recorder-3]
1789490100.7787662 [INFO] [parameter_bridge-6]: process has finished cleanly [pid 75984]
1789490100.8373797 [INFO] [image_bridge-2]: sending signal 'SIGINT' to process[image_bridge-2]
1789490100.9645693 [INFO] [ign gazebo-1]: sending signal 'SIGINT' to process[ign gazebo-1]
1789490101.2092731 [ERROR] [image_processor-30]: process has died [pid 77084, exit code 1, cmd '/home/ecem/sct_ws/install/leo_image_processing/lib/leo_image_processing/image_processor --ros-args -r __node:=image_processor -r __ns:=/robot_0 --params-file /tmp/launch_params_d0j2je07 --params-file /tmp/launch_params_hbcstdm0 --params-file /tmp/launch_params_dujkq8mr'].
1789490101.2230811 [INFO] [static_transform_publisher-17]: process has finished cleanly [pid 76147]
1789490101.2556286 [INFO] [robot_state_publisher-15]: process has finished cleanly [pid 76101]
1789490101.2723253 [INFO] [image_bridge-18]: process has finished cleanly [pid 76160]
1789490101.3524432 [INFO] [static_transform_publisher-13]: process has finished cleanly [pid 76074]
1789490101.3527362 [ERROR] [color_detector-31]: process has died [pid 77086, exit code 1, cmd '/home/ecem/sct_ws/install/leo_image_processing/lib/leo_image_processing/color_detector --ros-args -r __node:=target_detector -r __ns:=/robot_0 --params-file /tmp/launch_params_3nc4q5ey --params-file /tmp/launch_params_k171132r --params-file /tmp/launch_params_4_j2grtw --params-file /tmp/launch_params_eefp377_ --params-file /tmp/launch_params_pnj7ph4l --params-file /tmp/launch_params_0aypwnzq'].
1789490101.3528826 [INFO] [image_bridge-14]: process has finished cleanly [pid 76087]
1789490101.4293530 [INFO] [robot_state_publisher-11]: process has finished cleanly [pid 76042]
1789490101.4882562 [INFO] [static_transform_publisher-9]: process has finished cleanly [pid 76015]
1789490101.5161972 [ERROR] [image_processor-28]: process has died [pid 77045, exit code 1, cmd '/home/ecem/sct_ws/install/leo_image_processing/lib/leo_image_processing/image_processor --ros-args -r __node:=image_processor -r __ns:=/robot_1 --params-file /tmp/launch_params_56cvrllp --params-file /tmp/launch_params_f8jp8x3z --params-file /tmp/launch_params_e91n6ezi'].
1789490101.5165377 [ERROR] [color_detector-29]: process has died [pid 77049, exit code 1, cmd '/home/ecem/sct_ws/install/leo_image_processing/lib/leo_image_processing/color_detector --ros-args -r __node:=target_detector -r __ns:=/robot_1 --params-file /tmp/launch_params_tk11yxdk --params-file /tmp/launch_params_bep82uqe --params-file /tmp/launch_params_eat7i43y --params-file /tmp/launch_params_xd1ho4ak --params-file /tmp/launch_params_3i6oearq --params-file /tmp/launch_params_s8phnjzs'].
1789490101.5331426 [INFO] [balanced_delivery_supervisor-22]: process has finished cleanly [pid 76795]
1789490101.5505328 [INFO] [image_bridge-10]: process has finished cleanly [pid 76029]
1789490101.5768106 [INFO] [robot_state_publisher-7]: process has finished cleanly [pid 75995]
1789490101.6098311 [INFO] [balanced_delivery_supervisor-24]: process has finished cleanly [pid 76801]
1789490101.6100709 [ERROR] [image_processor-26]: process has died [pid 77023, exit code 1, cmd '/home/ecem/sct_ws/install/leo_image_processing/lib/leo_image_processing/image_processor --ros-args -r __node:=image_processor -r __ns:=/robot_2 --params-file /tmp/launch_params_9wufwnws --params-file /tmp/launch_params_frugo662 --params-file /tmp/launch_params_dzh5myqc'].
1789490101.6502702 [ERROR] [color_detector-27]: process has died [pid 77026, exit code 1, cmd '/home/ecem/sct_ws/install/leo_image_processing/lib/leo_image_processing/color_detector --ros-args -r __node:=target_detector -r __ns:=/robot_2 --params-file /tmp/launch_params_qvjgli3w --params-file /tmp/launch_params_xf58d7lw --params-file /tmp/launch_params_napyiv55 --params-file /tmp/launch_params_tnz8oz93 --params-file /tmp/launch_params_mt1m1rzi --params-file /tmp/launch_params__e4nw39g'].
1789490101.7191219 [ERROR] [stuck_recovery-21]: process has died [pid 76789, exit code 1, cmd '/home/ecem/sct_ws/install/leo_image_processing/lib/leo_image_processing/stuck_recovery --ros-args -r __node:=stuck_recovery -r __ns:=/robot_2 --params-file /tmp/launch_params_o33_n1fj --params-file /tmp/launch_params_sd90xzxv --params-file /tmp/launch_params_xtev4uy7 --params-file /tmp/launch_params_a24n8z2_ --params-file /tmp/launch_params_1c72dqv5 --params-file /tmp/launch_params_1c94m74u --params-file /tmp/launch_params_2lpzf9rn --params-file /tmp/launch_params_vn7sa99k --params-file /tmp/launch_params_2ss_77ca --params-file /tmp/launch_params_unjszrli'].
1789490101.7504346 [ERROR] [stuck_recovery-25]: process has died [pid 76804, exit code 1, cmd '/home/ecem/sct_ws/install/leo_image_processing/lib/leo_image_processing/stuck_recovery --ros-args -r __node:=stuck_recovery -r __ns:=/robot_0 --params-file /tmp/launch_params_5qag5d4h --params-file /tmp/launch_params_x1cgwm4i --params-file /tmp/launch_params_z6uk6hjh --params-file /tmp/launch_params_rkhbaxhn --params-file /tmp/launch_params_lo6wd9rf --params-file /tmp/launch_params_0qxoi01q --params-file /tmp/launch_params_2tds9znl --params-file /tmp/launch_params_398kh5p3 --params-file /tmp/launch_params_81rdhw7s --params-file /tmp/launch_params_5nq5h290'].
1789490101.7507007 [ERROR] [stuck_recovery-23]: process has died [pid 76797, exit code 1, cmd '/home/ecem/sct_ws/install/leo_image_processing/lib/leo_image_processing/stuck_recovery --ros-args -r __node:=stuck_recovery -r __ns:=/robot_1 --params-file /tmp/launch_params_l7r2cyfa --params-file /tmp/launch_params_pt51iy1z --params-file /tmp/launch_params_znmagon6 --params-file /tmp/launch_params_pj8mostm --params-file /tmp/launch_params_4hjn3cpa --params-file /tmp/launch_params_5bwhejm4 --params-file /tmp/launch_params_gjzioj1w --params-file /tmp/launch_params_se7xux5y --params-file /tmp/launch_params_si7sfw9g --params-file /tmp/launch_params_uz9exkwr'].
1789490101.7507894 [ERROR] [balanced_delivery_supervisor-20]: process has died [pid 76787, exit code 1, cmd '/home/ecem/sct_ws/install/leo_delivery/lib/leo_delivery/balanced_delivery_supervisor --ros-args -r __node:=robot_supervisor -r __ns:=/robot_2 --params-file /tmp/launch_params_1c163g8g --params-file /tmp/launch_params_kd40kycx --params-file /tmp/launch_params_awnuba56 --params-file /tmp/launch_params_6fhd109q --params-file /tmp/launch_params_urn1zlqd --params-file /tmp/launch_params_5pq243qn --params-file /tmp/launch_params_agowwwe1 --params-file /tmp/launch_params_qznhj18b --params-file /tmp/launch_params_0ytmwqjs -r cmd_vel:=cmd_vel_supervisor'].
1789490101.8788388 [ERROR] [bump_counter-5]: process has died [pid 75966, exit code 1, cmd '/home/ecem/sct_ws/install/evaluation/lib/evaluation/bump_counter --ros-args -r __node:=bump_counter --params-file /tmp/launch_params_8uk74958 --params-file /tmp/launch_params_02s1p9o1 --params-file /tmp/launch_params_gzhylps8 --params-file /tmp/launch_params_db2zeayp --params-file /tmp/launch_params_avljz266 --params-file /tmp/launch_params_ze7835en --params-file /tmp/launch_params_esxkzf5t --params-file /tmp/launch_params_tdj52u39'].
1789490101.9111593 [INFO] [image_bridge-2]: process has finished cleanly [pid 75948]
1789490101.9136851 [INFO] [simulation_video_recorder-3]: process has finished cleanly [pid 75959]
1789490103.9896955 [ERROR] [ign gazebo-1]: process[ign gazebo-1] failed to terminate '5' seconds after receiving 'SIGINT', escalating to 'SIGTERM'
1789490103.9935372 [INFO] [ign gazebo-1]: sending signal 'SIGTERM' to process[ign gazebo-1]
1789490103.9940319 [ERROR] [ign gazebo-1]: process has died [pid 75944, exit code -15, cmd 'ruby /usr/bin/ign gazebo /tmp/leo_delivery_no_overhead_camera_3y95gwha.sdf -s --headless-rendering -r -z 200 --force-version 6'].
1789490103.9944975 [INFO] [launch]: process[ign gazebo-1] was required: shutting down launched system
