1788359535.1652994 [INFO] [launch]: All log files can be found below /home/ecem/sct_ws/src/llm_sct/new_results/baseline/batch_logs/ros_patrolling/2026-09-02-16-32-15-164662-ecem-pc-93427
1788359535.1653860 [INFO] [launch]: Default logging verbosity is set to INFO
1788359535.6627209 [INFO] [ign gazebo-1]: process started with pid [93467]
1788359535.6629591 [INFO] [image_bridge-2]: process started with pid [93471]
1788359535.6630592 [INFO] [simulation_video_recorder-3]: process started with pid [93474]
1788359535.6631472 [INFO] [coverage_counter-4]: process started with pid [93476]
1788359535.6632268 [INFO] [bump_counter-5]: process started with pid [93478]
1788359535.6633015 [INFO] [parameter_bridge-6]: process started with pid [93480]
1788359535.6633790 [INFO] [robot_state_publisher-7]: process started with pid [93482]
1788359535.6634488 [INFO] [create-8]: process started with pid [93484]
1788359535.6719756 [INFO] [static_transform_publisher-9]: process started with pid [93486]
1788359535.6721685 [INFO] [image_bridge-10]: process started with pid [93489]
1788359535.6722529 [INFO] [robot_state_publisher-11]: process started with pid [93493]
1788359535.6723275 [INFO] [create-12]: process started with pid [93495]
1788359535.6723983 [INFO] [static_transform_publisher-13]: process started with pid [93498]
1788359535.6724689 [INFO] [image_bridge-14]: process started with pid [93501]
1788359535.6777122 [INFO] [robot_state_publisher-15]: process started with pid [93504]
1788359535.6778638 [INFO] [create-16]: process started with pid [93507]
1788359535.6779568 [INFO] [static_transform_publisher-17]: process started with pid [93523]
1788359535.6780419 [INFO] [image_bridge-18]: process started with pid [93553]
1788359535.6781328 [INFO] [parameter_bridge-19]: process started with pid [93571]
1788359536.9926479 [INFO] [create-8]: process has finished cleanly [pid 93484]
1788359536.9928727 [INFO] [create-16]: process has finished cleanly [pid 93507]
1788359537.0453525 [INFO] [create-12]: process has finished cleanly [pid 93495]
1788359537.0752571 [INFO] [robot_supervisor-20]: process started with pid [94476]
1788359537.0755227 [INFO] [stuck_recovery-21]: process started with pid [94478]
1788359537.0760579 [INFO] [robot_supervisor-22]: process started with pid [94505]
1788359537.0762191 [INFO] [stuck_recovery-23]: process started with pid [94508]
1788359537.0767348 [INFO] [robot_supervisor-24]: process started with pid [94534]
1788359537.0768743 [INFO] [stuck_recovery-25]: process started with pid [94536]
1788359539.0239620 [INFO] [image_processor-26]: process started with pid [95462]
1788359539.0241623 [INFO] [color_detector-27]: process started with pid [95484]
1788359539.0662141 [INFO] [image_processor-28]: process started with pid [95490]
1788359539.0664070 [INFO] [color_detector-29]: process started with pid [95492]
1788359539.0977077 [INFO] [image_processor-30]: process started with pid [95498]
1788359539.0979431 [INFO] [color_detector-31]: process started with pid [95500]
1788359835.3080504 [INFO] [coverage_counter-4]: process has finished cleanly [pid 93476]
1788359835.3084705 [INFO] [launch]: process[coverage_counter-4] was required: shutting down launched system
1788359835.3195186 [INFO] [color_detector-31]: sending signal 'SIGINT' to process[color_detector-31]
1788359835.3234782 [INFO] [image_processor-30]: sending signal 'SIGINT' to process[image_processor-30]
1788359835.3282964 [INFO] [color_detector-29]: sending signal 'SIGINT' to process[color_detector-29]
1788359835.3330009 [INFO] [image_processor-28]: sending signal 'SIGINT' to process[image_processor-28]
1788359835.3374736 [INFO] [color_detector-27]: sending signal 'SIGINT' to process[color_detector-27]
1788359835.3425324 [INFO] [image_processor-26]: sending signal 'SIGINT' to process[image_processor-26]
1788359835.3470445 [INFO] [stuck_recovery-25]: sending signal 'SIGINT' to process[stuck_recovery-25]
1788359835.3514690 [INFO] [robot_supervisor-24]: sending signal 'SIGINT' to process[robot_supervisor-24]
1788359835.3556652 [INFO] [stuck_recovery-23]: sending signal 'SIGINT' to process[stuck_recovery-23]
1788359835.3605940 [INFO] [robot_supervisor-22]: sending signal 'SIGINT' to process[robot_supervisor-22]
1788359835.3646390 [INFO] [stuck_recovery-21]: sending signal 'SIGINT' to process[stuck_recovery-21]
1788359835.3857274 [INFO] [robot_supervisor-20]: sending signal 'SIGINT' to process[robot_supervisor-20]
1788359835.3901055 [INFO] [parameter_bridge-19]: sending signal 'SIGINT' to process[parameter_bridge-19]
1788359835.3949044 [INFO] [image_bridge-18]: sending signal 'SIGINT' to process[image_bridge-18]
1788359835.3997457 [INFO] [static_transform_publisher-17]: sending signal 'SIGINT' to process[static_transform_publisher-17]
1788359835.4022031 [INFO] [parameter_bridge-19]: process has finished cleanly [pid 93571]
1788359835.4049218 [INFO] [robot_state_publisher-15]: sending signal 'SIGINT' to process[robot_state_publisher-15]
1788359835.4102662 [INFO] [image_bridge-14]: sending signal 'SIGINT' to process[image_bridge-14]
1788359835.4157493 [INFO] [static_transform_publisher-13]: sending signal 'SIGINT' to process[static_transform_publisher-13]
1788359835.4213252 [INFO] [robot_state_publisher-11]: sending signal 'SIGINT' to process[robot_state_publisher-11]
1788359835.4256942 [INFO] [image_bridge-10]: sending signal 'SIGINT' to process[image_bridge-10]
1788359835.4299781 [INFO] [static_transform_publisher-9]: sending signal 'SIGINT' to process[static_transform_publisher-9]
1788359835.4343929 [INFO] [robot_state_publisher-7]: sending signal 'SIGINT' to process[robot_state_publisher-7]
1788359835.4398031 [INFO] [parameter_bridge-6]: sending signal 'SIGINT' to process[parameter_bridge-6]
1788359835.4451621 [INFO] [bump_counter-5]: sending signal 'SIGINT' to process[bump_counter-5]
1788359835.4501724 [INFO] [simulation_video_recorder-3]: sending signal 'SIGINT' to process[simulation_video_recorder-3]
1788359835.4509029 [INFO] [parameter_bridge-6]: process has finished cleanly [pid 93480]
1788359835.4554839 [INFO] [image_bridge-2]: sending signal 'SIGINT' to process[image_bridge-2]
1788359835.4605241 [INFO] [ign gazebo-1]: sending signal 'SIGINT' to process[ign gazebo-1]
1788359836.4133153 [ERROR] [image_processor-30]: process has died [pid 95498, exit code 1, cmd '/home/ecem/sct_ws/install/leo_image_processing/lib/leo_image_processing/image_processor --ros-args -r __node:=image_processor -r __ns:=/robot_1 --params-file /tmp/launch_params_difsh4yj --params-file /tmp/launch_params_7o1tos57 --params-file /tmp/launch_params_9087nyn1'].
1788359836.4267313 [INFO] [static_transform_publisher-17]: process has finished cleanly [pid 93523]
1788359836.4319193 [ERROR] [image_processor-28]: process has died [pid 95490, exit code 1, cmd '/home/ecem/sct_ws/install/leo_image_processing/lib/leo_image_processing/image_processor --ros-args -r __node:=image_processor -r __ns:=/robot_2 --params-file /tmp/launch_params_9_azo14d --params-file /tmp/launch_params_nihmw6x8 --params-file /tmp/launch_params_jitcih4v'].
1788359836.4340844 [INFO] [image_bridge-18]: process has finished cleanly [pid 93553]
1788359836.4387689 [INFO] [robot_state_publisher-15]: process has finished cleanly [pid 93504]
1788359836.4427605 [INFO] [static_transform_publisher-13]: process has finished cleanly [pid 93498]
1788359836.4438987 [INFO] [robot_supervisor-22]: process has finished cleanly [pid 94505]
1788359836.4487097 [INFO] [image_bridge-14]: process has finished cleanly [pid 93501]
1788359836.4505057 [ERROR] [color_detector-31]: process has died [pid 95500, exit code 1, cmd '/home/ecem/sct_ws/install/leo_image_processing/lib/leo_image_processing/color_detector --ros-args -r __node:=color_detector -r __ns:=/robot_1 --params-file /tmp/launch_params_1yfq6grp --params-file /tmp/launch_params_it68w_uz --params-file /tmp/launch_params_4qi4rqud --params-file /tmp/launch_params__p59n6kb'].
1788359836.4524755 [INFO] [robot_state_publisher-11]: process has finished cleanly [pid 93493]
1788359836.4556160 [INFO] [static_transform_publisher-9]: process has finished cleanly [pid 93486]
1788359836.4570069 [ERROR] [color_detector-27]: process has died [pid 95484, exit code 1, cmd '/home/ecem/sct_ws/install/leo_image_processing/lib/leo_image_processing/color_detector --ros-args -r __node:=color_detector -r __ns:=/robot_0 --params-file /tmp/launch_params_53viwrui --params-file /tmp/launch_params_d2lkjeng --params-file /tmp/launch_params_1elh1s4v --params-file /tmp/launch_params_enln2d2x'].
1788359836.4598279 [INFO] [image_bridge-10]: process has finished cleanly [pid 93489]
1788359836.4661126 [INFO] [robot_state_publisher-7]: process has finished cleanly [pid 93482]
1788359836.4698305 [INFO] [robot_supervisor-24]: process has finished cleanly [pid 94534]
1788359836.4725966 [INFO] [robot_supervisor-20]: process has finished cleanly [pid 94476]
1788359836.4781597 [ERROR] [color_detector-29]: process has died [pid 95492, exit code 1, cmd '/home/ecem/sct_ws/install/leo_image_processing/lib/leo_image_processing/color_detector --ros-args -r __node:=color_detector -r __ns:=/robot_2 --params-file /tmp/launch_params_blw6zjo5 --params-file /tmp/launch_params_w8q_2wog --params-file /tmp/launch_params_0g7cl6go --params-file /tmp/launch_params_zlcyc3i0'].
1788359836.4816418 [ERROR] [image_processor-26]: process has died [pid 95462, exit code 1, cmd '/home/ecem/sct_ws/install/leo_image_processing/lib/leo_image_processing/image_processor --ros-args -r __node:=image_processor -r __ns:=/robot_0 --params-file /tmp/launch_params_e9xh1_ux --params-file /tmp/launch_params_75ja93mz --params-file /tmp/launch_params_asxsuj1u'].
1788359836.4893875 [INFO] [image_bridge-2]: process has finished cleanly [pid 93471]
1788359836.5079887 [INFO] [simulation_video_recorder-3]: process has finished cleanly [pid 93474]
1788359836.5396657 [ERROR] [bump_counter-5]: process has died [pid 93478, exit code 1, cmd '/home/ecem/sct_ws/install/evaluation/lib/evaluation/bump_counter --ros-args -r __node:=bump_counter --params-file /tmp/launch_params_43gic25d --params-file /tmp/launch_params_pco7bsh0 --params-file /tmp/launch_params_p8g9atj_ --params-file /tmp/launch_params_v4asplyk --params-file /tmp/launch_params_hr44hzwj --params-file /tmp/launch_params_4ludimhs --params-file /tmp/launch_params_lwon6knj --params-file /tmp/launch_params_17l_msw_'].
1788359837.4223220 [ERROR] [stuck_recovery-25]: process has died [pid 94536, exit code 1, cmd '/home/ecem/sct_ws/install/leo_image_processing/lib/leo_image_processing/stuck_recovery --ros-args -r __node:=stuck_recovery -r __ns:=/robot_1 --params-file /tmp/launch_params_nmul35jf --params-file /tmp/launch_params_mc7h653l --params-file /tmp/launch_params_0hqp9nb2 --params-file /tmp/launch_params_j0mn022l --params-file /tmp/launch_params_5dy7l5fm --params-file /tmp/launch_params_rsv95it3 --params-file /tmp/launch_params_z61dwnx2 --params-file /tmp/launch_params_iyuhw064 --params-file /tmp/launch_params_hxsu4_uc --params-file /tmp/launch_params__7goq4dx --params-file /tmp/launch_params_57h7tfo5'].
1788359837.4327474 [ERROR] [stuck_recovery-23]: process has died [pid 94508, exit code 1, cmd '/home/ecem/sct_ws/install/leo_image_processing/lib/leo_image_processing/stuck_recovery --ros-args -r __node:=stuck_recovery -r __ns:=/robot_2 --params-file /tmp/launch_params_76f2xpfg --params-file /tmp/launch_params_5p391p1w --params-file /tmp/launch_params_ze7vsbuf --params-file /tmp/launch_params_jylebmtv --params-file /tmp/launch_params_1wk26o72 --params-file /tmp/launch_params_orexm1d2 --params-file /tmp/launch_params_w_r1goc8 --params-file /tmp/launch_params_e_1gec4x --params-file /tmp/launch_params_f7uxn4fm --params-file /tmp/launch_params_27tqi_zq --params-file /tmp/launch_params_xsz7qxw1'].
1788359837.4424624 [ERROR] [stuck_recovery-21]: process has died [pid 94478, exit code 1, cmd '/home/ecem/sct_ws/install/leo_image_processing/lib/leo_image_processing/stuck_recovery --ros-args -r __node:=stuck_recovery -r __ns:=/robot_0 --params-file /tmp/launch_params_z8tjpyap --params-file /tmp/launch_params_bm564mbe --params-file /tmp/launch_params_cpf8rgkd --params-file /tmp/launch_params_mdrev2mr --params-file /tmp/launch_params_fhufrcmd --params-file /tmp/launch_params_csscso0f --params-file /tmp/launch_params_zmcshn0x --params-file /tmp/launch_params_dmhfj3oy --params-file /tmp/launch_params_jo93q1tm --params-file /tmp/launch_params_jcnhwego --params-file /tmp/launch_params_x2xqo_l_'].
1788359840.3230047 [ERROR] [ign gazebo-1]: process[ign gazebo-1] failed to terminate '5' seconds after receiving 'SIGINT', escalating to 'SIGTERM'
1788359840.3269458 [INFO] [ign gazebo-1]: sending signal 'SIGTERM' to process[ign gazebo-1]
1788359840.3274138 [ERROR] [ign gazebo-1]: process has died [pid 93467, exit code -15, cmd 'ruby /usr/bin/ign gazebo /tmp/leo_patrolling_no_overhead_camera_0x2fy7hi.sdf -s --headless-rendering -r --force-version 6'].
1788359840.3277133 [INFO] [launch]: process[ign gazebo-1] was required: shutting down launched system
