1789488494.1300912 [INFO] [launch]: All log files can be found below /home/ecem/sct_ws/src/llm_sct/RESULTS_LAST/baseline/balanced_delivery/batch_logs/ros_slot2/2026-09-15-18-08-14-128845-ecem-pc-68991
1789488494.1302609 [INFO] [launch]: Default logging verbosity is set to INFO
1789488495.3760550 [INFO] [ign gazebo-1]: process started with pid [69019]
1789488495.3763199 [INFO] [image_bridge-2]: process started with pid [69021]
1789488495.3764348 [INFO] [simulation_video_recorder-3]: process started with pid [69025]
1789488495.3765275 [INFO] [coverage_counter-4]: process started with pid [69028]
1789488495.3766108 [INFO] [bump_counter-5]: process started with pid [69032]
1789488495.3766913 [INFO] [parameter_bridge-6]: process started with pid [69036]
1789488495.3767731 [INFO] [robot_state_publisher-7]: process started with pid [69040]
1789488495.3892620 [INFO] [create-8]: process started with pid [69051]
1789488495.3895917 [INFO] [static_transform_publisher-9]: process started with pid [69055]
1789488495.3897319 [INFO] [image_bridge-10]: process started with pid [69073]
1789488495.3898740 [INFO] [robot_state_publisher-11]: process started with pid [69078]
1789488495.3899920 [INFO] [create-12]: process started with pid [69082]
1789488495.3900909 [INFO] [static_transform_publisher-13]: process started with pid [69095]
1789488495.3901894 [INFO] [image_bridge-14]: process started with pid [69099]
1789488495.3902853 [INFO] [robot_state_publisher-15]: process started with pid [69124]
1789488495.3903759 [INFO] [create-16]: process started with pid [69136]
1789488495.3904648 [INFO] [static_transform_publisher-17]: process started with pid [69154]
1789488495.3905556 [INFO] [image_bridge-18]: process started with pid [69177]
1789488495.3906474 [INFO] [parameter_bridge-19]: process started with pid [69201]
1789488498.1399083 [INFO] [create-8]: process has finished cleanly [pid 69051]
1789488498.1605122 [INFO] [create-16]: process has finished cleanly [pid 69136]
1789488498.2094612 [INFO] [balanced_delivery_supervisor-20]: process started with pid [70012]
1789488498.2097001 [INFO] [stuck_recovery-21]: process started with pid [70014]
1789488498.2105434 [INFO] [balanced_delivery_supervisor-22]: process started with pid [70016]
1789488498.2106857 [INFO] [stuck_recovery-23]: process started with pid [70018]
1789488498.2551262 [INFO] [create-12]: process has finished cleanly [pid 69082]
1789488498.3367522 [INFO] [balanced_delivery_supervisor-24]: process started with pid [70020]
1789488498.3370042 [INFO] [stuck_recovery-25]: process started with pid [70022]
1789488500.4162304 [INFO] [image_processor-26]: process started with pid [70186]
1789488500.4165237 [INFO] [color_detector-27]: process started with pid [70188]
1789488500.4667721 [INFO] [image_processor-28]: process started with pid [70202]
1789488500.4711905 [INFO] [color_detector-29]: process started with pid [70204]
1789488500.6363039 [INFO] [image_processor-30]: process started with pid [70221]
1789488500.6365690 [INFO] [color_detector-31]: process started with pid [70230]
1789488678.0003891 [INFO] [coverage_counter-4]: process has finished cleanly [pid 69028]
1789488678.0010126 [INFO] [launch]: process[coverage_counter-4] was required: shutting down launched system
1789488678.2384620 [INFO] [color_detector-31]: sending signal 'SIGINT' to process[color_detector-31]
1789488678.3650105 [INFO] [image_processor-30]: sending signal 'SIGINT' to process[image_processor-30]
1789488678.4591045 [INFO] [color_detector-29]: sending signal 'SIGINT' to process[color_detector-29]
1789488678.5433869 [INFO] [image_processor-28]: sending signal 'SIGINT' to process[image_processor-28]
1789488678.7818680 [INFO] [color_detector-27]: sending signal 'SIGINT' to process[color_detector-27]
1789488678.8486526 [INFO] [image_processor-26]: sending signal 'SIGINT' to process[image_processor-26]
1789488678.9056404 [INFO] [stuck_recovery-25]: sending signal 'SIGINT' to process[stuck_recovery-25]
1789488678.9343872 [INFO] [balanced_delivery_supervisor-24]: sending signal 'SIGINT' to process[balanced_delivery_supervisor-24]
1789488678.9486978 [INFO] [stuck_recovery-23]: sending signal 'SIGINT' to process[stuck_recovery-23]
1789488678.9676859 [INFO] [balanced_delivery_supervisor-22]: sending signal 'SIGINT' to process[balanced_delivery_supervisor-22]
1789488678.9954686 [INFO] [stuck_recovery-21]: sending signal 'SIGINT' to process[stuck_recovery-21]
1789488679.0415897 [INFO] [balanced_delivery_supervisor-20]: sending signal 'SIGINT' to process[balanced_delivery_supervisor-20]
1789488679.0812697 [INFO] [parameter_bridge-19]: sending signal 'SIGINT' to process[parameter_bridge-19]
1789488679.1859434 [INFO] [image_bridge-18]: sending signal 'SIGINT' to process[image_bridge-18]
1789488679.1949363 [INFO] [parameter_bridge-19]: process has finished cleanly [pid 69201]
1789488679.2142563 [INFO] [static_transform_publisher-17]: sending signal 'SIGINT' to process[static_transform_publisher-17]
1789488679.2464716 [INFO] [robot_state_publisher-15]: sending signal 'SIGINT' to process[robot_state_publisher-15]
1789488679.2873392 [INFO] [image_bridge-14]: sending signal 'SIGINT' to process[image_bridge-14]
1789488679.3225927 [INFO] [static_transform_publisher-13]: sending signal 'SIGINT' to process[static_transform_publisher-13]
1789488679.3455665 [INFO] [robot_state_publisher-11]: sending signal 'SIGINT' to process[robot_state_publisher-11]
1789488679.3697684 [INFO] [image_bridge-10]: sending signal 'SIGINT' to process[image_bridge-10]
1789488679.4320505 [INFO] [static_transform_publisher-9]: sending signal 'SIGINT' to process[static_transform_publisher-9]
1789488679.4791369 [INFO] [robot_state_publisher-7]: sending signal 'SIGINT' to process[robot_state_publisher-7]
1789488679.5202744 [INFO] [parameter_bridge-6]: sending signal 'SIGINT' to process[parameter_bridge-6]
1789488679.5591028 [INFO] [bump_counter-5]: sending signal 'SIGINT' to process[bump_counter-5]
1789488679.6176164 [INFO] [simulation_video_recorder-3]: sending signal 'SIGINT' to process[simulation_video_recorder-3]
1789488679.6263545 [INFO] [parameter_bridge-6]: process has finished cleanly [pid 69036]
1789488679.6681364 [INFO] [image_bridge-2]: sending signal 'SIGINT' to process[image_bridge-2]
1789488679.7095153 [INFO] [ign gazebo-1]: sending signal 'SIGINT' to process[ign gazebo-1]
1789488679.9656048 [ERROR] [color_detector-31]: process has died [pid 70230, exit code 1, cmd '/home/ecem/sct_ws/install/leo_image_processing/lib/leo_image_processing/color_detector --ros-args -r __node:=target_detector -r __ns:=/robot_1 --params-file /tmp/launch_params_bzvf4lyt --params-file /tmp/launch_params_o4vnf77r --params-file /tmp/launch_params_cai25lla --params-file /tmp/launch_params_l07d8j7h --params-file /tmp/launch_params_wby5lhzz --params-file /tmp/launch_params_8nrfi18d'].
1789488680.0117030 [ERROR] [image_processor-30]: process has died [pid 70221, exit code 1, cmd '/home/ecem/sct_ws/install/leo_image_processing/lib/leo_image_processing/image_processor --ros-args -r __node:=image_processor -r __ns:=/robot_1 --params-file /tmp/launch_params_li8rh82n --params-file /tmp/launch_params_3a3pmz7w --params-file /tmp/launch_params_zwc8rgyb'].
1789488680.0804920 [ERROR] [image_processor-28]: process has died [pid 70202, exit code 1, cmd '/home/ecem/sct_ws/install/leo_image_processing/lib/leo_image_processing/image_processor --ros-args -r __node:=image_processor -r __ns:=/robot_2 --params-file /tmp/launch_params_a59utbk9 --params-file /tmp/launch_params_5lkw5fn0 --params-file /tmp/launch_params_488hf4ko'].
1789488680.1481624 [ERROR] [color_detector-29]: process has died [pid 70204, exit code 1, cmd '/home/ecem/sct_ws/install/leo_image_processing/lib/leo_image_processing/color_detector --ros-args -r __node:=target_detector -r __ns:=/robot_2 --params-file /tmp/launch_params_f1c53s6b --params-file /tmp/launch_params_e7nytos5 --params-file /tmp/launch_params_x95ayaxx --params-file /tmp/launch_params_mccbkqou --params-file /tmp/launch_params_syaovbjj --params-file /tmp/launch_params_9zvhikx4'].
1789488680.2818046 [INFO] [static_transform_publisher-17]: process has finished cleanly [pid 69154]
1789488680.3320253 [INFO] [robot_state_publisher-15]: process has finished cleanly [pid 69124]
1789488680.3322856 [INFO] [image_bridge-18]: process has finished cleanly [pid 69177]
1789488680.3701091 [INFO] [static_transform_publisher-13]: process has finished cleanly [pid 69095]
1789488680.4071679 [INFO] [image_bridge-14]: process has finished cleanly [pid 69099]
1789488680.4397776 [ERROR] [color_detector-27]: process has died [pid 70188, exit code 1, cmd '/home/ecem/sct_ws/install/leo_image_processing/lib/leo_image_processing/color_detector --ros-args -r __node:=target_detector -r __ns:=/robot_0 --params-file /tmp/launch_params_3gab1ncx --params-file /tmp/launch_params_w9_zjhet --params-file /tmp/launch_params_bicphidj --params-file /tmp/launch_params_pmzpzuhk --params-file /tmp/launch_params_8ges7l8m --params-file /tmp/launch_params_w8uiy410'].
1789488680.4565234 [INFO] [balanced_delivery_supervisor-24]: process has finished cleanly [pid 70020]
1789488680.4833722 [INFO] [robot_state_publisher-11]: process has finished cleanly [pid 69078]
1789488680.4958363 [INFO] [static_transform_publisher-9]: process has finished cleanly [pid 69055]
1789488680.4960663 [INFO] [image_bridge-10]: process has finished cleanly [pid 69073]
1789488680.5456192 [INFO] [balanced_delivery_supervisor-22]: process has finished cleanly [pid 70016]
1789488680.5532236 [INFO] [robot_state_publisher-7]: process has finished cleanly [pid 69040]
1789488680.5534871 [ERROR] [image_processor-26]: process has died [pid 70186, exit code 1, cmd '/home/ecem/sct_ws/install/leo_image_processing/lib/leo_image_processing/image_processor --ros-args -r __node:=image_processor -r __ns:=/robot_0 --params-file /tmp/launch_params_s8qw7qgw --params-file /tmp/launch_params_0u3kz0ui --params-file /tmp/launch_params_fewquhl7'].
1789488680.6074617 [INFO] [balanced_delivery_supervisor-20]: process has finished cleanly [pid 70012]
1789488680.7023029 [ERROR] [stuck_recovery-23]: process has died [pid 70018, exit code 1, cmd '/home/ecem/sct_ws/install/leo_image_processing/lib/leo_image_processing/stuck_recovery --ros-args -r __node:=stuck_recovery -r __ns:=/robot_2 --params-file /tmp/launch_params_ibpmg4w8 --params-file /tmp/launch_params_t95g0bpb --params-file /tmp/launch_params_bufcbzth --params-file /tmp/launch_params_xb2kfjjv --params-file /tmp/launch_params_9rmdvm4_ --params-file /tmp/launch_params_4x96zxre --params-file /tmp/launch_params_x0p4smlq --params-file /tmp/launch_params_ngj3bfh2 --params-file /tmp/launch_params_zvhjvynq --params-file /tmp/launch_params_8e5aqlz3'].
1789488680.7025867 [ERROR] [stuck_recovery-21]: process has died [pid 70014, exit code 1, cmd '/home/ecem/sct_ws/install/leo_image_processing/lib/leo_image_processing/stuck_recovery --ros-args -r __node:=stuck_recovery -r __ns:=/robot_0 --params-file /tmp/launch_params_f7dxh87l --params-file /tmp/launch_params_rr8_ml7y --params-file /tmp/launch_params_fswgu7m7 --params-file /tmp/launch_params_sp546g1j --params-file /tmp/launch_params_yrcvip2v --params-file /tmp/launch_params_zhjr9mp2 --params-file /tmp/launch_params_cc08pfxf --params-file /tmp/launch_params_v2lb1y3g --params-file /tmp/launch_params_ss2bzsnv --params-file /tmp/launch_params_f_vkc5fy'].
1789488680.7113547 [ERROR] [stuck_recovery-25]: process has died [pid 70022, exit code 1, cmd '/home/ecem/sct_ws/install/leo_image_processing/lib/leo_image_processing/stuck_recovery --ros-args -r __node:=stuck_recovery -r __ns:=/robot_1 --params-file /tmp/launch_params_in209ln8 --params-file /tmp/launch_params_9z099_72 --params-file /tmp/launch_params_po8v6e_x --params-file /tmp/launch_params_fzzqu6t6 --params-file /tmp/launch_params_k0sjhp4t --params-file /tmp/launch_params_6a5p74ky --params-file /tmp/launch_params_q4_xnql7 --params-file /tmp/launch_params_41wbkanm --params-file /tmp/launch_params_lwqrw1_n --params-file /tmp/launch_params_3gir65fn'].
1789488680.7284842 [INFO] [image_bridge-2]: process has finished cleanly [pid 69021]
1789488680.8101840 [INFO] [simulation_video_recorder-3]: process has finished cleanly [pid 69025]
1789488680.8411517 [ERROR] [bump_counter-5]: process has died [pid 69032, exit code 1, cmd '/home/ecem/sct_ws/install/evaluation/lib/evaluation/bump_counter --ros-args -r __node:=bump_counter --params-file /tmp/launch_params_kdyoehau --params-file /tmp/launch_params_z1la7fe2 --params-file /tmp/launch_params_8_mu_hqb --params-file /tmp/launch_params_6p7uo1jc --params-file /tmp/launch_params_4guzm4e6 --params-file /tmp/launch_params_tzbeeztz --params-file /tmp/launch_params_fff6sevh --params-file /tmp/launch_params_2i52pupt'].
1789488683.2413564 [ERROR] [ign gazebo-1]: process[ign gazebo-1] failed to terminate '5' seconds after receiving 'SIGINT', escalating to 'SIGTERM'
1789488683.2448025 [INFO] [ign gazebo-1]: sending signal 'SIGTERM' to process[ign gazebo-1]
1789488683.2458327 [ERROR] [ign gazebo-1]: process has died [pid 69019, exit code -15, cmd 'ruby /usr/bin/ign gazebo /tmp/leo_delivery_no_overhead_camera_3flbxicz.sdf -s --headless-rendering -r -z 200 --force-version 6'].
1789488683.2461495 [INFO] [launch]: process[ign gazebo-1] was required: shutting down launched system
