1789488493.9830959 [INFO] [launch]: All log files can be found below /home/ecem/sct_ws/src/llm_sct/RESULTS_LAST/baseline/balanced_delivery/batch_logs/ros_slot1/2026-09-15-18-08-13-981996-ecem-pc-68990
1789488493.9832523 [INFO] [launch]: Default logging verbosity is set to INFO
1789488495.1901405 [INFO] [ign gazebo-1]: process started with pid [68996]
1789488495.1904876 [INFO] [image_bridge-2]: process started with pid [68999]
1789488495.1906385 [INFO] [simulation_video_recorder-3]: process started with pid [69001]
1789488495.1907644 [INFO] [coverage_counter-4]: process started with pid [69003]
1789488495.2071769 [INFO] [bump_counter-5]: process started with pid [69005]
1789488495.2074533 [INFO] [parameter_bridge-6]: process started with pid [69007]
1789488495.2076046 [INFO] [robot_state_publisher-7]: process started with pid [69009]
1789488495.2077332 [INFO] [create-8]: process started with pid [69011]
1789488495.2078450 [INFO] [static_transform_publisher-9]: process started with pid [69013]
1789488495.2079716 [INFO] [image_bridge-10]: process started with pid [69015]
1789488495.2080793 [INFO] [robot_state_publisher-11]: process started with pid [69018]
1789488495.2081852 [INFO] [create-12]: process started with pid [69027]
1789488495.2082887 [INFO] [static_transform_publisher-13]: process started with pid [69031]
1789488495.2083962 [INFO] [image_bridge-14]: process started with pid [69037]
1789488495.2084947 [INFO] [robot_state_publisher-15]: process started with pid [69050]
1789488495.2085886 [INFO] [create-16]: process started with pid [69054]
1789488495.2086864 [INFO] [static_transform_publisher-17]: process started with pid [69074]
1789488495.2087789 [INFO] [image_bridge-18]: process started with pid [69085]
1789488495.2088871 [INFO] [parameter_bridge-19]: process started with pid [69097]
1789488498.0166335 [INFO] [create-12]: process has finished cleanly [pid 69027]
1789488498.0348341 [INFO] [create-8]: process has finished cleanly [pid 69011]
1789488498.0696826 [INFO] [balanced_delivery_supervisor-20]: process started with pid [69999]
1789488498.0699458 [INFO] [stuck_recovery-21]: process started with pid [70001]
1789488498.0704236 [INFO] [create-16]: process has finished cleanly [pid 69054]
1789488498.0710206 [INFO] [balanced_delivery_supervisor-22]: process started with pid [70003]
1789488498.0712008 [INFO] [stuck_recovery-23]: process started with pid [70005]
1789488498.1507399 [INFO] [balanced_delivery_supervisor-24]: process started with pid [70008]
1789488498.1509833 [INFO] [stuck_recovery-25]: process started with pid [70010]
1789488500.5337512 [INFO] [image_processor-26]: process started with pid [70153]
1789488500.5339901 [INFO] [color_detector-27]: process started with pid [70155]
1789488500.5347123 [INFO] [image_processor-28]: process started with pid [70189]
1789488500.5348742 [INFO] [color_detector-29]: process started with pid [70192]
1789488500.5351422 [INFO] [image_processor-30]: process started with pid [70208]
1789488500.5352662 [INFO] [color_detector-31]: process started with pid [70211]
1789488677.6826108 [INFO] [coverage_counter-4]: process has finished cleanly [pid 69003]
1789488677.6833501 [INFO] [launch]: process[coverage_counter-4] was required: shutting down launched system
1789488677.8976052 [INFO] [color_detector-31]: sending signal 'SIGINT' to process[color_detector-31]
1789488678.0204775 [INFO] [image_processor-30]: sending signal 'SIGINT' to process[image_processor-30]
1789488678.1089420 [INFO] [color_detector-29]: sending signal 'SIGINT' to process[color_detector-29]
1789488678.1935914 [INFO] [image_processor-28]: sending signal 'SIGINT' to process[image_processor-28]
1789488678.4348791 [INFO] [color_detector-27]: sending signal 'SIGINT' to process[color_detector-27]
1789488678.4920135 [INFO] [image_processor-26]: sending signal 'SIGINT' to process[image_processor-26]
1789488678.5404844 [INFO] [stuck_recovery-25]: sending signal 'SIGINT' to process[stuck_recovery-25]
1789488678.5705247 [INFO] [balanced_delivery_supervisor-24]: sending signal 'SIGINT' to process[balanced_delivery_supervisor-24]
1789488678.6345298 [INFO] [stuck_recovery-23]: sending signal 'SIGINT' to process[stuck_recovery-23]
1789488678.7105608 [INFO] [balanced_delivery_supervisor-22]: sending signal 'SIGINT' to process[balanced_delivery_supervisor-22]
1789488678.7411227 [INFO] [stuck_recovery-21]: sending signal 'SIGINT' to process[stuck_recovery-21]
1789488678.7785513 [INFO] [balanced_delivery_supervisor-20]: sending signal 'SIGINT' to process[balanced_delivery_supervisor-20]
1789488678.8410466 [INFO] [parameter_bridge-19]: sending signal 'SIGINT' to process[parameter_bridge-19]
1789488678.8926649 [INFO] [image_bridge-18]: sending signal 'SIGINT' to process[image_bridge-18]
1789488678.9559026 [INFO] [static_transform_publisher-17]: sending signal 'SIGINT' to process[static_transform_publisher-17]
1789488678.9709387 [INFO] [parameter_bridge-19]: process has finished cleanly [pid 69097]
1789488678.9786527 [INFO] [robot_state_publisher-15]: sending signal 'SIGINT' to process[robot_state_publisher-15]
1789488679.0140102 [INFO] [image_bridge-14]: sending signal 'SIGINT' to process[image_bridge-14]
1789488679.0531561 [INFO] [static_transform_publisher-13]: sending signal 'SIGINT' to process[static_transform_publisher-13]
1789488679.0951574 [INFO] [robot_state_publisher-11]: sending signal 'SIGINT' to process[robot_state_publisher-11]
1789488679.1246357 [INFO] [image_bridge-10]: sending signal 'SIGINT' to process[image_bridge-10]
1789488679.1577590 [INFO] [static_transform_publisher-9]: sending signal 'SIGINT' to process[static_transform_publisher-9]
1789488679.2122784 [INFO] [robot_state_publisher-7]: sending signal 'SIGINT' to process[robot_state_publisher-7]
1789488679.2367337 [INFO] [parameter_bridge-6]: sending signal 'SIGINT' to process[parameter_bridge-6]
1789488679.2883351 [INFO] [bump_counter-5]: sending signal 'SIGINT' to process[bump_counter-5]
1789488679.3380733 [INFO] [simulation_video_recorder-3]: sending signal 'SIGINT' to process[simulation_video_recorder-3]
1789488679.3391416 [INFO] [parameter_bridge-6]: process has finished cleanly [pid 69007]
1789488679.3754997 [INFO] [image_bridge-2]: sending signal 'SIGINT' to process[image_bridge-2]
1789488679.4238141 [INFO] [ign gazebo-1]: sending signal 'SIGINT' to process[ign gazebo-1]
1789488679.7079518 [ERROR] [color_detector-31]: process has died [pid 70211, exit code 1, cmd '/home/ecem/sct_ws/install/leo_image_processing/lib/leo_image_processing/color_detector --ros-args -r __node:=target_detector -r __ns:=/robot_2 --params-file /tmp/launch_params_tbf_h_v5 --params-file /tmp/launch_params_8g3omehw --params-file /tmp/launch_params_eupspynp --params-file /tmp/launch_params_zya3dorx --params-file /tmp/launch_params_6ffd3vn2 --params-file /tmp/launch_params_6cenzgu4'].
1789488679.8208938 [ERROR] [image_processor-30]: process has died [pid 70208, exit code 1, cmd '/home/ecem/sct_ws/install/leo_image_processing/lib/leo_image_processing/image_processor --ros-args -r __node:=image_processor -r __ns:=/robot_2 --params-file /tmp/launch_params_pvds8rno --params-file /tmp/launch_params_tgf58ggu --params-file /tmp/launch_params_al8xml_q'].
1789488679.8704529 [ERROR] [image_processor-28]: process has died [pid 70189, exit code 1, cmd '/home/ecem/sct_ws/install/leo_image_processing/lib/leo_image_processing/image_processor --ros-args -r __node:=image_processor -r __ns:=/robot_0 --params-file /tmp/launch_params_sbz71b9r --params-file /tmp/launch_params_glw0rzin --params-file /tmp/launch_params_a82qqgc5'].
1789488679.9044347 [ERROR] [color_detector-29]: process has died [pid 70192, exit code 1, cmd '/home/ecem/sct_ws/install/leo_image_processing/lib/leo_image_processing/color_detector --ros-args -r __node:=target_detector -r __ns:=/robot_0 --params-file /tmp/launch_params_1dx29ya_ --params-file /tmp/launch_params_xhlsfwqt --params-file /tmp/launch_params_dif6ctnc --params-file /tmp/launch_params_ukts3yyf --params-file /tmp/launch_params_75sth0eh --params-file /tmp/launch_params_f8p04uzy'].
1789488680.0260518 [INFO] [static_transform_publisher-17]: process has finished cleanly [pid 69074]
1789488680.0562227 [INFO] [image_bridge-18]: process has finished cleanly [pid 69085]
1789488680.0734291 [INFO] [robot_state_publisher-15]: process has finished cleanly [pid 69050]
1789488680.1080551 [INFO] [static_transform_publisher-13]: process has finished cleanly [pid 69031]
1789488680.1301239 [INFO] [image_bridge-14]: process has finished cleanly [pid 69037]
1789488680.1515901 [ERROR] [image_processor-26]: process has died [pid 70153, exit code 1, cmd '/home/ecem/sct_ws/install/leo_image_processing/lib/leo_image_processing/image_processor --ros-args -r __node:=image_processor -r __ns:=/robot_1 --params-file /tmp/launch_params_ub7016c6 --params-file /tmp/launch_params_yw0dwzsi --params-file /tmp/launch_params_51ug676o'].
1789488680.1570768 [INFO] [balanced_delivery_supervisor-24]: process has finished cleanly [pid 70008]
1789488680.1645601 [INFO] [robot_state_publisher-11]: process has finished cleanly [pid 69018]
1789488680.1762180 [ERROR] [color_detector-27]: process has died [pid 70155, exit code 1, cmd '/home/ecem/sct_ws/install/leo_image_processing/lib/leo_image_processing/color_detector --ros-args -r __node:=target_detector -r __ns:=/robot_1 --params-file /tmp/launch_params_hizrltf7 --params-file /tmp/launch_params_incjk0br --params-file /tmp/launch_params_47mg38vk --params-file /tmp/launch_params_fuvs7xjy --params-file /tmp/launch_params_db2gqoku --params-file /tmp/launch_params_cr2te4ng'].
1789488680.2171736 [INFO] [static_transform_publisher-9]: process has finished cleanly [pid 69013]
1789488680.2174108 [INFO] [image_bridge-10]: process has finished cleanly [pid 69015]
1789488680.2942822 [INFO] [balanced_delivery_supervisor-22]: process has finished cleanly [pid 70003]
1789488680.2945173 [INFO] [robot_state_publisher-7]: process has finished cleanly [pid 69009]
1789488680.3307457 [INFO] [balanced_delivery_supervisor-20]: process has finished cleanly [pid 69999]
1789488680.3473017 [ERROR] [stuck_recovery-25]: process has died [pid 70010, exit code 1, cmd '/home/ecem/sct_ws/install/leo_image_processing/lib/leo_image_processing/stuck_recovery --ros-args -r __node:=stuck_recovery -r __ns:=/robot_2 --params-file /tmp/launch_params_k6lenlq1 --params-file /tmp/launch_params_jwsxzj_g --params-file /tmp/launch_params_ypeckjll --params-file /tmp/launch_params_0cbt61jj --params-file /tmp/launch_params_i2vaw3nj --params-file /tmp/launch_params_kcz35y6d --params-file /tmp/launch_params_nr38ev8l --params-file /tmp/launch_params_bj70zmfp --params-file /tmp/launch_params_n597lut0 --params-file /tmp/launch_params_ocpz8wb6'].
1789488680.4437826 [INFO] [image_bridge-2]: process has finished cleanly [pid 68999]
1789488680.4547155 [ERROR] [stuck_recovery-21]: process has died [pid 70001, exit code 1, cmd '/home/ecem/sct_ws/install/leo_image_processing/lib/leo_image_processing/stuck_recovery --ros-args -r __node:=stuck_recovery -r __ns:=/robot_1 --params-file /tmp/launch_params_o9qjkgfg --params-file /tmp/launch_params_rs556yw2 --params-file /tmp/launch_params_5mx562_x --params-file /tmp/launch_params_ozlw5h_h --params-file /tmp/launch_params_zdf35jfp --params-file /tmp/launch_params_o30ic1qz --params-file /tmp/launch_params_icbk2bju --params-file /tmp/launch_params_r9380qoo --params-file /tmp/launch_params_uphnqof_ --params-file /tmp/launch_params_s6wcaoa0'].
1789488680.4601645 [ERROR] [stuck_recovery-23]: process has died [pid 70005, exit code 1, cmd '/home/ecem/sct_ws/install/leo_image_processing/lib/leo_image_processing/stuck_recovery --ros-args -r __node:=stuck_recovery -r __ns:=/robot_0 --params-file /tmp/launch_params_hwqflb34 --params-file /tmp/launch_params_bwx6ek2m --params-file /tmp/launch_params_2wc9oiyr --params-file /tmp/launch_params_c60f3_zj --params-file /tmp/launch_params_cyax_9dk --params-file /tmp/launch_params_akl9g3y1 --params-file /tmp/launch_params__5dzlh_g --params-file /tmp/launch_params__10iqo0k --params-file /tmp/launch_params_dtj32f4m --params-file /tmp/launch_params_wcwgj_l7'].
1789488680.4934437 [INFO] [simulation_video_recorder-3]: process has finished cleanly [pid 69001]
1789488680.5409894 [ERROR] [bump_counter-5]: process has died [pid 69005, exit code 1, cmd '/home/ecem/sct_ws/install/evaluation/lib/evaluation/bump_counter --ros-args -r __node:=bump_counter --params-file /tmp/launch_params_x1ni86k0 --params-file /tmp/launch_params_x0i0fck7 --params-file /tmp/launch_params_rif_wv_t --params-file /tmp/launch_params_68a3733z --params-file /tmp/launch_params_kiazn0z8 --params-file /tmp/launch_params_ufnf057s --params-file /tmp/launch_params_ah5g13b6 --params-file /tmp/launch_params_14xnbuhq'].
1789488682.9002786 [ERROR] [ign gazebo-1]: process[ign gazebo-1] failed to terminate '5' seconds after receiving 'SIGINT', escalating to 'SIGTERM'
1789488682.9039297 [INFO] [ign gazebo-1]: sending signal 'SIGTERM' to process[ign gazebo-1]
1789488682.9043086 [ERROR] [ign gazebo-1]: process has died [pid 68996, exit code -15, cmd 'ruby /usr/bin/ign gazebo /tmp/leo_delivery_no_overhead_camera_rxi6qnf4.sdf -s --headless-rendering -r -z 200 --force-version 6'].
1789488682.9045463 [INFO] [launch]: process[ign gazebo-1] was required: shutting down launched system
