1789488304.9217741 [INFO] [launch]: All log files can be found below /home/ecem/sct_ws/src/llm_sct/RESULTS_LAST/baseline/balanced_delivery/batch_logs/ros_slot5/2026-09-15-18-05-04-921014-ecem-pc-66176
1789488304.9218788 [INFO] [launch]: Default logging verbosity is set to INFO
1789488305.7770932 [INFO] [ign gazebo-1]: process started with pid [66204]
1789488305.7773955 [INFO] [image_bridge-2]: process started with pid [66209]
1789488305.7775378 [INFO] [simulation_video_recorder-3]: process started with pid [66225]
1789488305.7776587 [INFO] [coverage_counter-4]: process started with pid [66231]
1789488305.7777705 [INFO] [bump_counter-5]: process started with pid [66244]
1789488305.7778840 [INFO] [parameter_bridge-6]: process started with pid [66253]
1789488305.7779939 [INFO] [robot_state_publisher-7]: process started with pid [66264]
1789488305.7780943 [INFO] [create-8]: process started with pid [66274]
1789488305.7781923 [INFO] [static_transform_publisher-9]: process started with pid [66285]
1789488305.7782922 [INFO] [image_bridge-10]: process started with pid [66291]
1789488305.7783909 [INFO] [robot_state_publisher-11]: process started with pid [66312]
1789488305.7784905 [INFO] [create-12]: process started with pid [66338]
1789488305.7785907 [INFO] [static_transform_publisher-13]: process started with pid [66365]
1789488305.7786920 [INFO] [image_bridge-14]: process started with pid [66395]
1789488305.7787900 [INFO] [robot_state_publisher-15]: process started with pid [66442]
1789488305.7788954 [INFO] [create-16]: process started with pid [66470]
1789488305.7789948 [INFO] [static_transform_publisher-17]: process started with pid [66488]
1789488305.7790940 [INFO] [image_bridge-18]: process started with pid [66529]
1789488305.7791927 [INFO] [parameter_bridge-19]: process started with pid [66547]
1789488308.7750931 [INFO] [create-8]: process has finished cleanly [pid 66274]
1789488308.8155525 [INFO] [balanced_delivery_supervisor-20]: process started with pid [67719]
1789488308.8158319 [INFO] [stuck_recovery-21]: process started with pid [67723]
1789488308.8366928 [INFO] [create-16]: process has finished cleanly [pid 66470]
1789488308.8369954 [INFO] [create-12]: process has finished cleanly [pid 66338]
1789488308.9859760 [INFO] [balanced_delivery_supervisor-22]: process started with pid [67739]
1789488308.9862828 [INFO] [stuck_recovery-23]: process started with pid [67741]
1789488308.9868715 [INFO] [balanced_delivery_supervisor-24]: process started with pid [67762]
1789488308.9899278 [INFO] [stuck_recovery-25]: process started with pid [67766]
1789488311.4147406 [INFO] [image_processor-26]: process started with pid [67898]
1789488311.4151247 [INFO] [color_detector-27]: process started with pid [67900]
1789488311.4163027 [INFO] [image_processor-28]: process started with pid [67964]
1789488311.4165685 [INFO] [color_detector-29]: process started with pid [67969]
1789488311.4366395 [INFO] [image_processor-30]: process started with pid [68017]
1789488311.4369617 [INFO] [color_detector-31]: process started with pid [68030]
1789488488.7099395 [INFO] [coverage_counter-4]: process has finished cleanly [pid 66231]
1789488488.7184148 [INFO] [launch]: process[coverage_counter-4] was required: shutting down launched system
1789488489.0421631 [INFO] [color_detector-31]: sending signal 'SIGINT' to process[color_detector-31]
1789488489.2261219 [INFO] [image_processor-30]: sending signal 'SIGINT' to process[image_processor-30]
1789488489.3302302 [INFO] [color_detector-29]: sending signal 'SIGINT' to process[color_detector-29]
1789488489.4142640 [INFO] [image_processor-28]: sending signal 'SIGINT' to process[image_processor-28]
1789488489.7187173 [INFO] [color_detector-27]: sending signal 'SIGINT' to process[color_detector-27]
1789488489.8126450 [INFO] [image_processor-26]: sending signal 'SIGINT' to process[image_processor-26]
1789488489.9245126 [INFO] [stuck_recovery-25]: sending signal 'SIGINT' to process[stuck_recovery-25]
1789488489.9604392 [INFO] [balanced_delivery_supervisor-24]: sending signal 'SIGINT' to process[balanced_delivery_supervisor-24]
1789488490.0175893 [INFO] [stuck_recovery-23]: sending signal 'SIGINT' to process[stuck_recovery-23]
1789488490.0965536 [INFO] [balanced_delivery_supervisor-22]: sending signal 'SIGINT' to process[balanced_delivery_supervisor-22]
1789488490.1816380 [INFO] [stuck_recovery-21]: sending signal 'SIGINT' to process[stuck_recovery-21]
1789488490.3207128 [INFO] [balanced_delivery_supervisor-20]: sending signal 'SIGINT' to process[balanced_delivery_supervisor-20]
1789488490.4410145 [INFO] [parameter_bridge-19]: sending signal 'SIGINT' to process[parameter_bridge-19]
1789488490.5458586 [INFO] [image_bridge-18]: sending signal 'SIGINT' to process[image_bridge-18]
1789488490.6131601 [INFO] [parameter_bridge-19]: process has finished cleanly [pid 66547]
1789488490.6400039 [INFO] [static_transform_publisher-17]: sending signal 'SIGINT' to process[static_transform_publisher-17]
1789488490.7453001 [INFO] [robot_state_publisher-15]: sending signal 'SIGINT' to process[robot_state_publisher-15]
1789488490.8491280 [INFO] [image_bridge-14]: sending signal 'SIGINT' to process[image_bridge-14]
1789488490.9318295 [INFO] [static_transform_publisher-13]: sending signal 'SIGINT' to process[static_transform_publisher-13]
1789488491.0325584 [INFO] [robot_state_publisher-11]: sending signal 'SIGINT' to process[robot_state_publisher-11]
1789488491.1410985 [INFO] [image_bridge-10]: sending signal 'SIGINT' to process[image_bridge-10]
1789488491.2276735 [INFO] [static_transform_publisher-9]: sending signal 'SIGINT' to process[static_transform_publisher-9]
1789488491.3355517 [INFO] [robot_state_publisher-7]: sending signal 'SIGINT' to process[robot_state_publisher-7]
1789488491.4491968 [INFO] [parameter_bridge-6]: sending signal 'SIGINT' to process[parameter_bridge-6]
1789488491.5648084 [INFO] [bump_counter-5]: sending signal 'SIGINT' to process[bump_counter-5]
1789488491.6966209 [INFO] [simulation_video_recorder-3]: sending signal 'SIGINT' to process[simulation_video_recorder-3]
1789488491.7190149 [INFO] [parameter_bridge-6]: process has finished cleanly [pid 66253]
1789488491.8201826 [INFO] [image_bridge-2]: sending signal 'SIGINT' to process[image_bridge-2]
1789488491.8367467 [ERROR] [image_processor-30]: process has died [pid 68017, exit code 1, cmd '/home/ecem/sct_ws/install/leo_image_processing/lib/leo_image_processing/image_processor --ros-args -r __node:=image_processor -r __ns:=/robot_1 --params-file /tmp/launch_params_h5yk_43c --params-file /tmp/launch_params_g2dd0hzx --params-file /tmp/launch_params_ai7x3da8'].
1789488491.9322872 [INFO] [ign gazebo-1]: sending signal 'SIGINT' to process[ign gazebo-1]
1789488491.9595456 [ERROR] [color_detector-31]: process has died [pid 68030, exit code 1, cmd '/home/ecem/sct_ws/install/leo_image_processing/lib/leo_image_processing/color_detector --ros-args -r __node:=target_detector -r __ns:=/robot_1 --params-file /tmp/launch_params_3_m7wua6 --params-file /tmp/launch_params_apk18kjb --params-file /tmp/launch_params_xpmqads0 --params-file /tmp/launch_params_fgchw36_ --params-file /tmp/launch_params_pags585z --params-file /tmp/launch_params_gry5odr9'].
1789488491.9598880 [INFO] [static_transform_publisher-17]: process has finished cleanly [pid 66488]
1789488491.9601123 [ERROR] [color_detector-29]: process has died [pid 67969, exit code 1, cmd '/home/ecem/sct_ws/install/leo_image_processing/lib/leo_image_processing/color_detector --ros-args -r __node:=target_detector -r __ns:=/robot_2 --params-file /tmp/launch_params_8a093_km --params-file /tmp/launch_params_six2zw5l --params-file /tmp/launch_params_iqz8yym8 --params-file /tmp/launch_params_6soiflgf --params-file /tmp/launch_params_sflulnp3 --params-file /tmp/launch_params_wn6ltfh2'].
1789488491.9602945 [INFO] [image_bridge-18]: process has finished cleanly [pid 66529]
1789488491.9809005 [INFO] [robot_state_publisher-15]: process has finished cleanly [pid 66442]
1789488491.9813185 [ERROR] [image_processor-28]: process has died [pid 67964, exit code 1, cmd '/home/ecem/sct_ws/install/leo_image_processing/lib/leo_image_processing/image_processor --ros-args -r __node:=image_processor -r __ns:=/robot_2 --params-file /tmp/launch_params_5ttprgzh --params-file /tmp/launch_params_2l4ktl7w --params-file /tmp/launch_params_n6h02w9n'].
1789488492.0780668 [INFO] [static_transform_publisher-13]: process has finished cleanly [pid 66365]
1789488492.1449485 [INFO] [robot_state_publisher-11]: process has finished cleanly [pid 66312]
1789488492.1451845 [INFO] [image_bridge-14]: process has finished cleanly [pid 66395]
1789488492.1649861 [INFO] [balanced_delivery_supervisor-24]: process has finished cleanly [pid 67762]
1789488492.3079619 [INFO] [static_transform_publisher-9]: process has finished cleanly [pid 66285]
1789488492.3333852 [INFO] [image_bridge-10]: process has finished cleanly [pid 66291]
1789488492.3465233 [INFO] [balanced_delivery_supervisor-20]: process has finished cleanly [pid 67719]
1789488492.3524477 [ERROR] [stuck_recovery-25]: process has died [pid 67766, exit code 1, cmd '/home/ecem/sct_ws/install/leo_image_processing/lib/leo_image_processing/stuck_recovery --ros-args -r __node:=stuck_recovery -r __ns:=/robot_1 --params-file /tmp/launch_params__77rpo01 --params-file /tmp/launch_params_tcrqjjm3 --params-file /tmp/launch_params_5hsux1nw --params-file /tmp/launch_params_33fo06c1 --params-file /tmp/launch_params_ekaisoxg --params-file /tmp/launch_params_oby10bas --params-file /tmp/launch_params_91e8a699 --params-file /tmp/launch_params_k66opfg0 --params-file /tmp/launch_params_7ikv5jf7 --params-file /tmp/launch_params_rb688zwx'].
1789488492.3527923 [ERROR] [color_detector-27]: process has died [pid 67900, exit code 1, cmd '/home/ecem/sct_ws/install/leo_image_processing/lib/leo_image_processing/color_detector --ros-args -r __node:=target_detector -r __ns:=/robot_0 --params-file /tmp/launch_params_gla2_xhk --params-file /tmp/launch_params_o2jfiigl --params-file /tmp/launch_params_ktldcqtl --params-file /tmp/launch_params_r6qszpfi --params-file /tmp/launch_params_9z_csr76 --params-file /tmp/launch_params_8d1k5hh3'].
1789488492.3730028 [ERROR] [image_processor-26]: process has died [pid 67898, exit code 1, cmd '/home/ecem/sct_ws/install/leo_image_processing/lib/leo_image_processing/image_processor --ros-args -r __node:=image_processor -r __ns:=/robot_0 --params-file /tmp/launch_params__8rdd6bw --params-file /tmp/launch_params_b3qjfz35 --params-file /tmp/launch_params_7yke1he3'].
1789488492.4542956 [INFO] [robot_state_publisher-7]: process has finished cleanly [pid 66264]
1789488492.4955418 [ERROR] [stuck_recovery-23]: process has died [pid 67741, exit code 1, cmd '/home/ecem/sct_ws/install/leo_image_processing/lib/leo_image_processing/stuck_recovery --ros-args -r __node:=stuck_recovery -r __ns:=/robot_2 --params-file /tmp/launch_params_txzk7j01 --params-file /tmp/launch_params_27pzgrrj --params-file /tmp/launch_params_5j6utcc9 --params-file /tmp/launch_params_lw2rki7x --params-file /tmp/launch_params_8tfk1o8b --params-file /tmp/launch_params_ku23hxci --params-file /tmp/launch_params_xbcr4mcg --params-file /tmp/launch_params_rb9o1572 --params-file /tmp/launch_params_bzlaj38c --params-file /tmp/launch_params_jc88w4wi'].
1789488492.5085304 [ERROR] [balanced_delivery_supervisor-22]: process has died [pid 67739, exit code 1, cmd '/home/ecem/sct_ws/install/leo_delivery/lib/leo_delivery/balanced_delivery_supervisor --ros-args -r __node:=robot_supervisor -r __ns:=/robot_2 --params-file /tmp/launch_params_35o7v2a0 --params-file /tmp/launch_params__jouk8_a --params-file /tmp/launch_params_hwnfs7xq --params-file /tmp/launch_params_jpymt3_v --params-file /tmp/launch_params_gmiadbm0 --params-file /tmp/launch_params_9ttmdt7w --params-file /tmp/launch_params_evpbqp5n --params-file /tmp/launch_params_mc6qz3_0 --params-file /tmp/launch_params_2nkmgxrs -r cmd_vel:=cmd_vel_supervisor'].
1789488492.5089252 [ERROR] [stuck_recovery-21]: process has died [pid 67723, exit code 1, cmd '/home/ecem/sct_ws/install/leo_image_processing/lib/leo_image_processing/stuck_recovery --ros-args -r __node:=stuck_recovery -r __ns:=/robot_0 --params-file /tmp/launch_params_bg5sxki_ --params-file /tmp/launch_params_oj06k60l --params-file /tmp/launch_params_3ugjvohe --params-file /tmp/launch_params_1fm7p183 --params-file /tmp/launch_params__dijleok --params-file /tmp/launch_params_lvzhshlw --params-file /tmp/launch_params_7yi_ysmn --params-file /tmp/launch_params_rmvni_4_ --params-file /tmp/launch_params_11ay6evp --params-file /tmp/launch_params_ub17fmei'].
1789488492.8715820 [ERROR] [bump_counter-5]: process has died [pid 66244, exit code 1, cmd '/home/ecem/sct_ws/install/evaluation/lib/evaluation/bump_counter --ros-args -r __node:=bump_counter --params-file /tmp/launch_params_ah833bj3 --params-file /tmp/launch_params_eqxj538m --params-file /tmp/launch_params_l5mqlpzg --params-file /tmp/launch_params_xvpdg4ix --params-file /tmp/launch_params_047yeh_b --params-file /tmp/launch_params_auatklbh --params-file /tmp/launch_params_axaf12h3 --params-file /tmp/launch_params_jzyz5r48'].
1789488492.9084370 [INFO] [simulation_video_recorder-3]: process has finished cleanly [pid 66225]
1789488492.9302576 [INFO] [image_bridge-2]: process has finished cleanly [pid 66209]
1789488494.0434518 [ERROR] [ign gazebo-1]: process[ign gazebo-1] failed to terminate '5' seconds after receiving 'SIGINT', escalating to 'SIGTERM'
1789488494.0505431 [INFO] [ign gazebo-1]: sending signal 'SIGTERM' to process[ign gazebo-1]
1789488494.0517581 [ERROR] [ign gazebo-1]: process has died [pid 66204, exit code -15, cmd 'ruby /usr/bin/ign gazebo /tmp/leo_delivery_no_overhead_camera_wl0z9ks5.sdf -s --headless-rendering -r -z 200 --force-version 6'].
1789488494.0523610 [INFO] [launch]: process[ign gazebo-1] was required: shutting down launched system
