1789492190.2371676 [INFO] [launch]: All log files can be found below /home/ecem/sct_ws/src/llm_sct/RESULTS_LAST/baseline/delivery_stack_smoke/log/2026-09-15-19-09-50-236402-ecem-pc-80610
1789492190.2372770 [INFO] [launch]: Default logging verbosity is set to INFO
1789492190.7119393 [INFO] [ign gazebo-1]: process started with pid [80623]
1789492190.7122781 [INFO] [image_bridge-2]: process started with pid [80625]
1789492190.7124250 [INFO] [simulation_video_recorder-3]: process started with pid [80627]
1789492190.7125154 [INFO] [coverage_counter-4]: process started with pid [80630]
1789492190.7125945 [INFO] [bump_counter-5]: process started with pid [80632]
1789492190.7126672 [INFO] [parameter_bridge-6]: process started with pid [80634]
1789492190.7127364 [INFO] [robot_state_publisher-7]: process started with pid [80636]
1789492190.7128031 [INFO] [create-8]: process started with pid [80638]
1789492190.7128887 [INFO] [static_transform_publisher-9]: process started with pid [80640]
1789492190.7129703 [INFO] [image_bridge-10]: process started with pid [80642]
1789492190.7130446 [INFO] [robot_state_publisher-11]: process started with pid [80644]
1789492190.7131190 [INFO] [create-12]: process started with pid [80646]
1789492190.7132058 [INFO] [static_transform_publisher-13]: process started with pid [80648]
1789492190.7132895 [INFO] [image_bridge-14]: process started with pid [80650]
1789492190.7133601 [INFO] [robot_state_publisher-15]: process started with pid [80652]
1789492190.7134266 [INFO] [create-16]: process started with pid [80654]
1789492190.7134924 [INFO] [static_transform_publisher-17]: process started with pid [80656]
1789492190.7135580 [INFO] [image_bridge-18]: process started with pid [80660]
1789492190.7136245 [INFO] [parameter_bridge-19]: process started with pid [80672]
1789492191.6194704 [INFO] [create-16]: process has finished cleanly [pid 80654]
1789492191.6281476 [INFO] [create-12]: process has finished cleanly [pid 80646]
1789492191.6283162 [INFO] [create-8]: process has finished cleanly [pid 80638]
1789492191.6428246 [INFO] [balanced_delivery_supervisor-20]: process started with pid [80954]
1789492191.6429591 [INFO] [stuck_recovery-21]: process started with pid [80956]
1789492191.6433702 [INFO] [balanced_delivery_supervisor-22]: process started with pid [80958]
1789492191.6434293 [INFO] [stuck_recovery-23]: process started with pid [80960]
1789492191.6435189 [INFO] [balanced_delivery_supervisor-24]: process started with pid [80962]
1789492191.6435611 [INFO] [stuck_recovery-25]: process started with pid [80964]
1789492193.6498992 [INFO] [image_processor-26]: process started with pid [81172]
1789492193.6500213 [INFO] [color_detector-27]: process started with pid [81174]
1789492193.6519256 [INFO] [image_processor-28]: process started with pid [81176]
1789492193.6520829 [INFO] [color_detector-29]: process started with pid [81178]
1789492193.6526139 [INFO] [image_processor-30]: process started with pid [81180]
1789492193.6527219 [INFO] [color_detector-31]: process started with pid [81182]
1789492280.3058171 [INFO] [coverage_counter-4]: process has finished cleanly [pid 80630]
1789492280.3064232 [INFO] [launch]: process[coverage_counter-4] was required: shutting down launched system
1789492280.3207176 [INFO] [color_detector-31]: sending signal 'SIGINT' to process[color_detector-31]
1789492280.3260679 [INFO] [image_processor-30]: sending signal 'SIGINT' to process[image_processor-30]
1789492280.3309402 [INFO] [color_detector-29]: sending signal 'SIGINT' to process[color_detector-29]
1789492280.3348436 [INFO] [image_processor-28]: sending signal 'SIGINT' to process[image_processor-28]
1789492280.3556659 [INFO] [color_detector-27]: sending signal 'SIGINT' to process[color_detector-27]
1789492280.3593459 [INFO] [image_processor-26]: sending signal 'SIGINT' to process[image_processor-26]
1789492280.3631051 [INFO] [stuck_recovery-25]: sending signal 'SIGINT' to process[stuck_recovery-25]
1789492280.3666513 [INFO] [balanced_delivery_supervisor-24]: sending signal 'SIGINT' to process[balanced_delivery_supervisor-24]
1789492280.3702948 [INFO] [stuck_recovery-23]: sending signal 'SIGINT' to process[stuck_recovery-23]
1789492280.3746955 [INFO] [balanced_delivery_supervisor-22]: sending signal 'SIGINT' to process[balanced_delivery_supervisor-22]
1789492280.3793156 [INFO] [stuck_recovery-21]: sending signal 'SIGINT' to process[stuck_recovery-21]
1789492280.3837171 [INFO] [balanced_delivery_supervisor-20]: sending signal 'SIGINT' to process[balanced_delivery_supervisor-20]
1789492280.3878694 [INFO] [parameter_bridge-19]: sending signal 'SIGINT' to process[parameter_bridge-19]
1789492280.3920803 [INFO] [image_bridge-18]: sending signal 'SIGINT' to process[image_bridge-18]
1789492280.3967144 [INFO] [static_transform_publisher-17]: sending signal 'SIGINT' to process[static_transform_publisher-17]
1789492280.3990602 [INFO] [parameter_bridge-19]: process has finished cleanly [pid 80672]
1789492280.4012604 [INFO] [robot_state_publisher-15]: sending signal 'SIGINT' to process[robot_state_publisher-15]
1789492280.4063714 [INFO] [image_bridge-14]: sending signal 'SIGINT' to process[image_bridge-14]
1789492280.4112852 [INFO] [static_transform_publisher-13]: sending signal 'SIGINT' to process[static_transform_publisher-13]
1789492280.4160526 [INFO] [robot_state_publisher-11]: sending signal 'SIGINT' to process[robot_state_publisher-11]
1789492280.4206433 [INFO] [image_bridge-10]: sending signal 'SIGINT' to process[image_bridge-10]
1789492280.4255483 [INFO] [static_transform_publisher-9]: sending signal 'SIGINT' to process[static_transform_publisher-9]
1789492280.4302597 [INFO] [robot_state_publisher-7]: sending signal 'SIGINT' to process[robot_state_publisher-7]
1789492280.4347477 [INFO] [parameter_bridge-6]: sending signal 'SIGINT' to process[parameter_bridge-6]
1789492280.4390368 [INFO] [bump_counter-5]: sending signal 'SIGINT' to process[bump_counter-5]
1789492280.4435244 [INFO] [simulation_video_recorder-3]: sending signal 'SIGINT' to process[simulation_video_recorder-3]
1789492280.4441428 [INFO] [parameter_bridge-6]: process has finished cleanly [pid 80634]
1789492280.4486506 [INFO] [image_bridge-2]: sending signal 'SIGINT' to process[image_bridge-2]
1789492280.4533842 [INFO] [ign gazebo-1]: sending signal 'SIGINT' to process[ign gazebo-1]
1789492281.4226093 [ERROR] [image_processor-30]: process has died [pid 81180, exit code 1, cmd '/home/ecem/sct_ws/install/leo_image_processing/lib/leo_image_processing/image_processor --ros-args -r __node:=image_processor -r __ns:=/robot_0 --params-file /tmp/launch_params_owla68r5 --params-file /tmp/launch_params_t4vx0fat --params-file /tmp/launch_params_jf1j9zuh'].
1789492281.4252715 [INFO] [static_transform_publisher-17]: process has finished cleanly [pid 80656]
1789492281.4314449 [INFO] [image_bridge-18]: process has finished cleanly [pid 80660]
1789492281.4352930 [INFO] [robot_state_publisher-15]: process has finished cleanly [pid 80652]
1789492281.4385562 [INFO] [static_transform_publisher-13]: process has finished cleanly [pid 80648]
1789492281.4459119 [ERROR] [color_detector-31]: process has died [pid 81182, exit code 1, cmd '/home/ecem/sct_ws/install/leo_image_processing/lib/leo_image_processing/color_detector --ros-args -r __node:=target_detector -r __ns:=/robot_0 --params-file /tmp/launch_params_p3pygp5p --params-file /tmp/launch_params_0sfwje_w --params-file /tmp/launch_params_08ema6o3 --params-file /tmp/launch_params_h9exhu5s --params-file /tmp/launch_params_wmon1y46 --params-file /tmp/launch_params_cl8z80dj'].
1789492281.4473455 [INFO] [image_bridge-14]: process has finished cleanly [pid 80650]
1789492281.4510949 [INFO] [robot_state_publisher-11]: process has finished cleanly [pid 80644]
1789492281.4561200 [INFO] [static_transform_publisher-9]: process has finished cleanly [pid 80640]
1789492281.4592891 [INFO] [image_bridge-10]: process has finished cleanly [pid 80642]
1789492281.4630353 [INFO] [robot_state_publisher-7]: process has finished cleanly [pid 80636]
1789492281.4743407 [ERROR] [image_processor-28]: process has died [pid 81176, exit code 1, cmd '/home/ecem/sct_ws/install/leo_image_processing/lib/leo_image_processing/image_processor --ros-args -r __node:=image_processor -r __ns:=/robot_1 --params-file /tmp/launch_params_miwpheva --params-file /tmp/launch_params_9gj_0rkr --params-file /tmp/launch_params_x2lp1djx'].
1789492281.4842741 [INFO] [balanced_delivery_supervisor-22]: process has finished cleanly [pid 80958]
1789492281.4859476 [INFO] [image_bridge-2]: process has finished cleanly [pid 80625]
1789492281.4901276 [ERROR] [color_detector-29]: process has died [pid 81178, exit code 1, cmd '/home/ecem/sct_ws/install/leo_image_processing/lib/leo_image_processing/color_detector --ros-args -r __node:=target_detector -r __ns:=/robot_1 --params-file /tmp/launch_params_qfxd1uiv --params-file /tmp/launch_params_93wa1szm --params-file /tmp/launch_params_jh_svrcf --params-file /tmp/launch_params__l6y_c3o --params-file /tmp/launch_params_r1zkadjg --params-file /tmp/launch_params_vwisa4c_'].
1789492281.4940295 [ERROR] [color_detector-27]: process has died [pid 81174, exit code 1, cmd '/home/ecem/sct_ws/install/leo_image_processing/lib/leo_image_processing/color_detector --ros-args -r __node:=target_detector -r __ns:=/robot_2 --params-file /tmp/launch_params_l6xziwr7 --params-file /tmp/launch_params_9fll8ixb --params-file /tmp/launch_params_p1n3b9yd --params-file /tmp/launch_params_bdg0vne3 --params-file /tmp/launch_params_f4owaaii --params-file /tmp/launch_params_4digetpl'].
1789492281.4992123 [ERROR] [image_processor-26]: process has died [pid 81172, exit code 1, cmd '/home/ecem/sct_ws/install/leo_image_processing/lib/leo_image_processing/image_processor --ros-args -r __node:=image_processor -r __ns:=/robot_2 --params-file /tmp/launch_params_sg9lr065 --params-file /tmp/launch_params_y16cg4uz --params-file /tmp/launch_params_a_5it78u'].
1789492281.5097935 [INFO] [simulation_video_recorder-3]: process has finished cleanly [pid 80627]
1789492281.5110781 [INFO] [balanced_delivery_supervisor-24]: process has finished cleanly [pid 80962]
1789492281.5196478 [INFO] [balanced_delivery_supervisor-20]: process has finished cleanly [pid 80954]
1789492281.5488925 [ERROR] [bump_counter-5]: process has died [pid 80632, exit code 1, cmd '/home/ecem/sct_ws/install/evaluation/lib/evaluation/bump_counter --ros-args -r __node:=bump_counter --params-file /tmp/launch_params_drq1cwg2 --params-file /tmp/launch_params_y69mc0g9 --params-file /tmp/launch_params_g7trjfq1 --params-file /tmp/launch_params_83gu2sm5 --params-file /tmp/launch_params_gbklx8ot --params-file /tmp/launch_params_202uav8s --params-file /tmp/launch_params_rpf9b1zy --params-file /tmp/launch_params_so66qwvz'].
1789492282.4392412 [ERROR] [stuck_recovery-25]: process has died [pid 80964, exit code 1, cmd '/home/ecem/sct_ws/install/leo_image_processing/lib/leo_image_processing/stuck_recovery --ros-args -r __node:=stuck_recovery -r __ns:=/robot_0 --params-file /tmp/launch_params_smw6tomp --params-file /tmp/launch_params_nbgjdjau --params-file /tmp/launch_params_g1ktmoc7 --params-file /tmp/launch_params_r8wr1oxx --params-file /tmp/launch_params_7dl9sx1q --params-file /tmp/launch_params_m29n8qr1 --params-file /tmp/launch_params_3zkidyxv --params-file /tmp/launch_params_8j4dcob3 --params-file /tmp/launch_params_ybe_321x --params-file /tmp/launch_params_4ziu_qvx'].
1789492282.4582937 [ERROR] [stuck_recovery-21]: process has died [pid 80956, exit code 1, cmd '/home/ecem/sct_ws/install/leo_image_processing/lib/leo_image_processing/stuck_recovery --ros-args -r __node:=stuck_recovery -r __ns:=/robot_2 --params-file /tmp/launch_params_k_8c7bl6 --params-file /tmp/launch_params_nk27_3hy --params-file /tmp/launch_params_susr4spg --params-file /tmp/launch_params_g_wm17fl --params-file /tmp/launch_params_cqc64lby --params-file /tmp/launch_params_m3o51kp9 --params-file /tmp/launch_params_5r396nzg --params-file /tmp/launch_params_sy9g3zrb --params-file /tmp/launch_params_rianapxo --params-file /tmp/launch_params_d52nqn1d'].
1789492282.4689870 [ERROR] [stuck_recovery-23]: process has died [pid 80960, exit code 1, cmd '/home/ecem/sct_ws/install/leo_image_processing/lib/leo_image_processing/stuck_recovery --ros-args -r __node:=stuck_recovery -r __ns:=/robot_1 --params-file /tmp/launch_params_ev1dhpfe --params-file /tmp/launch_params_pg9pmgeb --params-file /tmp/launch_params_n0cjuouo --params-file /tmp/launch_params_taiuma54 --params-file /tmp/launch_params_opbi010p --params-file /tmp/launch_params_v_nynmkr --params-file /tmp/launch_params_g0lm7nx0 --params-file /tmp/launch_params_so1yd9n0 --params-file /tmp/launch_params_07i6vdy3 --params-file /tmp/launch_params_ktbw_h41'].
1789492285.3236268 [ERROR] [ign gazebo-1]: process[ign gazebo-1] failed to terminate '5' seconds after receiving 'SIGINT', escalating to 'SIGTERM'
1789492285.3282719 [INFO] [ign gazebo-1]: sending signal 'SIGTERM' to process[ign gazebo-1]
1789492285.3292139 [ERROR] [ign gazebo-1]: process has died [pid 80623, exit code -15, cmd 'ruby /usr/bin/ign gazebo /tmp/leo_delivery_no_overhead_camera_w9ucye38.sdf -s --headless-rendering -r -z 200 --force-version 6'].
1789492285.3316040 [INFO] [launch]: process[ign gazebo-1] was required: shutting down launched system
