1789488274.2954397 [INFO] [launch]: All log files can be found below /home/ecem/sct_ws/src/llm_sct/RESULTS_LAST/baseline/balanced_delivery/batch_logs/ros_slot1/2026-09-15-18-04-34-294392-ecem-pc-24
1789488274.2955709 [INFO] [launch]: Default logging verbosity is set to INFO
1789488275.1853256 [INFO] [ign gazebo-1]: process started with pid [25]
1789488275.1855774 [INFO] [image_bridge-2]: process started with pid [31]
1789488275.1856782 [INFO] [simulation_video_recorder-3]: process started with pid [35]
1789488275.1857595 [INFO] [coverage_counter-4]: process started with pid [38]
1789488275.1858323 [INFO] [bump_counter-5]: process started with pid [49]
1789488275.2079563 [INFO] [parameter_bridge-6]: process started with pid [56]
1789488275.2081060 [INFO] [robot_state_publisher-7]: process started with pid [75]
1789488275.2082026 [INFO] [create-8]: process started with pid [88]
1789488275.2083032 [ERROR] [create-8]: process has died [pid 88, exit code -6, cmd '/opt/ros/humble/lib/ros_gz_sim/create -name robot_0 -x -1.7895754051734691 -y 1.4632516469720094 -z 0.1 -Y 2.523358596291448 -topic /robot_0/robot_description --ros-args -r __ns:=/robot_0'].
1789488275.2084463 [INFO] [static_transform_publisher-9]: process started with pid [100]
1789488275.2085388 [INFO] [image_bridge-10]: process started with pid [115]
1789488275.2086210 [INFO] [robot_state_publisher-11]: process started with pid [129]
1789488275.2087173 [ERROR] [robot_state_publisher-11]: process has died [pid 129, exit code -6, cmd '/opt/ros/humble/lib/robot_state_publisher/robot_state_publisher --ros-args -r __ns:=/robot_1 --params-file /tmp/launch_params_w5ndvc2d -r joint_states:=/robot_1/joint_states -r tf:=/tf -r tf_static:=/tf_static'].
1789488275.2088251 [INFO] [create-12]: process started with pid [138]
1789488275.2089393 [ERROR] [create-12]: process has died [pid 138, exit code -6, cmd '/opt/ros/humble/lib/ros_gz_sim/create -name robot_1 -x 0.14334082710889717 -y 2.261313519867486 -z 0.1 -Y 1.5508969216599278 -topic /robot_1/robot_description --ros-args -r __ns:=/robot_1'].
1789488275.2090323 [INFO] [static_transform_publisher-13]: process started with pid [153]
1789488275.2091167 [ERROR] [static_transform_publisher-13]: process has died [pid 153, exit code -6, cmd '/opt/ros/humble/lib/tf2_ros/static_transform_publisher 0.14334082710889717 2.261313519867486 0.0 1.5508969216599278 0.0 0.0 odom robot_1/odom --ros-args -r __node:=robot_1_spawn_offset_tf'].
1789488275.2092013 [INFO] [image_bridge-14]: process started with pid [171]
1789488275.2092755 [INFO] [robot_state_publisher-15]: process started with pid [184]
1789488275.2093525 [ERROR] [robot_state_publisher-15]: process has died [pid 184, exit code -6, cmd '/opt/ros/humble/lib/robot_state_publisher/robot_state_publisher --ros-args -r __ns:=/robot_2 --params-file /tmp/launch_params_o8_jb3ca -r joint_states:=/robot_2/joint_states -r tf:=/tf -r tf_static:=/tf_static'].
1789488275.2094440 [INFO] [create-16]: process started with pid [200]
1789488275.2095287 [INFO] [static_transform_publisher-17]: process started with pid [219]
1789488275.2096000 [INFO] [image_bridge-18]: process started with pid [247]
1789488275.2096739 [INFO] [parameter_bridge-19]: process started with pid [263]
1789488275.2374716 [ERROR] [static_transform_publisher-9]: process has died [pid 100, exit code -6, cmd '/opt/ros/humble/lib/tf2_ros/static_transform_publisher -1.7895754051734691 1.4632516469720094 0.0 2.523358596291448 0.0 0.0 odom robot_0/odom --ros-args -r __node:=robot_0_spawn_offset_tf'].
1789488275.2376866 [ERROR] [static_transform_publisher-17]: process has died [pid 219, exit code -6, cmd '/opt/ros/humble/lib/tf2_ros/static_transform_publisher 0.689180049986478 -1.5695058521273988 0.0 -1.934953372094092 0.0 0.0 odom robot_2/odom --ros-args -r __node:=robot_2_spawn_offset_tf'].
1789488275.2377853 [ERROR] [robot_state_publisher-7]: process has died [pid 75, exit code -6, cmd '/opt/ros/humble/lib/robot_state_publisher/robot_state_publisher --ros-args -r __ns:=/robot_0 --params-file /tmp/launch_params_a80xcn3u -r joint_states:=/robot_0/joint_states -r tf:=/tf -r tf_static:=/tf_static'].
1789488275.3839374 [ERROR] [parameter_bridge-6]: process has died [pid 56, exit code -6, cmd '/opt/ros/humble/lib/ros_gz_bridge/parameter_bridge /robot_0/cmd_vel@geometry_msgs/msg/Twist]ignition.msgs.Twist /robot_0/odom@nav_msgs/msg/Odometry[ignition.msgs.Odometry /robot_0/tf@tf2_msgs/msg/TFMessage[ignition.msgs.Pose_V /robot_0/joint_states@sensor_msgs/msg/JointState[ignition.msgs.Model /robot_0/depth_camera/depth_image@sensor_msgs/msg/Image[ignition.msgs.Image /robot_0/depth_camera/camera_info@sensor_msgs/msg/CameraInfo[ignition.msgs.CameraInfo /world/random_world/model/robot_0/link/robot_0/base_footprint/sensor/contact_sensor/contact@ros_gz_interfaces/msg/Contacts[ignition.msgs.Contacts /robot_1/cmd_vel@geometry_msgs/msg/Twist]ignition.msgs.Twist /robot_1/odom@nav_msgs/msg/Odometry[ignition.msgs.Odometry /robot_1/tf@tf2_msgs/msg/TFMessage[ignition.msgs.Pose_V /robot_1/joint_states@sensor_msgs/msg/JointState[ignition.msgs.Model /robot_1/depth_camera/depth_image@sensor_msgs/msg/Image[ignition.msgs.Image /robot_1/depth_camera/camera_info@sensor_msgs/msg/CameraInfo[ignition.msgs.CameraInfo /world/random_world/model/robot_1/link/robot_1/base_footprint/sensor/contact_sensor/contact@ros_gz_interfaces/msg/Contacts[ignition.msgs.Contacts /robot_2/cmd_vel@geometry_msgs/msg/Twist]ignition.msgs.Twist /robot_2/odom@nav_msgs/msg/Odometry[ignition.msgs.Odometry /robot_2/tf@tf2_msgs/msg/TFMessage[ignition.msgs.Pose_V /robot_2/joint_states@sensor_msgs/msg/JointState[ignition.msgs.Model /robot_2/depth_camera/depth_image@sensor_msgs/msg/Image[ignition.msgs.Image /robot_2/depth_camera/camera_info@sensor_msgs/msg/CameraInfo[ignition.msgs.CameraInfo /world/random_world/model/robot_2/link/robot_2/base_footprint/sensor/contact_sensor/contact@ros_gz_interfaces/msg/Contacts[ignition.msgs.Contacts /world/random_world/dynamic_pose/info@tf2_msgs/msg/TFMessage[ignition.msgs.Pose_V /world/random_world/create@ros_gz_interfaces/srv/SpawnEntity /world/random_world/remove@ros_gz_interfaces/srv/DeleteEntity /world/random_world/set_pose@ros_gz_interfaces/srv/SetEntityPose --ros-args -r __node:=all_robots_bridge --params-file /tmp/launch_params_den6k5de -r /robot_0/tf:=/tf -r /robot_1/tf:=/tf -r /robot_2/tf:=/tf'].
1789488275.3841932 [ERROR] [create-16]: process has died [pid 200, exit code -6, cmd '/opt/ros/humble/lib/ros_gz_sim/create -name robot_2 -x 0.689180049986478 -y -1.5695058521273988 -z 0.1 -Y -1.934953372094092 -topic /robot_2/robot_description --ros-args -r __ns:=/robot_2'].
1789488275.3844237 [ERROR] [image_bridge-2]: process has died [pid 31, exit code -6, cmd '/opt/ros/humble/lib/ros_gz_image/image_bridge /top_view_camera/image --ros-args -r __node:=top_view_image_bridge'].
1789488275.3847888 [INFO] [balanced_delivery_supervisor-20]: process started with pid [334]
1789488275.3849635 [INFO] [stuck_recovery-21]: process started with pid [347]
1789488275.4719889 [ERROR] [image_bridge-18]: process has died [pid 247, exit code -6, cmd '/opt/ros/humble/lib/ros_gz_image/image_bridge /robot_2/depth_camera/image --ros-args -r __node:=robot_2_rgb_image_bridge'].
1789488275.4722698 [ERROR] [parameter_bridge-19]: process has died [pid 263, exit code -6, cmd '/opt/ros/humble/lib/ros_gz_bridge/parameter_bridge /clock@rosgraph_msgs/msg/Clock[ignition.msgs.Clock --ros-args -r __node:=clock_bridge --params-file /tmp/launch_params_6_4jn9e7'].
1789488275.4723833 [ERROR] [image_bridge-10]: process has died [pid 115, exit code -6, cmd '/opt/ros/humble/lib/ros_gz_image/image_bridge /robot_0/depth_camera/image --ros-args -r __node:=robot_0_rgb_image_bridge'].
1789488275.4728253 [INFO] [balanced_delivery_supervisor-22]: process started with pid [378]
1789488275.4729371 [INFO] [stuck_recovery-23]: process started with pid [383]
1789488275.6251967 [ERROR] [image_bridge-14]: process has died [pid 171, exit code -6, cmd '/opt/ros/humble/lib/ros_gz_image/image_bridge /robot_1/depth_camera/image --ros-args -r __node:=robot_1_rgb_image_bridge'].
1789488275.6257706 [INFO] [balanced_delivery_supervisor-24]: process started with pid [412]
1789488275.6259003 [INFO] [stuck_recovery-25]: process started with pid [415]
1789488276.0402517 [ERROR] [ign gazebo-1]: process has died [pid 25, exit code 255, cmd 'ruby /usr/bin/ign gazebo /tmp/leo_delivery_no_overhead_camera_dri2d11t.sdf -s --headless-rendering -r -z 200 --force-version 6'].
1789488276.0407398 [INFO] [launch]: process[ign gazebo-1] was required: shutting down launched system
1789488276.0792260 [INFO] [stuck_recovery-25]: sending signal 'SIGINT' to process[stuck_recovery-25]
1789488276.1103730 [INFO] [balanced_delivery_supervisor-24]: sending signal 'SIGINT' to process[balanced_delivery_supervisor-24]
1789488276.1275930 [INFO] [stuck_recovery-23]: sending signal 'SIGINT' to process[stuck_recovery-23]
1789488276.1498272 [INFO] [balanced_delivery_supervisor-22]: sending signal 'SIGINT' to process[balanced_delivery_supervisor-22]
1789488276.1657028 [ERROR] [stuck_recovery-25]: process has died [pid 415, exit code -2, cmd '/home/ecem/sct_ws/install/leo_image_processing/lib/leo_image_processing/stuck_recovery --ros-args -r __node:=stuck_recovery -r __ns:=/robot_2 --params-file /tmp/launch_params_egocoo_p --params-file /tmp/launch_params_0oqbnia9 --params-file /tmp/launch_params_rggi30b0 --params-file /tmp/launch_params_kxadx3f_ --params-file /tmp/launch_params_6jtirr77 --params-file /tmp/launch_params_vch1n7wn --params-file /tmp/launch_params_mqmg10g0 --params-file /tmp/launch_params__k8rd_gh --params-file /tmp/launch_params_3uljjge9 --params-file /tmp/launch_params_snzcf29r'].
1789488276.1659172 [ERROR] [coverage_counter-4]: process has died [pid 38, exit code 1, cmd '/home/ecem/sct_ws/install/evaluation/lib/evaluation/coverage_counter --ros-args -r __node:=coverage_counter --params-file /tmp/launch_params_4s0hk8qj --params-file /tmp/launch_params_o2d9g947 --params-file /tmp/launch_params_2iuoo2yl --params-file /tmp/launch_params_37pvv_6_ --params-file /tmp/launch_params_djpz3czj --params-file /tmp/launch_params_wxie343e --params-file /tmp/launch_params_kr33xzi2 --params-file /tmp/launch_params_ukraydk8 --params-file /tmp/launch_params_gyte0k3p'].
1789488276.1666994 [INFO] [stuck_recovery-21]: sending signal 'SIGINT' to process[stuck_recovery-21]
1789488276.1895597 [INFO] [balanced_delivery_supervisor-20]: sending signal 'SIGINT' to process[balanced_delivery_supervisor-20]
1789488276.2130740 [INFO] [bump_counter-5]: sending signal 'SIGINT' to process[bump_counter-5]
1789488276.2267413 [ERROR] [balanced_delivery_supervisor-24]: process has died [pid 412, exit code -2, cmd '/home/ecem/sct_ws/install/leo_delivery/lib/leo_delivery/balanced_delivery_supervisor --ros-args -r __node:=robot_supervisor -r __ns:=/robot_2 --params-file /tmp/launch_params_bgos2xh8 --params-file /tmp/launch_params_grce1aa5 --params-file /tmp/launch_params_dzkf97gh --params-file /tmp/launch_params_qhi12kpu --params-file /tmp/launch_params_xqb1rfsj --params-file /tmp/launch_params_7_mu5xxx --params-file /tmp/launch_params_dq4sj0pu --params-file /tmp/launch_params_8qnivbfd --params-file /tmp/launch_params_rdcix65g -r cmd_vel:=cmd_vel_supervisor'].
1789488276.2363002 [INFO] [simulation_video_recorder-3]: sending signal 'SIGINT' to process[simulation_video_recorder-3]
1789488276.2370274 [ERROR] [stuck_recovery-23]: process has died [pid 383, exit code -2, cmd '/home/ecem/sct_ws/install/leo_image_processing/lib/leo_image_processing/stuck_recovery --ros-args -r __node:=stuck_recovery -r __ns:=/robot_1 --params-file /tmp/launch_params_isdr58i1 --params-file /tmp/launch_params_ncogq473 --params-file /tmp/launch_params_jv1i9awd --params-file /tmp/launch_params_2j31rwy2 --params-file /tmp/launch_params_nrmw41bf --params-file /tmp/launch_params_so1umtw9 --params-file /tmp/launch_params_q0sn3fnz --params-file /tmp/launch_params_ktsn1ujj --params-file /tmp/launch_params_hyu0mivc --params-file /tmp/launch_params_dckrb01a'].
1789488276.2433918 [ERROR] [balanced_delivery_supervisor-22]: process has died [pid 378, exit code -2, cmd '/home/ecem/sct_ws/install/leo_delivery/lib/leo_delivery/balanced_delivery_supervisor --ros-args -r __node:=robot_supervisor -r __ns:=/robot_1 --params-file /tmp/launch_params_rr2_6uex --params-file /tmp/launch_params_d3y2um1t --params-file /tmp/launch_params_ackr7r3b --params-file /tmp/launch_params_rwhsghy_ --params-file /tmp/launch_params_iz560i78 --params-file /tmp/launch_params_a6n7h778 --params-file /tmp/launch_params_ldpfjuxz --params-file /tmp/launch_params_d6vha0h6 --params-file /tmp/launch_params_kqk023yr -r cmd_vel:=cmd_vel_supervisor'].
1789488276.2531555 [INFO] [launch]: process[coverage_counter-4] was required: shutting down launched system
1789488276.2662578 [ERROR] [stuck_recovery-21]: process has died [pid 347, exit code -2, cmd '/home/ecem/sct_ws/install/leo_image_processing/lib/leo_image_processing/stuck_recovery --ros-args -r __node:=stuck_recovery -r __ns:=/robot_0 --params-file /tmp/launch_params__1zgc6h0 --params-file /tmp/launch_params_n8v81d0g --params-file /tmp/launch_params_44o2qk6i --params-file /tmp/launch_params_us7ix193 --params-file /tmp/launch_params_hb0u2azb --params-file /tmp/launch_params_s0_64bep --params-file /tmp/launch_params_36qvnyv3 --params-file /tmp/launch_params_bgc96rla --params-file /tmp/launch_params_qajgsue1 --params-file /tmp/launch_params_qd0j_7aj'].
1789488276.2813385 [ERROR] [balanced_delivery_supervisor-20]: process has died [pid 334, exit code -2, cmd '/home/ecem/sct_ws/install/leo_delivery/lib/leo_delivery/balanced_delivery_supervisor --ros-args -r __node:=robot_supervisor -r __ns:=/robot_0 --params-file /tmp/launch_params_1sgq68kw --params-file /tmp/launch_params_tky2605_ --params-file /tmp/launch_params_ivevljrl --params-file /tmp/launch_params_66mln15e --params-file /tmp/launch_params_m629xmm8 --params-file /tmp/launch_params_yrawkcgy --params-file /tmp/launch_params_j78zya5y --params-file /tmp/launch_params_glmzinhh --params-file /tmp/launch_params_n52sn905 -r cmd_vel:=cmd_vel_supervisor'].
1789488276.2818339 [ERROR] [bump_counter-5]: process has died [pid 49, exit code -2, cmd '/home/ecem/sct_ws/install/evaluation/lib/evaluation/bump_counter --ros-args -r __node:=bump_counter --params-file /tmp/launch_params_teol7j21 --params-file /tmp/launch_params_dkq2649u --params-file /tmp/launch_params_m879qb15 --params-file /tmp/launch_params_ohc5919j --params-file /tmp/launch_params_ifhgsmtw --params-file /tmp/launch_params_9q146k78 --params-file /tmp/launch_params_1y2znhdi --params-file /tmp/launch_params_5q1vv46x'].
1789488281.0844059 [ERROR] [simulation_video_recorder-3]: process[simulation_video_recorder-3] failed to terminate '5' seconds after receiving 'SIGINT', escalating to 'SIGTERM'
1789488281.0849922 [ERROR] [simulation_video_recorder-3]: process has died [pid 35, exit code -2, cmd '/home/ecem/sct_ws/install/evaluation/lib/evaluation/simulation_video_recorder --ros-args -r __node:=simulation_video_recorder --params-file /tmp/launch_params_9y7un1bu --params-file /tmp/launch_params_5gteg1kb --params-file /tmp/launch_params_h7tzv15m --params-file /tmp/launch_params_ttqzxcx9 --params-file /tmp/launch_params_d4jerqp4 --params-file /tmp/launch_params_vtiger47 --params-file /tmp/launch_params_doc_utsa'].
