1788359482.0758526 [INFO] [launch]: All log files can be found below /home/ecem/sct_ws/src/llm_sct/new_results/baseline/batch_logs/ros_patrolling/2026-09-02-16-31-22-075230-ecem-pc-216
1788359482.0759470 [INFO] [launch]: Default logging verbosity is set to INFO
1788359482.5273108 [INFO] [ign gazebo-1]: process started with pid [217]
1788359482.5276160 [INFO] [image_bridge-2]: process started with pid [219]
1788359482.5277481 [INFO] [simulation_video_recorder-3]: process started with pid [222]
1788359482.5278375 [INFO] [coverage_counter-4]: process started with pid [224]
1788359482.5279157 [INFO] [bump_counter-5]: process started with pid [226]
1788359482.5279975 [INFO] [parameter_bridge-6]: process started with pid [228]
1788359482.5280738 [INFO] [robot_state_publisher-7]: process started with pid [230]
1788359482.5281463 [INFO] [create-8]: process started with pid [232]
1788359482.5282149 [INFO] [static_transform_publisher-9]: process started with pid [234]
1788359482.5282836 [INFO] [image_bridge-10]: process started with pid [236]
1788359482.5283532 [INFO] [robot_state_publisher-11]: process started with pid [238]
1788359482.5284228 [INFO] [create-12]: process started with pid [240]
1788359482.5284903 [INFO] [static_transform_publisher-13]: process started with pid [242]
1788359482.5285952 [INFO] [image_bridge-14]: process started with pid [244]
1788359482.5286648 [INFO] [robot_state_publisher-15]: process started with pid [246]
1788359482.5287316 [INFO] [create-16]: process started with pid [248]
1788359482.5287995 [INFO] [static_transform_publisher-17]: process started with pid [250]
1788359482.5288622 [INFO] [image_bridge-18]: process started with pid [260]
1788359482.5289280 [INFO] [parameter_bridge-19]: process started with pid [263]
1788359482.5409646 [ERROR] [image_bridge-10]: process has died [pid 236, exit code -6, cmd '/opt/ros/humble/lib/ros_gz_image/image_bridge /robot_0/depth_camera/image --ros-args -r __node:=robot_0_rgb_image_bridge'].
1788359482.5434561 [ERROR] [parameter_bridge-6]: process has died [pid 228, exit code -6, cmd '/opt/ros/humble/lib/ros_gz_bridge/parameter_bridge /robot_0/cmd_vel@geometry_msgs/msg/Twist]ignition.msgs.Twist /robot_0/odom@nav_msgs/msg/Odometry[ignition.msgs.Odometry /robot_0/tf@tf2_msgs/msg/TFMessage[ignition.msgs.Pose_V /robot_0/joint_states@sensor_msgs/msg/JointState[ignition.msgs.Model /robot_0/depth_camera/depth_image@sensor_msgs/msg/Image[ignition.msgs.Image /robot_0/depth_camera/camera_info@sensor_msgs/msg/CameraInfo[ignition.msgs.CameraInfo /world/random_world/model/robot_0/link/robot_0/base_footprint/sensor/contact_sensor/contact@ros_gz_interfaces/msg/Contacts[ignition.msgs.Contacts /robot_1/cmd_vel@geometry_msgs/msg/Twist]ignition.msgs.Twist /robot_1/odom@nav_msgs/msg/Odometry[ignition.msgs.Odometry /robot_1/tf@tf2_msgs/msg/TFMessage[ignition.msgs.Pose_V /robot_1/joint_states@sensor_msgs/msg/JointState[ignition.msgs.Model /robot_1/depth_camera/depth_image@sensor_msgs/msg/Image[ignition.msgs.Image /robot_1/depth_camera/camera_info@sensor_msgs/msg/CameraInfo[ignition.msgs.CameraInfo /world/random_world/model/robot_1/link/robot_1/base_footprint/sensor/contact_sensor/contact@ros_gz_interfaces/msg/Contacts[ignition.msgs.Contacts /robot_2/cmd_vel@geometry_msgs/msg/Twist]ignition.msgs.Twist /robot_2/odom@nav_msgs/msg/Odometry[ignition.msgs.Odometry /robot_2/tf@tf2_msgs/msg/TFMessage[ignition.msgs.Pose_V /robot_2/joint_states@sensor_msgs/msg/JointState[ignition.msgs.Model /robot_2/depth_camera/depth_image@sensor_msgs/msg/Image[ignition.msgs.Image /robot_2/depth_camera/camera_info@sensor_msgs/msg/CameraInfo[ignition.msgs.CameraInfo /world/random_world/model/robot_2/link/robot_2/base_footprint/sensor/contact_sensor/contact@ros_gz_interfaces/msg/Contacts[ignition.msgs.Contacts /world/random_world/dynamic_pose/info@tf2_msgs/msg/TFMessage[ignition.msgs.Pose_V /world/random_world/create@ros_gz_interfaces/srv/SpawnEntity /world/random_world/remove@ros_gz_interfaces/srv/DeleteEntity /world/random_world/set_pose@ros_gz_interfaces/srv/SetEntityPose --ros-args -r __node:=all_robots_bridge --params-file /tmp/launch_params__6gcrljx -r /robot_0/tf:=/tf -r /robot_1/tf:=/tf -r /robot_2/tf:=/tf'].
1788359482.5447383 [ERROR] [image_bridge-14]: process has died [pid 244, exit code -6, cmd '/opt/ros/humble/lib/ros_gz_image/image_bridge /robot_1/depth_camera/image --ros-args -r __node:=robot_1_rgb_image_bridge'].
1788359482.5653894 [ERROR] [parameter_bridge-19]: process has died [pid 263, exit code -6, cmd '/opt/ros/humble/lib/ros_gz_bridge/parameter_bridge /clock@rosgraph_msgs/msg/Clock[ignition.msgs.Clock /world/random_world/set_pose@ros_gz_interfaces/srv/SetEntityPose --ros-args -r __node:=clock_bridge --params-file /tmp/launch_params_348nnh9q'].
1788359482.5711398 [ERROR] [image_bridge-18]: process has died [pid 260, exit code -6, cmd '/opt/ros/humble/lib/ros_gz_image/image_bridge /robot_2/depth_camera/image --ros-args -r __node:=robot_2_rgb_image_bridge'].
1788359482.6023359 [ERROR] [robot_state_publisher-15]: process has died [pid 246, exit code -6, cmd '/opt/ros/humble/lib/robot_state_publisher/robot_state_publisher --ros-args -r __ns:=/robot_2 --params-file /tmp/launch_params_sxhh6g_u -r joint_states:=/robot_2/joint_states -r tf:=/tf -r tf_static:=/tf_static'].
1788359482.6030293 [ERROR] [create-12]: process has died [pid 240, exit code -6, cmd '/opt/ros/humble/lib/ros_gz_sim/create -name robot_1 -x -1.1661920463418185 -y -1.0913349035019153 -z 0.1 -Y -2.253039207807835 -topic /robot_1/robot_description --ros-args -r __ns:=/robot_1'].
1788359482.6127565 [ERROR] [image_bridge-2]: process has died [pid 219, exit code -6, cmd '/opt/ros/humble/lib/ros_gz_image/image_bridge /top_view_camera/image --ros-args -r __node:=top_view_image_bridge'].
1788359482.6131899 [INFO] [robot_supervisor-20]: process started with pid [271]
1788359482.6132717 [INFO] [stuck_recovery-21]: process started with pid [273]
1788359482.6133273 [ERROR] [robot_state_publisher-11]: process has died [pid 238, exit code -6, cmd '/opt/ros/humble/lib/robot_state_publisher/robot_state_publisher --ros-args -r __ns:=/robot_1 --params-file /tmp/launch_params_5pe5di5q -r joint_states:=/robot_1/joint_states -r tf:=/tf -r tf_static:=/tf_static'].
1788359482.6217232 [ERROR] [create-8]: process has died [pid 232, exit code -6, cmd '/opt/ros/humble/lib/ros_gz_sim/create -name robot_0 -x 4.3393131976236585 -y 2.6636550475715977 -z 0.1 -Y -2.2443506132941815 -topic /robot_0/robot_description --ros-args -r __ns:=/robot_0'].
1788359482.6330357 [INFO] [robot_supervisor-22]: process started with pid [275]
1788359482.6332316 [INFO] [stuck_recovery-23]: process started with pid [277]
1788359482.6359453 [ERROR] [static_transform_publisher-17]: process has died [pid 250, exit code -6, cmd '/opt/ros/humble/lib/tf2_ros/static_transform_publisher -3.2954629125861064 -0.8414109339104097 0.0 -2.9206184030016655 0.0 0.0 odom robot_2/odom --ros-args -r __node:=robot_2_spawn_offset_tf'].
1788359482.6373818 [ERROR] [static_transform_publisher-9]: process has died [pid 234, exit code -6, cmd '/opt/ros/humble/lib/tf2_ros/static_transform_publisher 4.3393131976236585 2.6636550475715977 0.0 -2.2443506132941815 0.0 0.0 odom robot_0/odom --ros-args -r __node:=robot_0_spawn_offset_tf'].
1788359482.6385200 [ERROR] [robot_state_publisher-7]: process has died [pid 230, exit code -6, cmd '/opt/ros/humble/lib/robot_state_publisher/robot_state_publisher --ros-args -r __ns:=/robot_0 --params-file /tmp/launch_params_huzyunrt -r joint_states:=/robot_0/joint_states -r tf:=/tf -r tf_static:=/tf_static'].
1788359482.6392996 [ERROR] [static_transform_publisher-13]: process has died [pid 242, exit code -6, cmd '/opt/ros/humble/lib/tf2_ros/static_transform_publisher -1.1661920463418185 -1.0913349035019153 0.0 -2.253039207807835 0.0 0.0 odom robot_1/odom --ros-args -r __node:=robot_1_spawn_offset_tf'].
1788359482.6454620 [ERROR] [create-16]: process has died [pid 248, exit code -6, cmd '/opt/ros/humble/lib/ros_gz_sim/create -name robot_2 -x -3.2954629125861064 -y -0.8414109339104097 -z 0.1 -Y -2.9206184030016655 -topic /robot_2/robot_description --ros-args -r __ns:=/robot_2'].
1788359482.6532063 [INFO] [robot_supervisor-24]: process started with pid [279]
1788359482.6533248 [INFO] [stuck_recovery-25]: process started with pid [281]
1788359482.6966403 [ERROR] [ign gazebo-1]: process has died [pid 217, exit code 255, cmd 'ruby /usr/bin/ign gazebo /tmp/leo_patrolling_no_overhead_camera_j8jwbc9x.sdf -s --headless-rendering -r --force-version 6'].
1788359482.6971810 [INFO] [launch]: process[ign gazebo-1] was required: shutting down launched system
1788359482.7048588 [INFO] [stuck_recovery-25]: sending signal 'SIGINT' to process[stuck_recovery-25]
1788359482.7082984 [INFO] [robot_supervisor-24]: sending signal 'SIGINT' to process[robot_supervisor-24]
1788359482.7115574 [INFO] [stuck_recovery-23]: sending signal 'SIGINT' to process[stuck_recovery-23]
1788359482.7139325 [INFO] [robot_supervisor-22]: sending signal 'SIGINT' to process[robot_supervisor-22]
1788359482.7157340 [ERROR] [stuck_recovery-25]: process has died [pid 281, exit code -2, cmd '/home/ecem/sct_ws/install/leo_image_processing/lib/leo_image_processing/stuck_recovery --ros-args -r __node:=stuck_recovery -r __ns:=/robot_2 --params-file /tmp/launch_params_l8z8r_6n --params-file /tmp/launch_params_rwqcnvrq --params-file /tmp/launch_params_h9d1ys1q --params-file /tmp/launch_params_u65958q3 --params-file /tmp/launch_params__5f7wfii --params-file /tmp/launch_params_b7fg1a0z --params-file /tmp/launch_params_36qdrfmf --params-file /tmp/launch_params_d7l260e2 --params-file /tmp/launch_params_ai8ap4bv --params-file /tmp/launch_params_qmci1656 --params-file /tmp/launch_params__ggd47ui'].
1788359482.7161846 [INFO] [stuck_recovery-21]: sending signal 'SIGINT' to process[stuck_recovery-21]
1788359482.7182014 [INFO] [robot_supervisor-20]: sending signal 'SIGINT' to process[robot_supervisor-20]
1788359482.7211320 [INFO] [bump_counter-5]: sending signal 'SIGINT' to process[bump_counter-5]
1788359482.7233751 [INFO] [coverage_counter-4]: sending signal 'SIGINT' to process[coverage_counter-4]
1788359482.7255299 [INFO] [simulation_video_recorder-3]: sending signal 'SIGINT' to process[simulation_video_recorder-3]
1788359482.7258892 [ERROR] [robot_supervisor-24]: process has died [pid 279, exit code -2, cmd '/home/ecem/sct_ws/install/leo_patrolling/lib/leo_patrolling/robot_supervisor --ros-args -r __node:=robot_supervisor -r __ns:=/robot_2 --params-file /tmp/launch_params_j4_usxs4 --params-file /tmp/launch_params_ewki40wr --params-file /tmp/launch_params_az5qv_kp --params-file /tmp/launch_params_g22h4qw2 --params-file /tmp/launch_params_52_r8cbg --params-file /tmp/launch_params_hykjtz6f --params-file /tmp/launch_params_5nm4crr7 --params-file /tmp/launch_params_fx8nfdhy --params-file /tmp/launch_params_q0s5ed28 -r cmd_vel:=cmd_vel_supervisor'].
1788359482.7266257 [ERROR] [robot_supervisor-22]: process has died [pid 275, exit code -2, cmd '/home/ecem/sct_ws/install/leo_patrolling/lib/leo_patrolling/robot_supervisor --ros-args -r __node:=robot_supervisor -r __ns:=/robot_0 --params-file /tmp/launch_params_oj5fk9vz --params-file /tmp/launch_params_nhvrk5_y --params-file /tmp/launch_params_cqt3f8qm --params-file /tmp/launch_params_ie9dfubs --params-file /tmp/launch_params_gctgkj8t --params-file /tmp/launch_params_fp3_384h --params-file /tmp/launch_params_t9u_9fv9 --params-file /tmp/launch_params_vif9thl4 --params-file /tmp/launch_params_q9nfln16 -r cmd_vel:=cmd_vel_supervisor'].
1788359482.7267277 [ERROR] [stuck_recovery-23]: process has died [pid 277, exit code -2, cmd '/home/ecem/sct_ws/install/leo_image_processing/lib/leo_image_processing/stuck_recovery --ros-args -r __node:=stuck_recovery -r __ns:=/robot_0 --params-file /tmp/launch_params_izstr95g --params-file /tmp/launch_params_7jexarye --params-file /tmp/launch_params_2j7p37al --params-file /tmp/launch_params_gdzcpi26 --params-file /tmp/launch_params_jux9ek2d --params-file /tmp/launch_params_45n_ax7c --params-file /tmp/launch_params_3_ymeo6u --params-file /tmp/launch_params_5hsd213e --params-file /tmp/launch_params_vs8_jozc --params-file /tmp/launch_params_lnol_qhf --params-file /tmp/launch_params_41h3memx'].
1788359482.7376735 [ERROR] [coverage_counter-4]: process has died [pid 224, exit code 1, cmd '/home/ecem/sct_ws/install/evaluation/lib/evaluation/coverage_counter --ros-args -r __node:=coverage_counter --params-file /tmp/launch_params_287vw0w8 --params-file /tmp/launch_params_pnwrurql --params-file /tmp/launch_params_296rv98t --params-file /tmp/launch_params_kfmff9rr --params-file /tmp/launch_params_8nofr5i7 --params-file /tmp/launch_params_9yshsus9 --params-file /tmp/launch_params_r4errxrw --params-file /tmp/launch_params_tsmoi4xv --params-file /tmp/launch_params_84c5nabn --params-file /tmp/launch_params_naq2757p'].
1788359482.7380655 [INFO] [launch]: process[coverage_counter-4] was required: shutting down launched system
1788359482.7382214 [ERROR] [bump_counter-5]: process has died [pid 226, exit code -2, cmd '/home/ecem/sct_ws/install/evaluation/lib/evaluation/bump_counter --ros-args -r __node:=bump_counter --params-file /tmp/launch_params_6emtiftd --params-file /tmp/launch_params_jle8sb60 --params-file /tmp/launch_params_7q5d5bme --params-file /tmp/launch_params_rf4zfptv --params-file /tmp/launch_params_5q_wyw5m --params-file /tmp/launch_params_dvuupf3a --params-file /tmp/launch_params_tu6_em0i --params-file /tmp/launch_params_1ezu7mp1'].
1788359482.7388668 [ERROR] [robot_supervisor-20]: process has died [pid 271, exit code -2, cmd '/home/ecem/sct_ws/install/leo_patrolling/lib/leo_patrolling/robot_supervisor --ros-args -r __node:=robot_supervisor -r __ns:=/robot_1 --params-file /tmp/launch_params_98mklrnm --params-file /tmp/launch_params_cyoc2l01 --params-file /tmp/launch_params_3a2x2ciw --params-file /tmp/launch_params_8lbgwjx9 --params-file /tmp/launch_params_v_6u48b2 --params-file /tmp/launch_params_ziv50p7b --params-file /tmp/launch_params_bhm_sxpk --params-file /tmp/launch_params_cdm6nw1u --params-file /tmp/launch_params_l3wi5quo -r cmd_vel:=cmd_vel_supervisor'].
1788359482.7468643 [ERROR] [stuck_recovery-21]: process has died [pid 273, exit code -2, cmd '/home/ecem/sct_ws/install/leo_image_processing/lib/leo_image_processing/stuck_recovery --ros-args -r __node:=stuck_recovery -r __ns:=/robot_1 --params-file /tmp/launch_params_zm5k0a05 --params-file /tmp/launch_params_1j0of6on --params-file /tmp/launch_params_5fr_c34t --params-file /tmp/launch_params_xzbvq3i1 --params-file /tmp/launch_params_yhhdbfmn --params-file /tmp/launch_params_t7vqz4at --params-file /tmp/launch_params_iqq63es8 --params-file /tmp/launch_params_d0y3u60w --params-file /tmp/launch_params_4r_jrgt3 --params-file /tmp/launch_params_xx2jks9x --params-file /tmp/launch_params_rmor3z35'].
1788359487.7103460 [ERROR] [simulation_video_recorder-3]: process[simulation_video_recorder-3] failed to terminate '5' seconds after receiving 'SIGINT', escalating to 'SIGTERM'
1788359487.7111418 [ERROR] [simulation_video_recorder-3]: process has died [pid 222, exit code 1, cmd '/home/ecem/sct_ws/install/evaluation/lib/evaluation/simulation_video_recorder --ros-args -r __node:=simulation_video_recorder --params-file /tmp/launch_params_4ysnel0q --params-file /tmp/launch_params_i1qjqti2 --params-file /tmp/launch_params_p9ffmn11 --params-file /tmp/launch_params_ufd0e388 --params-file /tmp/launch_params_43zwitzp --params-file /tmp/launch_params_obha49jy --params-file /tmp/launch_params_dv7fog3v'].
