[INFO] [1789488315.634230478] [robot_0.robot_supervisor]: Loaded initial mission 'balanced_delivery' from explicit YAML supervisor.yaml
[INFO] [1789488315.883816707] [robot_0.robot_supervisor]: Selected controllable event: EV_move_forward
[INFO] [1789488316.110497782] [robot_0.robot_supervisor]: Selected controllable event: EV_move_forward
[INFO] [1789488316.333747583] [robot_0.robot_supervisor]: Selected controllable event: EV_move_forward
[INFO] [1789488316.552695177] [robot_0.robot_supervisor]: Selected controllable event: EV_search_object
[INFO] [1789488316.729724657] [robot_0.robot_supervisor]: Selected controllable event: EV_move_forward
[INFO] [1789488317.019908659] [robot_0.robot_supervisor]: Selected controllable event: EV_search_object
[INFO] [1789488317.125863540] [robot_0.robot_supervisor]: Selected controllable event: EV_search_object
[INFO] [1789488317.231918061] [robot_0.robot_supervisor]: Selected controllable event: EV_search_object
[INFO] [1789488317.412322622] [robot_0.robot_supervisor]: Selected controllable event: EV_move_forward
[INFO] [1789488317.708636273] [robot_0.robot_supervisor]: Selected controllable event: EV_move_forward
[INFO] [1789488318.008465056] [robot_0.robot_supervisor]: Selected controllable event: EV_move_forward
[INFO] [1789488318.310820983] [robot_0.robot_supervisor]: Selected controllable event: EV_search_object
[INFO] [1789488318.510389307] [robot_0.robot_supervisor]: Selected controllable event: EV_move_forward
[INFO] [1789488318.711931361] [robot_0.robot_supervisor]: Selected controllable event: EV_move_forward
[INFO] [1789488319.013810271] [robot_0.robot_supervisor]: Selected controllable event: EV_move_forward
[INFO] [1789488319.323566914] [robot_0.robot_supervisor]: Selected controllable event: EV_move_forward
[INFO] [1789488319.610573111] [robot_0.robot_supervisor]: Selected controllable event: EV_search_object
[INFO] [1789488319.808378942] [robot_0.robot_supervisor]: Selected controllable event: EV_move_forward
[INFO] [1789488320.109451181] [robot_0.robot_supervisor]: Selected controllable event: EV_move_forward
[INFO] [1789488320.310894381] [robot_0.robot_supervisor]: Selected controllable event: EV_search_object
[INFO] [1789488320.510311280] [robot_0.robot_supervisor]: Selected controllable event: EV_search_object
[INFO] [1789488320.717941826] [robot_0.robot_supervisor]: Selected controllable event: EV_move_forward
[INFO] [1789488321.008707126] [robot_0.robot_supervisor]: Selected controllable event: EV_search_object
[INFO] [1789488321.209262050] [robot_0.robot_supervisor]: Selected controllable event: EV_move_forward
[INFO] [1789488321.518207887] [robot_0.robot_supervisor]: Triggered uncontrollable event: EV_obstacle_left
[INFO] [1789488321.520422960] [robot_0.robot_supervisor]: Triggered uncontrollable event: EV_object_not_visible
[INFO] [1789488321.534562830] [robot_0.robot_supervisor]: Selected controllable event: EV_rotate_clockwise
[WARN] [1789488321.536783971] [robot_0.robot_supervisor]: no translation for 5.7s livelock detected; starting atomic escape (turn_sign=-1)
[INFO] [1789488324.022143742] [robot_0.robot_supervisor]: Zone-livelock escape completed
[INFO] [1789488324.317424845] [robot_0.robot_supervisor]: Triggered uncontrollable event: EV_object_not_visible
[INFO] [1789488324.342982236] [robot_0.robot_supervisor]: Selected controllable event: EV_search_object
[INFO] [1789488324.524400143] [robot_0.robot_supervisor]: Selected controllable event: EV_move_forward
[INFO] [1789488324.831567299] [robot_0.robot_supervisor]: Triggered uncontrollable event: EV_object_not_visible
[INFO] [1789488324.838898829] [robot_0.robot_supervisor]: Selected controllable event: EV_search_object
[INFO] [1789488325.014236618] [robot_0.robot_supervisor]: Selected controllable event: EV_move_forward
[INFO] [1789488325.225623769] [robot_0.robot_supervisor]: Selected controllable event: EV_move_forward
[INFO] [1789488325.529925185] [robot_0.robot_supervisor]: Triggered uncontrollable event: EV_object_not_visible
[INFO] [1789488325.538023728] [robot_0.robot_supervisor]: Selected controllable event: EV_move_forward
[INFO] [1789488325.834552219] [robot_0.robot_supervisor]: Selected controllable event: EV_move_forward
[INFO] [1789488326.127171309] [robot_0.robot_supervisor]: Selected controllable event: EV_move_forward
[INFO] [1789488326.345580567] [robot_0.robot_supervisor]: Selected controllable event: EV_search_object
[INFO] [1789488326.528910699] [robot_0.robot_supervisor]: Triggered uncontrollable event: EV_object_not_visible
[INFO] [1789488326.538426220] [robot_0.robot_supervisor]: Selected controllable event: EV_search_object
[INFO] [1789488326.740144978] [robot_0.robot_supervisor]: Selected controllable event: EV_move_forward
[INFO] [1789488327.016419876] [robot_0.robot_supervisor]: Selected controllable event: EV_move_forward
[INFO] [1789488327.351292933] [robot_0.robot_supervisor]: Selected controllable event: EV_search_object
[INFO] [1789488327.545258482] [robot_0.robot_supervisor]: Triggered uncontrollable event: EV_object_not_visible
[INFO] [1789488327.546376155] [robot_0.robot_supervisor]: Selected controllable event: EV_move_forward
[INFO] [1789488327.754626804] [robot_0.robot_supervisor]: Selected controllable event: EV_move_forward
[INFO] [1789488328.035540058] [robot_0.robot_supervisor]: Selected controllable event: EV_move_forward
[INFO] [1789488328.357390799] [robot_0.robot_supervisor]: Selected controllable event: EV_search_object
[INFO] [1789488328.527504286] [robot_0.robot_supervisor]: Triggered uncontrollable event: EV_object_not_visible
[INFO] [1789488328.531641602] [robot_0.robot_supervisor]: Selected controllable event: EV_search_object
[INFO] [1789488328.736806319] [robot_0.robot_supervisor]: Selected controllable event: EV_move_forward
[INFO] [1789488329.023468557] [robot_0.robot_supervisor]: Selected controllable event: EV_move_forward
[INFO] [1789488329.231212928] [robot_0.robot_supervisor]: Selected controllable event: EV_search_object
[INFO] [1789488329.345035843] [robot_0.robot_supervisor]: Selected controllable event: EV_move_forward
[INFO] [1789488329.634789529] [robot_0.robot_supervisor]: Triggered uncontrollable event: EV_object_not_visible
[INFO] [1789488329.649801669] [robot_0.robot_supervisor]: Selected controllable event: EV_move_forward
[INFO] [1789488329.918776699] [robot_0.robot_supervisor]: Selected controllable event: EV_move_forward
[INFO] [1789488330.133244280] [robot_0.robot_supervisor]: Selected controllable event: EV_move_forward
[INFO] [1789488330.422943761] [robot_0.robot_supervisor]: Selected controllable event: EV_search_object
[INFO] [1789488330.635140307] [robot_0.robot_supervisor]: Triggered uncontrollable event: EV_object_not_visible
[INFO] [1789488330.636253903] [robot_0.robot_supervisor]: Selected controllable event: EV_search_object
[INFO] [1789488330.819797395] [robot_0.robot_supervisor]: Selected controllable event: EV_move_forward
[INFO] [1789488331.031804643] [robot_0.robot_supervisor]: Selected controllable event: EV_search_object
[INFO] [1789488331.231932815] [robot_0.robot_supervisor]: Selected controllable event: EV_move_forward
[INFO] [1789488331.530994101] [robot_0.robot_supervisor]: Triggered uncontrollable event: EV_object_not_visible
[INFO] [1789488331.538296366] [robot_0.robot_supervisor]: Selected controllable event: EV_move_forward
[INFO] [1789488331.838019397] [robot_0.robot_supervisor]: Selected controllable event: EV_move_forward
[INFO] [1789488332.052203813] [robot_0.robot_supervisor]: Selected controllable event: EV_move_forward
[INFO] [1789488332.345681207] [robot_0.robot_supervisor]: Triggered uncontrollable event: EV_obstacle_left
[INFO] [1789488332.351791809] [robot_0.robot_supervisor]: Triggered uncontrollable event: EV_object_not_visible
[INFO] [1789488332.368882331] [robot_0.robot_supervisor]: Selected controllable event: EV_rotate_clockwise
[INFO] [1789488332.530804148] [robot_0.robot_supervisor]: Triggered uncontrollable event: EV_obstacle_left
[INFO] [1789488332.531992692] [robot_0.robot_supervisor]: Selected controllable event: EV_rotate_clockwise
[INFO] [1789488332.744836391] [robot_0.robot_supervisor]: Triggered uncontrollable event: EV_obstacle_left
[INFO] [1789488332.750501164] [robot_0.robot_supervisor]: Selected controllable event: EV_rotate_clockwise
[INFO] [1789488332.929703173] [robot_0.robot_supervisor]: Triggered uncontrollable event: EV_obstacle_left
[INFO] [1789488332.944821923] [robot_0.robot_supervisor]: Selected controllable event: EV_u_turn
[INFO] [1789488332.955255525] [robot_0.robot_supervisor]: Starting FULL ROTATE (omega=1.000, have_odom=True, target_rad=3.142, timeout_s=3.500)
[INFO] [1789488336.545258095] [robot_0.robot_supervisor]: FULL ROTATE completed by timeout
[INFO] [1789488336.741180129] [robot_0.robot_supervisor]: Triggered uncontrollable event: EV_obstacle_left
[INFO] [1789488336.742057238] [robot_0.robot_supervisor]: Triggered uncontrollable event: EV_object_not_visible
[INFO] [1789488336.752875749] [robot_0.robot_supervisor]: Selected controllable event: EV_u_turn
[INFO] [1789488336.809109903] [robot_0.robot_supervisor]: Triggered uncontrollable event: EV_obstacle_left
[INFO] [1789488336.829832003] [robot_0.robot_supervisor]: Selected controllable event: EV_u_turn
[INFO] [1789488336.912996686] [robot_0.robot_supervisor]: Triggered uncontrollable event: EV_obstacle_left
[INFO] [1789488336.930766549] [robot_0.robot_supervisor]: Selected controllable event: EV_u_turn
[INFO] [1789488337.033875405] [robot_0.robot_supervisor]: Triggered uncontrollable event: EV_obstacle_left
[INFO] [1789488337.061198317] [robot_0.robot_supervisor]: Selected controllable event: EV_rotate_clockwise
[WARN] [1789488337.062269910] [robot_0.robot_supervisor]: no translation for 5.2s livelock detected; starting atomic escape (turn_sign=-1)
[INFO] [1789488339.527620681] [robot_0.robot_supervisor]: Zone-livelock escape completed
[INFO] [1789488339.837849830] [robot_0.robot_supervisor]: Triggered uncontrollable event: EV_obstacle_left
[INFO] [1789488339.838586818] [robot_0.robot_supervisor]: Triggered uncontrollable event: EV_object_not_visible
[INFO] [1789488339.854887181] [robot_0.robot_supervisor]: Selected controllable event: EV_u_turn
[INFO] [1789488339.855825381] [robot_0.robot_supervisor]: Starting FULL ROTATE (omega=1.000, have_odom=True, target_rad=3.142, timeout_s=3.500)
[INFO] [1789488343.445608449] [robot_0.robot_supervisor]: FULL ROTATE completed by timeout
[INFO] [1789488343.642995390] [robot_0.robot_supervisor]: Triggered uncontrollable event: EV_object_not_visible
[INFO] [1789488343.648344306] [robot_0.robot_supervisor]: Selected controllable event: EV_search_object
[INFO] [1789488343.847278491] [robot_0.robot_supervisor]: Selected controllable event: EV_move_forward
[INFO] [1789488344.147988981] [robot_0.robot_supervisor]: Selected controllable event: EV_move_forward
[INFO] [1789488344.431480331] [robot_0.robot_supervisor]: Triggered uncontrollable event: EV_obstacle_right
[INFO] [1789488344.432647854] [robot_0.robot_supervisor]: Triggered uncontrollable event: EV_object_not_visible
[INFO] [1789488344.442731544] [robot_0.robot_supervisor]: Selected controllable event: EV_rotate_counterclockwise
[INFO] [1789488344.635529252] [robot_0.robot_supervisor]: Triggered uncontrollable event: EV_obstacle_right
[INFO] [1789488344.636694394] [robot_0.robot_supervisor]: Selected controllable event: EV_rotate_counterclockwise
[INFO] [1789488344.827261330] [robot_0.robot_supervisor]: Triggered uncontrollable event: EV_obstacle_right
[INFO] [1789488344.828424297] [robot_0.robot_supervisor]: Selected controllable event: EV_rotate_counterclockwise
[INFO] [1789488345.025262821] [robot_0.robot_supervisor]: Triggered uncontrollable event: EV_obstacle_right
[INFO] [1789488345.042417329] [robot_0.robot_supervisor]: Selected controllable event: EV_u_turn
[INFO] [1789488345.151126349] [robot_0.robot_supervisor]: Triggered uncontrollable event: EV_obstacle_right
[INFO] [1789488345.152161716] [robot_0.robot_supervisor]: Selected controllable event: EV_rotate_counterclockwise
[INFO] [1789488345.334861857] [robot_0.robot_supervisor]: Triggered uncontrollable event: EV_obstacle_right
[INFO] [1789488345.335676911] [robot_0.robot_supervisor]: Selected controllable event: EV_rotate_counterclockwise
[INFO] [1789488345.448796273] [robot_0.robot_supervisor]: Triggered uncontrollable event: EV_obstacle_right
[INFO] [1789488345.466695585] [robot_0.robot_supervisor]: Selected controllable event: EV_rotate_counterclockwise
[INFO] [1789488345.639008458] [robot_0.robot_supervisor]: Triggered uncontrollable event: EV_obstacle_right
[INFO] [1789488345.639782667] [robot_0.robot_supervisor]: Triggered uncontrollable event: EV_object_not_visible
[INFO] [1789488345.654986917] [robot_0.robot_supervisor]: Selected controllable event: EV_rotate_counterclockwise
[INFO] [1789488345.838492114] [robot_0.robot_supervisor]: Triggered uncontrollable event: EV_obstacle_right
[INFO] [1789488345.839588856] [robot_0.robot_supervisor]: Selected controllable event: EV_rotate_counterclockwise
[INFO] [1789488346.035921095] [robot_0.robot_supervisor]: Triggered uncontrollable event: EV_obstacle_right
[INFO] [1789488346.036976605] [robot_0.robot_supervisor]: Selected controllable event: EV_rotate_counterclockwise
[INFO] [1789488346.246568682] [robot_0.robot_supervisor]: Triggered uncontrollable event: EV_obstacle_right
[INFO] [1789488346.247503553] [robot_0.robot_supervisor]: Selected controllable event: EV_rotate_counterclockwise
[INFO] [1789488346.414978913] [robot_0.robot_supervisor]: Triggered uncontrollable event: EV_obstacle_right
[INFO] [1789488346.434772716] [robot_0.robot_supervisor]: Selected controllable event: EV_u_turn
[INFO] [1789488346.443628550] [robot_0.robot_supervisor]: Starting FULL ROTATE (omega=1.000, have_odom=True, target_rad=3.142, timeout_s=3.500)
[INFO] [1789488350.045686902] [robot_0.robot_supervisor]: FULL ROTATE completed by timeout
[INFO] [1789488350.340399134] [robot_0.robot_supervisor]: ############################# VISIBLE: EV_object_visible #############################
[INFO] [1789488350.341748490] [robot_0.robot_supervisor]: Selected controllable event: EV_approach_object
[INFO] [1789488350.632398959] [robot_0.robot_supervisor]: ############################# VISIBLE: EV_object_visible #############################
[INFO] [1789488350.648202940] [robot_0.robot_supervisor]: Selected controllable event: EV_move_forward
[INFO] [1789488350.953063477] [robot_0.robot_supervisor]: Selected controllable event: EV_approach_object
[INFO] [1789488351.213791017] [robot_0.robot_supervisor]: Selected controllable event: EV_approach_object
[INFO] [1789488351.529144219] [robot_0.robot_supervisor]: ############################# VISIBLE: EV_object_visible #############################
[INFO] [1789488351.533472086] [robot_0.robot_supervisor]: Selected controllable event: EV_approach_object
[INFO] [1789488351.751078469] [robot_0.robot_supervisor]: Selected controllable event: EV_approach_object
[INFO] [1789488352.035978892] [robot_0.robot_supervisor]: Selected controllable event: EV_move_forward
[INFO] [1789488352.312749014] [robot_0.robot_supervisor]: Selected controllable event: EV_move_forward
[INFO] [1789488352.552546133] [robot_0.robot_supervisor]: Selected controllable event: EV_approach_object
[INFO] [1789488352.844733237] [robot_0.robot_supervisor]: ############################# VISIBLE: EV_object_visible #############################
[INFO] [1789488352.845878807] [robot_0.robot_supervisor]: Selected controllable event: EV_approach_object
[INFO] [1789488353.111772214] [robot_0.robot_supervisor]: Selected controllable event: EV_approach_object
[INFO] [1789488353.342972110] [robot_0.robot_supervisor]: Selected controllable event: EV_approach_object
[INFO] [1789488353.634682698] [robot_0.robot_supervisor]: ############################# VISIBLE: EV_object_visible #############################
[INFO] [1789488353.639079291] [robot_0.robot_supervisor]: Selected controllable event: EV_approach_object
[INFO] [1789488353.939161384] [robot_0.robot_supervisor]: Selected controllable event: EV_approach_object
[INFO] [1789488354.241036887] [robot_0.robot_supervisor]: Selected controllable event: EV_approach_object
[INFO] [1789488354.545381154] [robot_0.robot_supervisor]: Selected controllable event: EV_approach_object
[INFO] [1789488354.813434060] [robot_0.robot_supervisor]: ############################# VISIBLE: EV_object_visible #############################
[INFO] [1789488354.814499989] [robot_0.robot_supervisor]: Selected controllable event: EV_move_forward
[INFO] [1789488355.041170412] [robot_0.robot_supervisor]: Selected controllable event: EV_move_forward
[INFO] [1789488355.343164632] [robot_0.robot_supervisor]: Selected controllable event: EV_approach_object
[INFO] [1789488355.636776934] [robot_0.robot_supervisor]: ############################# VISIBLE: EV_object_visible #############################
[INFO] [1789488355.644947080] [robot_0.robot_supervisor]: Selected controllable event: EV_move_forward
[INFO] [1789488355.936701566] [robot_0.robot_supervisor]: Selected controllable event: EV_approach_object
[INFO] [1789488356.240140941] [robot_0.robot_supervisor]: Selected controllable event: EV_approach_object
[INFO] [1789488356.541638728] [robot_0.robot_supervisor]: ############################# VISIBLE: EV_object_visible #############################
[INFO] [1789488356.554054090] [robot_0.robot_supervisor]: Selected controllable event: EV_move_forward
[INFO] [1789488356.840836856] [robot_0.robot_supervisor]: Selected controllable event: EV_approach_object
[INFO] [1789488357.152427527] [robot_0.robot_supervisor]: Selected controllable event: EV_approach_object
[INFO] [1789488357.446043575] [robot_0.robot_supervisor]: Selected controllable event: EV_approach_object
[INFO] [1789488357.735938518] [robot_0.robot_supervisor]: ############################# VISIBLE: EV_object_visible #############################
[INFO] [1789488357.743231372] [robot_0.robot_supervisor]: Selected controllable event: EV_move_forward
[INFO] [1789488358.024061990] [robot_0.robot_supervisor]: Selected controllable event: EV_approach_object
[INFO] [1789488358.309260454] [robot_0.robot_supervisor]: Selected controllable event: EV_approach_object
[INFO] [1789488358.519913949] [robot_0.robot_supervisor]: ############################# VISIBLE: EV_object_visible #############################
[INFO] [1789488358.534566502] [robot_0.robot_supervisor]: Selected controllable event: EV_move_forward
[INFO] [1789488358.743538341] [robot_0.robot_supervisor]: Selected controllable event: EV_approach_object
[INFO] [1789488359.022297199] [robot_0.robot_supervisor]: Selected controllable event: EV_approach_object
[INFO] [1789488359.241874454] [robot_0.robot_supervisor]: Selected controllable event: EV_approach_object
[INFO] [1789488359.536779343] [robot_0.robot_supervisor]: ############################# VISIBLE: EV_object_visible #############################
[INFO] [1789488359.537933338] [robot_0.robot_supervisor]: Selected controllable event: EV_move_forward
[INFO] [1789488359.840826540] [robot_0.robot_supervisor]: Selected controllable event: EV_move_forward
[INFO] [1789488360.137567141] [robot_0.robot_supervisor]: Selected controllable event: EV_move_forward
[INFO] [1789488360.423112973] [robot_0.robot_supervisor]: ############################# VISIBLE: EV_object_visible #############################
[INFO] [1789488360.424137784] [robot_0.robot_supervisor]: Selected controllable event: EV_move_forward
[INFO] [1789488360.629653445] [robot_0.robot_supervisor]: Selected controllable event: EV_approach_object
[INFO] [1789488360.963432291] [robot_0.robot_supervisor]: Selected controllable event: EV_move_forward
[INFO] [1789488361.233544289] [robot_0.robot_supervisor]: ############################# REACHED: EV_object_reached #############################
[INFO] [1789488361.246701015] [robot_0.robot_supervisor]: Selected controllable event: EV_pick_up_object
[INFO] [1789488361.297550576] [robot_0.robot_supervisor]: Cargo 'robot_0_carried_generic_box' placed on robot.
[INFO] [1789488361.518306843] [robot_0.robot_supervisor]: Selected controllable event: EV_move_forward
[INFO] [1789488361.746198187] [robot_0.robot_supervisor]: Selected controllable event: EV_move_forward
[INFO] [1789488362.022886554] [robot_0.robot_supervisor]: Selected controllable event: EV_move_forward
[INFO] [1789488362.264570188] [robot_0.robot_supervisor]: Selected controllable event: EV_move_forward
[INFO] [1789488362.515888916] [robot_0.robot_supervisor]: Triggered uncontrollable event: EV_zone_a_visible
[INFO] [1789488362.516654346] [robot_0.robot_supervisor]: Triggered uncontrollable event: EV_zone_b_not_visible
[INFO] [1789488362.532723247] [robot_0.robot_supervisor]: Selected controllable event: EV_move_forward
[INFO] [1789488362.843526109] [robot_0.robot_supervisor]: Selected controllable event: EV_move_forward
[INFO] [1789488363.121352736] [robot_0.robot_supervisor]: Selected controllable event: EV_approach_zone
[INFO] [1789488363.353413317] [robot_0.robot_supervisor]: Selected controllable event: EV_move_forward
[INFO] [1789488363.629654592] [robot_0.robot_supervisor]: Triggered uncontrollable event: EV_zone_a_visible
[INFO] [1789488363.630462299] [robot_0.robot_supervisor]: Triggered uncontrollable event: EV_zone_b_not_visible
[INFO] [1789488363.631489204] [robot_0.robot_supervisor]: Selected controllable event: EV_approach_zone
[INFO] [1789488363.930760043] [robot_0.robot_supervisor]: Selected controllable event: EV_approach_zone
[INFO] [1789488364.220639421] [robot_0.robot_supervisor]: Selected controllable event: EV_move_forward
[INFO] [1789488364.554437591] [robot_0.robot_supervisor]: Triggered uncontrollable event: EV_zone_a_visible
[INFO] [1789488364.566341715] [robot_0.robot_supervisor]: Triggered uncontrollable event: EV_zone_b_not_visible
[INFO] [1789488364.567407151] [robot_0.robot_supervisor]: Selected controllable event: EV_move_forward
[INFO] [1789488364.829590784] [robot_0.robot_supervisor]: Selected controllable event: EV_approach_zone
[INFO] [1789488365.049509327] [robot_0.robot_supervisor]: Selected controllable event: EV_approach_zone
[INFO] [1789488365.333437951] [robot_0.robot_supervisor]: Selected controllable event: EV_approach_zone
[INFO] [1789488365.630723788] [robot_0.robot_supervisor]: Triggered uncontrollable event: EV_zone_a_visible
[INFO] [1789488365.631509621] [robot_0.robot_supervisor]: Triggered uncontrollable event: EV_zone_b_not_visible
[INFO] [1789488365.650721200] [robot_0.robot_supervisor]: Selected controllable event: EV_move_forward
[INFO] [1789488365.947141225] [robot_0.robot_supervisor]: Selected controllable event: EV_move_forward
[INFO] [1789488366.239166893] [robot_0.robot_supervisor]: Selected controllable event: EV_move_forward
[INFO] [1789488366.544130737] [robot_0.robot_supervisor]: Triggered uncontrollable event: EV_zone_a_visible
[INFO] [1789488366.545073525] [robot_0.robot_supervisor]: Selected controllable event: EV_move_forward
[INFO] [1789488366.811624831] [robot_0.robot_supervisor]: Triggered uncontrollable event: EV_zone_b_not_visible
[INFO] [1789488366.812659702] [robot_0.robot_supervisor]: Selected controllable event: EV_approach_zone
[INFO] [1789488367.063017966] [robot_0.robot_supervisor]: Selected controllable event: EV_move_forward
[INFO] [1789488367.337615302] [robot_0.robot_supervisor]: Triggered uncontrollable event: EV_zone_a_visible
[INFO] [1789488367.338402253] [robot_0.robot_supervisor]: Triggered uncontrollable event: EV_zone_b_not_visible
[INFO] [1789488367.339337343] [robot_0.robot_supervisor]: Selected controllable event: EV_approach_zone
[INFO] [1789488367.641227699] [robot_0.robot_supervisor]: Selected controllable event: EV_approach_zone
[INFO] [1789488367.951349980] [robot_0.robot_supervisor]: Selected controllable event: EV_move_forward
[INFO] [1789488368.238063396] [robot_0.robot_supervisor]: Triggered uncontrollable event: EV_obstacle_left
[INFO] [1789488368.244835144] [robot_0.robot_supervisor]: Selected controllable event: EV_u_turn
[INFO] [1789488368.248949593] [robot_0.robot_supervisor]: Starting FULL ROTATE (omega=1.000, have_odom=True, target_rad=3.142, timeout_s=3.500)
[INFO] [1789488371.836381310] [robot_0.robot_supervisor]: FULL ROTATE completed by timeout
[INFO] [1789488372.040112498] [robot_0.robot_supervisor]: Triggered uncontrollable event: EV_zone_a_visible
[INFO] [1789488372.041031510] [robot_0.robot_supervisor]: Triggered uncontrollable event: EV_obstacle_right
[INFO] [1789488372.055793470] [robot_0.robot_supervisor]: Triggered uncontrollable event: EV_zone_b_not_visible
[INFO] [1789488372.056999012] [robot_0.robot_supervisor]: Selected controllable event: EV_rotate_counterclockwise
[WARN] [1789488372.057956491] [robot_0.robot_supervisor]: no translation for 4.4s livelock detected; starting atomic escape (turn_sign=+1)
[INFO] [1789488372.317436887] [robot_0.robot_supervisor]: RECEIVED zone_a; balance=zone_a_has_extra
[INFO] [1789488374.652841208] [robot_0.robot_supervisor]: Zone-livelock escape completed
[INFO] [1789488374.938689210] [robot_0.robot_supervisor]: Triggered uncontrollable event: EV_zone_a_visible
[INFO] [1789488374.942921616] [robot_0.robot_supervisor]: Triggered uncontrollable event: EV_received_delivered_zone_a
[INFO] [1789488374.951001262] [robot_0.robot_supervisor]: Triggered uncontrollable event: EV_zone_b_not_visible
[INFO] [1789488374.962813258] [robot_0.robot_supervisor]: Selected controllable event: EV_approach_zone
[INFO] [1789488375.225647420] [robot_0.robot_supervisor]: Selected controllable event: EV_approach_zone
[INFO] [1789488375.526869752] [robot_0.robot_supervisor]: Triggered uncontrollable event: EV_zone_a_not_visible
[INFO] [1789488375.527683362] [robot_0.robot_supervisor]: Triggered uncontrollable event: EV_zone_b_not_visible
[INFO] [1789488375.528617825] [robot_0.robot_supervisor]: Selected controllable event: EV_move_forward
[INFO] [1789488375.836551990] [robot_0.robot_supervisor]: Selected controllable event: EV_search_zone
[INFO] [1789488376.046179074] [robot_0.robot_supervisor]: Selected controllable event: EV_search_zone
[INFO] [1789488376.229324738] [robot_0.robot_supervisor]: Triggered uncontrollable event: EV_zone_a_not_visible
[INFO] [1789488376.236321698] [robot_0.robot_supervisor]: Selected controllable event: EV_move_forward
[INFO] [1789488376.536078306] [robot_0.robot_supervisor]: Triggered uncontrollable event: EV_zone_b_not_visible
[INFO] [1789488376.542759169] [robot_0.robot_supervisor]: Selected controllable event: EV_move_forward
[INFO] [1789488376.839501114] [robot_0.robot_supervisor]: Selected controllable event: EV_search_zone
[INFO] [1789488377.030499720] [robot_0.robot_supervisor]: Selected controllable event: EV_move_forward
[INFO] [1789488377.327972947] [robot_0.robot_supervisor]: Triggered uncontrollable event: EV_zone_a_not_visible
[INFO] [1789488377.336229003] [robot_0.robot_supervisor]: Triggered uncontrollable event: EV_zone_b_not_visible
[INFO] [1789488377.342488765] [robot_0.robot_supervisor]: Selected controllable event: EV_move_forward
[INFO] [1789488377.629687234] [robot_0.robot_supervisor]: Selected controllable event: EV_search_zone
[INFO] [1789488377.739172235] [robot_0.robot_supervisor]: Selected controllable event: EV_search_zone
[INFO] [1789488377.853184755] [robot_0.robot_supervisor]: Selected controllable event: EV_search_zone
[INFO] [1789488378.033497401] [robot_0.robot_supervisor]: Selected controllable event: EV_move_forward
[INFO] [1789488378.327993920] [robot_0.robot_supervisor]: Triggered uncontrollable event: EV_zone_a_not_visible
[INFO] [1789488378.333630468] [robot_0.robot_supervisor]: Triggered uncontrollable event: EV_zone_b_not_visible
[INFO] [1789488378.343007125] [robot_0.robot_supervisor]: Selected controllable event: EV_move_forward
[INFO] [1789488378.653126525] [robot_0.robot_supervisor]: Selected controllable event: EV_move_forward
[INFO] [1789488378.944844784] [robot_0.robot_supervisor]: Triggered uncontrollable event: EV_zone_a_not_visible
[INFO] [1789488378.956826219] [robot_0.robot_supervisor]: Selected controllable event: EV_move_forward
[INFO] [1789488379.228005604] [robot_0.robot_supervisor]: Triggered uncontrollable event: EV_zone_b_not_visible
[INFO] [1789488379.238707932] [robot_0.robot_supervisor]: Selected controllable event: EV_search_zone
[INFO] [1789488379.420334113] [robot_0.robot_supervisor]: Selected controllable event: EV_search_zone
[INFO] [1789488379.661554008] [robot_0.robot_supervisor]: Selected controllable event: EV_move_forward
[INFO] [1789488379.944326968] [robot_0.robot_supervisor]: Triggered uncontrollable event: EV_zone_a_not_visible
[INFO] [1789488379.955215737] [robot_0.robot_supervisor]: Selected controllable event: EV_search_zone
[INFO] [1789488380.153179703] [robot_0.robot_supervisor]: Triggered uncontrollable event: EV_zone_b_not_visible
[INFO] [1789488380.157783946] [robot_0.robot_supervisor]: Selected controllable event: EV_move_forward
[INFO] [1789488380.437867738] [robot_0.robot_supervisor]: Selected controllable event: EV_search_zone
[INFO] [1789488380.553604310] [robot_0.robot_supervisor]: Selected controllable event: EV_move_forward
[INFO] [1789488380.835335543] [robot_0.robot_supervisor]: Triggered uncontrollable event: EV_zone_a_not_visible
[INFO] [1789488380.836312073] [robot_0.robot_supervisor]: Selected controllable event: EV_move_forward
[INFO] [1789488381.151546468] [robot_0.robot_supervisor]: Triggered uncontrollable event: EV_zone_b_not_visible
[INFO] [1789488381.161111722] [robot_0.robot_supervisor]: Selected controllable event: EV_search_zone
[INFO] [1789488381.347560296] [robot_0.robot_supervisor]: Selected controllable event: EV_search_zone
[INFO] [1789488381.550254231] [robot_0.robot_supervisor]: Selected controllable event: EV_move_forward
[INFO] [1789488381.830212792] [robot_0.robot_supervisor]: Triggered uncontrollable event: EV_zone_a_not_visible
[INFO] [1789488381.848833104] [robot_0.robot_supervisor]: Triggered uncontrollable event: EV_zone_b_not_visible
[INFO] [1789488381.849778199] [robot_0.robot_supervisor]: Selected controllable event: EV_move_forward
[INFO] [1789488382.126647889] [robot_0.robot_supervisor]: Selected controllable event: EV_search_zone
[INFO] [1789488382.336392863] [robot_0.robot_supervisor]: Selected controllable event: EV_search_zone
[INFO] [1789488382.575223196] [robot_0.robot_supervisor]: Selected controllable event: EV_move_forward
[INFO] [1789488382.830664123] [robot_0.robot_supervisor]: Triggered uncontrollable event: EV_zone_a_not_visible
[INFO] [1789488382.831403193] [robot_0.robot_supervisor]: Triggered uncontrollable event: EV_zone_b_not_visible
[INFO] [1789488382.838893172] [robot_0.robot_supervisor]: Selected controllable event: EV_search_zone
[INFO] [1789488383.031933480] [robot_0.robot_supervisor]: Selected controllable event: EV_move_forward
[INFO] [1789488383.261193933] [robot_0.robot_supervisor]: Selected controllable event: EV_search_zone
[INFO] [1789488383.437148828] [robot_0.robot_supervisor]: Triggered uncontrollable event: EV_zone_a_not_visible
[INFO] [1789488383.441582142] [robot_0.robot_supervisor]: Selected controllable event: EV_search_zone
[INFO] [1789488383.626626151] [robot_0.robot_supervisor]: Triggered uncontrollable event: EV_zone_b_not_visible
[INFO] [1789488383.628716302] [robot_0.robot_supervisor]: Selected controllable event: EV_search_zone
[INFO] [1789488383.826383198] [robot_0.robot_supervisor]: Selected controllable event: EV_search_zone
[INFO] [1789488383.937089082] [robot_0.robot_supervisor]: Selected controllable event: EV_move_forward
[INFO] [1789488384.223323014] [robot_0.robot_supervisor]: Selected controllable event: EV_search_zone
[INFO] [1789488384.337345706] [robot_0.robot_supervisor]: Selected controllable event: EV_search_zone
[INFO] [1789488384.518695226] [robot_0.robot_supervisor]: Triggered uncontrollable event: EV_zone_a_not_visible
[INFO] [1789488384.524050512] [robot_0.robot_supervisor]: Triggered uncontrollable event: EV_zone_b_not_visible
[INFO] [1789488384.534206472] [robot_0.robot_supervisor]: Selected controllable event: EV_move_forward
[INFO] [1789488384.755842545] [robot_0.robot_supervisor]: Selected controllable event: EV_search_zone
[INFO] [1789488384.942592005] [robot_0.robot_supervisor]: Selected controllable event: EV_search_zone
[INFO] [1789488385.157410605] [robot_0.robot_supervisor]: Selected controllable event: EV_move_forward
[INFO] [1789488385.432337545] [robot_0.robot_supervisor]: Triggered uncontrollable event: EV_zone_a_not_visible
[INFO] [1789488385.433109540] [robot_0.robot_supervisor]: Triggered uncontrollable event: EV_zone_b_not_visible
[INFO] [1789488385.449610402] [robot_0.robot_supervisor]: Selected controllable event: EV_search_zone
[INFO] [1789488385.617082380] [robot_0.robot_supervisor]: Selected controllable event: EV_search_zone
[INFO] [1789488385.730742792] [robot_0.robot_supervisor]: Selected controllable event: EV_search_zone
[INFO] [1789488385.838587379] [robot_0.robot_supervisor]: Selected controllable event: EV_search_zone
[INFO] [1789488386.025005392] [robot_0.robot_supervisor]: Selected controllable event: EV_search_zone
[INFO] [1789488386.149616667] [robot_0.robot_supervisor]: Selected controllable event: EV_move_forward
[INFO] [1789488386.445238000] [robot_0.robot_supervisor]: Triggered uncontrollable event: EV_zone_a_not_visible
[INFO] [1789488386.446212798] [robot_0.robot_supervisor]: Triggered uncontrollable event: EV_zone_b_not_visible
[INFO] [1789488386.452506055] [robot_0.robot_supervisor]: Selected controllable event: EV_move_forward
[INFO] [1789488386.713407899] [robot_0.robot_supervisor]: Selected controllable event: EV_search_zone
[INFO] [1789488386.839647443] [robot_0.robot_supervisor]: Selected controllable event: EV_move_forward
[INFO] [1789488387.129639833] [robot_0.robot_supervisor]: Selected controllable event: EV_move_forward
[INFO] [1789488387.342551000] [robot_0.robot_supervisor]: Triggered uncontrollable event: EV_zone_a_not_visible
[INFO] [1789488387.355117243] [robot_0.robot_supervisor]: Triggered uncontrollable event: EV_zone_b_not_visible
[INFO] [1789488387.356112743] [robot_0.robot_supervisor]: Selected controllable event: EV_search_zone
[INFO] [1789488387.555777550] [robot_0.robot_supervisor]: Selected controllable event: EV_move_forward
[INFO] [1789488387.843410617] [robot_0.robot_supervisor]: Selected controllable event: EV_move_forward
[INFO] [1789488388.136180428] [robot_0.robot_supervisor]: Triggered uncontrollable event: EV_zone_a_not_visible
[INFO] [1789488388.137183022] [robot_0.robot_supervisor]: Selected controllable event: EV_move_forward
[INFO] [1789488388.447545398] [robot_0.robot_supervisor]: Triggered uncontrollable event: EV_zone_b_not_visible
[INFO] [1789488388.448486685] [robot_0.robot_supervisor]: Selected controllable event: EV_move_forward
[INFO] [1789488388.743796874] [robot_0.robot_supervisor]: Selected controllable event: EV_move_forward
[INFO] [1789488389.027486944] [robot_0.robot_supervisor]: Selected controllable event: EV_search_zone
[INFO] [1789488389.147263636] [robot_0.robot_supervisor]: Selected controllable event: EV_search_zone
[INFO] [1789488389.252801967] [robot_0.robot_supervisor]: Triggered uncontrollable event: EV_zone_a_not_visible
[INFO] [1789488389.265742887] [robot_0.robot_supervisor]: Selected controllable event: EV_search_zone
[INFO] [1789488389.433964301] [robot_0.robot_supervisor]: Triggered uncontrollable event: EV_zone_b_visible
[INFO] [1789488389.445330723] [robot_0.robot_supervisor]: Selected controllable event: EV_approach_zone
[INFO] [1789488389.729777434] [robot_0.robot_supervisor]: Selected controllable event: EV_move_forward
[INFO] [1789488390.052620808] [robot_0.robot_supervisor]: Triggered uncontrollable event: EV_zone_b_visible
[INFO] [1789488390.053470520] [robot_0.robot_supervisor]: Triggered uncontrollable event: EV_zone_a_not_visible
[INFO] [1789488390.054471724] [robot_0.robot_supervisor]: Selected controllable event: EV_move_forward
[INFO] [1789488390.342605327] [robot_0.robot_supervisor]: Selected controllable event: EV_move_forward
[INFO] [1789488390.632811829] [robot_0.robot_supervisor]: Selected controllable event: EV_approach_zone
[INFO] [1789488390.942180517] [robot_0.robot_supervisor]: Triggered uncontrollable event: EV_zone_a_not_visible
[INFO] [1789488390.943249971] [robot_0.robot_supervisor]: Selected controllable event: EV_approach_zone
[INFO] [1789488391.224727658] [robot_0.robot_supervisor]: Triggered uncontrollable event: EV_zone_b_visible
[INFO] [1789488391.225825965] [robot_0.robot_supervisor]: Selected controllable event: EV_move_forward
[INFO] [1789488391.451503964] [robot_0.robot_supervisor]: Selected controllable event: EV_move_forward
[INFO] [1789488391.724429991] [robot_0.robot_supervisor]: Selected controllable event: EV_move_forward
[INFO] [1789488391.941282731] [robot_0.robot_supervisor]: Selected controllable event: EV_move_forward
[INFO] [1789488392.245168877] [robot_0.robot_supervisor]: Triggered uncontrollable event: EV_zone_b_visible
[INFO] [1789488392.257179960] [robot_0.robot_supervisor]: Triggered uncontrollable event: EV_zone_a_not_visible
[INFO] [1789488392.258302079] [robot_0.robot_supervisor]: Selected controllable event: EV_approach_zone
[INFO] [1789488392.529331565] [robot_0.robot_supervisor]: Selected controllable event: EV_move_forward
[INFO] [1789488392.842892359] [robot_0.robot_supervisor]: Selected controllable event: EV_move_forward
[INFO] [1789488393.139299166] [robot_0.robot_supervisor]: Triggered uncontrollable event: EV_zone_b_visible
[INFO] [1789488393.140089183] [robot_0.robot_supervisor]: Triggered uncontrollable event: EV_zone_a_not_visible
[INFO] [1789488393.160271374] [robot_0.robot_supervisor]: Selected controllable event: EV_approach_zone
[INFO] [1789488393.430649223] [robot_0.robot_supervisor]: Selected controllable event: EV_move_forward
[INFO] [1789488393.746621608] [robot_0.robot_supervisor]: Selected controllable event: EV_approach_zone
[INFO] [1789488394.040072524] [robot_0.robot_supervisor]: Triggered uncontrollable event: EV_zone_b_visible
[INFO] [1789488394.053472313] [robot_0.robot_supervisor]: Triggered uncontrollable event: EV_zone_a_not_visible
[INFO] [1789488394.054636023] [robot_0.robot_supervisor]: Selected controllable event: EV_approach_zone
[INFO] [1789488394.258753667] [robot_0.robot_supervisor]: Selected controllable event: EV_approach_zone
[INFO] [1789488394.569269224] [robot_0.robot_supervisor]: Selected controllable event: EV_move_forward
[INFO] [1789488394.858046271] [robot_0.robot_supervisor]: Selected controllable event: EV_move_forward
[INFO] [1789488395.138043412] [robot_0.robot_supervisor]: Triggered uncontrollable event: EV_zone_b_visible
[INFO] [1789488395.139031205] [robot_0.robot_supervisor]: Triggered uncontrollable event: EV_zone_a_not_visible
[INFO] [1789488395.159196108] [robot_0.robot_supervisor]: Triggered uncontrollable event: EV_obstacle_front
[INFO] [1789488395.160738206] [robot_0.robot_supervisor]: Selected controllable event: EV_move_backward
[INFO] [1789488395.415282124] [robot_0.robot_supervisor]: Triggered uncontrollable event: EV_obstacle_front
[INFO] [1789488395.434212343] [robot_0.robot_supervisor]: Selected controllable event: EV_move_backward
[INFO] [1789488395.754013343] [robot_0.robot_supervisor]: Triggered uncontrollable event: EV_obstacle_front
[INFO] [1789488395.755241217] [robot_0.robot_supervisor]: Selected controllable event: EV_rotate_clockwise
[INFO] [1789488395.944765663] [robot_0.robot_supervisor]: Triggered uncontrollable event: EV_zone_a_not_visible
[INFO] [1789488395.949378298] [robot_0.robot_supervisor]: Triggered uncontrollable event: EV_obstacle_front
[INFO] [1789488395.953357753] [robot_0.robot_supervisor]: Selected controllable event: EV_u_turn
[INFO] [1789488395.954368261] [robot_0.robot_supervisor]: Starting FULL ROTATE (omega=1.000, have_odom=True, target_rad=3.142, timeout_s=3.500)
[INFO] [1789488399.532230884] [robot_0.robot_supervisor]: FULL ROTATE completed by timeout
[INFO] [1789488399.843583289] [robot_0.robot_supervisor]: Triggered uncontrollable event: EV_zone_a_visible
[INFO] [1789488399.844423696] [robot_0.robot_supervisor]: Triggered uncontrollable event: EV_zone_b_visible
[INFO] [1789488399.851070219] [robot_0.robot_supervisor]: Selected controllable event: EV_approach_zone
[INFO] [1789488400.120586401] [robot_0.robot_supervisor]: Triggered uncontrollable event: EV_zone_a_visible
[INFO] [1789488400.140870390] [robot_0.robot_supervisor]: Selected controllable event: EV_approach_zone
[INFO] [1789488400.434565232] [robot_0.robot_supervisor]: Triggered uncontrollable event: EV_zone_b_visible
[INFO] [1789488400.444535504] [robot_0.robot_supervisor]: Selected controllable event: EV_move_forward
[INFO] [1789488400.742933557] [robot_0.robot_supervisor]: Selected controllable event: EV_approach_zone
[INFO] [1789488401.049124321] [robot_0.robot_supervisor]: Selected controllable event: EV_move_forward
[INFO] [1789488401.323934938] [robot_0.robot_supervisor]: Triggered uncontrollable event: EV_zone_a_visible
[INFO] [1789488401.324723420] [robot_0.robot_supervisor]: Triggered uncontrollable event: EV_zone_b_visible
[INFO] [1789488401.342046759] [robot_0.robot_supervisor]: Selected controllable event: EV_move_forward
[INFO] [1789488401.626528765] [robot_0.robot_supervisor]: Selected controllable event: EV_approach_zone
[INFO] [1789488401.852876695] [robot_0.robot_supervisor]: Selected controllable event: EV_approach_zone
[INFO] [1789488402.136788946] [robot_0.robot_supervisor]: Triggered uncontrollable event: EV_zone_a_visible
[INFO] [1789488402.137756885] [robot_0.robot_supervisor]: Triggered uncontrollable event: EV_zone_b_visible
[INFO] [1789488402.153292269] [robot_0.robot_supervisor]: Selected controllable event: EV_move_forward
[INFO] [1789488402.435187340] [robot_0.robot_supervisor]: Selected controllable event: EV_approach_zone
[INFO] [1789488402.732326876] [robot_0.robot_supervisor]: Selected controllable event: EV_approach_zone
[INFO] [1789488402.948368745] [robot_0.robot_supervisor]: Selected controllable event: EV_approach_zone
[INFO] [1789488403.237412532] [robot_0.robot_supervisor]: Triggered uncontrollable event: EV_zone_a_visible
[INFO] [1789488403.250870755] [robot_0.robot_supervisor]: Triggered uncontrollable event: EV_zone_b_not_visible
[INFO] [1789488403.251891224] [robot_0.robot_supervisor]: Selected controllable event: EV_move_forward
[INFO] [1789488403.552477833] [robot_0.robot_supervisor]: Selected controllable event: EV_move_forward
[INFO] [1789488403.845055828] [robot_0.robot_supervisor]: Selected controllable event: EV_approach_zone
[INFO] [1789488404.111802942] [robot_0.robot_supervisor]: Selected controllable event: EV_approach_zone
[INFO] [1789488404.336878322] [robot_0.robot_supervisor]: Triggered uncontrollable event: EV_zone_a_visible
[INFO] [1789488404.337740499] [robot_0.robot_supervisor]: Triggered uncontrollable event: EV_obstacle_right
[INFO] [1789488404.356993674] [robot_0.robot_supervisor]: Selected controllable event: EV_u_turn
[INFO] [1789488404.357912051] [robot_0.robot_supervisor]: Starting FULL ROTATE (omega=1.000, have_odom=True, target_rad=3.142, timeout_s=3.500)
[INFO] [1789488407.944079096] [robot_0.robot_supervisor]: FULL ROTATE completed by timeout
[INFO] [1789488408.232627489] [robot_0.robot_supervisor]: Triggered uncontrollable event: EV_zone_a_visible
[INFO] [1789488408.244526081] [robot_0.robot_supervisor]: Triggered uncontrollable event: EV_obstacle_left
[INFO] [1789488408.251402900] [robot_0.robot_supervisor]: Triggered uncontrollable event: EV_zone_b_not_visible
[INFO] [1789488408.263725749] [robot_0.robot_supervisor]: Selected controllable event: EV_u_turn
[INFO] [1789488408.325739793] [robot_0.robot_supervisor]: Triggered uncontrollable event: EV_obstacle_left
[INFO] [1789488408.338317332] [robot_0.robot_supervisor]: Selected controllable event: EV_rotate_clockwise
[INFO] [1789488408.454251232] [robot_0.robot_supervisor]: Triggered uncontrollable event: EV_obstacle_left
[INFO] [1789488408.460527483] [robot_0.robot_supervisor]: Selected controllable event: EV_u_turn
[INFO] [1789488408.551184710] [robot_0.robot_supervisor]: Triggered uncontrollable event: EV_obstacle_left
[INFO] [1789488408.556761413] [robot_0.robot_supervisor]: Selected controllable event: EV_u_turn
[INFO] [1789488408.647176922] [robot_0.robot_supervisor]: Triggered uncontrollable event: EV_obstacle_left
[INFO] [1789488408.661064230] [robot_0.robot_supervisor]: Selected controllable event: EV_rotate_clockwise
[INFO] [1789488408.826955478] [robot_0.robot_supervisor]: Triggered uncontrollable event: EV_obstacle_left
[INFO] [1789488408.840233223] [robot_0.robot_supervisor]: Selected controllable event: EV_rotate_clockwise
[INFO] [1789488409.010310194] [robot_0.robot_supervisor]: Triggered uncontrollable event: EV_obstacle_left
[INFO] [1789488409.031358121] [robot_0.robot_supervisor]: Selected controllable event: EV_u_turn
[INFO] [1789488409.135589489] [robot_0.robot_supervisor]: Triggered uncontrollable event: EV_obstacle_left
[INFO] [1789488409.136747092] [robot_0.robot_supervisor]: Selected controllable event: EV_u_turn
[INFO] [1789488409.228207985] [robot_0.robot_supervisor]: Triggered uncontrollable event: EV_zone_a_visible
[INFO] [1789488409.229067309] [robot_0.robot_supervisor]: Triggered uncontrollable event: EV_obstacle_left
[INFO] [1789488409.230092157] [robot_0.robot_supervisor]: Selected controllable event: EV_u_turn
[INFO] [1789488409.310567633] [robot_0.robot_supervisor]: Triggered uncontrollable event: EV_obstacle_left
[INFO] [1789488409.330986053] [robot_0.robot_supervisor]: Triggered uncontrollable event: EV_zone_b_not_visible
[INFO] [1789488409.332003690] [robot_0.robot_supervisor]: Selected controllable event: EV_u_turn
[INFO] [1789488409.436394570] [robot_0.robot_supervisor]: Triggered uncontrollable event: EV_obstacle_left
[INFO] [1789488409.444255195] [robot_0.robot_supervisor]: Selected controllable event: EV_rotate_clockwise
[INFO] [1789488409.558334957] [robot_0.robot_supervisor]: Triggered uncontrollable event: EV_obstacle_left
[INFO] [1789488409.559592605] [robot_0.robot_supervisor]: Selected controllable event: EV_rotate_clockwise
[INFO] [1789488409.757869314] [robot_0.robot_supervisor]: Triggered uncontrollable event: EV_obstacle_left
[INFO] [1789488409.778617436] [robot_0.robot_supervisor]: Selected controllable event: EV_rotate_clockwise
[INFO] [1789488409.955372890] [robot_0.robot_supervisor]: Triggered uncontrollable event: EV_obstacle_left
[INFO] [1789488409.956293659] [robot_0.robot_supervisor]: Selected controllable event: EV_u_turn
[INFO] [1789488410.044287541] [robot_0.robot_supervisor]: Triggered uncontrollable event: EV_obstacle_left
[INFO] [1789488410.048592305] [robot_0.robot_supervisor]: Selected controllable event: EV_rotate_clockwise
[INFO] [1789488410.243007861] [robot_0.robot_supervisor]: Triggered uncontrollable event: EV_zone_a_visible
[INFO] [1789488410.246190939] [robot_0.robot_supervisor]: Triggered uncontrollable event: EV_obstacle_left
[INFO] [1789488410.250264572] [robot_0.robot_supervisor]: Triggered uncontrollable event: EV_zone_b_not_visible
[INFO] [1789488410.261443661] [robot_0.robot_supervisor]: Selected controllable event: EV_rotate_clockwise
[INFO] [1789488410.424319545] [robot_0.robot_supervisor]: Triggered uncontrollable event: EV_obstacle_left
[INFO] [1789488410.428647629] [robot_0.robot_supervisor]: Selected controllable event: EV_u_turn
[INFO] [1789488410.437165730] [robot_0.robot_supervisor]: Starting FULL ROTATE (omega=1.000, have_odom=True, target_rad=3.142, timeout_s=3.500)
[INFO] [1789488413.042970465] [robot_0.robot_supervisor]: CONTACT RECOVERY activated (source=robot_1::robot_1/base_footprint::robot_1/base_footprint_fixed_joint_lump__base_collision_collision, duration_s=1.00)
[INFO] [1789488414.049073999] [robot_0.robot_supervisor]: Triggered uncontrollable event: EV_zone_a_not_visible
[INFO] [1789488414.049869689] [robot_0.robot_supervisor]: Triggered uncontrollable event: EV_obstacle_left
[INFO] [1789488414.050609113] [robot_0.robot_supervisor]: Triggered uncontrollable event: EV_zone_b_not_visible
[INFO] [1789488414.064679586] [robot_0.robot_supervisor]: Selected controllable event: EV_rotate_clockwise
[WARN] [1789488414.065579374] [robot_0.robot_supervisor]: no translation for 5.7s livelock detected; starting atomic escape (turn_sign=-1)
[INFO] [1789488414.086977574] [robot_0.robot_supervisor]: CONTACT RECOVERY activated (source=robot_1::robot_1/base_footprint::robot_1/base_footprint_fixed_joint_lump__base_collision_collision, duration_s=1.00)
[INFO] [1789488416.345971276] [robot_0.robot_supervisor]: CONTACT RECOVERY activated (source=robot_1::robot_1/base_footprint::robot_1/base_footprint_fixed_joint_lump__base_collision_collision, duration_s=1.00)
[INFO] [1789488417.350934886] [robot_0.robot_supervisor]: Zone-livelock escape completed
[INFO] [1789488417.623485656] [robot_0.robot_supervisor]: Triggered uncontrollable event: EV_zone_a_visible
[INFO] [1789488417.624253494] [robot_0.robot_supervisor]: Triggered uncontrollable event: EV_zone_b_not_visible
[INFO] [1789488417.646791908] [robot_0.robot_supervisor]: Selected controllable event: EV_approach_zone
[INFO] [1789488417.943018884] [robot_0.robot_supervisor]: Selected controllable event: EV_approach_zone
[INFO] [1789488418.234647203] [robot_0.robot_supervisor]: Triggered uncontrollable event: EV_zone_a_visible
[INFO] [1789488418.243558088] [robot_0.robot_supervisor]: Triggered uncontrollable event: EV_zone_b_not_visible
[INFO] [1789488418.251193869] [robot_0.robot_supervisor]: Selected controllable event: EV_approach_zone
[INFO] [1789488418.531287302] [robot_0.robot_supervisor]: Selected controllable event: EV_approach_zone
[INFO] [1789488418.756098654] [robot_0.robot_supervisor]: Selected controllable event: EV_approach_zone
[INFO] [1789488419.028613818] [robot_0.robot_supervisor]: Selected controllable event: EV_move_forward
[INFO] [1789488419.331086677] [robot_0.robot_supervisor]: Triggered uncontrollable event: EV_zone_a_visible
[INFO] [1789488419.338124741] [robot_0.robot_supervisor]: Triggered uncontrollable event: EV_zone_b_visible
[INFO] [1789488419.347050139] [robot_0.robot_supervisor]: Selected controllable event: EV_approach_zone
[INFO] [1789488419.626523992] [robot_0.robot_supervisor]: Selected controllable event: EV_move_forward
[INFO] [1789488419.931367856] [robot_0.robot_supervisor]: Selected controllable event: EV_approach_zone
[INFO] [1789488420.145898597] [robot_0.robot_supervisor]: Triggered uncontrollable event: EV_zone_a_visible
[INFO] [1789488420.150313401] [robot_0.robot_supervisor]: Triggered uncontrollable event: EV_zone_b_visible
[INFO] [1789488420.154779041] [robot_0.robot_supervisor]: Selected controllable event: EV_approach_zone
[INFO] [1789488420.443029175] [robot_0.robot_supervisor]: Selected controllable event: EV_approach_zone
[INFO] [1789488420.732519679] [robot_0.robot_supervisor]: Selected controllable event: EV_approach_zone
[INFO] [1789488420.947310383] [robot_0.robot_supervisor]: Triggered uncontrollable event: EV_zone_a_visible
[INFO] [1789488420.948066571] [robot_0.robot_supervisor]: Triggered uncontrollable event: EV_zone_b_visible
[INFO] [1789488420.948835119] [robot_0.robot_supervisor]: Selected controllable event: EV_move_forward
[INFO] [1789488421.232791889] [robot_0.robot_supervisor]: Selected controllable event: EV_move_forward
[INFO] [1789488421.522374670] [robot_0.robot_supervisor]: Selected controllable event: EV_move_forward
[INFO] [1789488421.733066077] [robot_0.robot_supervisor]: Selected controllable event: EV_move_forward
[INFO] [1789488422.027756595] [robot_0.robot_supervisor]: Triggered uncontrollable event: EV_zone_a_visible
[INFO] [1789488422.043200969] [robot_0.robot_supervisor]: Triggered uncontrollable event: EV_zone_b_visible
[INFO] [1789488422.044260236] [robot_0.robot_supervisor]: Selected controllable event: EV_move_forward
[INFO] [1789488422.335298781] [robot_0.robot_supervisor]: Selected controllable event: EV_move_forward
[INFO] [1789488422.538782116] [robot_0.robot_supervisor]: Selected controllable event: EV_approach_zone
[INFO] [1789488422.831802095] [robot_0.robot_supervisor]: Triggered uncontrollable event: EV_zone_a_visible
[INFO] [1789488422.832517984] [robot_0.robot_supervisor]: Triggered uncontrollable event: EV_zone_b_visible
[INFO] [1789488422.855620381] [robot_0.robot_supervisor]: Selected controllable event: EV_move_forward
[INFO] [1789488423.128886063] [robot_0.robot_supervisor]: Selected controllable event: EV_approach_zone
[INFO] [1789488423.340692070] [robot_0.robot_supervisor]: Selected controllable event: EV_move_forward
[INFO] [1789488423.635346638] [robot_0.robot_supervisor]: Triggered uncontrollable event: EV_zone_a_visible
[INFO] [1789488423.636106352] [robot_0.robot_supervisor]: Triggered uncontrollable event: EV_zone_b_visible
[INFO] [1789488423.654076989] [robot_0.robot_supervisor]: Selected controllable event: EV_approach_zone
[INFO] [1789488423.927869513] [robot_0.robot_supervisor]: Selected controllable event: EV_approach_zone
[INFO] [1789488424.141628368] [robot_0.robot_supervisor]: Selected controllable event: EV_move_forward
[INFO] [1789488424.347959282] [robot_0.robot_supervisor]: Selected controllable event: EV_move_forward
[INFO] [1789488424.638990971] [robot_0.robot_supervisor]: Triggered uncontrollable event: EV_zone_a_visible
[INFO] [1789488424.639737509] [robot_0.robot_supervisor]: Triggered uncontrollable event: EV_zone_b_visible
[INFO] [1789488424.656981525] [robot_0.robot_supervisor]: Selected controllable event: EV_approach_zone
[INFO] [1789488424.944817403] [robot_0.robot_supervisor]: Selected controllable event: EV_approach_zone
[INFO] [1789488425.240109275] [robot_0.robot_supervisor]: Selected controllable event: EV_move_forward
[INFO] [1789488425.444050853] [robot_0.robot_supervisor]: Triggered uncontrollable event: EV_zone_b_visible
[INFO] [1789488425.444729324] [robot_0.robot_supervisor]: Triggered uncontrollable event: EV_zone_a_not_visible
[INFO] [1789488425.445563837] [robot_0.robot_supervisor]: Selected controllable event: EV_move_forward
[INFO] [1789488425.736934933] [robot_0.robot_supervisor]: Selected controllable event: EV_move_forward
[INFO] [1789488425.958734988] [robot_0.robot_supervisor]: Selected controllable event: EV_move_forward
[INFO] [1789488426.250020085] [robot_0.robot_supervisor]: Triggered uncontrollable event: EV_zone_b_visible
[INFO] [1789488426.250750213] [robot_0.robot_supervisor]: Triggered uncontrollable event: EV_zone_a_not_visible
[INFO] [1789488426.251809184] [robot_0.robot_supervisor]: Selected controllable event: EV_move_forward
[INFO] [1789488426.513104631] [robot_0.robot_supervisor]: Selected controllable event: EV_approach_zone
[INFO] [1789488426.744985001] [robot_0.robot_supervisor]: Selected controllable event: EV_move_forward
[INFO] [1789488427.050239061] [robot_0.robot_supervisor]: Selected controllable event: EV_move_forward
[INFO] [1789488427.330474069] [robot_0.robot_supervisor]: Triggered uncontrollable event: EV_zone_b_visible
[INFO] [1789488427.338259519] [robot_0.robot_supervisor]: Triggered uncontrollable event: EV_zone_a_not_visible
[INFO] [1789488427.350535587] [robot_0.robot_supervisor]: Selected controllable event: EV_move_forward
[INFO] [1789488427.627736916] [robot_0.robot_supervisor]: Selected controllable event: EV_approach_zone
[INFO] [1789488427.834978436] [robot_0.robot_supervisor]: Selected controllable event: EV_approach_zone
[INFO] [1789488428.159104282] [robot_0.robot_supervisor]: Triggered uncontrollable event: EV_zone_b_visible
[INFO] [1789488428.169791245] [robot_0.robot_supervisor]: Triggered uncontrollable event: EV_zone_a_not_visible
[INFO] [1789488428.170787307] [robot_0.robot_supervisor]: Selected controllable event: EV_approach_zone
[INFO] [1789488428.431354104] [robot_0.robot_supervisor]: Selected controllable event: EV_move_forward
[INFO] [1789488428.742207212] [robot_0.robot_supervisor]: Selected controllable event: EV_move_forward
[INFO] [1789488429.049143070] [robot_0.robot_supervisor]: Triggered uncontrollable event: EV_zone_b_visible
[INFO] [1789488429.054477982] [robot_0.robot_supervisor]: Triggered uncontrollable event: EV_zone_a_not_visible
[INFO] [1789488429.058063648] [robot_0.robot_supervisor]: Selected controllable event: EV_approach_zone
[INFO] [1789488429.320287010] [robot_0.robot_supervisor]: Selected controllable event: EV_approach_zone
[INFO] [1789488429.524761258] [robot_0.robot_supervisor]: Selected controllable event: EV_move_forward
[INFO] [1789488429.750192493] [robot_0.robot_supervisor]: Selected controllable event: EV_approach_zone
[INFO] [1789488430.009755489] [robot_0.robot_supervisor]: Triggered uncontrollable event: EV_zone_b_visible
[INFO] [1789488430.027322594] [robot_0.robot_supervisor]: Triggered uncontrollable event: EV_zone_a_not_visible
[INFO] [1789488430.028278785] [robot_0.robot_supervisor]: Selected controllable event: EV_move_forward
[INFO] [1789488430.330862361] [robot_0.robot_supervisor]: Selected controllable event: EV_move_forward
[INFO] [1789488430.543296879] [robot_0.robot_supervisor]: Selected controllable event: EV_approach_zone
[INFO] [1789488430.816383845] [robot_0.robot_supervisor]: Triggered uncontrollable event: EV_zone_b_visible
[INFO] [1789488430.829896566] [robot_0.robot_supervisor]: Triggered uncontrollable event: EV_zone_a_not_visible
[INFO] [1789488430.830863119] [robot_0.robot_supervisor]: Selected controllable event: EV_approach_zone
[INFO] [1789488431.038982697] [robot_0.robot_supervisor]: Selected controllable event: EV_move_forward
[INFO] [1789488431.334495697] [robot_0.robot_supervisor]: Selected controllable event: EV_approach_zone
[INFO] [1789488431.541459641] [robot_0.robot_supervisor]: Selected controllable event: EV_approach_zone
[INFO] [1789488431.836038446] [robot_0.robot_supervisor]: Triggered uncontrollable event: EV_zone_b_visible
[INFO] [1789488431.836752312] [robot_0.robot_supervisor]: Triggered uncontrollable event: EV_zone_a_not_visible
[INFO] [1789488431.837609303] [robot_0.robot_supervisor]: Selected controllable event: EV_approach_zone
[INFO] [1789488432.051987785] [robot_0.robot_supervisor]: Selected controllable event: EV_move_forward
[INFO] [1789488432.336726473] [robot_0.robot_supervisor]: Selected controllable event: EV_move_forward
[INFO] [1789488432.643358544] [robot_0.robot_supervisor]: Triggered uncontrollable event: EV_zone_b_visible
[INFO] [1789488432.644101742] [robot_0.robot_supervisor]: Triggered uncontrollable event: EV_zone_a_not_visible
[INFO] [1789488432.645020470] [robot_0.robot_supervisor]: Selected controllable event: EV_move_forward
[INFO] [1789488432.922789946] [robot_0.robot_supervisor]: Selected controllable event: EV_move_forward
[INFO] [1789488433.152898306] [robot_0.robot_supervisor]: Selected controllable event: EV_approach_zone
[INFO] [1789488433.449804411] [robot_0.robot_supervisor]: Triggered uncontrollable event: EV_zone_b_visible
[INFO] [1789488433.450676278] [robot_0.robot_supervisor]: Triggered uncontrollable event: EV_zone_a_not_visible
[INFO] [1789488433.469750483] [robot_0.robot_supervisor]: Selected controllable event: EV_approach_zone
[INFO] [1789488433.734964735] [robot_0.robot_supervisor]: Selected controllable event: EV_approach_zone
[INFO] [1789488434.043703786] [robot_0.robot_supervisor]: Selected controllable event: EV_move_forward
[INFO] [1789488434.249384729] [robot_0.robot_supervisor]: Triggered uncontrollable event: EV_zone_b_visible
[INFO] [1789488434.250088928] [robot_0.robot_supervisor]: Triggered uncontrollable event: EV_zone_a_not_visible
[INFO] [1789488434.250942191] [robot_0.robot_supervisor]: Selected controllable event: EV_move_forward
[INFO] [1789488434.513149564] [robot_0.robot_supervisor]: Selected controllable event: EV_move_forward
[INFO] [1789488434.750600772] [robot_0.robot_supervisor]: Selected controllable event: EV_move_forward
[INFO] [1789488435.023153024] [robot_0.robot_supervisor]: Triggered uncontrollable event: EV_zone_a_not_visible
[INFO] [1789488435.043763386] [robot_0.robot_supervisor]: Selected controllable event: EV_approach_zone
[INFO] [1789488435.315379372] [robot_0.robot_supervisor]: Triggered uncontrollable event: EV_zone_b_visible
[INFO] [1789488435.331017355] [robot_0.robot_supervisor]: Selected controllable event: EV_approach_zone
[INFO] [1789488435.535236353] [robot_0.robot_supervisor]: Selected controllable event: EV_move_forward
[INFO] [1789488435.749693684] [robot_0.robot_supervisor]: Selected controllable event: EV_approach_zone
[INFO] [1789488436.039090633] [robot_0.robot_supervisor]: Selected controllable event: EV_move_forward
[INFO] [1789488436.341054121] [robot_0.robot_supervisor]: DELIVERED zone_b; balance=equal
[INFO] [1789488436.344094593] [robot_0.robot_supervisor]: Triggered uncontrollable event: EV_zone_a_not_visible
[INFO] [1789488436.351213671] [robot_0.robot_supervisor]: Triggered uncontrollable event: EV_zone_b_reached
[INFO] [1789488436.354294424] [robot_0.robot_supervisor]: Selected controllable event: EV_drop_zone_b
[INFO] [1789488436.418672627] [robot_0.robot_supervisor]: Delivered cargo 'robot_0_carried_generic_box' removed.
[INFO] [1789488436.437940182] [robot_0.robot_supervisor]: Selected controllable event: EV_publish_delivered_zone_b
[INFO] [1789488436.517556145] [robot_0.robot_supervisor]: Selected controllable event: EV_move_forward
[INFO] [1789488436.858730578] [robot_0.robot_supervisor]: Selected controllable event: EV_search_object
[INFO] [1789488437.034606528] [robot_0.robot_supervisor]: Triggered uncontrollable event: EV_object_not_visible
[INFO] [1789488437.042570475] [robot_0.robot_supervisor]: Selected controllable event: EV_move_forward
[INFO] [1789488437.313784801] [robot_0.robot_supervisor]: Selected controllable event: EV_move_forward
[INFO] [1789488437.520560403] [robot_0.robot_supervisor]: Selected controllable event: EV_search_object
[INFO] [1789488437.750382353] [robot_0.robot_supervisor]: Selected controllable event: EV_search_object
[INFO] [1789488437.926201438] [robot_0.robot_supervisor]: Triggered uncontrollable event: EV_obstacle_front
[INFO] [1789488437.930757998] [robot_0.robot_supervisor]: Selected controllable event: EV_u_turn
[INFO] [1789488437.933987282] [robot_0.robot_supervisor]: Starting FULL ROTATE (omega=1.000, have_odom=True, target_rad=3.142, timeout_s=3.500)
[INFO] [1789488441.519456365] [robot_0.robot_supervisor]: FULL ROTATE completed by timeout
[INFO] [1789488441.727769245] [robot_0.robot_supervisor]: ############################# VISIBLE: EV_object_visible #############################
[INFO] [1789488441.736271980] [robot_0.robot_supervisor]: Selected controllable event: EV_move_forward
[INFO] [1789488442.047236213] [robot_0.robot_supervisor]: Selected controllable event: EV_approach_object
[INFO] [1789488442.331647423] [robot_0.robot_supervisor]: Selected controllable event: EV_approach_object
[INFO] [1789488442.639314145] [robot_0.robot_supervisor]: Selected controllable event: EV_approach_object
[INFO] [1789488442.946517284] [robot_0.robot_supervisor]: ############################# VISIBLE: EV_object_visible #############################
[INFO] [1789488442.960833943] [robot_0.robot_supervisor]: Selected controllable event: EV_move_forward
[INFO] [1789488443.248026101] [robot_0.robot_supervisor]: Selected controllable event: EV_move_forward
[INFO] [1789488443.523145708] [robot_0.robot_supervisor]: Selected controllable event: EV_move_forward
[INFO] [1789488443.822257487] [robot_0.robot_supervisor]: ############################# VISIBLE: EV_object_visible #############################
[INFO] [1789488443.823196413] [robot_0.robot_supervisor]: Selected controllable event: EV_move_forward
[INFO] [1789488444.050582917] [robot_0.robot_supervisor]: Selected controllable event: EV_move_forward
[INFO] [1789488444.359298449] [robot_0.robot_supervisor]: Selected controllable event: EV_move_forward
[INFO] [1789488444.636232810] [robot_0.robot_supervisor]: ############################# VISIBLE: EV_object_visible #############################
[INFO] [1789488444.637306293] [robot_0.robot_supervisor]: Selected controllable event: EV_approach_object
[INFO] [1789488444.945718459] [robot_0.robot_supervisor]: Selected controllable event: EV_approach_object
[INFO] [1789488445.253434877] [robot_0.robot_supervisor]: Selected controllable event: EV_approach_object
[INFO] [1789488445.550866748] [robot_0.robot_supervisor]: ############################# VISIBLE: EV_object_visible #############################
[INFO] [1789488445.551934303] [robot_0.robot_supervisor]: Selected controllable event: EV_move_forward
[INFO] [1789488445.812180894] [robot_0.robot_supervisor]: Selected controllable event: EV_move_forward
[INFO] [1789488446.034198081] [robot_0.robot_supervisor]: Selected controllable event: EV_approach_object
[INFO] [1789488446.338838521] [robot_0.robot_supervisor]: Selected controllable event: EV_approach_object
[INFO] [1789488446.622060612] [robot_0.robot_supervisor]: ############################# VISIBLE: EV_object_visible #############################
[INFO] [1789488446.631292518] [robot_0.robot_supervisor]: Selected controllable event: EV_approach_object
[INFO] [1789488446.922232996] [robot_0.robot_supervisor]: Selected controllable event: EV_approach_object
[INFO] [1789488447.150382713] [robot_0.robot_supervisor]: Selected controllable event: EV_move_forward
[INFO] [1789488447.414309806] [robot_0.robot_supervisor]: ############################# VISIBLE: EV_object_visible #############################
[INFO] [1789488447.439963671] [robot_0.robot_supervisor]: Selected controllable event: EV_move_forward
[INFO] [1789488447.742485318] [robot_0.robot_supervisor]: Selected controllable event: EV_move_forward
[INFO] [1789488448.018396211] [robot_0.robot_supervisor]: Selected controllable event: EV_move_forward
[INFO] [1789488448.240888861] [robot_0.robot_supervisor]: ############################# VISIBLE: EV_object_visible #############################
[INFO] [1789488448.241787346] [robot_0.robot_supervisor]: Selected controllable event: EV_move_forward
[INFO] [1789488448.529151245] [robot_0.robot_supervisor]: Selected controllable event: EV_approach_object
[INFO] [1789488448.830155308] [robot_0.robot_supervisor]: Selected controllable event: EV_approach_object
[INFO] [1789488449.143896670] [robot_0.robot_supervisor]: ############################# VISIBLE: EV_object_visible #############################
[INFO] [1789488449.144897157] [robot_0.robot_supervisor]: Selected controllable event: EV_approach_object
[INFO] [1789488449.409143562] [robot_0.robot_supervisor]: Selected controllable event: EV_approach_object
[INFO] [1789488449.628947381] [robot_0.robot_supervisor]: Selected controllable event: EV_move_forward
[INFO] [1789488449.931872347] [robot_0.robot_supervisor]: Selected controllable event: EV_approach_object
[INFO] [1789488450.215325831] [robot_0.robot_supervisor]: ############################# VISIBLE: EV_object_visible #############################
[INFO] [1789488450.236817901] [robot_0.robot_supervisor]: Selected controllable event: EV_move_forward
[INFO] [1789488450.524688796] [robot_0.robot_supervisor]: Selected controllable event: EV_move_forward
[INFO] [1789488450.841365020] [robot_0.robot_supervisor]: ############################# VISIBLE: EV_object_visible #############################
[INFO] [1789488450.842428382] [robot_0.robot_supervisor]: Selected controllable event: EV_move_forward
[INFO] [1789488451.131877966] [robot_0.robot_supervisor]: Selected controllable event: EV_approach_object
[INFO] [1789488451.434580666] [robot_0.robot_supervisor]: Selected controllable event: EV_approach_object
[INFO] [1789488451.733453758] [robot_0.robot_supervisor]: ############################# VISIBLE: EV_object_visible #############################
[INFO] [1789488451.734232104] [robot_0.robot_supervisor]: Triggered uncontrollable event: EV_obstacle_right
[INFO] [1789488451.735132707] [robot_0.robot_supervisor]: Selected controllable event: EV_u_turn
[INFO] [1789488451.751159939] [robot_0.robot_supervisor]: Starting FULL ROTATE (omega=1.000, have_odom=True, target_rad=3.142, timeout_s=3.500)
[INFO] [1789488455.337706314] [robot_0.robot_supervisor]: FULL ROTATE completed by timeout
[INFO] [1789488455.646669425] [robot_0.robot_supervisor]: ############################# VISIBLE: EV_object_visible #############################
[INFO] [1789488455.647576586] [robot_0.robot_supervisor]: Selected controllable event: EV_approach_object
[INFO] [1789488455.920326328] [robot_0.robot_supervisor]: ############################# VISIBLE: EV_object_visible #############################
[INFO] [1789488455.924319191] [robot_0.robot_supervisor]: Selected controllable event: EV_approach_object
[INFO] [1789488456.225140678] [robot_0.robot_supervisor]: Selected controllable event: EV_move_forward
[INFO] [1789488456.536479436] [robot_0.robot_supervisor]: Selected controllable event: EV_move_forward
[INFO] [1789488456.809827295] [robot_0.robot_supervisor]: ############################# VISIBLE: EV_object_visible #############################
[INFO] [1789488456.819733379] [robot_0.robot_supervisor]: Selected controllable event: EV_move_forward
[INFO] [1789488457.140707040] [robot_0.robot_supervisor]: Selected controllable event: EV_approach_object
[INFO] [1789488457.416354956] [robot_0.robot_supervisor]: Selected controllable event: EV_move_forward
[INFO] [1789488457.715461685] [robot_0.robot_supervisor]: Triggered uncontrollable event: EV_object_not_visible
[INFO] [1789488457.733774096] [robot_0.robot_supervisor]: Selected controllable event: EV_move_forward
[INFO] [1789488458.014597297] [robot_0.robot_supervisor]: Selected controllable event: EV_move_forward
[INFO] [1789488458.230970308] [robot_0.robot_supervisor]: Selected controllable event: EV_search_object
[INFO] [1789488458.448378436] [robot_0.robot_supervisor]: Selected controllable event: EV_move_forward
[INFO] [1789488458.731802721] [robot_0.robot_supervisor]: Triggered uncontrollable event: EV_object_not_visible
[INFO] [1789488458.747107709] [robot_0.robot_supervisor]: Selected controllable event: EV_move_forward
[INFO] [1789488459.019976986] [robot_0.robot_supervisor]: Selected controllable event: EV_search_object
[INFO] [1789488459.229222445] [robot_0.robot_supervisor]: Selected controllable event: EV_move_forward
[INFO] [1789488459.539949255] [robot_0.robot_supervisor]: Triggered uncontrollable event: EV_object_not_visible
[INFO] [1789488459.540948559] [robot_0.robot_supervisor]: Selected controllable event: EV_search_object
[INFO] [1789488459.733886769] [robot_0.robot_supervisor]: Selected controllable event: EV_move_forward
[INFO] [1789488459.936225526] [robot_0.robot_supervisor]: Selected controllable event: EV_search_object
[INFO] [1789488460.118514454] [robot_0.robot_supervisor]: Selected controllable event: EV_move_forward
[INFO] [1789488460.422789879] [robot_0.robot_supervisor]: Triggered uncontrollable event: EV_object_not_visible
[INFO] [1789488460.434704087] [robot_0.robot_supervisor]: Selected controllable event: EV_search_object
[INFO] [1789488460.640000473] [robot_0.robot_supervisor]: Selected controllable event: EV_search_object
[INFO] [1789488460.836425627] [robot_0.robot_supervisor]: Selected controllable event: EV_move_forward
[INFO] [1789488461.118230121] [robot_0.robot_supervisor]: Selected controllable event: EV_move_forward
[INFO] [1789488461.337999041] [robot_0.robot_supervisor]: Triggered uncontrollable event: EV_object_not_visible
[INFO] [1789488461.348675574] [robot_0.robot_supervisor]: Selected controllable event: EV_search_object
[INFO] [1789488461.534770185] [robot_0.robot_supervisor]: Selected controllable event: EV_search_object
[INFO] [1789488461.762559442] [robot_0.robot_supervisor]: Selected controllable event: EV_search_object
[INFO] [1789488461.926493122] [robot_0.robot_supervisor]: Selected controllable event: EV_move_forward
[INFO] [1789488462.235255510] [robot_0.robot_supervisor]: Triggered uncontrollable event: EV_object_not_visible
[INFO] [1789488462.242938498] [robot_0.robot_supervisor]: Selected controllable event: EV_search_object
[INFO] [1789488462.413263354] [robot_0.robot_supervisor]: Selected controllable event: EV_move_forward
[INFO] [1789488462.639838943] [robot_0.robot_supervisor]: Selected controllable event: EV_move_forward
[INFO] [1789488462.928926234] [robot_0.robot_supervisor]: Selected controllable event: EV_move_forward
[INFO] [1789488463.141697240] [robot_0.robot_supervisor]: Triggered uncontrollable event: EV_object_not_visible
[INFO] [1789488463.142665706] [robot_0.robot_supervisor]: Selected controllable event: EV_move_forward
[INFO] [1789488463.426150101] [robot_0.robot_supervisor]: Selected controllable event: EV_move_forward
[INFO] [1789488463.722392157] [robot_0.robot_supervisor]: Selected controllable event: EV_search_object
[INFO] [1789488463.852692651] [robot_0.robot_supervisor]: Selected controllable event: EV_search_object
[INFO] [1789488464.019398416] [robot_0.robot_supervisor]: Triggered uncontrollable event: EV_object_not_visible
[INFO] [1789488464.035831724] [robot_0.robot_supervisor]: Selected controllable event: EV_search_object
[INFO] [1789488464.229798074] [robot_0.robot_supervisor]: Selected controllable event: EV_move_forward
[INFO] [1789488464.441714725] [robot_0.robot_supervisor]: Selected controllable event: EV_search_object
[INFO] [1789488464.644365465] [robot_0.robot_supervisor]: Selected controllable event: EV_move_forward
[INFO] [1789488464.943208597] [robot_0.robot_supervisor]: Triggered uncontrollable event: EV_object_not_visible
[INFO] [1789488464.944227309] [robot_0.robot_supervisor]: Selected controllable event: EV_search_object
[INFO] [1789488465.123977847] [robot_0.robot_supervisor]: Selected controllable event: EV_move_forward
[INFO] [1789488465.433225060] [robot_0.robot_supervisor]: Selected controllable event: EV_search_object
[INFO] [1789488465.643277909] [robot_0.robot_supervisor]: Selected controllable event: EV_move_forward
[INFO] [1789488465.940049516] [robot_0.robot_supervisor]: Triggered uncontrollable event: EV_object_not_visible
[INFO] [1789488465.941308140] [robot_0.robot_supervisor]: Selected controllable event: EV_search_object
[INFO] [1789488466.052163150] [robot_0.robot_supervisor]: Selected controllable event: EV_move_forward
[INFO] [1789488466.323187699] [robot_0.robot_supervisor]: Selected controllable event: EV_move_forward
[INFO] [1789488466.651170614] [robot_0.robot_supervisor]: Triggered uncontrollable event: EV_object_not_visible
[INFO] [1789488466.656611489] [robot_0.robot_supervisor]: Selected controllable event: EV_move_forward
[INFO] [1789488466.944375486] [robot_0.robot_supervisor]: Selected controllable event: EV_search_object
[INFO] [1789488467.129867341] [robot_0.robot_supervisor]: Selected controllable event: EV_search_object
[INFO] [1789488467.321354365] [robot_0.robot_supervisor]: Selected controllable event: EV_search_object
[INFO] [1789488467.447767301] [robot_0.robot_supervisor]: Selected controllable event: EV_search_object
[INFO] [1789488467.624274151] [robot_0.robot_supervisor]: Triggered uncontrollable event: EV_object_not_visible
[INFO] [1789488467.625398599] [robot_0.robot_supervisor]: Selected controllable event: EV_move_forward
[INFO] [1789488467.930582904] [robot_0.robot_supervisor]: Selected controllable event: EV_move_forward
[INFO] [1789488468.240333177] [robot_0.robot_supervisor]: Selected controllable event: EV_move_forward
[INFO] [1789488468.534392876] [robot_0.robot_supervisor]: Triggered uncontrollable event: EV_object_not_visible
[INFO] [1789488468.535496244] [robot_0.robot_supervisor]: Selected controllable event: EV_search_object
[INFO] [1789488468.641303901] [robot_0.robot_supervisor]: Selected controllable event: EV_search_object
[INFO] [1789488468.835576745] [robot_0.robot_supervisor]: Selected controllable event: EV_move_forward
[INFO] [1789488469.126888536] [robot_0.robot_supervisor]: Selected controllable event: EV_search_object
[INFO] [1789488469.323718626] [robot_0.robot_supervisor]: Selected controllable event: EV_search_object
[INFO] [1789488469.518626610] [robot_0.robot_supervisor]: Triggered uncontrollable event: EV_object_not_visible
[INFO] [1789488469.533169015] [robot_0.robot_supervisor]: Selected controllable event: EV_search_object
[INFO] [1789488469.732871198] [robot_0.robot_supervisor]: Selected controllable event: EV_search_object
[INFO] [1789488469.945390360] [robot_0.robot_supervisor]: Selected controllable event: EV_move_forward
[INFO] [1789488470.231401510] [robot_0.robot_supervisor]: Selected controllable event: EV_search_object
[INFO] [1789488470.359702757] [robot_0.robot_supervisor]: Selected controllable event: EV_move_forward
[INFO] [1789488470.640265666] [robot_0.robot_supervisor]: Triggered uncontrollable event: EV_object_not_visible
[INFO] [1789488470.641342246] [robot_0.robot_supervisor]: Selected controllable event: EV_move_forward
[INFO] [1789488470.930298231] [robot_0.robot_supervisor]: Selected controllable event: EV_search_object
[INFO] [1789488471.054011720] [robot_0.robot_supervisor]: Selected controllable event: EV_move_forward
[INFO] [1789488471.345654576] [robot_0.robot_supervisor]: Selected controllable event: EV_search_object
[INFO] [1789488471.449346656] [robot_0.robot_supervisor]: Selected controllable event: EV_move_forward
[INFO] [1789488471.738648484] [robot_0.robot_supervisor]: Triggered uncontrollable event: EV_object_not_visible
[INFO] [1789488471.739692002] [robot_0.robot_supervisor]: Selected controllable event: EV_search_object
[INFO] [1789488471.942970144] [robot_0.robot_supervisor]: Selected controllable event: EV_search_object
[INFO] [1789488472.133578162] [robot_0.robot_supervisor]: Selected controllable event: EV_search_object
[INFO] [1789488472.335732031] [robot_0.robot_supervisor]: Selected controllable event: EV_move_forward
[INFO] [1789488472.634593096] [robot_0.robot_supervisor]: Triggered uncontrollable event: EV_object_not_visible
[INFO] [1789488472.635676903] [robot_0.robot_supervisor]: Selected controllable event: EV_search_object
[INFO] [1789488472.834230944] [robot_0.robot_supervisor]: Selected controllable event: EV_search_object
[INFO] [1789488473.033027848] [robot_0.robot_supervisor]: Selected controllable event: EV_move_forward
[INFO] [1789488473.330663315] [robot_0.robot_supervisor]: Selected controllable event: EV_move_forward
[INFO] [1789488473.625805310] [robot_0.robot_supervisor]: Triggered uncontrollable event: EV_obstacle_right
[INFO] [1789488473.648192390] [robot_0.robot_supervisor]: Selected controllable event: EV_u_turn
[INFO] [1789488473.649164740] [robot_0.robot_supervisor]: Starting FULL ROTATE (omega=1.000, have_odom=True, target_rad=3.142, timeout_s=3.500)
[INFO] [1789488477.242340122] [robot_0.robot_supervisor]: FULL ROTATE completed by timeout
[INFO] [1789488477.549806641] [robot_0.robot_supervisor]: ############################# VISIBLE: EV_object_visible #############################
[INFO] [1789488477.550829240] [robot_0.robot_supervisor]: Selected controllable event: EV_move_forward
[INFO] [1789488477.829426068] [robot_0.robot_supervisor]: Selected controllable event: EV_approach_object
[INFO] [1789488478.113242707] [robot_0.robot_supervisor]: Selected controllable event: EV_move_forward
[INFO] [1789488478.322898775] [robot_0.robot_supervisor]: Selected controllable event: EV_move_forward
[INFO] [1789488478.640169673] [robot_0.robot_supervisor]: ############################# VISIBLE: EV_object_visible #############################
[INFO] [1789488478.643472495] [robot_0.robot_supervisor]: Selected controllable event: EV_move_forward
[INFO] [1789488478.922108943] [robot_0.robot_supervisor]: Selected controllable event: EV_approach_object
[INFO] [1789488479.142221746] [robot_0.robot_supervisor]: Selected controllable event: EV_move_forward
[INFO] [1789488479.356044292] [robot_0.robot_supervisor]: Selected controllable event: EV_approach_object
[INFO] [1789488479.640270743] [robot_0.robot_supervisor]: ############################# VISIBLE: EV_object_visible #############################
[INFO] [1789488479.641556016] [robot_0.robot_supervisor]: Selected controllable event: EV_move_forward
[INFO] [1789488479.926152388] [robot_0.robot_supervisor]: Selected controllable event: EV_move_forward
[INFO] [1789488480.155993188] [robot_0.robot_supervisor]: Selected controllable event: EV_move_forward
[INFO] [1789488480.413481938] [robot_0.robot_supervisor]: ############################# VISIBLE: EV_object_visible #############################
[INFO] [1789488480.427527856] [robot_0.robot_supervisor]: Selected controllable event: EV_move_forward
[INFO] [1789488480.727246558] [robot_0.robot_supervisor]: Selected controllable event: EV_move_forward
[INFO] [1789488481.035820596] [robot_0.robot_supervisor]: Selected controllable event: EV_approach_object
[INFO] [1789488481.334829192] [robot_0.robot_supervisor]: ############################# VISIBLE: EV_object_visible #############################
[INFO] [1789488481.339206494] [robot_0.robot_supervisor]: Selected controllable event: EV_move_forward
[INFO] [1789488481.610298841] [robot_0.robot_supervisor]: Selected controllable event: EV_move_forward
[INFO] [1789488481.825260662] [robot_0.robot_supervisor]: Selected controllable event: EV_approach_object
[INFO] [1789488482.134553983] [robot_0.robot_supervisor]: Selected controllable event: EV_approach_object
[INFO] [1789488482.421866276] [robot_0.robot_supervisor]: ############################# VISIBLE: EV_object_visible #############################
[INFO] [1789488482.435479791] [robot_0.robot_supervisor]: Selected controllable event: EV_approach_object
[INFO] [1789488482.739718900] [robot_0.robot_supervisor]: Selected controllable event: EV_approach_object
[INFO] [1789488482.949604167] [robot_0.robot_supervisor]: Selected controllable event: EV_approach_object
[INFO] [1789488483.238142777] [robot_0.robot_supervisor]: Selected controllable event: EV_approach_object
[INFO] [1789488483.536152660] [robot_0.robot_supervisor]: ############################# VISIBLE: EV_object_visible #############################
[INFO] [1789488483.552063806] [robot_0.robot_supervisor]: Selected controllable event: EV_approach_object
[INFO] [1789488483.811067668] [robot_0.robot_supervisor]: Selected controllable event: EV_approach_object
[INFO] [1789488484.134389792] [robot_0.robot_supervisor]: Selected controllable event: EV_approach_object
[INFO] [1789488484.430586863] [robot_0.robot_supervisor]: Selected controllable event: EV_approach_object
[INFO] [1789488484.714071500] [robot_0.robot_supervisor]: ############################# VISIBLE: EV_object_visible #############################
[INFO] [1789488484.715076768] [robot_0.robot_supervisor]: Selected controllable event: EV_move_forward
[INFO] [1789488484.928846099] [robot_0.robot_supervisor]: Selected controllable event: EV_move_forward
[INFO] [1789488485.149758800] [robot_0.robot_supervisor]: Selected controllable event: EV_move_forward
[INFO] [1789488485.424392503] [robot_0.robot_supervisor]: ############################# VISIBLE: EV_object_visible #############################
[INFO] [1789488485.442138946] [robot_0.robot_supervisor]: Selected controllable event: EV_move_forward
[INFO] [1789488485.712693989] [robot_0.robot_supervisor]: Selected controllable event: EV_approach_object
[INFO] [1789488486.033514321] [robot_0.robot_supervisor]: Selected controllable event: EV_move_forward
[INFO] [1789488486.319197911] [robot_0.robot_supervisor]: ############################# VISIBLE: EV_object_visible #############################
[INFO] [1789488486.324611433] [robot_0.robot_supervisor]: Selected controllable event: EV_move_forward
[INFO] [1789488486.628555668] [robot_0.robot_supervisor]: Selected controllable event: EV_approach_object
[INFO] [1789488486.920635347] [robot_0.robot_supervisor]: Selected controllable event: EV_move_forward
[INFO] [1789488487.147752572] [robot_0.robot_supervisor]: Triggered uncontrollable event: EV_obstacle_front
[INFO] [1789488487.148813222] [robot_0.robot_supervisor]: Selected controllable event: EV_u_turn
[INFO] [1789488487.168710006] [robot_0.robot_supervisor]: Starting FULL ROTATE (omega=1.000, have_odom=True, target_rad=3.142, timeout_s=3.500)
