1789489914.9614601 [INFO] [launch]: All log files can be found below /home/ecem/sct_ws/src/llm_sct/RESULTS_LAST/baseline/delivery_stack_xml/batch_logs/ros_slot3/2026-09-15-18-31-54-960199-ecem-pc-75743
1789489914.9616320 [INFO] [launch]: Default logging verbosity is set to INFO
1789489916.1992579 [INFO] [ign gazebo-1]: process started with pid [75870]
1789489916.1995699 [INFO] [image_bridge-2]: process started with pid [75872]
1789489916.1997290 [INFO] [simulation_video_recorder-3]: process started with pid [75877]
1789489916.2239661 [INFO] [coverage_counter-4]: process started with pid [75879]
1789489916.2242708 [INFO] [bump_counter-5]: process started with pid [75897]
1789489916.2244315 [INFO] [parameter_bridge-6]: process started with pid [75902]
1789489916.2245674 [INFO] [robot_state_publisher-7]: process started with pid [75905]
1789489916.2246892 [INFO] [create-8]: process started with pid [75917]
1789489916.2248096 [INFO] [static_transform_publisher-9]: process started with pid [75925]
1789489916.2249441 [INFO] [image_bridge-10]: process started with pid [75929]
1789489916.2250667 [INFO] [robot_state_publisher-11]: process started with pid [75933]
1789489916.2251759 [INFO] [create-12]: process started with pid [75945]
1789489916.2252867 [INFO] [static_transform_publisher-13]: process started with pid [75964]
1789489916.2253926 [INFO] [image_bridge-14]: process started with pid [75985]
1789489916.2254915 [INFO] [robot_state_publisher-15]: process started with pid [76012]
1789489916.2255950 [INFO] [create-16]: process started with pid [76022]
1789489916.2256992 [INFO] [static_transform_publisher-17]: process started with pid [76039]
1789489916.2258060 [INFO] [image_bridge-18]: process started with pid [76054]
1789489916.2259171 [INFO] [parameter_bridge-19]: process started with pid [76073]
1789489919.0196390 [INFO] [create-8]: process has finished cleanly [pid 75917]
1789489919.0426772 [INFO] [create-16]: process has finished cleanly [pid 76022]
1789489919.0429552 [INFO] [create-12]: process has finished cleanly [pid 75945]
1789489919.1702769 [INFO] [balanced_delivery_supervisor-20]: process started with pid [76783]
1789489919.1705668 [INFO] [stuck_recovery-21]: process started with pid [76785]
1789489919.1718268 [INFO] [balanced_delivery_supervisor-22]: process started with pid [76791]
1789489919.1720350 [INFO] [stuck_recovery-23]: process started with pid [76793]
1789489919.1722817 [INFO] [balanced_delivery_supervisor-24]: process started with pid [76799]
1789489919.1724076 [INFO] [stuck_recovery-25]: process started with pid [76802]
1789489921.2573497 [INFO] [image_processor-26]: process started with pid [77020]
1789489921.2576356 [INFO] [color_detector-27]: process started with pid [77022]
1789489921.2953501 [INFO] [image_processor-28]: process started with pid [77046]
1789489921.2956126 [INFO] [color_detector-29]: process started with pid [77051]
1789489921.4753578 [INFO] [image_processor-30]: process started with pid [77079]
1789489921.4756267 [INFO] [color_detector-31]: process started with pid [77081]
1789490099.1201892 [INFO] [coverage_counter-4]: process has finished cleanly [pid 75879]
1789490099.1253419 [INFO] [launch]: process[coverage_counter-4] was required: shutting down launched system
1789490099.3257036 [INFO] [color_detector-31]: sending signal 'SIGINT' to process[color_detector-31]
1789490099.3844602 [INFO] [image_processor-30]: sending signal 'SIGINT' to process[image_processor-30]
1789490099.4391813 [INFO] [color_detector-29]: sending signal 'SIGINT' to process[color_detector-29]
1789490099.5447741 [INFO] [image_processor-28]: sending signal 'SIGINT' to process[image_processor-28]
1789490099.7548437 [INFO] [color_detector-27]: sending signal 'SIGINT' to process[color_detector-27]
1789490099.8443584 [INFO] [image_processor-26]: sending signal 'SIGINT' to process[image_processor-26]
1789490099.8898258 [INFO] [stuck_recovery-25]: sending signal 'SIGINT' to process[stuck_recovery-25]
1789490099.9455838 [INFO] [balanced_delivery_supervisor-24]: sending signal 'SIGINT' to process[balanced_delivery_supervisor-24]
1789490099.9986646 [INFO] [stuck_recovery-23]: sending signal 'SIGINT' to process[stuck_recovery-23]
1789490100.1456144 [INFO] [balanced_delivery_supervisor-22]: sending signal 'SIGINT' to process[balanced_delivery_supervisor-22]
1789490100.1873045 [INFO] [stuck_recovery-21]: sending signal 'SIGINT' to process[stuck_recovery-21]
1789490100.2027943 [INFO] [balanced_delivery_supervisor-20]: sending signal 'SIGINT' to process[balanced_delivery_supervisor-20]
1789490100.2256761 [INFO] [parameter_bridge-19]: sending signal 'SIGINT' to process[parameter_bridge-19]
1789490100.2676702 [INFO] [image_bridge-18]: sending signal 'SIGINT' to process[image_bridge-18]
1789490100.3180585 [INFO] [parameter_bridge-19]: process has finished cleanly [pid 76073]
1789490100.3811619 [INFO] [static_transform_publisher-17]: sending signal 'SIGINT' to process[static_transform_publisher-17]
1789490100.4661853 [INFO] [robot_state_publisher-15]: sending signal 'SIGINT' to process[robot_state_publisher-15]
1789490100.5251968 [INFO] [image_bridge-14]: sending signal 'SIGINT' to process[image_bridge-14]
1789490100.5901875 [INFO] [static_transform_publisher-13]: sending signal 'SIGINT' to process[static_transform_publisher-13]
1789490100.6388216 [INFO] [robot_state_publisher-11]: sending signal 'SIGINT' to process[robot_state_publisher-11]
1789490100.7136917 [INFO] [image_bridge-10]: sending signal 'SIGINT' to process[image_bridge-10]
1789490100.7835224 [INFO] [static_transform_publisher-9]: sending signal 'SIGINT' to process[static_transform_publisher-9]
1789490100.8533564 [INFO] [robot_state_publisher-7]: sending signal 'SIGINT' to process[robot_state_publisher-7]
1789490100.9463148 [INFO] [parameter_bridge-6]: sending signal 'SIGINT' to process[parameter_bridge-6]
1789490101.0238323 [INFO] [bump_counter-5]: sending signal 'SIGINT' to process[bump_counter-5]
1789490101.1091318 [INFO] [simulation_video_recorder-3]: sending signal 'SIGINT' to process[simulation_video_recorder-3]
1789490101.1105175 [INFO] [parameter_bridge-6]: process has finished cleanly [pid 75902]
1789490101.1990447 [INFO] [image_bridge-2]: sending signal 'SIGINT' to process[image_bridge-2]
1789490101.2883008 [INFO] [ign gazebo-1]: sending signal 'SIGINT' to process[ign gazebo-1]
1789490101.4787078 [ERROR] [image_processor-30]: process has died [pid 77079, exit code 1, cmd '/home/ecem/sct_ws/install/leo_image_processing/lib/leo_image_processing/image_processor --ros-args -r __node:=image_processor -r __ns:=/robot_1 --params-file /tmp/launch_params_znaesh4p --params-file /tmp/launch_params_pfs4biew --params-file /tmp/launch_params_zkm8awko'].
1789490101.4790020 [INFO] [static_transform_publisher-17]: process has finished cleanly [pid 76039]
1789490101.4957106 [INFO] [image_bridge-18]: process has finished cleanly [pid 76054]
1789490101.5942070 [INFO] [robot_state_publisher-15]: process has finished cleanly [pid 76012]
1789490101.6111646 [ERROR] [color_detector-27]: process has died [pid 77022, exit code 1, cmd '/home/ecem/sct_ws/install/leo_image_processing/lib/leo_image_processing/color_detector --ros-args -r __node:=target_detector -r __ns:=/robot_0 --params-file /tmp/launch_params_lwmp7qg1 --params-file /tmp/launch_params_amjf7ht4 --params-file /tmp/launch_params_9jingwax --params-file /tmp/launch_params_jhv5kz7b --params-file /tmp/launch_params_a99n_qqn --params-file /tmp/launch_params_d4rvaelx'].
1789490101.6254392 [ERROR] [color_detector-31]: process has died [pid 77081, exit code 1, cmd '/home/ecem/sct_ws/install/leo_image_processing/lib/leo_image_processing/color_detector --ros-args -r __node:=target_detector -r __ns:=/robot_1 --params-file /tmp/launch_params__wfc2kqz --params-file /tmp/launch_params_3s1b6eek --params-file /tmp/launch_params__t0lf4ur --params-file /tmp/launch_params_m8dmp9i6 --params-file /tmp/launch_params_h6uug04f --params-file /tmp/launch_params_w96ez_2v'].
1789490101.6543405 [INFO] [static_transform_publisher-13]: process has finished cleanly [pid 75964]
1789490101.6927173 [ERROR] [color_detector-29]: process has died [pid 77051, exit code 1, cmd '/home/ecem/sct_ws/install/leo_image_processing/lib/leo_image_processing/color_detector --ros-args -r __node:=target_detector -r __ns:=/robot_2 --params-file /tmp/launch_params_77d3hbjt --params-file /tmp/launch_params_fa8pe92e --params-file /tmp/launch_params_25445a4e --params-file /tmp/launch_params_s2fndiw6 --params-file /tmp/launch_params_2f5kl0ue --params-file /tmp/launch_params_fgy_lnyp'].
1789490101.7027397 [INFO] [balanced_delivery_supervisor-24]: process has finished cleanly [pid 76799]
1789490101.7249682 [INFO] [image_bridge-14]: process has finished cleanly [pid 75985]
1789490101.7252433 [INFO] [robot_state_publisher-11]: process has finished cleanly [pid 75933]
1789490101.7361777 [ERROR] [image_processor-28]: process has died [pid 77046, exit code 1, cmd '/home/ecem/sct_ws/install/leo_image_processing/lib/leo_image_processing/image_processor --ros-args -r __node:=image_processor -r __ns:=/robot_2 --params-file /tmp/launch_params_k3fik_9x --params-file /tmp/launch_params_zqr1_p0k --params-file /tmp/launch_params_q67ji65s'].
1789490101.8248210 [ERROR] [image_processor-26]: process has died [pid 77020, exit code 1, cmd '/home/ecem/sct_ws/install/leo_image_processing/lib/leo_image_processing/image_processor --ros-args -r __node:=image_processor -r __ns:=/robot_0 --params-file /tmp/launch_params_e5nj8foj --params-file /tmp/launch_params_h2nuuuxs --params-file /tmp/launch_params_i9nmzxb9'].
1789490101.8250887 [INFO] [image_bridge-10]: process has finished cleanly [pid 75929]
1789490101.8551219 [INFO] [static_transform_publisher-9]: process has finished cleanly [pid 75925]
1789490101.8731620 [INFO] [balanced_delivery_supervisor-22]: process has finished cleanly [pid 76791]
1789490101.9222646 [INFO] [robot_state_publisher-7]: process has finished cleanly [pid 75905]
1789490101.9330821 [ERROR] [stuck_recovery-25]: process has died [pid 76802, exit code 1, cmd '/home/ecem/sct_ws/install/leo_image_processing/lib/leo_image_processing/stuck_recovery --ros-args -r __node:=stuck_recovery -r __ns:=/robot_1 --params-file /tmp/launch_params_em65y72q --params-file /tmp/launch_params_yll5szky --params-file /tmp/launch_params_vhm2zo65 --params-file /tmp/launch_params_1eomfseh --params-file /tmp/launch_params_kmth5m9y --params-file /tmp/launch_params_vx67rgbr --params-file /tmp/launch_params_vnh_r_t_ --params-file /tmp/launch_params_nzokgxhs --params-file /tmp/launch_params_jfe5bcrp --params-file /tmp/launch_params_8ndzeeq_'].
1789490101.9602330 [ERROR] [stuck_recovery-23]: process has died [pid 76793, exit code 1, cmd '/home/ecem/sct_ws/install/leo_image_processing/lib/leo_image_processing/stuck_recovery --ros-args -r __node:=stuck_recovery -r __ns:=/robot_2 --params-file /tmp/launch_params_uo9rp000 --params-file /tmp/launch_params_q2ql1fd5 --params-file /tmp/launch_params_gjd79tj5 --params-file /tmp/launch_params_laugzh_f --params-file /tmp/launch_params_ohtqxt5b --params-file /tmp/launch_params_vd17yhjz --params-file /tmp/launch_params_easb44me --params-file /tmp/launch_params_ljcl4pqt --params-file /tmp/launch_params_zlak6lwk --params-file /tmp/launch_params_qben6qi1'].
1789490101.9819477 [ERROR] [stuck_recovery-21]: process has died [pid 76785, exit code 1, cmd '/home/ecem/sct_ws/install/leo_image_processing/lib/leo_image_processing/stuck_recovery --ros-args -r __node:=stuck_recovery -r __ns:=/robot_0 --params-file /tmp/launch_params_jdfr2kt4 --params-file /tmp/launch_params_o9g1ybd1 --params-file /tmp/launch_params_h7gy169o --params-file /tmp/launch_params_yqkpvo_m --params-file /tmp/launch_params_aex28ny9 --params-file /tmp/launch_params_f36lj9tz --params-file /tmp/launch_params_y21n4tcq --params-file /tmp/launch_params_x4d07bve --params-file /tmp/launch_params_u38xufje --params-file /tmp/launch_params__421ppxh'].
1789490101.9972601 [ERROR] [balanced_delivery_supervisor-20]: process has died [pid 76783, exit code 1, cmd '/home/ecem/sct_ws/install/leo_delivery/lib/leo_delivery/balanced_delivery_supervisor --ros-args -r __node:=robot_supervisor -r __ns:=/robot_0 --params-file /tmp/launch_params_azicajbq --params-file /tmp/launch_params_803kopxb --params-file /tmp/launch_params_a63gq8cn --params-file /tmp/launch_params_09dxyhnt --params-file /tmp/launch_params_oohr9mp4 --params-file /tmp/launch_params_s6wzcj2j --params-file /tmp/launch_params_07plex_q --params-file /tmp/launch_params_sxq0dnbg --params-file /tmp/launch_params_vjx91lda -r cmd_vel:=cmd_vel_supervisor'].
1789490102.1840613 [ERROR] [bump_counter-5]: process has died [pid 75897, exit code 1, cmd '/home/ecem/sct_ws/install/evaluation/lib/evaluation/bump_counter --ros-args -r __node:=bump_counter --params-file /tmp/launch_params_mt9somnv --params-file /tmp/launch_params_x5d0bq1k --params-file /tmp/launch_params_ns4y4vkv --params-file /tmp/launch_params_envd2r7u --params-file /tmp/launch_params_40_nf71r --params-file /tmp/launch_params_uxnv9rdj --params-file /tmp/launch_params_xfmnt8ee --params-file /tmp/launch_params_hhlc5dkx'].
1789490102.2197115 [INFO] [simulation_video_recorder-3]: process has finished cleanly [pid 75877]
1789490102.2476118 [INFO] [image_bridge-2]: process has finished cleanly [pid 75872]
1789490104.3287113 [ERROR] [ign gazebo-1]: process[ign gazebo-1] failed to terminate '5' seconds after receiving 'SIGINT', escalating to 'SIGTERM'
1789490104.3323791 [INFO] [ign gazebo-1]: sending signal 'SIGTERM' to process[ign gazebo-1]
1789490104.3327882 [ERROR] [ign gazebo-1]: process has died [pid 75870, exit code -15, cmd 'ruby /usr/bin/ign gazebo /tmp/leo_delivery_no_overhead_camera_6yc_oif6.sdf -s --headless-rendering -r -z 200 --force-version 6'].
1789490104.3330388 [INFO] [launch]: process[ign gazebo-1] was required: shutting down launched system
