1788354076.2946670 [INFO] [launch]: All log files can be found below /home/ecem/sct_ws/src/llm_sct/new_results/baseline/batch_logs/ros_exploration_seed_1001/2026-09-02-15-01-16-291511-ecem-pc-64510
1788354076.2957280 [INFO] [launch]: Default logging verbosity is set to INFO
1788354079.1494672 [INFO] [ign gazebo-1]: process started with pid [65306]
1788354079.1553419 [INFO] [image_bridge-2]: process started with pid [65309]
1788354079.1607335 [INFO] [simulation_video_recorder-3]: process started with pid [65311]
1788354079.1633580 [INFO] [coverage_counter-4]: process started with pid [65313]
1788354079.1695280 [INFO] [bump_counter-5]: process started with pid [65315]
1788354079.1729097 [INFO] [parameter_bridge-6]: process started with pid [65317]
1788354079.1776588 [INFO] [robot_state_publisher-7]: process started with pid [65319]
1788354079.1785300 [INFO] [create-8]: process started with pid [65321]
1788354079.1789031 [INFO] [static_transform_publisher-9]: process started with pid [65323]
1788354079.1791286 [INFO] [image_bridge-10]: process started with pid [65325]
1788354079.1793249 [INFO] [robot_state_publisher-11]: process started with pid [65327]
1788354079.1795225 [INFO] [create-12]: process started with pid [65329]
1788354079.1796956 [INFO] [static_transform_publisher-13]: process started with pid [65332]
1788354079.1798651 [INFO] [image_bridge-14]: process started with pid [65334]
1788354079.1800294 [INFO] [robot_state_publisher-15]: process started with pid [65336]
1788354079.1801987 [INFO] [create-16]: process started with pid [65338]
1788354079.1803718 [INFO] [static_transform_publisher-17]: process started with pid [65340]
1788354079.1805639 [INFO] [image_bridge-18]: process started with pid [65342]
1788354079.1852682 [INFO] [parameter_bridge-19]: process started with pid [65350]
1788354082.2521803 [INFO] [create-8]: process has finished cleanly [pid 65321]
1788354082.3085544 [INFO] [create-12]: process has finished cleanly [pid 65329]
1788354082.3389270 [INFO] [create-16]: process has finished cleanly [pid 65338]
1788354082.4641147 [INFO] [robot_supervisor-20]: process started with pid [66038]
1788354082.4648011 [INFO] [stuck_recovery-21]: process started with pid [66040]
1788354082.4801500 [INFO] [robot_supervisor-22]: process started with pid [66042]
1788354082.4807994 [INFO] [stuck_recovery-23]: process started with pid [66044]
1788354082.4814401 [INFO] [robot_supervisor-24]: process started with pid [66046]
1788354082.4817305 [INFO] [stuck_recovery-25]: process started with pid [66048]
1788354084.4182968 [INFO] [image_processor-26]: process started with pid [66219]
1788354084.4196239 [INFO] [image_processor-27]: process started with pid [66221]
1788354084.4831011 [INFO] [image_processor-28]: process started with pid [66235]
1788354378.9600396 [INFO] [image_processor-28]: sending signal 'SIGINT' to process[image_processor-28]
1788354378.9694042 [INFO] [image_processor-27]: sending signal 'SIGINT' to process[image_processor-27]
1788354378.9844530 [INFO] [image_processor-26]: sending signal 'SIGINT' to process[image_processor-26]
1788354378.9981868 [INFO] [stuck_recovery-25]: sending signal 'SIGINT' to process[stuck_recovery-25]
1788354379.0102923 [INFO] [robot_supervisor-24]: sending signal 'SIGINT' to process[robot_supervisor-24]
1788354379.0224860 [INFO] [stuck_recovery-23]: sending signal 'SIGINT' to process[stuck_recovery-23]
1788354379.0324206 [INFO] [robot_supervisor-22]: sending signal 'SIGINT' to process[robot_supervisor-22]
1788354379.0423317 [INFO] [stuck_recovery-21]: sending signal 'SIGINT' to process[stuck_recovery-21]
1788354379.0526395 [INFO] [robot_supervisor-20]: sending signal 'SIGINT' to process[robot_supervisor-20]
1788354379.0622981 [INFO] [parameter_bridge-19]: sending signal 'SIGINT' to process[parameter_bridge-19]
1788354379.0724878 [INFO] [image_bridge-18]: sending signal 'SIGINT' to process[image_bridge-18]
1788354379.0866449 [INFO] [static_transform_publisher-17]: sending signal 'SIGINT' to process[static_transform_publisher-17]
1788354379.0997553 [INFO] [robot_state_publisher-15]: sending signal 'SIGINT' to process[robot_state_publisher-15]
1788354379.1132927 [INFO] [image_bridge-14]: sending signal 'SIGINT' to process[image_bridge-14]
1788354379.1290305 [INFO] [static_transform_publisher-13]: sending signal 'SIGINT' to process[static_transform_publisher-13]
1788354379.1458549 [INFO] [robot_state_publisher-11]: sending signal 'SIGINT' to process[robot_state_publisher-11]
1788354379.1639547 [INFO] [image_bridge-10]: sending signal 'SIGINT' to process[image_bridge-10]
1788354379.2487738 [INFO] [static_transform_publisher-9]: sending signal 'SIGINT' to process[static_transform_publisher-9]
1788354379.2596259 [INFO] [robot_state_publisher-7]: sending signal 'SIGINT' to process[robot_state_publisher-7]
1788354379.2711849 [INFO] [parameter_bridge-6]: sending signal 'SIGINT' to process[parameter_bridge-6]
1788354379.2822311 [INFO] [bump_counter-5]: sending signal 'SIGINT' to process[bump_counter-5]
1788354379.2974272 [INFO] [coverage_counter-4]: sending signal 'SIGINT' to process[coverage_counter-4]
1788354379.3126452 [INFO] [simulation_video_recorder-3]: sending signal 'SIGINT' to process[simulation_video_recorder-3]
1788354379.3147409 [INFO] [parameter_bridge-6]: process has finished cleanly [pid 65317]
1788354379.3249905 [INFO] [image_bridge-2]: sending signal 'SIGINT' to process[image_bridge-2]
1788354379.3348763 [INFO] [ign gazebo-1]: sending signal 'SIGINT' to process[ign gazebo-1]
1788354380.1743050 [INFO] [image_bridge-18]: process has finished cleanly [pid 65342]
1788354380.2034903 [INFO] [static_transform_publisher-17]: process has finished cleanly [pid 65340]
1788354380.2040162 [INFO] [robot_supervisor-24]: process has finished cleanly [pid 66046]
1788354380.2355416 [INFO] [robot_supervisor-22]: process has finished cleanly [pid 66042]
1788354380.2376616 [INFO] [robot_state_publisher-15]: process has finished cleanly [pid 65336]
1788354380.2381656 [ERROR] [image_processor-28]: process has died [pid 66235, exit code 1, cmd '/home/ecem/sct_ws/install/leo_image_processing/lib/leo_image_processing/image_processor --ros-args -r __node:=image_processor -r __ns:=/robot_2 --params-file /tmp/launch_params_6hnq2h6z --params-file /tmp/launch_params_hwetdk7i --params-file /tmp/launch_params_lpphs5b4'].
1788354380.2448421 [INFO] [static_transform_publisher-13]: process has finished cleanly [pid 65332]
1788354380.2592070 [INFO] [robot_state_publisher-11]: process has finished cleanly [pid 65327]
1788354380.2674096 [INFO] [image_bridge-14]: process has finished cleanly [pid 65334]
1788354380.2679489 [ERROR] [image_processor-27]: process has died [pid 66221, exit code 1, cmd '/home/ecem/sct_ws/install/leo_image_processing/lib/leo_image_processing/image_processor --ros-args -r __node:=image_processor -r __ns:=/robot_1 --params-file /tmp/launch_params_qi917afl --params-file /tmp/launch_params_y7oh7lvc --params-file /tmp/launch_params_bprmnztb'].
1788354380.2985232 [INFO] [static_transform_publisher-9]: process has finished cleanly [pid 65323]
1788354380.3108599 [INFO] [image_bridge-10]: process has finished cleanly [pid 65325]
1788354380.3238783 [INFO] [robot_state_publisher-7]: process has finished cleanly [pid 65319]
1788354380.3531053 [ERROR] [image_processor-26]: process has died [pid 66219, exit code 1, cmd '/home/ecem/sct_ws/install/leo_image_processing/lib/leo_image_processing/image_processor --ros-args -r __node:=image_processor -r __ns:=/robot_0 --params-file /tmp/launch_params_zn217ook --params-file /tmp/launch_params_og0gdk_2 --params-file /tmp/launch_params_18zwjxhp'].
1788354380.3810258 [INFO] [coverage_counter-4]: process has finished cleanly [pid 65313]
1788354380.4027729 [ERROR] [parameter_bridge-19]: process has died [pid 65350, exit code -11, cmd '/opt/ros/humble/lib/ros_gz_bridge/parameter_bridge /clock@rosgraph_msgs/msg/Clock[ignition.msgs.Clock --ros-args -r __node:=clock_bridge --params-file /tmp/launch_params_148af3ra'].
1788354380.4130399 [INFO] [image_bridge-2]: process has finished cleanly [pid 65309]
1788354380.4253819 [INFO] [robot_supervisor-20]: process has finished cleanly [pid 66038]
1788354380.4365373 [ERROR] [stuck_recovery-21]: process has died [pid 66040, exit code 1, cmd '/home/ecem/sct_ws/install/leo_image_processing/lib/leo_image_processing/stuck_recovery --ros-args -r __node:=stuck_recovery -r __ns:=/robot_0 --params-file /tmp/launch_params_txbytife --params-file /tmp/launch_params_qu6ty7kb --params-file /tmp/launch_params_57c7m6k6 --params-file /tmp/launch_params_llut5nb0 --params-file /tmp/launch_params_zqe7ve7w --params-file /tmp/launch_params_7916jm3u --params-file /tmp/launch_params_77fa8dkb --params-file /tmp/launch_params_abfgobyd --params-file /tmp/launch_params_pv4b_xpm --params-file /tmp/launch_params_aimdo4mq'].
1788354380.4786997 [INFO] [simulation_video_recorder-3]: process has finished cleanly [pid 65311]
1788354380.5123286 [ERROR] [stuck_recovery-23]: process has died [pid 66044, exit code 1, cmd '/home/ecem/sct_ws/install/leo_image_processing/lib/leo_image_processing/stuck_recovery --ros-args -r __node:=stuck_recovery -r __ns:=/robot_1 --params-file /tmp/launch_params_dj1fy17f --params-file /tmp/launch_params_vrmok5p0 --params-file /tmp/launch_params_kji_1jug --params-file /tmp/launch_params_fxpoj1gj --params-file /tmp/launch_params_lz3dfl_v --params-file /tmp/launch_params_02f8l7cu --params-file /tmp/launch_params_dyofrj4g --params-file /tmp/launch_params_6q4jr9ze --params-file /tmp/launch_params_kvnsiifi --params-file /tmp/launch_params_ui0eh18l'].
1788354380.5417900 [ERROR] [stuck_recovery-25]: process has died [pid 66048, exit code 1, cmd '/home/ecem/sct_ws/install/leo_image_processing/lib/leo_image_processing/stuck_recovery --ros-args -r __node:=stuck_recovery -r __ns:=/robot_2 --params-file /tmp/launch_params_9z6x80ft --params-file /tmp/launch_params_yoantnfl --params-file /tmp/launch_params_gzo316m8 --params-file /tmp/launch_params_zhuxw0tz --params-file /tmp/launch_params_ulez7xi9 --params-file /tmp/launch_params_lmcm8gsd --params-file /tmp/launch_params_8xn8mp9k --params-file /tmp/launch_params_y3_63ezc --params-file /tmp/launch_params_fqkalnjz --params-file /tmp/launch_params_99420tud'].
1788354380.5880344 [ERROR] [bump_counter-5]: process has died [pid 65315, exit code 1, cmd '/home/ecem/sct_ws/install/evaluation/lib/evaluation/bump_counter --ros-args -r __node:=bump_counter --params-file /tmp/launch_params_92lkad3e --params-file /tmp/launch_params_b7_o9v7q --params-file /tmp/launch_params_n6ifiwjn --params-file /tmp/launch_params_ufbdzfub --params-file /tmp/launch_params_6q7aabd7 --params-file /tmp/launch_params_94vqf86o --params-file /tmp/launch_params_3a04f4oi --params-file /tmp/launch_params_h1upqqlv'].
1788354383.9632652 [ERROR] [ign gazebo-1]: process[ign gazebo-1] failed to terminate '5' seconds after receiving 'SIGINT', escalating to 'SIGTERM'
1788354383.9723432 [INFO] [ign gazebo-1]: sending signal 'SIGTERM' to process[ign gazebo-1]
1788354383.9736891 [ERROR] [ign gazebo-1]: process has died [pid 65306, exit code -15, cmd 'ruby /usr/bin/ign gazebo /tmp/leo_exploration_no_overhead_camera_o0mavnri.sdf -s -r --force-version 6'].
1788354383.9744010 [INFO] [launch]: process[ign gazebo-1] was required: shutting down launched system
