1788359762.9543788 [INFO] [launch]: All log files can be found below /home/ecem/sct_ws/src/llm_sct/new_results/baseline/batch_logs/ros_patrolling/2026-09-02-16-36-02-953545-ecem-pc-96008
1788359762.9545076 [INFO] [launch]: Default logging verbosity is set to INFO
1788359763.5851121 [INFO] [ign gazebo-1]: process started with pid [96009]
1788359763.5852790 [INFO] [image_bridge-2]: process started with pid [96011]
1788359763.5853393 [INFO] [simulation_video_recorder-3]: process started with pid [96014]
1788359763.5853860 [INFO] [coverage_counter-4]: process started with pid [96016]
1788359763.5854287 [INFO] [bump_counter-5]: process started with pid [96018]
1788359763.5854690 [INFO] [parameter_bridge-6]: process started with pid [96020]
1788359763.5855167 [INFO] [robot_state_publisher-7]: process started with pid [96022]
1788359763.5855713 [INFO] [create-8]: process started with pid [96024]
1788359763.5856209 [INFO] [static_transform_publisher-9]: process started with pid [96026]
1788359763.5856619 [INFO] [image_bridge-10]: process started with pid [96028]
1788359763.5857058 [INFO] [robot_state_publisher-11]: process started with pid [96030]
1788359763.5858073 [INFO] [create-12]: process started with pid [96032]
1788359763.5858514 [INFO] [static_transform_publisher-13]: process started with pid [96036]
1788359763.5858939 [INFO] [image_bridge-14]: process started with pid [96038]
1788359763.5859382 [INFO] [robot_state_publisher-15]: process started with pid [96040]
1788359763.5859802 [INFO] [create-16]: process started with pid [96042]
1788359763.5860212 [INFO] [static_transform_publisher-17]: process started with pid [96044]
1788359763.5860615 [INFO] [image_bridge-18]: process started with pid [96051]
1788359763.5861020 [INFO] [parameter_bridge-19]: process started with pid [96053]
1788359764.6301761 [INFO] [create-12]: process has finished cleanly [pid 96032]
1788359764.6421769 [INFO] [create-8]: process has finished cleanly [pid 96024]
1788359764.6423109 [INFO] [create-16]: process has finished cleanly [pid 96042]
1788359764.6627910 [INFO] [robot_supervisor-20]: process started with pid [96340]
1788359764.6629355 [INFO] [stuck_recovery-21]: process started with pid [96342]
1788359764.6634870 [INFO] [robot_supervisor-22]: process started with pid [96344]
1788359764.6635799 [INFO] [stuck_recovery-23]: process started with pid [96346]
1788359764.6637027 [INFO] [robot_supervisor-24]: process started with pid [96348]
1788359764.6637578 [INFO] [stuck_recovery-25]: process started with pid [96350]
1788359766.6505914 [INFO] [image_processor-26]: process started with pid [96648]
1788359766.6507394 [INFO] [color_detector-27]: process started with pid [96650]
1788359766.6593692 [INFO] [image_processor-28]: process started with pid [96652]
1788359766.6595032 [INFO] [color_detector-29]: process started with pid [96654]
1788359766.6705754 [INFO] [image_processor-30]: process started with pid [96656]
1788359766.6707225 [INFO] [color_detector-31]: process started with pid [96658]
1788360221.7934415 [INFO] [coverage_counter-4]: process has finished cleanly [pid 96016]
1788360221.7939065 [INFO] [launch]: process[coverage_counter-4] was required: shutting down launched system
1788360221.8100398 [INFO] [color_detector-31]: sending signal 'SIGINT' to process[color_detector-31]
1788360221.8146875 [INFO] [image_processor-30]: sending signal 'SIGINT' to process[image_processor-30]
1788360221.8189049 [INFO] [color_detector-29]: sending signal 'SIGINT' to process[color_detector-29]
1788360221.8233538 [INFO] [image_processor-28]: sending signal 'SIGINT' to process[image_processor-28]
1788360221.8270917 [INFO] [color_detector-27]: sending signal 'SIGINT' to process[color_detector-27]
1788360221.8312373 [INFO] [image_processor-26]: sending signal 'SIGINT' to process[image_processor-26]
1788360221.8359544 [INFO] [stuck_recovery-25]: sending signal 'SIGINT' to process[stuck_recovery-25]
1788360221.8407633 [INFO] [robot_supervisor-24]: sending signal 'SIGINT' to process[robot_supervisor-24]
1788360221.8459113 [INFO] [stuck_recovery-23]: sending signal 'SIGINT' to process[stuck_recovery-23]
1788360221.8492160 [INFO] [robot_supervisor-22]: sending signal 'SIGINT' to process[robot_supervisor-22]
1788360221.8523021 [INFO] [stuck_recovery-21]: sending signal 'SIGINT' to process[stuck_recovery-21]
1788360221.8659136 [INFO] [robot_supervisor-20]: sending signal 'SIGINT' to process[robot_supervisor-20]
1788360221.8688996 [INFO] [parameter_bridge-19]: sending signal 'SIGINT' to process[parameter_bridge-19]
1788360221.8718007 [INFO] [image_bridge-18]: sending signal 'SIGINT' to process[image_bridge-18]
1788360221.8748109 [INFO] [static_transform_publisher-17]: sending signal 'SIGINT' to process[static_transform_publisher-17]
1788360221.8762751 [INFO] [parameter_bridge-19]: process has finished cleanly [pid 96053]
1788360221.8778155 [INFO] [robot_state_publisher-15]: sending signal 'SIGINT' to process[robot_state_publisher-15]
1788360221.8807619 [INFO] [image_bridge-14]: sending signal 'SIGINT' to process[image_bridge-14]
1788360221.8837497 [INFO] [static_transform_publisher-13]: sending signal 'SIGINT' to process[static_transform_publisher-13]
1788360221.8869925 [INFO] [robot_state_publisher-11]: sending signal 'SIGINT' to process[robot_state_publisher-11]
1788360221.8899722 [INFO] [image_bridge-10]: sending signal 'SIGINT' to process[image_bridge-10]
1788360221.8931534 [INFO] [static_transform_publisher-9]: sending signal 'SIGINT' to process[static_transform_publisher-9]
1788360221.8968382 [INFO] [robot_state_publisher-7]: sending signal 'SIGINT' to process[robot_state_publisher-7]
1788360221.9002876 [INFO] [parameter_bridge-6]: sending signal 'SIGINT' to process[parameter_bridge-6]
1788360221.9034083 [INFO] [bump_counter-5]: sending signal 'SIGINT' to process[bump_counter-5]
1788360221.9066863 [INFO] [simulation_video_recorder-3]: sending signal 'SIGINT' to process[simulation_video_recorder-3]
1788360221.9070528 [INFO] [parameter_bridge-6]: process has finished cleanly [pid 96020]
1788360221.9097660 [INFO] [image_bridge-2]: sending signal 'SIGINT' to process[image_bridge-2]
1788360221.9128215 [INFO] [ign gazebo-1]: sending signal 'SIGINT' to process[ign gazebo-1]
1788360222.8980644 [ERROR] [image_processor-30]: process has died [pid 96656, exit code 1, cmd '/home/ecem/sct_ws/install/leo_image_processing/lib/leo_image_processing/image_processor --ros-args -r __node:=image_processor -r __ns:=/robot_2 --params-file /tmp/launch_params_04f80ff5 --params-file /tmp/launch_params_zbc0f3cg --params-file /tmp/launch_params_2p7wvrmm'].
1788360222.9011893 [INFO] [static_transform_publisher-17]: process has finished cleanly [pid 96044]
1788360222.9081211 [INFO] [robot_state_publisher-15]: process has finished cleanly [pid 96040]
1788360222.9094863 [INFO] [static_transform_publisher-13]: process has finished cleanly [pid 96036]
1788360222.9103594 [INFO] [image_bridge-18]: process has finished cleanly [pid 96051]
1788360222.9134219 [ERROR] [image_processor-28]: process has died [pid 96652, exit code 1, cmd '/home/ecem/sct_ws/install/leo_image_processing/lib/leo_image_processing/image_processor --ros-args -r __node:=image_processor -r __ns:=/robot_0 --params-file /tmp/launch_params_7f_ky136 --params-file /tmp/launch_params_txzswyw2 --params-file /tmp/launch_params_kzdq5oyr'].
1788360222.9145539 [INFO] [robot_state_publisher-11]: process has finished cleanly [pid 96030]
1788360222.9161093 [INFO] [image_bridge-14]: process has finished cleanly [pid 96038]
1788360222.9178884 [INFO] [static_transform_publisher-9]: process has finished cleanly [pid 96026]
1788360222.9206398 [INFO] [robot_supervisor-24]: process has finished cleanly [pid 96348]
1788360222.9263184 [ERROR] [color_detector-29]: process has died [pid 96654, exit code 1, cmd '/home/ecem/sct_ws/install/leo_image_processing/lib/leo_image_processing/color_detector --ros-args -r __node:=color_detector -r __ns:=/robot_0 --params-file /tmp/launch_params_2475_df4 --params-file /tmp/launch_params_13_7fvdw --params-file /tmp/launch_params_3k3qu7m6 --params-file /tmp/launch_params_3s3z2kt_'].
1788360222.9277003 [INFO] [image_bridge-10]: process has finished cleanly [pid 96028]
1788360222.9284539 [INFO] [robot_state_publisher-7]: process has finished cleanly [pid 96022]
1788360222.9398336 [ERROR] [color_detector-31]: process has died [pid 96658, exit code 1, cmd '/home/ecem/sct_ws/install/leo_image_processing/lib/leo_image_processing/color_detector --ros-args -r __node:=color_detector -r __ns:=/robot_2 --params-file /tmp/launch_params_sbal04ra --params-file /tmp/launch_params_eu7isuzo --params-file /tmp/launch_params_2v24jx1f --params-file /tmp/launch_params_j2hx6jai'].
1788360222.9433408 [INFO] [image_bridge-2]: process has finished cleanly [pid 96011]
1788360222.9449139 [INFO] [robot_supervisor-22]: process has finished cleanly [pid 96344]
1788360222.9479556 [ERROR] [color_detector-27]: process has died [pid 96650, exit code 1, cmd '/home/ecem/sct_ws/install/leo_image_processing/lib/leo_image_processing/color_detector --ros-args -r __node:=color_detector -r __ns:=/robot_1 --params-file /tmp/launch_params_592r0xwj --params-file /tmp/launch_params_mwlf1lbk --params-file /tmp/launch_params_4bvgg4y4 --params-file /tmp/launch_params_h7h3xbrk'].
1788360222.9522145 [INFO] [robot_supervisor-20]: process has finished cleanly [pid 96340]
1788360222.9558823 [ERROR] [image_processor-26]: process has died [pid 96648, exit code 1, cmd '/home/ecem/sct_ws/install/leo_image_processing/lib/leo_image_processing/image_processor --ros-args -r __node:=image_processor -r __ns:=/robot_1 --params-file /tmp/launch_params_xvrpqkvh --params-file /tmp/launch_params_pachce4h --params-file /tmp/launch_params_854tx13p'].
1788360222.9598629 [INFO] [simulation_video_recorder-3]: process has finished cleanly [pid 96014]
1788360222.9859481 [ERROR] [bump_counter-5]: process has died [pid 96018, exit code 1, cmd '/home/ecem/sct_ws/install/evaluation/lib/evaluation/bump_counter --ros-args -r __node:=bump_counter --params-file /tmp/launch_params_tjy978i7 --params-file /tmp/launch_params_fwmildc5 --params-file /tmp/launch_params_7hlk3rlk --params-file /tmp/launch_params_nyg1olr_ --params-file /tmp/launch_params_yvttlcni --params-file /tmp/launch_params_bhm6i67n --params-file /tmp/launch_params_l_cgn8or --params-file /tmp/launch_params_qnhn2tjc'].
1788360223.9071553 [ERROR] [stuck_recovery-25]: process has died [pid 96350, exit code 1, cmd '/home/ecem/sct_ws/install/leo_image_processing/lib/leo_image_processing/stuck_recovery --ros-args -r __node:=stuck_recovery -r __ns:=/robot_2 --params-file /tmp/launch_params_0d528r8j --params-file /tmp/launch_params_ack1u02_ --params-file /tmp/launch_params_cq2feuf2 --params-file /tmp/launch_params_fuzc8evj --params-file /tmp/launch_params_2tkf967p --params-file /tmp/launch_params_3p3_a2ma --params-file /tmp/launch_params_rzyvt8kl --params-file /tmp/launch_params_8ivj178b --params-file /tmp/launch_params_awtcoc9s --params-file /tmp/launch_params_h85ubdjh --params-file /tmp/launch_params_5nx6bgtm'].
1788360223.9243269 [ERROR] [stuck_recovery-23]: process has died [pid 96346, exit code 1, cmd '/home/ecem/sct_ws/install/leo_image_processing/lib/leo_image_processing/stuck_recovery --ros-args -r __node:=stuck_recovery -r __ns:=/robot_0 --params-file /tmp/launch_params_wkclkgs7 --params-file /tmp/launch_params_buj8wfai --params-file /tmp/launch_params_ue8ot5ga --params-file /tmp/launch_params_8qqsbgwg --params-file /tmp/launch_params_5ue1waki --params-file /tmp/launch_params_mod8q0wm --params-file /tmp/launch_params_ceayd6x6 --params-file /tmp/launch_params_vlw125tz --params-file /tmp/launch_params_iqij5nne --params-file /tmp/launch_params_a0glq4xv --params-file /tmp/launch_params_yejxb825'].
1788360223.9286077 [ERROR] [stuck_recovery-21]: process has died [pid 96342, exit code 1, cmd '/home/ecem/sct_ws/install/leo_image_processing/lib/leo_image_processing/stuck_recovery --ros-args -r __node:=stuck_recovery -r __ns:=/robot_1 --params-file /tmp/launch_params_jialrrdu --params-file /tmp/launch_params_tzef9sqg --params-file /tmp/launch_params_7jzm1vng --params-file /tmp/launch_params_hdiwgxi1 --params-file /tmp/launch_params_90cjei4w --params-file /tmp/launch_params_zvx29a2a --params-file /tmp/launch_params_7ugohf9z --params-file /tmp/launch_params_1lu5lbtw --params-file /tmp/launch_params_42sci5yy --params-file /tmp/launch_params_ff5twtxv --params-file /tmp/launch_params_qaf6eu6t'].
1788360226.8144500 [ERROR] [ign gazebo-1]: process[ign gazebo-1] failed to terminate '5' seconds after receiving 'SIGINT', escalating to 'SIGTERM'
1788360226.8177049 [INFO] [ign gazebo-1]: sending signal 'SIGTERM' to process[ign gazebo-1]
1788360226.8236463 [ERROR] [ign gazebo-1]: process has died [pid 96009, exit code -15, cmd 'ruby /usr/bin/ign gazebo /tmp/leo_patrolling_no_overhead_camera__y27nr7d.sdf -s --headless-rendering -r --force-version 6'].
1788360226.8241971 [INFO] [launch]: process[ign gazebo-1] was required: shutting down launched system
