[INFO] [1789489923.037830279] [robot_1.robot_supervisor]: Loaded initial mission 'balanced_delivery' from explicit YAML S_20260915_182327.yaml
[INFO] [1789489923.203575040] [robot_1.robot_supervisor]: Selected controllable event: EV_approach_color
[INFO] [1789489923.508302694] [robot_1.robot_supervisor]: Selected controllable event: EV_approach_color
[INFO] [1789489923.808285535] [robot_1.robot_supervisor]: Selected controllable event: EV_search_object
[INFO] [1789489924.010361494] [robot_1.robot_supervisor]: Selected controllable event: EV_search_color
[INFO] [1789489924.205673589] [robot_1.robot_supervisor]: Selected controllable event: EV_approach_object
[INFO] [1789489924.514006064] [robot_1.robot_supervisor]: Selected controllable event: EV_search_color
[INFO] [1789489924.709452741] [robot_1.robot_supervisor]: Selected controllable event: EV_search_color
[INFO] [1789489924.911092086] [robot_1.robot_supervisor]: Selected controllable event: EV_search_color
[INFO] [1789489925.112115636] [robot_1.robot_supervisor]: Selected controllable event: EV_move_forward
[INFO] [1789489925.400098841] [robot_1.robot_supervisor]: Selected controllable event: EV_approach_color
[INFO] [1789489925.697984617] [robot_1.robot_supervisor]: Selected controllable event: EV_approach_object
[INFO] [1789489925.997991595] [robot_1.robot_supervisor]: Selected controllable event: EV_search_object
[INFO] [1789489926.198087733] [robot_1.robot_supervisor]: Selected controllable event: EV_search_color
[INFO] [1789489926.397977865] [robot_1.robot_supervisor]: Selected controllable event: EV_approach_color
[INFO] [1789489926.697993054] [robot_1.robot_supervisor]: Selected controllable event: EV_search_color
[INFO] [1789489926.897831041] [robot_1.robot_supervisor]: Selected controllable event: EV_move_forward
[INFO] [1789489927.198091736] [robot_1.robot_supervisor]: Selected controllable event: EV_search_object
[INFO] [1789489927.397973950] [robot_1.robot_supervisor]: Selected controllable event: EV_approach_color
[INFO] [1789489927.698193782] [robot_1.robot_supervisor]: Selected controllable event: EV_approach_object
[INFO] [1789489927.998170226] [robot_1.robot_supervisor]: Selected controllable event: EV_search_object
[INFO] [1789489928.198062427] [robot_1.robot_supervisor]: Selected controllable event: EV_search_color
[INFO] [1789489928.299512001] [robot_1.robot_supervisor]: Triggered uncontrollable event: EV_obstacle_right
[INFO] [1789489928.300269140] [robot_1.robot_supervisor]: ############################# REACHED: EV_object_reached #############################
[INFO] [1789489928.302462514] [robot_1.robot_supervisor]: Selected controllable event: EV_rotate_counterclockwise
[WARN] [1789489928.303550508] [robot_1.robot_supervisor]: no translation for 5.1s livelock detected; starting atomic escape (turn_sign=+1)
[INFO] [1789489930.814239502] [robot_1.robot_supervisor]: Zone-livelock escape completed
[INFO] [1789489931.103299300] [robot_1.robot_supervisor]: ############################# REACHED: EV_object_reached #############################
[INFO] [1789489931.104002937] [robot_1.robot_supervisor]: Selected controllable event: EV_search_color
[INFO] [1789489931.212426037] [robot_1.robot_supervisor]: Triggered uncontrollable event: EV_obstacle_left
[INFO] [1789489931.230457643] [robot_1.robot_supervisor]: ############################# REACHED: EV_object_reached #############################
[INFO] [1789489931.231397525] [robot_1.robot_supervisor]: Selected controllable event: EV_rotate_clockwise
[INFO] [1789489931.422026839] [robot_1.robot_supervisor]: Triggered uncontrollable event: EV_obstacle_left
[INFO] [1789489931.429339266] [robot_1.robot_supervisor]: Selected controllable event: EV_u_turn
[INFO] [1789489931.430245683] [robot_1.robot_supervisor]: Starting FULL ROTATE (omega=1.000, have_odom=True, target_rad=3.142, timeout_s=3.500)
[INFO] [1789489935.021720100] [robot_1.robot_supervisor]: FULL ROTATE completed by timeout
[INFO] [1789489935.319200089] [robot_1.robot_supervisor]: ############################# REACHED: EV_object_reached #############################
[INFO] [1789489935.328732607] [robot_1.robot_supervisor]: Selected controllable event: EV_approach_object
[INFO] [1789489935.604774253] [robot_1.robot_supervisor]: Selected controllable event: EV_move_forward
[INFO] [1789489935.817866048] [robot_1.robot_supervisor]: ############################# REACHED: EV_object_reached #############################
[INFO] [1789489935.818802304] [robot_1.robot_supervisor]: Selected controllable event: EV_search_object
[INFO] [1789489935.997971357] [robot_1.robot_supervisor]: Selected controllable event: EV_approach_color
[INFO] [1789489936.217202383] [robot_1.robot_supervisor]: Selected controllable event: EV_move_forward
[INFO] [1789489936.420526038] [robot_1.robot_supervisor]: Selected controllable event: EV_move_forward
[INFO] [1789489936.709058066] [robot_1.robot_supervisor]: ############################# REACHED: EV_object_reached #############################
[INFO] [1789489936.709943690] [robot_1.robot_supervisor]: Selected controllable event: EV_approach_object
[INFO] [1789489937.014682109] [robot_1.robot_supervisor]: Selected controllable event: EV_search_object
[INFO] [1789489937.201591990] [robot_1.robot_supervisor]: ############################# REACHED: EV_object_reached #############################
[INFO] [1789489937.220722047] [robot_1.robot_supervisor]: Selected controllable event: EV_approach_color
[INFO] [1789489937.508871639] [robot_1.robot_supervisor]: Selected controllable event: EV_search_color
[INFO] [1789489937.698239047] [robot_1.robot_supervisor]: Selected controllable event: EV_approach_object
[INFO] [1789489937.907725930] [robot_1.robot_supervisor]: ############################# REACHED: EV_object_reached #############################
[INFO] [1789489937.908557715] [robot_1.robot_supervisor]: Selected controllable event: EV_approach_color
[INFO] [1789489938.221734983] [robot_1.robot_supervisor]: Selected controllable event: EV_search_color
[INFO] [1789489938.415173618] [robot_1.robot_supervisor]: Selected controllable event: EV_approach_object
[INFO] [1789489938.722773968] [robot_1.robot_supervisor]: ############################# REACHED: EV_object_reached #############################
[INFO] [1789489938.723643640] [robot_1.robot_supervisor]: Selected controllable event: EV_search_color
[INFO] [1789489938.917464166] [robot_1.robot_supervisor]: Selected controllable event: EV_search_object
[INFO] [1789489939.100842775] [robot_1.robot_supervisor]: Selected controllable event: EV_approach_object
[INFO] [1789489939.310166421] [robot_1.robot_supervisor]: ############################# REACHED: EV_object_reached #############################
[INFO] [1789489939.332675585] [robot_1.robot_supervisor]: Selected controllable event: EV_search_color
[INFO] [1789489939.507266863] [robot_1.robot_supervisor]: Selected controllable event: EV_approach_object
[INFO] [1789489939.800536705] [robot_1.robot_supervisor]: Selected controllable event: EV_approach_color
[INFO] [1789489940.015891845] [robot_1.robot_supervisor]: ############################# REACHED: EV_object_reached #############################
[INFO] [1789489940.016842952] [robot_1.robot_supervisor]: Selected controllable event: EV_approach_color
[INFO] [1789489940.316215385] [robot_1.robot_supervisor]: Selected controllable event: EV_approach_object
[INFO] [1789489940.644769325] [robot_1.robot_supervisor]: Selected controllable event: EV_search_object
[INFO] [1789489940.811366796] [robot_1.robot_supervisor]: ############################# REACHED: EV_object_reached #############################
[INFO] [1789489940.812328312] [robot_1.robot_supervisor]: Selected controllable event: EV_move_forward
[INFO] [1789489941.108363915] [robot_1.robot_supervisor]: Selected controllable event: EV_search_color
[INFO] [1789489941.298870281] [robot_1.robot_supervisor]: Selected controllable event: EV_search_color
[INFO] [1789489941.500800661] [robot_1.robot_supervisor]: ############################# REACHED: EV_object_reached #############################
[INFO] [1789489941.501437029] [robot_1.robot_supervisor]: Selected controllable event: EV_search_object
[INFO] [1789489941.628057267] [robot_1.robot_supervisor]: Selected controllable event: EV_approach_object
[INFO] [1789489941.906072736] [robot_1.robot_supervisor]: Selected controllable event: EV_approach_object
[INFO] [1789489942.216578486] [robot_1.robot_supervisor]: Triggered uncontrollable event: EV_obstacle_right
[INFO] [1789489942.217292742] [robot_1.robot_supervisor]: ############################# REACHED: EV_object_reached #############################
[INFO] [1789489942.218084544] [robot_1.robot_supervisor]: Selected controllable event: EV_rotate_counterclockwise
[INFO] [1789489942.326028164] [robot_1.robot_supervisor]: Triggered uncontrollable event: EV_obstacle_right
[INFO] [1789489942.337073563] [robot_1.robot_supervisor]: Selected controllable event: EV_u_turn
[INFO] [1789489942.347131098] [robot_1.robot_supervisor]: Starting FULL ROTATE (omega=1.000, have_odom=True, target_rad=3.142, timeout_s=3.500)
[INFO] [1789489945.909663299] [robot_1.robot_supervisor]: FULL ROTATE completed by timeout
[INFO] [1789489946.216349550] [robot_1.robot_supervisor]: ############################# REACHED: EV_object_reached #############################
[INFO] [1789489946.217241592] [robot_1.robot_supervisor]: Selected controllable event: EV_approach_object
[INFO] [1789489946.500789822] [robot_1.robot_supervisor]: ############################# REACHED: EV_object_reached #############################
[INFO] [1789489946.501639816] [robot_1.robot_supervisor]: Selected controllable event: EV_approach_object
[INFO] [1789489946.803160559] [robot_1.robot_supervisor]: Selected controllable event: EV_approach_color
[INFO] [1789489947.099882763] [robot_1.robot_supervisor]: ############################# REACHED: EV_object_reached #############################
[INFO] [1789489947.100709754] [robot_1.robot_supervisor]: Selected controllable event: EV_approach_object
[INFO] [1789489947.309674204] [robot_1.robot_supervisor]: Selected controllable event: EV_search_object
[INFO] [1789489947.511453504] [robot_1.robot_supervisor]: Selected controllable event: EV_approach_object
[INFO] [1789489947.825321580] [robot_1.robot_supervisor]: ############################# REACHED: EV_object_reached #############################
[INFO] [1789489947.834703904] [robot_1.robot_supervisor]: Selected controllable event: EV_approach_color
[INFO] [1789489948.100957003] [robot_1.robot_supervisor]: Selected controllable event: EV_move_forward
[INFO] [1789489948.318275023] [robot_1.robot_supervisor]: Selected controllable event: EV_approach_color
[INFO] [1789489948.601185201] [robot_1.robot_supervisor]: ############################# REACHED: EV_object_reached #############################
[INFO] [1789489948.602031206] [robot_1.robot_supervisor]: Selected controllable event: EV_move_forward
[INFO] [1789489948.810243170] [robot_1.robot_supervisor]: Selected controllable event: EV_approach_object
[INFO] [1789489949.016498652] [robot_1.robot_supervisor]: Selected controllable event: EV_approach_color
[INFO] [1789489949.300608216] [robot_1.robot_supervisor]: Triggered uncontrollable event: EV_object_not_visible
[INFO] [1789489949.301577687] [robot_1.robot_supervisor]: Selected controllable event: EV_search_object
[INFO] [1789489949.403387060] [robot_1.robot_supervisor]: Selected controllable event: EV_approach_color
[INFO] [1789489949.708768097] [robot_1.robot_supervisor]: Selected controllable event: EV_search_color
[INFO] [1789489949.903664682] [robot_1.robot_supervisor]: Triggered uncontrollable event: EV_object_not_visible
[INFO] [1789489949.904561466] [robot_1.robot_supervisor]: Selected controllable event: EV_search_object
[INFO] [1789489950.010382649] [robot_1.robot_supervisor]: Selected controllable event: EV_approach_object
[INFO] [1789489950.309445533] [robot_1.robot_supervisor]: Selected controllable event: EV_approach_object
[INFO] [1789489950.599220779] [robot_1.robot_supervisor]: Triggered uncontrollable event: EV_object_not_visible
[INFO] [1789489950.607002317] [robot_1.robot_supervisor]: Selected controllable event: EV_approach_color
[INFO] [1789489950.908877995] [robot_1.robot_supervisor]: Selected controllable event: EV_approach_object
[INFO] [1789489951.214874459] [robot_1.robot_supervisor]: Triggered uncontrollable event: EV_object_not_visible
[INFO] [1789489951.215787826] [robot_1.robot_supervisor]: Selected controllable event: EV_approach_object
[INFO] [1789489951.518481632] [robot_1.robot_supervisor]: Selected controllable event: EV_approach_object
[INFO] [1789489951.811432633] [robot_1.robot_supervisor]: Triggered uncontrollable event: EV_object_not_visible
[INFO] [1789489951.826935970] [robot_1.robot_supervisor]: Selected controllable event: EV_search_color
[INFO] [1789489952.004056633] [robot_1.robot_supervisor]: Selected controllable event: EV_search_color
[INFO] [1789489952.214382335] [robot_1.robot_supervisor]: Selected controllable event: EV_approach_color
[INFO] [1789489952.509407125] [robot_1.robot_supervisor]: Triggered uncontrollable event: EV_object_not_visible
[INFO] [1789489952.518188826] [robot_1.robot_supervisor]: Selected controllable event: EV_search_color
[INFO] [1789489952.702370404] [robot_1.robot_supervisor]: Selected controllable event: EV_approach_color
[INFO] [1789489953.007597024] [robot_1.robot_supervisor]: Selected controllable event: EV_approach_object
[INFO] [1789489953.215218815] [robot_1.robot_supervisor]: Triggered uncontrollable event: EV_object_not_visible
[INFO] [1789489953.216103705] [robot_1.robot_supervisor]: Selected controllable event: EV_approach_color
[INFO] [1789489953.510397601] [robot_1.robot_supervisor]: Selected controllable event: EV_search_color
[INFO] [1789489953.611756970] [robot_1.robot_supervisor]: Selected controllable event: EV_search_object
[INFO] [1789489953.805405156] [robot_1.robot_supervisor]: Selected controllable event: EV_search_color
[INFO] [1789489954.017815221] [robot_1.robot_supervisor]: Triggered uncontrollable event: EV_object_not_visible
[INFO] [1789489954.018643637] [robot_1.robot_supervisor]: Selected controllable event: EV_search_object
[INFO] [1789489954.220273549] [robot_1.robot_supervisor]: Selected controllable event: EV_search_object
[INFO] [1789489954.399414734] [robot_1.robot_supervisor]: Selected controllable event: EV_search_object
[INFO] [1789489954.515289513] [robot_1.robot_supervisor]: Selected controllable event: EV_move_forward
[INFO] [1789489954.809111546] [robot_1.robot_supervisor]: Triggered uncontrollable event: EV_object_not_visible
[INFO] [1789489954.809848194] [robot_1.robot_supervisor]: Selected controllable event: EV_approach_object
[INFO] [1789489955.116448729] [robot_1.robot_supervisor]: Selected controllable event: EV_approach_color
[INFO] [1789489955.403589608] [robot_1.robot_supervisor]: ############################# VISIBLE: EV_object_visible #############################
[INFO] [1789489955.404407270] [robot_1.robot_supervisor]: Selected controllable event: EV_approach_object
[INFO] [1789489955.630910372] [robot_1.robot_supervisor]: Selected controllable event: EV_search_object
[INFO] [1789489955.832555197] [robot_1.robot_supervisor]: Selected controllable event: EV_move_forward
[INFO] [1789489956.098974732] [robot_1.robot_supervisor]: ############################# VISIBLE: EV_object_visible #############################
[INFO] [1789489956.099834784] [robot_1.robot_supervisor]: Selected controllable event: EV_move_forward
[INFO] [1789489956.308725968] [robot_1.robot_supervisor]: Selected controllable event: EV_move_forward
[INFO] [1789489956.602239731] [robot_1.robot_supervisor]: ############################# VISIBLE: EV_object_visible #############################
[INFO] [1789489956.615315353] [robot_1.robot_supervisor]: Selected controllable event: EV_move_forward
[INFO] [1789489956.909258347] [robot_1.robot_supervisor]: Selected controllable event: EV_search_color
[INFO] [1789489957.103210357] [robot_1.robot_supervisor]: Selected controllable event: EV_approach_color
[INFO] [1789489957.398839296] [robot_1.robot_supervisor]: ############################# VISIBLE: EV_object_visible #############################
[INFO] [1789489957.402075427] [robot_1.robot_supervisor]: Selected controllable event: EV_move_forward
[INFO] [1789489957.700808321] [robot_1.robot_supervisor]: Selected controllable event: EV_move_forward
[INFO] [1789489957.908029106] [robot_1.robot_supervisor]: ############################# VISIBLE: EV_object_visible #############################
[INFO] [1789489957.928095310] [robot_1.robot_supervisor]: Selected controllable event: EV_approach_object
[INFO] [1789489958.212358700] [robot_1.robot_supervisor]: Selected controllable event: EV_approach_object
[INFO] [1789489958.506701799] [robot_1.robot_supervisor]: ############################# VISIBLE: EV_object_visible #############################
[INFO] [1789489958.511143433] [robot_1.robot_supervisor]: Selected controllable event: EV_approach_object
[INFO] [1789489958.817563434] [robot_1.robot_supervisor]: Selected controllable event: EV_approach_color
[INFO] [1789489959.130719722] [robot_1.robot_supervisor]: Selected controllable event: EV_approach_color
[INFO] [1789489959.412663729] [robot_1.robot_supervisor]: ############################# REACHED: EV_object_reached #############################
[INFO] [1789489959.413496221] [robot_1.robot_supervisor]: Selected controllable event: EV_search_color
[INFO] [1789489959.608766989] [robot_1.robot_supervisor]: Selected controllable event: EV_approach_object
[INFO] [1789489959.902997832] [robot_1.robot_supervisor]: ############################# REACHED: EV_object_reached #############################
[INFO] [1789489959.909328977] [robot_1.robot_supervisor]: Selected controllable event: EV_search_color
[INFO] [1789489960.114505739] [robot_1.robot_supervisor]: Selected controllable event: EV_move_forward
[INFO] [1789489960.331106860] [robot_1.robot_supervisor]: Selected controllable event: EV_approach_object
[INFO] [1789489960.616725157] [robot_1.robot_supervisor]: ############################# REACHED: EV_object_reached #############################
[INFO] [1789489960.617606728] [robot_1.robot_supervisor]: Selected controllable event: EV_search_color
[INFO] [1789489960.802562799] [robot_1.robot_supervisor]: Selected controllable event: EV_search_color
[INFO] [1789489960.916253030] [robot_1.robot_supervisor]: Selected controllable event: EV_approach_object
[INFO] [1789489961.200921030] [robot_1.robot_supervisor]: Selected controllable event: EV_search_object
[INFO] [1789489961.310282249] [robot_1.robot_supervisor]: ############################# REACHED: EV_object_reached #############################
[INFO] [1789489961.322654544] [robot_1.robot_supervisor]: Selected controllable event: EV_approach_object
[INFO] [1789489961.607263945] [robot_1.robot_supervisor]: Selected controllable event: EV_approach_color
[INFO] [1789489961.831915201] [robot_1.robot_supervisor]: Selected controllable event: EV_approach_object
[INFO] [1789489962.112859883] [robot_1.robot_supervisor]: ############################# REACHED: EV_object_reached #############################
[INFO] [1789489962.113777642] [robot_1.robot_supervisor]: Selected controllable event: EV_search_color
[INFO] [1789489962.299129231] [robot_1.robot_supervisor]: Selected controllable event: EV_approach_object
[INFO] [1789489962.513801441] [robot_1.robot_supervisor]: Selected controllable event: EV_search_object
[INFO] [1789489962.722279580] [robot_1.robot_supervisor]: ############################# REACHED: EV_object_reached #############################
[INFO] [1789489962.730915150] [robot_1.robot_supervisor]: Selected controllable event: EV_approach_color
[INFO] [1789489963.006203842] [robot_1.robot_supervisor]: Selected controllable event: EV_move_forward
[INFO] [1789489963.299245637] [robot_1.robot_supervisor]: ############################# REACHED: EV_object_reached #############################
[INFO] [1789489963.301112491] [robot_1.robot_supervisor]: Selected controllable event: EV_approach_color
[INFO] [1789489963.521775547] [robot_1.robot_supervisor]: Selected controllable event: EV_approach_color
[INFO] [1789489963.812777983] [robot_1.robot_supervisor]: Selected controllable event: EV_search_object
[INFO] [1789489964.001916678] [robot_1.robot_supervisor]: ############################# REACHED: EV_object_reached #############################
[INFO] [1789489964.011068389] [robot_1.robot_supervisor]: Selected controllable event: EV_search_object
[INFO] [1789489964.197944652] [robot_1.robot_supervisor]: Selected controllable event: EV_move_forward
[INFO] [1789489964.403463566] [robot_1.robot_supervisor]: Selected controllable event: EV_move_forward
[INFO] [1789489964.618281883] [robot_1.robot_supervisor]: Selected controllable event: EV_search_color
[INFO] [1789489964.831035356] [robot_1.robot_supervisor]: ############################# REACHED: EV_object_reached #############################
[INFO] [1789489964.834001114] [robot_1.robot_supervisor]: Selected controllable event: EV_move_forward
[INFO] [1789489965.118145377] [robot_1.robot_supervisor]: Selected controllable event: EV_move_forward
[INFO] [1789489965.322647412] [robot_1.robot_supervisor]: ############################# REACHED: EV_object_reached #############################
[INFO] [1789489965.337200242] [robot_1.robot_supervisor]: Selected controllable event: EV_move_forward
[INFO] [1789489965.608103399] [robot_1.robot_supervisor]: Selected controllable event: EV_approach_color
[INFO] [1789489965.813119717] [robot_1.robot_supervisor]: Selected controllable event: EV_search_object
[INFO] [1789489966.022205125] [robot_1.robot_supervisor]: ############################# REACHED: EV_object_reached #############################
[INFO] [1789489966.040440992] [robot_1.robot_supervisor]: Selected controllable event: EV_search_object
[INFO] [1789489966.211984124] [robot_1.robot_supervisor]: Selected controllable event: EV_approach_object
[INFO] [1789489966.505643204] [robot_1.robot_supervisor]: Selected controllable event: EV_approach_color
[INFO] [1789489966.798171657] [robot_1.robot_supervisor]: ############################# REACHED: EV_object_reached #############################
[INFO] [1789489966.801317363] [robot_1.robot_supervisor]: Selected controllable event: EV_approach_color
[INFO] [1789489967.002963267] [robot_1.robot_supervisor]: Selected controllable event: EV_approach_object
[INFO] [1789489967.209340637] [robot_1.robot_supervisor]: Selected controllable event: EV_search_color
[INFO] [1789489967.398756127] [robot_1.robot_supervisor]: Selected controllable event: EV_search_object
[INFO] [1789489967.519937235] [robot_1.robot_supervisor]: ############################# REACHED: EV_object_reached #############################
[INFO] [1789489967.522128428] [robot_1.robot_supervisor]: Selected controllable event: EV_search_color
[INFO] [1789489967.711243689] [robot_1.robot_supervisor]: Selected controllable event: EV_move_forward
[INFO] [1789489968.001678822] [robot_1.robot_supervisor]: Selected controllable event: EV_search_object
[INFO] [1789489968.115161900] [robot_1.robot_supervisor]: Selected controllable event: EV_move_forward
[INFO] [1789489968.406655620] [robot_1.robot_supervisor]: ############################# REACHED: EV_object_reached #############################
[INFO] [1789489968.407531710] [robot_1.robot_supervisor]: Selected controllable event: EV_search_color
[INFO] [1789489968.510570776] [robot_1.robot_supervisor]: Selected controllable event: EV_search_object
[INFO] [1789489968.704896353] [robot_1.robot_supervisor]: Selected controllable event: EV_move_forward
[INFO] [1789489969.004434844] [robot_1.robot_supervisor]: ############################# REACHED: EV_object_reached #############################
[INFO] [1789489969.005208845] [robot_1.robot_supervisor]: Selected controllable event: EV_approach_object
[INFO] [1789489969.315815876] [robot_1.robot_supervisor]: Selected controllable event: EV_approach_color
[INFO] [1789489969.598525400] [robot_1.robot_supervisor]: ############################# REACHED: EV_object_reached #############################
[INFO] [1789489969.599336872] [robot_1.robot_supervisor]: Selected controllable event: EV_approach_color
[INFO] [1789489969.818262991] [robot_1.robot_supervisor]: Selected controllable event: EV_move_forward
[INFO] [1789489970.142492278] [robot_1.robot_supervisor]: Selected controllable event: EV_approach_color
[INFO] [1789489970.413177742] [robot_1.robot_supervisor]: ############################# REACHED: EV_object_reached #############################
[INFO] [1789489970.425983398] [robot_1.robot_supervisor]: Selected controllable event: EV_approach_object
[INFO] [1789489970.703012224] [robot_1.robot_supervisor]: Selected controllable event: EV_move_forward
[INFO] [1789489970.922235365] [robot_1.robot_supervisor]: Triggered uncontrollable event: EV_obstacle_left
[INFO] [1789489970.931644647] [robot_1.robot_supervisor]: ############################# REACHED: EV_object_reached #############################
[INFO] [1789489970.932590130] [robot_1.robot_supervisor]: Selected controllable event: EV_u_turn
[INFO] [1789489970.933378594] [robot_1.robot_supervisor]: Starting FULL ROTATE (omega=1.000, have_odom=True, target_rad=3.142, timeout_s=3.500)
[INFO] [1789489974.515219159] [robot_1.robot_supervisor]: FULL ROTATE completed by timeout
[INFO] [1789489974.809205719] [robot_1.robot_supervisor]: ############################# REACHED: EV_object_reached #############################
[INFO] [1789489974.810062917] [robot_1.robot_supervisor]: Selected controllable event: EV_approach_color
[INFO] [1789489975.116367962] [robot_1.robot_supervisor]: ############################# REACHED: EV_object_reached #############################
[INFO] [1789489975.123380139] [robot_1.robot_supervisor]: Selected controllable event: EV_approach_object
[INFO] [1789489975.421522088] [robot_1.robot_supervisor]: Selected controllable event: EV_approach_object
[INFO] [1789489975.706617529] [robot_1.robot_supervisor]: Selected controllable event: EV_move_forward
[INFO] [1789489976.011750750] [robot_1.robot_supervisor]: ############################# REACHED: EV_object_reached #############################
[INFO] [1789489976.025331831] [robot_1.robot_supervisor]: Selected controllable event: EV_search_color
[INFO] [1789489976.216688287] [robot_1.robot_supervisor]: Selected controllable event: EV_search_object
[INFO] [1789489976.403229794] [robot_1.robot_supervisor]: ############################# REACHED: EV_object_reached #############################
[INFO] [1789489976.404038704] [robot_1.robot_supervisor]: Selected controllable event: EV_search_object
[INFO] [1789489976.602469270] [robot_1.robot_supervisor]: Selected controllable event: EV_move_forward
[INFO] [1789489976.916564160] [robot_1.robot_supervisor]: Selected controllable event: EV_approach_object
[INFO] [1789489977.204556066] [robot_1.robot_supervisor]: ############################# REACHED: EV_object_reached #############################
[INFO] [1789489977.208128243] [robot_1.robot_supervisor]: Selected controllable event: EV_search_color
[INFO] [1789489977.425143994] [robot_1.robot_supervisor]: Selected controllable event: EV_search_color
[INFO] [1789489977.638769800] [robot_1.robot_supervisor]: Selected controllable event: EV_approach_color
[INFO] [1789489977.911535067] [robot_1.robot_supervisor]: ############################# REACHED: EV_object_reached #############################
[INFO] [1789489977.912399880] [robot_1.robot_supervisor]: Selected controllable event: EV_move_forward
[INFO] [1789489978.209068281] [robot_1.robot_supervisor]: Selected controllable event: EV_approach_color
[INFO] [1789489978.446986264] [robot_1.robot_supervisor]: Selected controllable event: EV_move_forward
[INFO] [1789489978.713143478] [robot_1.robot_supervisor]: ############################# REACHED: EV_object_reached #############################
[INFO] [1789489978.716539927] [robot_1.robot_supervisor]: Selected controllable event: EV_approach_color
[INFO] [1789489979.006262374] [robot_1.robot_supervisor]: Selected controllable event: EV_search_object
[INFO] [1789489979.214188476] [robot_1.robot_supervisor]: ############################# REACHED: EV_object_reached #############################
[INFO] [1789489979.214951932] [robot_1.robot_supervisor]: Selected controllable event: EV_search_object
[INFO] [1789489979.409636111] [robot_1.robot_supervisor]: Selected controllable event: EV_approach_color
[INFO] [1789489979.725123380] [robot_1.robot_supervisor]: ############################# REACHED: EV_object_reached #############################
[INFO] [1789489979.752203186] [robot_1.robot_supervisor]: Selected controllable event: EV_search_color
[INFO] [1789489979.909396605] [robot_1.robot_supervisor]: Selected controllable event: EV_search_color
[INFO] [1789489980.100096439] [robot_1.robot_supervisor]: Selected controllable event: EV_approach_color
[INFO] [1789489980.327202860] [robot_1.robot_supervisor]: Selected controllable event: EV_search_color
[INFO] [1789489980.528642141] [robot_1.robot_supervisor]: ############################# REACHED: EV_object_reached #############################
[INFO] [1789489980.529549397] [robot_1.robot_supervisor]: Selected controllable event: EV_search_color
[INFO] [1789489980.720173801] [robot_1.robot_supervisor]: Selected controllable event: EV_approach_object
[INFO] [1789489981.010477394] [robot_1.robot_supervisor]: Selected controllable event: EV_approach_color
[INFO] [1789489981.214228656] [robot_1.robot_supervisor]: Triggered uncontrollable event: EV_obstacle_right
[INFO] [1789489981.214945311] [robot_1.robot_supervisor]: ############################# REACHED: EV_object_reached #############################
[INFO] [1789489981.215651506] [robot_1.robot_supervisor]: Selected controllable event: EV_u_turn
[INFO] [1789489981.232090663] [robot_1.robot_supervisor]: Starting FULL ROTATE (omega=1.000, have_odom=True, target_rad=3.142, timeout_s=3.500)
[INFO] [1789489984.716948665] [robot_1.robot_supervisor]: FULL ROTATE completed by timeout
[INFO] [1789489985.001005328] [robot_1.robot_supervisor]: ############################# REACHED: EV_object_reached #############################
[INFO] [1789489985.007020236] [robot_1.robot_supervisor]: Selected controllable event: EV_move_forward
[INFO] [1789489985.214560314] [robot_1.robot_supervisor]: ############################# REACHED: EV_object_reached #############################
[INFO] [1789489985.218688557] [robot_1.robot_supervisor]: Selected controllable event: EV_move_forward
[INFO] [1789489985.499381785] [robot_1.robot_supervisor]: Selected controllable event: EV_search_object
[INFO] [1789489985.610475840] [robot_1.robot_supervisor]: Selected controllable event: EV_search_object
[INFO] [1789489985.814052316] [robot_1.robot_supervisor]: Selected controllable event: EV_search_object
[INFO] [1789489986.011112725] [robot_1.robot_supervisor]: Triggered uncontrollable event: EV_obstacle_right
[INFO] [1789489986.011809699] [robot_1.robot_supervisor]: ############################# REACHED: EV_object_reached #############################
[INFO] [1789489986.012579760] [robot_1.robot_supervisor]: Selected controllable event: EV_rotate_counterclockwise
[INFO] [1789489986.206894607] [robot_1.robot_supervisor]: Triggered uncontrollable event: EV_obstacle_right
[INFO] [1789489986.225616031] [robot_1.robot_supervisor]: Selected controllable event: EV_u_turn
[INFO] [1789489986.317915106] [robot_1.robot_supervisor]: Triggered uncontrollable event: EV_obstacle_right
[INFO] [1789489986.318729199] [robot_1.robot_supervisor]: Selected controllable event: EV_u_turn
[INFO] [1789489986.411123137] [robot_1.robot_supervisor]: Triggered uncontrollable event: EV_obstacle_right
[INFO] [1789489986.412001368] [robot_1.robot_supervisor]: Selected controllable event: EV_rotate_counterclockwise
[INFO] [1789489986.606544787] [robot_1.robot_supervisor]: ############################# REACHED: EV_object_reached #############################
[INFO] [1789489986.619647180] [robot_1.robot_supervisor]: Selected controllable event: EV_search_object
[INFO] [1789489986.814535167] [robot_1.robot_supervisor]: Selected controllable event: EV_search_color
[INFO] [1789489987.008405514] [robot_1.robot_supervisor]: Selected controllable event: EV_search_object
[INFO] [1789489987.205680424] [robot_1.robot_supervisor]: Selected controllable event: EV_search_color
[INFO] [1789489987.404762868] [robot_1.robot_supervisor]: ############################# REACHED: EV_object_reached #############################
[INFO] [1789489987.405677520] [robot_1.robot_supervisor]: Selected controllable event: EV_approach_color
[INFO] [1789489987.703044860] [robot_1.robot_supervisor]: Selected controllable event: EV_approach_color
[INFO] [1789489988.010269797] [robot_1.robot_supervisor]: ############################# REACHED: EV_object_reached #############################
[INFO] [1789489988.011175587] [robot_1.robot_supervisor]: Selected controllable event: EV_search_object
[INFO] [1789489988.209166146] [robot_1.robot_supervisor]: Selected controllable event: EV_search_object
[INFO] [1789489988.403067960] [robot_1.robot_supervisor]: Selected controllable event: EV_search_object
[INFO] [1789489988.608414510] [robot_1.robot_supervisor]: Selected controllable event: EV_approach_color
[INFO] [1789489988.814158277] [robot_1.robot_supervisor]: Triggered uncontrollable event: EV_obstacle_left
[INFO] [1789489988.830400589] [robot_1.robot_supervisor]: ############################# REACHED: EV_object_reached #############################
[INFO] [1789489988.832400109] [robot_1.robot_supervisor]: Selected controllable event: EV_u_turn
[INFO] [1789489988.833134961] [robot_1.robot_supervisor]: Starting FULL ROTATE (omega=1.000, have_odom=True, target_rad=3.142, timeout_s=3.500)
[INFO] [1789489992.407052351] [robot_1.robot_supervisor]: FULL ROTATE completed by timeout
[INFO] [1789489992.623916770] [robot_1.robot_supervisor]: ############################# REACHED: EV_object_reached #############################
[INFO] [1789489992.634340003] [robot_1.robot_supervisor]: Selected controllable event: EV_approach_color
[INFO] [1789489992.926275989] [robot_1.robot_supervisor]: Selected controllable event: EV_search_color
[INFO] [1789489993.113773474] [robot_1.robot_supervisor]: ############################# REACHED: EV_object_reached #############################
[INFO] [1789489993.122218137] [robot_1.robot_supervisor]: Selected controllable event: EV_search_object
[INFO] [1789489993.304621874] [robot_1.robot_supervisor]: Selected controllable event: EV_search_color
[INFO] [1789489993.520273710] [robot_1.robot_supervisor]: Selected controllable event: EV_search_color
[INFO] [1789489993.712682971] [robot_1.robot_supervisor]: ############################# REACHED: EV_object_reached #############################
[INFO] [1789489993.714097612] [robot_1.robot_supervisor]: Selected controllable event: EV_approach_color
[INFO] [1789489994.017374961] [robot_1.robot_supervisor]: Selected controllable event: EV_move_forward
[INFO] [1789489994.324342473] [robot_1.robot_supervisor]: Selected controllable event: EV_search_color
[INFO] [1789489994.514411835] [robot_1.robot_supervisor]: ############################# REACHED: EV_object_reached #############################
[INFO] [1789489994.526938069] [robot_1.robot_supervisor]: Selected controllable event: EV_search_object
[INFO] [1789489994.707306079] [robot_1.robot_supervisor]: Selected controllable event: EV_search_color
[INFO] [1789489994.812236025] [robot_1.robot_supervisor]: Selected controllable event: EV_approach_color
[INFO] [1789489995.102956613] [robot_1.robot_supervisor]: ############################# REACHED: EV_object_reached #############################
[INFO] [1789489995.112690351] [robot_1.robot_supervisor]: Selected controllable event: EV_search_object
[INFO] [1789489995.318805241] [robot_1.robot_supervisor]: Selected controllable event: EV_approach_object
[INFO] [1789489995.602756411] [robot_1.robot_supervisor]: Selected controllable event: EV_search_object
[INFO] [1789489995.712946677] [robot_1.robot_supervisor]: Triggered uncontrollable event: EV_obstacle_right
[INFO] [1789489995.713797969] [robot_1.robot_supervisor]: Selected controllable event: EV_u_turn
[INFO] [1789489995.714516002] [robot_1.robot_supervisor]: Starting FULL ROTATE (omega=1.000, have_odom=True, target_rad=3.142, timeout_s=3.500)
[INFO] [1789489999.321601054] [robot_1.robot_supervisor]: FULL ROTATE completed by timeout
[INFO] [1789489999.632581139] [robot_1.robot_supervisor]: ############################# REACHED: EV_object_reached #############################
[INFO] [1789489999.640911962] [robot_1.robot_supervisor]: Selected controllable event: EV_search_color
[INFO] [1789489999.812453990] [robot_1.robot_supervisor]: Selected controllable event: EV_move_forward
[INFO] [1789490000.138231933] [robot_1.robot_supervisor]: ############################# REACHED: EV_object_reached #############################
[INFO] [1789490000.139305232] [robot_1.robot_supervisor]: Selected controllable event: EV_approach_object
[INFO] [1789490000.428836862] [robot_1.robot_supervisor]: Selected controllable event: EV_search_color
[INFO] [1789490000.601626656] [robot_1.robot_supervisor]: Selected controllable event: EV_approach_color
[INFO] [1789490000.826295851] [robot_1.robot_supervisor]: ############################# REACHED: EV_object_reached #############################
[INFO] [1789490000.827299082] [robot_1.robot_supervisor]: Selected controllable event: EV_search_color
[INFO] [1789490001.010652078] [robot_1.robot_supervisor]: Selected controllable event: EV_search_color
[INFO] [1789490001.213785067] [robot_1.robot_supervisor]: Selected controllable event: EV_move_forward
[INFO] [1789490001.514020372] [robot_1.robot_supervisor]: Selected controllable event: EV_search_object
[INFO] [1789490001.628180024] [robot_1.robot_supervisor]: Selected controllable event: EV_search_color
[INFO] [1789490001.819010471] [robot_1.robot_supervisor]: ############################# REACHED: EV_object_reached #############################
[INFO] [1789490001.819886990] [robot_1.robot_supervisor]: Selected controllable event: EV_search_object
[INFO] [1789490002.024434873] [robot_1.robot_supervisor]: Selected controllable event: EV_approach_object
[INFO] [1789490002.320091363] [robot_1.robot_supervisor]: Selected controllable event: EV_move_forward
[INFO] [1789490002.538382849] [robot_1.robot_supervisor]: ############################# REACHED: EV_object_reached #############################
[INFO] [1789490002.539289081] [robot_1.robot_supervisor]: Selected controllable event: EV_search_object
[INFO] [1789490002.711813440] [robot_1.robot_supervisor]: Selected controllable event: EV_approach_color
[INFO] [1789490003.007563076] [robot_1.robot_supervisor]: Selected controllable event: EV_approach_object
[INFO] [1789490003.304478281] [robot_1.robot_supervisor]: ############################# VISIBLE: EV_object_visible #############################
[INFO] [1789490003.305438829] [robot_1.robot_supervisor]: Selected controllable event: EV_search_object
[INFO] [1789490003.418628952] [robot_1.robot_supervisor]: Selected controllable event: EV_approach_color
[INFO] [1789490003.702113831] [robot_1.robot_supervisor]: Selected controllable event: EV_approach_object
[INFO] [1789490003.916242497] [robot_1.robot_supervisor]: Selected controllable event: EV_search_color
[INFO] [1789490004.109869342] [robot_1.robot_supervisor]: ############################# VISIBLE: EV_object_visible #############################
[INFO] [1789490004.110656421] [robot_1.robot_supervisor]: Selected controllable event: EV_approach_object
[INFO] [1789490004.405826034] [robot_1.robot_supervisor]: Selected controllable event: EV_approach_object
[INFO] [1789490004.627237426] [robot_1.robot_supervisor]: Selected controllable event: EV_search_object
[INFO] [1789490004.819858762] [robot_1.robot_supervisor]: ############################# VISIBLE: EV_object_visible #############################
[INFO] [1789490004.820770849] [robot_1.robot_supervisor]: Selected controllable event: EV_approach_color
[INFO] [1789490005.110236595] [robot_1.robot_supervisor]: Selected controllable event: EV_search_color
[INFO] [1789490005.325624686] [robot_1.robot_supervisor]: Selected controllable event: EV_move_forward
[INFO] [1789490005.612322250] [robot_1.robot_supervisor]: ############################# VISIBLE: EV_object_visible #############################
[INFO] [1789490005.615334865] [robot_1.robot_supervisor]: Selected controllable event: EV_approach_object
[INFO] [1789490005.908739446] [robot_1.robot_supervisor]: Selected controllable event: EV_approach_object
[INFO] [1789490006.132000608] [robot_1.robot_supervisor]: Selected controllable event: EV_approach_object
[INFO] [1789490006.427190773] [robot_1.robot_supervisor]: ############################# VISIBLE: EV_object_visible #############################
[INFO] [1789490006.437034764] [robot_1.robot_supervisor]: Selected controllable event: EV_approach_color
[INFO] [1789490006.706237680] [robot_1.robot_supervisor]: Selected controllable event: EV_approach_object
[INFO] [1789490007.009075628] [robot_1.robot_supervisor]: Selected controllable event: EV_approach_color
[INFO] [1789490007.210781720] [robot_1.robot_supervisor]: ############################# REACHED: EV_object_reached #############################
[INFO] [1789490007.211736337] [robot_1.robot_supervisor]: Selected controllable event: EV_approach_object
[INFO] [1789490007.498323534] [robot_1.robot_supervisor]: Selected controllable event: EV_search_color
[INFO] [1789490007.620516167] [robot_1.robot_supervisor]: Selected controllable event: EV_move_forward
[INFO] [1789490007.828236774] [robot_1.robot_supervisor]: Selected controllable event: EV_move_forward
[INFO] [1789490008.105115800] [robot_1.robot_supervisor]: Triggered uncontrollable event: EV_obstacle_front
[INFO] [1789490008.107149001] [robot_1.robot_supervisor]: ############################# REACHED: EV_object_reached #############################
[INFO] [1789490008.109206894] [robot_1.robot_supervisor]: Selected controllable event: EV_u_turn
[INFO] [1789490008.112835854] [robot_1.robot_supervisor]: Starting FULL ROTATE (omega=1.000, have_odom=True, target_rad=3.142, timeout_s=3.500)
[INFO] [1789490011.619927291] [robot_1.robot_supervisor]: FULL ROTATE completed by timeout
[INFO] [1789490011.925036723] [robot_1.robot_supervisor]: ############################# REACHED: EV_object_reached #############################
[INFO] [1789490011.932273560] [robot_1.robot_supervisor]: Selected controllable event: EV_search_color
[INFO] [1789490012.104326583] [robot_1.robot_supervisor]: Selected controllable event: EV_search_object
[INFO] [1789490012.224543343] [robot_1.robot_supervisor]: Selected controllable event: EV_approach_object
[INFO] [1789490012.500491405] [robot_1.robot_supervisor]: Selected controllable event: EV_search_color
[INFO] [1789490012.612886005] [robot_1.robot_supervisor]: Selected controllable event: EV_approach_color
[INFO] [1789490012.911091293] [robot_1.robot_supervisor]: ############################# REACHED: EV_object_reached #############################
[INFO] [1789490012.915910838] [robot_1.robot_supervisor]: Selected controllable event: EV_search_object
[INFO] [1789490013.098756772] [robot_1.robot_supervisor]: Selected controllable event: EV_search_color
[INFO] [1789490013.202699079] [robot_1.robot_supervisor]: Selected controllable event: EV_move_forward
[INFO] [1789490013.408408953] [robot_1.robot_supervisor]: Selected controllable event: EV_search_object
[INFO] [1789490013.510628359] [robot_1.robot_supervisor]: Selected controllable event: EV_search_object
[INFO] [1789490013.716097987] [robot_1.robot_supervisor]: ############################# REACHED: EV_object_reached #############################
[INFO] [1789490013.723786814] [robot_1.robot_supervisor]: Selected controllable event: EV_search_object
[INFO] [1789490013.901359373] [robot_1.robot_supervisor]: Selected controllable event: EV_search_color
[INFO] [1789490014.031710329] [robot_1.robot_supervisor]: Selected controllable event: EV_approach_color
[INFO] [1789490014.304015722] [robot_1.robot_supervisor]: Selected controllable event: EV_search_color
[INFO] [1789490014.413159139] [robot_1.robot_supervisor]: ############################# REACHED: EV_object_reached #############################
[INFO] [1789490014.425918203] [robot_1.robot_supervisor]: Selected controllable event: EV_approach_object
[INFO] [1789490014.699093390] [robot_1.robot_supervisor]: Selected controllable event: EV_move_forward
[INFO] [1789490014.921001237] [robot_1.robot_supervisor]: Selected controllable event: EV_search_color
[INFO] [1789490015.120401287] [robot_1.robot_supervisor]: ############################# REACHED: EV_object_reached #############################
[INFO] [1789490015.125667493] [robot_1.robot_supervisor]: Selected controllable event: EV_move_forward
[INFO] [1789490015.417427764] [robot_1.robot_supervisor]: Selected controllable event: EV_search_color
[INFO] [1789490015.598476960] [robot_1.robot_supervisor]: Selected controllable event: EV_search_object
[INFO] [1789490015.715113828] [robot_1.robot_supervisor]: ############################# REACHED: EV_object_reached #############################
[INFO] [1789490015.717891589] [robot_1.robot_supervisor]: Selected controllable event: EV_search_object
[INFO] [1789490015.915945254] [robot_1.robot_supervisor]: Selected controllable event: EV_search_color
[INFO] [1789490016.138363520] [robot_1.robot_supervisor]: Selected controllable event: EV_approach_object
[INFO] [1789490016.434092980] [robot_1.robot_supervisor]: Selected controllable event: EV_move_forward
[INFO] [1789490016.712708426] [robot_1.robot_supervisor]: ############################# REACHED: EV_object_reached #############################
[INFO] [1789490016.713802757] [robot_1.robot_supervisor]: Selected controllable event: EV_search_color
[INFO] [1789490016.915769420] [robot_1.robot_supervisor]: Selected controllable event: EV_approach_object
[INFO] [1789490017.210879848] [robot_1.robot_supervisor]: Selected controllable event: EV_search_color
[INFO] [1789490017.410407975] [robot_1.robot_supervisor]: ############################# REACHED: EV_object_reached #############################
[INFO] [1789490017.432444024] [robot_1.robot_supervisor]: Selected controllable event: EV_approach_object
[INFO] [1789490017.708085274] [robot_1.robot_supervisor]: Selected controllable event: EV_search_color
[INFO] [1789490017.810983205] [robot_1.robot_supervisor]: Selected controllable event: EV_search_object
[INFO] [1789490017.999997585] [robot_1.robot_supervisor]: Selected controllable event: EV_search_color
[INFO] [1789490018.115258560] [robot_1.robot_supervisor]: ############################# REACHED: EV_object_reached #############################
[INFO] [1789490018.116115542] [robot_1.robot_supervisor]: Selected controllable event: EV_move_forward
[INFO] [1789490018.399887869] [robot_1.robot_supervisor]: Selected controllable event: EV_approach_object
[INFO] [1789490018.607495450] [robot_1.robot_supervisor]: Selected controllable event: EV_approach_object
[INFO] [1789490018.826518003] [robot_1.robot_supervisor]: Selected controllable event: EV_move_forward
[INFO] [1789490019.110636006] [robot_1.robot_supervisor]: ############################# REACHED: EV_object_reached #############################
[INFO] [1789490019.111506574] [robot_1.robot_supervisor]: Selected controllable event: EV_move_forward
[INFO] [1789490019.400293737] [robot_1.robot_supervisor]: Selected controllable event: EV_search_color
[INFO] [1789490019.509070804] [robot_1.robot_supervisor]: ############################# REACHED: EV_object_reached #############################
[INFO] [1789490019.513260474] [robot_1.robot_supervisor]: Selected controllable event: EV_search_object
[INFO] [1789490019.619738216] [robot_1.robot_supervisor]: Selected controllable event: EV_move_forward
[INFO] [1789490019.928491973] [robot_1.robot_supervisor]: Selected controllable event: EV_approach_color
[INFO] [1789490020.213218810] [robot_1.robot_supervisor]: Selected controllable event: EV_approach_color
[INFO] [1789490020.498868161] [robot_1.robot_supervisor]: ############################# REACHED: EV_object_reached #############################
[INFO] [1789490020.499713438] [robot_1.robot_supervisor]: Selected controllable event: EV_approach_color
[INFO] [1789490020.720940143] [robot_1.robot_supervisor]: Selected controllable event: EV_approach_object
[INFO] [1789490020.997740387] [robot_1.robot_supervisor]: ############################# REACHED: EV_object_reached #############################
[INFO] [1789490021.010496589] [robot_1.robot_supervisor]: Selected controllable event: EV_approach_color
[INFO] [1789490021.316783009] [robot_1.robot_supervisor]: Selected controllable event: EV_approach_object
[INFO] [1789490021.598917885] [robot_1.robot_supervisor]: Triggered uncontrollable event: EV_obstacle_left
[INFO] [1789490021.599405958] [robot_1.robot_supervisor]: ############################# REACHED: EV_object_reached #############################
[INFO] [1789490021.599982322] [robot_1.robot_supervisor]: Selected controllable event: EV_rotate_clockwise
[INFO] [1789490021.712051157] [robot_1.robot_supervisor]: Triggered uncontrollable event: EV_obstacle_left
[INFO] [1789490021.712769839] [robot_1.robot_supervisor]: Selected controllable event: EV_rotate_clockwise
[INFO] [1789490021.917609834] [robot_1.robot_supervisor]: Triggered uncontrollable event: EV_obstacle_left
[INFO] [1789490021.918554188] [robot_1.robot_supervisor]: Selected controllable event: EV_rotate_clockwise
[INFO] [1789490022.102791084] [robot_1.robot_supervisor]: Triggered uncontrollable event: EV_obstacle_left
[INFO] [1789490022.103647026] [robot_1.robot_supervisor]: Selected controllable event: EV_rotate_clockwise
[INFO] [1789490022.206937566] [robot_1.robot_supervisor]: Triggered uncontrollable event: EV_obstacle_left
[INFO] [1789490022.207774120] [robot_1.robot_supervisor]: Selected controllable event: EV_rotate_clockwise
[INFO] [1789490022.419276288] [robot_1.robot_supervisor]: Triggered uncontrollable event: EV_obstacle_left
[INFO] [1789490022.419984452] [robot_1.robot_supervisor]: ############################# REACHED: EV_object_reached #############################
[INFO] [1789490022.420765479] [robot_1.robot_supervisor]: Selected controllable event: EV_u_turn
[INFO] [1789490022.434502078] [robot_1.robot_supervisor]: Starting FULL ROTATE (omega=1.000, have_odom=True, target_rad=3.142, timeout_s=3.500)
[INFO] [1789490026.003954102] [robot_1.robot_supervisor]: FULL ROTATE completed by timeout
[INFO] [1789490026.299498974] [robot_1.robot_supervisor]: ############################# REACHED: EV_object_reached #############################
[INFO] [1789490026.300354353] [robot_1.robot_supervisor]: Selected controllable event: EV_search_color
[INFO] [1789490026.407277728] [robot_1.robot_supervisor]: ############################# REACHED: EV_object_reached #############################
[INFO] [1789490026.408187187] [robot_1.robot_supervisor]: Selected controllable event: EV_approach_object
[INFO] [1789490026.699172275] [robot_1.robot_supervisor]: Selected controllable event: EV_move_forward
[INFO] [1789490026.910737691] [robot_1.robot_supervisor]: Selected controllable event: EV_move_forward
[INFO] [1789490027.212409615] [robot_1.robot_supervisor]: ############################# REACHED: EV_object_reached #############################
[INFO] [1789490027.213302754] [robot_1.robot_supervisor]: Selected controllable event: EV_search_object
[INFO] [1789490027.401874135] [robot_1.robot_supervisor]: Selected controllable event: EV_approach_color
[INFO] [1789490027.627033630] [robot_1.robot_supervisor]: Selected controllable event: EV_approach_color
[INFO] [1789490027.906642807] [robot_1.robot_supervisor]: Triggered uncontrollable event: EV_obstacle_front
[INFO] [1789490027.907279163] [robot_1.robot_supervisor]: ############################# REACHED: EV_object_reached #############################
[INFO] [1789490027.925304699] [robot_1.robot_supervisor]: Selected controllable event: EV_rotate_clockwise
[INFO] [1789490028.108910745] [robot_1.robot_supervisor]: Triggered uncontrollable event: EV_obstacle_front
[INFO] [1789490028.109769456] [robot_1.robot_supervisor]: Selected controllable event: EV_rotate_clockwise
[INFO] [1789490028.312331785] [robot_1.robot_supervisor]: Triggered uncontrollable event: EV_obstacle_front
[INFO] [1789490028.313176599] [robot_1.robot_supervisor]: Selected controllable event: EV_u_turn
[INFO] [1789490028.429014574] [robot_1.robot_supervisor]: Triggered uncontrollable event: EV_obstacle_left
[INFO] [1789490028.437348133] [robot_1.robot_supervisor]: Selected controllable event: EV_u_turn
[INFO] [1789490028.448686574] [robot_1.robot_supervisor]: Starting FULL ROTATE (omega=1.000, have_odom=True, target_rad=3.142, timeout_s=3.500)
[INFO] [1789490031.999714507] [robot_1.robot_supervisor]: FULL ROTATE completed by timeout
[INFO] [1789490032.313531099] [robot_1.robot_supervisor]: ############################# REACHED: EV_object_reached #############################
[INFO] [1789490032.314352224] [robot_1.robot_supervisor]: Selected controllable event: EV_search_color
[INFO] [1789490032.514320602] [robot_1.robot_supervisor]: Selected controllable event: EV_move_forward
[INFO] [1789490032.800731911] [robot_1.robot_supervisor]: ############################# REACHED: EV_object_reached #############################
[INFO] [1789490032.801682528] [robot_1.robot_supervisor]: Selected controllable event: EV_move_forward
[INFO] [1789490033.011457769] [robot_1.robot_supervisor]: Selected controllable event: EV_search_object
[INFO] [1789490033.209660184] [robot_1.robot_supervisor]: Selected controllable event: EV_approach_color
[INFO] [1789490033.512531820] [robot_1.robot_supervisor]: ############################# REACHED: EV_object_reached #############################
[INFO] [1789490033.527912258] [robot_1.robot_supervisor]: Selected controllable event: EV_move_forward
[INFO] [1789490033.812795347] [robot_1.robot_supervisor]: Selected controllable event: EV_search_color
[INFO] [1789490033.914547068] [robot_1.robot_supervisor]: Selected controllable event: EV_approach_color
[INFO] [1789490034.215577485] [robot_1.robot_supervisor]: ############################# REACHED: EV_object_reached #############################
[INFO] [1789490034.216406783] [robot_1.robot_supervisor]: Selected controllable event: EV_search_object
[INFO] [1789490034.404912238] [robot_1.robot_supervisor]: Selected controllable event: EV_approach_object
[INFO] [1789490034.606606078] [robot_1.robot_supervisor]: Selected controllable event: EV_search_object
[INFO] [1789490034.815872124] [robot_1.robot_supervisor]: Selected controllable event: EV_approach_object
[INFO] [1789490035.102374139] [robot_1.robot_supervisor]: ############################# REACHED: EV_object_reached #############################
[INFO] [1789490035.103236791] [robot_1.robot_supervisor]: Selected controllable event: EV_search_object
[INFO] [1789490035.334491639] [robot_1.robot_supervisor]: Selected controllable event: EV_search_object
[INFO] [1789490035.443409877] [robot_1.robot_supervisor]: ############################# REACHED: EV_object_reached #############################
[INFO] [1789490035.444251686] [robot_1.robot_supervisor]: Selected controllable event: EV_search_object
[INFO] [1789490035.607825584] [robot_1.robot_supervisor]: Selected controllable event: EV_approach_color
[INFO] [1789490035.904997185] [robot_1.robot_supervisor]: Selected controllable event: EV_search_object
[INFO] [1789490036.119996608] [robot_1.robot_supervisor]: ############################# REACHED: EV_object_reached #############################
[INFO] [1789490036.120866221] [robot_1.robot_supervisor]: Selected controllable event: EV_search_color
[INFO] [1789490036.311918571] [robot_1.robot_supervisor]: Selected controllable event: EV_search_object
[INFO] [1789490036.498339668] [robot_1.robot_supervisor]: Selected controllable event: EV_search_object
[INFO] [1789490036.621395034] [robot_1.robot_supervisor]: Selected controllable event: EV_approach_color
[INFO] [1789490036.936524885] [robot_1.robot_supervisor]: Triggered uncontrollable event: EV_obstacle_right
[INFO] [1789490036.937239122] [robot_1.robot_supervisor]: ############################# REACHED: EV_object_reached #############################
[INFO] [1789490036.938158900] [robot_1.robot_supervisor]: Selected controllable event: EV_rotate_counterclockwise
[INFO] [1789490037.109186040] [robot_1.robot_supervisor]: Triggered uncontrollable event: EV_obstacle_right
[INFO] [1789490037.110131577] [robot_1.robot_supervisor]: Selected controllable event: EV_rotate_counterclockwise
[INFO] [1789490037.310954121] [robot_1.robot_supervisor]: Triggered uncontrollable event: EV_obstacle_right
[INFO] [1789490037.332233369] [robot_1.robot_supervisor]: Selected controllable event: EV_rotate_counterclockwise
[INFO] [1789490037.504379146] [robot_1.robot_supervisor]: Triggered uncontrollable event: EV_obstacle_right
[INFO] [1789490037.514588254] [robot_1.robot_supervisor]: Selected controllable event: EV_u_turn
[INFO] [1789490037.532011761] [robot_1.robot_supervisor]: Starting FULL ROTATE (omega=1.000, have_odom=True, target_rad=3.142, timeout_s=3.500)
[INFO] [1789490041.102253454] [robot_1.robot_supervisor]: FULL ROTATE completed by timeout
[INFO] [1789490041.312847467] [robot_1.robot_supervisor]: Triggered uncontrollable event: EV_obstacle_left
[INFO] [1789490041.313572213] [robot_1.robot_supervisor]: ############################# REACHED: EV_object_reached #############################
[INFO] [1789490041.314358806] [robot_1.robot_supervisor]: Selected controllable event: EV_u_turn
[INFO] [1789490041.402949946] [robot_1.robot_supervisor]: Triggered uncontrollable event: EV_obstacle_left
[INFO] [1789490041.409010537] [robot_1.robot_supervisor]: Selected controllable event: EV_rotate_clockwise
[WARN] [1789490041.419555192] [robot_1.robot_supervisor]: no translation for 5.3s livelock detected; starting atomic escape (turn_sign=-1)
[INFO] [1789490043.911286251] [robot_1.robot_supervisor]: Zone-livelock escape completed
[INFO] [1789490044.224665273] [robot_1.robot_supervisor]: ############################# REACHED: EV_object_reached #############################
[INFO] [1789490044.225585723] [robot_1.robot_supervisor]: Selected controllable event: EV_search_color
[INFO] [1789490044.406443094] [robot_1.robot_supervisor]: Selected controllable event: EV_search_color
[INFO] [1789490044.515262729] [robot_1.robot_supervisor]: ############################# REACHED: EV_object_reached #############################
[INFO] [1789490044.529339009] [robot_1.robot_supervisor]: Selected controllable event: EV_search_object
[INFO] [1789490044.708864024] [robot_1.robot_supervisor]: Selected controllable event: EV_search_color
[INFO] [1789490044.907971935] [robot_1.robot_supervisor]: Selected controllable event: EV_approach_object
[INFO] [1789490045.204547685] [robot_1.robot_supervisor]: ############################# REACHED: EV_object_reached #############################
[INFO] [1789490045.210748048] [robot_1.robot_supervisor]: Selected controllable event: EV_search_object
[INFO] [1789490045.403383298] [robot_1.robot_supervisor]: Selected controllable event: EV_approach_color
[INFO] [1789490045.616558863] [robot_1.robot_supervisor]: Selected controllable event: EV_move_forward
[INFO] [1789490045.912281239] [robot_1.robot_supervisor]: ############################# REACHED: EV_object_reached #############################
[INFO] [1789490045.913116440] [robot_1.robot_supervisor]: Selected controllable event: EV_approach_color
[INFO] [1789490046.208134066] [robot_1.robot_supervisor]: Selected controllable event: EV_search_object
[INFO] [1789490046.420762122] [robot_1.robot_supervisor]: Selected controllable event: EV_search_object
[INFO] [1789490046.611521491] [robot_1.robot_supervisor]: ############################# REACHED: EV_object_reached #############################
[INFO] [1789490046.615669791] [robot_1.robot_supervisor]: Selected controllable event: EV_search_object
[INFO] [1789490046.812886865] [robot_1.robot_supervisor]: Selected controllable event: EV_approach_object
[INFO] [1789490047.111229245] [robot_1.robot_supervisor]: Triggered uncontrollable event: EV_obstacle_right
[INFO] [1789490047.117238855] [robot_1.robot_supervisor]: Selected controllable event: EV_rotate_counterclockwise
[INFO] [1789490047.316227053] [robot_1.robot_supervisor]: Triggered uncontrollable event: EV_obstacle_right
[INFO] [1789490047.322283512] [robot_1.robot_supervisor]: ############################# REACHED: EV_object_reached #############################
[INFO] [1789490047.334056067] [robot_1.robot_supervisor]: Selected controllable event: EV_rotate_counterclockwise
[INFO] [1789490047.510607911] [robot_1.robot_supervisor]: Triggered uncontrollable event: EV_obstacle_right
[INFO] [1789490047.519803672] [robot_1.robot_supervisor]: Selected controllable event: EV_u_turn
[INFO] [1789490047.520565995] [robot_1.robot_supervisor]: Starting FULL ROTATE (omega=1.000, have_odom=True, target_rad=3.142, timeout_s=3.500)
[INFO] [1789490051.109182126] [robot_1.robot_supervisor]: FULL ROTATE completed by timeout
[INFO] [1789490051.312080156] [robot_1.robot_supervisor]: Triggered uncontrollable event: EV_obstacle_left
[INFO] [1789490051.320655972] [robot_1.robot_supervisor]: ############################# REACHED: EV_object_reached #############################
[INFO] [1789490051.321547057] [robot_1.robot_supervisor]: Selected controllable event: EV_u_turn
[INFO] [1789490051.427467816] [robot_1.robot_supervisor]: Triggered uncontrollable event: EV_obstacle_left
[INFO] [1789490051.428883153] [robot_1.robot_supervisor]: Selected controllable event: EV_u_turn
[INFO] [1789490051.501646443] [robot_1.robot_supervisor]: Triggered uncontrollable event: EV_obstacle_left
[INFO] [1789490051.511430544] [robot_1.robot_supervisor]: Selected controllable event: EV_rotate_clockwise
[WARN] [1789490051.512240989] [robot_1.robot_supervisor]: no translation for 5.1s livelock detected; starting atomic escape (turn_sign=-1)
[INFO] [1789490053.558496232] [robot_1.robot_supervisor]: CONTACT RECOVERY activated (source=generic_delivery_box_2::link::collision, duration_s=1.00)
[INFO] [1789490054.603283836] [robot_1.robot_supervisor]: Zone-livelock escape completed
[INFO] [1789490054.913180951] [robot_1.robot_supervisor]: ############################# REACHED: EV_object_reached #############################
[INFO] [1789490054.917348901] [robot_1.robot_supervisor]: Selected controllable event: EV_search_object
[INFO] [1789490055.115490736] [robot_1.robot_supervisor]: Selected controllable event: EV_approach_color
[INFO] [1789490055.400898766] [robot_1.robot_supervisor]: Triggered uncontrollable event: EV_obstacle_right
[INFO] [1789490055.416586765] [robot_1.robot_supervisor]: ############################# REACHED: EV_object_reached #############################
[INFO] [1789490055.417434472] [robot_1.robot_supervisor]: Selected controllable event: EV_rotate_counterclockwise
[INFO] [1789490055.548811842] [robot_1.robot_supervisor]: CONTACT RECOVERY activated (source=generic_delivery_box_2::link::collision, duration_s=1.00)
[INFO] [1789490056.603380775] [robot_1.robot_supervisor]: Triggered uncontrollable event: EV_obstacle_right
[INFO] [1789490056.610800394] [robot_1.robot_supervisor]: ############################# REACHED: EV_object_reached #############################
[INFO] [1789490056.612470347] [robot_1.robot_supervisor]: Selected controllable event: EV_u_turn
[INFO] [1789490056.620654086] [robot_1.robot_supervisor]: Starting FULL ROTATE (omega=1.000, have_odom=True, target_rad=3.142, timeout_s=3.500)
[INFO] [1789490060.122538795] [robot_1.robot_supervisor]: FULL ROTATE completed by timeout
[INFO] [1789490060.403318491] [robot_1.robot_supervisor]: ############################# REACHED: EV_object_reached #############################
[INFO] [1789490060.408392421] [robot_1.robot_supervisor]: Selected controllable event: EV_search_object
[INFO] [1789490060.604389408] [robot_1.robot_supervisor]: Selected controllable event: EV_approach_object
[INFO] [1789490060.911668483] [robot_1.robot_supervisor]: Triggered uncontrollable event: EV_obstacle_right
[INFO] [1789490060.912350928] [robot_1.robot_supervisor]: ############################# REACHED: EV_object_reached #############################
[INFO] [1789490060.913158512] [robot_1.robot_supervisor]: Selected controllable event: EV_rotate_counterclockwise
[INFO] [1789490061.105906976] [robot_1.robot_supervisor]: Triggered uncontrollable event: EV_obstacle_right
[INFO] [1789490061.106797947] [robot_1.robot_supervisor]: Selected controllable event: EV_u_turn
[INFO] [1789490061.215015681] [robot_1.robot_supervisor]: Triggered uncontrollable event: EV_obstacle_right
[INFO] [1789490061.223374356] [robot_1.robot_supervisor]: Selected controllable event: EV_u_turn
[INFO] [1789490061.311784749] [robot_1.robot_supervisor]: Triggered uncontrollable event: EV_obstacle_right
[INFO] [1789490061.315908276] [robot_1.robot_supervisor]: Selected controllable event: EV_u_turn
[INFO] [1789490061.410271870] [robot_1.robot_supervisor]: Triggered uncontrollable event: EV_obstacle_right
[INFO] [1789490061.417004008] [robot_1.robot_supervisor]: Selected controllable event: EV_u_turn
[INFO] [1789490061.512073061] [robot_1.robot_supervisor]: Triggered uncontrollable event: EV_obstacle_right
[INFO] [1789490061.512923210] [robot_1.robot_supervisor]: Selected controllable event: EV_rotate_counterclockwise
[INFO] [1789490061.623196646] [robot_1.robot_supervisor]: Triggered uncontrollable event: EV_obstacle_right
[INFO] [1789490061.633719953] [robot_1.robot_supervisor]: Selected controllable event: EV_rotate_counterclockwise
[INFO] [1789490061.819898023] [robot_1.robot_supervisor]: Triggered uncontrollable event: EV_obstacle_right
[INFO] [1789490061.828659137] [robot_1.robot_supervisor]: ############################# REACHED: EV_object_reached #############################
[INFO] [1789490061.829590400] [robot_1.robot_supervisor]: Selected controllable event: EV_u_turn
[INFO] [1789490061.918831152] [robot_1.robot_supervisor]: Triggered uncontrollable event: EV_obstacle_right
[INFO] [1789490061.925828283] [robot_1.robot_supervisor]: Selected controllable event: EV_u_turn
[INFO] [1789490062.006464852] [robot_1.robot_supervisor]: Triggered uncontrollable event: EV_obstacle_right
[INFO] [1789490062.008084398] [robot_1.robot_supervisor]: Selected controllable event: EV_u_turn
[INFO] [1789490062.110880855] [robot_1.robot_supervisor]: Triggered uncontrollable event: EV_obstacle_right
[INFO] [1789490062.118617878] [robot_1.robot_supervisor]: Selected controllable event: EV_rotate_counterclockwise
[INFO] [1789490062.238658930] [robot_1.robot_supervisor]: Triggered uncontrollable event: EV_obstacle_right
[INFO] [1789490062.239510239] [robot_1.robot_supervisor]: Selected controllable event: EV_u_turn
[INFO] [1789490062.309578062] [robot_1.robot_supervisor]: Triggered uncontrollable event: EV_obstacle_right
[INFO] [1789490062.328078025] [robot_1.robot_supervisor]: Selected controllable event: EV_rotate_counterclockwise
[INFO] [1789490062.508946525] [robot_1.robot_supervisor]: Triggered uncontrollable event: EV_obstacle_right
[INFO] [1789490062.509595421] [robot_1.robot_supervisor]: ############################# REACHED: EV_object_reached #############################
[INFO] [1789490062.516613535] [robot_1.robot_supervisor]: Selected controllable event: EV_u_turn
[INFO] [1789490062.626001735] [robot_1.robot_supervisor]: Triggered uncontrollable event: EV_obstacle_right
[INFO] [1789490062.629295605] [robot_1.robot_supervisor]: Selected controllable event: EV_rotate_counterclockwise
[INFO] [1789490062.815115242] [robot_1.robot_supervisor]: Triggered uncontrollable event: EV_obstacle_right
[INFO] [1789490062.818685573] [robot_1.robot_supervisor]: Selected controllable event: EV_rotate_counterclockwise
[INFO] [1789490063.007626591] [robot_1.robot_supervisor]: Triggered uncontrollable event: EV_obstacle_right
[INFO] [1789490063.040266333] [robot_1.robot_supervisor]: Selected controllable event: EV_u_turn
[INFO] [1789490063.041031699] [robot_1.robot_supervisor]: Starting FULL ROTATE (omega=1.000, have_odom=True, target_rad=3.142, timeout_s=3.500)
[INFO] [1789490066.612656978] [robot_1.robot_supervisor]: FULL ROTATE completed by timeout
[INFO] [1789490066.915417033] [robot_1.robot_supervisor]: Triggered uncontrollable event: EV_obstacle_front
[INFO] [1789490066.916213209] [robot_1.robot_supervisor]: ############################# REACHED: EV_object_reached #############################
[INFO] [1789490066.919366794] [robot_1.robot_supervisor]: Selected controllable event: EV_rotate_counterclockwise
[WARN] [1789490066.928321689] [robot_1.robot_supervisor]: no translation for 6.5s livelock detected; starting atomic escape (turn_sign=+1)
[INFO] [1789490069.520737082] [robot_1.robot_supervisor]: Zone-livelock escape completed
[INFO] [1789490069.810716659] [robot_1.robot_supervisor]: ############################# REACHED: EV_object_reached #############################
[INFO] [1789490069.823698238] [robot_1.robot_supervisor]: Selected controllable event: EV_search_object
[INFO] [1789490070.002831750] [robot_1.robot_supervisor]: Selected controllable event: EV_approach_color
[INFO] [1789490070.299987967] [robot_1.robot_supervisor]: ############################# REACHED: EV_object_reached #############################
[INFO] [1789490070.300964668] [robot_1.robot_supervisor]: Selected controllable event: EV_search_object
[INFO] [1789490070.504343913] [robot_1.robot_supervisor]: Selected controllable event: EV_approach_object
[INFO] [1789490070.708439954] [robot_1.robot_supervisor]: Selected controllable event: EV_approach_color
[INFO] [1789490070.915368824] [robot_1.robot_supervisor]: Selected controllable event: EV_approach_object
[INFO] [1789490071.209391435] [robot_1.robot_supervisor]: ############################# REACHED: EV_object_reached #############################
[INFO] [1789490071.214639848] [robot_1.robot_supervisor]: Selected controllable event: EV_approach_color
[INFO] [1789490071.506093552] [robot_1.robot_supervisor]: Selected controllable event: EV_search_color
[INFO] [1789490071.726791969] [robot_1.robot_supervisor]: Selected controllable event: EV_move_forward
[INFO] [1789490072.005776368] [robot_1.robot_supervisor]: ############################# REACHED: EV_object_reached #############################
[INFO] [1789490072.013092045] [robot_1.robot_supervisor]: Selected controllable event: EV_move_forward
[INFO] [1789490072.322759296] [robot_1.robot_supervisor]: Selected controllable event: EV_approach_object
[INFO] [1789490072.647295532] [robot_1.robot_supervisor]: ############################# REACHED: EV_object_reached #############################
[INFO] [1789490072.648134463] [robot_1.robot_supervisor]: Selected controllable event: EV_approach_object
[INFO] [1789490072.905486085] [robot_1.robot_supervisor]: Selected controllable event: EV_approach_color
[INFO] [1789490073.217054975] [robot_1.robot_supervisor]: ############################# REACHED: EV_object_reached #############################
[INFO] [1789490073.217925502] [robot_1.robot_supervisor]: Selected controllable event: EV_search_color
[INFO] [1789490073.407221838] [robot_1.robot_supervisor]: Selected controllable event: EV_move_forward
[INFO] [1789490073.699801019] [robot_1.robot_supervisor]: Selected controllable event: EV_approach_object
[INFO] [1789490074.016408432] [robot_1.robot_supervisor]: ############################# REACHED: EV_object_reached #############################
[INFO] [1789490074.025208309] [robot_1.robot_supervisor]: Selected controllable event: EV_approach_object
[INFO] [1789490074.320123203] [robot_1.robot_supervisor]: Selected controllable event: EV_search_object
[INFO] [1789490074.511122187] [robot_1.robot_supervisor]: Selected controllable event: EV_approach_color
[INFO] [1789490074.817634370] [robot_1.robot_supervisor]: ############################# REACHED: EV_object_reached #############################
[INFO] [1789490074.822805848] [robot_1.robot_supervisor]: Selected controllable event: EV_search_color
[INFO] [1789490075.009993119] [robot_1.robot_supervisor]: Selected controllable event: EV_move_forward
[INFO] [1789490075.300933496] [robot_1.robot_supervisor]: Selected controllable event: EV_search_object
[INFO] [1789490075.410740282] [robot_1.robot_supervisor]: ############################# REACHED: EV_object_reached #############################
[INFO] [1789490075.435846803] [robot_1.robot_supervisor]: Selected controllable event: EV_approach_object
[INFO] [1789490075.709788040] [robot_1.robot_supervisor]: Selected controllable event: EV_approach_object
[INFO] [1789490076.045131310] [robot_1.robot_supervisor]: Selected controllable event: EV_approach_object
[INFO] [1789490076.301819812] [robot_1.robot_supervisor]: ############################# REACHED: EV_object_reached #############################
[INFO] [1789490076.310065780] [robot_1.robot_supervisor]: Selected controllable event: EV_search_color
[INFO] [1789490076.503314909] [robot_1.robot_supervisor]: Selected controllable event: EV_approach_object
[INFO] [1789490076.806754907] [robot_1.robot_supervisor]: ############################# REACHED: EV_object_reached #############################
[INFO] [1789490076.807677584] [robot_1.robot_supervisor]: Selected controllable event: EV_search_color
[INFO] [1789490077.005244832] [robot_1.robot_supervisor]: Selected controllable event: EV_search_color
[INFO] [1789490077.209811272] [robot_1.robot_supervisor]: Selected controllable event: EV_approach_color
[INFO] [1789490077.501521527] [robot_1.robot_supervisor]: ############################# REACHED: EV_object_reached #############################
[INFO] [1789490077.502338293] [robot_1.robot_supervisor]: Selected controllable event: EV_search_color
[INFO] [1789490077.604933263] [robot_1.robot_supervisor]: Selected controllable event: EV_move_forward
[INFO] [1789490077.902970170] [robot_1.robot_supervisor]: Selected controllable event: EV_search_object
[INFO] [1789490078.021845752] [robot_1.robot_supervisor]: Selected controllable event: EV_search_object
[INFO] [1789490078.202378572] [robot_1.robot_supervisor]: ############################# REACHED: EV_object_reached #############################
[INFO] [1789490078.211726456] [robot_1.robot_supervisor]: Selected controllable event: EV_search_object
[INFO] [1789490078.410812621] [robot_1.robot_supervisor]: Selected controllable event: EV_approach_object
[INFO] [1789490078.705676508] [robot_1.robot_supervisor]: Selected controllable event: EV_approach_color
[INFO] [1789490079.013367077] [robot_1.robot_supervisor]: Triggered uncontrollable event: EV_obstacle_left
[INFO] [1789490079.031324357] [robot_1.robot_supervisor]: ############################# REACHED: EV_object_reached #############################
[INFO] [1789490079.032152767] [robot_1.robot_supervisor]: Selected controllable event: EV_rotate_clockwise
[INFO] [1789490079.212671496] [robot_1.robot_supervisor]: Triggered uncontrollable event: EV_obstacle_left
[INFO] [1789490079.219766029] [robot_1.robot_supervisor]: Selected controllable event: EV_rotate_clockwise
[INFO] [1789490079.397998293] [robot_1.robot_supervisor]: Triggered uncontrollable event: EV_obstacle_left
[INFO] [1789490079.398923170] [robot_1.robot_supervisor]: Selected controllable event: EV_rotate_clockwise
[INFO] [1789490079.598889694] [robot_1.robot_supervisor]: Triggered uncontrollable event: EV_obstacle_left
[INFO] [1789490079.618469172] [robot_1.robot_supervisor]: ############################# REACHED: EV_object_reached #############################
[INFO] [1789490079.619312164] [robot_1.robot_supervisor]: Selected controllable event: EV_rotate_clockwise
[INFO] [1789490079.809930963] [robot_1.robot_supervisor]: Triggered uncontrollable event: EV_obstacle_left
[INFO] [1789490079.812970731] [robot_1.robot_supervisor]: Selected controllable event: EV_rotate_clockwise
[INFO] [1789490080.028508933] [robot_1.robot_supervisor]: Triggered uncontrollable event: EV_obstacle_left
[INFO] [1789490080.032190610] [robot_1.robot_supervisor]: Selected controllable event: EV_u_turn
[INFO] [1789490080.036661415] [robot_1.robot_supervisor]: Starting FULL ROTATE (omega=1.000, have_odom=True, target_rad=3.142, timeout_s=3.500)
[INFO] [1789490083.607560630] [robot_1.robot_supervisor]: FULL ROTATE completed by timeout
[INFO] [1789490083.830732355] [robot_1.robot_supervisor]: Triggered uncontrollable event: EV_obstacle_right
[INFO] [1789490083.844751011] [robot_1.robot_supervisor]: ############################# REACHED: EV_object_reached #############################
[INFO] [1789490083.848793056] [robot_1.robot_supervisor]: Selected controllable event: EV_u_turn
[INFO] [1789490083.901653035] [robot_1.robot_supervisor]: Triggered uncontrollable event: EV_obstacle_right
[INFO] [1789490083.912649728] [robot_1.robot_supervisor]: ############################# REACHED: EV_object_reached #############################
[INFO] [1789490083.913510434] [robot_1.robot_supervisor]: Selected controllable event: EV_rotate_counterclockwise
[WARN] [1789490083.914165402] [robot_1.robot_supervisor]: no translation for 6.0s livelock detected; starting atomic escape (turn_sign=+1)
[INFO] [1789490086.401232440] [robot_1.robot_supervisor]: Zone-livelock escape completed
[INFO] [1789490086.603195272] [robot_1.robot_supervisor]: ############################# REACHED: EV_object_reached #############################
[INFO] [1789490086.609064508] [robot_1.robot_supervisor]: Selected controllable event: EV_search_object
[INFO] [1789490086.717357867] [robot_1.robot_supervisor]: Selected controllable event: EV_approach_object
[INFO] [1789490087.010986246] [robot_1.robot_supervisor]: ############################# REACHED: EV_object_reached #############################
[INFO] [1789490087.015217781] [robot_1.robot_supervisor]: Selected controllable event: EV_move_forward
[INFO] [1789490087.304764707] [robot_1.robot_supervisor]: Selected controllable event: EV_move_forward
[INFO] [1789490087.619287267] [robot_1.robot_supervisor]: ############################# REACHED: EV_object_reached #############################
[INFO] [1789490087.630720492] [robot_1.robot_supervisor]: Selected controllable event: EV_approach_object
[INFO] [1789490087.909871793] [robot_1.robot_supervisor]: Selected controllable event: EV_approach_object
[INFO] [1789490088.223631186] [robot_1.robot_supervisor]: Selected controllable event: EV_search_object
[INFO] [1789490088.404516853] [robot_1.robot_supervisor]: ############################# REACHED: EV_object_reached #############################
[INFO] [1789490088.405462912] [robot_1.robot_supervisor]: Selected controllable event: EV_search_color
[INFO] [1789490088.507696371] [robot_1.robot_supervisor]: Selected controllable event: EV_search_color
[INFO] [1789490088.706637213] [robot_1.robot_supervisor]: Selected controllable event: EV_move_forward
[INFO] [1789490089.000823450] [robot_1.robot_supervisor]: ############################# REACHED: EV_object_reached #############################
[INFO] [1789490089.001597775] [robot_1.robot_supervisor]: Selected controllable event: EV_search_color
[INFO] [1789490089.217620936] [robot_1.robot_supervisor]: Selected controllable event: EV_approach_object
[INFO] [1789490089.501889517] [robot_1.robot_supervisor]: Selected controllable event: EV_approach_object
[INFO] [1789490089.818571287] [robot_1.robot_supervisor]: ############################# REACHED: EV_object_reached #############################
[INFO] [1789490089.819377023] [robot_1.robot_supervisor]: Selected controllable event: EV_move_forward
[INFO] [1789490090.109424467] [robot_1.robot_supervisor]: Selected controllable event: EV_approach_object
[INFO] [1789490090.415371363] [robot_1.robot_supervisor]: ############################# REACHED: EV_object_reached #############################
[INFO] [1789490090.417354511] [robot_1.robot_supervisor]: Selected controllable event: EV_approach_color
[INFO] [1789490090.725968278] [robot_1.robot_supervisor]: Selected controllable event: EV_search_object
[INFO] [1789490090.906083028] [robot_1.robot_supervisor]: Selected controllable event: EV_move_forward
[INFO] [1789490091.206541207] [robot_1.robot_supervisor]: ############################# VISIBLE: EV_object_visible #############################
[INFO] [1789490091.207505257] [robot_1.robot_supervisor]: Selected controllable event: EV_move_forward
[INFO] [1789490091.502715478] [robot_1.robot_supervisor]: Selected controllable event: EV_approach_color
[INFO] [1789490091.807560076] [robot_1.robot_supervisor]: ############################# REACHED: EV_object_reached #############################
[INFO] [1789490091.808443196] [robot_1.robot_supervisor]: Selected controllable event: EV_search_color
[INFO] [1789490091.999485766] [robot_1.robot_supervisor]: Selected controllable event: EV_approach_color
[INFO] [1789490092.203177701] [robot_1.robot_supervisor]: Selected controllable event: EV_approach_object
[INFO] [1789490092.423108142] [robot_1.robot_supervisor]: Triggered uncontrollable event: EV_obstacle_left
[INFO] [1789490092.423838947] [robot_1.robot_supervisor]: ############################# REACHED: EV_object_reached #############################
[INFO] [1789490092.424641725] [robot_1.robot_supervisor]: Selected controllable event: EV_u_turn
[INFO] [1789490092.443055083] [robot_1.robot_supervisor]: Starting FULL ROTATE (omega=1.000, have_odom=True, target_rad=3.142, timeout_s=3.500)
[INFO] [1789490096.007505821] [robot_1.robot_supervisor]: FULL ROTATE completed by timeout
[INFO] [1789490096.319665888] [robot_1.robot_supervisor]: ############################# REACHED: EV_object_reached #############################
[INFO] [1789490096.320695452] [robot_1.robot_supervisor]: Selected controllable event: EV_move_forward
[INFO] [1789490096.619093070] [robot_1.robot_supervisor]: ############################# REACHED: EV_object_reached #############################
[INFO] [1789490096.619998769] [robot_1.robot_supervisor]: Selected controllable event: EV_move_forward
[INFO] [1789490096.901889967] [robot_1.robot_supervisor]: Selected controllable event: EV_search_object
[INFO] [1789490097.098621101] [robot_1.robot_supervisor]: Selected controllable event: EV_search_color
[INFO] [1789490097.203121082] [robot_1.robot_supervisor]: Selected controllable event: EV_move_forward
[INFO] [1789490097.507384601] [robot_1.robot_supervisor]: ############################# REACHED: EV_object_reached #############################
[INFO] [1789490097.517225451] [robot_1.robot_supervisor]: Selected controllable event: EV_approach_object
[INFO] [1789490097.804872233] [robot_1.robot_supervisor]: Selected controllable event: EV_search_object
[INFO] [1789490098.012360526] [robot_1.robot_supervisor]: ############################# REACHED: EV_object_reached #############################
[INFO] [1789490098.013145459] [robot_1.robot_supervisor]: Selected controllable event: EV_search_color
[INFO] [1789490098.198879293] [robot_1.robot_supervisor]: Selected controllable event: EV_approach_object
[INFO] [1789490098.411984056] [robot_1.robot_supervisor]: Selected controllable event: EV_approach_color
[INFO] [1789490098.704335290] [robot_1.robot_supervisor]: Triggered uncontrollable event: EV_obstacle_left
[INFO] [1789490098.705612870] [robot_1.robot_supervisor]: ############################# REACHED: EV_object_reached #############################
[INFO] [1789490098.706411417] [robot_1.robot_supervisor]: Selected controllable event: EV_rotate_clockwise
[INFO] [1789490098.904392625] [robot_1.robot_supervisor]: Triggered uncontrollable event: EV_obstacle_left
[INFO] [1789490098.905214210] [robot_1.robot_supervisor]: Selected controllable event: EV_u_turn
[INFO] [1789490098.905834322] [robot_1.robot_supervisor]: Starting FULL ROTATE (omega=1.000, have_odom=True, target_rad=3.142, timeout_s=3.500)
