[INFO] [1789489731.408204928] [robot_1.robot_supervisor]: Loaded initial mission 'balanced_delivery' from explicit YAML S_20260915_182327.yaml
[INFO] [1789489731.535106379] [robot_1.robot_supervisor]: Selected controllable event: EV_approach_color
[INFO] [1789489731.744798715] [robot_1.robot_supervisor]: Selected controllable event: EV_search_object
[INFO] [1789489731.940883791] [robot_1.robot_supervisor]: Selected controllable event: EV_approach_object
[INFO] [1789489732.240049090] [robot_1.robot_supervisor]: Selected controllable event: EV_search_color
[INFO] [1789489732.438590868] [robot_1.robot_supervisor]: Selected controllable event: EV_search_object
[INFO] [1789489732.539836064] [robot_1.robot_supervisor]: Selected controllable event: EV_approach_object
[INFO] [1789489732.746490566] [robot_1.robot_supervisor]: Selected controllable event: EV_move_forward
[INFO] [1789489733.037998867] [robot_1.robot_supervisor]: Selected controllable event: EV_approach_color
[INFO] [1789489733.242718039] [robot_1.robot_supervisor]: Selected controllable event: EV_search_object
[INFO] [1789489733.432439618] [robot_1.robot_supervisor]: Selected controllable event: EV_approach_object
[INFO] [1789489733.636068421] [robot_1.robot_supervisor]: Selected controllable event: EV_move_forward
[INFO] [1789489733.931415302] [robot_1.robot_supervisor]: Selected controllable event: EV_approach_color
[INFO] [1789489734.231414360] [robot_1.robot_supervisor]: Selected controllable event: EV_approach_object
[INFO] [1789489734.531659836] [robot_1.robot_supervisor]: Selected controllable event: EV_move_forward
[INFO] [1789489734.831659464] [robot_1.robot_supervisor]: Selected controllable event: EV_search_object
[INFO] [1789489735.031662262] [robot_1.robot_supervisor]: Selected controllable event: EV_search_color
[INFO] [1789489735.231527322] [robot_1.robot_supervisor]: Selected controllable event: EV_search_object
[INFO] [1789489735.431504952] [robot_1.robot_supervisor]: Selected controllable event: EV_approach_color
[INFO] [1789489735.733759280] [robot_1.robot_supervisor]: Selected controllable event: EV_search_object
[INFO] [1789489735.931918523] [robot_1.robot_supervisor]: Selected controllable event: EV_approach_color
[INFO] [1789489736.232282415] [robot_1.robot_supervisor]: Selected controllable event: EV_search_object
[INFO] [1789489736.341513518] [robot_1.robot_supervisor]: Selected controllable event: EV_approach_color
[INFO] [1789489736.645518214] [robot_1.robot_supervisor]: Triggered uncontrollable event: EV_object_not_visible
[INFO] [1789489736.647875936] [robot_1.robot_supervisor]: Selected controllable event: EV_search_object
[INFO] [1789489736.841532490] [robot_1.robot_supervisor]: Selected controllable event: EV_search_object
[INFO] [1789489737.045074776] [robot_1.robot_supervisor]: Triggered uncontrollable event: EV_object_not_visible
[INFO] [1789489737.045733595] [robot_1.robot_supervisor]: Selected controllable event: EV_approach_color
[INFO] [1789489737.336658504] [robot_1.robot_supervisor]: Selected controllable event: EV_approach_color
[INFO] [1789489737.550888923] [robot_1.robot_supervisor]: Triggered uncontrollable event: EV_object_not_visible
[INFO] [1789489737.551631835] [robot_1.robot_supervisor]: Selected controllable event: EV_search_object
[INFO] [1789489737.733673347] [robot_1.robot_supervisor]: Selected controllable event: EV_search_object
[INFO] [1789489737.847096337] [robot_1.robot_supervisor]: Selected controllable event: EV_move_forward
[INFO] [1789489738.145752159] [robot_1.robot_supervisor]: Triggered uncontrollable event: EV_object_not_visible
[INFO] [1789489738.164946810] [robot_1.robot_supervisor]: Selected controllable event: EV_search_color
[INFO] [1789489738.333434154] [robot_1.robot_supervisor]: Selected controllable event: EV_search_object
[INFO] [1789489738.441528772] [robot_1.robot_supervisor]: Selected controllable event: EV_search_color
[INFO] [1789489738.549481276] [robot_1.robot_supervisor]: Selected controllable event: EV_search_color
[INFO] [1789489738.745738592] [robot_1.robot_supervisor]: Triggered uncontrollable event: EV_object_not_visible
[INFO] [1789489738.746420375] [robot_1.robot_supervisor]: Selected controllable event: EV_search_color
[INFO] [1789489738.931995952] [robot_1.robot_supervisor]: Selected controllable event: EV_approach_color
[INFO] [1789489739.261589738] [robot_1.robot_supervisor]: Triggered uncontrollable event: EV_object_not_visible
[INFO] [1789489739.262972280] [robot_1.robot_supervisor]: Selected controllable event: EV_approach_color
[INFO] [1789489739.540887599] [robot_1.robot_supervisor]: Triggered uncontrollable event: EV_object_not_visible
[INFO] [1789489739.541480546] [robot_1.robot_supervisor]: Selected controllable event: EV_search_color
[INFO] [1789489739.643625476] [robot_1.robot_supervisor]: Selected controllable event: EV_search_object
[INFO] [1789489739.836708495] [robot_1.robot_supervisor]: Selected controllable event: EV_move_forward
[INFO] [1789489740.060558188] [robot_1.robot_supervisor]: ############################# VISIBLE: EV_object_visible #############################
[INFO] [1789489740.061268820] [robot_1.robot_supervisor]: Selected controllable event: EV_search_color
[INFO] [1789489740.235062781] [robot_1.robot_supervisor]: Selected controllable event: EV_move_forward
[INFO] [1789489740.549003306] [robot_1.robot_supervisor]: Selected controllable event: EV_approach_object
[INFO] [1789489740.833758824] [robot_1.robot_supervisor]: ############################# VISIBLE: EV_object_visible #############################
[INFO] [1789489740.834593000] [robot_1.robot_supervisor]: Selected controllable event: EV_search_color
[INFO] [1789489741.043068977] [robot_1.robot_supervisor]: Selected controllable event: EV_approach_color
[INFO] [1789489741.344097259] [robot_1.robot_supervisor]: ############################# VISIBLE: EV_object_visible #############################
[INFO] [1789489741.344726205] [robot_1.robot_supervisor]: Selected controllable event: EV_move_forward
[INFO] [1789489741.546142720] [robot_1.robot_supervisor]: Selected controllable event: EV_move_forward
[INFO] [1789489741.832677819] [robot_1.robot_supervisor]: ############################# VISIBLE: EV_object_visible #############################
[INFO] [1789489741.840548382] [robot_1.robot_supervisor]: Selected controllable event: EV_move_forward
[INFO] [1789489742.131903765] [robot_1.robot_supervisor]: Selected controllable event: EV_search_color
[INFO] [1789489742.238914931] [robot_1.robot_supervisor]: ############################# VISIBLE: EV_object_visible #############################
[INFO] [1789489742.245021128] [robot_1.robot_supervisor]: Selected controllable event: EV_search_object
[INFO] [1789489742.441695183] [robot_1.robot_supervisor]: Selected controllable event: EV_approach_object
[INFO] [1789489742.748017627] [robot_1.robot_supervisor]: Selected controllable event: EV_move_forward
[INFO] [1789489743.034570744] [robot_1.robot_supervisor]: ############################# VISIBLE: EV_object_visible #############################
[INFO] [1789489743.046899700] [robot_1.robot_supervisor]: Selected controllable event: EV_search_object
[INFO] [1789489743.160245272] [robot_1.robot_supervisor]: Selected controllable event: EV_move_forward
[INFO] [1789489743.433688450] [robot_1.robot_supervisor]: ############################# VISIBLE: EV_object_visible #############################
[INFO] [1789489743.434326669] [robot_1.robot_supervisor]: Selected controllable event: EV_search_color
[INFO] [1789489743.547832978] [robot_1.robot_supervisor]: Selected controllable event: EV_approach_object
[INFO] [1789489743.833129866] [robot_1.robot_supervisor]: Selected controllable event: EV_approach_object
[INFO] [1789489744.037427833] [robot_1.robot_supervisor]: ############################# VISIBLE: EV_object_visible #############################
[INFO] [1789489744.038040827] [robot_1.robot_supervisor]: Selected controllable event: EV_approach_object
[INFO] [1789489744.244134174] [robot_1.robot_supervisor]: Selected controllable event: EV_approach_color
[INFO] [1789489744.545957149] [robot_1.robot_supervisor]: ############################# VISIBLE: EV_object_visible #############################
[INFO] [1789489744.546623810] [robot_1.robot_supervisor]: Selected controllable event: EV_search_object
[INFO] [1789489744.748948695] [robot_1.robot_supervisor]: Selected controllable event: EV_search_object
[INFO] [1789489744.951428785] [robot_1.robot_supervisor]: ############################# VISIBLE: EV_object_visible #############################
[INFO] [1789489744.965277502] [robot_1.robot_supervisor]: Selected controllable event: EV_search_object
[INFO] [1789489745.137179620] [robot_1.robot_supervisor]: Selected controllable event: EV_move_forward
[INFO] [1789489745.451079064] [robot_1.robot_supervisor]: Selected controllable event: EV_search_object
[INFO] [1789489745.644096281] [robot_1.robot_supervisor]: ############################# REACHED: EV_object_reached #############################
[INFO] [1789489745.647434260] [robot_1.robot_supervisor]: Selected controllable event: EV_move_forward
[INFO] [1789489745.949553980] [robot_1.robot_supervisor]: Selected controllable event: EV_search_color
[INFO] [1789489746.136594063] [robot_1.robot_supervisor]: Triggered uncontrollable event: EV_obstacle_left
[INFO] [1789489746.142789030] [robot_1.robot_supervisor]: ############################# REACHED: EV_object_reached #############################
[INFO] [1789489746.143481459] [robot_1.robot_supervisor]: Selected controllable event: EV_u_turn
[INFO] [1789489746.149817207] [robot_1.robot_supervisor]: Starting FULL ROTATE (omega=1.000, have_odom=True, target_rad=3.142, timeout_s=3.500)
[INFO] [1789489749.534567350] [robot_1.robot_supervisor]: FULL ROTATE completed by odom (accum_rad=3.153)
[INFO] [1789489749.741547898] [robot_1.robot_supervisor]: ############################# REACHED: EV_object_reached #############################
[INFO] [1789489749.758132637] [robot_1.robot_supervisor]: Selected controllable event: EV_move_forward
[INFO] [1789489750.041919785] [robot_1.robot_supervisor]: ############################# REACHED: EV_object_reached #############################
[INFO] [1789489750.046060013] [robot_1.robot_supervisor]: Selected controllable event: EV_approach_color
[INFO] [1789489750.346764080] [robot_1.robot_supervisor]: Selected controllable event: EV_approach_object
[INFO] [1789489750.550255891] [robot_1.robot_supervisor]: ############################# REACHED: EV_object_reached #############################
[INFO] [1789489750.563581953] [robot_1.robot_supervisor]: Selected controllable event: EV_approach_object
[INFO] [1789489750.832678648] [robot_1.robot_supervisor]: ############################# VISIBLE: EV_object_visible #############################
[INFO] [1789489750.833271266] [robot_1.robot_supervisor]: Selected controllable event: EV_search_object
[INFO] [1789489751.049599258] [robot_1.robot_supervisor]: Selected controllable event: EV_search_color
[INFO] [1789489751.231682770] [robot_1.robot_supervisor]: Selected controllable event: EV_search_object
[INFO] [1789489751.444922541] [robot_1.robot_supervisor]: ############################# VISIBLE: EV_object_visible #############################
[INFO] [1789489751.458359763] [robot_1.robot_supervisor]: Selected controllable event: EV_search_object
[INFO] [1789489751.648785143] [robot_1.robot_supervisor]: Selected controllable event: EV_search_color
[INFO] [1789489751.751115236] [robot_1.robot_supervisor]: Selected controllable event: EV_search_color
[INFO] [1789489751.940901831] [robot_1.robot_supervisor]: Triggered uncontrollable event: EV_obstacle_left
[INFO] [1789489751.941337173] [robot_1.robot_supervisor]: ############################# VISIBLE: EV_object_visible #############################
[INFO] [1789489751.941928618] [robot_1.robot_supervisor]: Selected controllable event: EV_u_turn
[INFO] [1789489751.942437082] [robot_1.robot_supervisor]: Starting FULL ROTATE (omega=1.000, have_odom=True, target_rad=3.142, timeout_s=3.500)
[INFO] [1789489755.337687460] [robot_1.robot_supervisor]: FULL ROTATE completed by odom (accum_rad=3.266)
[INFO] [1789489755.539498350] [robot_1.robot_supervisor]: ############################# VISIBLE: EV_object_visible #############################
[INFO] [1789489755.540158108] [robot_1.robot_supervisor]: Selected controllable event: EV_search_object
[INFO] [1789489755.745844609] [robot_1.robot_supervisor]: ############################# VISIBLE: EV_object_visible #############################
[INFO] [1789489755.751090394] [robot_1.robot_supervisor]: Selected controllable event: EV_approach_color
[INFO] [1789489756.039581029] [robot_1.robot_supervisor]: Selected controllable event: EV_search_color
[INFO] [1789489756.253778102] [robot_1.robot_supervisor]: ############################# VISIBLE: EV_object_visible #############################
[INFO] [1789489756.254443740] [robot_1.robot_supervisor]: Selected controllable event: EV_search_object
[INFO] [1789489756.434145999] [robot_1.robot_supervisor]: Selected controllable event: EV_approach_object
[INFO] [1789489756.656711536] [robot_1.robot_supervisor]: Selected controllable event: EV_approach_color
[INFO] [1789489756.943507411] [robot_1.robot_supervisor]: ############################# VISIBLE: EV_object_visible #############################
[INFO] [1789489756.949080137] [robot_1.robot_supervisor]: Selected controllable event: EV_search_color
[INFO] [1789489757.136736903] [robot_1.robot_supervisor]: Selected controllable event: EV_search_color
[INFO] [1789489757.334564205] [robot_1.robot_supervisor]: ############################# VISIBLE: EV_object_visible #############################
[INFO] [1789489757.335202622] [robot_1.robot_supervisor]: Selected controllable event: EV_approach_object
[INFO] [1789489757.537683499] [robot_1.robot_supervisor]: Selected controllable event: EV_search_object
[INFO] [1789489757.745925073] [robot_1.robot_supervisor]: ############################# VISIBLE: EV_object_visible #############################
[INFO] [1789489757.746541275] [robot_1.robot_supervisor]: Selected controllable event: EV_search_color
[INFO] [1789489757.948833751] [robot_1.robot_supervisor]: Selected controllable event: EV_search_color
[INFO] [1789489758.136493550] [robot_1.robot_supervisor]: ############################# VISIBLE: EV_object_visible #############################
[INFO] [1789489758.137259626] [robot_1.robot_supervisor]: Selected controllable event: EV_move_forward
[INFO] [1789489758.351044809] [robot_1.robot_supervisor]: Selected controllable event: EV_approach_object
[INFO] [1789489758.635221875] [robot_1.robot_supervisor]: Triggered uncontrollable event: EV_obstacle_right
[INFO] [1789489758.635706096] [robot_1.robot_supervisor]: ############################# VISIBLE: EV_object_visible #############################
[INFO] [1789489758.636230756] [robot_1.robot_supervisor]: Selected controllable event: EV_u_turn
[INFO] [1789489758.649523186] [robot_1.robot_supervisor]: Starting FULL ROTATE (omega=1.000, have_odom=True, target_rad=3.142, timeout_s=3.500)
[INFO] [1789489761.852300314] [robot_1.robot_supervisor]: FULL ROTATE completed by odom (accum_rad=3.289)
[INFO] [1789489762.132611696] [robot_1.robot_supervisor]: ############################# VISIBLE: EV_object_visible #############################
[INFO] [1789489762.146072740] [robot_1.robot_supervisor]: Selected controllable event: EV_move_forward
[INFO] [1789489762.440867628] [robot_1.robot_supervisor]: ############################# VISIBLE: EV_object_visible #############################
[INFO] [1789489762.441460551] [robot_1.robot_supervisor]: Selected controllable event: EV_search_color
[INFO] [1789489762.550425332] [robot_1.robot_supervisor]: Selected controllable event: EV_search_object
[INFO] [1789489762.745326930] [robot_1.robot_supervisor]: Selected controllable event: EV_approach_color
[INFO] [1789489763.050309023] [robot_1.robot_supervisor]: ############################# VISIBLE: EV_object_visible #############################
[INFO] [1789489763.056315732] [robot_1.robot_supervisor]: Selected controllable event: EV_search_color
[INFO] [1789489763.246867291] [robot_1.robot_supervisor]: Selected controllable event: EV_search_object
[INFO] [1789489763.442283750] [robot_1.robot_supervisor]: ############################# VISIBLE: EV_object_visible #############################
[INFO] [1789489763.446600383] [robot_1.robot_supervisor]: Selected controllable event: EV_approach_object
[INFO] [1789489763.736256316] [robot_1.robot_supervisor]: Selected controllable event: EV_approach_color
[INFO] [1789489763.944494139] [robot_1.robot_supervisor]: ############################# VISIBLE: EV_object_visible #############################
[INFO] [1789489763.948468983] [robot_1.robot_supervisor]: Selected controllable event: EV_move_forward
[INFO] [1789489764.241607063] [robot_1.robot_supervisor]: Selected controllable event: EV_move_forward
[INFO] [1789489764.445403192] [robot_1.robot_supervisor]: ############################# VISIBLE: EV_object_visible #############################
[INFO] [1789489764.446061222] [robot_1.robot_supervisor]: Selected controllable event: EV_search_color
[INFO] [1789489764.638924605] [robot_1.robot_supervisor]: Selected controllable event: EV_approach_object
[INFO] [1789489764.951134612] [robot_1.robot_supervisor]: ############################# VISIBLE: EV_object_visible #############################
[INFO] [1789489764.951753374] [robot_1.robot_supervisor]: Selected controllable event: EV_approach_color
[INFO] [1789489765.237660115] [robot_1.robot_supervisor]: Selected controllable event: EV_approach_color
[INFO] [1789489765.542542240] [robot_1.robot_supervisor]: ############################# VISIBLE: EV_object_visible #############################
[INFO] [1789489765.543179166] [robot_1.robot_supervisor]: Selected controllable event: EV_approach_object
[INFO] [1789489765.838550075] [robot_1.robot_supervisor]: ############################# VISIBLE: EV_object_visible #############################
[INFO] [1789489765.839170010] [robot_1.robot_supervisor]: Selected controllable event: EV_search_object
[INFO] [1789489766.037506284] [robot_1.robot_supervisor]: Selected controllable event: EV_move_forward
[INFO] [1789489766.239415867] [robot_1.robot_supervisor]: Selected controllable event: EV_search_object
[INFO] [1789489766.344242202] [robot_1.robot_supervisor]: ############################# VISIBLE: EV_object_visible #############################
[INFO] [1789489766.344875515] [robot_1.robot_supervisor]: Selected controllable event: EV_approach_object
[INFO] [1789489766.632434547] [robot_1.robot_supervisor]: Selected controllable event: EV_search_color
[INFO] [1789489766.756159503] [robot_1.robot_supervisor]: Selected controllable event: EV_search_object
[INFO] [1789489766.962376992] [robot_1.robot_supervisor]: Selected controllable event: EV_approach_color
[INFO] [1789489767.244158372] [robot_1.robot_supervisor]: ############################# VISIBLE: EV_object_visible #############################
[INFO] [1789489767.252340449] [robot_1.robot_supervisor]: Selected controllable event: EV_search_object
[INFO] [1789489767.454531519] [robot_1.robot_supervisor]: Selected controllable event: EV_search_object
[INFO] [1789489767.640390377] [robot_1.robot_supervisor]: Selected controllable event: EV_move_forward
[INFO] [1789489767.876957183] [robot_1.robot_supervisor]: Selected controllable event: EV_search_color
[INFO] [1789489768.069316340] [robot_1.robot_supervisor]: Selected controllable event: EV_move_forward
[INFO] [1789489768.348607812] [robot_1.robot_supervisor]: ############################# VISIBLE: EV_object_visible #############################
[INFO] [1789489768.349563261] [robot_1.robot_supervisor]: Selected controllable event: EV_approach_object
[INFO] [1789489768.564794061] [robot_1.robot_supervisor]: Selected controllable event: EV_approach_object
[INFO] [1789489768.857482420] [robot_1.robot_supervisor]: Selected controllable event: EV_move_forward
[INFO] [1789489769.147014895] [robot_1.robot_supervisor]: Selected controllable event: EV_approach_color
[INFO] [1789489769.463091271] [robot_1.robot_supervisor]: ############################# VISIBLE: EV_object_visible #############################
[INFO] [1789489769.473078706] [robot_1.robot_supervisor]: Selected controllable event: EV_approach_color
[INFO] [1789489769.760113806] [robot_1.robot_supervisor]: Selected controllable event: EV_search_object
[INFO] [1789489769.964174032] [robot_1.robot_supervisor]: Selected controllable event: EV_approach_object
[INFO] [1789489770.243304587] [robot_1.robot_supervisor]: ############################# VISIBLE: EV_object_visible #############################
[INFO] [1789489770.264470933] [robot_1.robot_supervisor]: Selected controllable event: EV_search_color
[INFO] [1789489770.463009944] [robot_1.robot_supervisor]: Selected controllable event: EV_approach_color
[INFO] [1789489770.738725552] [robot_1.robot_supervisor]: Selected controllable event: EV_search_object
[INFO] [1789489770.870400293] [robot_1.robot_supervisor]: Selected controllable event: EV_move_forward
[INFO] [1789489771.158605167] [robot_1.robot_supervisor]: Selected controllable event: EV_search_object
[INFO] [1789489771.356933801] [robot_1.robot_supervisor]: ############################# VISIBLE: EV_object_visible #############################
[INFO] [1789489771.374399107] [robot_1.robot_supervisor]: Selected controllable event: EV_approach_object
[INFO] [1789489771.637653800] [robot_1.robot_supervisor]: Selected controllable event: EV_search_color
[INFO] [1789489771.759079973] [robot_1.robot_supervisor]: Selected controllable event: EV_search_object
[INFO] [1789489771.953332635] [robot_1.robot_supervisor]: Selected controllable event: EV_approach_color
[INFO] [1789489772.238900978] [robot_1.robot_supervisor]: Selected controllable event: EV_approach_color
[INFO] [1789489772.468660436] [robot_1.robot_supervisor]: ############################# VISIBLE: EV_object_visible #############################
[INFO] [1789489772.469702678] [robot_1.robot_supervisor]: Selected controllable event: EV_search_color
[INFO] [1789489772.651430140] [robot_1.robot_supervisor]: Selected controllable event: EV_approach_color
[INFO] [1789489772.962003965] [robot_1.robot_supervisor]: Selected controllable event: EV_search_color
[INFO] [1789489773.174271771] [robot_1.robot_supervisor]: Selected controllable event: EV_approach_object
[INFO] [1789489773.473389439] [robot_1.robot_supervisor]: ############################# VISIBLE: EV_object_visible #############################
[INFO] [1789489773.479698452] [robot_1.robot_supervisor]: Selected controllable event: EV_approach_object
[INFO] [1789489773.739412610] [robot_1.robot_supervisor]: Selected controllable event: EV_search_object
[INFO] [1789489773.872220323] [robot_1.robot_supervisor]: Selected controllable event: EV_search_color
[INFO] [1789489774.061173686] [robot_1.robot_supervisor]: Selected controllable event: EV_search_object
[INFO] [1789489774.241079365] [robot_1.robot_supervisor]: ############################# VISIBLE: EV_object_visible #############################
[INFO] [1789489774.251322233] [robot_1.robot_supervisor]: Selected controllable event: EV_approach_color
[INFO] [1789489774.468155210] [robot_1.robot_supervisor]: Selected controllable event: EV_approach_object
[INFO] [1789489774.732595125] [robot_1.robot_supervisor]: Selected controllable event: EV_search_object
[INFO] [1789489774.876962777] [robot_1.robot_supervisor]: Selected controllable event: EV_search_color
[INFO] [1789489775.046412644] [robot_1.robot_supervisor]: Selected controllable event: EV_search_color
[INFO] [1789489775.249830429] [robot_1.robot_supervisor]: ############################# VISIBLE: EV_object_visible #############################
[INFO] [1789489775.262369678] [robot_1.robot_supervisor]: Selected controllable event: EV_search_color
[INFO] [1789489775.472483570] [robot_1.robot_supervisor]: Selected controllable event: EV_approach_object
[INFO] [1789489775.762086187] [robot_1.robot_supervisor]: Selected controllable event: EV_approach_color
[INFO] [1789489776.084878256] [robot_1.robot_supervisor]: Selected controllable event: EV_approach_object
[INFO] [1789489776.368966817] [robot_1.robot_supervisor]: ############################# VISIBLE: EV_object_visible #############################
[INFO] [1789489776.370640175] [robot_1.robot_supervisor]: Selected controllable event: EV_search_color
[INFO] [1789489776.551722140] [robot_1.robot_supervisor]: Selected controllable event: EV_approach_color
[INFO] [1789489776.756304340] [robot_1.robot_supervisor]: Selected controllable event: EV_search_object
[INFO] [1789489776.974493790] [robot_1.robot_supervisor]: Selected controllable event: EV_search_color
[INFO] [1789489777.165526282] [robot_1.robot_supervisor]: Selected controllable event: EV_search_object
[INFO] [1789489777.363707144] [robot_1.robot_supervisor]: Selected controllable event: EV_search_object
[INFO] [1789489777.563825240] [robot_1.robot_supervisor]: ############################# VISIBLE: EV_object_visible #############################
[INFO] [1789489777.574931837] [robot_1.robot_supervisor]: Selected controllable event: EV_approach_object
[INFO] [1789489777.862507021] [robot_1.robot_supervisor]: Selected controllable event: EV_approach_color
[INFO] [1789489778.169517968] [robot_1.robot_supervisor]: Selected controllable event: EV_approach_object
[INFO] [1789489778.457883906] [robot_1.robot_supervisor]: ############################# VISIBLE: EV_object_visible #############################
[INFO] [1789489778.460114931] [robot_1.robot_supervisor]: Selected controllable event: EV_approach_object
[INFO] [1789489778.676163382] [robot_1.robot_supervisor]: Selected controllable event: EV_search_color
[INFO] [1789489778.860089128] [robot_1.robot_supervisor]: Selected controllable event: EV_approach_object
[INFO] [1789489779.163885883] [robot_1.robot_supervisor]: Selected controllable event: EV_search_object
[INFO] [1789489779.374032882] [robot_1.robot_supervisor]: ############################# VISIBLE: EV_object_visible #############################
[INFO] [1789489779.386272276] [robot_1.robot_supervisor]: Selected controllable event: EV_move_forward
[INFO] [1789489779.658253803] [robot_1.robot_supervisor]: Selected controllable event: EV_search_color
[INFO] [1789489779.843722039] [robot_1.robot_supervisor]: Selected controllable event: EV_approach_color
[INFO] [1789489780.064001900] [robot_1.robot_supervisor]: Selected controllable event: EV_search_object
[INFO] [1789489780.242756438] [robot_1.robot_supervisor]: ############################# VISIBLE: EV_object_visible #############################
[INFO] [1789489780.251490414] [robot_1.robot_supervisor]: Selected controllable event: EV_approach_color
[INFO] [1789489780.551925613] [robot_1.robot_supervisor]: Selected controllable event: EV_approach_color
[INFO] [1789489780.770557550] [robot_1.robot_supervisor]: Selected controllable event: EV_approach_color
[INFO] [1789489781.053192304] [robot_1.robot_supervisor]: ############################# VISIBLE: EV_object_visible #############################
[INFO] [1789489781.072800520] [robot_1.robot_supervisor]: Selected controllable event: EV_approach_object
[INFO] [1789489781.353251583] [robot_1.robot_supervisor]: Selected controllable event: EV_move_forward
[INFO] [1789489781.562581671] [robot_1.robot_supervisor]: Selected controllable event: EV_search_object
[INFO] [1789489781.679939715] [robot_1.robot_supervisor]: Selected controllable event: EV_approach_object
[INFO] [1789489781.952444889] [robot_1.robot_supervisor]: Triggered uncontrollable event: EV_obstacle_left
[INFO] [1789489781.953364993] [robot_1.robot_supervisor]: ############################# VISIBLE: EV_object_visible #############################
[INFO] [1789489781.970620312] [robot_1.robot_supervisor]: Selected controllable event: EV_u_turn
[INFO] [1789489781.972793041] [robot_1.robot_supervisor]: Starting FULL ROTATE (omega=1.000, have_odom=True, target_rad=3.142, timeout_s=3.500)
[INFO] [1789489785.534799220] [robot_1.robot_supervisor]: FULL ROTATE completed by timeout
[INFO] [1789489785.742766098] [robot_1.robot_supervisor]: ############################# VISIBLE: EV_object_visible #############################
[INFO] [1789489785.757599065] [robot_1.robot_supervisor]: Selected controllable event: EV_approach_object
[INFO] [1789489786.074048697] [robot_1.robot_supervisor]: Selected controllable event: EV_approach_color
[INFO] [1789489786.362466547] [robot_1.robot_supervisor]: ############################# VISIBLE: EV_object_visible #############################
[INFO] [1789489786.366751300] [robot_1.robot_supervisor]: Selected controllable event: EV_search_color
[INFO] [1789489786.535497822] [robot_1.robot_supervisor]: Selected controllable event: EV_search_color
[INFO] [1789489786.739868232] [robot_1.robot_supervisor]: Selected controllable event: EV_approach_object
[INFO] [1789489786.963236780] [robot_1.robot_supervisor]: Selected controllable event: EV_search_color
[INFO] [1789489787.158415875] [robot_1.robot_supervisor]: Selected controllable event: EV_search_color
[INFO] [1789489787.365929992] [robot_1.robot_supervisor]: ############################# VISIBLE: EV_object_visible #############################
[INFO] [1789489787.366944400] [robot_1.robot_supervisor]: Selected controllable event: EV_move_forward
[INFO] [1789489787.650104565] [robot_1.robot_supervisor]: Selected controllable event: EV_move_forward
[INFO] [1789489787.938046746] [robot_1.robot_supervisor]: Selected controllable event: EV_move_forward
[INFO] [1789489788.152007813] [robot_1.robot_supervisor]: ############################# VISIBLE: EV_object_visible #############################
[INFO] [1789489788.153117991] [robot_1.robot_supervisor]: Selected controllable event: EV_move_forward
[INFO] [1789489788.357254785] [robot_1.robot_supervisor]: Selected controllable event: EV_search_object
[INFO] [1789489788.461311146] [robot_1.robot_supervisor]: Selected controllable event: EV_search_color
[INFO] [1789489788.637520149] [robot_1.robot_supervisor]: Selected controllable event: EV_approach_color
[INFO] [1789489788.856876202] [robot_1.robot_supervisor]: Selected controllable event: EV_approach_object
[INFO] [1789489789.171811731] [robot_1.robot_supervisor]: ############################# REACHED: EV_object_reached #############################
[INFO] [1789489789.173317751] [robot_1.robot_supervisor]: Selected controllable event: EV_move_forward
[INFO] [1789489789.457265498] [robot_1.robot_supervisor]: Selected controllable event: EV_search_color
[INFO] [1789489789.666108374] [robot_1.robot_supervisor]: Selected controllable event: EV_search_color
[INFO] [1789489789.834093326] [robot_1.robot_supervisor]: Selected controllable event: EV_move_forward
[INFO] [1789489790.053662944] [robot_1.robot_supervisor]: ############################# REACHED: EV_object_reached #############################
[INFO] [1789489790.063744260] [robot_1.robot_supervisor]: Selected controllable event: EV_search_object
[INFO] [1789489790.253748022] [robot_1.robot_supervisor]: Selected controllable event: EV_search_color
[INFO] [1789489790.365354506] [robot_1.robot_supervisor]: Selected controllable event: EV_search_object
[INFO] [1789489790.564637654] [robot_1.robot_supervisor]: Selected controllable event: EV_search_color
[INFO] [1789489790.679769898] [robot_1.robot_supervisor]: Selected controllable event: EV_search_object
[INFO] [1789489790.844709371] [robot_1.robot_supervisor]: Selected controllable event: EV_search_color
[INFO] [1789489791.038259379] [robot_1.robot_supervisor]: ############################# REACHED: EV_object_reached #############################
[INFO] [1789489791.051910798] [robot_1.robot_supervisor]: Selected controllable event: EV_search_color
[INFO] [1789489791.269054071] [robot_1.robot_supervisor]: Selected controllable event: EV_move_forward
[INFO] [1789489791.543839522] [robot_1.robot_supervisor]: Selected controllable event: EV_approach_color
[INFO] [1789489791.748174425] [robot_1.robot_supervisor]: Triggered uncontrollable event: EV_obstacle_right
[INFO] [1789489791.763990276] [robot_1.robot_supervisor]: Selected controllable event: EV_u_turn
[INFO] [1789489791.765009794] [robot_1.robot_supervisor]: Starting FULL ROTATE (omega=1.000, have_odom=True, target_rad=3.142, timeout_s=3.500)
[INFO] [1789489795.334648067] [robot_1.robot_supervisor]: FULL ROTATE completed by timeout
[INFO] [1789489795.566133740] [robot_1.robot_supervisor]: ############################# REACHED: EV_object_reached #############################
[INFO] [1789489795.567351991] [robot_1.robot_supervisor]: Selected controllable event: EV_approach_color
[INFO] [1789489795.867082426] [robot_1.robot_supervisor]: Selected controllable event: EV_search_color
[INFO] [1789489796.069858285] [robot_1.robot_supervisor]: Selected controllable event: EV_move_forward
[INFO] [1789489796.360259707] [robot_1.robot_supervisor]: Selected controllable event: EV_move_forward
[INFO] [1789489796.667122307] [robot_1.robot_supervisor]: ############################# REACHED: EV_object_reached #############################
[INFO] [1789489796.668307679] [robot_1.robot_supervisor]: Selected controllable event: EV_search_color
[INFO] [1789489796.846457393] [robot_1.robot_supervisor]: Selected controllable event: EV_search_color
[INFO] [1789489797.071597707] [robot_1.robot_supervisor]: Selected controllable event: EV_approach_color
[INFO] [1789489797.335663281] [robot_1.robot_supervisor]: Selected controllable event: EV_search_color
[INFO] [1789489797.466875293] [robot_1.robot_supervisor]: Selected controllable event: EV_approach_object
[INFO] [1789489797.755805746] [robot_1.robot_supervisor]: ############################# REACHED: EV_object_reached #############################
[INFO] [1789489797.756736631] [robot_1.robot_supervisor]: Selected controllable event: EV_approach_object
[INFO] [1789489798.070188891] [robot_1.robot_supervisor]: Selected controllable event: EV_approach_color
[INFO] [1789489798.361385707] [robot_1.robot_supervisor]: Selected controllable event: EV_approach_color
[INFO] [1789489798.651294989] [robot_1.robot_supervisor]: ############################# REACHED: EV_object_reached #############################
[INFO] [1789489798.652390576] [robot_1.robot_supervisor]: Selected controllable event: EV_approach_object
[INFO] [1789489798.933227613] [robot_1.robot_supervisor]: Selected controllable event: EV_move_forward
[INFO] [1789489799.160474659] [robot_1.robot_supervisor]: Selected controllable event: EV_search_object
[INFO] [1789489799.354587606] [robot_1.robot_supervisor]: Triggered uncontrollable event: EV_obstacle_front
[INFO] [1789489799.355616030] [robot_1.robot_supervisor]: Selected controllable event: EV_move_backward
[INFO] [1789489799.659786295] [robot_1.robot_supervisor]: Triggered uncontrollable event: EV_obstacle_front
[INFO] [1789489799.660764735] [robot_1.robot_supervisor]: ############################# VISIBLE: EV_object_visible #############################
[INFO] [1789489799.661761568] [robot_1.robot_supervisor]: Selected controllable event: EV_rotate_counterclockwise
[INFO] [1789489799.859032690] [robot_1.robot_supervisor]: Triggered uncontrollable event: EV_obstacle_front
[INFO] [1789489799.860032498] [robot_1.robot_supervisor]: Selected controllable event: EV_rotate_counterclockwise
[INFO] [1789489800.081165248] [robot_1.robot_supervisor]: Triggered uncontrollable event: EV_obstacle_front
[INFO] [1789489800.088442656] [robot_1.robot_supervisor]: Selected controllable event: EV_rotate_clockwise
[INFO] [1789489800.233570758] [robot_1.robot_supervisor]: Triggered uncontrollable event: EV_obstacle_front
[INFO] [1789489800.268239585] [robot_1.robot_supervisor]: Selected controllable event: EV_rotate_clockwise
[INFO] [1789489800.444122602] [robot_1.robot_supervisor]: Triggered uncontrollable event: EV_obstacle_front
[INFO] [1789489800.470138100] [robot_1.robot_supervisor]: ############################# VISIBLE: EV_object_visible #############################
[INFO] [1789489800.471215459] [robot_1.robot_supervisor]: Selected controllable event: EV_u_turn
[INFO] [1789489800.472137782] [robot_1.robot_supervisor]: Starting FULL ROTATE (omega=1.000, have_odom=True, target_rad=3.142, timeout_s=3.500)
[INFO] [1789489804.042453358] [robot_1.robot_supervisor]: FULL ROTATE completed by timeout
[INFO] [1789489804.238807829] [robot_1.robot_supervisor]: ############################# VISIBLE: EV_object_visible #############################
[INFO] [1789489804.260677198] [robot_1.robot_supervisor]: Selected controllable event: EV_search_object
[INFO] [1789489804.452737457] [robot_1.robot_supervisor]: Selected controllable event: EV_search_object
[INFO] [1789489804.670709791] [robot_1.robot_supervisor]: Selected controllable event: EV_approach_object
[INFO] [1789489804.940194873] [robot_1.robot_supervisor]: Selected controllable event: EV_approach_color
[INFO] [1789489805.148914463] [robot_1.robot_supervisor]: Selected controllable event: EV_search_object
[INFO] [1789489805.351616272] [robot_1.robot_supervisor]: ############################# VISIBLE: EV_object_visible #############################
[INFO] [1789489805.352556726] [robot_1.robot_supervisor]: Selected controllable event: EV_approach_object
[INFO] [1789489805.639423001] [robot_1.robot_supervisor]: Selected controllable event: EV_search_object
[INFO] [1789489805.853059679] [robot_1.robot_supervisor]: Selected controllable event: EV_move_forward
[INFO] [1789489806.152704916] [robot_1.robot_supervisor]: ############################# VISIBLE: EV_object_visible #############################
[INFO] [1789489806.153652446] [robot_1.robot_supervisor]: Selected controllable event: EV_approach_object
[INFO] [1789489806.449112916] [robot_1.robot_supervisor]: Selected controllable event: EV_approach_object
[INFO] [1789489806.756780307] [robot_1.robot_supervisor]: Selected controllable event: EV_search_color
[INFO] [1789489806.969767837] [robot_1.robot_supervisor]: ############################# VISIBLE: EV_object_visible #############################
[INFO] [1789489806.970698345] [robot_1.robot_supervisor]: Selected controllable event: EV_search_color
[INFO] [1789489807.164653241] [robot_1.robot_supervisor]: Selected controllable event: EV_search_object
[INFO] [1789489807.334654044] [robot_1.robot_supervisor]: Selected controllable event: EV_approach_object
[INFO] [1789489807.570207045] [robot_1.robot_supervisor]: Selected controllable event: EV_search_object
[INFO] [1789489807.741666533] [robot_1.robot_supervisor]: ############################# VISIBLE: EV_object_visible #############################
[INFO] [1789489807.742666698] [robot_1.robot_supervisor]: Selected controllable event: EV_approach_object
[INFO] [1789489808.050474150] [robot_1.robot_supervisor]: Selected controllable event: EV_move_forward
[INFO] [1789489808.357477717] [robot_1.robot_supervisor]: Selected controllable event: EV_approach_object
[INFO] [1789489808.567752258] [robot_1.robot_supervisor]: Triggered uncontrollable event: EV_obstacle_right
[INFO] [1789489808.568729507] [robot_1.robot_supervisor]: Selected controllable event: EV_rotate_counterclockwise
[INFO] [1789489808.748502433] [robot_1.robot_supervisor]: Triggered uncontrollable event: EV_obstacle_right
[INFO] [1789489808.763841879] [robot_1.robot_supervisor]: ############################# VISIBLE: EV_object_visible #############################
[INFO] [1789489808.764957282] [robot_1.robot_supervisor]: Selected controllable event: EV_rotate_counterclockwise
[INFO] [1789489808.869049412] [robot_1.robot_supervisor]: Triggered uncontrollable event: EV_obstacle_right
[INFO] [1789489808.870026611] [robot_1.robot_supervisor]: Selected controllable event: EV_u_turn
[INFO] [1789489808.886092975] [robot_1.robot_supervisor]: Starting FULL ROTATE (omega=1.000, have_odom=True, target_rad=3.142, timeout_s=3.500)
[INFO] [1789489812.448668714] [robot_1.robot_supervisor]: FULL ROTATE completed by timeout
[INFO] [1789489812.677158334] [robot_1.robot_supervisor]: ############################# VISIBLE: EV_object_visible #############################
[INFO] [1789489812.678121283] [robot_1.robot_supervisor]: Selected controllable event: EV_move_forward
[INFO] [1789489812.940127429] [robot_1.robot_supervisor]: ############################# VISIBLE: EV_object_visible #############################
[INFO] [1789489812.943872433] [robot_1.robot_supervisor]: Selected controllable event: EV_search_color
[INFO] [1789489813.059491887] [robot_1.robot_supervisor]: Selected controllable event: EV_approach_color
[INFO] [1789489813.366396470] [robot_1.robot_supervisor]: Selected controllable event: EV_move_forward
[INFO] [1789489813.663665907] [robot_1.robot_supervisor]: Selected controllable event: EV_search_object
[INFO] [1789489813.858458252] [robot_1.robot_supervisor]: Selected controllable event: EV_move_forward
[INFO] [1789489814.151641598] [robot_1.robot_supervisor]: ############################# VISIBLE: EV_object_visible #############################
[INFO] [1789489814.164340107] [robot_1.robot_supervisor]: Selected controllable event: EV_approach_color
[INFO] [1789489814.462014531] [robot_1.robot_supervisor]: Selected controllable event: EV_approach_object
[INFO] [1789489814.737676218] [robot_1.robot_supervisor]: Selected controllable event: EV_search_color
[INFO] [1789489814.849898034] [robot_1.robot_supervisor]: ############################# VISIBLE: EV_object_visible #############################
[INFO] [1789489814.850913187] [robot_1.robot_supervisor]: Selected controllable event: EV_approach_color
[INFO] [1789489815.170242923] [robot_1.robot_supervisor]: Selected controllable event: EV_move_forward
[INFO] [1789489815.474215484] [robot_1.robot_supervisor]: Selected controllable event: EV_move_forward
[INFO] [1789489815.681677140] [robot_1.robot_supervisor]: Selected controllable event: EV_search_object
[INFO] [1789489815.866517895] [robot_1.robot_supervisor]: ############################# VISIBLE: EV_object_visible #############################
[INFO] [1789489815.867646445] [robot_1.robot_supervisor]: Selected controllable event: EV_approach_object
[INFO] [1789489816.153046084] [robot_1.robot_supervisor]: Selected controllable event: EV_search_object
[INFO] [1789489816.361969807] [robot_1.robot_supervisor]: Selected controllable event: EV_search_object
[INFO] [1789489816.560055181] [robot_1.robot_supervisor]: Selected controllable event: EV_approach_color
[INFO] [1789489816.857711343] [robot_1.robot_supervisor]: Selected controllable event: EV_approach_object
[INFO] [1789489817.139443256] [robot_1.robot_supervisor]: Triggered uncontrollable event: EV_object_not_visible
[INFO] [1789489817.145108837] [robot_1.robot_supervisor]: Selected controllable event: EV_search_object
[INFO] [1789489817.361972483] [robot_1.robot_supervisor]: Selected controllable event: EV_search_object
[INFO] [1789489817.533300641] [robot_1.robot_supervisor]: Selected controllable event: EV_approach_object
[INFO] [1789489817.773135188] [robot_1.robot_supervisor]: Selected controllable event: EV_search_color
[INFO] [1789489817.938760734] [robot_1.robot_supervisor]: Triggered uncontrollable event: EV_object_not_visible
[INFO] [1789489817.963413605] [robot_1.robot_supervisor]: Selected controllable event: EV_move_forward
[INFO] [1789489818.253716471] [robot_1.robot_supervisor]: Selected controllable event: EV_search_color
[INFO] [1789489818.473227014] [robot_1.robot_supervisor]: Selected controllable event: EV_search_color
[INFO] [1789489818.577586750] [robot_1.robot_supervisor]: Selected controllable event: EV_search_color
[INFO] [1789489818.745940365] [robot_1.robot_supervisor]: Selected controllable event: EV_search_color
[INFO] [1789489818.857056612] [robot_1.robot_supervisor]: ############################# VISIBLE: EV_object_visible #############################
[INFO] [1789489818.874493518] [robot_1.robot_supervisor]: Selected controllable event: EV_search_color
[INFO] [1789489819.051309503] [robot_1.robot_supervisor]: Selected controllable event: EV_approach_object
[INFO] [1789489819.374427221] [robot_1.robot_supervisor]: Selected controllable event: EV_move_forward
[INFO] [1789489819.646427213] [robot_1.robot_supervisor]: Selected controllable event: EV_approach_object
[INFO] [1789489819.947990798] [robot_1.robot_supervisor]: ############################# VISIBLE: EV_object_visible #############################
[INFO] [1789489819.965961452] [robot_1.robot_supervisor]: Selected controllable event: EV_approach_color
[INFO] [1789489820.252271231] [robot_1.robot_supervisor]: Selected controllable event: EV_move_forward
[INFO] [1789489820.583197333] [robot_1.robot_supervisor]: Selected controllable event: EV_search_object
[INFO] [1789489820.772577482] [robot_1.robot_supervisor]: ############################# VISIBLE: EV_object_visible #############################
[INFO] [1789489820.777173912] [robot_1.robot_supervisor]: Selected controllable event: EV_move_forward
[INFO] [1789489821.043142457] [robot_1.robot_supervisor]: Selected controllable event: EV_move_forward
[INFO] [1789489821.339798785] [robot_1.robot_supervisor]: Selected controllable event: EV_search_object
[INFO] [1789489821.571121678] [robot_1.robot_supervisor]: ############################# VISIBLE: EV_object_visible #############################
[INFO] [1789489821.572351357] [robot_1.robot_supervisor]: Selected controllable event: EV_move_forward
[INFO] [1789489821.865563153] [robot_1.robot_supervisor]: Selected controllable event: EV_approach_object
[INFO] [1789489822.156523550] [robot_1.robot_supervisor]: Selected controllable event: EV_move_forward
[INFO] [1789489822.449323585] [robot_1.robot_supervisor]: Selected controllable event: EV_approach_object
[INFO] [1789489822.766502885] [robot_1.robot_supervisor]: ############################# VISIBLE: EV_object_visible #############################
[INFO] [1789489822.771583539] [robot_1.robot_supervisor]: Selected controllable event: EV_move_forward
[INFO] [1789489823.054364860] [robot_1.robot_supervisor]: Selected controllable event: EV_approach_color
[INFO] [1789489823.266121407] [robot_1.robot_supervisor]: Selected controllable event: EV_approach_object
[INFO] [1789489823.549864722] [robot_1.robot_supervisor]: ############################# VISIBLE: EV_object_visible #############################
[INFO] [1789489823.550980011] [robot_1.robot_supervisor]: Selected controllable event: EV_approach_object
[INFO] [1789489823.766641664] [robot_1.robot_supervisor]: Selected controllable event: EV_search_object
[INFO] [1789489823.949639641] [robot_1.robot_supervisor]: Selected controllable event: EV_move_forward
[INFO] [1789489824.155257875] [robot_1.robot_supervisor]: Selected controllable event: EV_move_forward
[INFO] [1789489824.356761561] [robot_1.robot_supervisor]: Selected controllable event: EV_approach_color
[INFO] [1789489824.653270628] [robot_1.robot_supervisor]: ############################# VISIBLE: EV_object_visible #############################
[INFO] [1789489824.654228011] [robot_1.robot_supervisor]: Selected controllable event: EV_search_color
[INFO] [1789489824.873411974] [robot_1.robot_supervisor]: Selected controllable event: EV_search_color
[INFO] [1789489825.046146176] [robot_1.robot_supervisor]: Selected controllable event: EV_search_color
[INFO] [1789489825.245049715] [robot_1.robot_supervisor]: ############################# VISIBLE: EV_object_visible #############################
[INFO] [1789489825.249989394] [robot_1.robot_supervisor]: Selected controllable event: EV_approach_object
[INFO] [1789489825.565160061] [robot_1.robot_supervisor]: Selected controllable event: EV_approach_object
[INFO] [1789489825.832283533] [robot_1.robot_supervisor]: Selected controllable event: EV_approach_color
[INFO] [1789489826.059545118] [robot_1.robot_supervisor]: Selected controllable event: EV_move_forward
[INFO] [1789489826.360705791] [robot_1.robot_supervisor]: ############################# REACHED: EV_object_reached #############################
[INFO] [1789489826.366490257] [robot_1.robot_supervisor]: Selected controllable event: EV_search_color
[INFO] [1789489826.554636630] [robot_1.robot_supervisor]: Selected controllable event: EV_search_object
[INFO] [1789489826.775592207] [robot_1.robot_supervisor]: Selected controllable event: EV_search_object
[INFO] [1789489826.960931345] [robot_1.robot_supervisor]: Triggered uncontrollable event: EV_obstacle_front
[INFO] [1789489826.979294523] [robot_1.robot_supervisor]: Selected controllable event: EV_rotate_counterclockwise
[INFO] [1789489827.162924652] [robot_1.robot_supervisor]: Triggered uncontrollable event: EV_obstacle_front
[INFO] [1789489827.175823983] [robot_1.robot_supervisor]: ############################# REACHED: EV_object_reached #############################
[INFO] [1789489827.176769049] [robot_1.robot_supervisor]: Selected controllable event: EV_rotate_clockwise
[INFO] [1789489827.365325746] [robot_1.robot_supervisor]: Triggered uncontrollable event: EV_obstacle_front
[INFO] [1789489827.372435562] [robot_1.robot_supervisor]: Selected controllable event: EV_move_backward
[INFO] [1789489827.636715596] [robot_1.robot_supervisor]: Triggered uncontrollable event: EV_obstacle_front
[INFO] [1789489827.661590146] [robot_1.robot_supervisor]: Selected controllable event: EV_rotate_counterclockwise
[INFO] [1789489827.780969425] [robot_1.robot_supervisor]: Triggered uncontrollable event: EV_obstacle_front
[INFO] [1789489827.782035705] [robot_1.robot_supervisor]: Selected controllable event: EV_rotate_clockwise
[WARN] [1789489827.806329276] [robot_1.robot_supervisor]: alternating turn command (displacement_m=0.026) livelock detected; starting atomic escape (turn_sign=-1)
[INFO] [1789489830.245431652] [robot_1.robot_supervisor]: Zone-livelock escape completed
[INFO] [1789489830.469052962] [robot_1.robot_supervisor]: ############################# REACHED: EV_object_reached #############################
[INFO] [1789489830.493300802] [robot_1.robot_supervisor]: Selected controllable event: EV_move_forward
[INFO] [1789489830.767867908] [robot_1.robot_supervisor]: ############################# REACHED: EV_object_reached #############################
[INFO] [1789489830.768811830] [robot_1.robot_supervisor]: Selected controllable event: EV_move_forward
[INFO] [1789489831.047034462] [robot_1.robot_supervisor]: Selected controllable event: EV_search_object
[INFO] [1789489831.267698832] [robot_1.robot_supervisor]: Selected controllable event: EV_move_forward
[INFO] [1789489831.541878920] [robot_1.robot_supervisor]: ############################# REACHED: EV_object_reached #############################
[INFO] [1789489831.550728722] [robot_1.robot_supervisor]: Selected controllable event: EV_search_color
[INFO] [1789489831.654383059] [robot_1.robot_supervisor]: Selected controllable event: EV_approach_object
[INFO] [1789489831.972207088] [robot_1.robot_supervisor]: Selected controllable event: EV_move_forward
[INFO] [1789489832.255274817] [robot_1.robot_supervisor]: Selected controllable event: EV_approach_color
[INFO] [1789489832.471906689] [robot_1.robot_supervisor]: ############################# REACHED: EV_object_reached #############################
[INFO] [1789489832.479556948] [robot_1.robot_supervisor]: Selected controllable event: EV_move_forward
[INFO] [1789489832.759210922] [robot_1.robot_supervisor]: Selected controllable event: EV_approach_color
[INFO] [1789489833.056341934] [robot_1.robot_supervisor]: Selected controllable event: EV_move_forward
[INFO] [1789489833.358918755] [robot_1.robot_supervisor]: ############################# VISIBLE: EV_object_visible #############################
[INFO] [1789489833.364222355] [robot_1.robot_supervisor]: Selected controllable event: EV_move_forward
[INFO] [1789489833.644822472] [robot_1.robot_supervisor]: Selected controllable event: EV_approach_color
[INFO] [1789489833.947599566] [robot_1.robot_supervisor]: Selected controllable event: EV_approach_object
[INFO] [1789489834.245168463] [robot_1.robot_supervisor]: ############################# VISIBLE: EV_object_visible #############################
[INFO] [1789489834.246143250] [robot_1.robot_supervisor]: Selected controllable event: EV_approach_object
[INFO] [1789489834.542584525] [robot_1.robot_supervisor]: Selected controllable event: EV_approach_color
[INFO] [1789489834.832857801] [robot_1.robot_supervisor]: Selected controllable event: EV_move_forward
[INFO] [1789489835.043174888] [robot_1.robot_supervisor]: Triggered uncontrollable event: EV_obstacle_front
[INFO] [1789489835.063198747] [robot_1.robot_supervisor]: ############################# VISIBLE: EV_object_visible #############################
[INFO] [1789489835.064232042] [robot_1.robot_supervisor]: Selected controllable event: EV_u_turn
[INFO] [1789489835.075172616] [robot_1.robot_supervisor]: Starting FULL ROTATE (omega=1.000, have_odom=True, target_rad=3.142, timeout_s=3.500)
[INFO] [1789489838.636887498] [robot_1.robot_supervisor]: FULL ROTATE completed by timeout
[INFO] [1789489838.949040278] [robot_1.robot_supervisor]: ############################# VISIBLE: EV_object_visible #############################
[INFO] [1789489838.950037858] [robot_1.robot_supervisor]: Selected controllable event: EV_approach_object
[INFO] [1789489839.268913165] [robot_1.robot_supervisor]: Selected controllable event: EV_approach_object
[INFO] [1789489839.545862856] [robot_1.robot_supervisor]: ############################# VISIBLE: EV_object_visible #############################
[INFO] [1789489839.562785161] [robot_1.robot_supervisor]: Selected controllable event: EV_search_color
[INFO] [1789489839.745605700] [robot_1.robot_supervisor]: Selected controllable event: EV_approach_object
[INFO] [1789489839.968566487] [robot_1.robot_supervisor]: Selected controllable event: EV_move_forward
[INFO] [1789489840.243858017] [robot_1.robot_supervisor]: ############################# VISIBLE: EV_object_visible #############################
[INFO] [1789489840.244779768] [robot_1.robot_supervisor]: Selected controllable event: EV_search_object
[INFO] [1789489840.348949377] [robot_1.robot_supervisor]: Selected controllable event: EV_move_forward
[INFO] [1789489840.568566782] [robot_1.robot_supervisor]: Selected controllable event: EV_search_object
[INFO] [1789489840.742863096] [robot_1.robot_supervisor]: Selected controllable event: EV_search_object
[INFO] [1789489840.859479195] [robot_1.robot_supervisor]: ############################# REACHED: EV_object_reached #############################
[INFO] [1789489840.874491899] [robot_1.robot_supervisor]: Selected controllable event: EV_move_forward
[INFO] [1789489841.148958237] [robot_1.robot_supervisor]: Selected controllable event: EV_approach_object
[INFO] [1789489841.350841967] [robot_1.robot_supervisor]: Selected controllable event: EV_approach_color
[INFO] [1789489841.574813801] [robot_1.robot_supervisor]: Selected controllable event: EV_search_color
[INFO] [1789489841.767908798] [robot_1.robot_supervisor]: Triggered uncontrollable event: EV_obstacle_front
[INFO] [1789489841.777407837] [robot_1.robot_supervisor]: ############################# REACHED: EV_object_reached #############################
[INFO] [1789489841.782363224] [robot_1.robot_supervisor]: Selected controllable event: EV_rotate_counterclockwise
[INFO] [1789489841.953461819] [robot_1.robot_supervisor]: Triggered uncontrollable event: EV_obstacle_front
[INFO] [1789489841.965370484] [robot_1.robot_supervisor]: Selected controllable event: EV_u_turn
[INFO] [1789489841.968507728] [robot_1.robot_supervisor]: Starting FULL ROTATE (omega=1.000, have_odom=True, target_rad=3.142, timeout_s=3.500)
[INFO] [1789489845.536122481] [robot_1.robot_supervisor]: FULL ROTATE completed by timeout
[INFO] [1789489845.752008978] [robot_1.robot_supervisor]: ############################# REACHED: EV_object_reached #############################
[INFO] [1789489845.753033551] [robot_1.robot_supervisor]: Selected controllable event: EV_approach_object
[INFO] [1789489846.063600166] [robot_1.robot_supervisor]: Selected controllable event: EV_search_color
[INFO] [1789489846.272419716] [robot_1.robot_supervisor]: Selected controllable event: EV_search_object
[INFO] [1789489846.468551311] [robot_1.robot_supervisor]: ############################# REACHED: EV_object_reached #############################
[INFO] [1789489846.469603967] [robot_1.robot_supervisor]: Selected controllable event: EV_move_forward
[INFO] [1789489846.757492949] [robot_1.robot_supervisor]: Selected controllable event: EV_approach_color
[INFO] [1789489846.972534097] [robot_1.robot_supervisor]: Selected controllable event: EV_approach_object
[INFO] [1789489847.258541938] [robot_1.robot_supervisor]: ############################# REACHED: EV_object_reached #############################
[INFO] [1789489847.259535392] [robot_1.robot_supervisor]: Selected controllable event: EV_search_color
[INFO] [1789489847.457579414] [robot_1.robot_supervisor]: Selected controllable event: EV_approach_object
[INFO] [1789489847.748520200] [robot_1.robot_supervisor]: Selected controllable event: EV_move_forward
[INFO] [1789489848.074960200] [robot_1.robot_supervisor]: Selected controllable event: EV_search_object
[INFO] [1789489848.263183122] [robot_1.robot_supervisor]: ############################# REACHED: EV_object_reached #############################
[INFO] [1789489848.264207507] [robot_1.robot_supervisor]: Selected controllable event: EV_move_forward
[INFO] [1789489848.546202832] [robot_1.robot_supervisor]: Selected controllable event: EV_search_color
[INFO] [1789489848.672534436] [robot_1.robot_supervisor]: Selected controllable event: EV_search_object
[INFO] [1789489848.853671518] [robot_1.robot_supervisor]: Selected controllable event: EV_move_forward
[INFO] [1789489849.155704098] [robot_1.robot_supervisor]: ############################# REACHED: EV_object_reached #############################
[INFO] [1789489849.163756684] [robot_1.robot_supervisor]: Selected controllable event: EV_search_object
[INFO] [1789489849.366318407] [robot_1.robot_supervisor]: Selected controllable event: EV_move_forward
[INFO] [1789489849.662887562] [robot_1.robot_supervisor]: Selected controllable event: EV_move_forward
[INFO] [1789489849.938574899] [robot_1.robot_supervisor]: ############################# REACHED: EV_object_reached #############################
[INFO] [1789489849.939639749] [robot_1.robot_supervisor]: Selected controllable event: EV_search_object
[INFO] [1789489850.079585635] [robot_1.robot_supervisor]: Selected controllable event: EV_search_color
[INFO] [1789489850.262043706] [robot_1.robot_supervisor]: Selected controllable event: EV_approach_color
[INFO] [1789489850.574566333] [robot_1.robot_supervisor]: Selected controllable event: EV_move_forward
[INFO] [1789489850.864427274] [robot_1.robot_supervisor]: ############################# REACHED: EV_object_reached #############################
[INFO] [1789489850.886057393] [robot_1.robot_supervisor]: Selected controllable event: EV_search_color
[INFO] [1789489851.062243174] [robot_1.robot_supervisor]: Selected controllable event: EV_search_color
[INFO] [1789489851.250608324] [robot_1.robot_supervisor]: Selected controllable event: EV_search_color
[INFO] [1789489851.453763734] [robot_1.robot_supervisor]: Selected controllable event: EV_approach_color
[INFO] [1789489851.658462267] [robot_1.robot_supervisor]: ############################# REACHED: EV_object_reached #############################
[INFO] [1789489851.672507056] [robot_1.robot_supervisor]: Selected controllable event: EV_move_forward
[INFO] [1789489851.948992131] [robot_1.robot_supervisor]: Selected controllable event: EV_approach_color
[INFO] [1789489852.167826813] [robot_1.robot_supervisor]: Selected controllable event: EV_search_object
[INFO] [1789489852.362260116] [robot_1.robot_supervisor]: Selected controllable event: EV_approach_object
[INFO] [1789489852.566781512] [robot_1.robot_supervisor]: Selected controllable event: EV_search_color
[INFO] [1789489852.747596534] [robot_1.robot_supervisor]: ############################# REACHED: EV_object_reached #############################
[INFO] [1789489852.765893604] [robot_1.robot_supervisor]: Selected controllable event: EV_approach_color
[INFO] [1789489853.051475583] [robot_1.robot_supervisor]: Selected controllable event: EV_search_object
[INFO] [1789489853.267428064] [robot_1.robot_supervisor]: Selected controllable event: EV_search_object
[INFO] [1789489853.445285658] [robot_1.robot_supervisor]: Selected controllable event: EV_search_color
[INFO] [1789489853.638892082] [robot_1.robot_supervisor]: ############################# REACHED: EV_object_reached #############################
[INFO] [1789489853.639995009] [robot_1.robot_supervisor]: Selected controllable event: EV_move_forward
[INFO] [1789489853.877488026] [robot_1.robot_supervisor]: Selected controllable event: EV_search_color
[INFO] [1789489854.066627373] [robot_1.robot_supervisor]: Selected controllable event: EV_approach_object
[INFO] [1789489854.283546507] [robot_1.robot_supervisor]: Selected controllable event: EV_approach_color
[INFO] [1789489854.543109088] [robot_1.robot_supervisor]: ############################# REACHED: EV_object_reached #############################
[INFO] [1789489854.547395803] [robot_1.robot_supervisor]: Selected controllable event: EV_search_color
[INFO] [1789489854.755002916] [robot_1.robot_supervisor]: Selected controllable event: EV_search_color
[INFO] [1789489854.944294097] [robot_1.robot_supervisor]: Selected controllable event: EV_approach_object
[INFO] [1789489855.253837576] [robot_1.robot_supervisor]: Triggered uncontrollable event: EV_obstacle_right
[INFO] [1789489855.254872967] [robot_1.robot_supervisor]: Selected controllable event: EV_rotate_counterclockwise
[INFO] [1789489855.369958784] [robot_1.robot_supervisor]: Triggered uncontrollable event: EV_obstacle_right
[INFO] [1789489855.374208761] [robot_1.robot_supervisor]: ############################# REACHED: EV_object_reached #############################
[INFO] [1789489855.384696318] [robot_1.robot_supervisor]: Selected controllable event: EV_u_turn
[INFO] [1789489855.395178833] [robot_1.robot_supervisor]: Starting FULL ROTATE (omega=1.000, have_odom=True, target_rad=3.142, timeout_s=3.500)
[INFO] [1789489858.945948277] [robot_1.robot_supervisor]: FULL ROTATE completed by timeout
[INFO] [1789489859.143159428] [robot_1.robot_supervisor]: ############################# REACHED: EV_object_reached #############################
[INFO] [1789489859.158012251] [robot_1.robot_supervisor]: Selected controllable event: EV_approach_color
[INFO] [1789489859.435816676] [robot_1.robot_supervisor]: ############################# REACHED: EV_object_reached #############################
[INFO] [1789489859.450266304] [robot_1.robot_supervisor]: Selected controllable event: EV_approach_object
[INFO] [1789489859.658188747] [robot_1.robot_supervisor]: Selected controllable event: EV_move_forward
[INFO] [1789489859.941788676] [robot_1.robot_supervisor]: Selected controllable event: EV_search_object
[INFO] [1789489860.158152588] [robot_1.robot_supervisor]: Selected controllable event: EV_approach_object
[INFO] [1789489860.363710794] [robot_1.robot_supervisor]: Selected controllable event: EV_move_forward
[INFO] [1789489860.663705415] [robot_1.robot_supervisor]: ############################# REACHED: EV_object_reached #############################
[INFO] [1789489860.664836531] [robot_1.robot_supervisor]: Selected controllable event: EV_approach_color
[INFO] [1789489860.948009734] [robot_1.robot_supervisor]: Selected controllable event: EV_move_forward
[INFO] [1789489861.162465763] [robot_1.robot_supervisor]: Selected controllable event: EV_search_color
[INFO] [1789489861.341115805] [robot_1.robot_supervisor]: Selected controllable event: EV_search_color
[INFO] [1789489861.471694480] [robot_1.robot_supervisor]: ############################# REACHED: EV_object_reached #############################
[INFO] [1789489861.472814937] [robot_1.robot_supervisor]: Selected controllable event: EV_move_forward
[INFO] [1789489861.745432187] [robot_1.robot_supervisor]: Selected controllable event: EV_search_object
[INFO] [1789489861.955121002] [robot_1.robot_supervisor]: Selected controllable event: EV_search_color
[INFO] [1789489862.165816987] [robot_1.robot_supervisor]: Selected controllable event: EV_search_color
[INFO] [1789489862.337846676] [robot_1.robot_supervisor]: Selected controllable event: EV_search_color
[INFO] [1789489862.560260243] [robot_1.robot_supervisor]: ############################# REACHED: EV_object_reached #############################
[INFO] [1789489862.561281239] [robot_1.robot_supervisor]: Selected controllable event: EV_search_object
[INFO] [1789489862.732180362] [robot_1.robot_supervisor]: Selected controllable event: EV_search_object
[INFO] [1789489862.879557103] [robot_1.robot_supervisor]: Selected controllable event: EV_approach_color
[INFO] [1789489863.180861206] [robot_1.robot_supervisor]: Selected controllable event: EV_move_forward
[INFO] [1789489863.454763227] [robot_1.robot_supervisor]: ############################# REACHED: EV_object_reached #############################
[INFO] [1789489863.472324767] [robot_1.robot_supervisor]: Selected controllable event: EV_approach_color
[INFO] [1789489863.742281483] [robot_1.robot_supervisor]: Selected controllable event: EV_move_forward
[INFO] [1789489863.972055432] [robot_1.robot_supervisor]: Selected controllable event: EV_approach_color
[INFO] [1789489864.251482180] [robot_1.robot_supervisor]: Triggered uncontrollable event: EV_obstacle_left
[INFO] [1789489864.252618394] [robot_1.robot_supervisor]: Selected controllable event: EV_u_turn
[INFO] [1789489864.275133056] [robot_1.robot_supervisor]: Starting FULL ROTATE (omega=1.000, have_odom=True, target_rad=3.142, timeout_s=3.500)
[INFO] [1789489867.880687641] [robot_1.robot_supervisor]: FULL ROTATE completed by timeout
[INFO] [1789489868.168183641] [robot_1.robot_supervisor]: ############################# REACHED: EV_object_reached #############################
[INFO] [1789489868.175815956] [robot_1.robot_supervisor]: Selected controllable event: EV_approach_object
[INFO] [1789489868.448684070] [robot_1.robot_supervisor]: Selected controllable event: EV_search_object
[INFO] [1789489868.636752402] [robot_1.robot_supervisor]: Selected controllable event: EV_search_object
[INFO] [1789489868.771992986] [robot_1.robot_supervisor]: Selected controllable event: EV_search_object
[INFO] [1789489868.949514823] [robot_1.robot_supervisor]: Selected controllable event: EV_search_color
[INFO] [1789489869.148268801] [robot_1.robot_supervisor]: ############################# REACHED: EV_object_reached #############################
[INFO] [1789489869.155806353] [robot_1.robot_supervisor]: Selected controllable event: EV_approach_object
[INFO] [1789489869.455392177] [robot_1.robot_supervisor]: Selected controllable event: EV_search_color
[INFO] [1789489869.641173054] [robot_1.robot_supervisor]: Selected controllable event: EV_search_color
[INFO] [1789489869.845985801] [robot_1.robot_supervisor]: Triggered uncontrollable event: EV_obstacle_right
[INFO] [1789489869.857460944] [robot_1.robot_supervisor]: ############################# REACHED: EV_object_reached #############################
[INFO] [1789489869.867763578] [robot_1.robot_supervisor]: Selected controllable event: EV_rotate_counterclockwise
[WARN] [1789489869.872054501] [robot_1.robot_supervisor]: no translation for 6.1s livelock detected; starting atomic escape (turn_sign=+1)
[INFO] [1789489872.443953485] [robot_1.robot_supervisor]: Zone-livelock escape completed
[INFO] [1789489872.765751786] [robot_1.robot_supervisor]: ############################# REACHED: EV_object_reached #############################
[INFO] [1789489872.789265392] [robot_1.robot_supervisor]: Selected controllable event: EV_search_color
[INFO] [1789489872.958507772] [robot_1.robot_supervisor]: Selected controllable event: EV_approach_color
[INFO] [1789489873.172478323] [robot_1.robot_supervisor]: Selected controllable event: EV_search_color
[INFO] [1789489873.369822077] [robot_1.robot_supervisor]: Selected controllable event: EV_approach_object
[INFO] [1789489873.648789212] [robot_1.robot_supervisor]: ############################# REACHED: EV_object_reached #############################
[INFO] [1789489873.649710563] [robot_1.robot_supervisor]: Selected controllable event: EV_search_object
[INFO] [1789489873.768000989] [robot_1.robot_supervisor]: Selected controllable event: EV_approach_color
[INFO] [1789489874.047580428] [robot_1.robot_supervisor]: Selected controllable event: EV_approach_object
[INFO] [1789489874.373109254] [robot_1.robot_supervisor]: ############################# REACHED: EV_object_reached #############################
[INFO] [1789489874.374166825] [robot_1.robot_supervisor]: Selected controllable event: EV_approach_color
[INFO] [1789489874.652143446] [robot_1.robot_supervisor]: Selected controllable event: EV_search_object
[INFO] [1789489874.843403674] [robot_1.robot_supervisor]: Selected controllable event: EV_approach_object
[INFO] [1789489875.068254944] [robot_1.robot_supervisor]: Selected controllable event: EV_approach_color
[INFO] [1789489875.352431857] [robot_1.robot_supervisor]: Selected controllable event: EV_move_forward
[INFO] [1789489875.661652459] [robot_1.robot_supervisor]: Triggered uncontrollable event: EV_object_not_visible
[INFO] [1789489875.662593082] [robot_1.robot_supervisor]: Selected controllable event: EV_search_color
[INFO] [1789489875.843007460] [robot_1.robot_supervisor]: Selected controllable event: EV_move_forward
[INFO] [1789489876.074994482] [robot_1.robot_supervisor]: Selected controllable event: EV_search_color
[INFO] [1789489876.254482245] [robot_1.robot_supervisor]: Triggered uncontrollable event: EV_object_not_visible
[INFO] [1789489876.259431959] [robot_1.robot_supervisor]: Selected controllable event: EV_search_color
[INFO] [1789489876.452615998] [robot_1.robot_supervisor]: Selected controllable event: EV_approach_color
[INFO] [1789489876.756232514] [robot_1.robot_supervisor]: Selected controllable event: EV_move_forward
[INFO] [1789489877.045871303] [robot_1.robot_supervisor]: Triggered uncontrollable event: EV_object_not_visible
[INFO] [1789489877.060939371] [robot_1.robot_supervisor]: Selected controllable event: EV_search_object
[INFO] [1789489877.237229340] [robot_1.robot_supervisor]: Selected controllable event: EV_search_color
[INFO] [1789489877.342618257] [robot_1.robot_supervisor]: Selected controllable event: EV_search_color
[INFO] [1789489877.543346123] [robot_1.robot_supervisor]: Selected controllable event: EV_move_forward
[INFO] [1789489877.846011230] [robot_1.robot_supervisor]: Selected controllable event: EV_approach_object
[INFO] [1789489878.173740805] [robot_1.robot_supervisor]: Triggered uncontrollable event: EV_object_not_visible
[INFO] [1789489878.174882417] [robot_1.robot_supervisor]: Selected controllable event: EV_move_forward
[INFO] [1789489878.468210449] [robot_1.robot_supervisor]: Selected controllable event: EV_search_color
[INFO] [1789489878.649443158] [robot_1.robot_supervisor]: Selected controllable event: EV_move_forward
[INFO] [1789489878.950549182] [robot_1.robot_supervisor]: Selected controllable event: EV_move_forward
[INFO] [1789489879.256930592] [robot_1.robot_supervisor]: Triggered uncontrollable event: EV_object_not_visible
[INFO] [1789489879.257968726] [robot_1.robot_supervisor]: Selected controllable event: EV_move_forward
[INFO] [1789489879.567164962] [robot_1.robot_supervisor]: Selected controllable event: EV_search_color
[INFO] [1789489879.750444482] [robot_1.robot_supervisor]: Selected controllable event: EV_search_color
[INFO] [1789489879.954743763] [robot_1.robot_supervisor]: Selected controllable event: EV_approach_color
[INFO] [1789489880.263524725] [robot_1.robot_supervisor]: Triggered uncontrollable event: EV_object_not_visible
[INFO] [1789489880.270224590] [robot_1.robot_supervisor]: Selected controllable event: EV_search_object
[INFO] [1789489880.445836953] [robot_1.robot_supervisor]: Selected controllable event: EV_search_color
[INFO] [1789489880.651024425] [robot_1.robot_supervisor]: Selected controllable event: EV_move_forward
[INFO] [1789489880.860969856] [robot_1.robot_supervisor]: Triggered uncontrollable event: EV_object_not_visible
[INFO] [1789489880.869979348] [robot_1.robot_supervisor]: Selected controllable event: EV_search_color
[INFO] [1789489881.051402654] [robot_1.robot_supervisor]: Selected controllable event: EV_approach_color
[INFO] [1789489881.342004516] [robot_1.robot_supervisor]: Selected controllable event: EV_move_forward
[INFO] [1789489881.647840578] [robot_1.robot_supervisor]: Triggered uncontrollable event: EV_object_not_visible
[INFO] [1789489881.665064317] [robot_1.robot_supervisor]: Selected controllable event: EV_search_object
[INFO] [1789489881.862893566] [robot_1.robot_supervisor]: Selected controllable event: EV_move_forward
[INFO] [1789489882.180155160] [robot_1.robot_supervisor]: Selected controllable event: EV_approach_object
[INFO] [1789489882.450612672] [robot_1.robot_supervisor]: Selected controllable event: EV_approach_object
[INFO] [1789489882.733264871] [robot_1.robot_supervisor]: Triggered uncontrollable event: EV_object_not_visible
[INFO] [1789489882.749893660] [robot_1.robot_supervisor]: Selected controllable event: EV_search_color
[INFO] [1789489882.941825376] [robot_1.robot_supervisor]: Selected controllable event: EV_approach_color
[INFO] [1789489883.240480513] [robot_1.robot_supervisor]: Selected controllable event: EV_search_object
[INFO] [1789489883.361180785] [robot_1.robot_supervisor]: Triggered uncontrollable event: EV_obstacle_left
[INFO] [1789489883.365592792] [robot_1.robot_supervisor]: Triggered uncontrollable event: EV_object_not_visible
[INFO] [1789489883.374491138] [robot_1.robot_supervisor]: Selected controllable event: EV_u_turn
[INFO] [1789489883.375498463] [robot_1.robot_supervisor]: Starting FULL ROTATE (omega=1.000, have_odom=True, target_rad=3.142, timeout_s=3.500)
[INFO] [1789489886.954636907] [robot_1.robot_supervisor]: FULL ROTATE completed by timeout
[INFO] [1789489887.145716587] [robot_1.robot_supervisor]: Triggered uncontrollable event: EV_obstacle_right
[INFO] [1789489887.149341993] [robot_1.robot_supervisor]: Triggered uncontrollable event: EV_object_not_visible
[INFO] [1789489887.168286228] [robot_1.robot_supervisor]: Selected controllable event: EV_u_turn
[INFO] [1789489887.251544964] [robot_1.robot_supervisor]: Triggered uncontrollable event: EV_obstacle_right
[INFO] [1789489887.280168644] [robot_1.robot_supervisor]: Selected controllable event: EV_rotate_counterclockwise
[WARN] [1789489887.281212010] [robot_1.robot_supervisor]: no translation for 4.5s livelock detected; starting atomic escape (turn_sign=+1)
[INFO] [1789489889.753175174] [robot_1.robot_supervisor]: Zone-livelock escape completed
[INFO] [1789489890.048384077] [robot_1.robot_supervisor]: ############################# VISIBLE: EV_object_visible #############################
[INFO] [1789489890.052357432] [robot_1.robot_supervisor]: Selected controllable event: EV_move_forward
[INFO] [1789489890.268251388] [robot_1.robot_supervisor]: Selected controllable event: EV_approach_color
[INFO] [1789489890.550875689] [robot_1.robot_supervisor]: ############################# VISIBLE: EV_object_visible #############################
[INFO] [1789489890.551940554] [robot_1.robot_supervisor]: Selected controllable event: EV_search_object
[INFO] [1789489890.752533954] [robot_1.robot_supervisor]: Selected controllable event: EV_search_color
[INFO] [1789489890.962583273] [robot_1.robot_supervisor]: Selected controllable event: EV_approach_color
[INFO] [1789489891.256574911] [robot_1.robot_supervisor]: Selected controllable event: EV_approach_color
[INFO] [1789489891.551415679] [robot_1.robot_supervisor]: ############################# VISIBLE: EV_object_visible #############################
[INFO] [1789489891.552437543] [robot_1.robot_supervisor]: Selected controllable event: EV_search_color
[INFO] [1789489891.750578246] [robot_1.robot_supervisor]: Selected controllable event: EV_approach_object
[INFO] [1789489892.067211851] [robot_1.robot_supervisor]: Selected controllable event: EV_search_object
[INFO] [1789489892.235138650] [robot_1.robot_supervisor]: ############################# VISIBLE: EV_object_visible #############################
[INFO] [1789489892.239273431] [robot_1.robot_supervisor]: Selected controllable event: EV_search_object
[INFO] [1789489892.362753385] [robot_1.robot_supervisor]: Selected controllable event: EV_search_color
[INFO] [1789489892.552834570] [robot_1.robot_supervisor]: Selected controllable event: EV_search_color
[INFO] [1789489892.744830458] [robot_1.robot_supervisor]: Selected controllable event: EV_search_object
[INFO] [1789489892.947895299] [robot_1.robot_supervisor]: ############################# VISIBLE: EV_object_visible #############################
[INFO] [1789489892.956566788] [robot_1.robot_supervisor]: Selected controllable event: EV_search_object
[INFO] [1789489893.142324041] [robot_1.robot_supervisor]: Selected controllable event: EV_search_color
[INFO] [1789489893.372024359] [robot_1.robot_supervisor]: Selected controllable event: EV_search_object
[INFO] [1789489893.548158583] [robot_1.robot_supervisor]: Selected controllable event: EV_search_color
[INFO] [1789489893.762821694] [robot_1.robot_supervisor]: Selected controllable event: EV_approach_object
[INFO] [1789489894.042526794] [robot_1.robot_supervisor]: ############################# VISIBLE: EV_object_visible #############################
[INFO] [1789489894.052452511] [robot_1.robot_supervisor]: Selected controllable event: EV_approach_object
[INFO] [1789489894.360322930] [robot_1.robot_supervisor]: Selected controllable event: EV_move_forward
[INFO] [1789489894.642905062] [robot_1.robot_supervisor]: Selected controllable event: EV_approach_object
[INFO] [1789489894.866732892] [robot_1.robot_supervisor]: ############################# VISIBLE: EV_object_visible #############################
[INFO] [1789489894.879125140] [robot_1.robot_supervisor]: Selected controllable event: EV_search_color
[INFO] [1789489895.051214621] [robot_1.robot_supervisor]: Selected controllable event: EV_approach_color
[INFO] [1789489895.355297026] [robot_1.robot_supervisor]: Selected controllable event: EV_approach_color
[INFO] [1789489895.640443543] [robot_1.robot_supervisor]: Selected controllable event: EV_move_forward
[INFO] [1789489895.860143074] [robot_1.robot_supervisor]: ############################# VISIBLE: EV_object_visible #############################
[INFO] [1789489895.866328321] [robot_1.robot_supervisor]: Selected controllable event: EV_approach_color
[INFO] [1789489896.156884541] [robot_1.robot_supervisor]: Selected controllable event: EV_search_object
[INFO] [1789489896.284613006] [robot_1.robot_supervisor]: Selected controllable event: EV_search_object
[INFO] [1789489896.448821573] [robot_1.robot_supervisor]: Selected controllable event: EV_approach_object
[INFO] [1789489896.759995715] [robot_1.robot_supervisor]: ############################# VISIBLE: EV_object_visible #############################
[INFO] [1789489896.761019656] [robot_1.robot_supervisor]: Selected controllable event: EV_move_forward
[INFO] [1789489897.032459479] [robot_1.robot_supervisor]: Selected controllable event: EV_approach_object
[INFO] [1789489897.255676486] [robot_1.robot_supervisor]: Selected controllable event: EV_search_object
[INFO] [1789489897.447630374] [robot_1.robot_supervisor]: Selected controllable event: EV_move_forward
[INFO] [1789489897.752401249] [robot_1.robot_supervisor]: ############################# VISIBLE: EV_object_visible #############################
[INFO] [1789489897.753414300] [robot_1.robot_supervisor]: Selected controllable event: EV_approach_color
[INFO] [1789489898.051997873] [robot_1.robot_supervisor]: Selected controllable event: EV_search_color
[INFO] [1789489898.237942610] [robot_1.robot_supervisor]: Selected controllable event: EV_move_forward
[INFO] [1789489898.454484748] [robot_1.robot_supervisor]: Selected controllable event: EV_approach_object
[INFO] [1789489898.761427292] [robot_1.robot_supervisor]: ############################# VISIBLE: EV_object_visible #############################
[INFO] [1789489898.762395025] [robot_1.robot_supervisor]: Selected controllable event: EV_search_object
[INFO] [1789489898.962167925] [robot_1.robot_supervisor]: Selected controllable event: EV_approach_object
[INFO] [1789489899.174369550] [robot_1.robot_supervisor]: Selected controllable event: EV_search_color
[INFO] [1789489899.371777327] [robot_1.robot_supervisor]: Selected controllable event: EV_approach_color
[INFO] [1789489899.671169800] [robot_1.robot_supervisor]: ############################# VISIBLE: EV_object_visible #############################
[INFO] [1789489899.672307125] [robot_1.robot_supervisor]: Selected controllable event: EV_search_color
[INFO] [1789489899.842340595] [robot_1.robot_supervisor]: Selected controllable event: EV_search_object
[INFO] [1789489900.045050004] [robot_1.robot_supervisor]: Selected controllable event: EV_move_forward
[INFO] [1789489900.256597219] [robot_1.robot_supervisor]: Selected controllable event: EV_approach_color
[INFO] [1789489900.547167803] [robot_1.robot_supervisor]: ############################# VISIBLE: EV_object_visible #############################
[INFO] [1789489900.557265330] [robot_1.robot_supervisor]: Selected controllable event: EV_move_forward
[INFO] [1789489900.860421936] [robot_1.robot_supervisor]: Selected controllable event: EV_search_object
[INFO] [1789489901.048029704] [robot_1.robot_supervisor]: Selected controllable event: EV_move_forward
[INFO] [1789489901.364593312] [robot_1.robot_supervisor]: ############################# VISIBLE: EV_object_visible #############################
[INFO] [1789489901.365632163] [robot_1.robot_supervisor]: Selected controllable event: EV_approach_color
[INFO] [1789489901.655604825] [robot_1.robot_supervisor]: Selected controllable event: EV_move_forward
[INFO] [1789489901.942902977] [robot_1.robot_supervisor]: Selected controllable event: EV_search_object
[INFO] [1789489902.067594968] [robot_1.robot_supervisor]: Selected controllable event: EV_search_object
[INFO] [1789489902.241060353] [robot_1.robot_supervisor]: ############################# VISIBLE: EV_object_visible #############################
[INFO] [1789489902.242015844] [robot_1.robot_supervisor]: Selected controllable event: EV_search_object
[INFO] [1789489902.347294896] [robot_1.robot_supervisor]: Selected controllable event: EV_approach_color
[INFO] [1789489902.644369247] [robot_1.robot_supervisor]: Selected controllable event: EV_move_forward
[INFO] [1789489902.932149225] [robot_1.robot_supervisor]: ############################# VISIBLE: EV_object_visible #############################
[INFO] [1789489902.944762618] [robot_1.robot_supervisor]: Selected controllable event: EV_move_forward
[INFO] [1789489903.163385279] [robot_1.robot_supervisor]: Selected controllable event: EV_approach_object
[INFO] [1789489903.463921872] [robot_1.robot_supervisor]: Selected controllable event: EV_move_forward
[INFO] [1789489903.761028563] [robot_1.robot_supervisor]: ############################# VISIBLE: EV_object_visible #############################
[INFO] [1789489903.768399816] [robot_1.robot_supervisor]: Selected controllable event: EV_search_object
[INFO] [1789489903.961898633] [robot_1.robot_supervisor]: Selected controllable event: EV_move_forward
[INFO] [1789489904.243191637] [robot_1.robot_supervisor]: Selected controllable event: EV_approach_color
[INFO] [1789489904.540215056] [robot_1.robot_supervisor]: Selected controllable event: EV_search_color
[INFO] [1789489904.660761760] [robot_1.robot_supervisor]: Selected controllable event: EV_search_object
[INFO] [1789489904.863669179] [robot_1.robot_supervisor]: ############################# VISIBLE: EV_object_visible #############################
[INFO] [1789489904.868462420] [robot_1.robot_supervisor]: Selected controllable event: EV_search_color
[INFO] [1789489905.044980038] [robot_1.robot_supervisor]: Selected controllable event: EV_move_forward
[INFO] [1789489905.258753315] [robot_1.robot_supervisor]: Selected controllable event: EV_search_color
[INFO] [1789489905.450399359] [robot_1.robot_supervisor]: Selected controllable event: EV_approach_object
[INFO] [1789489905.757992458] [robot_1.robot_supervisor]: ############################# VISIBLE: EV_object_visible #############################
[INFO] [1789489905.764143660] [robot_1.robot_supervisor]: Selected controllable event: EV_search_color
[INFO] [1789489905.942973243] [robot_1.robot_supervisor]: Selected controllable event: EV_move_forward
[INFO] [1789489906.158538283] [robot_1.robot_supervisor]: Selected controllable event: EV_approach_object
[INFO] [1789489906.448731590] [robot_1.robot_supervisor]: ############################# VISIBLE: EV_object_visible #############################
[INFO] [1789489906.467376651] [robot_1.robot_supervisor]: Selected controllable event: EV_approach_object
[INFO] [1789489906.737144723] [robot_1.robot_supervisor]: Selected controllable event: EV_approach_color
[INFO] [1789489906.950501061] [robot_1.robot_supervisor]: Selected controllable event: EV_move_forward
[INFO] [1789489907.271698300] [robot_1.robot_supervisor]: ############################# VISIBLE: EV_object_visible #############################
[INFO] [1789489907.272815525] [robot_1.robot_supervisor]: Selected controllable event: EV_search_object
[INFO] [1789489907.451679394] [robot_1.robot_supervisor]: Selected controllable event: EV_search_object
[INFO] [1789489907.662773447] [robot_1.robot_supervisor]: Selected controllable event: EV_approach_color
[INFO] [1789489907.968602677] [robot_1.robot_supervisor]: Selected controllable event: EV_approach_color
[INFO] [1789489908.250157982] [robot_1.robot_supervisor]: ############################# VISIBLE: EV_object_visible #############################
[INFO] [1789489908.251228973] [robot_1.robot_supervisor]: Selected controllable event: EV_search_color
[INFO] [1789489908.462734234] [robot_1.robot_supervisor]: Selected controllable event: EV_search_color
[INFO] [1789489908.639687717] [robot_1.robot_supervisor]: Selected controllable event: EV_approach_object
[INFO] [1789489908.965080229] [robot_1.robot_supervisor]: Selected controllable event: EV_move_forward
[INFO] [1789489909.261986021] [robot_1.robot_supervisor]: ############################# VISIBLE: EV_object_visible #############################
[INFO] [1789489909.269967751] [robot_1.robot_supervisor]: Selected controllable event: EV_search_object
[INFO] [1789489909.466381231] [robot_1.robot_supervisor]: Selected controllable event: EV_approach_object
[INFO] [1789489909.772815315] [robot_1.robot_supervisor]: Selected controllable event: EV_search_color
[INFO] [1789489909.949131738] [robot_1.robot_supervisor]: Selected controllable event: EV_move_forward
[INFO] [1789489910.154103750] [robot_1.robot_supervisor]: Selected controllable event: EV_move_forward
[INFO] [1789489910.450380771] [robot_1.robot_supervisor]: Selected controllable event: EV_approach_object
