[INFO] [1789489922.963518448] [robot_2.robot_supervisor]: Loaded initial mission 'balanced_delivery' from explicit YAML S_20260915_182327.yaml
[INFO] [1789489923.133865054] [robot_2.robot_supervisor]: Selected controllable event: EV_approach_color
[INFO] [1789489923.433592760] [robot_2.robot_supervisor]: Selected controllable event: EV_approach_object
[INFO] [1789489923.635266721] [robot_2.robot_supervisor]: Selected controllable event: EV_approach_object
[INFO] [1789489923.932607809] [robot_2.robot_supervisor]: Selected controllable event: EV_search_color
[INFO] [1789489924.136581018] [robot_2.robot_supervisor]: Selected controllable event: EV_approach_object
[INFO] [1789489924.436478258] [robot_2.robot_supervisor]: Selected controllable event: EV_move_forward
[INFO] [1789489924.657843097] [robot_2.robot_supervisor]: Selected controllable event: EV_search_object
[INFO] [1789489924.840413347] [robot_2.robot_supervisor]: Selected controllable event: EV_approach_color
[INFO] [1789489925.133144705] [robot_2.robot_supervisor]: Selected controllable event: EV_approach_color
[INFO] [1789489925.339943284] [robot_2.robot_supervisor]: Selected controllable event: EV_search_color
[INFO] [1789489925.533554088] [robot_2.robot_supervisor]: Selected controllable event: EV_move_forward
[INFO] [1789489925.826900740] [robot_2.robot_supervisor]: Selected controllable event: EV_move_forward
[INFO] [1789489926.125211943] [robot_2.robot_supervisor]: Selected controllable event: EV_approach_object
[INFO] [1789489926.425229605] [robot_2.robot_supervisor]: Selected controllable event: EV_approach_object
[INFO] [1789489926.725222174] [robot_2.robot_supervisor]: Selected controllable event: EV_search_color
[INFO] [1789489926.925209226] [robot_2.robot_supervisor]: Selected controllable event: EV_search_color
[INFO] [1789489927.125308112] [robot_2.robot_supervisor]: Selected controllable event: EV_search_object
[INFO] [1789489927.325330194] [robot_2.robot_supervisor]: Selected controllable event: EV_search_color
[INFO] [1789489927.525649201] [robot_2.robot_supervisor]: Selected controllable event: EV_search_color
[INFO] [1789489927.725373181] [robot_2.robot_supervisor]: Selected controllable event: EV_search_object
[INFO] [1789489927.925364605] [robot_2.robot_supervisor]: Selected controllable event: EV_search_color
[INFO] [1789489928.125296148] [robot_2.robot_supervisor]: Selected controllable event: EV_move_forward
[INFO] [1789489928.426962509] [robot_2.robot_supervisor]: ############################# REACHED: EV_object_reached #############################
[INFO] [1789489928.427743311] [robot_2.robot_supervisor]: Selected controllable event: EV_approach_object
[INFO] [1789489928.734293304] [robot_2.robot_supervisor]: Selected controllable event: EV_search_color
[INFO] [1789489928.939533685] [robot_2.robot_supervisor]: Selected controllable event: EV_search_color
[INFO] [1789489929.044973960] [robot_2.robot_supervisor]: Selected controllable event: EV_approach_color
[INFO] [1789489929.330517474] [robot_2.robot_supervisor]: ############################# REACHED: EV_object_reached #############################
[INFO] [1789489929.340639707] [robot_2.robot_supervisor]: Selected controllable event: EV_approach_object
[INFO] [1789489929.639479329] [robot_2.robot_supervisor]: Selected controllable event: EV_approach_object
[INFO] [1789489929.947206405] [robot_2.robot_supervisor]: ############################# VISIBLE: EV_object_visible #############################
[INFO] [1789489929.952963053] [robot_2.robot_supervisor]: Selected controllable event: EV_move_forward
[INFO] [1789489930.232067436] [robot_2.robot_supervisor]: Selected controllable event: EV_search_color
[INFO] [1789489930.355683364] [robot_2.robot_supervisor]: Selected controllable event: EV_move_forward
[INFO] [1789489930.638347712] [robot_2.robot_supervisor]: ############################# VISIBLE: EV_object_visible #############################
[INFO] [1789489930.655604417] [robot_2.robot_supervisor]: Selected controllable event: EV_approach_object
[INFO] [1789489930.927462621] [robot_2.robot_supervisor]: Selected controllable event: EV_search_color
[INFO] [1789489931.043672716] [robot_2.robot_supervisor]: Selected controllable event: EV_move_forward
[INFO] [1789489931.333796404] [robot_2.robot_supervisor]: ############################# VISIBLE: EV_object_visible #############################
[INFO] [1789489931.342785845] [robot_2.robot_supervisor]: Selected controllable event: EV_approach_color
[INFO] [1789489931.647045493] [robot_2.robot_supervisor]: Selected controllable event: EV_approach_object
[INFO] [1789489931.930162376] [robot_2.robot_supervisor]: Selected controllable event: EV_search_object
[INFO] [1789489932.140428006] [robot_2.robot_supervisor]: ############################# REACHED: EV_object_reached #############################
[INFO] [1789489932.145015691] [robot_2.robot_supervisor]: Selected controllable event: EV_approach_object
[INFO] [1789489932.439332289] [robot_2.robot_supervisor]: Selected controllable event: EV_search_object
[INFO] [1789489932.646641933] [robot_2.robot_supervisor]: Selected controllable event: EV_approach_color
[INFO] [1789489932.929279237] [robot_2.robot_supervisor]: ############################# REACHED: EV_object_reached #############################
[INFO] [1789489932.930256673] [robot_2.robot_supervisor]: Selected controllable event: EV_search_object
[INFO] [1789489933.051176685] [robot_2.robot_supervisor]: Selected controllable event: EV_move_forward
[INFO] [1789489933.339354832] [robot_2.robot_supervisor]: Selected controllable event: EV_search_object
[INFO] [1789489933.547263149] [robot_2.robot_supervisor]: Triggered uncontrollable event: EV_obstacle_front
[INFO] [1789489933.551411896] [robot_2.robot_supervisor]: ############################# REACHED: EV_object_reached #############################
[INFO] [1789489933.560936963] [robot_2.robot_supervisor]: Selected controllable event: EV_rotate_clockwise
[INFO] [1789489933.760072745] [robot_2.robot_supervisor]: Triggered uncontrollable event: EV_obstacle_front
[INFO] [1789489933.761038472] [robot_2.robot_supervisor]: Selected controllable event: EV_rotate_clockwise
[INFO] [1789489933.944003156] [robot_2.robot_supervisor]: Triggered uncontrollable event: EV_obstacle_front
[INFO] [1789489933.949806272] [robot_2.robot_supervisor]: Selected controllable event: EV_u_turn
[INFO] [1789489933.960354841] [robot_2.robot_supervisor]: Starting FULL ROTATE (omega=1.000, have_odom=True, target_rad=3.142, timeout_s=3.500)
[INFO] [1789489937.534251238] [robot_2.robot_supervisor]: FULL ROTATE completed by timeout
[INFO] [1789489937.744278021] [robot_2.robot_supervisor]: ############################# REACHED: EV_object_reached #############################
[INFO] [1789489937.753937332] [robot_2.robot_supervisor]: Selected controllable event: EV_approach_object
[INFO] [1789489938.031953806] [robot_2.robot_supervisor]: ############################# REACHED: EV_object_reached #############################
[INFO] [1789489938.032792401] [robot_2.robot_supervisor]: Selected controllable event: EV_approach_object
[INFO] [1789489938.353833445] [robot_2.robot_supervisor]: Selected controllable event: EV_search_object
[INFO] [1789489938.542113917] [robot_2.robot_supervisor]: Selected controllable event: EV_approach_object
[INFO] [1789489938.826661904] [robot_2.robot_supervisor]: ############################# REACHED: EV_object_reached #############################
[INFO] [1789489938.846458081] [robot_2.robot_supervisor]: Selected controllable event: EV_move_forward
[INFO] [1789489939.147412664] [robot_2.robot_supervisor]: Selected controllable event: EV_move_forward
[INFO] [1789489939.433049735] [robot_2.robot_supervisor]: ############################# REACHED: EV_object_reached #############################
[INFO] [1789489939.442328230] [robot_2.robot_supervisor]: Selected controllable event: EV_approach_object
[INFO] [1789489939.726775162] [robot_2.robot_supervisor]: Selected controllable event: EV_move_forward
[INFO] [1789489939.943147303] [robot_2.robot_supervisor]: Selected controllable event: EV_move_forward
[INFO] [1789489940.227011951] [robot_2.robot_supervisor]: ############################# VISIBLE: EV_object_visible #############################
[INFO] [1789489940.227881294] [robot_2.robot_supervisor]: Selected controllable event: EV_move_forward
[INFO] [1789489940.432045642] [robot_2.robot_supervisor]: Selected controllable event: EV_approach_color
[INFO] [1789489940.753749455] [robot_2.robot_supervisor]: Selected controllable event: EV_move_forward
[INFO] [1789489941.041602221] [robot_2.robot_supervisor]: ############################# VISIBLE: EV_object_visible #############################
[INFO] [1789489941.042556323] [robot_2.robot_supervisor]: Selected controllable event: EV_move_forward
[INFO] [1789489941.332805304] [robot_2.robot_supervisor]: Selected controllable event: EV_move_forward
[INFO] [1789489941.541106309] [robot_2.robot_supervisor]: ############################# VISIBLE: EV_object_visible #############################
[INFO] [1789489941.547401121] [robot_2.robot_supervisor]: Selected controllable event: EV_search_color
[INFO] [1789489941.740422755] [robot_2.robot_supervisor]: Selected controllable event: EV_search_object
[INFO] [1789489941.930347107] [robot_2.robot_supervisor]: Selected controllable event: EV_approach_color
[INFO] [1789489942.133237546] [robot_2.robot_supervisor]: ############################# VISIBLE: EV_object_visible #############################
[INFO] [1789489942.134088666] [robot_2.robot_supervisor]: Selected controllable event: EV_move_forward
[INFO] [1789489942.456079649] [robot_2.robot_supervisor]: Selected controllable event: EV_move_forward
[INFO] [1789489942.762193291] [robot_2.robot_supervisor]: Selected controllable event: EV_approach_object
[INFO] [1789489943.045907356] [robot_2.robot_supervisor]: ############################# VISIBLE: EV_object_visible #############################
[INFO] [1789489943.046808266] [robot_2.robot_supervisor]: Selected controllable event: EV_approach_color
[INFO] [1789489943.326428786] [robot_2.robot_supervisor]: Selected controllable event: EV_search_object
[INFO] [1789489943.435467334] [robot_2.robot_supervisor]: Selected controllable event: EV_approach_object
[INFO] [1789489943.737072953] [robot_2.robot_supervisor]: ############################# VISIBLE: EV_object_visible #############################
[INFO] [1789489943.745372596] [robot_2.robot_supervisor]: Selected controllable event: EV_search_object
[INFO] [1789489943.954352145] [robot_2.robot_supervisor]: Selected controllable event: EV_approach_object
[INFO] [1789489944.243289441] [robot_2.robot_supervisor]: Selected controllable event: EV_approach_object
[INFO] [1789489944.532682410] [robot_2.robot_supervisor]: ############################# VISIBLE: EV_object_visible #############################
[INFO] [1789489944.540419324] [robot_2.robot_supervisor]: Selected controllable event: EV_approach_object
[INFO] [1789489944.747990054] [robot_2.robot_supervisor]: Selected controllable event: EV_approach_object
[INFO] [1789489945.045048959] [robot_2.robot_supervisor]: ############################# VISIBLE: EV_object_visible #############################
[INFO] [1789489945.045908834] [robot_2.robot_supervisor]: Selected controllable event: EV_search_object
[INFO] [1789489945.231945503] [robot_2.robot_supervisor]: Selected controllable event: EV_search_object
[INFO] [1789489945.427843389] [robot_2.robot_supervisor]: Selected controllable event: EV_search_object
[INFO] [1789489945.543106317] [robot_2.robot_supervisor]: Selected controllable event: EV_approach_color
[INFO] [1789489945.826849088] [robot_2.robot_supervisor]: ############################# VISIBLE: EV_object_visible #############################
[INFO] [1789489945.828216701] [robot_2.robot_supervisor]: Selected controllable event: EV_approach_color
[INFO] [1789489946.039615053] [robot_2.robot_supervisor]: Selected controllable event: EV_move_forward
[INFO] [1789489946.333481483] [robot_2.robot_supervisor]: ############################# REACHED: EV_object_reached #############################
[INFO] [1789489946.347812892] [robot_2.robot_supervisor]: Selected controllable event: EV_move_forward
[INFO] [1789489946.635697453] [robot_2.robot_supervisor]: Selected controllable event: EV_approach_color
[INFO] [1789489946.949692160] [robot_2.robot_supervisor]: Triggered uncontrollable event: EV_obstacle_front
[INFO] [1789489946.970767583] [robot_2.robot_supervisor]: Selected controllable event: EV_move_backward
[INFO] [1789489947.243628948] [robot_2.robot_supervisor]: Triggered uncontrollable event: EV_obstacle_front
[INFO] [1789489947.244386371] [robot_2.robot_supervisor]: ############################# REACHED: EV_object_reached #############################
[INFO] [1789489947.253703612] [robot_2.robot_supervisor]: Selected controllable event: EV_rotate_counterclockwise
[INFO] [1789489947.431222578] [robot_2.robot_supervisor]: Triggered uncontrollable event: EV_obstacle_front
[INFO] [1789489947.432015505] [robot_2.robot_supervisor]: Selected controllable event: EV_move_backward
[INFO] [1789489947.729217956] [robot_2.robot_supervisor]: Triggered uncontrollable event: EV_obstacle_front
[INFO] [1789489947.729955293] [robot_2.robot_supervisor]: ############################# REACHED: EV_object_reached #############################
[INFO] [1789489947.730736682] [robot_2.robot_supervisor]: Selected controllable event: EV_move_backward
[INFO] [1789489948.046140923] [robot_2.robot_supervisor]: Triggered uncontrollable event: EV_obstacle_front
[INFO] [1789489948.054393177] [robot_2.robot_supervisor]: Selected controllable event: EV_rotate_counterclockwise
[INFO] [1789489948.231567344] [robot_2.robot_supervisor]: Triggered uncontrollable event: EV_obstacle_front
[INFO] [1789489948.239418520] [robot_2.robot_supervisor]: Selected controllable event: EV_u_turn
[INFO] [1789489948.246526657] [robot_2.robot_supervisor]: Starting FULL ROTATE (omega=1.000, have_odom=True, target_rad=3.142, timeout_s=3.500)
[INFO] [1789489951.750047334] [robot_2.robot_supervisor]: FULL ROTATE completed by timeout
[INFO] [1789489952.045890245] [robot_2.robot_supervisor]: ############################# REACHED: EV_object_reached #############################
[INFO] [1789489952.050209058] [robot_2.robot_supervisor]: Selected controllable event: EV_approach_color
[INFO] [1789489952.340584342] [robot_2.robot_supervisor]: Selected controllable event: EV_search_color
[INFO] [1789489952.545064974] [robot_2.robot_supervisor]: ############################# REACHED: EV_object_reached #############################
[INFO] [1789489952.550725968] [robot_2.robot_supervisor]: Selected controllable event: EV_approach_color
[INFO] [1789489952.840425730] [robot_2.robot_supervisor]: Selected controllable event: EV_approach_object
[INFO] [1789489953.152761572] [robot_2.robot_supervisor]: Selected controllable event: EV_approach_color
[INFO] [1789489953.439776843] [robot_2.robot_supervisor]: ############################# VISIBLE: EV_object_visible #############################
[INFO] [1789489953.448717143] [robot_2.robot_supervisor]: Selected controllable event: EV_search_color
[INFO] [1789489953.634184255] [robot_2.robot_supervisor]: Selected controllable event: EV_approach_object
[INFO] [1789489953.838914285] [robot_2.robot_supervisor]: Selected controllable event: EV_approach_color
[INFO] [1789489954.139605522] [robot_2.robot_supervisor]: ############################# VISIBLE: EV_object_visible #############################
[INFO] [1789489954.140487987] [robot_2.robot_supervisor]: Selected controllable event: EV_approach_object
[INFO] [1789489954.443260404] [robot_2.robot_supervisor]: Selected controllable event: EV_move_forward
[INFO] [1789489954.740483492] [robot_2.robot_supervisor]: ############################# VISIBLE: EV_object_visible #############################
[INFO] [1789489954.741270188] [robot_2.robot_supervisor]: Selected controllable event: EV_approach_object
[INFO] [1789489955.026517532] [robot_2.robot_supervisor]: Selected controllable event: EV_move_forward
[INFO] [1789489955.258814176] [robot_2.robot_supervisor]: ############################# VISIBLE: EV_object_visible #############################
[INFO] [1789489955.274649408] [robot_2.robot_supervisor]: Selected controllable event: EV_approach_color
[INFO] [1789489955.535410984] [robot_2.robot_supervisor]: Selected controllable event: EV_search_color
[INFO] [1789489955.742432359] [robot_2.robot_supervisor]: Selected controllable event: EV_approach_object
[INFO] [1789489956.042494484] [robot_2.robot_supervisor]: Triggered uncontrollable event: EV_obstacle_right
[INFO] [1789489956.043190210] [robot_2.robot_supervisor]: ############################# REACHED: EV_object_reached #############################
[INFO] [1789489956.065181724] [robot_2.robot_supervisor]: Selected controllable event: EV_rotate_counterclockwise
[INFO] [1789489956.231990958] [robot_2.robot_supervisor]: Triggered uncontrollable event: EV_obstacle_right
[INFO] [1789489956.232798487] [robot_2.robot_supervisor]: Selected controllable event: EV_u_turn
[INFO] [1789489956.233532503] [robot_2.robot_supervisor]: Starting FULL ROTATE (omega=1.000, have_odom=True, target_rad=3.142, timeout_s=3.500)
[INFO] [1789489959.742365159] [robot_2.robot_supervisor]: FULL ROTATE completed by timeout
[INFO] [1789489960.039820641] [robot_2.robot_supervisor]: ############################# REACHED: EV_object_reached #############################
[INFO] [1789489960.046307181] [robot_2.robot_supervisor]: Selected controllable event: EV_search_color
[INFO] [1789489960.231114389] [robot_2.robot_supervisor]: Selected controllable event: EV_approach_object
[INFO] [1789489960.445987882] [robot_2.robot_supervisor]: Selected controllable event: EV_approach_object
[INFO] [1789489960.734981978] [robot_2.robot_supervisor]: ############################# REACHED: EV_object_reached #############################
[INFO] [1789489960.739798802] [robot_2.robot_supervisor]: Selected controllable event: EV_approach_color
[INFO] [1789489961.035943364] [robot_2.robot_supervisor]: Selected controllable event: EV_approach_color
[INFO] [1789489961.344967698] [robot_2.robot_supervisor]: ############################# REACHED: EV_object_reached #############################
[INFO] [1789489961.352161610] [robot_2.robot_supervisor]: Selected controllable event: EV_approach_object
[INFO] [1789489961.658302116] [robot_2.robot_supervisor]: Selected controllable event: EV_approach_color
[INFO] [1789489961.958022008] [robot_2.robot_supervisor]: Selected controllable event: EV_approach_object
[INFO] [1789489962.231207402] [robot_2.robot_supervisor]: ############################# VISIBLE: EV_object_visible #############################
[INFO] [1789489962.232028399] [robot_2.robot_supervisor]: Selected controllable event: EV_search_color
[INFO] [1789489962.344578732] [robot_2.robot_supervisor]: Selected controllable event: EV_approach_object
[INFO] [1789489962.641022801] [robot_2.robot_supervisor]: ############################# VISIBLE: EV_object_visible #############################
[INFO] [1789489962.641971523] [robot_2.robot_supervisor]: Selected controllable event: EV_approach_object
[INFO] [1789489962.942484842] [robot_2.robot_supervisor]: Selected controllable event: EV_move_forward
[INFO] [1789489963.241181703] [robot_2.robot_supervisor]: Selected controllable event: EV_search_color
[INFO] [1789489963.437490596] [robot_2.robot_supervisor]: ############################# VISIBLE: EV_object_visible #############################
[INFO] [1789489963.444342727] [robot_2.robot_supervisor]: Selected controllable event: EV_search_color
[INFO] [1789489963.637024176] [robot_2.robot_supervisor]: Selected controllable event: EV_search_color
[INFO] [1789489963.848642541] [robot_2.robot_supervisor]: Selected controllable event: EV_approach_color
[INFO] [1789489964.126423523] [robot_2.robot_supervisor]: ############################# VISIBLE: EV_object_visible #############################
[INFO] [1789489964.127284714] [robot_2.robot_supervisor]: Selected controllable event: EV_approach_color
[INFO] [1789489964.329760484] [robot_2.robot_supervisor]: Selected controllable event: EV_approach_color
[INFO] [1789489964.532302980] [robot_2.robot_supervisor]: Selected controllable event: EV_search_color
[INFO] [1789489964.749943034] [robot_2.robot_supervisor]: Selected controllable event: EV_move_forward
[INFO] [1789489965.037833694] [robot_2.robot_supervisor]: ############################# VISIBLE: EV_object_visible #############################
[INFO] [1789489965.038715714] [robot_2.robot_supervisor]: Selected controllable event: EV_approach_object
[INFO] [1789489965.336074206] [robot_2.robot_supervisor]: ############################# VISIBLE: EV_object_visible #############################
[INFO] [1789489965.351884666] [robot_2.robot_supervisor]: Selected controllable event: EV_approach_color
[INFO] [1789489965.635447927] [robot_2.robot_supervisor]: Selected controllable event: EV_search_object
[INFO] [1789489965.749072612] [robot_2.robot_supervisor]: Selected controllable event: EV_search_object
[INFO] [1789489965.944796863] [robot_2.robot_supervisor]: Selected controllable event: EV_approach_object
[INFO] [1789489966.241039409] [robot_2.robot_supervisor]: ############################# VISIBLE: EV_object_visible #############################
[INFO] [1789489966.246262388] [robot_2.robot_supervisor]: Selected controllable event: EV_search_object
[INFO] [1789489966.447746010] [robot_2.robot_supervisor]: Selected controllable event: EV_search_object
[INFO] [1789489966.550647567] [robot_2.robot_supervisor]: Selected controllable event: EV_move_forward
[INFO] [1789489966.844483796] [robot_2.robot_supervisor]: ############################# VISIBLE: EV_object_visible #############################
[INFO] [1789489966.845337826] [robot_2.robot_supervisor]: Selected controllable event: EV_approach_color
[INFO] [1789489967.133048201] [robot_2.robot_supervisor]: Selected controllable event: EV_approach_color
[INFO] [1789489967.440744152] [robot_2.robot_supervisor]: Selected controllable event: EV_search_object
[INFO] [1789489967.640596810] [robot_2.robot_supervisor]: ############################# VISIBLE: EV_object_visible #############################
[INFO] [1789489967.644839052] [robot_2.robot_supervisor]: Selected controllable event: EV_search_object
[INFO] [1789489967.837642959] [robot_2.robot_supervisor]: Selected controllable event: EV_move_forward
[INFO] [1789489968.040300302] [robot_2.robot_supervisor]: Selected controllable event: EV_approach_object
[INFO] [1789489968.331533434] [robot_2.robot_supervisor]: ############################# VISIBLE: EV_object_visible #############################
[INFO] [1789489968.332421713] [robot_2.robot_supervisor]: Selected controllable event: EV_move_forward
[INFO] [1789489968.543623250] [robot_2.robot_supervisor]: Selected controllable event: EV_approach_color
[INFO] [1789489968.825112913] [robot_2.robot_supervisor]: Selected controllable event: EV_approach_color
[INFO] [1789489969.130024653] [robot_2.robot_supervisor]: ############################# VISIBLE: EV_object_visible #############################
[INFO] [1789489969.131890519] [robot_2.robot_supervisor]: Selected controllable event: EV_search_color
[INFO] [1789489969.332961623] [robot_2.robot_supervisor]: Selected controllable event: EV_search_color
[INFO] [1789489969.537973339] [robot_2.robot_supervisor]: Triggered uncontrollable event: EV_object_not_visible
[INFO] [1789489969.544289819] [robot_2.robot_supervisor]: Selected controllable event: EV_approach_object
[INFO] [1789489969.843626378] [robot_2.robot_supervisor]: Selected controllable event: EV_move_forward
[INFO] [1789489970.144011013] [robot_2.robot_supervisor]: Selected controllable event: EV_move_forward
[INFO] [1789489970.447634758] [robot_2.robot_supervisor]: Triggered uncontrollable event: EV_object_not_visible
[INFO] [1789489970.455618900] [robot_2.robot_supervisor]: Selected controllable event: EV_approach_color
[INFO] [1789489970.742596981] [robot_2.robot_supervisor]: Selected controllable event: EV_approach_color
[INFO] [1789489971.027303516] [robot_2.robot_supervisor]: Triggered uncontrollable event: EV_object_not_visible
[INFO] [1789489971.028102091] [robot_2.robot_supervisor]: Selected controllable event: EV_approach_color
[INFO] [1789489971.243940909] [robot_2.robot_supervisor]: Selected controllable event: EV_search_color
[INFO] [1789489971.441494507] [robot_2.robot_supervisor]: Selected controllable event: EV_approach_object
[INFO] [1789489971.740710755] [robot_2.robot_supervisor]: Triggered uncontrollable event: EV_object_not_visible
[INFO] [1789489971.741634518] [robot_2.robot_supervisor]: Selected controllable event: EV_search_object
[INFO] [1789489971.938772117] [robot_2.robot_supervisor]: Selected controllable event: EV_move_forward
[INFO] [1789489972.154709615] [robot_2.robot_supervisor]: Selected controllable event: EV_approach_color
[INFO] [1789489972.452263312] [robot_2.robot_supervisor]: Triggered uncontrollable event: EV_object_not_visible
[INFO] [1789489972.453205350] [robot_2.robot_supervisor]: Selected controllable event: EV_search_object
[INFO] [1789489972.630874817] [robot_2.robot_supervisor]: Selected controllable event: EV_approach_color
[INFO] [1789489972.859685895] [robot_2.robot_supervisor]: Selected controllable event: EV_approach_object
[INFO] [1789489973.126761866] [robot_2.robot_supervisor]: Triggered uncontrollable event: EV_object_not_visible
[INFO] [1789489973.127667785] [robot_2.robot_supervisor]: Selected controllable event: EV_search_color
[INFO] [1789489973.255777967] [robot_2.robot_supervisor]: Selected controllable event: EV_search_object
[INFO] [1789489973.427087997] [robot_2.robot_supervisor]: Selected controllable event: EV_search_object
[INFO] [1789489973.546195539] [robot_2.robot_supervisor]: Selected controllable event: EV_approach_object
[INFO] [1789489973.844837642] [robot_2.robot_supervisor]: Triggered uncontrollable event: EV_obstacle_right
[INFO] [1789489973.845522112] [robot_2.robot_supervisor]: Triggered uncontrollable event: EV_object_not_visible
[INFO] [1789489973.846423767] [robot_2.robot_supervisor]: Selected controllable event: EV_u_turn
[INFO] [1789489973.867392627] [robot_2.robot_supervisor]: Starting FULL ROTATE (omega=1.000, have_odom=True, target_rad=3.142, timeout_s=3.500)
[INFO] [1789489977.441215806] [robot_2.robot_supervisor]: FULL ROTATE completed by timeout
[INFO] [1789489977.637755169] [robot_2.robot_supervisor]: ############################# VISIBLE: EV_object_visible #############################
[INFO] [1789489977.655917782] [robot_2.robot_supervisor]: Selected controllable event: EV_approach_object
[INFO] [1789489977.943558590] [robot_2.robot_supervisor]: ############################# VISIBLE: EV_object_visible #############################
[INFO] [1789489977.958078868] [robot_2.robot_supervisor]: Selected controllable event: EV_search_object
[INFO] [1789489978.136206617] [robot_2.robot_supervisor]: Selected controllable event: EV_approach_color
[INFO] [1789489978.464067501] [robot_2.robot_supervisor]: Selected controllable event: EV_search_color
[INFO] [1789489978.637702618] [robot_2.robot_supervisor]: ############################# VISIBLE: EV_object_visible #############################
[INFO] [1789489978.638552106] [robot_2.robot_supervisor]: Selected controllable event: EV_search_object
[INFO] [1789489978.838266460] [robot_2.robot_supervisor]: Selected controllable event: EV_move_forward
[INFO] [1789489979.047886480] [robot_2.robot_supervisor]: Selected controllable event: EV_move_forward
[INFO] [1789489979.337836936] [robot_2.robot_supervisor]: ############################# VISIBLE: EV_object_visible #############################
[INFO] [1789489979.349427943] [robot_2.robot_supervisor]: Selected controllable event: EV_approach_color
[INFO] [1789489979.640351602] [robot_2.robot_supervisor]: Selected controllable event: EV_search_object
[INFO] [1789489979.842163240] [robot_2.robot_supervisor]: ############################# VISIBLE: EV_object_visible #############################
[INFO] [1789489979.851012345] [robot_2.robot_supervisor]: Selected controllable event: EV_search_object
[INFO] [1789489980.038731938] [robot_2.robot_supervisor]: Selected controllable event: EV_search_object
[INFO] [1789489980.248368454] [robot_2.robot_supervisor]: Selected controllable event: EV_search_color
[INFO] [1789489980.432417152] [robot_2.robot_supervisor]: Selected controllable event: EV_approach_object
[INFO] [1789489980.734061600] [robot_2.robot_supervisor]: ############################# VISIBLE: EV_object_visible #############################
[INFO] [1789489980.734871897] [robot_2.robot_supervisor]: Selected controllable event: EV_search_color
[INFO] [1789489980.943985342] [robot_2.robot_supervisor]: Selected controllable event: EV_approach_color
[INFO] [1789489981.234796272] [robot_2.robot_supervisor]: ############################# VISIBLE: EV_object_visible #############################
[INFO] [1789489981.235510747] [robot_2.robot_supervisor]: Selected controllable event: EV_approach_object
[INFO] [1789489981.440997606] [robot_2.robot_supervisor]: Selected controllable event: EV_search_object
[INFO] [1789489981.632495541] [robot_2.robot_supervisor]: Selected controllable event: EV_search_color
[INFO] [1789489981.744775262] [robot_2.robot_supervisor]: Selected controllable event: EV_search_object
[INFO] [1789489981.928236958] [robot_2.robot_supervisor]: ############################# VISIBLE: EV_object_visible #############################
[INFO] [1789489981.937601817] [robot_2.robot_supervisor]: Selected controllable event: EV_move_forward
[INFO] [1789489982.237604344] [robot_2.robot_supervisor]: Selected controllable event: EV_approach_object
[INFO] [1789489982.538289035] [robot_2.robot_supervisor]: ############################# VISIBLE: EV_object_visible #############################
[INFO] [1789489982.541342611] [robot_2.robot_supervisor]: Selected controllable event: EV_search_object
[INFO] [1789489982.749748854] [robot_2.robot_supervisor]: Selected controllable event: EV_move_forward
[INFO] [1789489983.030338819] [robot_2.robot_supervisor]: Selected controllable event: EV_approach_color
[INFO] [1789489983.238976501] [robot_2.robot_supervisor]: ############################# VISIBLE: EV_object_visible #############################
[INFO] [1789489983.239715437] [robot_2.robot_supervisor]: Selected controllable event: EV_search_color
[INFO] [1789489983.440078141] [robot_2.robot_supervisor]: Selected controllable event: EV_move_forward
[INFO] [1789489983.754052174] [robot_2.robot_supervisor]: Selected controllable event: EV_approach_color
[INFO] [1789489984.036837082] [robot_2.robot_supervisor]: ############################# VISIBLE: EV_object_visible #############################
[INFO] [1789489984.040746098] [robot_2.robot_supervisor]: Selected controllable event: EV_move_forward
[INFO] [1789489984.249481683] [robot_2.robot_supervisor]: Selected controllable event: EV_approach_object
[INFO] [1789489984.539334648] [robot_2.robot_supervisor]: Selected controllable event: EV_search_object
[INFO] [1789489984.731561460] [robot_2.robot_supervisor]: ############################# VISIBLE: EV_object_visible #############################
[INFO] [1789489984.737161387] [robot_2.robot_supervisor]: Selected controllable event: EV_approach_color
[INFO] [1789489985.032737728] [robot_2.robot_supervisor]: Selected controllable event: EV_approach_object
[INFO] [1789489985.345630223] [robot_2.robot_supervisor]: ############################# VISIBLE: EV_object_visible #############################
[INFO] [1789489985.346423794] [robot_2.robot_supervisor]: Selected controllable event: EV_move_forward
[INFO] [1789489985.627322307] [robot_2.robot_supervisor]: Selected controllable event: EV_move_forward
[INFO] [1789489985.829890133] [robot_2.robot_supervisor]: Selected controllable event: EV_move_forward
[INFO] [1789489986.054766448] [robot_2.robot_supervisor]: ############################# VISIBLE: EV_object_visible #############################
[INFO] [1789489986.055774011] [robot_2.robot_supervisor]: Selected controllable event: EV_search_color
[INFO] [1789489986.231300275] [robot_2.robot_supervisor]: Selected controllable event: EV_move_forward
[INFO] [1789489986.545879243] [robot_2.robot_supervisor]: Selected controllable event: EV_approach_object
[INFO] [1789489986.827287450] [robot_2.robot_supervisor]: Triggered uncontrollable event: EV_obstacle_left
[INFO] [1789489986.828006521] [robot_2.robot_supervisor]: ############################# REACHED: EV_object_reached #############################
[INFO] [1789489986.842263621] [robot_2.robot_supervisor]: Selected controllable event: EV_u_turn
[INFO] [1789489986.843352954] [robot_2.robot_supervisor]: Starting FULL ROTATE (omega=1.000, have_odom=True, target_rad=3.142, timeout_s=3.500)
[INFO] [1789489990.434021569] [robot_2.robot_supervisor]: FULL ROTATE completed by timeout
[INFO] [1789489990.635030375] [robot_2.robot_supervisor]: ############################# REACHED: EV_object_reached #############################
[INFO] [1789489990.641032770] [robot_2.robot_supervisor]: Selected controllable event: EV_approach_object
[INFO] [1789489990.850645416] [robot_2.robot_supervisor]: Selected controllable event: EV_search_color
[INFO] [1789489991.039955325] [robot_2.robot_supervisor]: ############################# REACHED: EV_object_reached #############################
[INFO] [1789489991.040771305] [robot_2.robot_supervisor]: Selected controllable event: EV_search_color
[INFO] [1789489991.245036955] [robot_2.robot_supervisor]: Selected controllable event: EV_search_object
[INFO] [1789489991.440714818] [robot_2.robot_supervisor]: Selected controllable event: EV_search_color
[INFO] [1789489991.642264806] [robot_2.robot_supervisor]: ############################# REACHED: EV_object_reached #############################
[INFO] [1789489991.645552256] [robot_2.robot_supervisor]: Selected controllable event: EV_approach_object
[INFO] [1789489991.943172453] [robot_2.robot_supervisor]: Selected controllable event: EV_move_forward
[INFO] [1789489992.227290716] [robot_2.robot_supervisor]: Selected controllable event: EV_approach_color
[INFO] [1789489992.438338163] [robot_2.robot_supervisor]: ############################# REACHED: EV_object_reached #############################
[INFO] [1789489992.439200755] [robot_2.robot_supervisor]: Selected controllable event: EV_move_forward
[INFO] [1789489992.728737930] [robot_2.robot_supervisor]: Selected controllable event: EV_approach_object
[INFO] [1789489992.954892171] [robot_2.robot_supervisor]: Selected controllable event: EV_approach_object
[INFO] [1789489993.236949758] [robot_2.robot_supervisor]: ############################# VISIBLE: EV_object_visible #############################
[INFO] [1789489993.237875695] [robot_2.robot_supervisor]: Selected controllable event: EV_search_object
[INFO] [1789489993.431921321] [robot_2.robot_supervisor]: Selected controllable event: EV_search_color
[INFO] [1789489993.544424498] [robot_2.robot_supervisor]: Selected controllable event: EV_search_color
[INFO] [1789489993.753440237] [robot_2.robot_supervisor]: ############################# VISIBLE: EV_object_visible #############################
[INFO] [1789489993.760891568] [robot_2.robot_supervisor]: Selected controllable event: EV_search_object
[INFO] [1789489993.935732234] [robot_2.robot_supervisor]: Selected controllable event: EV_move_forward
[INFO] [1789489994.244479545] [robot_2.robot_supervisor]: Selected controllable event: EV_approach_object
[INFO] [1789489994.553706908] [robot_2.robot_supervisor]: ############################# VISIBLE: EV_object_visible #############################
[INFO] [1789489994.559507892] [robot_2.robot_supervisor]: Selected controllable event: EV_approach_object
[INFO] [1789489994.834908144] [robot_2.robot_supervisor]: Selected controllable event: EV_move_forward
[INFO] [1789489995.145197838] [robot_2.robot_supervisor]: Selected controllable event: EV_approach_color
[INFO] [1789489995.446325497] [robot_2.robot_supervisor]: ############################# VISIBLE: EV_object_visible #############################
[INFO] [1789489995.449512982] [robot_2.robot_supervisor]: Selected controllable event: EV_move_forward
[INFO] [1789489995.733725423] [robot_2.robot_supervisor]: Selected controllable event: EV_approach_object
[INFO] [1789489996.044518250] [robot_2.robot_supervisor]: ############################# VISIBLE: EV_object_visible #############################
[INFO] [1789489996.049982949] [robot_2.robot_supervisor]: Selected controllable event: EV_move_forward
[INFO] [1789489996.345106746] [robot_2.robot_supervisor]: Selected controllable event: EV_approach_object
[INFO] [1789489996.648500517] [robot_2.robot_supervisor]: ############################# VISIBLE: EV_object_visible #############################
[INFO] [1789489996.649373465] [robot_2.robot_supervisor]: Selected controllable event: EV_move_forward
[INFO] [1789489996.939595693] [robot_2.robot_supervisor]: Selected controllable event: EV_approach_color
[INFO] [1789489997.141533408] [robot_2.robot_supervisor]: Selected controllable event: EV_search_object
[INFO] [1789489997.325503435] [robot_2.robot_supervisor]: ############################# VISIBLE: EV_object_visible #############################
[INFO] [1789489997.327549568] [robot_2.robot_supervisor]: Selected controllable event: EV_move_forward
[INFO] [1789489997.552294610] [robot_2.robot_supervisor]: Selected controllable event: EV_approach_color
[INFO] [1789489997.866597935] [robot_2.robot_supervisor]: ############################# VISIBLE: EV_object_visible #############################
[INFO] [1789489997.867407680] [robot_2.robot_supervisor]: Selected controllable event: EV_approach_object
[INFO] [1789489998.137863891] [robot_2.robot_supervisor]: Selected controllable event: EV_approach_object
[INFO] [1789489998.428340393] [robot_2.robot_supervisor]: Selected controllable event: EV_search_color
[INFO] [1789489998.545375372] [robot_2.robot_supervisor]: ############################# REACHED: EV_object_reached #############################
[INFO] [1789489998.551957808] [robot_2.robot_supervisor]: Selected controllable event: EV_search_color
[INFO] [1789489998.729134217] [robot_2.robot_supervisor]: Selected controllable event: EV_search_color
[INFO] [1789489998.838316255] [robot_2.robot_supervisor]: Selected controllable event: EV_search_object
[INFO] [1789489999.042061849] [robot_2.robot_supervisor]: Selected controllable event: EV_approach_color
[INFO] [1789489999.339890197] [robot_2.robot_supervisor]: Triggered uncontrollable event: EV_obstacle_front
[INFO] [1789489999.341910961] [robot_2.robot_supervisor]: ############################# REACHED: EV_object_reached #############################
[INFO] [1789489999.349356347] [robot_2.robot_supervisor]: Selected controllable event: EV_rotate_counterclockwise
[INFO] [1789489999.548447245] [robot_2.robot_supervisor]: Triggered uncontrollable event: EV_obstacle_front
[INFO] [1789489999.549426940] [robot_2.robot_supervisor]: Selected controllable event: EV_move_backward
[INFO] [1789489999.853504018] [robot_2.robot_supervisor]: Triggered uncontrollable event: EV_obstacle_front
[INFO] [1789489999.865524584] [robot_2.robot_supervisor]: Selected controllable event: EV_u_turn
[INFO] [1789489999.871190809] [robot_2.robot_supervisor]: Starting FULL ROTATE (omega=1.000, have_odom=True, target_rad=3.142, timeout_s=3.500)
[INFO] [1789490003.441815833] [robot_2.robot_supervisor]: FULL ROTATE completed by timeout
[INFO] [1789490003.729787631] [robot_2.robot_supervisor]: ############################# REACHED: EV_object_reached #############################
[INFO] [1789490003.730568994] [robot_2.robot_supervisor]: Selected controllable event: EV_approach_color
[INFO] [1789490003.938545488] [robot_2.robot_supervisor]: Selected controllable event: EV_search_object
[INFO] [1789490004.140062242] [robot_2.robot_supervisor]: ############################# REACHED: EV_object_reached #############################
[INFO] [1789490004.146680048] [robot_2.robot_supervisor]: Selected controllable event: EV_approach_object
[INFO] [1789490004.440566717] [robot_2.robot_supervisor]: Selected controllable event: EV_move_forward
[INFO] [1789490004.647604130] [robot_2.robot_supervisor]: Selected controllable event: EV_move_forward
[INFO] [1789490004.866200025] [robot_2.robot_supervisor]: Selected controllable event: EV_approach_color
[INFO] [1789490005.141868293] [robot_2.robot_supervisor]: ############################# REACHED: EV_object_reached #############################
[INFO] [1789490005.161842228] [robot_2.robot_supervisor]: Selected controllable event: EV_search_object
[INFO] [1789490005.338285535] [robot_2.robot_supervisor]: Selected controllable event: EV_search_object
[INFO] [1789490005.551838899] [robot_2.robot_supervisor]: Selected controllable event: EV_approach_color
[INFO] [1789490005.837958118] [robot_2.robot_supervisor]: ############################# VISIBLE: EV_object_visible #############################
[INFO] [1789490005.838894623] [robot_2.robot_supervisor]: Selected controllable event: EV_approach_object
[INFO] [1789490006.059072263] [robot_2.robot_supervisor]: Selected controllable event: EV_search_object
[INFO] [1789490006.254667464] [robot_2.robot_supervisor]: Selected controllable event: EV_approach_object
[INFO] [1789490006.542461685] [robot_2.robot_supervisor]: ############################# VISIBLE: EV_object_visible #############################
[INFO] [1789490006.543375522] [robot_2.robot_supervisor]: Selected controllable event: EV_search_color
[INFO] [1789490006.738631257] [robot_2.robot_supervisor]: Selected controllable event: EV_search_color
[INFO] [1789490006.858963694] [robot_2.robot_supervisor]: Selected controllable event: EV_approach_color
[INFO] [1789490007.159561388] [robot_2.robot_supervisor]: ############################# VISIBLE: EV_object_visible #############################
[INFO] [1789490007.160510814] [robot_2.robot_supervisor]: Selected controllable event: EV_search_object
[INFO] [1789490007.350859154] [robot_2.robot_supervisor]: Selected controllable event: EV_search_color
[INFO] [1789490007.528494709] [robot_2.robot_supervisor]: Selected controllable event: EV_move_forward
[INFO] [1789490007.861920836] [robot_2.robot_supervisor]: Selected controllable event: EV_approach_color
[INFO] [1789490008.135678075] [robot_2.robot_supervisor]: ############################# VISIBLE: EV_object_visible #############################
[INFO] [1789490008.136689071] [robot_2.robot_supervisor]: Selected controllable event: EV_search_object
[INFO] [1789490008.345499751] [robot_2.robot_supervisor]: Selected controllable event: EV_move_forward
[INFO] [1789490008.627424504] [robot_2.robot_supervisor]: Selected controllable event: EV_move_forward
[INFO] [1789490008.832092876] [robot_2.robot_supervisor]: ############################# VISIBLE: EV_object_visible #############################
[INFO] [1789490008.836340606] [robot_2.robot_supervisor]: Selected controllable event: EV_approach_object
[INFO] [1789490009.129527272] [robot_2.robot_supervisor]: Selected controllable event: EV_search_object
[INFO] [1789490009.252669449] [robot_2.robot_supervisor]: Selected controllable event: EV_move_forward
[INFO] [1789490009.529760524] [robot_2.robot_supervisor]: Selected controllable event: EV_approach_object
[INFO] [1789490009.738017943] [robot_2.robot_supervisor]: ############################# VISIBLE: EV_object_visible #############################
[INFO] [1789490009.749382835] [robot_2.robot_supervisor]: Selected controllable event: EV_search_color
[INFO] [1789490009.946049018] [robot_2.robot_supervisor]: Selected controllable event: EV_search_object
[INFO] [1789490010.158670886] [robot_2.robot_supervisor]: Selected controllable event: EV_approach_object
[INFO] [1789490010.443262736] [robot_2.robot_supervisor]: ############################# VISIBLE: EV_object_visible #############################
[INFO] [1789490010.444093598] [robot_2.robot_supervisor]: Selected controllable event: EV_approach_color
[INFO] [1789490010.735652931] [robot_2.robot_supervisor]: Selected controllable event: EV_approach_object
[INFO] [1789490010.960413874] [robot_2.robot_supervisor]: Selected controllable event: EV_approach_object
[INFO] [1789490011.233241575] [robot_2.robot_supervisor]: ############################# VISIBLE: EV_object_visible #############################
[INFO] [1789490011.252518676] [robot_2.robot_supervisor]: Selected controllable event: EV_search_object
[INFO] [1789490011.439016381] [robot_2.robot_supervisor]: Selected controllable event: EV_search_object
[INFO] [1789490011.651143671] [robot_2.robot_supervisor]: Selected controllable event: EV_approach_object
[INFO] [1789490011.950927613] [robot_2.robot_supervisor]: Selected controllable event: EV_search_color
[INFO] [1789490012.053140721] [robot_2.robot_supervisor]: ############################# VISIBLE: EV_object_visible #############################
[INFO] [1789490012.075809470] [robot_2.robot_supervisor]: Selected controllable event: EV_search_color
[INFO] [1789490012.241133269] [robot_2.robot_supervisor]: Selected controllable event: EV_approach_color
[INFO] [1789490012.448245364] [robot_2.robot_supervisor]: Selected controllable event: EV_move_forward
[INFO] [1789490012.759775594] [robot_2.robot_supervisor]: Selected controllable event: EV_approach_color
[INFO] [1789490013.039260639] [robot_2.robot_supervisor]: ############################# VISIBLE: EV_object_visible #############################
[INFO] [1789490013.046000396] [robot_2.robot_supervisor]: Selected controllable event: EV_search_object
[INFO] [1789490013.239326310] [robot_2.robot_supervisor]: Selected controllable event: EV_search_color
[INFO] [1789490013.445460649] [robot_2.robot_supervisor]: Selected controllable event: EV_search_color
[INFO] [1789490013.656238990] [robot_2.robot_supervisor]: ############################# VISIBLE: EV_object_visible #############################
[INFO] [1789490013.657114183] [robot_2.robot_supervisor]: Selected controllable event: EV_approach_color
[INFO] [1789490013.936707534] [robot_2.robot_supervisor]: Selected controllable event: EV_approach_object
[INFO] [1789490014.252747548] [robot_2.robot_supervisor]: Selected controllable event: EV_search_color
[INFO] [1789490014.466116465] [robot_2.robot_supervisor]: ############################# VISIBLE: EV_object_visible #############################
[INFO] [1789490014.473376734] [robot_2.robot_supervisor]: Selected controllable event: EV_approach_color
[INFO] [1789490014.733934623] [robot_2.robot_supervisor]: Selected controllable event: EV_approach_object
[INFO] [1789490015.034618990] [robot_2.robot_supervisor]: Selected controllable event: EV_search_object
[INFO] [1789490015.137795450] [robot_2.robot_supervisor]: ############################# REACHED: EV_object_reached #############################
[INFO] [1789490015.138731819] [robot_2.robot_supervisor]: Selected controllable event: EV_approach_color
[INFO] [1789490015.455428940] [robot_2.robot_supervisor]: Selected controllable event: EV_search_object
[INFO] [1789490015.632042351] [robot_2.robot_supervisor]: Selected controllable event: EV_approach_object
[INFO] [1789490015.943892744] [robot_2.robot_supervisor]: ############################# REACHED: EV_object_reached #############################
[INFO] [1789490015.944807722] [robot_2.robot_supervisor]: Selected controllable event: EV_search_object
[INFO] [1789490016.164619126] [robot_2.robot_supervisor]: Selected controllable event: EV_search_object
[INFO] [1789490016.355674767] [robot_2.robot_supervisor]: Selected controllable event: EV_search_object
[INFO] [1789490016.459185910] [robot_2.robot_supervisor]: Selected controllable event: EV_move_forward
[INFO] [1789490016.732002103] [robot_2.robot_supervisor]: ############################# REACHED: EV_object_reached #############################
[INFO] [1789490016.732940852] [robot_2.robot_supervisor]: Selected controllable event: EV_search_object
[INFO] [1789490016.852840330] [robot_2.robot_supervisor]: Selected controllable event: EV_move_forward
[INFO] [1789490017.145211009] [robot_2.robot_supervisor]: Selected controllable event: EV_approach_color
[INFO] [1789490017.444460529] [robot_2.robot_supervisor]: ############################# REACHED: EV_object_reached #############################
[INFO] [1789490017.445521589] [robot_2.robot_supervisor]: Selected controllable event: EV_move_forward
[INFO] [1789490017.729704577] [robot_2.robot_supervisor]: Selected controllable event: EV_approach_object
[INFO] [1789490018.046478516] [robot_2.robot_supervisor]: Selected controllable event: EV_approach_object
[INFO] [1789490018.325113766] [robot_2.robot_supervisor]: ############################# VISIBLE: EV_object_visible #############################
[INFO] [1789490018.330686831] [robot_2.robot_supervisor]: Selected controllable event: EV_search_object
[INFO] [1789490018.433709137] [robot_2.robot_supervisor]: Selected controllable event: EV_search_object
[INFO] [1789490018.535888956] [robot_2.robot_supervisor]: Selected controllable event: EV_approach_object
[INFO] [1789490018.743915839] [robot_2.robot_supervisor]: Selected controllable event: EV_approach_object
[INFO] [1789490019.034969090] [robot_2.robot_supervisor]: ############################# VISIBLE: EV_object_visible #############################
[INFO] [1789490019.039068305] [robot_2.robot_supervisor]: Selected controllable event: EV_move_forward
[INFO] [1789490019.331173036] [robot_2.robot_supervisor]: Selected controllable event: EV_approach_color
[INFO] [1789490019.547608465] [robot_2.robot_supervisor]: Triggered uncontrollable event: EV_obstacle_left
[INFO] [1789490019.552017382] [robot_2.robot_supervisor]: Triggered uncontrollable event: EV_object_not_visible
[INFO] [1789490019.558021339] [robot_2.robot_supervisor]: Selected controllable event: EV_u_turn
[INFO] [1789490019.566203590] [robot_2.robot_supervisor]: Starting FULL ROTATE (omega=1.000, have_odom=True, target_rad=3.142, timeout_s=3.500)
[INFO] [1789490023.145273866] [robot_2.robot_supervisor]: FULL ROTATE completed by timeout
[INFO] [1789490023.436704422] [robot_2.robot_supervisor]: Triggered uncontrollable event: EV_object_not_visible
[INFO] [1789490023.439495410] [robot_2.robot_supervisor]: Selected controllable event: EV_approach_color
[INFO] [1789490023.737153720] [robot_2.robot_supervisor]: ############################# VISIBLE: EV_object_visible #############################
[INFO] [1789490023.755256551] [robot_2.robot_supervisor]: Selected controllable event: EV_approach_object
[INFO] [1789490024.027409898] [robot_2.robot_supervisor]: Selected controllable event: EV_search_object
[INFO] [1789490024.135629512] [robot_2.robot_supervisor]: Selected controllable event: EV_approach_color
[INFO] [1789490024.451992815] [robot_2.robot_supervisor]: ############################# VISIBLE: EV_object_visible #############################
[INFO] [1789490024.455686644] [robot_2.robot_supervisor]: Selected controllable event: EV_approach_color
[INFO] [1789490024.743495431] [robot_2.robot_supervisor]: Selected controllable event: EV_approach_color
[INFO] [1789490025.033271732] [robot_2.robot_supervisor]: Selected controllable event: EV_search_color
[INFO] [1789490025.245145734] [robot_2.robot_supervisor]: ############################# VISIBLE: EV_object_visible #############################
[INFO] [1789490025.245877810] [robot_2.robot_supervisor]: Selected controllable event: EV_approach_object
[INFO] [1789490025.529845257] [robot_2.robot_supervisor]: Selected controllable event: EV_move_forward
[INFO] [1789490025.736005063] [robot_2.robot_supervisor]: Selected controllable event: EV_move_forward
[INFO] [1789490026.039949224] [robot_2.robot_supervisor]: ############################# VISIBLE: EV_object_visible #############################
[INFO] [1789490026.051706758] [robot_2.robot_supervisor]: Selected controllable event: EV_search_object
[INFO] [1789490026.245409808] [robot_2.robot_supervisor]: Selected controllable event: EV_move_forward
[INFO] [1789490026.540159321] [robot_2.robot_supervisor]: ############################# VISIBLE: EV_object_visible #############################
[INFO] [1789490026.546483924] [robot_2.robot_supervisor]: Selected controllable event: EV_search_object
[INFO] [1789490026.735138691] [robot_2.robot_supervisor]: Selected controllable event: EV_approach_object
[INFO] [1789490027.041029152] [robot_2.robot_supervisor]: Selected controllable event: EV_approach_object
[INFO] [1789490027.336563422] [robot_2.robot_supervisor]: ############################# VISIBLE: EV_object_visible #############################
[INFO] [1789490027.337424643] [robot_2.robot_supervisor]: Selected controllable event: EV_approach_color
[INFO] [1789490027.545740870] [robot_2.robot_supervisor]: Selected controllable event: EV_move_forward
[INFO] [1789490027.848909428] [robot_2.robot_supervisor]: ############################# VISIBLE: EV_object_visible #############################
[INFO] [1789490027.857835694] [robot_2.robot_supervisor]: Selected controllable event: EV_search_color
[INFO] [1789490028.045318484] [robot_2.robot_supervisor]: Selected controllable event: EV_search_object
[INFO] [1789490028.243682871] [robot_2.robot_supervisor]: Selected controllable event: EV_approach_object
[INFO] [1789490028.533298394] [robot_2.robot_supervisor]: ############################# VISIBLE: EV_object_visible #############################
[INFO] [1789490028.534198498] [robot_2.robot_supervisor]: Selected controllable event: EV_approach_color
[INFO] [1789490028.836289647] [robot_2.robot_supervisor]: Selected controllable event: EV_search_color
[INFO] [1789490029.043240357] [robot_2.robot_supervisor]: Selected controllable event: EV_search_object
[INFO] [1789490029.251280126] [robot_2.robot_supervisor]: ############################# VISIBLE: EV_object_visible #############################
[INFO] [1789490029.252165970] [robot_2.robot_supervisor]: Selected controllable event: EV_approach_color
[INFO] [1789490029.538599393] [robot_2.robot_supervisor]: Selected controllable event: EV_approach_object
[INFO] [1789490029.749404069] [robot_2.robot_supervisor]: Selected controllable event: EV_approach_color
[INFO] [1789490030.052062965] [robot_2.robot_supervisor]: ############################# VISIBLE: EV_object_visible #############################
[INFO] [1789490030.052939086] [robot_2.robot_supervisor]: Selected controllable event: EV_search_color
[INFO] [1789490030.243669855] [robot_2.robot_supervisor]: Selected controllable event: EV_move_forward
[INFO] [1789490030.532318817] [robot_2.robot_supervisor]: Selected controllable event: EV_search_color
[INFO] [1789490030.753722928] [robot_2.robot_supervisor]: ############################# VISIBLE: EV_object_visible #############################
[INFO] [1789490030.755440040] [robot_2.robot_supervisor]: Selected controllable event: EV_search_color
[INFO] [1789490030.933229367] [robot_2.robot_supervisor]: Selected controllable event: EV_search_color
[INFO] [1789490031.145493391] [robot_2.robot_supervisor]: Selected controllable event: EV_search_object
[INFO] [1789490031.336290000] [robot_2.robot_supervisor]: Triggered uncontrollable event: EV_obstacle_right
[INFO] [1789490031.336975798] [robot_2.robot_supervisor]: ############################# VISIBLE: EV_object_visible #############################
[INFO] [1789490031.344414176] [robot_2.robot_supervisor]: Selected controllable event: EV_rotate_counterclockwise
[INFO] [1789490031.560032673] [robot_2.robot_supervisor]: Triggered uncontrollable event: EV_obstacle_right
[INFO] [1789490031.565073337] [robot_2.robot_supervisor]: Selected controllable event: EV_rotate_counterclockwise
[INFO] [1789490031.742331476] [robot_2.robot_supervisor]: Triggered uncontrollable event: EV_obstacle_right
[INFO] [1789490031.758492719] [robot_2.robot_supervisor]: Selected controllable event: EV_rotate_counterclockwise
[INFO] [1789490031.940633447] [robot_2.robot_supervisor]: ############################# VISIBLE: EV_object_visible #############################
[INFO] [1789490031.941477738] [robot_2.robot_supervisor]: Selected controllable event: EV_move_forward
[INFO] [1789490032.226609230] [robot_2.robot_supervisor]: Selected controllable event: EV_approach_color
[INFO] [1789490032.455899893] [robot_2.robot_supervisor]: Selected controllable event: EV_approach_object
[INFO] [1789490032.740868609] [robot_2.robot_supervisor]: ############################# VISIBLE: EV_object_visible #############################
[INFO] [1789490032.741800919] [robot_2.robot_supervisor]: Selected controllable event: EV_search_color
[INFO] [1789490032.933278207] [robot_2.robot_supervisor]: Selected controllable event: EV_search_object
[INFO] [1789490033.052328728] [robot_2.robot_supervisor]: Selected controllable event: EV_search_color
[INFO] [1789490033.226470708] [robot_2.robot_supervisor]: Selected controllable event: EV_approach_object
[INFO] [1789490033.440263242] [robot_2.robot_supervisor]: ############################# VISIBLE: EV_object_visible #############################
[INFO] [1789490033.444440361] [robot_2.robot_supervisor]: Selected controllable event: EV_move_forward
[INFO] [1789490033.730581640] [robot_2.robot_supervisor]: Selected controllable event: EV_move_forward
[INFO] [1789490033.952515879] [robot_2.robot_supervisor]: Selected controllable event: EV_approach_object
[INFO] [1789490034.240368157] [robot_2.robot_supervisor]: ############################# VISIBLE: EV_object_visible #############################
[INFO] [1789490034.248804288] [robot_2.robot_supervisor]: Selected controllable event: EV_approach_object
[INFO] [1789490034.528176803] [robot_2.robot_supervisor]: Selected controllable event: EV_move_forward
[INFO] [1789490034.736467283] [robot_2.robot_supervisor]: Selected controllable event: EV_move_forward
[INFO] [1789490035.045679131] [robot_2.robot_supervisor]: ############################# VISIBLE: EV_object_visible #############################
[INFO] [1789490035.048713835] [robot_2.robot_supervisor]: Selected controllable event: EV_search_color
[INFO] [1789490035.237437922] [robot_2.robot_supervisor]: Selected controllable event: EV_search_object
[INFO] [1789490035.345439815] [robot_2.robot_supervisor]: Selected controllable event: EV_move_forward
[INFO] [1789490035.549928439] [robot_2.robot_supervisor]: ############################# VISIBLE: EV_object_visible #############################
[INFO] [1789490035.566288308] [robot_2.robot_supervisor]: Selected controllable event: EV_approach_object
[INFO] [1789490035.851327151] [robot_2.robot_supervisor]: Selected controllable event: EV_search_object
[INFO] [1789490036.054738221] [robot_2.robot_supervisor]: Selected controllable event: EV_approach_object
[INFO] [1789490036.338863994] [robot_2.robot_supervisor]: ############################# VISIBLE: EV_object_visible #############################
[INFO] [1789490036.348009971] [robot_2.robot_supervisor]: Selected controllable event: EV_approach_object
[INFO] [1789490036.640770301] [robot_2.robot_supervisor]: Selected controllable event: EV_search_object
[INFO] [1789490036.843649669] [robot_2.robot_supervisor]: Selected controllable event: EV_search_color
[INFO] [1789490037.065803213] [robot_2.robot_supervisor]: ############################# VISIBLE: EV_object_visible #############################
[INFO] [1789490037.066719291] [robot_2.robot_supervisor]: Selected controllable event: EV_approach_object
[INFO] [1789490037.341391790] [robot_2.robot_supervisor]: Selected controllable event: EV_approach_color
[INFO] [1789490037.545572929] [robot_2.robot_supervisor]: Selected controllable event: EV_search_color
[INFO] [1789490037.737480369] [robot_2.robot_supervisor]: ############################# VISIBLE: EV_object_visible #############################
[INFO] [1789490037.741963694] [robot_2.robot_supervisor]: Selected controllable event: EV_approach_object
[INFO] [1789490038.037046653] [robot_2.robot_supervisor]: Selected controllable event: EV_move_forward
[INFO] [1789490038.344788721] [robot_2.robot_supervisor]: ############################# VISIBLE: EV_object_visible #############################
[INFO] [1789490038.345695507] [robot_2.robot_supervisor]: Selected controllable event: EV_approach_object
[INFO] [1789490038.629337190] [robot_2.robot_supervisor]: Selected controllable event: EV_search_color
[INFO] [1789490038.846198356] [robot_2.robot_supervisor]: Selected controllable event: EV_approach_color
[INFO] [1789490039.152067896] [robot_2.robot_supervisor]: ############################# VISIBLE: EV_object_visible #############################
[INFO] [1789490039.152981503] [robot_2.robot_supervisor]: Selected controllable event: EV_search_object
[INFO] [1789490039.344206403] [robot_2.robot_supervisor]: Selected controllable event: EV_move_forward
[INFO] [1789490039.644697737] [robot_2.robot_supervisor]: Selected controllable event: EV_approach_color
[INFO] [1789490039.846321704] [robot_2.robot_supervisor]: ############################# VISIBLE: EV_object_visible #############################
[INFO] [1789490039.852277172] [robot_2.robot_supervisor]: Selected controllable event: EV_search_color
[INFO] [1789490040.042566865] [robot_2.robot_supervisor]: Selected controllable event: EV_search_object
[INFO] [1789490040.247577358] [robot_2.robot_supervisor]: Selected controllable event: EV_search_color
[INFO] [1789490040.438497510] [robot_2.robot_supervisor]: Selected controllable event: EV_search_object
[INFO] [1789490040.662258994] [robot_2.robot_supervisor]: ############################# VISIBLE: EV_object_visible #############################
[INFO] [1789490040.663250394] [robot_2.robot_supervisor]: Selected controllable event: EV_search_color
[INFO] [1789490040.834501794] [robot_2.robot_supervisor]: Selected controllable event: EV_search_color
[INFO] [1789490041.048146793] [robot_2.robot_supervisor]: ############################# VISIBLE: EV_object_visible #############################
[INFO] [1789490041.060243779] [robot_2.robot_supervisor]: Selected controllable event: EV_search_object
[INFO] [1789490041.251714435] [robot_2.robot_supervisor]: Selected controllable event: EV_approach_color
[INFO] [1789490041.534733216] [robot_2.robot_supervisor]: Selected controllable event: EV_search_object
[INFO] [1789490041.742238823] [robot_2.robot_supervisor]: Selected controllable event: EV_approach_object
[INFO] [1789490042.045666497] [robot_2.robot_supervisor]: Triggered uncontrollable event: EV_obstacle_right
[INFO] [1789490042.046397100] [robot_2.robot_supervisor]: ############################# VISIBLE: EV_object_visible #############################
[INFO] [1789490042.047127770] [robot_2.robot_supervisor]: Selected controllable event: EV_rotate_counterclockwise
[INFO] [1789490042.253151928] [robot_2.robot_supervisor]: Triggered uncontrollable event: EV_obstacle_right
[INFO] [1789490042.263941407] [robot_2.robot_supervisor]: Selected controllable event: EV_rotate_counterclockwise
[INFO] [1789490042.436487677] [robot_2.robot_supervisor]: Selected controllable event: EV_approach_object
[INFO] [1789490042.668901596] [robot_2.robot_supervisor]: ############################# VISIBLE: EV_object_visible #############################
[INFO] [1789490042.675741632] [robot_2.robot_supervisor]: Selected controllable event: EV_move_forward
[INFO] [1789490042.950533454] [robot_2.robot_supervisor]: Selected controllable event: EV_approach_object
[INFO] [1789490043.227846091] [robot_2.robot_supervisor]: ############################# VISIBLE: EV_object_visible #############################
[INFO] [1789490043.234035308] [robot_2.robot_supervisor]: Selected controllable event: EV_approach_color
[INFO] [1789490043.541672862] [robot_2.robot_supervisor]: Selected controllable event: EV_search_color
[INFO] [1789490043.736472936] [robot_2.robot_supervisor]: ############################# VISIBLE: EV_object_visible #############################
[INFO] [1789490043.737305637] [robot_2.robot_supervisor]: Selected controllable event: EV_search_color
[INFO] [1789490043.842363172] [robot_2.robot_supervisor]: Selected controllable event: EV_search_object
[INFO] [1789490043.945047305] [robot_2.robot_supervisor]: Selected controllable event: EV_search_color
[INFO] [1789490044.137726552] [robot_2.robot_supervisor]: Selected controllable event: EV_search_object
[INFO] [1789490044.334264218] [robot_2.robot_supervisor]: Selected controllable event: EV_move_forward
[INFO] [1789490044.548906055] [robot_2.robot_supervisor]: ############################# VISIBLE: EV_object_visible #############################
[INFO] [1789490044.552087297] [robot_2.robot_supervisor]: Selected controllable event: EV_move_forward
[INFO] [1789490044.841568755] [robot_2.robot_supervisor]: Selected controllable event: EV_approach_color
[INFO] [1789490045.051288188] [robot_2.robot_supervisor]: Selected controllable event: EV_move_forward
[INFO] [1789490045.331259062] [robot_2.robot_supervisor]: ############################# VISIBLE: EV_object_visible #############################
[INFO] [1789490045.332106431] [robot_2.robot_supervisor]: Selected controllable event: EV_approach_object
[INFO] [1789490045.629945603] [robot_2.robot_supervisor]: Selected controllable event: EV_search_object
[INFO] [1789490045.741464310] [robot_2.robot_supervisor]: Selected controllable event: EV_approach_color
[INFO] [1789490046.029339991] [robot_2.robot_supervisor]: ############################# VISIBLE: EV_object_visible #############################
[INFO] [1789490046.030189204] [robot_2.robot_supervisor]: Selected controllable event: EV_search_object
[INFO] [1789490046.134959491] [robot_2.robot_supervisor]: Selected controllable event: EV_move_forward
[INFO] [1789490046.441486244] [robot_2.robot_supervisor]: Selected controllable event: EV_move_forward
[INFO] [1789490046.742412330] [robot_2.robot_supervisor]: ############################# VISIBLE: EV_object_visible #############################
[INFO] [1789490046.743231218] [robot_2.robot_supervisor]: Selected controllable event: EV_approach_color
[INFO] [1789490047.037537282] [robot_2.robot_supervisor]: Selected controllable event: EV_move_forward
[INFO] [1789490047.245558090] [robot_2.robot_supervisor]: Triggered uncontrollable event: EV_object_not_visible
[INFO] [1789490047.247402463] [robot_2.robot_supervisor]: Selected controllable event: EV_approach_color
[INFO] [1789490047.537081452] [robot_2.robot_supervisor]: Selected controllable event: EV_approach_color
[INFO] [1789490047.856250962] [robot_2.robot_supervisor]: Selected controllable event: EV_approach_color
[INFO] [1789490048.153375184] [robot_2.robot_supervisor]: Triggered uncontrollable event: EV_object_not_visible
[INFO] [1789490048.158157734] [robot_2.robot_supervisor]: Selected controllable event: EV_move_forward
[INFO] [1789490048.446195335] [robot_2.robot_supervisor]: Selected controllable event: EV_move_forward
[INFO] [1789490048.742356849] [robot_2.robot_supervisor]: Triggered uncontrollable event: EV_obstacle_front
[INFO] [1789490048.742981129] [robot_2.robot_supervisor]: Triggered uncontrollable event: EV_object_not_visible
[INFO] [1789490048.743836329] [robot_2.robot_supervisor]: Selected controllable event: EV_rotate_clockwise
[INFO] [1789490048.933724611] [robot_2.robot_supervisor]: Triggered uncontrollable event: EV_obstacle_front
[INFO] [1789490048.934649947] [robot_2.robot_supervisor]: Selected controllable event: EV_move_backward
[INFO] [1789490049.244768085] [robot_2.robot_supervisor]: Triggered uncontrollable event: EV_obstacle_front
[INFO] [1789490049.245429107] [robot_2.robot_supervisor]: Triggered uncontrollable event: EV_object_not_visible
[INFO] [1789490049.246223785] [robot_2.robot_supervisor]: Selected controllable event: EV_rotate_counterclockwise
[INFO] [1789490049.434904038] [robot_2.robot_supervisor]: Triggered uncontrollable event: EV_obstacle_front
[INFO] [1789490049.440398334] [robot_2.robot_supervisor]: Selected controllable event: EV_rotate_clockwise
[INFO] [1789490049.625331010] [robot_2.robot_supervisor]: Triggered uncontrollable event: EV_obstacle_front
[INFO] [1789490049.626120219] [robot_2.robot_supervisor]: Selected controllable event: EV_move_backward
[INFO] [1789490049.839235410] [robot_2.robot_supervisor]: Triggered uncontrollable event: EV_obstacle_front
[INFO] [1789490049.840046620] [robot_2.robot_supervisor]: Selected controllable event: EV_u_turn
[INFO] [1789490049.840825818] [robot_2.robot_supervisor]: Starting FULL ROTATE (omega=1.000, have_odom=True, target_rad=3.142, timeout_s=3.500)
[INFO] [1789490053.431522559] [robot_2.robot_supervisor]: FULL ROTATE completed by timeout
[INFO] [1789490053.631923079] [robot_2.robot_supervisor]: ############################# VISIBLE: EV_object_visible #############################
[INFO] [1789490053.632804946] [robot_2.robot_supervisor]: Selected controllable event: EV_approach_object
[INFO] [1789490053.835331774] [robot_2.robot_supervisor]: Selected controllable event: EV_approach_object
[INFO] [1789490054.135107503] [robot_2.robot_supervisor]: ############################# VISIBLE: EV_object_visible #############################
[INFO] [1789490054.137167742] [robot_2.robot_supervisor]: Selected controllable event: EV_approach_object
[INFO] [1789490054.347303875] [robot_2.robot_supervisor]: Selected controllable event: EV_approach_object
[INFO] [1789490054.635827089] [robot_2.robot_supervisor]: Selected controllable event: EV_move_forward
[INFO] [1789490054.938168799] [robot_2.robot_supervisor]: ############################# VISIBLE: EV_object_visible #############################
[INFO] [1789490054.938993689] [robot_2.robot_supervisor]: Selected controllable event: EV_search_color
[INFO] [1789490055.128832254] [robot_2.robot_supervisor]: Selected controllable event: EV_approach_color
[INFO] [1789490055.432699277] [robot_2.robot_supervisor]: ############################# VISIBLE: EV_object_visible #############################
[INFO] [1789490055.433642792] [robot_2.robot_supervisor]: Selected controllable event: EV_search_object
[INFO] [1789490055.643220304] [robot_2.robot_supervisor]: Selected controllable event: EV_move_forward
[INFO] [1789490055.943572568] [robot_2.robot_supervisor]: Selected controllable event: EV_approach_color
[INFO] [1789490056.233890309] [robot_2.robot_supervisor]: ############################# VISIBLE: EV_object_visible #############################
[INFO] [1789490056.234692375] [robot_2.robot_supervisor]: Selected controllable event: EV_approach_color
[INFO] [1789490056.440972523] [robot_2.robot_supervisor]: Selected controllable event: EV_approach_object
[INFO] [1789490056.747886875] [robot_2.robot_supervisor]: Selected controllable event: EV_move_forward
[INFO] [1789490057.039300773] [robot_2.robot_supervisor]: ############################# VISIBLE: EV_object_visible #############################
[INFO] [1789490057.053584319] [robot_2.robot_supervisor]: Selected controllable event: EV_approach_color
[INFO] [1789490057.335207075] [robot_2.robot_supervisor]: Selected controllable event: EV_move_forward
[INFO] [1789490057.628895965] [robot_2.robot_supervisor]: ############################# VISIBLE: EV_object_visible #############################
[INFO] [1789490057.631437086] [robot_2.robot_supervisor]: Selected controllable event: EV_approach_color
[INFO] [1789490057.836629616] [robot_2.robot_supervisor]: Selected controllable event: EV_search_color
[INFO] [1789490057.944262406] [robot_2.robot_supervisor]: Selected controllable event: EV_approach_color
[INFO] [1789490058.238661575] [robot_2.robot_supervisor]: ############################# VISIBLE: EV_object_visible #############################
[INFO] [1789490058.239473708] [robot_2.robot_supervisor]: Selected controllable event: EV_search_color
[INFO] [1789490058.428547766] [robot_2.robot_supervisor]: Selected controllable event: EV_approach_color
[INFO] [1789490058.756820638] [robot_2.robot_supervisor]: Selected controllable event: EV_approach_color
[INFO] [1789490059.027720528] [robot_2.robot_supervisor]: ############################# VISIBLE: EV_object_visible #############################
[INFO] [1789490059.028663557] [robot_2.robot_supervisor]: Selected controllable event: EV_move_forward
[INFO] [1789490059.235994420] [robot_2.robot_supervisor]: Selected controllable event: EV_move_forward
[INFO] [1789490059.549814353] [robot_2.robot_supervisor]: Selected controllable event: EV_approach_object
[INFO] [1789490059.847470421] [robot_2.robot_supervisor]: ############################# VISIBLE: EV_object_visible #############################
[INFO] [1789490059.860994308] [robot_2.robot_supervisor]: Selected controllable event: EV_move_forward
[INFO] [1789490060.145986487] [robot_2.robot_supervisor]: Selected controllable event: EV_search_color
[INFO] [1789490060.333608284] [robot_2.robot_supervisor]: ############################# VISIBLE: EV_object_visible #############################
[INFO] [1789490060.334513997] [robot_2.robot_supervisor]: Selected controllable event: EV_search_object
[INFO] [1789490060.527217566] [robot_2.robot_supervisor]: Selected controllable event: EV_approach_object
[INFO] [1789490060.845871923] [robot_2.robot_supervisor]: Selected controllable event: EV_approach_object
[INFO] [1789490061.145815598] [robot_2.robot_supervisor]: ############################# VISIBLE: EV_object_visible #############################
[INFO] [1789490061.155437020] [robot_2.robot_supervisor]: Selected controllable event: EV_approach_object
[INFO] [1789490061.448715239] [robot_2.robot_supervisor]: Selected controllable event: EV_move_forward
[INFO] [1789490061.726647155] [robot_2.robot_supervisor]: ############################# VISIBLE: EV_object_visible #############################
[INFO] [1789490061.731826131] [robot_2.robot_supervisor]: Selected controllable event: EV_approach_color
[INFO] [1789490062.039804134] [robot_2.robot_supervisor]: Selected controllable event: EV_move_forward
[INFO] [1789490062.326397628] [robot_2.robot_supervisor]: Selected controllable event: EV_search_color
[INFO] [1789490062.542498791] [robot_2.robot_supervisor]: ############################# VISIBLE: EV_object_visible #############################
[INFO] [1789490062.552749765] [robot_2.robot_supervisor]: Selected controllable event: EV_move_forward
[INFO] [1789490062.833483136] [robot_2.robot_supervisor]: Selected controllable event: EV_move_forward
[INFO] [1789490063.052107339] [robot_2.robot_supervisor]: Selected controllable event: EV_approach_color
[INFO] [1789490063.336005849] [robot_2.robot_supervisor]: ############################# VISIBLE: EV_object_visible #############################
[INFO] [1789490063.341948695] [robot_2.robot_supervisor]: Selected controllable event: EV_move_forward
[INFO] [1789490063.645728162] [robot_2.robot_supervisor]: Selected controllable event: EV_search_object
[INFO] [1789490063.859033169] [robot_2.robot_supervisor]: Selected controllable event: EV_search_color
[INFO] [1789490064.029988700] [robot_2.robot_supervisor]: ############################# VISIBLE: EV_object_visible #############################
[INFO] [1789490064.051006692] [robot_2.robot_supervisor]: Selected controllable event: EV_approach_object
[INFO] [1789490064.354984253] [robot_2.robot_supervisor]: Selected controllable event: EV_search_object
[INFO] [1789490064.544755197] [robot_2.robot_supervisor]: Selected controllable event: EV_approach_object
[INFO] [1789490064.830399123] [robot_2.robot_supervisor]: ############################# VISIBLE: EV_object_visible #############################
[INFO] [1789490064.838293899] [robot_2.robot_supervisor]: Selected controllable event: EV_search_color
[INFO] [1789490065.039077471] [robot_2.robot_supervisor]: Selected controllable event: EV_search_object
[INFO] [1789490065.240657373] [robot_2.robot_supervisor]: Selected controllable event: EV_search_color
[INFO] [1789490065.429910196] [robot_2.robot_supervisor]: ############################# VISIBLE: EV_object_visible #############################
[INFO] [1789490065.435023979] [robot_2.robot_supervisor]: Selected controllable event: EV_approach_object
[INFO] [1789490065.647226105] [robot_2.robot_supervisor]: Selected controllable event: EV_approach_object
[INFO] [1789490065.952709587] [robot_2.robot_supervisor]: Selected controllable event: EV_approach_color
[INFO] [1789490066.234484898] [robot_2.robot_supervisor]: ############################# VISIBLE: EV_object_visible #############################
[INFO] [1789490066.245032663] [robot_2.robot_supervisor]: Selected controllable event: EV_search_object
[INFO] [1789490066.433646631] [robot_2.robot_supervisor]: Selected controllable event: EV_move_forward
[INFO] [1789490066.641473895] [robot_2.robot_supervisor]: Selected controllable event: EV_search_object
[INFO] [1789490066.827912118] [robot_2.robot_supervisor]: ############################# VISIBLE: EV_object_visible #############################
[INFO] [1789490066.828826386] [robot_2.robot_supervisor]: Selected controllable event: EV_move_forward
[INFO] [1789490067.044665218] [robot_2.robot_supervisor]: Selected controllable event: EV_search_object
[INFO] [1789490067.246526615] [robot_2.robot_supervisor]: Selected controllable event: EV_approach_color
[INFO] [1789490067.534081898] [robot_2.robot_supervisor]: ############################# VISIBLE: EV_object_visible #############################
[INFO] [1789490067.534904327] [robot_2.robot_supervisor]: Selected controllable event: EV_approach_object
[INFO] [1789490067.747003469] [robot_2.robot_supervisor]: Selected controllable event: EV_search_object
[INFO] [1789490067.927237653] [robot_2.robot_supervisor]: Selected controllable event: EV_approach_color
[INFO] [1789490068.133932433] [robot_2.robot_supervisor]: Selected controllable event: EV_search_object
[INFO] [1789490068.346141667] [robot_2.robot_supervisor]: ############################# REACHED: EV_object_reached #############################
[INFO] [1789490068.353167284] [robot_2.robot_supervisor]: Selected controllable event: EV_search_color
[INFO] [1789490068.543079983] [robot_2.robot_supervisor]: Selected controllable event: EV_search_color
[INFO] [1789490068.648130186] [robot_2.robot_supervisor]: Selected controllable event: EV_approach_color
[INFO] [1789490068.948936030] [robot_2.robot_supervisor]: ############################# REACHED: EV_object_reached #############################
[INFO] [1789490068.949793344] [robot_2.robot_supervisor]: Selected controllable event: EV_approach_color
[INFO] [1789490069.239529373] [robot_2.robot_supervisor]: Selected controllable event: EV_search_object
[INFO] [1789490069.447282168] [robot_2.robot_supervisor]: Selected controllable event: EV_search_object
[INFO] [1789490069.629590735] [robot_2.robot_supervisor]: ############################# REACHED: EV_object_reached #############################
[INFO] [1789490069.630493260] [robot_2.robot_supervisor]: Selected controllable event: EV_search_color
[INFO] [1789490069.832267180] [robot_2.robot_supervisor]: Selected controllable event: EV_search_object
[INFO] [1789490070.037423924] [robot_2.robot_supervisor]: Selected controllable event: EV_approach_object
[INFO] [1789490070.239140153] [robot_2.robot_supervisor]: Selected controllable event: EV_move_forward
[INFO] [1789490070.534316976] [robot_2.robot_supervisor]: ############################# VISIBLE: EV_object_visible #############################
[INFO] [1789490070.535124354] [robot_2.robot_supervisor]: Selected controllable event: EV_approach_object
[INFO] [1789490070.834642249] [robot_2.robot_supervisor]: Selected controllable event: EV_approach_color
[INFO] [1789490071.133568395] [robot_2.robot_supervisor]: ############################# VISIBLE: EV_object_visible #############################
[INFO] [1789490071.134351829] [robot_2.robot_supervisor]: Selected controllable event: EV_approach_object
[INFO] [1789490071.446161033] [robot_2.robot_supervisor]: Selected controllable event: EV_search_color
[INFO] [1789490071.631348558] [robot_2.robot_supervisor]: Selected controllable event: EV_search_object
[INFO] [1789490071.853771526] [robot_2.robot_supervisor]: ############################# VISIBLE: EV_object_visible #############################
[INFO] [1789490071.854729588] [robot_2.robot_supervisor]: Selected controllable event: EV_approach_object
[INFO] [1789490072.145159410] [robot_2.robot_supervisor]: Selected controllable event: EV_search_object
[INFO] [1789490072.345642155] [robot_2.robot_supervisor]: Selected controllable event: EV_approach_object
[INFO] [1789490072.638386881] [robot_2.robot_supervisor]: Selected controllable event: EV_search_color
[INFO] [1789490072.830499512] [robot_2.robot_supervisor]: ############################# VISIBLE: EV_object_visible #############################
[INFO] [1789490072.831367870] [robot_2.robot_supervisor]: Selected controllable event: EV_approach_color
[INFO] [1789490073.134058744] [robot_2.robot_supervisor]: Selected controllable event: EV_move_forward
[INFO] [1789490073.340527602] [robot_2.robot_supervisor]: ############################# VISIBLE: EV_object_visible #############################
[INFO] [1789490073.341409291] [robot_2.robot_supervisor]: Selected controllable event: EV_approach_color
[INFO] [1789490073.632945168] [robot_2.robot_supervisor]: Selected controllable event: EV_approach_color
[INFO] [1789490073.943761712] [robot_2.robot_supervisor]: Triggered uncontrollable event: EV_obstacle_right
[INFO] [1789490073.944708528] [robot_2.robot_supervisor]: Selected controllable event: EV_rotate_counterclockwise
[INFO] [1789490074.129743495] [robot_2.robot_supervisor]: Triggered uncontrollable event: EV_obstacle_right
[INFO] [1789490074.145863867] [robot_2.robot_supervisor]: ############################# VISIBLE: EV_object_visible #############################
[INFO] [1789490074.146751850] [robot_2.robot_supervisor]: Selected controllable event: EV_u_turn
[INFO] [1789490074.147471692] [robot_2.robot_supervisor]: Starting FULL ROTATE (omega=1.000, have_odom=True, target_rad=3.142, timeout_s=3.500)
[INFO] [1789490077.739548235] [robot_2.robot_supervisor]: FULL ROTATE completed by timeout
[INFO] [1789490078.051259046] [robot_2.robot_supervisor]: ############################# VISIBLE: EV_object_visible #############################
[INFO] [1789490078.057368172] [robot_2.robot_supervisor]: Selected controllable event: EV_move_forward
[INFO] [1789490078.326382790] [robot_2.robot_supervisor]: ############################# VISIBLE: EV_object_visible #############################
[INFO] [1789490078.337533241] [robot_2.robot_supervisor]: Selected controllable event: EV_approach_color
[INFO] [1789490078.627078538] [robot_2.robot_supervisor]: Selected controllable event: EV_search_color
[INFO] [1789490078.734787375] [robot_2.robot_supervisor]: Selected controllable event: EV_approach_color
[INFO] [1789490078.939549274] [robot_2.robot_supervisor]: ############################# VISIBLE: EV_object_visible #############################
[INFO] [1789490078.940458189] [robot_2.robot_supervisor]: Selected controllable event: EV_approach_color
[INFO] [1789490079.142578175] [robot_2.robot_supervisor]: Selected controllable event: EV_search_object
[INFO] [1789490079.338792613] [robot_2.robot_supervisor]: Selected controllable event: EV_approach_object
[INFO] [1789490079.641439475] [robot_2.robot_supervisor]: ############################# VISIBLE: EV_object_visible #############################
[INFO] [1789490079.642236267] [robot_2.robot_supervisor]: Selected controllable event: EV_move_forward
[INFO] [1789490079.942155685] [robot_2.robot_supervisor]: Selected controllable event: EV_search_color
[INFO] [1789490080.135905746] [robot_2.robot_supervisor]: Selected controllable event: EV_search_object
[INFO] [1789490080.242698198] [robot_2.robot_supervisor]: Selected controllable event: EV_move_forward
[INFO] [1789490080.546389105] [robot_2.robot_supervisor]: ############################# VISIBLE: EV_object_visible #############################
[INFO] [1789490080.557330045] [robot_2.robot_supervisor]: Selected controllable event: EV_search_object
[INFO] [1789490080.753877850] [robot_2.robot_supervisor]: Selected controllable event: EV_approach_color
[INFO] [1789490081.033149900] [robot_2.robot_supervisor]: Selected controllable event: EV_search_object
[INFO] [1789490081.141706039] [robot_2.robot_supervisor]: ############################# VISIBLE: EV_object_visible #############################
[INFO] [1789490081.154877351] [robot_2.robot_supervisor]: Selected controllable event: EV_search_object
[INFO] [1789490081.336002590] [robot_2.robot_supervisor]: Selected controllable event: EV_approach_object
[INFO] [1789490081.643474632] [robot_2.robot_supervisor]: Selected controllable event: EV_move_forward
[INFO] [1789490081.850405442] [robot_2.robot_supervisor]: Selected controllable event: EV_search_color
[INFO] [1789490082.034833736] [robot_2.robot_supervisor]: ############################# VISIBLE: EV_object_visible #############################
[INFO] [1789490082.042225347] [robot_2.robot_supervisor]: Selected controllable event: EV_approach_object
[INFO] [1789490082.362373139] [robot_2.robot_supervisor]: Selected controllable event: EV_search_object
[INFO] [1789490082.550103753] [robot_2.robot_supervisor]: Selected controllable event: EV_search_object
[INFO] [1789490082.729283823] [robot_2.robot_supervisor]: ############################# VISIBLE: EV_object_visible #############################
[INFO] [1789490082.730104356] [robot_2.robot_supervisor]: Selected controllable event: EV_move_forward
[INFO] [1789490082.932511754] [robot_2.robot_supervisor]: Selected controllable event: EV_approach_object
[INFO] [1789490083.243143483] [robot_2.robot_supervisor]: ############################# VISIBLE: EV_object_visible #############################
[INFO] [1789490083.243949324] [robot_2.robot_supervisor]: Selected controllable event: EV_move_forward
[INFO] [1789490083.529396449] [robot_2.robot_supervisor]: Selected controllable event: EV_move_forward
[INFO] [1789490083.833682076] [robot_2.robot_supervisor]: Selected controllable event: EV_approach_object
[INFO] [1789490084.129419434] [robot_2.robot_supervisor]: ############################# VISIBLE: EV_object_visible #############################
[INFO] [1789490084.130307929] [robot_2.robot_supervisor]: Selected controllable event: EV_approach_color
[INFO] [1789490084.336475564] [robot_2.robot_supervisor]: Selected controllable event: EV_search_object
[INFO] [1789490084.567246319] [robot_2.robot_supervisor]: Selected controllable event: EV_move_forward
[INFO] [1789490084.835652576] [robot_2.robot_supervisor]: ############################# VISIBLE: EV_object_visible #############################
[INFO] [1789490084.838369674] [robot_2.robot_supervisor]: Selected controllable event: EV_search_object
[INFO] [1789490085.032196470] [robot_2.robot_supervisor]: Selected controllable event: EV_search_object
[INFO] [1789490085.154342558] [robot_2.robot_supervisor]: Selected controllable event: EV_move_forward
[INFO] [1789490085.438283778] [robot_2.robot_supervisor]: ############################# VISIBLE: EV_object_visible #############################
[INFO] [1789490085.439209823] [robot_2.robot_supervisor]: Selected controllable event: EV_approach_object
[INFO] [1789490085.749864216] [robot_2.robot_supervisor]: Selected controllable event: EV_approach_object
[INFO] [1789490086.035566591] [robot_2.robot_supervisor]: Selected controllable event: EV_move_forward
[INFO] [1789490086.346202149] [robot_2.robot_supervisor]: ############################# VISIBLE: EV_object_visible #############################
[INFO] [1789490086.347987029] [robot_2.robot_supervisor]: Selected controllable event: EV_search_color
[INFO] [1789490086.532864024] [robot_2.robot_supervisor]: Selected controllable event: EV_approach_object
[INFO] [1789490086.736867825] [robot_2.robot_supervisor]: Selected controllable event: EV_approach_color
[INFO] [1789490087.032017287] [robot_2.robot_supervisor]: ############################# VISIBLE: EV_object_visible #############################
[INFO] [1789490087.037727809] [robot_2.robot_supervisor]: Selected controllable event: EV_search_color
[INFO] [1789490087.240513785] [robot_2.robot_supervisor]: Selected controllable event: EV_search_color
[INFO] [1789490087.425432807] [robot_2.robot_supervisor]: Selected controllable event: EV_approach_color
[INFO] [1789490087.630198369] [robot_2.robot_supervisor]: ############################# VISIBLE: EV_object_visible #############################
[INFO] [1789490087.635414070] [robot_2.robot_supervisor]: Selected controllable event: EV_search_object
[INFO] [1789490087.844603910] [robot_2.robot_supervisor]: Selected controllable event: EV_search_color
[INFO] [1789490088.032463628] [robot_2.robot_supervisor]: Selected controllable event: EV_approach_color
[INFO] [1789490088.332730290] [robot_2.robot_supervisor]: Selected controllable event: EV_search_color
[INFO] [1789490088.534787891] [robot_2.robot_supervisor]: ############################# VISIBLE: EV_object_visible #############################
[INFO] [1789490088.541064300] [robot_2.robot_supervisor]: Selected controllable event: EV_approach_color
[INFO] [1789490088.855765494] [robot_2.robot_supervisor]: Selected controllable event: EV_move_forward
[INFO] [1789490089.140476424] [robot_2.robot_supervisor]: ############################# VISIBLE: EV_object_visible #############################
[INFO] [1789490089.141325972] [robot_2.robot_supervisor]: Selected controllable event: EV_move_forward
[INFO] [1789490089.439073057] [robot_2.robot_supervisor]: Selected controllable event: EV_search_color
[INFO] [1789490089.639310710] [robot_2.robot_supervisor]: Selected controllable event: EV_search_color
[INFO] [1789490089.765156058] [robot_2.robot_supervisor]: ############################# VISIBLE: EV_object_visible #############################
[INFO] [1789490089.766002691] [robot_2.robot_supervisor]: Selected controllable event: EV_move_forward
[INFO] [1789490090.037244822] [robot_2.robot_supervisor]: Selected controllable event: EV_approach_object
[INFO] [1789490090.240815874] [robot_2.robot_supervisor]: Selected controllable event: EV_approach_color
[INFO] [1789490090.531132265] [robot_2.robot_supervisor]: ############################# REACHED: EV_object_reached #############################
[INFO] [1789490090.540628625] [robot_2.robot_supervisor]: Selected controllable event: EV_search_color
[INFO] [1789490090.744941788] [robot_2.robot_supervisor]: Selected controllable event: EV_move_forward
[INFO] [1789490091.050224930] [robot_2.robot_supervisor]: Selected controllable event: EV_approach_color
[INFO] [1789490091.348357920] [robot_2.robot_supervisor]: ############################# REACHED: EV_object_reached #############################
[INFO] [1789490091.349243019] [robot_2.robot_supervisor]: Selected controllable event: EV_search_color
[INFO] [1789490091.530072331] [robot_2.robot_supervisor]: Selected controllable event: EV_move_forward
[INFO] [1789490091.843277304] [robot_2.robot_supervisor]: ############################# REACHED: EV_object_reached #############################
[INFO] [1789490091.845390166] [robot_2.robot_supervisor]: Selected controllable event: EV_move_forward
[INFO] [1789490092.129320138] [robot_2.robot_supervisor]: Selected controllable event: EV_approach_color
[INFO] [1789490092.458900698] [robot_2.robot_supervisor]: Triggered uncontrollable event: EV_obstacle_right
[INFO] [1789490092.461617723] [robot_2.robot_supervisor]: ############################# REACHED: EV_object_reached #############################
[INFO] [1789490092.462456888] [robot_2.robot_supervisor]: Selected controllable event: EV_rotate_counterclockwise
[INFO] [1789490092.636724663] [robot_2.robot_supervisor]: Triggered uncontrollable event: EV_obstacle_right
[INFO] [1789490092.637589424] [robot_2.robot_supervisor]: Selected controllable event: EV_u_turn
[INFO] [1789490092.651782794] [robot_2.robot_supervisor]: Starting FULL ROTATE (omega=1.000, have_odom=True, target_rad=3.142, timeout_s=3.500)
[INFO] [1789490096.148280070] [robot_2.robot_supervisor]: FULL ROTATE completed by timeout
[INFO] [1789490096.437657684] [robot_2.robot_supervisor]: Triggered uncontrollable event: EV_obstacle_right
[INFO] [1789490096.442011275] [robot_2.robot_supervisor]: ############################# REACHED: EV_object_reached #############################
[INFO] [1789490096.442621714] [robot_2.robot_supervisor]: Selected controllable event: EV_rotate_counterclockwise
[INFO] [1789490096.546909588] [robot_2.robot_supervisor]: Triggered uncontrollable event: EV_obstacle_right
[INFO] [1789490096.555280272] [robot_2.robot_supervisor]: Selected controllable event: EV_rotate_counterclockwise
[INFO] [1789490096.742893232] [robot_2.robot_supervisor]: Selected controllable event: EV_approach_color
[INFO] [1789490097.029946286] [robot_2.robot_supervisor]: ############################# REACHED: EV_object_reached #############################
[INFO] [1789490097.037439261] [robot_2.robot_supervisor]: Selected controllable event: EV_approach_color
[INFO] [1789490097.251538910] [robot_2.robot_supervisor]: Selected controllable event: EV_search_object
[INFO] [1789490097.427556691] [robot_2.robot_supervisor]: ############################# REACHED: EV_object_reached #############################
[INFO] [1789490097.428305369] [robot_2.robot_supervisor]: Selected controllable event: EV_move_forward
[INFO] [1789490097.636617855] [robot_2.robot_supervisor]: Selected controllable event: EV_search_object
[INFO] [1789490097.839427013] [robot_2.robot_supervisor]: Selected controllable event: EV_move_forward
[INFO] [1789490098.137387977] [robot_2.robot_supervisor]: ############################# REACHED: EV_object_reached #############################
[INFO] [1789490098.138211039] [robot_2.robot_supervisor]: Selected controllable event: EV_search_color
[INFO] [1789490098.337985986] [robot_2.robot_supervisor]: Selected controllable event: EV_search_object
[INFO] [1789490098.531962337] [robot_2.robot_supervisor]: Selected controllable event: EV_approach_color
[INFO] [1789490098.741254375] [robot_2.robot_supervisor]: ############################# REACHED: EV_object_reached #############################
[INFO] [1789490098.742055122] [robot_2.robot_supervisor]: Selected controllable event: EV_search_object
[INFO] [1789490098.844527074] [robot_2.robot_supervisor]: Selected controllable event: EV_move_forward
[INFO] [1789490099.065531361] [robot_2.robot_supervisor]: Selected controllable event: EV_approach_object
[INFO] [1789490099.359495186] [robot_2.robot_supervisor]: Selected controllable event: EV_search_color
[INFO] [1789490099.554534665] [robot_2.robot_supervisor]: ############################# REACHED: EV_object_reached #############################
[INFO] [1789490099.574812886] [robot_2.robot_supervisor]: Selected controllable event: EV_move_forward
[INFO] [1789490099.879812331] [robot_2.robot_supervisor]: Selected controllable event: EV_search_color
