[INFO] [1789489731.460382431] [robot_0.robot_supervisor]: Loaded initial mission 'balanced_delivery' from explicit YAML S_20260915_182327.yaml
[INFO] [1789489731.600016469] [robot_0.robot_supervisor]: Selected controllable event: EV_search_color
[INFO] [1789489731.700927894] [robot_0.robot_supervisor]: Selected controllable event: EV_search_object
[INFO] [1789489731.813131554] [robot_0.robot_supervisor]: Selected controllable event: EV_move_forward
[INFO] [1789489732.103282288] [robot_0.robot_supervisor]: Selected controllable event: EV_move_forward
[INFO] [1789489732.401657601] [robot_0.robot_supervisor]: Selected controllable event: EV_move_forward
[INFO] [1789489732.605176289] [robot_0.robot_supervisor]: Selected controllable event: EV_approach_object
[INFO] [1789489732.806671792] [robot_0.robot_supervisor]: Selected controllable event: EV_approach_object
[INFO] [1789489733.008420835] [robot_0.robot_supervisor]: Selected controllable event: EV_approach_color
[INFO] [1789489733.213081951] [robot_0.robot_supervisor]: Selected controllable event: EV_search_object
[INFO] [1789489733.408938082] [robot_0.robot_supervisor]: Selected controllable event: EV_approach_object
[INFO] [1789489733.698374755] [robot_0.robot_supervisor]: Selected controllable event: EV_move_forward
[INFO] [1789489733.995962350] [robot_0.robot_supervisor]: Selected controllable event: EV_approach_color
[INFO] [1789489734.296106178] [robot_0.robot_supervisor]: Selected controllable event: EV_search_object
[INFO] [1789489734.397235441] [robot_0.robot_supervisor]: Selected controllable event: EV_move_forward
[INFO] [1789489734.695549501] [robot_0.robot_supervisor]: Selected controllable event: EV_approach_object
[INFO] [1789489734.998311504] [robot_0.robot_supervisor]: Selected controllable event: EV_search_object
[INFO] [1789489735.195686041] [robot_0.robot_supervisor]: Selected controllable event: EV_approach_object
[INFO] [1789489735.495849701] [robot_0.robot_supervisor]: Selected controllable event: EV_search_object
[INFO] [1789489735.695891624] [robot_0.robot_supervisor]: Selected controllable event: EV_approach_object
[INFO] [1789489735.903407253] [robot_0.robot_supervisor]: Triggered uncontrollable event: EV_object_not_visible
[INFO] [1789489735.904026410] [robot_0.robot_supervisor]: Selected controllable event: EV_approach_object
[INFO] [1789489736.205326938] [robot_0.robot_supervisor]: Selected controllable event: EV_search_object
[INFO] [1789489736.310936290] [robot_0.robot_supervisor]: Selected controllable event: EV_move_forward
[INFO] [1789489736.605199194] [robot_0.robot_supervisor]: ############################# VISIBLE: EV_object_visible #############################
[INFO] [1789489736.609180851] [robot_0.robot_supervisor]: Selected controllable event: EV_approach_color
[INFO] [1789489736.907206790] [robot_0.robot_supervisor]: Selected controllable event: EV_search_color
[INFO] [1789489737.008683509] [robot_0.robot_supervisor]: ############################# VISIBLE: EV_object_visible #############################
[INFO] [1789489737.009321673] [robot_0.robot_supervisor]: Selected controllable event: EV_approach_color
[INFO] [1789489737.306576228] [robot_0.robot_supervisor]: Selected controllable event: EV_search_object
[INFO] [1789489737.501050373] [robot_0.robot_supervisor]: Triggered uncontrollable event: EV_obstacle_right
[INFO] [1789489737.501567792] [robot_0.robot_supervisor]: ############################# REACHED: EV_object_reached #############################
[INFO] [1789489737.512982327] [robot_0.robot_supervisor]: Selected controllable event: EV_u_turn
[INFO] [1789489737.519368903] [robot_0.robot_supervisor]: Starting FULL ROTATE (omega=1.000, have_odom=True, target_rad=3.142, timeout_s=3.500)
[INFO] [1789489740.614074961] [robot_0.robot_supervisor]: FULL ROTATE completed by odom (accum_rad=3.186)
[INFO] [1789489740.903020950] [robot_0.robot_supervisor]: Triggered uncontrollable event: EV_obstacle_right
[INFO] [1789489740.906359095] [robot_0.robot_supervisor]: ############################# REACHED: EV_object_reached #############################
[INFO] [1789489740.906953586] [robot_0.robot_supervisor]: Selected controllable event: EV_rotate_counterclockwise
[INFO] [1789489741.118896370] [robot_0.robot_supervisor]: Triggered uncontrollable event: EV_obstacle_right
[INFO] [1789489741.119347471] [robot_0.robot_supervisor]: ############################# REACHED: EV_object_reached #############################
[INFO] [1789489741.119982542] [robot_0.robot_supervisor]: Selected controllable event: EV_u_turn
[INFO] [1789489741.199013756] [robot_0.robot_supervisor]: Triggered uncontrollable event: EV_obstacle_right
[INFO] [1789489741.205170018] [robot_0.robot_supervisor]: Selected controllable event: EV_rotate_counterclockwise
[WARN] [1789489741.212945681] [robot_0.robot_supervisor]: no translation for 4.3s livelock detected; starting atomic escape (turn_sign=+1)
[INFO] [1789489743.697098273] [robot_0.robot_supervisor]: Zone-livelock escape completed
[INFO] [1789489743.906039319] [robot_0.robot_supervisor]: ############################# REACHED: EV_object_reached #############################
[INFO] [1789489743.906689579] [robot_0.robot_supervisor]: Selected controllable event: EV_search_object
[INFO] [1789489744.108837271] [robot_0.robot_supervisor]: Selected controllable event: EV_approach_color
[INFO] [1789489744.402861981] [robot_0.robot_supervisor]: Triggered uncontrollable event: EV_obstacle_left
[INFO] [1789489744.405139072] [robot_0.robot_supervisor]: ############################# REACHED: EV_object_reached #############################
[INFO] [1789489744.406957067] [robot_0.robot_supervisor]: Selected controllable event: EV_rotate_clockwise
[INFO] [1789489744.597733014] [robot_0.robot_supervisor]: Triggered uncontrollable event: EV_obstacle_left
[INFO] [1789489744.598433920] [robot_0.robot_supervisor]: Selected controllable event: EV_rotate_clockwise
[INFO] [1789489744.810596488] [robot_0.robot_supervisor]: Triggered uncontrollable event: EV_obstacle_left
[INFO] [1789489744.811117483] [robot_0.robot_supervisor]: ############################# REACHED: EV_object_reached #############################
[INFO] [1789489744.822121144] [robot_0.robot_supervisor]: Selected controllable event: EV_rotate_clockwise
[INFO] [1789489745.015300841] [robot_0.robot_supervisor]: Triggered uncontrollable event: EV_obstacle_left
[INFO] [1789489745.021339274] [robot_0.robot_supervisor]: Selected controllable event: EV_u_turn
[INFO] [1789489745.021959471] [robot_0.robot_supervisor]: Starting FULL ROTATE (omega=1.000, have_odom=True, target_rad=3.142, timeout_s=3.500)
[INFO] [1789489748.499380789] [robot_0.robot_supervisor]: FULL ROTATE completed by odom (accum_rad=3.166)
[INFO] [1789489748.706841418] [robot_0.robot_supervisor]: Triggered uncontrollable event: EV_obstacle_left
[INFO] [1789489748.711420140] [robot_0.robot_supervisor]: ############################# REACHED: EV_object_reached #############################
[INFO] [1789489748.712043247] [robot_0.robot_supervisor]: Selected controllable event: EV_u_turn
[INFO] [1789489748.806437085] [robot_0.robot_supervisor]: Triggered uncontrollable event: EV_obstacle_left
[INFO] [1789489748.807102414] [robot_0.robot_supervisor]: Selected controllable event: EV_u_turn
[INFO] [1789489748.905474828] [robot_0.robot_supervisor]: Triggered uncontrollable event: EV_obstacle_left
[INFO] [1789489748.906069255] [robot_0.robot_supervisor]: Selected controllable event: EV_rotate_clockwise
[INFO] [1789489749.012750229] [robot_0.robot_supervisor]: Triggered uncontrollable event: EV_obstacle_left
[INFO] [1789489749.013378940] [robot_0.robot_supervisor]: Selected controllable event: EV_rotate_clockwise
[INFO] [1789489749.207630670] [robot_0.robot_supervisor]: Triggered uncontrollable event: EV_obstacle_left
[INFO] [1789489749.208047533] [robot_0.robot_supervisor]: ############################# REACHED: EV_object_reached #############################
[INFO] [1789489749.208633544] [robot_0.robot_supervisor]: Selected controllable event: EV_u_turn
[INFO] [1789489749.303419316] [robot_0.robot_supervisor]: Triggered uncontrollable event: EV_obstacle_left
[INFO] [1789489749.307710626] [robot_0.robot_supervisor]: Selected controllable event: EV_u_turn
[INFO] [1789489749.404702298] [robot_0.robot_supervisor]: Triggered uncontrollable event: EV_obstacle_left
[INFO] [1789489749.405320556] [robot_0.robot_supervisor]: Selected controllable event: EV_u_turn
[INFO] [1789489749.512541096] [robot_0.robot_supervisor]: Triggered uncontrollable event: EV_obstacle_left
[INFO] [1789489749.516336103] [robot_0.robot_supervisor]: Selected controllable event: EV_u_turn
[INFO] [1789489749.596192435] [robot_0.robot_supervisor]: Triggered uncontrollable event: EV_obstacle_left
[INFO] [1789489749.596788812] [robot_0.robot_supervisor]: Selected controllable event: EV_u_turn
[INFO] [1789489749.699460955] [robot_0.robot_supervisor]: Triggered uncontrollable event: EV_obstacle_left
[INFO] [1789489749.699812379] [robot_0.robot_supervisor]: ############################# REACHED: EV_object_reached #############################
[INFO] [1789489749.700337217] [robot_0.robot_supervisor]: Selected controllable event: EV_rotate_clockwise
[INFO] [1789489749.812152407] [robot_0.robot_supervisor]: Triggered uncontrollable event: EV_obstacle_left
[INFO] [1789489749.812790707] [robot_0.robot_supervisor]: Selected controllable event: EV_rotate_clockwise
[INFO] [1789489749.920679525] [robot_0.robot_supervisor]: Triggered uncontrollable event: EV_obstacle_left
[INFO] [1789489749.924654657] [robot_0.robot_supervisor]: Selected controllable event: EV_u_turn
[INFO] [1789489750.002186760] [robot_0.robot_supervisor]: Triggered uncontrollable event: EV_obstacle_left
[INFO] [1789489750.002849813] [robot_0.robot_supervisor]: Selected controllable event: EV_rotate_clockwise
[INFO] [1789489750.211741547] [robot_0.robot_supervisor]: Triggered uncontrollable event: EV_obstacle_left
[INFO] [1789489750.212216661] [robot_0.robot_supervisor]: ############################# REACHED: EV_object_reached #############################
[INFO] [1789489750.212842440] [robot_0.robot_supervisor]: Selected controllable event: EV_rotate_clockwise
[INFO] [1789489750.316517709] [robot_0.robot_supervisor]: Triggered uncontrollable event: EV_obstacle_left
[INFO] [1789489750.317195181] [robot_0.robot_supervisor]: Selected controllable event: EV_u_turn
[INFO] [1789489750.402718216] [robot_0.robot_supervisor]: Triggered uncontrollable event: EV_obstacle_left
[INFO] [1789489750.403453613] [robot_0.robot_supervisor]: Selected controllable event: EV_rotate_clockwise
[INFO] [1789489750.598397750] [robot_0.robot_supervisor]: Triggered uncontrollable event: EV_obstacle_left
[INFO] [1789489750.598957639] [robot_0.robot_supervisor]: Selected controllable event: EV_rotate_clockwise
[INFO] [1789489750.712539626] [robot_0.robot_supervisor]: Triggered uncontrollable event: EV_obstacle_left
[INFO] [1789489750.714488604] [robot_0.robot_supervisor]: ############################# REACHED: EV_object_reached #############################
[INFO] [1789489750.715168413] [robot_0.robot_supervisor]: Selected controllable event: EV_rotate_clockwise
[INFO] [1789489750.898401573] [robot_0.robot_supervisor]: Triggered uncontrollable event: EV_obstacle_left
[INFO] [1789489750.899015404] [robot_0.robot_supervisor]: Selected controllable event: EV_u_turn
[INFO] [1789489750.899556822] [robot_0.robot_supervisor]: Starting FULL ROTATE (omega=1.000, have_odom=True, target_rad=3.142, timeout_s=3.500)
[INFO] [1789489754.098907220] [robot_0.robot_supervisor]: FULL ROTATE completed by odom (accum_rad=3.167)
[INFO] [1789489754.404519392] [robot_0.robot_supervisor]: Triggered uncontrollable event: EV_obstacle_right
[INFO] [1789489754.413671956] [robot_0.robot_supervisor]: ############################# REACHED: EV_object_reached #############################
[INFO] [1789489754.414299094] [robot_0.robot_supervisor]: Selected controllable event: EV_u_turn
[INFO] [1789489754.498084095] [robot_0.robot_supervisor]: Triggered uncontrollable event: EV_obstacle_right
[INFO] [1789489754.498694936] [robot_0.robot_supervisor]: Selected controllable event: EV_rotate_counterclockwise
[WARN] [1789489754.510312741] [robot_0.robot_supervisor]: no translation for 5.6s livelock detected; starting atomic escape (turn_sign=+1)
[INFO] [1789489756.905418752] [robot_0.robot_supervisor]: Zone-livelock escape completed
[INFO] [1789489757.203166562] [robot_0.robot_supervisor]: ############################# REACHED: EV_object_reached #############################
[INFO] [1789489757.203804030] [robot_0.robot_supervisor]: Selected controllable event: EV_move_forward
[INFO] [1789489757.506365576] [robot_0.robot_supervisor]: Triggered uncontrollable event: EV_obstacle_left
[INFO] [1789489757.511966908] [robot_0.robot_supervisor]: ############################# REACHED: EV_object_reached #############################
[INFO] [1789489757.512587858] [robot_0.robot_supervisor]: Selected controllable event: EV_rotate_clockwise
[INFO] [1789489757.704142768] [robot_0.robot_supervisor]: Triggered uncontrollable event: EV_obstacle_left
[INFO] [1789489757.704771350] [robot_0.robot_supervisor]: Selected controllable event: EV_u_turn
[INFO] [1789489757.705276891] [robot_0.robot_supervisor]: Starting FULL ROTATE (omega=1.000, have_odom=True, target_rad=3.142, timeout_s=3.500)
[INFO] [1789489761.004685716] [robot_0.robot_supervisor]: FULL ROTATE completed by odom (accum_rad=3.153)
[INFO] [1789489761.295624418] [robot_0.robot_supervisor]: Triggered uncontrollable event: EV_obstacle_left
[INFO] [1789489761.302432856] [robot_0.robot_supervisor]: ############################# REACHED: EV_object_reached #############################
[INFO] [1789489761.308625238] [robot_0.robot_supervisor]: Selected controllable event: EV_rotate_clockwise
[INFO] [1789489761.513816493] [robot_0.robot_supervisor]: Selected controllable event: EV_approach_color
[INFO] [1789489761.804344356] [robot_0.robot_supervisor]: ############################# REACHED: EV_object_reached #############################
[INFO] [1789489761.812408618] [robot_0.robot_supervisor]: Selected controllable event: EV_search_color
[INFO] [1789489762.000621931] [robot_0.robot_supervisor]: Triggered uncontrollable event: EV_obstacle_left
[INFO] [1789489762.001148039] [robot_0.robot_supervisor]: ############################# REACHED: EV_object_reached #############################
[INFO] [1789489762.001753040] [robot_0.robot_supervisor]: Selected controllable event: EV_u_turn
[INFO] [1789489762.112558918] [robot_0.robot_supervisor]: Triggered uncontrollable event: EV_obstacle_left
[INFO] [1789489762.113185078] [robot_0.robot_supervisor]: Selected controllable event: EV_u_turn
[INFO] [1789489762.208436318] [robot_0.robot_supervisor]: Triggered uncontrollable event: EV_obstacle_left
[INFO] [1789489762.210277038] [robot_0.robot_supervisor]: Selected controllable event: EV_u_turn
[INFO] [1789489762.306035009] [robot_0.robot_supervisor]: Triggered uncontrollable event: EV_obstacle_left
[INFO] [1789489762.306639832] [robot_0.robot_supervisor]: Selected controllable event: EV_rotate_clockwise
[INFO] [1789489762.515347508] [robot_0.robot_supervisor]: Triggered uncontrollable event: EV_obstacle_left
[INFO] [1789489762.515803400] [robot_0.robot_supervisor]: ############################# REACHED: EV_object_reached #############################
[INFO] [1789489762.516362735] [robot_0.robot_supervisor]: Selected controllable event: EV_u_turn
[INFO] [1789489762.615524447] [robot_0.robot_supervisor]: Triggered uncontrollable event: EV_obstacle_left
[INFO] [1789489762.618630225] [robot_0.robot_supervisor]: Selected controllable event: EV_u_turn
[INFO] [1789489762.696252709] [robot_0.robot_supervisor]: Triggered uncontrollable event: EV_obstacle_left
[INFO] [1789489762.696918880] [robot_0.robot_supervisor]: Selected controllable event: EV_rotate_clockwise
[INFO] [1789489762.805347555] [robot_0.robot_supervisor]: Triggered uncontrollable event: EV_obstacle_left
[INFO] [1789489762.805940578] [robot_0.robot_supervisor]: Selected controllable event: EV_u_turn
[INFO] [1789489762.918893544] [robot_0.robot_supervisor]: Triggered uncontrollable event: EV_obstacle_left
[INFO] [1789489762.919394430] [robot_0.robot_supervisor]: ############################# REACHED: EV_object_reached #############################
[INFO] [1789489762.920001072] [robot_0.robot_supervisor]: Selected controllable event: EV_u_turn
[INFO] [1789489763.015140175] [robot_0.robot_supervisor]: Triggered uncontrollable event: EV_obstacle_left
[INFO] [1789489763.019201870] [robot_0.robot_supervisor]: Selected controllable event: EV_u_turn
[INFO] [1789489763.103565406] [robot_0.robot_supervisor]: Triggered uncontrollable event: EV_obstacle_left
[INFO] [1789489763.116484229] [robot_0.robot_supervisor]: Selected controllable event: EV_rotate_clockwise
[INFO] [1789489763.298799385] [robot_0.robot_supervisor]: Triggered uncontrollable event: EV_obstacle_left
[INFO] [1789489763.299446259] [robot_0.robot_supervisor]: Selected controllable event: EV_u_turn
[INFO] [1789489763.400804156] [robot_0.robot_supervisor]: Triggered uncontrollable event: EV_obstacle_left
[INFO] [1789489763.401266283] [robot_0.robot_supervisor]: ############################# REACHED: EV_object_reached #############################
[INFO] [1789489763.401809983] [robot_0.robot_supervisor]: Selected controllable event: EV_rotate_clockwise
[INFO] [1789489763.606245360] [robot_0.robot_supervisor]: Triggered uncontrollable event: EV_obstacle_left
[INFO] [1789489763.606906794] [robot_0.robot_supervisor]: Selected controllable event: EV_rotate_clockwise
[INFO] [1789489763.810063793] [robot_0.robot_supervisor]: Triggered uncontrollable event: EV_obstacle_left
[INFO] [1789489763.810695051] [robot_0.robot_supervisor]: Selected controllable event: EV_u_turn
[INFO] [1789489763.811291200] [robot_0.robot_supervisor]: Starting FULL ROTATE (omega=1.000, have_odom=True, target_rad=3.142, timeout_s=3.500)
[INFO] [1789489767.313908719] [robot_0.robot_supervisor]: FULL ROTATE completed by timeout
[INFO] [1789489767.612345893] [robot_0.robot_supervisor]: Triggered uncontrollable event: EV_obstacle_right
[INFO] [1789489767.628057277] [robot_0.robot_supervisor]: ############################# REACHED: EV_object_reached #############################
[INFO] [1789489767.629138681] [robot_0.robot_supervisor]: Selected controllable event: EV_rotate_counterclockwise
[WARN] [1789489767.630107646] [robot_0.robot_supervisor]: no translation for 6.3s livelock detected; starting atomic escape (turn_sign=+1)
[INFO] [1789489770.139067583] [robot_0.robot_supervisor]: Zone-livelock escape completed
[INFO] [1789489770.333590155] [robot_0.robot_supervisor]: ############################# REACHED: EV_object_reached #############################
[INFO] [1789489770.334742250] [robot_0.robot_supervisor]: Selected controllable event: EV_search_color
[INFO] [1789489770.515184777] [robot_0.robot_supervisor]: Selected controllable event: EV_move_forward
[INFO] [1789489770.811196643] [robot_0.robot_supervisor]: Selected controllable event: EV_search_object
[INFO] [1789489770.933633555] [robot_0.robot_supervisor]: Selected controllable event: EV_search_object
[INFO] [1789489771.108687102] [robot_0.robot_supervisor]: Selected controllable event: EV_approach_object
[INFO] [1789489771.436147700] [robot_0.robot_supervisor]: ############################# REACHED: EV_object_reached #############################
[INFO] [1789489771.437398970] [robot_0.robot_supervisor]: Selected controllable event: EV_approach_color
[INFO] [1789489771.723246779] [robot_0.robot_supervisor]: Selected controllable event: EV_search_object
[INFO] [1789489771.835378409] [robot_0.robot_supervisor]: Selected controllable event: EV_search_object
[INFO] [1789489772.008074264] [robot_0.robot_supervisor]: Selected controllable event: EV_search_object
[INFO] [1789489772.237178299] [robot_0.robot_supervisor]: Selected controllable event: EV_search_color
[INFO] [1789489772.397576748] [robot_0.robot_supervisor]: ############################# REACHED: EV_object_reached #############################
[INFO] [1789489772.419572143] [robot_0.robot_supervisor]: Selected controllable event: EV_move_forward
[INFO] [1789489772.735684658] [robot_0.robot_supervisor]: Selected controllable event: EV_search_color
[INFO] [1789489772.933474552] [robot_0.robot_supervisor]: Selected controllable event: EV_approach_color
[INFO] [1789489773.230816702] [robot_0.robot_supervisor]: Selected controllable event: EV_search_color
[INFO] [1789489773.415489492] [robot_0.robot_supervisor]: ############################# REACHED: EV_object_reached #############################
[INFO] [1789489773.425140176] [robot_0.robot_supervisor]: Selected controllable event: EV_approach_object
[INFO] [1789489773.725913849] [robot_0.robot_supervisor]: Selected controllable event: EV_approach_color
[INFO] [1789489774.006411699] [robot_0.robot_supervisor]: Selected controllable event: EV_search_object
[INFO] [1789489774.146451734] [robot_0.robot_supervisor]: Selected controllable event: EV_search_object
[INFO] [1789489774.323223085] [robot_0.robot_supervisor]: ############################# REACHED: EV_object_reached #############################
[INFO] [1789489774.324157537] [robot_0.robot_supervisor]: Selected controllable event: EV_approach_color
[INFO] [1789489774.606430950] [robot_0.robot_supervisor]: Selected controllable event: EV_move_forward
[INFO] [1789489774.917115660] [robot_0.robot_supervisor]: Selected controllable event: EV_approach_object
[INFO] [1789489775.127365486] [robot_0.robot_supervisor]: Selected controllable event: EV_approach_color
[INFO] [1789489775.335484710] [robot_0.robot_supervisor]: ############################# REACHED: EV_object_reached #############################
[INFO] [1789489775.336760476] [robot_0.robot_supervisor]: Selected controllable event: EV_move_forward
[INFO] [1789489775.640839562] [robot_0.robot_supervisor]: Selected controllable event: EV_search_object
[INFO] [1789489775.802075207] [robot_0.robot_supervisor]: Selected controllable event: EV_approach_object
[INFO] [1789489776.032397061] [robot_0.robot_supervisor]: Selected controllable event: EV_approach_color
[INFO] [1789489776.329310569] [robot_0.robot_supervisor]: Selected controllable event: EV_move_forward
[INFO] [1789489776.638569982] [robot_0.robot_supervisor]: ############################# REACHED: EV_object_reached #############################
[INFO] [1789489776.662748857] [robot_0.robot_supervisor]: Selected controllable event: EV_search_color
[INFO] [1789489776.812173164] [robot_0.robot_supervisor]: Selected controllable event: EV_move_forward
[INFO] [1789489777.128579991] [robot_0.robot_supervisor]: Selected controllable event: EV_search_object
[INFO] [1789489777.236474330] [robot_0.robot_supervisor]: ############################# REACHED: EV_object_reached #############################
[INFO] [1789489777.258575826] [robot_0.robot_supervisor]: Selected controllable event: EV_search_object
[INFO] [1789489777.423010395] [robot_0.robot_supervisor]: Selected controllable event: EV_search_color
[INFO] [1789489777.618531768] [robot_0.robot_supervisor]: Selected controllable event: EV_approach_object
[INFO] [1789489777.829677705] [robot_0.robot_supervisor]: Selected controllable event: EV_approach_color
[INFO] [1789489778.130989398] [robot_0.robot_supervisor]: Selected controllable event: EV_search_color
[INFO] [1789489778.335513149] [robot_0.robot_supervisor]: ############################# REACHED: EV_object_reached #############################
[INFO] [1789489778.346730420] [robot_0.robot_supervisor]: Selected controllable event: EV_move_forward
[INFO] [1789489778.632078851] [robot_0.robot_supervisor]: Selected controllable event: EV_move_forward
[INFO] [1789489778.922926940] [robot_0.robot_supervisor]: Selected controllable event: EV_search_object
[INFO] [1789489779.119677450] [robot_0.robot_supervisor]: Selected controllable event: EV_search_object
[INFO] [1789489779.239361283] [robot_0.robot_supervisor]: Selected controllable event: EV_search_object
[INFO] [1789489779.434577164] [robot_0.robot_supervisor]: ############################# REACHED: EV_object_reached #############################
[INFO] [1789489779.435697168] [robot_0.robot_supervisor]: Selected controllable event: EV_approach_object
[INFO] [1789489779.726093282] [robot_0.robot_supervisor]: Selected controllable event: EV_approach_object
[INFO] [1789489780.026933725] [robot_0.robot_supervisor]: Selected controllable event: EV_move_forward
[INFO] [1789489780.305668232] [robot_0.robot_supervisor]: ############################# REACHED: EV_object_reached #############################
[INFO] [1789489780.324904113] [robot_0.robot_supervisor]: Selected controllable event: EV_search_object
[INFO] [1789489780.514382386] [robot_0.robot_supervisor]: Selected controllable event: EV_approach_color
[INFO] [1789489780.797317466] [robot_0.robot_supervisor]: Selected controllable event: EV_move_forward
[INFO] [1789489781.016685902] [robot_0.robot_supervisor]: Selected controllable event: EV_approach_color
[INFO] [1789489781.302857643] [robot_0.robot_supervisor]: ############################# REACHED: EV_object_reached #############################
[INFO] [1789489781.311187452] [robot_0.robot_supervisor]: Selected controllable event: EV_move_forward
[INFO] [1789489781.519517263] [robot_0.robot_supervisor]: Selected controllable event: EV_search_color
[INFO] [1789489781.717405714] [robot_0.robot_supervisor]: Selected controllable event: EV_approach_object
[INFO] [1789489782.018723670] [robot_0.robot_supervisor]: Selected controllable event: EV_approach_color
[INFO] [1789489782.325039484] [robot_0.robot_supervisor]: Triggered uncontrollable event: EV_obstacle_right
[INFO] [1789489782.334515956] [robot_0.robot_supervisor]: ############################# REACHED: EV_object_reached #############################
[INFO] [1789489782.339999754] [robot_0.robot_supervisor]: Selected controllable event: EV_rotate_counterclockwise
[INFO] [1789489782.506569134] [robot_0.robot_supervisor]: Triggered uncontrollable event: EV_obstacle_right
[INFO] [1789489782.507559941] [robot_0.robot_supervisor]: Selected controllable event: EV_rotate_counterclockwise
[INFO] [1789489782.712281205] [robot_0.robot_supervisor]: Triggered uncontrollable event: EV_obstacle_right
[INFO] [1789489782.719991179] [robot_0.robot_supervisor]: Selected controllable event: EV_u_turn
[INFO] [1789489782.734363700] [robot_0.robot_supervisor]: Starting FULL ROTATE (omega=1.000, have_odom=True, target_rad=3.142, timeout_s=3.500)
[INFO] [1789489786.312116594] [robot_0.robot_supervisor]: FULL ROTATE completed by timeout
[INFO] [1789489786.529887676] [robot_0.robot_supervisor]: Triggered uncontrollable event: EV_obstacle_front
[INFO] [1789489786.530756831] [robot_0.robot_supervisor]: ############################# REACHED: EV_object_reached #############################
[INFO] [1789489786.531721246] [robot_0.robot_supervisor]: Selected controllable event: EV_u_turn
[INFO] [1789489786.622718347] [robot_0.robot_supervisor]: Triggered uncontrollable event: EV_obstacle_front
[INFO] [1789489786.632383783] [robot_0.robot_supervisor]: Selected controllable event: EV_rotate_clockwise
[WARN] [1789489786.633278332] [robot_0.robot_supervisor]: no translation for 4.1s livelock detected; starting atomic escape (turn_sign=-1)
[INFO] [1789489789.120996620] [robot_0.robot_supervisor]: Zone-livelock escape completed
[INFO] [1789489789.329206926] [robot_0.robot_supervisor]: Triggered uncontrollable event: EV_obstacle_left
[INFO] [1789489789.329902860] [robot_0.robot_supervisor]: ############################# REACHED: EV_object_reached #############################
[INFO] [1789489789.347082347] [robot_0.robot_supervisor]: Selected controllable event: EV_u_turn
[INFO] [1789489789.348111793] [robot_0.robot_supervisor]: Starting FULL ROTATE (omega=1.000, have_odom=True, target_rad=3.142, timeout_s=3.500)
[INFO] [1789489792.902266282] [robot_0.robot_supervisor]: FULL ROTATE completed by timeout
[INFO] [1789489793.121569425] [robot_0.robot_supervisor]: Triggered uncontrollable event: EV_obstacle_right
[INFO] [1789489793.122571975] [robot_0.robot_supervisor]: ############################# REACHED: EV_object_reached #############################
[INFO] [1789489793.132650677] [robot_0.robot_supervisor]: Selected controllable event: EV_u_turn
[INFO] [1789489793.207649860] [robot_0.robot_supervisor]: Triggered uncontrollable event: EV_obstacle_right
[INFO] [1789489793.208691321] [robot_0.robot_supervisor]: Selected controllable event: EV_u_turn
[INFO] [1789489793.318487713] [robot_0.robot_supervisor]: Triggered uncontrollable event: EV_obstacle_right
[INFO] [1789489793.319461315] [robot_0.robot_supervisor]: Selected controllable event: EV_u_turn
[INFO] [1789489793.406023687] [robot_0.robot_supervisor]: Triggered uncontrollable event: EV_obstacle_right
[INFO] [1789489793.426781507] [robot_0.robot_supervisor]: Selected controllable event: EV_rotate_counterclockwise
[INFO] [1789489793.615015817] [robot_0.robot_supervisor]: Triggered uncontrollable event: EV_obstacle_right
[INFO] [1789489793.615758766] [robot_0.robot_supervisor]: ############################# REACHED: EV_object_reached #############################
[INFO] [1789489793.631476602] [robot_0.robot_supervisor]: Selected controllable event: EV_u_turn
[INFO] [1789489793.726558231] [robot_0.robot_supervisor]: Triggered uncontrollable event: EV_obstacle_right
[INFO] [1789489793.727626503] [robot_0.robot_supervisor]: Selected controllable event: EV_u_turn
[INFO] [1789489793.820627233] [robot_0.robot_supervisor]: Triggered uncontrollable event: EV_obstacle_right
[INFO] [1789489793.821748075] [robot_0.robot_supervisor]: Selected controllable event: EV_rotate_counterclockwise
[INFO] [1789489794.008165381] [robot_0.robot_supervisor]: Triggered uncontrollable event: EV_obstacle_right
[INFO] [1789489794.009226982] [robot_0.robot_supervisor]: Selected controllable event: EV_rotate_counterclockwise
[INFO] [1789489794.231919468] [robot_0.robot_supervisor]: Triggered uncontrollable event: EV_obstacle_right
[INFO] [1789489794.233018173] [robot_0.robot_supervisor]: Selected controllable event: EV_u_turn
[INFO] [1789489794.318052365] [robot_0.robot_supervisor]: Triggered uncontrollable event: EV_obstacle_right
[INFO] [1789489794.337312757] [robot_0.robot_supervisor]: Selected controllable event: EV_u_turn
[INFO] [1789489794.441454157] [robot_0.robot_supervisor]: Triggered uncontrollable event: EV_obstacle_right
[INFO] [1789489794.462586071] [robot_0.robot_supervisor]: Selected controllable event: EV_u_turn
[INFO] [1789489794.516674833] [robot_0.robot_supervisor]: Triggered uncontrollable event: EV_obstacle_right
[INFO] [1789489794.517744670] [robot_0.robot_supervisor]: Selected controllable event: EV_u_turn
[INFO] [1789489794.629985433] [robot_0.robot_supervisor]: Triggered uncontrollable event: EV_obstacle_right
[INFO] [1789489794.630953790] [robot_0.robot_supervisor]: ############################# REACHED: EV_object_reached #############################
[INFO] [1789489794.650563718] [robot_0.robot_supervisor]: Selected controllable event: EV_u_turn
[INFO] [1789489794.721293793] [robot_0.robot_supervisor]: Triggered uncontrollable event: EV_obstacle_right
[INFO] [1789489794.722357869] [robot_0.robot_supervisor]: Selected controllable event: EV_rotate_counterclockwise
[INFO] [1789489794.919396225] [robot_0.robot_supervisor]: Triggered uncontrollable event: EV_obstacle_right
[INFO] [1789489794.934660913] [robot_0.robot_supervisor]: Selected controllable event: EV_rotate_counterclockwise
[INFO] [1789489795.112817804] [robot_0.robot_supervisor]: Triggered uncontrollable event: EV_obstacle_right
[INFO] [1789489795.128466781] [robot_0.robot_supervisor]: Selected controllable event: EV_u_turn
[INFO] [1789489795.210323126] [robot_0.robot_supervisor]: Triggered uncontrollable event: EV_obstacle_right
[INFO] [1789489795.211377245] [robot_0.robot_supervisor]: Selected controllable event: EV_rotate_counterclockwise
[INFO] [1789489795.408717103] [robot_0.robot_supervisor]: Selected controllable event: EV_approach_object
[INFO] [1789489795.715145656] [robot_0.robot_supervisor]: ############################# REACHED: EV_object_reached #############################
[INFO] [1789489795.716171719] [robot_0.robot_supervisor]: Selected controllable event: EV_approach_color
[INFO] [1789489796.040685521] [robot_0.robot_supervisor]: Selected controllable event: EV_move_forward
[INFO] [1789489796.341963578] [robot_0.robot_supervisor]: Selected controllable event: EV_move_forward
[INFO] [1789489796.628609652] [robot_0.robot_supervisor]: ############################# REACHED: EV_object_reached #############################
[INFO] [1789489796.633729076] [robot_0.robot_supervisor]: Selected controllable event: EV_approach_object
[INFO] [1789489796.935448304] [robot_0.robot_supervisor]: Selected controllable event: EV_move_forward
[INFO] [1789489797.230443657] [robot_0.robot_supervisor]: Selected controllable event: EV_search_color
[INFO] [1789489797.435731101] [robot_0.robot_supervisor]: Selected controllable event: EV_search_object
[INFO] [1789489797.605446308] [robot_0.robot_supervisor]: ############################# REACHED: EV_object_reached #############################
[INFO] [1789489797.610595300] [robot_0.robot_supervisor]: Selected controllable event: EV_move_forward
[INFO] [1789489797.921174208] [robot_0.robot_supervisor]: Selected controllable event: EV_move_forward
[INFO] [1789489798.198691965] [robot_0.robot_supervisor]: Selected controllable event: EV_move_forward
[INFO] [1789489798.408178128] [robot_0.robot_supervisor]: ############################# REACHED: EV_object_reached #############################
[INFO] [1789489798.413703905] [robot_0.robot_supervisor]: Selected controllable event: EV_approach_color
[INFO] [1789489798.736670709] [robot_0.robot_supervisor]: Selected controllable event: EV_approach_color
[INFO] [1789489799.019903755] [robot_0.robot_supervisor]: Selected controllable event: EV_move_forward
[INFO] [1789489799.318590048] [robot_0.robot_supervisor]: Selected controllable event: EV_search_object
[INFO] [1789489799.512536443] [robot_0.robot_supervisor]: ############################# REACHED: EV_object_reached #############################
[INFO] [1789489799.522520214] [robot_0.robot_supervisor]: Selected controllable event: EV_move_forward
[INFO] [1789489799.836835733] [robot_0.robot_supervisor]: Selected controllable event: EV_approach_color
[INFO] [1789489800.109404984] [robot_0.robot_supervisor]: Selected controllable event: EV_search_color
[INFO] [1789489800.309755419] [robot_0.robot_supervisor]: Selected controllable event: EV_approach_object
[INFO] [1789489800.603634884] [robot_0.robot_supervisor]: ############################# REACHED: EV_object_reached #############################
[INFO] [1789489800.612821579] [robot_0.robot_supervisor]: Selected controllable event: EV_move_forward
[INFO] [1789489800.823877721] [robot_0.robot_supervisor]: Selected controllable event: EV_approach_object
[INFO] [1789489801.134682646] [robot_0.robot_supervisor]: Selected controllable event: EV_approach_object
[INFO] [1789489801.414355167] [robot_0.robot_supervisor]: ############################# REACHED: EV_object_reached #############################
[INFO] [1789489801.418002257] [robot_0.robot_supervisor]: Selected controllable event: EV_search_color
[INFO] [1789489801.526439615] [robot_0.robot_supervisor]: Selected controllable event: EV_search_color
[INFO] [1789489801.702614569] [robot_0.robot_supervisor]: Selected controllable event: EV_search_color
[INFO] [1789489801.919102345] [robot_0.robot_supervisor]: Selected controllable event: EV_search_object
[INFO] [1789489802.027837947] [robot_0.robot_supervisor]: Selected controllable event: EV_move_forward
[INFO] [1789489802.311413206] [robot_0.robot_supervisor]: Selected controllable event: EV_search_color
[INFO] [1789489802.512085605] [robot_0.robot_supervisor]: ############################# REACHED: EV_object_reached #############################
[INFO] [1789489802.513252280] [robot_0.robot_supervisor]: Selected controllable event: EV_move_forward
[INFO] [1789489802.729303155] [robot_0.robot_supervisor]: Selected controllable event: EV_search_object
[INFO] [1789489802.897154465] [robot_0.robot_supervisor]: Selected controllable event: EV_search_object
[INFO] [1789489803.014362444] [robot_0.robot_supervisor]: Selected controllable event: EV_approach_color
[INFO] [1789489803.321044561] [robot_0.robot_supervisor]: ############################# REACHED: EV_object_reached #############################
[INFO] [1789489803.322226560] [robot_0.robot_supervisor]: Selected controllable event: EV_approach_color
[INFO] [1789489803.627739501] [robot_0.robot_supervisor]: Selected controllable event: EV_search_object
[INFO] [1789489803.814313585] [robot_0.robot_supervisor]: Selected controllable event: EV_move_forward
[INFO] [1789489804.114698775] [robot_0.robot_supervisor]: Selected controllable event: EV_approach_object
[INFO] [1789489804.425817996] [robot_0.robot_supervisor]: ############################# REACHED: EV_object_reached #############################
[INFO] [1789489804.426902112] [robot_0.robot_supervisor]: Selected controllable event: EV_search_object
[INFO] [1789489804.611135502] [robot_0.robot_supervisor]: Selected controllable event: EV_search_color
[INFO] [1789489804.726675098] [robot_0.robot_supervisor]: Selected controllable event: EV_approach_color
[INFO] [1789489805.012302177] [robot_0.robot_supervisor]: ############################# REACHED: EV_object_reached #############################
[INFO] [1789489805.038893116] [robot_0.robot_supervisor]: Selected controllable event: EV_search_object
[INFO] [1789489805.221606588] [robot_0.robot_supervisor]: Selected controllable event: EV_approach_object
[INFO] [1789489805.528980919] [robot_0.robot_supervisor]: Selected controllable event: EV_search_color
[INFO] [1789489805.632678460] [robot_0.robot_supervisor]: Selected controllable event: EV_search_color
[INFO] [1789489805.828946119] [robot_0.robot_supervisor]: Selected controllable event: EV_move_forward
[INFO] [1789489806.123268075] [robot_0.robot_supervisor]: ############################# REACHED: EV_object_reached #############################
[INFO] [1789489806.131433076] [robot_0.robot_supervisor]: Selected controllable event: EV_move_forward
[INFO] [1789489806.414779182] [robot_0.robot_supervisor]: Selected controllable event: EV_approach_object
[INFO] [1789489806.710680325] [robot_0.robot_supervisor]: ############################# VISIBLE: EV_object_visible #############################
[INFO] [1789489806.730889549] [robot_0.robot_supervisor]: Selected controllable event: EV_search_color
[INFO] [1789489806.940667740] [robot_0.robot_supervisor]: Selected controllable event: EV_search_color
[INFO] [1789489807.107146701] [robot_0.robot_supervisor]: Selected controllable event: EV_approach_object
[INFO] [1789489807.436644842] [robot_0.robot_supervisor]: Selected controllable event: EV_approach_color
[INFO] [1789489807.738116820] [robot_0.robot_supervisor]: ############################# VISIBLE: EV_object_visible #############################
[INFO] [1789489807.756879915] [robot_0.robot_supervisor]: Selected controllable event: EV_approach_object
[INFO] [1789489807.997949935] [robot_0.robot_supervisor]: Selected controllable event: EV_approach_color
[INFO] [1789489808.213858890] [robot_0.robot_supervisor]: Selected controllable event: EV_approach_color
[INFO] [1789489808.502332158] [robot_0.robot_supervisor]: ############################# VISIBLE: EV_object_visible #############################
[INFO] [1789489808.503351804] [robot_0.robot_supervisor]: Selected controllable event: EV_approach_object
[INFO] [1789489808.719341042] [robot_0.robot_supervisor]: Selected controllable event: EV_approach_color
[INFO] [1789489809.007179631] [robot_0.robot_supervisor]: Selected controllable event: EV_search_object
[INFO] [1789489809.224188736] [robot_0.robot_supervisor]: Selected controllable event: EV_search_color
[INFO] [1789489809.332468669] [robot_0.robot_supervisor]: ############################# REACHED: EV_object_reached #############################
[INFO] [1789489809.333516355] [robot_0.robot_supervisor]: Selected controllable event: EV_approach_object
[INFO] [1789489809.610391593] [robot_0.robot_supervisor]: Selected controllable event: EV_approach_object
[INFO] [1789489809.912694849] [robot_0.robot_supervisor]: Selected controllable event: EV_approach_object
[INFO] [1789489810.228904701] [robot_0.robot_supervisor]: Triggered uncontrollable event: EV_obstacle_front
[INFO] [1789489810.234103008] [robot_0.robot_supervisor]: ############################# REACHED: EV_object_reached #############################
[INFO] [1789489810.235262948] [robot_0.robot_supervisor]: Selected controllable event: EV_rotate_clockwise
[INFO] [1789489810.412183334] [robot_0.robot_supervisor]: Triggered uncontrollable event: EV_obstacle_front
[INFO] [1789489810.413011327] [robot_0.robot_supervisor]: Selected controllable event: EV_u_turn
[INFO] [1789489810.413791739] [robot_0.robot_supervisor]: Starting FULL ROTATE (omega=1.000, have_odom=True, target_rad=3.142, timeout_s=3.500)
[INFO] [1789489813.919691536] [robot_0.robot_supervisor]: FULL ROTATE completed by timeout
[INFO] [1789489814.120230197] [robot_0.robot_supervisor]: ############################# REACHED: EV_object_reached #############################
[INFO] [1789489814.134967048] [robot_0.robot_supervisor]: Selected controllable event: EV_search_color
[INFO] [1789489814.313313803] [robot_0.robot_supervisor]: Selected controllable event: EV_move_forward
[INFO] [1789489814.621104685] [robot_0.robot_supervisor]: ############################# REACHED: EV_object_reached #############################
[INFO] [1789489814.628825892] [robot_0.robot_supervisor]: Selected controllable event: EV_move_forward
[INFO] [1789489814.926891805] [robot_0.robot_supervisor]: Selected controllable event: EV_approach_object
[INFO] [1789489815.133548544] [robot_0.robot_supervisor]: Selected controllable event: EV_search_color
[INFO] [1789489815.305421842] [robot_0.robot_supervisor]: Selected controllable event: EV_approach_color
[INFO] [1789489815.602190354] [robot_0.robot_supervisor]: ############################# REACHED: EV_object_reached #############################
[INFO] [1789489815.604986742] [robot_0.robot_supervisor]: Selected controllable event: EV_search_color
[INFO] [1789489815.813534000] [robot_0.robot_supervisor]: Selected controllable event: EV_approach_color
[INFO] [1789489816.114196641] [robot_0.robot_supervisor]: Selected controllable event: EV_search_object
[INFO] [1789489816.241584545] [robot_0.robot_supervisor]: Selected controllable event: EV_approach_color
[INFO] [1789489816.525011639] [robot_0.robot_supervisor]: ############################# REACHED: EV_object_reached #############################
[INFO] [1789489816.533742627] [robot_0.robot_supervisor]: Selected controllable event: EV_approach_object
[INFO] [1789489816.832562309] [robot_0.robot_supervisor]: Selected controllable event: EV_search_object
[INFO] [1789489817.018341148] [robot_0.robot_supervisor]: Selected controllable event: EV_move_forward
[INFO] [1789489817.333388054] [robot_0.robot_supervisor]: ############################# REACHED: EV_object_reached #############################
[INFO] [1789489817.334645936] [robot_0.robot_supervisor]: Selected controllable event: EV_search_object
[INFO] [1789489817.509564896] [robot_0.robot_supervisor]: Selected controllable event: EV_search_color
[INFO] [1789489817.717309930] [robot_0.robot_supervisor]: Selected controllable event: EV_approach_color
[INFO] [1789489818.028374145] [robot_0.robot_supervisor]: Selected controllable event: EV_move_forward
[INFO] [1789489818.320914832] [robot_0.robot_supervisor]: ############################# VISIBLE: EV_object_visible #############################
[INFO] [1789489818.326972485] [robot_0.robot_supervisor]: Selected controllable event: EV_move_forward
[INFO] [1789489818.620440189] [robot_0.robot_supervisor]: Selected controllable event: EV_search_object
[INFO] [1789489818.828520465] [robot_0.robot_supervisor]: Selected controllable event: EV_approach_object
[INFO] [1789489819.100549501] [robot_0.robot_supervisor]: ############################# REACHED: EV_object_reached #############################
[INFO] [1789489819.101628364] [robot_0.robot_supervisor]: Selected controllable event: EV_move_forward
[INFO] [1789489819.312699301] [robot_0.robot_supervisor]: Selected controllable event: EV_search_object
[INFO] [1789489819.416792223] [robot_0.robot_supervisor]: Selected controllable event: EV_move_forward
[INFO] [1789489819.703838328] [robot_0.robot_supervisor]: Selected controllable event: EV_move_forward
[INFO] [1789489820.002678991] [robot_0.robot_supervisor]: Triggered uncontrollable event: EV_obstacle_front
[INFO] [1789489820.023511312] [robot_0.robot_supervisor]: ############################# REACHED: EV_object_reached #############################
[INFO] [1789489820.024566050] [robot_0.robot_supervisor]: Selected controllable event: EV_rotate_counterclockwise
[INFO] [1789489820.225376460] [robot_0.robot_supervisor]: Triggered uncontrollable event: EV_obstacle_front
[INFO] [1789489820.226611518] [robot_0.robot_supervisor]: Selected controllable event: EV_rotate_counterclockwise
[INFO] [1789489820.421695784] [robot_0.robot_supervisor]: Triggered uncontrollable event: EV_obstacle_front
[INFO] [1789489820.438250909] [robot_0.robot_supervisor]: Selected controllable event: EV_u_turn
[INFO] [1789489820.439156669] [robot_0.robot_supervisor]: Starting FULL ROTATE (omega=1.000, have_odom=True, target_rad=3.142, timeout_s=3.500)
[INFO] [1789489824.009572441] [robot_0.robot_supervisor]: FULL ROTATE completed by timeout
[INFO] [1789489824.224899248] [robot_0.robot_supervisor]: ############################# REACHED: EV_object_reached #############################
[INFO] [1789489824.225928432] [robot_0.robot_supervisor]: Selected controllable event: EV_search_color
[INFO] [1789489824.442799269] [robot_0.robot_supervisor]: Selected controllable event: EV_approach_object
[INFO] [1789489824.716476644] [robot_0.robot_supervisor]: ############################# REACHED: EV_object_reached #############################
[INFO] [1789489824.721260116] [robot_0.robot_supervisor]: Selected controllable event: EV_move_forward
[INFO] [1789489825.024218367] [robot_0.robot_supervisor]: Selected controllable event: EV_search_color
[INFO] [1789489825.218223561] [robot_0.robot_supervisor]: Selected controllable event: EV_search_object
[INFO] [1789489825.417035011] [robot_0.robot_supervisor]: ############################# REACHED: EV_object_reached #############################
[INFO] [1789489825.417948061] [robot_0.robot_supervisor]: Selected controllable event: EV_search_object
[INFO] [1789489825.597248757] [robot_0.robot_supervisor]: Selected controllable event: EV_search_object
[INFO] [1789489825.722879088] [robot_0.robot_supervisor]: Selected controllable event: EV_approach_object
[INFO] [1789489826.013117121] [robot_0.robot_supervisor]: Selected controllable event: EV_search_object
[INFO] [1789489826.228868762] [robot_0.robot_supervisor]: Selected controllable event: EV_search_color
[INFO] [1789489826.406248927] [robot_0.robot_supervisor]: ############################# REACHED: EV_object_reached #############################
[INFO] [1789489826.416527832] [robot_0.robot_supervisor]: Selected controllable event: EV_search_color
[INFO] [1789489826.620148865] [robot_0.robot_supervisor]: Selected controllable event: EV_move_forward
[INFO] [1789489826.927237428] [robot_0.robot_supervisor]: Selected controllable event: EV_approach_color
[INFO] [1789489827.238875369] [robot_0.robot_supervisor]: Selected controllable event: EV_approach_object
[INFO] [1789489827.527169595] [robot_0.robot_supervisor]: ############################# REACHED: EV_object_reached #############################
[INFO] [1789489827.532655763] [robot_0.robot_supervisor]: Selected controllable event: EV_search_object
[INFO] [1789489827.733124153] [robot_0.robot_supervisor]: Selected controllable event: EV_approach_object
[INFO] [1789489828.016578337] [robot_0.robot_supervisor]: Selected controllable event: EV_approach_object
[INFO] [1789489828.220355981] [robot_0.robot_supervisor]: ############################# REACHED: EV_object_reached #############################
[INFO] [1789489828.221370824] [robot_0.robot_supervisor]: Selected controllable event: EV_approach_color
[INFO] [1789489828.513734269] [robot_0.robot_supervisor]: Selected controllable event: EV_search_color
[INFO] [1789489828.722709967] [robot_0.robot_supervisor]: Selected controllable event: EV_move_forward
[INFO] [1789489829.041550373] [robot_0.robot_supervisor]: ############################# VISIBLE: EV_object_visible #############################
[INFO] [1789489829.042758706] [robot_0.robot_supervisor]: Selected controllable event: EV_move_forward
[INFO] [1789489829.314201411] [robot_0.robot_supervisor]: Selected controllable event: EV_approach_color
[INFO] [1789489829.623749888] [robot_0.robot_supervisor]: Selected controllable event: EV_approach_object
[INFO] [1789489829.839157906] [robot_0.robot_supervisor]: ############################# REACHED: EV_object_reached #############################
[INFO] [1789489829.840128820] [robot_0.robot_supervisor]: Selected controllable event: EV_approach_color
[INFO] [1789489830.106648965] [robot_0.robot_supervisor]: Selected controllable event: EV_approach_object
[INFO] [1789489830.324250018] [robot_0.robot_supervisor]: Selected controllable event: EV_search_color
[INFO] [1789489830.515100080] [robot_0.robot_supervisor]: Selected controllable event: EV_move_forward
[INFO] [1789489830.833695493] [robot_0.robot_supervisor]: Triggered uncontrollable event: EV_obstacle_front
[INFO] [1789489830.834390834] [robot_0.robot_supervisor]: ############################# REACHED: EV_object_reached #############################
[INFO] [1789489830.841393783] [robot_0.robot_supervisor]: Selected controllable event: EV_move_backward
[INFO] [1789489831.111193220] [robot_0.robot_supervisor]: Triggered uncontrollable event: EV_obstacle_front
[INFO] [1789489831.119998808] [robot_0.robot_supervisor]: Selected controllable event: EV_rotate_counterclockwise
[INFO] [1789489831.307236804] [robot_0.robot_supervisor]: Triggered uncontrollable event: EV_obstacle_front
[INFO] [1789489831.316687695] [robot_0.robot_supervisor]: Selected controllable event: EV_rotate_clockwise
[INFO] [1789489831.429302857] [robot_0.robot_supervisor]: Triggered uncontrollable event: EV_obstacle_front
[INFO] [1789489831.430275289] [robot_0.robot_supervisor]: Selected controllable event: EV_rotate_counterclockwise
[INFO] [1789489831.532358558] [robot_0.robot_supervisor]: Triggered uncontrollable event: EV_obstacle_front
[INFO] [1789489831.556634517] [robot_0.robot_supervisor]: Selected controllable event: EV_move_backward
[INFO] [1789489831.809375853] [robot_0.robot_supervisor]: Triggered uncontrollable event: EV_obstacle_front
[INFO] [1789489831.827871109] [robot_0.robot_supervisor]: ############################# REACHED: EV_object_reached #############################
[INFO] [1789489831.828898383] [robot_0.robot_supervisor]: Selected controllable event: EV_move_backward
[INFO] [1789489832.124914873] [robot_0.robot_supervisor]: Triggered uncontrollable event: EV_obstacle_front
[INFO] [1789489832.126013732] [robot_0.robot_supervisor]: Selected controllable event: EV_rotate_counterclockwise
[INFO] [1789489832.307097270] [robot_0.robot_supervisor]: Triggered uncontrollable event: EV_obstacle_front
[INFO] [1789489832.308070351] [robot_0.robot_supervisor]: Selected controllable event: EV_move_backward
[INFO] [1789489832.625944507] [robot_0.robot_supervisor]: Triggered uncontrollable event: EV_obstacle_front
[INFO] [1789489832.634467621] [robot_0.robot_supervisor]: ############################# REACHED: EV_object_reached #############################
[INFO] [1789489832.642307675] [robot_0.robot_supervisor]: Selected controllable event: EV_move_backward
[INFO] [1789489832.927094911] [robot_0.robot_supervisor]: Triggered uncontrollable event: EV_obstacle_front
[INFO] [1789489832.936002825] [robot_0.robot_supervisor]: Selected controllable event: EV_rotate_counterclockwise
[INFO] [1789489833.105498132] [robot_0.robot_supervisor]: Triggered uncontrollable event: EV_obstacle_front
[INFO] [1789489833.113426659] [robot_0.robot_supervisor]: Selected controllable event: EV_rotate_counterclockwise
[INFO] [1789489833.306438534] [robot_0.robot_supervisor]: ############################# REACHED: EV_object_reached #############################
[INFO] [1789489833.307595119] [robot_0.robot_supervisor]: Selected controllable event: EV_approach_object
[INFO] [1789489833.539960660] [robot_0.robot_supervisor]: Selected controllable event: EV_move_forward
[INFO] [1789489833.828247139] [robot_0.robot_supervisor]: Selected controllable event: EV_approach_object
[INFO] [1789489834.121965733] [robot_0.robot_supervisor]: Selected controllable event: EV_search_color
[INFO] [1789489834.302171677] [robot_0.robot_supervisor]: Triggered uncontrollable event: EV_obstacle_right
[INFO] [1789489834.310000335] [robot_0.robot_supervisor]: ############################# REACHED: EV_object_reached #############################
[INFO] [1789489834.313270380] [robot_0.robot_supervisor]: Selected controllable event: EV_rotate_counterclockwise
[INFO] [1789489834.507141461] [robot_0.robot_supervisor]: Triggered uncontrollable event: EV_obstacle_right
[INFO] [1789489834.512541400] [robot_0.robot_supervisor]: Selected controllable event: EV_rotate_counterclockwise
[INFO] [1789489834.635574450] [robot_0.robot_supervisor]: Triggered uncontrollable event: EV_obstacle_right
[INFO] [1789489834.640003930] [robot_0.robot_supervisor]: Selected controllable event: EV_u_turn
[INFO] [1789489834.640903416] [robot_0.robot_supervisor]: Starting FULL ROTATE (omega=1.000, have_odom=True, target_rad=3.142, timeout_s=3.500)
[INFO] [1789489838.209313789] [robot_0.robot_supervisor]: FULL ROTATE completed by timeout
[INFO] [1789489838.419675967] [robot_0.robot_supervisor]: ############################# REACHED: EV_object_reached #############################
[INFO] [1789489838.420595942] [robot_0.robot_supervisor]: Selected controllable event: EV_approach_color
[INFO] [1789489838.703784163] [robot_0.robot_supervisor]: ############################# REACHED: EV_object_reached #############################
[INFO] [1789489838.718228182] [robot_0.robot_supervisor]: Selected controllable event: EV_move_forward
[INFO] [1789489839.000554882] [robot_0.robot_supervisor]: Selected controllable event: EV_move_forward
[INFO] [1789489839.222804773] [robot_0.robot_supervisor]: Selected controllable event: EV_approach_color
[INFO] [1789489839.538713924] [robot_0.robot_supervisor]: ############################# REACHED: EV_object_reached #############################
[INFO] [1789489839.539681339] [robot_0.robot_supervisor]: Selected controllable event: EV_approach_color
[INFO] [1789489839.816725540] [robot_0.robot_supervisor]: Selected controllable event: EV_search_object
[INFO] [1789489840.028273790] [robot_0.robot_supervisor]: Selected controllable event: EV_search_object
[INFO] [1789489840.221048012] [robot_0.robot_supervisor]: Selected controllable event: EV_search_color
[INFO] [1789489840.418956466] [robot_0.robot_supervisor]: Selected controllable event: EV_search_object
[INFO] [1789489840.612031571] [robot_0.robot_supervisor]: ############################# REACHED: EV_object_reached #############################
[INFO] [1789489840.613130330] [robot_0.robot_supervisor]: Selected controllable event: EV_move_forward
[INFO] [1789489840.916909204] [robot_0.robot_supervisor]: Selected controllable event: EV_move_forward
[INFO] [1789489841.196412539] [robot_0.robot_supervisor]: Selected controllable event: EV_search_color
[INFO] [1789489841.301499285] [robot_0.robot_supervisor]: Selected controllable event: EV_approach_object
[INFO] [1789489841.599675300] [robot_0.robot_supervisor]: ############################# VISIBLE: EV_object_visible #############################
[INFO] [1789489841.600646383] [robot_0.robot_supervisor]: Selected controllable event: EV_search_color
[INFO] [1789489841.726270712] [robot_0.robot_supervisor]: Selected controllable event: EV_move_forward
[INFO] [1789489842.029112452] [robot_0.robot_supervisor]: Selected controllable event: EV_approach_object
[INFO] [1789489842.308335209] [robot_0.robot_supervisor]: Triggered uncontrollable event: EV_obstacle_right
[INFO] [1789489842.327616761] [robot_0.robot_supervisor]: ############################# REACHED: EV_object_reached #############################
[INFO] [1789489842.330366527] [robot_0.robot_supervisor]: Selected controllable event: EV_u_turn
[INFO] [1789489842.331266106] [robot_0.robot_supervisor]: Starting FULL ROTATE (omega=1.000, have_odom=True, target_rad=3.142, timeout_s=3.500)
[INFO] [1789489845.927719204] [robot_0.robot_supervisor]: FULL ROTATE completed by timeout
[INFO] [1789489846.210157230] [robot_0.robot_supervisor]: ############################# REACHED: EV_object_reached #############################
[INFO] [1789489846.216249961] [robot_0.robot_supervisor]: Selected controllable event: EV_search_object
[INFO] [1789489846.414790590] [robot_0.robot_supervisor]: Selected controllable event: EV_approach_object
[INFO] [1789489846.627752011] [robot_0.robot_supervisor]: Selected controllable event: EV_approach_object
[INFO] [1789489846.911104241] [robot_0.robot_supervisor]: ############################# REACHED: EV_object_reached #############################
[INFO] [1789489846.918568438] [robot_0.robot_supervisor]: Selected controllable event: EV_approach_object
[INFO] [1789489847.126812915] [robot_0.robot_supervisor]: Selected controllable event: EV_approach_color
[INFO] [1789489847.414699807] [robot_0.robot_supervisor]: Selected controllable event: EV_approach_object
[INFO] [1789489847.710143779] [robot_0.robot_supervisor]: Selected controllable event: EV_search_color
[INFO] [1789489847.915754329] [robot_0.robot_supervisor]: ############################# REACHED: EV_object_reached #############################
[INFO] [1789489847.923677001] [robot_0.robot_supervisor]: Selected controllable event: EV_approach_color
[INFO] [1789489848.222036965] [robot_0.robot_supervisor]: Selected controllable event: EV_search_object
[INFO] [1789489848.414608920] [robot_0.robot_supervisor]: Selected controllable event: EV_search_object
[INFO] [1789489848.522936756] [robot_0.robot_supervisor]: Selected controllable event: EV_search_object
[INFO] [1789489848.721130164] [robot_0.robot_supervisor]: ############################# REACHED: EV_object_reached #############################
[INFO] [1789489848.723381656] [robot_0.robot_supervisor]: Selected controllable event: EV_approach_object
[INFO] [1789489849.012542643] [robot_0.robot_supervisor]: Selected controllable event: EV_approach_object
[INFO] [1789489849.331979869] [robot_0.robot_supervisor]: Selected controllable event: EV_approach_object
[INFO] [1789489849.536413605] [robot_0.robot_supervisor]: Selected controllable event: EV_search_color
[INFO] [1789489849.711233467] [robot_0.robot_supervisor]: ############################# REACHED: EV_object_reached #############################
[INFO] [1789489849.717730931] [robot_0.robot_supervisor]: Selected controllable event: EV_search_object
[INFO] [1789489849.902951974] [robot_0.robot_supervisor]: Selected controllable event: EV_approach_object
[INFO] [1789489850.134847921] [robot_0.robot_supervisor]: Selected controllable event: EV_move_forward
[INFO] [1789489850.411545752] [robot_0.robot_supervisor]: Selected controllable event: EV_move_forward
[INFO] [1789489850.635703253] [robot_0.robot_supervisor]: Selected controllable event: EV_search_object
[INFO] [1789489850.809063498] [robot_0.robot_supervisor]: Triggered uncontrollable event: EV_object_not_visible
[INFO] [1789489850.813914261] [robot_0.robot_supervisor]: Selected controllable event: EV_search_color
[INFO] [1789489851.012225082] [robot_0.robot_supervisor]: Selected controllable event: EV_search_object
[INFO] [1789489851.126769244] [robot_0.robot_supervisor]: Selected controllable event: EV_approach_object
[INFO] [1789489851.401558042] [robot_0.robot_supervisor]: Selected controllable event: EV_search_object
[INFO] [1789489851.627665352] [robot_0.robot_supervisor]: Selected controllable event: EV_search_object
[INFO] [1789489851.802275142] [robot_0.robot_supervisor]: Triggered uncontrollable event: EV_object_not_visible
[INFO] [1789489851.809654745] [robot_0.robot_supervisor]: Selected controllable event: EV_approach_color
[INFO] [1789489852.127994760] [robot_0.robot_supervisor]: Selected controllable event: EV_search_color
[INFO] [1789489852.312662418] [robot_0.robot_supervisor]: Selected controllable event: EV_search_color
[INFO] [1789489852.500179382] [robot_0.robot_supervisor]: Selected controllable event: EV_search_color
[INFO] [1789489852.632024999] [robot_0.robot_supervisor]: Triggered uncontrollable event: EV_object_not_visible
[INFO] [1789489852.633110594] [robot_0.robot_supervisor]: Selected controllable event: EV_move_forward
[INFO] [1789489852.913840077] [robot_0.robot_supervisor]: Selected controllable event: EV_approach_color
[INFO] [1789489853.140330200] [robot_0.robot_supervisor]: Selected controllable event: EV_move_forward
[INFO] [1789489853.436871204] [robot_0.robot_supervisor]: Selected controllable event: EV_approach_object
[INFO] [1789489853.701667099] [robot_0.robot_supervisor]: Triggered uncontrollable event: EV_object_not_visible
[INFO] [1789489853.720013610] [robot_0.robot_supervisor]: Selected controllable event: EV_search_color
[INFO] [1789489853.830990964] [robot_0.robot_supervisor]: Selected controllable event: EV_search_color
[INFO] [1789489854.023444316] [robot_0.robot_supervisor]: Selected controllable event: EV_approach_object
[INFO] [1789489854.337403974] [robot_0.robot_supervisor]: Selected controllable event: EV_approach_object
[INFO] [1789489854.618457409] [robot_0.robot_supervisor]: Triggered uncontrollable event: EV_object_not_visible
[INFO] [1789489854.621753061] [robot_0.robot_supervisor]: Selected controllable event: EV_search_color
[INFO] [1789489854.826858731] [robot_0.robot_supervisor]: Selected controllable event: EV_search_object
[INFO] [1789489855.018490527] [robot_0.robot_supervisor]: Selected controllable event: EV_search_color
[INFO] [1789489855.234236466] [robot_0.robot_supervisor]: Selected controllable event: EV_search_color
[INFO] [1789489855.341609820] [robot_0.robot_supervisor]: Selected controllable event: EV_approach_object
[INFO] [1789489855.614680928] [robot_0.robot_supervisor]: Triggered uncontrollable event: EV_object_not_visible
[INFO] [1789489855.623656991] [robot_0.robot_supervisor]: Selected controllable event: EV_search_color
[INFO] [1789489855.835255630] [robot_0.robot_supervisor]: Selected controllable event: EV_search_object
[INFO] [1789489856.039081222] [robot_0.robot_supervisor]: Selected controllable event: EV_search_color
[INFO] [1789489856.220825935] [robot_0.robot_supervisor]: Selected controllable event: EV_search_color
[INFO] [1789489856.441660914] [robot_0.robot_supervisor]: Selected controllable event: EV_move_forward
[INFO] [1789489856.718026436] [robot_0.robot_supervisor]: Triggered uncontrollable event: EV_object_not_visible
[INFO] [1789489856.719291882] [robot_0.robot_supervisor]: Selected controllable event: EV_search_color
[INFO] [1789489856.928244585] [robot_0.robot_supervisor]: Selected controllable event: EV_approach_object
[INFO] [1789489857.230549200] [robot_0.robot_supervisor]: Selected controllable event: EV_move_forward
[INFO] [1789489857.532384665] [robot_0.robot_supervisor]: ############################# VISIBLE: EV_object_visible #############################
[INFO] [1789489857.533491591] [robot_0.robot_supervisor]: Selected controllable event: EV_approach_color
[INFO] [1789489857.821402809] [robot_0.robot_supervisor]: Selected controllable event: EV_search_color
[INFO] [1789489858.013035209] [robot_0.robot_supervisor]: Selected controllable event: EV_move_forward
[INFO] [1789489858.316617749] [robot_0.robot_supervisor]: Selected controllable event: EV_approach_color
[INFO] [1789489858.615699404] [robot_0.robot_supervisor]: ############################# VISIBLE: EV_object_visible #############################
[INFO] [1789489858.622184819] [robot_0.robot_supervisor]: Selected controllable event: EV_search_object
[INFO] [1789489858.825609948] [robot_0.robot_supervisor]: Selected controllable event: EV_move_forward
[INFO] [1789489859.132186252] [robot_0.robot_supervisor]: Selected controllable event: EV_search_color
[INFO] [1789489859.330178371] [robot_0.robot_supervisor]: Selected controllable event: EV_approach_object
[INFO] [1789489859.622259438] [robot_0.robot_supervisor]: ############################# REACHED: EV_object_reached #############################
[INFO] [1789489859.623443154] [robot_0.robot_supervisor]: Selected controllable event: EV_search_color
[INFO] [1789489859.744221018] [robot_0.robot_supervisor]: Selected controllable event: EV_search_object
[INFO] [1789489859.925524867] [robot_0.robot_supervisor]: Selected controllable event: EV_approach_color
[INFO] [1789489860.133982850] [robot_0.robot_supervisor]: Selected controllable event: EV_approach_color
[INFO] [1789489860.421692370] [robot_0.robot_supervisor]: Triggered uncontrollable event: EV_obstacle_front
[INFO] [1789489860.422958125] [robot_0.robot_supervisor]: Selected controllable event: EV_move_backward
[INFO] [1789489860.719716073] [robot_0.robot_supervisor]: Triggered uncontrollable event: EV_obstacle_front
[INFO] [1789489860.720565870] [robot_0.robot_supervisor]: ############################# REACHED: EV_object_reached #############################
[INFO] [1789489860.734210721] [robot_0.robot_supervisor]: Selected controllable event: EV_rotate_counterclockwise
[INFO] [1789489860.916050858] [robot_0.robot_supervisor]: Triggered uncontrollable event: EV_obstacle_front
[INFO] [1789489860.929106271] [robot_0.robot_supervisor]: Selected controllable event: EV_rotate_clockwise
[INFO] [1789489861.141514822] [robot_0.robot_supervisor]: Triggered uncontrollable event: EV_obstacle_front
[INFO] [1789489861.151939118] [robot_0.robot_supervisor]: Selected controllable event: EV_rotate_counterclockwise
[INFO] [1789489861.317819859] [robot_0.robot_supervisor]: Triggered uncontrollable event: EV_obstacle_front
[INFO] [1789489861.318840853] [robot_0.robot_supervisor]: Selected controllable event: EV_move_backward
[INFO] [1789489861.606185090] [robot_0.robot_supervisor]: Triggered uncontrollable event: EV_obstacle_front
[INFO] [1789489861.614201476] [robot_0.robot_supervisor]: ############################# REACHED: EV_object_reached #############################
[INFO] [1789489861.615267747] [robot_0.robot_supervisor]: Selected controllable event: EV_rotate_clockwise
[INFO] [1789489861.824223167] [robot_0.robot_supervisor]: Triggered uncontrollable event: EV_obstacle_front
[INFO] [1789489861.828281031] [robot_0.robot_supervisor]: Selected controllable event: EV_move_backward
[INFO] [1789489862.120833288] [robot_0.robot_supervisor]: Triggered uncontrollable event: EV_obstacle_front
[INFO] [1789489862.121955346] [robot_0.robot_supervisor]: Selected controllable event: EV_rotate_clockwise
[INFO] [1789489862.319569679] [robot_0.robot_supervisor]: Triggered uncontrollable event: EV_obstacle_front
[INFO] [1789489862.320689324] [robot_0.robot_supervisor]: Selected controllable event: EV_rotate_counterclockwise
[WARN] [1789489862.321756161] [robot_0.robot_supervisor]: alternating turn command (displacement_m=0.061) livelock detected; starting atomic escape (turn_sign=+1)
[INFO] [1789489864.935710150] [robot_0.robot_supervisor]: Zone-livelock escape completed
[INFO] [1789489865.232946472] [robot_0.robot_supervisor]: ############################# VISIBLE: EV_object_visible #############################
[INFO] [1789489865.246237277] [robot_0.robot_supervisor]: Selected controllable event: EV_search_color
[INFO] [1789489865.423427122] [robot_0.robot_supervisor]: ############################# VISIBLE: EV_object_visible #############################
[INFO] [1789489865.431328063] [robot_0.robot_supervisor]: Selected controllable event: EV_search_object
[INFO] [1789489865.608886844] [robot_0.robot_supervisor]: Selected controllable event: EV_approach_object
[INFO] [1789489865.934090268] [robot_0.robot_supervisor]: Selected controllable event: EV_move_forward
[INFO] [1789489866.245802504] [robot_0.robot_supervisor]: Selected controllable event: EV_approach_object
[INFO] [1789489866.533150816] [robot_0.robot_supervisor]: ############################# REACHED: EV_object_reached #############################
[INFO] [1789489866.539352902] [robot_0.robot_supervisor]: Selected controllable event: EV_approach_color
[INFO] [1789489866.821030715] [robot_0.robot_supervisor]: Selected controllable event: EV_search_color
[INFO] [1789489866.941578029] [robot_0.robot_supervisor]: Selected controllable event: EV_search_color
[INFO] [1789489867.157021523] [robot_0.robot_supervisor]: Selected controllable event: EV_approach_object
[INFO] [1789489867.432387686] [robot_0.robot_supervisor]: ############################# REACHED: EV_object_reached #############################
[INFO] [1789489867.433445630] [robot_0.robot_supervisor]: Selected controllable event: EV_approach_color
[INFO] [1789489867.701365740] [robot_0.robot_supervisor]: Selected controllable event: EV_approach_object
[INFO] [1789489867.924113856] [robot_0.robot_supervisor]: Selected controllable event: EV_move_forward
[INFO] [1789489868.155586568] [robot_0.robot_supervisor]: ############################# REACHED: EV_object_reached #############################
[INFO] [1789489868.156639929] [robot_0.robot_supervisor]: Selected controllable event: EV_approach_object
[INFO] [1789489868.398269826] [robot_0.robot_supervisor]: Selected controllable event: EV_approach_object
[INFO] [1789489868.619916586] [robot_0.robot_supervisor]: Selected controllable event: EV_search_object
[INFO] [1789489868.808930636] [robot_0.robot_supervisor]: Selected controllable event: EV_move_forward
[INFO] [1789489869.010127180] [robot_0.robot_supervisor]: ############################# REACHED: EV_object_reached #############################
[INFO] [1789489869.011164933] [robot_0.robot_supervisor]: Selected controllable event: EV_search_object
[INFO] [1789489869.211496124] [robot_0.robot_supervisor]: Selected controllable event: EV_move_forward
[INFO] [1789489869.497787358] [robot_0.robot_supervisor]: Selected controllable event: EV_move_forward
[INFO] [1789489869.719895467] [robot_0.robot_supervisor]: Selected controllable event: EV_search_color
[INFO] [1789489869.832023344] [robot_0.robot_supervisor]: Selected controllable event: EV_search_object
[INFO] [1789489870.025764032] [robot_0.robot_supervisor]: ############################# VISIBLE: EV_object_visible #############################
[INFO] [1789489870.026821739] [robot_0.robot_supervisor]: Selected controllable event: EV_approach_color
[INFO] [1789489870.311427664] [robot_0.robot_supervisor]: Selected controllable event: EV_move_forward
[INFO] [1789489870.623061038] [robot_0.robot_supervisor]: Selected controllable event: EV_approach_object
[INFO] [1789489870.922305443] [robot_0.robot_supervisor]: ############################# VISIBLE: EV_object_visible #############################
[INFO] [1789489870.932231119] [robot_0.robot_supervisor]: Selected controllable event: EV_approach_object
[INFO] [1789489871.206573167] [robot_0.robot_supervisor]: Selected controllable event: EV_move_forward
[INFO] [1789489871.507652797] [robot_0.robot_supervisor]: Selected controllable event: EV_approach_object
[INFO] [1789489871.831455227] [robot_0.robot_supervisor]: ############################# REACHED: EV_object_reached #############################
[INFO] [1789489871.833761096] [robot_0.robot_supervisor]: Selected controllable event: EV_move_forward
[INFO] [1789489872.123234441] [robot_0.robot_supervisor]: Selected controllable event: EV_approach_color
[INFO] [1789489872.441068169] [robot_0.robot_supervisor]: Selected controllable event: EV_search_color
[INFO] [1789489872.618108806] [robot_0.robot_supervisor]: Triggered uncontrollable event: EV_obstacle_front
[INFO] [1789489872.631895274] [robot_0.robot_supervisor]: ############################# REACHED: EV_object_reached #############################
[INFO] [1789489872.636336700] [robot_0.robot_supervisor]: Selected controllable event: EV_rotate_clockwise
[INFO] [1789489872.808213680] [robot_0.robot_supervisor]: Triggered uncontrollable event: EV_obstacle_front
[INFO] [1789489872.809361659] [robot_0.robot_supervisor]: Selected controllable event: EV_u_turn
[INFO] [1789489872.823520302] [robot_0.robot_supervisor]: Starting FULL ROTATE (omega=1.000, have_odom=True, target_rad=3.142, timeout_s=3.500)
[INFO] [1789489876.418570805] [robot_0.robot_supervisor]: FULL ROTATE completed by timeout
[INFO] [1789489876.603803471] [robot_0.robot_supervisor]: ############################# REACHED: EV_object_reached #############################
[INFO] [1789489876.627848623] [robot_0.robot_supervisor]: Selected controllable event: EV_approach_color
[INFO] [1789489876.917792126] [robot_0.robot_supervisor]: Selected controllable event: EV_approach_object
[INFO] [1789489877.223314854] [robot_0.robot_supervisor]: ############################# REACHED: EV_object_reached #############################
[INFO] [1789489877.225605892] [robot_0.robot_supervisor]: Selected controllable event: EV_approach_color
[INFO] [1789489877.511533900] [robot_0.robot_supervisor]: Selected controllable event: EV_search_object
[INFO] [1789489877.718126567] [robot_0.robot_supervisor]: Selected controllable event: EV_search_object
[INFO] [1789489877.923321564] [robot_0.robot_supervisor]: ############################# REACHED: EV_object_reached #############################
[INFO] [1789489877.934446963] [robot_0.robot_supervisor]: Selected controllable event: EV_approach_object
[INFO] [1789489878.230084836] [robot_0.robot_supervisor]: Selected controllable event: EV_move_forward
[INFO] [1789489878.509081972] [robot_0.robot_supervisor]: Selected controllable event: EV_search_color
[INFO] [1789489878.626263792] [robot_0.robot_supervisor]: Selected controllable event: EV_move_forward
[INFO] [1789489878.903351874] [robot_0.robot_supervisor]: ############################# REACHED: EV_object_reached #############################
[INFO] [1789489878.904279967] [robot_0.robot_supervisor]: Selected controllable event: EV_move_forward
[INFO] [1789489879.120943495] [robot_0.robot_supervisor]: Selected controllable event: EV_move_forward
[INFO] [1789489879.423275543] [robot_0.robot_supervisor]: Selected controllable event: EV_move_forward
[INFO] [1789489879.735823221] [robot_0.robot_supervisor]: Selected controllable event: EV_search_object
[INFO] [1789489879.917942819] [robot_0.robot_supervisor]: ############################# REACHED: EV_object_reached #############################
[INFO] [1789489879.919017447] [robot_0.robot_supervisor]: Selected controllable event: EV_search_color
[INFO] [1789489880.130726776] [robot_0.robot_supervisor]: Selected controllable event: EV_approach_object
[INFO] [1789489880.399087735] [robot_0.robot_supervisor]: Selected controllable event: EV_approach_color
[INFO] [1789489880.610515337] [robot_0.robot_supervisor]: Selected controllable event: EV_search_color
[INFO] [1789489880.810947970] [robot_0.robot_supervisor]: ############################# REACHED: EV_object_reached #############################
[INFO] [1789489880.820944104] [robot_0.robot_supervisor]: Selected controllable event: EV_search_object
[INFO] [1789489881.011551204] [robot_0.robot_supervisor]: Selected controllable event: EV_search_object
[INFO] [1789489881.218592897] [robot_0.robot_supervisor]: Selected controllable event: EV_search_object
[INFO] [1789489881.320737545] [robot_0.robot_supervisor]: Selected controllable event: EV_search_object
[INFO] [1789489881.512057549] [robot_0.robot_supervisor]: ############################# REACHED: EV_object_reached #############################
[INFO] [1789489881.512990035] [robot_0.robot_supervisor]: Selected controllable event: EV_approach_color
[INFO] [1789489881.730116745] [robot_0.robot_supervisor]: Selected controllable event: EV_move_forward
[INFO] [1789489882.023287953] [robot_0.robot_supervisor]: Selected controllable event: EV_search_color
[INFO] [1789489882.222581096] [robot_0.robot_supervisor]: Selected controllable event: EV_search_object
[INFO] [1789489882.422074963] [robot_0.robot_supervisor]: ############################# REACHED: EV_object_reached #############################
[INFO] [1789489882.444447059] [robot_0.robot_supervisor]: Selected controllable event: EV_move_forward
[INFO] [1789489882.732819428] [robot_0.robot_supervisor]: Selected controllable event: EV_approach_object
[INFO] [1789489883.027103578] [robot_0.robot_supervisor]: Triggered uncontrollable event: EV_obstacle_right
[INFO] [1789489883.032636705] [robot_0.robot_supervisor]: Selected controllable event: EV_u_turn
[INFO] [1789489883.046971088] [robot_0.robot_supervisor]: Starting FULL ROTATE (omega=1.000, have_odom=True, target_rad=3.142, timeout_s=3.500)
[INFO] [1789489886.611724305] [robot_0.robot_supervisor]: FULL ROTATE completed by timeout
[INFO] [1789489886.816364292] [robot_0.robot_supervisor]: ############################# VISIBLE: EV_object_visible #############################
[INFO] [1789489886.817431800] [robot_0.robot_supervisor]: Selected controllable event: EV_approach_object
[INFO] [1789489887.115933873] [robot_0.robot_supervisor]: Selected controllable event: EV_move_forward
[INFO] [1789489887.402882137] [robot_0.robot_supervisor]: Selected controllable event: EV_search_color
[INFO] [1789489887.609096774] [robot_0.robot_supervisor]: ############################# VISIBLE: EV_object_visible #############################
[INFO] [1789489887.610078705] [robot_0.robot_supervisor]: Selected controllable event: EV_approach_color
[INFO] [1789489887.932570433] [robot_0.robot_supervisor]: Selected controllable event: EV_approach_color
[INFO] [1789489888.216092712] [robot_0.robot_supervisor]: Selected controllable event: EV_approach_color
[INFO] [1789489888.432258494] [robot_0.robot_supervisor]: ############################# VISIBLE: EV_object_visible #############################
[INFO] [1789489888.433677300] [robot_0.robot_supervisor]: Selected controllable event: EV_approach_object
[INFO] [1789489888.718229929] [robot_0.robot_supervisor]: Selected controllable event: EV_move_forward
[INFO] [1789489889.019919364] [robot_0.robot_supervisor]: Selected controllable event: EV_search_color
[INFO] [1789489889.233536290] [robot_0.robot_supervisor]: Selected controllable event: EV_move_forward
[INFO] [1789489889.518725867] [robot_0.robot_supervisor]: ############################# VISIBLE: EV_object_visible #############################
[INFO] [1789489889.534174640] [robot_0.robot_supervisor]: Selected controllable event: EV_approach_color
[INFO] [1789489889.818229350] [robot_0.robot_supervisor]: Selected controllable event: EV_approach_object
[INFO] [1789489890.105614992] [robot_0.robot_supervisor]: ############################# VISIBLE: EV_object_visible #############################
[INFO] [1789489890.124032533] [robot_0.robot_supervisor]: Selected controllable event: EV_approach_object
[INFO] [1789489890.405306983] [robot_0.robot_supervisor]: Selected controllable event: EV_move_forward
[INFO] [1789489890.628070153] [robot_0.robot_supervisor]: Selected controllable event: EV_move_forward
[INFO] [1789489890.939374058] [robot_0.robot_supervisor]: ############################# VISIBLE: EV_object_visible #############################
[INFO] [1789489890.940192033] [robot_0.robot_supervisor]: Selected controllable event: EV_move_forward
[INFO] [1789489891.204469138] [robot_0.robot_supervisor]: Selected controllable event: EV_move_forward
[INFO] [1789489891.435871762] [robot_0.robot_supervisor]: Selected controllable event: EV_search_object
[INFO] [1789489891.611394435] [robot_0.robot_supervisor]: Selected controllable event: EV_approach_color
[INFO] [1789489891.832232945] [robot_0.robot_supervisor]: Triggered uncontrollable event: EV_obstacle_right
[INFO] [1789489891.832987340] [robot_0.robot_supervisor]: ############################# REACHED: EV_object_reached #############################
[INFO] [1789489891.855089878] [robot_0.robot_supervisor]: Selected controllable event: EV_u_turn
[INFO] [1789489891.855940854] [robot_0.robot_supervisor]: Starting FULL ROTATE (omega=1.000, have_odom=True, target_rad=3.142, timeout_s=3.500)
[INFO] [1789489895.404281124] [robot_0.robot_supervisor]: FULL ROTATE completed by timeout
[INFO] [1789489895.611374905] [robot_0.robot_supervisor]: ############################# REACHED: EV_object_reached #############################
[INFO] [1789489895.612438370] [robot_0.robot_supervisor]: Selected controllable event: EV_approach_object
[INFO] [1789489895.912767932] [robot_0.robot_supervisor]: Selected controllable event: EV_search_color
[INFO] [1789489896.029946048] [robot_0.robot_supervisor]: Selected controllable event: EV_approach_object
[INFO] [1789489896.318456925] [robot_0.robot_supervisor]: ############################# REACHED: EV_object_reached #############################
[INFO] [1789489896.330841040] [robot_0.robot_supervisor]: Selected controllable event: EV_approach_object
[INFO] [1789489896.633844868] [robot_0.robot_supervisor]: Selected controllable event: EV_move_forward
[INFO] [1789489896.932294604] [robot_0.robot_supervisor]: Selected controllable event: EV_approach_color
[INFO] [1789489897.214395555] [robot_0.robot_supervisor]: ############################# VISIBLE: EV_object_visible #############################
[INFO] [1789489897.215399986] [robot_0.robot_supervisor]: Selected controllable event: EV_move_forward
[INFO] [1789489897.524602866] [robot_0.robot_supervisor]: Selected controllable event: EV_search_object
[INFO] [1789489897.711001315] [robot_0.robot_supervisor]: Selected controllable event: EV_search_color
[INFO] [1789489897.826638405] [robot_0.robot_supervisor]: Selected controllable event: EV_search_color
[INFO] [1789489898.016500011] [robot_0.robot_supervisor]: Selected controllable event: EV_approach_color
[INFO] [1789489898.311399958] [robot_0.robot_supervisor]: ############################# REACHED: EV_object_reached #############################
[INFO] [1789489898.321762799] [robot_0.robot_supervisor]: Selected controllable event: EV_approach_object
[INFO] [1789489898.620152401] [robot_0.robot_supervisor]: Selected controllable event: EV_search_object
[INFO] [1789489898.815763088] [robot_0.robot_supervisor]: Selected controllable event: EV_move_forward
[INFO] [1789489899.128827545] [robot_0.robot_supervisor]: Triggered uncontrollable event: EV_obstacle_front
[INFO] [1789489899.129626219] [robot_0.robot_supervisor]: ############################# REACHED: EV_object_reached #############################
[INFO] [1789489899.145903181] [robot_0.robot_supervisor]: Selected controllable event: EV_move_backward
[INFO] [1789489899.420559038] [robot_0.robot_supervisor]: Triggered uncontrollable event: EV_obstacle_front
[INFO] [1789489899.421624321] [robot_0.robot_supervisor]: Selected controllable event: EV_rotate_counterclockwise
[INFO] [1789489899.615428286] [robot_0.robot_supervisor]: Triggered uncontrollable event: EV_obstacle_front
[INFO] [1789489899.637163862] [robot_0.robot_supervisor]: Selected controllable event: EV_rotate_clockwise
[INFO] [1789489899.806706801] [robot_0.robot_supervisor]: Triggered uncontrollable event: EV_obstacle_right
[INFO] [1789489899.807630865] [robot_0.robot_supervisor]: ############################# REACHED: EV_object_reached #############################
[INFO] [1789489899.829842772] [robot_0.robot_supervisor]: Selected controllable event: EV_u_turn
[INFO] [1789489899.830817467] [robot_0.robot_supervisor]: Starting FULL ROTATE (omega=1.000, have_odom=True, target_rad=3.142, timeout_s=3.500)
[INFO] [1789489903.426788608] [robot_0.robot_supervisor]: FULL ROTATE completed by timeout
[INFO] [1789489903.713737151] [robot_0.robot_supervisor]: ############################# REACHED: EV_object_reached #############################
[INFO] [1789489903.714796313] [robot_0.robot_supervisor]: Selected controllable event: EV_move_forward
[INFO] [1789489904.007705230] [robot_0.robot_supervisor]: Selected controllable event: EV_move_forward
[INFO] [1789489904.316078364] [robot_0.robot_supervisor]: ############################# REACHED: EV_object_reached #############################
[INFO] [1789489904.329179792] [robot_0.robot_supervisor]: Selected controllable event: EV_approach_color
[INFO] [1789489904.610098520] [robot_0.robot_supervisor]: Selected controllable event: EV_search_object
[INFO] [1789489904.727347717] [robot_0.robot_supervisor]: Selected controllable event: EV_search_object
[INFO] [1789489904.899953212] [robot_0.robot_supervisor]: Selected controllable event: EV_approach_object
[INFO] [1789489905.136617361] [robot_0.robot_supervisor]: ############################# REACHED: EV_object_reached #############################
[INFO] [1789489905.137679206] [robot_0.robot_supervisor]: Selected controllable event: EV_search_object
[INFO] [1789489905.309696374] [robot_0.robot_supervisor]: Selected controllable event: EV_move_forward
[INFO] [1789489905.515330978] [robot_0.robot_supervisor]: Selected controllable event: EV_approach_color
[INFO] [1789489905.806200187] [robot_0.robot_supervisor]: Selected controllable event: EV_approach_color
[INFO] [1789489906.122832850] [robot_0.robot_supervisor]: ############################# REACHED: EV_object_reached #############################
[INFO] [1789489906.123829391] [robot_0.robot_supervisor]: Selected controllable event: EV_search_object
[INFO] [1789489906.231683086] [robot_0.robot_supervisor]: Selected controllable event: EV_move_forward
[INFO] [1789489906.531779125] [robot_0.robot_supervisor]: Selected controllable event: EV_move_forward
[INFO] [1789489906.797628019] [robot_0.robot_supervisor]: Selected controllable event: EV_approach_color
[INFO] [1789489907.019691140] [robot_0.robot_supervisor]: Triggered uncontrollable event: EV_object_not_visible
[INFO] [1789489907.038229008] [robot_0.robot_supervisor]: Selected controllable event: EV_move_forward
[INFO] [1789489907.318192327] [robot_0.robot_supervisor]: Selected controllable event: EV_search_color
[INFO] [1789489907.521793612] [robot_0.robot_supervisor]: Selected controllable event: EV_search_color
[INFO] [1789489907.707430327] [robot_0.robot_supervisor]: Triggered uncontrollable event: EV_object_not_visible
[INFO] [1789489907.708431411] [robot_0.robot_supervisor]: Selected controllable event: EV_approach_color
[INFO] [1789489907.921659899] [robot_0.robot_supervisor]: Selected controllable event: EV_move_forward
[INFO] [1789489908.223790811] [robot_0.robot_supervisor]: Selected controllable event: EV_approach_object
[INFO] [1789489908.533962110] [robot_0.robot_supervisor]: Selected controllable event: EV_search_object
[INFO] [1789489908.722551435] [robot_0.robot_supervisor]: Triggered uncontrollable event: EV_object_not_visible
[INFO] [1789489908.723622245] [robot_0.robot_supervisor]: Selected controllable event: EV_approach_object
[INFO] [1789489909.038165995] [robot_0.robot_supervisor]: Selected controllable event: EV_approach_object
[INFO] [1789489909.313635095] [robot_0.robot_supervisor]: Selected controllable event: EV_approach_object
[INFO] [1789489909.547974395] [robot_0.robot_supervisor]: Triggered uncontrollable event: EV_obstacle_right
[INFO] [1789489909.548825931] [robot_0.robot_supervisor]: Triggered uncontrollable event: EV_object_not_visible
[INFO] [1789489909.568292127] [robot_0.robot_supervisor]: Selected controllable event: EV_u_turn
[INFO] [1789489909.584566984] [robot_0.robot_supervisor]: Starting FULL ROTATE (omega=1.000, have_odom=True, target_rad=3.142, timeout_s=3.500)
