[INFO] [1789489923.698165449] [robot_0.robot_supervisor]: Loaded initial mission 'balanced_delivery' from explicit YAML S_20260915_182327.yaml
[INFO] [1789489923.849837860] [robot_0.robot_supervisor]: Selected controllable event: EV_move_forward
[INFO] [1789489924.153350978] [robot_0.robot_supervisor]: Selected controllable event: EV_search_color
[INFO] [1789489924.351441209] [robot_0.robot_supervisor]: Selected controllable event: EV_approach_color
[INFO] [1789489924.557772068] [robot_0.robot_supervisor]: Selected controllable event: EV_search_object
[INFO] [1789489924.693317267] [robot_0.robot_supervisor]: Selected controllable event: EV_search_object
[INFO] [1789489924.873351478] [robot_0.robot_supervisor]: Selected controllable event: EV_search_object
[INFO] [1789489925.046289010] [robot_0.robot_supervisor]: Selected controllable event: EV_approach_object
[INFO] [1789489925.274519542] [robot_0.robot_supervisor]: Selected controllable event: EV_move_forward
[INFO] [1789489925.549552082] [robot_0.robot_supervisor]: Selected controllable event: EV_search_object
[INFO] [1789489925.660965361] [robot_0.robot_supervisor]: Selected controllable event: EV_move_forward
[INFO] [1789489925.943116317] [robot_0.robot_supervisor]: Selected controllable event: EV_approach_color
[INFO] [1789489926.243083370] [robot_0.robot_supervisor]: Selected controllable event: EV_search_object
[INFO] [1789489926.443194550] [robot_0.robot_supervisor]: Selected controllable event: EV_move_forward
[INFO] [1789489926.743116890] [robot_0.robot_supervisor]: Selected controllable event: EV_approach_color
[INFO] [1789489927.043352009] [robot_0.robot_supervisor]: Selected controllable event: EV_approach_color
[INFO] [1789489927.343291611] [robot_0.robot_supervisor]: Selected controllable event: EV_approach_object
[INFO] [1789489927.643253965] [robot_0.robot_supervisor]: Selected controllable event: EV_search_color
[INFO] [1789489927.843713403] [robot_0.robot_supervisor]: Selected controllable event: EV_approach_object
[INFO] [1789489928.143568296] [robot_0.robot_supervisor]: Selected controllable event: EV_move_forward
[INFO] [1789489928.443177126] [robot_0.robot_supervisor]: Selected controllable event: EV_search_object
[INFO] [1789489928.663412137] [robot_0.robot_supervisor]: Triggered uncontrollable event: EV_object_not_visible
[INFO] [1789489928.673180004] [robot_0.robot_supervisor]: Selected controllable event: EV_approach_object
[INFO] [1789489928.966881291] [robot_0.robot_supervisor]: Selected controllable event: EV_approach_object
[INFO] [1789489929.252047796] [robot_0.robot_supervisor]: Triggered uncontrollable event: EV_object_not_visible
[INFO] [1789489929.252858229] [robot_0.robot_supervisor]: Selected controllable event: EV_search_object
[INFO] [1789489929.446252035] [robot_0.robot_supervisor]: Selected controllable event: EV_approach_object
[INFO] [1789489929.752502613] [robot_0.robot_supervisor]: Selected controllable event: EV_search_color
[INFO] [1789489929.946670623] [robot_0.robot_supervisor]: Selected controllable event: EV_approach_color
[INFO] [1789489930.156775078] [robot_0.robot_supervisor]: ############################# VISIBLE: EV_object_visible #############################
[INFO] [1789489930.157681489] [robot_0.robot_supervisor]: Selected controllable event: EV_search_object
[INFO] [1789489930.351627245] [robot_0.robot_supervisor]: Selected controllable event: EV_search_object
[INFO] [1789489930.565597899] [robot_0.robot_supervisor]: Selected controllable event: EV_approach_object
[INFO] [1789489930.847425606] [robot_0.robot_supervisor]: ############################# VISIBLE: EV_object_visible #############################
[INFO] [1789489930.848440548] [robot_0.robot_supervisor]: Selected controllable event: EV_approach_object
[INFO] [1789489931.143927217] [robot_0.robot_supervisor]: Selected controllable event: EV_approach_color
[INFO] [1789489931.449449093] [robot_0.robot_supervisor]: Selected controllable event: EV_approach_object
[INFO] [1789489931.660624481] [robot_0.robot_supervisor]: ############################# VISIBLE: EV_object_visible #############################
[INFO] [1789489931.686779322] [robot_0.robot_supervisor]: Selected controllable event: EV_approach_object
[INFO] [1789489931.957240318] [robot_0.robot_supervisor]: Selected controllable event: EV_search_object
[INFO] [1789489932.153687955] [robot_0.robot_supervisor]: Selected controllable event: EV_search_color
[INFO] [1789489932.353141921] [robot_0.robot_supervisor]: ############################# VISIBLE: EV_object_visible #############################
[INFO] [1789489932.354116701] [robot_0.robot_supervisor]: Selected controllable event: EV_search_color
[INFO] [1789489932.548263639] [robot_0.robot_supervisor]: Selected controllable event: EV_approach_color
[INFO] [1789489932.880336821] [robot_0.robot_supervisor]: Selected controllable event: EV_approach_color
[INFO] [1789489933.163807794] [robot_0.robot_supervisor]: ############################# VISIBLE: EV_object_visible #############################
[INFO] [1789489933.164694994] [robot_0.robot_supervisor]: Selected controllable event: EV_approach_object
[INFO] [1789489933.458343720] [robot_0.robot_supervisor]: Selected controllable event: EV_search_color
[INFO] [1789489933.662744302] [robot_0.robot_supervisor]: Selected controllable event: EV_approach_color
[INFO] [1789489933.986126390] [robot_0.robot_supervisor]: ############################# VISIBLE: EV_object_visible #############################
[INFO] [1789489933.987113493] [robot_0.robot_supervisor]: Selected controllable event: EV_search_color
[INFO] [1789489934.149333717] [robot_0.robot_supervisor]: Selected controllable event: EV_move_forward
[INFO] [1789489934.465883931] [robot_0.robot_supervisor]: Selected controllable event: EV_approach_color
[INFO] [1789489934.753148619] [robot_0.robot_supervisor]: ############################# VISIBLE: EV_object_visible #############################
[INFO] [1789489934.769742382] [robot_0.robot_supervisor]: Selected controllable event: EV_search_color
[INFO] [1789489934.960597333] [robot_0.robot_supervisor]: Selected controllable event: EV_approach_color
[INFO] [1789489935.162525742] [robot_0.robot_supervisor]: Selected controllable event: EV_move_forward
[INFO] [1789489935.462863350] [robot_0.robot_supervisor]: ############################# VISIBLE: EV_object_visible #############################
[INFO] [1789489935.463762720] [robot_0.robot_supervisor]: Selected controllable event: EV_approach_color
[INFO] [1789489935.770184062] [robot_0.robot_supervisor]: Selected controllable event: EV_search_color
[INFO] [1789489935.950369640] [robot_0.robot_supervisor]: Selected controllable event: EV_approach_color
[INFO] [1789489936.257064034] [robot_0.robot_supervisor]: Triggered uncontrollable event: EV_obstacle_right
[INFO] [1789489936.257817161] [robot_0.robot_supervisor]: ############################# VISIBLE: EV_object_visible #############################
[INFO] [1789489936.262770822] [robot_0.robot_supervisor]: Selected controllable event: EV_u_turn
[INFO] [1789489936.272053525] [robot_0.robot_supervisor]: Starting FULL ROTATE (omega=1.000, have_odom=True, target_rad=3.142, timeout_s=3.500)
[INFO] [1789489939.848846453] [robot_0.robot_supervisor]: FULL ROTATE completed by timeout
[INFO] [1789489940.062489361] [robot_0.robot_supervisor]: ############################# REACHED: EV_object_reached #############################
[INFO] [1789489940.074753327] [robot_0.robot_supervisor]: Selected controllable event: EV_move_forward
[INFO] [1789489940.359326930] [robot_0.robot_supervisor]: Selected controllable event: EV_move_forward
[INFO] [1789489940.646610662] [robot_0.robot_supervisor]: Triggered uncontrollable event: EV_object_not_visible
[INFO] [1789489940.660351329] [robot_0.robot_supervisor]: Selected controllable event: EV_approach_object
[INFO] [1789489940.958889736] [robot_0.robot_supervisor]: Selected controllable event: EV_search_color
[INFO] [1789489941.167110514] [robot_0.robot_supervisor]: Selected controllable event: EV_approach_object
[INFO] [1789489941.456157161] [robot_0.robot_supervisor]: Triggered uncontrollable event: EV_object_not_visible
[INFO] [1789489941.474821951] [robot_0.robot_supervisor]: Selected controllable event: EV_approach_color
[INFO] [1789489941.748432784] [robot_0.robot_supervisor]: Selected controllable event: EV_search_object
[INFO] [1789489941.963788327] [robot_0.robot_supervisor]: Selected controllable event: EV_approach_object
[INFO] [1789489942.256524124] [robot_0.robot_supervisor]: Triggered uncontrollable event: EV_object_not_visible
[INFO] [1789489942.257442684] [robot_0.robot_supervisor]: Selected controllable event: EV_search_color
[INFO] [1789489942.459784884] [robot_0.robot_supervisor]: Selected controllable event: EV_approach_color
[INFO] [1789489942.752447318] [robot_0.robot_supervisor]: Selected controllable event: EV_approach_color
[INFO] [1789489943.051497570] [robot_0.robot_supervisor]: Triggered uncontrollable event: EV_object_not_visible
[INFO] [1789489943.064397610] [robot_0.robot_supervisor]: Selected controllable event: EV_search_color
[INFO] [1789489943.261144370] [robot_0.robot_supervisor]: Selected controllable event: EV_search_color
[INFO] [1789489943.462244197] [robot_0.robot_supervisor]: Selected controllable event: EV_search_color
[INFO] [1789489943.662884229] [robot_0.robot_supervisor]: Triggered uncontrollable event: EV_object_not_visible
[INFO] [1789489943.663948350] [robot_0.robot_supervisor]: Selected controllable event: EV_search_color
[INFO] [1789489943.845882091] [robot_0.robot_supervisor]: Selected controllable event: EV_approach_object
[INFO] [1789489944.059459427] [robot_0.robot_supervisor]: Selected controllable event: EV_move_forward
[INFO] [1789489944.357257525] [robot_0.robot_supervisor]: Triggered uncontrollable event: EV_object_not_visible
[INFO] [1789489944.358034286] [robot_0.robot_supervisor]: Selected controllable event: EV_search_object
[INFO] [1789489944.560101936] [robot_0.robot_supervisor]: Selected controllable event: EV_search_object
[INFO] [1789489944.758411922] [robot_0.robot_supervisor]: Selected controllable event: EV_search_object
[INFO] [1789489944.864430726] [robot_0.robot_supervisor]: Selected controllable event: EV_move_forward
[INFO] [1789489945.154902953] [robot_0.robot_supervisor]: Triggered uncontrollable event: EV_obstacle_left
[INFO] [1789489945.160006197] [robot_0.robot_supervisor]: Triggered uncontrollable event: EV_object_not_visible
[INFO] [1789489945.160817724] [robot_0.robot_supervisor]: Selected controllable event: EV_u_turn
[INFO] [1789489945.177007029] [robot_0.robot_supervisor]: Starting FULL ROTATE (omega=1.000, have_odom=True, target_rad=3.142, timeout_s=3.500)
[INFO] [1789489948.765056049] [robot_0.robot_supervisor]: FULL ROTATE completed by timeout
[INFO] [1789489948.963443271] [robot_0.robot_supervisor]: ############################# VISIBLE: EV_object_visible #############################
[INFO] [1789489948.972132608] [robot_0.robot_supervisor]: Selected controllable event: EV_approach_color
[INFO] [1789489949.264071280] [robot_0.robot_supervisor]: Selected controllable event: EV_search_object
[INFO] [1789489949.460704914] [robot_0.robot_supervisor]: ############################# VISIBLE: EV_object_visible #############################
[INFO] [1789489949.461562955] [robot_0.robot_supervisor]: Selected controllable event: EV_search_object
[INFO] [1789489949.661702823] [robot_0.robot_supervisor]: Selected controllable event: EV_approach_object
[INFO] [1789489949.953406545] [robot_0.robot_supervisor]: Selected controllable event: EV_search_object
[INFO] [1789489950.152090125] [robot_0.robot_supervisor]: ############################# VISIBLE: EV_object_visible #############################
[INFO] [1789489950.152947637] [robot_0.robot_supervisor]: Selected controllable event: EV_move_forward
[INFO] [1789489950.362945627] [robot_0.robot_supervisor]: Selected controllable event: EV_approach_object
[INFO] [1789489950.664468562] [robot_0.robot_supervisor]: Selected controllable event: EV_search_color
[INFO] [1789489950.855167097] [robot_0.robot_supervisor]: ############################# VISIBLE: EV_object_visible #############################
[INFO] [1789489950.869876173] [robot_0.robot_supervisor]: Selected controllable event: EV_search_color
[INFO] [1789489951.054896910] [robot_0.robot_supervisor]: Selected controllable event: EV_approach_color
[INFO] [1789489951.265583330] [robot_0.robot_supervisor]: Selected controllable event: EV_approach_object
[INFO] [1789489951.556411637] [robot_0.robot_supervisor]: ############################# VISIBLE: EV_object_visible #############################
[INFO] [1789489951.561768549] [robot_0.robot_supervisor]: Selected controllable event: EV_move_forward
[INFO] [1789489951.864903798] [robot_0.robot_supervisor]: Selected controllable event: EV_approach_color
[INFO] [1789489952.157474957] [robot_0.robot_supervisor]: ############################# VISIBLE: EV_object_visible #############################
[INFO] [1789489952.158334050] [robot_0.robot_supervisor]: Selected controllable event: EV_search_object
[INFO] [1789489952.353548832] [robot_0.robot_supervisor]: Selected controllable event: EV_approach_object
[INFO] [1789489952.557380426] [robot_0.robot_supervisor]: Selected controllable event: EV_approach_object
[INFO] [1789489952.848906528] [robot_0.robot_supervisor]: Triggered uncontrollable event: EV_obstacle_right
[INFO] [1789489952.849580034] [robot_0.robot_supervisor]: ############################# VISIBLE: EV_object_visible #############################
[INFO] [1789489952.850425747] [robot_0.robot_supervisor]: Selected controllable event: EV_rotate_counterclockwise
[INFO] [1789489952.962926719] [robot_0.robot_supervisor]: Triggered uncontrollable event: EV_obstacle_right
[INFO] [1789489952.963761910] [robot_0.robot_supervisor]: Selected controllable event: EV_u_turn
[INFO] [1789489952.964483969] [robot_0.robot_supervisor]: Starting FULL ROTATE (omega=1.000, have_odom=True, target_rad=3.142, timeout_s=3.500)
[INFO] [1789489956.549915616] [robot_0.robot_supervisor]: FULL ROTATE completed by timeout
[INFO] [1789489956.845126610] [robot_0.robot_supervisor]: Triggered uncontrollable event: EV_object_not_visible
[INFO] [1789489956.845935392] [robot_0.robot_supervisor]: Selected controllable event: EV_search_color
[INFO] [1789489957.046414664] [robot_0.robot_supervisor]: Selected controllable event: EV_search_object
[INFO] [1789489957.150467931] [robot_0.robot_supervisor]: Selected controllable event: EV_search_object
[INFO] [1789489957.261498793] [robot_0.robot_supervisor]: Selected controllable event: EV_approach_color
[INFO] [1789489957.552342778] [robot_0.robot_supervisor]: Triggered uncontrollable event: EV_object_not_visible
[INFO] [1789489957.557779451] [robot_0.robot_supervisor]: Selected controllable event: EV_move_forward
[INFO] [1789489957.764241286] [robot_0.robot_supervisor]: Selected controllable event: EV_approach_object
[INFO] [1789489958.057429350] [robot_0.robot_supervisor]: Selected controllable event: EV_search_object
[INFO] [1789489958.256261536] [robot_0.robot_supervisor]: Triggered uncontrollable event: EV_object_not_visible
[INFO] [1789489958.261411302] [robot_0.robot_supervisor]: Selected controllable event: EV_search_color
[INFO] [1789489958.445413523] [robot_0.robot_supervisor]: Selected controllable event: EV_approach_object
[INFO] [1789489958.764388837] [robot_0.robot_supervisor]: Triggered uncontrollable event: EV_obstacle_left
[INFO] [1789489958.788321289] [robot_0.robot_supervisor]: Triggered uncontrollable event: EV_object_not_visible
[INFO] [1789489958.789369749] [robot_0.robot_supervisor]: Selected controllable event: EV_rotate_clockwise
[WARN] [1789489958.790190371] [robot_0.robot_supervisor]: no translation for 6.4s livelock detected; starting atomic escape (turn_sign=-1)
[INFO] [1789489961.247054369] [robot_0.robot_supervisor]: Zone-livelock escape completed
[INFO] [1789489961.468672755] [robot_0.robot_supervisor]: Triggered uncontrollable event: EV_object_not_visible
[INFO] [1789489961.470696016] [robot_0.robot_supervisor]: Selected controllable event: EV_approach_color
[INFO] [1789489961.764422357] [robot_0.robot_supervisor]: Triggered uncontrollable event: EV_object_not_visible
[INFO] [1789489961.765256456] [robot_0.robot_supervisor]: Selected controllable event: EV_search_color
[INFO] [1789489961.955115641] [robot_0.robot_supervisor]: Selected controllable event: EV_move_forward
[INFO] [1789489962.256320032] [robot_0.robot_supervisor]: Selected controllable event: EV_move_forward
[INFO] [1789489962.568510157] [robot_0.robot_supervisor]: Triggered uncontrollable event: EV_object_not_visible
[INFO] [1789489962.569294198] [robot_0.robot_supervisor]: Selected controllable event: EV_move_forward
[INFO] [1789489962.852438380] [robot_0.robot_supervisor]: Selected controllable event: EV_approach_color
[INFO] [1789489963.145072602] [robot_0.robot_supervisor]: Triggered uncontrollable event: EV_object_not_visible
[INFO] [1789489963.145866221] [robot_0.robot_supervisor]: Selected controllable event: EV_search_object
[INFO] [1789489963.254634559] [robot_0.robot_supervisor]: Selected controllable event: EV_approach_color
[INFO] [1789489963.468503711] [robot_0.robot_supervisor]: Selected controllable event: EV_approach_color
[INFO] [1789489963.768572000] [robot_0.robot_supervisor]: Triggered uncontrollable event: EV_object_not_visible
[INFO] [1789489963.780753704] [robot_0.robot_supervisor]: Selected controllable event: EV_approach_object
[INFO] [1789489964.064863669] [robot_0.robot_supervisor]: Selected controllable event: EV_search_color
[INFO] [1789489964.294105226] [robot_0.robot_supervisor]: Selected controllable event: EV_approach_object
[INFO] [1789489964.566117487] [robot_0.robot_supervisor]: Triggered uncontrollable event: EV_object_not_visible
[INFO] [1789489964.584130308] [robot_0.robot_supervisor]: Selected controllable event: EV_move_forward
[INFO] [1789489964.846680708] [robot_0.robot_supervisor]: Selected controllable event: EV_approach_object
[INFO] [1789489965.170418946] [robot_0.robot_supervisor]: Triggered uncontrollable event: EV_object_not_visible
[INFO] [1789489965.173728927] [robot_0.robot_supervisor]: Selected controllable event: EV_search_color
[INFO] [1789489965.354741249] [robot_0.robot_supervisor]: Selected controllable event: EV_search_color
[INFO] [1789489965.456392559] [robot_0.robot_supervisor]: Selected controllable event: EV_search_object
[INFO] [1789489965.645883956] [robot_0.robot_supervisor]: Triggered uncontrollable event: EV_object_not_visible
[INFO] [1789489965.646770224] [robot_0.robot_supervisor]: Selected controllable event: EV_search_color
[INFO] [1789489965.752422022] [robot_0.robot_supervisor]: Selected controllable event: EV_move_forward
[INFO] [1789489966.057324292] [robot_0.robot_supervisor]: Selected controllable event: EV_search_color
[INFO] [1789489966.161002809] [robot_0.robot_supervisor]: Selected controllable event: EV_approach_object
[INFO] [1789489966.364538787] [robot_0.robot_supervisor]: Triggered uncontrollable event: EV_object_not_visible
[INFO] [1789489966.365447425] [robot_0.robot_supervisor]: Selected controllable event: EV_move_forward
[INFO] [1789489966.659308077] [robot_0.robot_supervisor]: Selected controllable event: EV_search_color
[INFO] [1789489966.853289207] [robot_0.robot_supervisor]: Selected controllable event: EV_search_object
[INFO] [1789489967.051931759] [robot_0.robot_supervisor]: Triggered uncontrollable event: EV_object_not_visible
[INFO] [1789489967.052826053] [robot_0.robot_supervisor]: Selected controllable event: EV_approach_object
[INFO] [1789489967.264468060] [robot_0.robot_supervisor]: Selected controllable event: EV_approach_color
[INFO] [1789489967.566429984] [robot_0.robot_supervisor]: Selected controllable event: EV_approach_object
[INFO] [1789489967.853705717] [robot_0.robot_supervisor]: Triggered uncontrollable event: EV_object_not_visible
[INFO] [1789489967.876045274] [robot_0.robot_supervisor]: Selected controllable event: EV_approach_color
[INFO] [1789489968.146930347] [robot_0.robot_supervisor]: Selected controllable event: EV_search_color
[INFO] [1789489968.357110628] [robot_0.robot_supervisor]: Selected controllable event: EV_approach_object
[INFO] [1789489968.653934471] [robot_0.robot_supervisor]: Triggered uncontrollable event: EV_object_not_visible
[INFO] [1789489968.659988946] [robot_0.robot_supervisor]: Selected controllable event: EV_approach_object
[INFO] [1789489968.958426298] [robot_0.robot_supervisor]: Selected controllable event: EV_search_object
[INFO] [1789489969.148312452] [robot_0.robot_supervisor]: Selected controllable event: EV_approach_color
[INFO] [1789489969.356059674] [robot_0.robot_supervisor]: Triggered uncontrollable event: EV_object_not_visible
[INFO] [1789489969.357515581] [robot_0.robot_supervisor]: Selected controllable event: EV_search_object
[INFO] [1789489969.559731332] [robot_0.robot_supervisor]: Selected controllable event: EV_move_forward
[INFO] [1789489969.866695779] [robot_0.robot_supervisor]: Triggered uncontrollable event: EV_object_not_visible
[INFO] [1789489969.867681669] [robot_0.robot_supervisor]: Selected controllable event: EV_approach_color
[INFO] [1789489970.148685573] [robot_0.robot_supervisor]: Selected controllable event: EV_search_object
[INFO] [1789489970.269378434] [robot_0.robot_supervisor]: Selected controllable event: EV_move_forward
[INFO] [1789489970.555699930] [robot_0.robot_supervisor]: Triggered uncontrollable event: EV_obstacle_right
[INFO] [1789489970.556397845] [robot_0.robot_supervisor]: Triggered uncontrollable event: EV_object_not_visible
[INFO] [1789489970.575670333] [robot_0.robot_supervisor]: Selected controllable event: EV_u_turn
[INFO] [1789489970.576481053] [robot_0.robot_supervisor]: Starting FULL ROTATE (omega=1.000, have_odom=True, target_rad=3.142, timeout_s=3.500)
[INFO] [1789489974.155015289] [robot_0.robot_supervisor]: FULL ROTATE completed by timeout
[INFO] [1789489974.361806394] [robot_0.robot_supervisor]: ############################# VISIBLE: EV_object_visible #############################
[INFO] [1789489974.375105485] [robot_0.robot_supervisor]: Selected controllable event: EV_search_object
[INFO] [1789489974.568422856] [robot_0.robot_supervisor]: Selected controllable event: EV_move_forward
[INFO] [1789489974.853979638] [robot_0.robot_supervisor]: ############################# VISIBLE: EV_object_visible #############################
[INFO] [1789489974.862401584] [robot_0.robot_supervisor]: Selected controllable event: EV_search_object
[INFO] [1789489975.062448995] [robot_0.robot_supervisor]: Selected controllable event: EV_search_object
[INFO] [1789489975.255449439] [robot_0.robot_supervisor]: Selected controllable event: EV_search_color
[INFO] [1789489975.455613846] [robot_0.robot_supervisor]: Triggered uncontrollable event: EV_obstacle_right
[INFO] [1789489975.456325847] [robot_0.robot_supervisor]: ############################# VISIBLE: EV_object_visible #############################
[INFO] [1789489975.462578674] [robot_0.robot_supervisor]: Selected controllable event: EV_rotate_counterclockwise
[WARN] [1789489975.469723365] [robot_0.robot_supervisor]: no translation for 5.3s livelock detected; starting atomic escape (turn_sign=+1)
[INFO] [1789489978.045880601] [robot_0.robot_supervisor]: Zone-livelock escape completed
[INFO] [1789489978.259509129] [robot_0.robot_supervisor]: ############################# VISIBLE: EV_object_visible #############################
[INFO] [1789489978.278356968] [robot_0.robot_supervisor]: Selected controllable event: EV_search_object
[INFO] [1789489978.446966552] [robot_0.robot_supervisor]: Selected controllable event: EV_search_color
[INFO] [1789489978.663700926] [robot_0.robot_supervisor]: Selected controllable event: EV_search_color
[INFO] [1789489978.847542287] [robot_0.robot_supervisor]: Triggered uncontrollable event: EV_obstacle_left
[INFO] [1789489978.850179877] [robot_0.robot_supervisor]: ############################# VISIBLE: EV_object_visible #############################
[INFO] [1789489978.858983681] [robot_0.robot_supervisor]: Selected controllable event: EV_u_turn
[INFO] [1789489978.859732495] [robot_0.robot_supervisor]: Starting FULL ROTATE (omega=1.000, have_odom=True, target_rad=3.142, timeout_s=3.500)
[INFO] [1789489982.456211565] [robot_0.robot_supervisor]: FULL ROTATE completed by timeout
[INFO] [1789489982.658037437] [robot_0.robot_supervisor]: Triggered uncontrollable event: EV_obstacle_right
[INFO] [1789489982.658717896] [robot_0.robot_supervisor]: Triggered uncontrollable event: EV_object_not_visible
[INFO] [1789489982.671285914] [robot_0.robot_supervisor]: Selected controllable event: EV_rotate_counterclockwise
[INFO] [1789489982.862655520] [robot_0.robot_supervisor]: Triggered uncontrollable event: EV_object_not_visible
[INFO] [1789489982.863295739] [robot_0.robot_supervisor]: Selected controllable event: EV_search_object
[INFO] [1789489983.054593587] [robot_0.robot_supervisor]: Selected controllable event: EV_search_object
[INFO] [1789489983.161858182] [robot_0.robot_supervisor]: Selected controllable event: EV_approach_object
[INFO] [1789489983.464615895] [robot_0.robot_supervisor]: Triggered uncontrollable event: EV_obstacle_left
[INFO] [1789489983.465286882] [robot_0.robot_supervisor]: Triggered uncontrollable event: EV_object_not_visible
[INFO] [1789489983.488092999] [robot_0.robot_supervisor]: Selected controllable event: EV_rotate_clockwise
[INFO] [1789489983.652644239] [robot_0.robot_supervisor]: Triggered uncontrollable event: EV_obstacle_left
[INFO] [1789489983.658755459] [robot_0.robot_supervisor]: Selected controllable event: EV_u_turn
[INFO] [1789489983.749628231] [robot_0.robot_supervisor]: Triggered uncontrollable event: EV_obstacle_left
[INFO] [1789489983.750468577] [robot_0.robot_supervisor]: Selected controllable event: EV_u_turn
[INFO] [1789489983.857886231] [robot_0.robot_supervisor]: Triggered uncontrollable event: EV_obstacle_left
[INFO] [1789489983.864828128] [robot_0.robot_supervisor]: Selected controllable event: EV_u_turn
[INFO] [1789489983.961587655] [robot_0.robot_supervisor]: Triggered uncontrollable event: EV_obstacle_left
[INFO] [1789489983.969718647] [robot_0.robot_supervisor]: Selected controllable event: EV_u_turn
[INFO] [1789489984.045941786] [robot_0.robot_supervisor]: Triggered uncontrollable event: EV_obstacle_left
[INFO] [1789489984.046865368] [robot_0.robot_supervisor]: Selected controllable event: EV_u_turn
[INFO] [1789489984.157969880] [robot_0.robot_supervisor]: Triggered uncontrollable event: EV_obstacle_left
[INFO] [1789489984.158632118] [robot_0.robot_supervisor]: Selected controllable event: EV_rotate_clockwise
[INFO] [1789489984.365269754] [robot_0.robot_supervisor]: Triggered uncontrollable event: EV_obstacle_left
[INFO] [1789489984.373035819] [robot_0.robot_supervisor]: ############################# VISIBLE: EV_object_visible #############################
[INFO] [1789489984.373888767] [robot_0.robot_supervisor]: Selected controllable event: EV_u_turn
[INFO] [1789489984.452901495] [robot_0.robot_supervisor]: Triggered uncontrollable event: EV_obstacle_left
[INFO] [1789489984.453808441] [robot_0.robot_supervisor]: Selected controllable event: EV_rotate_clockwise
[INFO] [1789489984.650566596] [robot_0.robot_supervisor]: Triggered uncontrollable event: EV_obstacle_left
[INFO] [1789489984.658359422] [robot_0.robot_supervisor]: Selected controllable event: EV_rotate_clockwise
[INFO] [1789489984.866286057] [robot_0.robot_supervisor]: Triggered uncontrollable event: EV_obstacle_left
[INFO] [1789489984.887307959] [robot_0.robot_supervisor]: Selected controllable event: EV_u_turn
[INFO] [1789489984.888135873] [robot_0.robot_supervisor]: Starting FULL ROTATE (omega=1.000, have_odom=True, target_rad=3.142, timeout_s=3.500)
[INFO] [1789489988.465651334] [robot_0.robot_supervisor]: FULL ROTATE completed by timeout
[INFO] [1789489988.753563353] [robot_0.robot_supervisor]: ############################# VISIBLE: EV_object_visible #############################
[INFO] [1789489988.759801269] [robot_0.robot_supervisor]: Selected controllable event: EV_search_color
[INFO] [1789489988.963074611] [robot_0.robot_supervisor]: Selected controllable event: EV_move_forward
[INFO] [1789489989.259848193] [robot_0.robot_supervisor]: Selected controllable event: EV_search_object
[INFO] [1789489989.449348876] [robot_0.robot_supervisor]: ############################# VISIBLE: EV_object_visible #############################
[INFO] [1789489989.471697358] [robot_0.robot_supervisor]: Selected controllable event: EV_move_forward
[INFO] [1789489989.765072676] [robot_0.robot_supervisor]: Selected controllable event: EV_search_color
[INFO] [1789489989.952395910] [robot_0.robot_supervisor]: Selected controllable event: EV_move_forward
[INFO] [1789489990.253917208] [robot_0.robot_supervisor]: ############################# VISIBLE: EV_object_visible #############################
[INFO] [1789489990.258455609] [robot_0.robot_supervisor]: Selected controllable event: EV_search_object
[INFO] [1789489990.452165417] [robot_0.robot_supervisor]: Selected controllable event: EV_approach_color
[INFO] [1789489990.762247095] [robot_0.robot_supervisor]: ############################# VISIBLE: EV_object_visible #############################
[INFO] [1789489990.763003651] [robot_0.robot_supervisor]: Selected controllable event: EV_approach_object
[INFO] [1789489991.046471126] [robot_0.robot_supervisor]: Selected controllable event: EV_search_object
[INFO] [1789489991.152195827] [robot_0.robot_supervisor]: Selected controllable event: EV_move_forward
[INFO] [1789489991.368482296] [robot_0.robot_supervisor]: Selected controllable event: EV_approach_object
[INFO] [1789489991.673421913] [robot_0.robot_supervisor]: ############################# VISIBLE: EV_object_visible #############################
[INFO] [1789489991.674345474] [robot_0.robot_supervisor]: Selected controllable event: EV_search_object
[INFO] [1789489991.775694261] [robot_0.robot_supervisor]: Selected controllable event: EV_move_forward
[INFO] [1789489992.063652405] [robot_0.robot_supervisor]: Selected controllable event: EV_search_color
[INFO] [1789489992.176728795] [robot_0.robot_supervisor]: Selected controllable event: EV_approach_color
[INFO] [1789489992.457576789] [robot_0.robot_supervisor]: ############################# VISIBLE: EV_object_visible #############################
[INFO] [1789489992.460588054] [robot_0.robot_supervisor]: Selected controllable event: EV_search_object
[INFO] [1789489992.654695021] [robot_0.robot_supervisor]: Selected controllable event: EV_move_forward
[INFO] [1789489992.956763444] [robot_0.robot_supervisor]: ############################# VISIBLE: EV_object_visible #############################
[INFO] [1789489992.957678285] [robot_0.robot_supervisor]: Selected controllable event: EV_approach_color
[INFO] [1789489993.245557379] [robot_0.robot_supervisor]: Selected controllable event: EV_approach_object
[INFO] [1789489993.453347111] [robot_0.robot_supervisor]: Selected controllable event: EV_approach_color
[INFO] [1789489993.761115370] [robot_0.robot_supervisor]: ############################# VISIBLE: EV_object_visible #############################
[INFO] [1789489993.777404692] [robot_0.robot_supervisor]: Selected controllable event: EV_approach_color
[INFO] [1789489994.047172232] [robot_0.robot_supervisor]: Selected controllable event: EV_approach_color
[INFO] [1789489994.363487613] [robot_0.robot_supervisor]: Selected controllable event: EV_approach_color
[INFO] [1789489994.655235622] [robot_0.robot_supervisor]: ############################# VISIBLE: EV_object_visible #############################
[INFO] [1789489994.673700456] [robot_0.robot_supervisor]: Selected controllable event: EV_approach_object
[INFO] [1789489994.957170568] [robot_0.robot_supervisor]: Selected controllable event: EV_search_object
[INFO] [1789489995.146902081] [robot_0.robot_supervisor]: Selected controllable event: EV_search_object
[INFO] [1789489995.278513558] [robot_0.robot_supervisor]: Selected controllable event: EV_approach_object
[INFO] [1789489995.564450931] [robot_0.robot_supervisor]: ############################# VISIBLE: EV_object_visible #############################
[INFO] [1789489995.572172748] [robot_0.robot_supervisor]: Selected controllable event: EV_move_forward
[INFO] [1789489995.868047394] [robot_0.robot_supervisor]: Selected controllable event: EV_approach_object
[INFO] [1789489996.170100172] [robot_0.robot_supervisor]: ############################# VISIBLE: EV_object_visible #############################
[INFO] [1789489996.171024814] [robot_0.robot_supervisor]: Selected controllable event: EV_move_forward
[INFO] [1789489996.463825196] [robot_0.robot_supervisor]: Selected controllable event: EV_approach_color
[INFO] [1789489996.749526218] [robot_0.robot_supervisor]: ############################# VISIBLE: EV_object_visible #############################
[INFO] [1789489996.755026822] [robot_0.robot_supervisor]: Selected controllable event: EV_search_color
[INFO] [1789489996.957293188] [robot_0.robot_supervisor]: Selected controllable event: EV_move_forward
[INFO] [1789489997.247151142] [robot_0.robot_supervisor]: Selected controllable event: EV_search_object
[INFO] [1789489997.364126756] [robot_0.robot_supervisor]: Selected controllable event: EV_approach_object
[INFO] [1789489997.652061056] [robot_0.robot_supervisor]: ############################# VISIBLE: EV_object_visible #############################
[INFO] [1789489997.654172926] [robot_0.robot_supervisor]: Selected controllable event: EV_search_object
[INFO] [1789489997.849974016] [robot_0.robot_supervisor]: Selected controllable event: EV_search_color
[INFO] [1789489998.045041514] [robot_0.robot_supervisor]: Selected controllable event: EV_search_object
[INFO] [1789489998.153846400] [robot_0.robot_supervisor]: Selected controllable event: EV_approach_object
[INFO] [1789489998.357955236] [robot_0.robot_supervisor]: ############################# VISIBLE: EV_object_visible #############################
[INFO] [1789489998.363695901] [robot_0.robot_supervisor]: Selected controllable event: EV_move_forward
[INFO] [1789489998.659620905] [robot_0.robot_supervisor]: Selected controllable event: EV_move_forward
[INFO] [1789489998.966020523] [robot_0.robot_supervisor]: ############################# VISIBLE: EV_object_visible #############################
[INFO] [1789489998.973661891] [robot_0.robot_supervisor]: Selected controllable event: EV_approach_color
[INFO] [1789489999.261531894] [robot_0.robot_supervisor]: Selected controllable event: EV_move_forward
[INFO] [1789489999.560485786] [robot_0.robot_supervisor]: Selected controllable event: EV_approach_object
[INFO] [1789489999.850367420] [robot_0.robot_supervisor]: Triggered uncontrollable event: EV_obstacle_right
[INFO] [1789489999.851110715] [robot_0.robot_supervisor]: ############################# REACHED: EV_object_reached #############################
[INFO] [1789489999.869023305] [robot_0.robot_supervisor]: Selected controllable event: EV_u_turn
[INFO] [1789489999.870020918] [robot_0.robot_supervisor]: Starting FULL ROTATE (omega=1.000, have_odom=True, target_rad=3.142, timeout_s=3.500)
[INFO] [1789490003.449906366] [robot_0.robot_supervisor]: FULL ROTATE completed by timeout
[INFO] [1789490003.672087685] [robot_0.robot_supervisor]: ############################# REACHED: EV_object_reached #############################
[INFO] [1789490003.673026644] [robot_0.robot_supervisor]: Selected controllable event: EV_search_object
[INFO] [1789490003.870435757] [robot_0.robot_supervisor]: ############################# REACHED: EV_object_reached #############################
[INFO] [1789490003.873142980] [robot_0.robot_supervisor]: Selected controllable event: EV_search_object
[INFO] [1789490004.062620710] [robot_0.robot_supervisor]: Selected controllable event: EV_search_object
[INFO] [1789490004.263246673] [robot_0.robot_supervisor]: Selected controllable event: EV_approach_object
[INFO] [1789490004.551233289] [robot_0.robot_supervisor]: Selected controllable event: EV_search_object
[INFO] [1789490004.652403725] [robot_0.robot_supervisor]: ############################# REACHED: EV_object_reached #############################
[INFO] [1789490004.678445370] [robot_0.robot_supervisor]: Selected controllable event: EV_approach_color
[INFO] [1789490004.962146971] [robot_0.robot_supervisor]: Selected controllable event: EV_search_object
[INFO] [1789490005.165842157] [robot_0.robot_supervisor]: Selected controllable event: EV_approach_color
[INFO] [1789490005.446959208] [robot_0.robot_supervisor]: ############################# REACHED: EV_object_reached #############################
[INFO] [1789490005.452316746] [robot_0.robot_supervisor]: Selected controllable event: EV_search_color
[INFO] [1789490005.560077086] [robot_0.robot_supervisor]: Selected controllable event: EV_approach_color
[INFO] [1789490005.860457689] [robot_0.robot_supervisor]: Selected controllable event: EV_search_color
[INFO] [1789490005.975395663] [robot_0.robot_supervisor]: Selected controllable event: EV_search_object
[INFO] [1789490006.177061296] [robot_0.robot_supervisor]: Selected controllable event: EV_approach_object
[INFO] [1789490006.466533497] [robot_0.robot_supervisor]: ############################# REACHED: EV_object_reached #############################
[INFO] [1789490006.477079108] [robot_0.robot_supervisor]: Selected controllable event: EV_search_color
[INFO] [1789490006.668439453] [robot_0.robot_supervisor]: Selected controllable event: EV_approach_object
[INFO] [1789490006.962876116] [robot_0.robot_supervisor]: Selected controllable event: EV_search_color
[INFO] [1789490007.072189438] [robot_0.robot_supervisor]: Selected controllable event: EV_approach_object
[INFO] [1789490007.359573232] [robot_0.robot_supervisor]: Triggered uncontrollable event: EV_object_not_visible
[INFO] [1789490007.371500032] [robot_0.robot_supervisor]: Selected controllable event: EV_move_forward
[INFO] [1789490007.667636239] [robot_0.robot_supervisor]: Selected controllable event: EV_search_object
[INFO] [1789490007.875594598] [robot_0.robot_supervisor]: Selected controllable event: EV_search_object
[INFO] [1789490008.049319545] [robot_0.robot_supervisor]: Triggered uncontrollable event: EV_object_not_visible
[INFO] [1789490008.063020890] [robot_0.robot_supervisor]: Selected controllable event: EV_search_color
[INFO] [1789490008.268726754] [robot_0.robot_supervisor]: Selected controllable event: EV_approach_object
[INFO] [1789490008.555577023] [robot_0.robot_supervisor]: Selected controllable event: EV_search_color
[INFO] [1789490008.675810096] [robot_0.robot_supervisor]: Selected controllable event: EV_move_forward
[INFO] [1789490008.959214450] [robot_0.robot_supervisor]: Triggered uncontrollable event: EV_object_not_visible
[INFO] [1789490008.961337512] [robot_0.robot_supervisor]: Selected controllable event: EV_approach_color
[INFO] [1789490009.254483199] [robot_0.robot_supervisor]: Selected controllable event: EV_search_color
[INFO] [1789490009.452124008] [robot_0.robot_supervisor]: Selected controllable event: EV_search_object
[INFO] [1789490009.586431840] [robot_0.robot_supervisor]: Triggered uncontrollable event: EV_object_not_visible
[INFO] [1789490009.587396437] [robot_0.robot_supervisor]: Selected controllable event: EV_approach_object
[INFO] [1789490009.867668124] [robot_0.robot_supervisor]: Selected controllable event: EV_search_object
[INFO] [1789490010.043435364] [robot_0.robot_supervisor]: Selected controllable event: EV_approach_color
[INFO] [1789490010.255103439] [robot_0.robot_supervisor]: Selected controllable event: EV_search_object
[INFO] [1789490010.387067831] [robot_0.robot_supervisor]: Selected controllable event: EV_approach_object
[INFO] [1789490010.644217483] [robot_0.robot_supervisor]: Triggered uncontrollable event: EV_object_not_visible
[INFO] [1789490010.645189376] [robot_0.robot_supervisor]: Selected controllable event: EV_search_color
[INFO] [1789490010.757754936] [robot_0.robot_supervisor]: Selected controllable event: EV_approach_object
[INFO] [1789490011.070113553] [robot_0.robot_supervisor]: Selected controllable event: EV_approach_object
[INFO] [1789490011.372541995] [robot_0.robot_supervisor]: Triggered uncontrollable event: EV_object_not_visible
[INFO] [1789490011.373579098] [robot_0.robot_supervisor]: Selected controllable event: EV_approach_object
[INFO] [1789490011.681532712] [robot_0.robot_supervisor]: Selected controllable event: EV_move_forward
[INFO] [1789490011.971456498] [robot_0.robot_supervisor]: Selected controllable event: EV_approach_object
[INFO] [1789490012.247742456] [robot_0.robot_supervisor]: Triggered uncontrollable event: EV_object_not_visible
[INFO] [1789490012.248839692] [robot_0.robot_supervisor]: Selected controllable event: EV_search_object
[INFO] [1789490012.357616888] [robot_0.robot_supervisor]: Selected controllable event: EV_approach_object
[INFO] [1789490012.644240882] [robot_0.robot_supervisor]: Selected controllable event: EV_approach_object
[INFO] [1789490012.873654719] [robot_0.robot_supervisor]: Triggered uncontrollable event: EV_object_not_visible
[INFO] [1789490012.874568525] [robot_0.robot_supervisor]: Selected controllable event: EV_search_object
[INFO] [1789490013.056024873] [robot_0.robot_supervisor]: Selected controllable event: EV_search_color
[INFO] [1789490013.253589778] [robot_0.robot_supervisor]: Selected controllable event: EV_search_color
[INFO] [1789490013.460986829] [robot_0.robot_supervisor]: Selected controllable event: EV_search_object
[INFO] [1789490013.661866803] [robot_0.robot_supervisor]: Triggered uncontrollable event: EV_object_not_visible
[INFO] [1789490013.662766556] [robot_0.robot_supervisor]: Selected controllable event: EV_search_color
[INFO] [1789490013.862443242] [robot_0.robot_supervisor]: Selected controllable event: EV_move_forward
[INFO] [1789490014.154591288] [robot_0.robot_supervisor]: Selected controllable event: EV_search_object
[INFO] [1789490014.345599172] [robot_0.robot_supervisor]: Selected controllable event: EV_approach_color
[INFO] [1789490014.562888257] [robot_0.robot_supervisor]: Triggered uncontrollable event: EV_object_not_visible
[INFO] [1789490014.563785855] [robot_0.robot_supervisor]: Selected controllable event: EV_move_forward
[INFO] [1789490014.847765890] [robot_0.robot_supervisor]: Selected controllable event: EV_move_forward
[INFO] [1789490015.057181758] [robot_0.robot_supervisor]: Selected controllable event: EV_search_object
[INFO] [1789490015.250400496] [robot_0.robot_supervisor]: Triggered uncontrollable event: EV_object_not_visible
[INFO] [1789490015.251330937] [robot_0.robot_supervisor]: Selected controllable event: EV_move_forward
[INFO] [1789490015.478907527] [robot_0.robot_supervisor]: Selected controllable event: EV_approach_color
[INFO] [1789490015.764602225] [robot_0.robot_supervisor]: Selected controllable event: EV_search_color
[INFO] [1789490015.968637743] [robot_0.robot_supervisor]: Selected controllable event: EV_move_forward
[INFO] [1789490016.174768814] [robot_0.robot_supervisor]: Triggered uncontrollable event: EV_object_not_visible
[INFO] [1789490016.188192310] [robot_0.robot_supervisor]: Selected controllable event: EV_move_forward
[INFO] [1789490016.485609584] [robot_0.robot_supervisor]: Selected controllable event: EV_search_object
[INFO] [1789490016.655754088] [robot_0.robot_supervisor]: Selected controllable event: EV_search_object
[INFO] [1789490016.881467249] [robot_0.robot_supervisor]: Triggered uncontrollable event: EV_object_not_visible
[INFO] [1789490016.882508308] [robot_0.robot_supervisor]: Selected controllable event: EV_search_object
[INFO] [1789490017.070651832] [robot_0.robot_supervisor]: Selected controllable event: EV_approach_object
[INFO] [1789490017.358274259] [robot_0.robot_supervisor]: Selected controllable event: EV_search_color
[INFO] [1789490017.480193571] [robot_0.robot_supervisor]: Selected controllable event: EV_search_object
[INFO] [1789490017.675945624] [robot_0.robot_supervisor]: Triggered uncontrollable event: EV_object_not_visible
[INFO] [1789490017.682395048] [robot_0.robot_supervisor]: Selected controllable event: EV_approach_object
[INFO] [1789490017.965267170] [robot_0.robot_supervisor]: Selected controllable event: EV_approach_object
[INFO] [1789490018.243251530] [robot_0.robot_supervisor]: Selected controllable event: EV_search_color
[INFO] [1789490018.356339762] [robot_0.robot_supervisor]: Triggered uncontrollable event: EV_obstacle_left
[INFO] [1789490018.357235517] [robot_0.robot_supervisor]: Selected controllable event: EV_rotate_clockwise
[INFO] [1789490018.552507120] [robot_0.robot_supervisor]: Triggered uncontrollable event: EV_obstacle_left
[INFO] [1789490018.559439483] [robot_0.robot_supervisor]: Triggered uncontrollable event: EV_object_not_visible
[INFO] [1789490018.564681423] [robot_0.robot_supervisor]: Selected controllable event: EV_rotate_clockwise
[INFO] [1789490018.756623256] [robot_0.robot_supervisor]: Triggered uncontrollable event: EV_obstacle_left
[INFO] [1789490018.763870217] [robot_0.robot_supervisor]: Selected controllable event: EV_u_turn
[INFO] [1789490018.772184762] [robot_0.robot_supervisor]: Starting FULL ROTATE (omega=1.000, have_odom=True, target_rad=3.142, timeout_s=3.500)
[INFO] [1789490022.355432862] [robot_0.robot_supervisor]: FULL ROTATE completed by timeout
[INFO] [1789490022.581255087] [robot_0.robot_supervisor]: ############################# VISIBLE: EV_object_visible #############################
[INFO] [1789490022.582176632] [robot_0.robot_supervisor]: Selected controllable event: EV_search_object
[INFO] [1789490022.745957227] [robot_0.robot_supervisor]: Selected controllable event: EV_approach_object
[INFO] [1789490022.958109058] [robot_0.robot_supervisor]: Selected controllable event: EV_approach_color
[INFO] [1789490023.167051288] [robot_0.robot_supervisor]: ############################# VISIBLE: EV_object_visible #############################
[INFO] [1789490023.167745039] [robot_0.robot_supervisor]: Selected controllable event: EV_approach_object
[INFO] [1789490023.446817221] [robot_0.robot_supervisor]: Selected controllable event: EV_approach_object
[INFO] [1789490023.749407864] [robot_0.robot_supervisor]: Selected controllable event: EV_approach_color
[INFO] [1789490023.955145401] [robot_0.robot_supervisor]: ############################# VISIBLE: EV_object_visible #############################
[INFO] [1789490023.963540641] [robot_0.robot_supervisor]: Selected controllable event: EV_approach_object
[INFO] [1789490024.244329946] [robot_0.robot_supervisor]: Selected controllable event: EV_search_color
[INFO] [1789490024.447488765] [robot_0.robot_supervisor]: Selected controllable event: EV_move_forward
[INFO] [1789490024.656771434] [robot_0.robot_supervisor]: ############################# VISIBLE: EV_object_visible #############################
[INFO] [1789490024.657650687] [robot_0.robot_supervisor]: Selected controllable event: EV_move_forward
[INFO] [1789490024.947786884] [robot_0.robot_supervisor]: Selected controllable event: EV_approach_object
[INFO] [1789490025.152111497] [robot_0.robot_supervisor]: ############################# VISIBLE: EV_object_visible #############################
[INFO] [1789490025.153026169] [robot_0.robot_supervisor]: Selected controllable event: EV_search_object
[INFO] [1789490025.371147186] [robot_0.robot_supervisor]: Selected controllable event: EV_approach_color
[INFO] [1789490025.661416214] [robot_0.robot_supervisor]: Selected controllable event: EV_search_color
[INFO] [1789490025.861672745] [robot_0.robot_supervisor]: ############################# VISIBLE: EV_object_visible #############################
[INFO] [1789490025.885516316] [robot_0.robot_supervisor]: Selected controllable event: EV_search_color
[INFO] [1789490026.065390483] [robot_0.robot_supervisor]: Selected controllable event: EV_approach_color
[INFO] [1789490026.360177395] [robot_0.robot_supervisor]: Selected controllable event: EV_search_color
[INFO] [1789490026.548465921] [robot_0.robot_supervisor]: ############################# VISIBLE: EV_object_visible #############################
[INFO] [1789490026.549299003] [robot_0.robot_supervisor]: Selected controllable event: EV_approach_color
[INFO] [1789490026.845438670] [robot_0.robot_supervisor]: Selected controllable event: EV_approach_object
[INFO] [1789490027.053335419] [robot_0.robot_supervisor]: Selected controllable event: EV_approach_object
[INFO] [1789490027.264409947] [robot_0.robot_supervisor]: ############################# VISIBLE: EV_object_visible #############################
[INFO] [1789490027.265273641] [robot_0.robot_supervisor]: Selected controllable event: EV_approach_object
[INFO] [1789490027.558426674] [robot_0.robot_supervisor]: Selected controllable event: EV_search_color
[INFO] [1789490027.752448515] [robot_0.robot_supervisor]: Selected controllable event: EV_approach_color
[INFO] [1789490027.954575371] [robot_0.robot_supervisor]: Selected controllable event: EV_approach_color
[INFO] [1789490028.247332504] [robot_0.robot_supervisor]: ############################# VISIBLE: EV_object_visible #############################
[INFO] [1789490028.250532580] [robot_0.robot_supervisor]: Selected controllable event: EV_approach_object
[INFO] [1789490028.467032997] [robot_0.robot_supervisor]: Selected controllable event: EV_move_forward
[INFO] [1789490028.750217592] [robot_0.robot_supervisor]: ############################# VISIBLE: EV_object_visible #############################
[INFO] [1789490028.751071030] [robot_0.robot_supervisor]: Selected controllable event: EV_approach_object
[INFO] [1789490029.064846007] [robot_0.robot_supervisor]: Selected controllable event: EV_move_forward
[INFO] [1789490029.360661158] [robot_0.robot_supervisor]: Selected controllable event: EV_approach_color
[INFO] [1789490029.656984002] [robot_0.robot_supervisor]: ############################# VISIBLE: EV_object_visible #############################
[INFO] [1789490029.662301869] [robot_0.robot_supervisor]: Selected controllable event: EV_approach_color
[INFO] [1789490029.970668200] [robot_0.robot_supervisor]: Selected controllable event: EV_approach_object
[INFO] [1789490030.257681258] [robot_0.robot_supervisor]: ############################# REACHED: EV_object_reached #############################
[INFO] [1789490030.258569817] [robot_0.robot_supervisor]: Selected controllable event: EV_search_object
[INFO] [1789490030.461903444] [robot_0.robot_supervisor]: Selected controllable event: EV_approach_color
[INFO] [1789490030.744411419] [robot_0.robot_supervisor]: Selected controllable event: EV_approach_object
[INFO] [1789490030.957816142] [robot_0.robot_supervisor]: Triggered uncontrollable event: EV_obstacle_front
[INFO] [1789490030.969936508] [robot_0.robot_supervisor]: ############################# REACHED: EV_object_reached #############################
[INFO] [1789490030.970887983] [robot_0.robot_supervisor]: Selected controllable event: EV_rotate_counterclockwise
[INFO] [1789490031.169750086] [robot_0.robot_supervisor]: Triggered uncontrollable event: EV_obstacle_front
[INFO] [1789490031.171897876] [robot_0.robot_supervisor]: Selected controllable event: EV_u_turn
[INFO] [1789490031.172691357] [robot_0.robot_supervisor]: Starting FULL ROTATE (omega=1.000, have_odom=True, target_rad=3.142, timeout_s=3.500)
[INFO] [1789490034.753398788] [robot_0.robot_supervisor]: FULL ROTATE completed by timeout
[INFO] [1789490035.058762010] [robot_0.robot_supervisor]: ############################# REACHED: EV_object_reached #############################
[INFO] [1789490035.059671090] [robot_0.robot_supervisor]: Selected controllable event: EV_approach_color
[INFO] [1789490035.352068187] [robot_0.robot_supervisor]: ############################# REACHED: EV_object_reached #############################
[INFO] [1789490035.365259514] [robot_0.robot_supervisor]: Selected controllable event: EV_search_color
[INFO] [1789490035.553219641] [robot_0.robot_supervisor]: Selected controllable event: EV_approach_color
[INFO] [1789490035.760165216] [robot_0.robot_supervisor]: Selected controllable event: EV_approach_object
[INFO] [1789490035.969384083] [robot_0.robot_supervisor]: ############################# REACHED: EV_object_reached #############################
[INFO] [1789490035.970313979] [robot_0.robot_supervisor]: Selected controllable event: EV_search_object
[INFO] [1789490036.144664406] [robot_0.robot_supervisor]: Selected controllable event: EV_move_forward
[INFO] [1789490036.467401549] [robot_0.robot_supervisor]: Selected controllable event: EV_approach_object
[INFO] [1789490036.765064177] [robot_0.robot_supervisor]: ############################# REACHED: EV_object_reached #############################
[INFO] [1789490036.765977055] [robot_0.robot_supervisor]: Selected controllable event: EV_search_object
[INFO] [1789490036.961964440] [robot_0.robot_supervisor]: Selected controllable event: EV_approach_object
[INFO] [1789490037.260055138] [robot_0.robot_supervisor]: Selected controllable event: EV_approach_color
[INFO] [1789490037.551230223] [robot_0.robot_supervisor]: Selected controllable event: EV_search_color
[INFO] [1789490037.673161768] [robot_0.robot_supervisor]: ############################# REACHED: EV_object_reached #############################
[INFO] [1789490037.674161921] [robot_0.robot_supervisor]: Selected controllable event: EV_move_forward
[INFO] [1789490037.945784289] [robot_0.robot_supervisor]: Selected controllable event: EV_move_forward
[INFO] [1789490038.176823984] [robot_0.robot_supervisor]: Selected controllable event: EV_approach_color
[INFO] [1789490038.457582840] [robot_0.robot_supervisor]: Triggered uncontrollable event: EV_object_not_visible
[INFO] [1789490038.474276211] [robot_0.robot_supervisor]: Selected controllable event: EV_search_object
[INFO] [1789490038.651528856] [robot_0.robot_supervisor]: Selected controllable event: EV_search_color
[INFO] [1789490038.760814509] [robot_0.robot_supervisor]: Selected controllable event: EV_search_object
[INFO] [1789490038.873124562] [robot_0.robot_supervisor]: Selected controllable event: EV_search_color
[INFO] [1789490039.058078714] [robot_0.robot_supervisor]: Triggered uncontrollable event: EV_object_not_visible
[INFO] [1789490039.073144744] [robot_0.robot_supervisor]: Selected controllable event: EV_search_color
[INFO] [1789490039.267560799] [robot_0.robot_supervisor]: Selected controllable event: EV_search_object
[INFO] [1789490039.456333711] [robot_0.robot_supervisor]: Selected controllable event: EV_search_color
[INFO] [1789490039.650885823] [robot_0.robot_supervisor]: Triggered uncontrollable event: EV_object_not_visible
[INFO] [1789490039.651662536] [robot_0.robot_supervisor]: Selected controllable event: EV_search_color
[INFO] [1789490039.761488884] [robot_0.robot_supervisor]: Selected controllable event: EV_approach_color
[INFO] [1789490040.045201898] [robot_0.robot_supervisor]: Selected controllable event: EV_move_forward
[INFO] [1789490040.268463753] [robot_0.robot_supervisor]: Selected controllable event: EV_approach_object
[INFO] [1789490040.545415046] [robot_0.robot_supervisor]: Triggered uncontrollable event: EV_object_not_visible
[INFO] [1789490040.546258553] [robot_0.robot_supervisor]: Selected controllable event: EV_search_color
[INFO] [1789490040.680613849] [robot_0.robot_supervisor]: Selected controllable event: EV_search_color
[INFO] [1789490040.862930773] [robot_0.robot_supervisor]: Selected controllable event: EV_approach_color
[INFO] [1789490041.149325345] [robot_0.robot_supervisor]: Triggered uncontrollable event: EV_object_not_visible
[INFO] [1789490041.150202140] [robot_0.robot_supervisor]: Selected controllable event: EV_move_forward
[INFO] [1789490041.461606812] [robot_0.robot_supervisor]: Selected controllable event: EV_search_color
[INFO] [1789490041.660330364] [robot_0.robot_supervisor]: Selected controllable event: EV_move_forward
[INFO] [1789490041.963382234] [robot_0.robot_supervisor]: Triggered uncontrollable event: EV_object_not_visible
[INFO] [1789490041.974352041] [robot_0.robot_supervisor]: Selected controllable event: EV_move_forward
[INFO] [1789490042.269354393] [robot_0.robot_supervisor]: Selected controllable event: EV_approach_object
[INFO] [1789490042.562274820] [robot_0.robot_supervisor]: Triggered uncontrollable event: EV_object_not_visible
[INFO] [1789490042.567948703] [robot_0.robot_supervisor]: Selected controllable event: EV_search_color
[INFO] [1789490042.743296335] [robot_0.robot_supervisor]: Selected controllable event: EV_approach_color
[INFO] [1789490043.043127078] [robot_0.robot_supervisor]: Triggered uncontrollable event: EV_object_not_visible
[INFO] [1789490043.043968700] [robot_0.robot_supervisor]: Selected controllable event: EV_approach_color
[INFO] [1789490043.265500619] [robot_0.robot_supervisor]: Selected controllable event: EV_move_forward
[INFO] [1789490043.554608345] [robot_0.robot_supervisor]: Selected controllable event: EV_move_forward
[INFO] [1789490043.858927727] [robot_0.robot_supervisor]: Triggered uncontrollable event: EV_object_not_visible
[INFO] [1789490043.859823037] [robot_0.robot_supervisor]: Selected controllable event: EV_search_color
[INFO] [1789490044.051518492] [robot_0.robot_supervisor]: Selected controllable event: EV_search_object
[INFO] [1789490044.171684562] [robot_0.robot_supervisor]: Selected controllable event: EV_move_forward
[INFO] [1789490044.448843048] [robot_0.robot_supervisor]: Triggered uncontrollable event: EV_object_not_visible
[INFO] [1789490044.465691176] [robot_0.robot_supervisor]: Selected controllable event: EV_approach_color
[INFO] [1789490044.745532924] [robot_0.robot_supervisor]: Selected controllable event: EV_search_color
[INFO] [1789490044.848839949] [robot_0.robot_supervisor]: Selected controllable event: EV_move_forward
[INFO] [1789490045.067881337] [robot_0.robot_supervisor]: Selected controllable event: EV_search_object
[INFO] [1789490045.260473402] [robot_0.robot_supervisor]: Triggered uncontrollable event: EV_object_not_visible
[INFO] [1789490045.261257193] [robot_0.robot_supervisor]: Selected controllable event: EV_approach_object
[INFO] [1789490045.545031018] [robot_0.robot_supervisor]: Selected controllable event: EV_move_forward
[INFO] [1789490045.752691085] [robot_0.robot_supervisor]: Triggered uncontrollable event: EV_object_not_visible
[INFO] [1789490045.777370499] [robot_0.robot_supervisor]: Selected controllable event: EV_approach_color
[INFO] [1789490046.049253437] [robot_0.robot_supervisor]: Selected controllable event: EV_approach_object
[INFO] [1789490046.358537233] [robot_0.robot_supervisor]: Selected controllable event: EV_search_color
[INFO] [1789490046.556711923] [robot_0.robot_supervisor]: Triggered uncontrollable event: EV_object_not_visible
[INFO] [1789490046.559724871] [robot_0.robot_supervisor]: Selected controllable event: EV_approach_object
[INFO] [1789490046.867055598] [robot_0.robot_supervisor]: Selected controllable event: EV_approach_color
[INFO] [1789490047.155774288] [robot_0.robot_supervisor]: Triggered uncontrollable event: EV_obstacle_right
[INFO] [1789490047.156453353] [robot_0.robot_supervisor]: Triggered uncontrollable event: EV_object_not_visible
[INFO] [1789490047.178128583] [robot_0.robot_supervisor]: Selected controllable event: EV_u_turn
[INFO] [1789490047.178910814] [robot_0.robot_supervisor]: Starting FULL ROTATE (omega=1.000, have_odom=True, target_rad=3.142, timeout_s=3.500)
[INFO] [1789490050.747675604] [robot_0.robot_supervisor]: FULL ROTATE completed by timeout
[INFO] [1789490050.952991209] [robot_0.robot_supervisor]: ############################# VISIBLE: EV_object_visible #############################
[INFO] [1789490050.953774794] [robot_0.robot_supervisor]: Selected controllable event: EV_search_object
[INFO] [1789490051.162124493] [robot_0.robot_supervisor]: Selected controllable event: EV_search_color
[INFO] [1789490051.348465000] [robot_0.robot_supervisor]: Triggered uncontrollable event: EV_obstacle_right
[INFO] [1789490051.352642711] [robot_0.robot_supervisor]: ############################# VISIBLE: EV_object_visible #############################
[INFO] [1789490051.358914038] [robot_0.robot_supervisor]: Selected controllable event: EV_u_turn
[INFO] [1789490051.443343131] [robot_0.robot_supervisor]: Triggered uncontrollable event: EV_obstacle_right
[INFO] [1789490051.455992681] [robot_0.robot_supervisor]: Selected controllable event: EV_u_turn
[INFO] [1789490051.548709618] [robot_0.robot_supervisor]: Triggered uncontrollable event: EV_obstacle_right
[INFO] [1789490051.558547148] [robot_0.robot_supervisor]: Selected controllable event: EV_u_turn
[INFO] [1789490051.661872543] [robot_0.robot_supervisor]: Triggered uncontrollable event: EV_obstacle_right
[INFO] [1789490051.672747274] [robot_0.robot_supervisor]: Selected controllable event: EV_rotate_counterclockwise
[WARN] [1789490051.674554527] [robot_0.robot_supervisor]: no translation for 5.1s livelock detected; starting atomic escape (turn_sign=+1)
[INFO] [1789490054.146717939] [robot_0.robot_supervisor]: Zone-livelock escape completed
[INFO] [1789490054.355736070] [robot_0.robot_supervisor]: ############################# VISIBLE: EV_object_visible #############################
[INFO] [1789490054.366061958] [robot_0.robot_supervisor]: Selected controllable event: EV_search_object
[INFO] [1789490054.554366953] [robot_0.robot_supervisor]: Selected controllable event: EV_move_forward
[INFO] [1789490054.760881864] [robot_0.robot_supervisor]: ############################# VISIBLE: EV_object_visible #############################
[INFO] [1789490054.783196964] [robot_0.robot_supervisor]: Selected controllable event: EV_search_object
[INFO] [1789490054.949410362] [robot_0.robot_supervisor]: Selected controllable event: EV_approach_object
[INFO] [1789490055.167233455] [robot_0.robot_supervisor]: Selected controllable event: EV_search_object
[INFO] [1789490055.358800915] [robot_0.robot_supervisor]: Selected controllable event: EV_approach_object
[INFO] [1789490055.651416166] [robot_0.robot_supervisor]: ############################# VISIBLE: EV_object_visible #############################
[INFO] [1789490055.652199429] [robot_0.robot_supervisor]: Selected controllable event: EV_approach_color
[INFO] [1789490055.859961351] [robot_0.robot_supervisor]: Selected controllable event: EV_search_object
[INFO] [1789490055.963921171] [robot_0.robot_supervisor]: Selected controllable event: EV_search_color
[INFO] [1789490056.166694417] [robot_0.robot_supervisor]: Triggered uncontrollable event: EV_obstacle_left
[INFO] [1789490056.167410227] [robot_0.robot_supervisor]: ############################# VISIBLE: EV_object_visible #############################
[INFO] [1789490056.186580301] [robot_0.robot_supervisor]: Selected controllable event: EV_rotate_clockwise
[INFO] [1789490056.354361135] [robot_0.robot_supervisor]: Triggered uncontrollable event: EV_obstacle_left
[INFO] [1789490056.355147268] [robot_0.robot_supervisor]: Selected controllable event: EV_u_turn
[INFO] [1789490056.356571377] [robot_0.robot_supervisor]: Starting FULL ROTATE (omega=1.000, have_odom=True, target_rad=3.142, timeout_s=3.500)
[INFO] [1789490059.952068388] [robot_0.robot_supervisor]: FULL ROTATE completed by timeout
[INFO] [1789490060.170430420] [robot_0.robot_supervisor]: Triggered uncontrollable event: EV_obstacle_right
[INFO] [1789490060.171123053] [robot_0.robot_supervisor]: Triggered uncontrollable event: EV_object_not_visible
[INFO] [1789490060.182236402] [robot_0.robot_supervisor]: Selected controllable event: EV_u_turn
[INFO] [1789490060.254386859] [robot_0.robot_supervisor]: Triggered uncontrollable event: EV_object_not_visible
[INFO] [1789490060.269593879] [robot_0.robot_supervisor]: Selected controllable event: EV_approach_object
[INFO] [1789490060.553572494] [robot_0.robot_supervisor]: Selected controllable event: EV_move_forward
[INFO] [1789490060.769890771] [robot_0.robot_supervisor]: Selected controllable event: EV_search_object
[INFO] [1789490060.951475231] [robot_0.robot_supervisor]: Triggered uncontrollable event: EV_object_not_visible
[INFO] [1789490060.952317649] [robot_0.robot_supervisor]: Selected controllable event: EV_search_color
[INFO] [1789490061.057393606] [robot_0.robot_supervisor]: Selected controllable event: EV_approach_color
[INFO] [1789490061.266985931] [robot_0.robot_supervisor]: Selected controllable event: EV_search_color
[INFO] [1789490061.473442522] [robot_0.robot_supervisor]: Selected controllable event: EV_search_object
[INFO] [1789490061.655598441] [robot_0.robot_supervisor]: Triggered uncontrollable event: EV_object_not_visible
[INFO] [1789490061.663876492] [robot_0.robot_supervisor]: Selected controllable event: EV_approach_color
[INFO] [1789490061.957235366] [robot_0.robot_supervisor]: Selected controllable event: EV_search_object
[INFO] [1789490062.064718232] [robot_0.robot_supervisor]: Selected controllable event: EV_move_forward
[INFO] [1789490062.377491026] [robot_0.robot_supervisor]: Triggered uncontrollable event: EV_obstacle_left
[INFO] [1789490062.378276806] [robot_0.robot_supervisor]: Selected controllable event: EV_rotate_clockwise
[INFO] [1789490062.557059715] [robot_0.robot_supervisor]: Triggered uncontrollable event: EV_obstacle_left
[INFO] [1789490062.564139463] [robot_0.robot_supervisor]: Triggered uncontrollable event: EV_object_not_visible
[INFO] [1789490062.571510844] [robot_0.robot_supervisor]: Selected controllable event: EV_rotate_clockwise
[INFO] [1789490062.752321404] [robot_0.robot_supervisor]: Triggered uncontrollable event: EV_obstacle_left
[INFO] [1789490062.756609963] [robot_0.robot_supervisor]: Selected controllable event: EV_rotate_clockwise
[INFO] [1789490062.948473788] [robot_0.robot_supervisor]: Triggered uncontrollable event: EV_obstacle_left
[INFO] [1789490062.961290561] [robot_0.robot_supervisor]: Selected controllable event: EV_u_turn
[INFO] [1789490062.962096754] [robot_0.robot_supervisor]: Starting FULL ROTATE (omega=1.000, have_odom=True, target_rad=3.142, timeout_s=3.500)
[INFO] [1789490066.555095563] [robot_0.robot_supervisor]: FULL ROTATE completed by timeout
[INFO] [1789490066.847668287] [robot_0.robot_supervisor]: Triggered uncontrollable event: EV_obstacle_right
[INFO] [1789490066.848437623] [robot_0.robot_supervisor]: ############################# VISIBLE: EV_object_visible #############################
[INFO] [1789490066.857337676] [robot_0.robot_supervisor]: Selected controllable event: EV_rotate_counterclockwise
[WARN] [1789490066.864405742] [robot_0.robot_supervisor]: no translation for 5.4s livelock detected; starting atomic escape (turn_sign=+1)
[INFO] [1789490069.267481809] [robot_0.robot_supervisor]: Zone-livelock escape completed
[INFO] [1789490069.555280797] [robot_0.robot_supervisor]: ############################# VISIBLE: EV_object_visible #############################
[INFO] [1789490069.559461657] [robot_0.robot_supervisor]: Selected controllable event: EV_search_object
[INFO] [1789490069.749081644] [robot_0.robot_supervisor]: ############################# VISIBLE: EV_object_visible #############################
[INFO] [1789490069.761008840] [robot_0.robot_supervisor]: Selected controllable event: EV_move_forward
[INFO] [1789490070.053446412] [robot_0.robot_supervisor]: Selected controllable event: EV_move_forward
[INFO] [1789490070.358615008] [robot_0.robot_supervisor]: Selected controllable event: EV_approach_color
[INFO] [1789490070.587279094] [robot_0.robot_supervisor]: ############################# VISIBLE: EV_object_visible #############################
[INFO] [1789490070.588176548] [robot_0.robot_supervisor]: Selected controllable event: EV_search_object
[INFO] [1789490070.762668462] [robot_0.robot_supervisor]: Selected controllable event: EV_move_forward
[INFO] [1789490071.043000203] [robot_0.robot_supervisor]: Selected controllable event: EV_approach_object
[INFO] [1789490071.245795752] [robot_0.robot_supervisor]: ############################# VISIBLE: EV_object_visible #############################
[INFO] [1789490071.246637770] [robot_0.robot_supervisor]: Selected controllable event: EV_approach_color
[INFO] [1789490071.460760004] [robot_0.robot_supervisor]: Selected controllable event: EV_move_forward
[INFO] [1789490071.664260109] [robot_0.robot_supervisor]: Selected controllable event: EV_search_object
[INFO] [1789490071.843090318] [robot_0.robot_supervisor]: ############################# VISIBLE: EV_object_visible #############################
[INFO] [1789490071.843903791] [robot_0.robot_supervisor]: Selected controllable event: EV_approach_color
[INFO] [1789490072.053406096] [robot_0.robot_supervisor]: Selected controllable event: EV_approach_color
[INFO] [1789490072.351506777] [robot_0.robot_supervisor]: Selected controllable event: EV_search_object
[INFO] [1789490072.464267384] [robot_0.robot_supervisor]: Selected controllable event: EV_move_forward
[INFO] [1789490072.746419228] [robot_0.robot_supervisor]: Triggered uncontrollable event: EV_object_not_visible
[INFO] [1789490072.747270934] [robot_0.robot_supervisor]: Selected controllable event: EV_move_forward
[INFO] [1789490072.961818862] [robot_0.robot_supervisor]: Selected controllable event: EV_move_forward
[INFO] [1789490073.244317296] [robot_0.robot_supervisor]: Selected controllable event: EV_search_object
[INFO] [1789490073.354088083] [robot_0.robot_supervisor]: Triggered uncontrollable event: EV_object_not_visible
[INFO] [1789490073.362997255] [robot_0.robot_supervisor]: Selected controllable event: EV_approach_color
[INFO] [1789490073.648173143] [robot_0.robot_supervisor]: Selected controllable event: EV_approach_object
[INFO] [1789490073.861734545] [robot_0.robot_supervisor]: Selected controllable event: EV_search_object
[INFO] [1789490074.063157002] [robot_0.robot_supervisor]: Triggered uncontrollable event: EV_object_not_visible
[INFO] [1789490074.072676880] [robot_0.robot_supervisor]: Selected controllable event: EV_search_object
[INFO] [1789490074.255258760] [robot_0.robot_supervisor]: Selected controllable event: EV_approach_color
[INFO] [1789490074.471460384] [robot_0.robot_supervisor]: Selected controllable event: EV_search_color
[INFO] [1789490074.665413077] [robot_0.robot_supervisor]: Selected controllable event: EV_search_object
[INFO] [1789490074.770988286] [robot_0.robot_supervisor]: Selected controllable event: EV_move_forward
[INFO] [1789490075.060219047] [robot_0.robot_supervisor]: Triggered uncontrollable event: EV_object_not_visible
[INFO] [1789490075.061156442] [robot_0.robot_supervisor]: Selected controllable event: EV_approach_color
[INFO] [1789490075.350599794] [robot_0.robot_supervisor]: Selected controllable event: EV_approach_object
[INFO] [1789490075.646159952] [robot_0.robot_supervisor]: Triggered uncontrollable event: EV_obstacle_right
[INFO] [1789490075.653771388] [robot_0.robot_supervisor]: Triggered uncontrollable event: EV_object_not_visible
[INFO] [1789490075.654727780] [robot_0.robot_supervisor]: Selected controllable event: EV_u_turn
[INFO] [1789490075.664649487] [robot_0.robot_supervisor]: Starting FULL ROTATE (omega=1.000, have_odom=True, target_rad=3.142, timeout_s=3.500)
[INFO] [1789490079.262387230] [robot_0.robot_supervisor]: FULL ROTATE completed by timeout
[INFO] [1789490079.553660073] [robot_0.robot_supervisor]: Triggered uncontrollable event: EV_obstacle_right
[INFO] [1789490079.554349776] [robot_0.robot_supervisor]: Triggered uncontrollable event: EV_object_not_visible
[INFO] [1789490079.568916414] [robot_0.robot_supervisor]: Selected controllable event: EV_rotate_counterclockwise
[WARN] [1789490079.569707917] [robot_0.robot_supervisor]: no translation for 4.2s livelock detected; starting atomic escape (turn_sign=+1)
[INFO] [1789490082.148289934] [robot_0.robot_supervisor]: Zone-livelock escape completed
[INFO] [1789490082.457226666] [robot_0.robot_supervisor]: Triggered uncontrollable event: EV_object_not_visible
[INFO] [1789490082.458096181] [robot_0.robot_supervisor]: Selected controllable event: EV_search_object
[INFO] [1789490082.664301977] [robot_0.robot_supervisor]: Selected controllable event: EV_move_forward
[INFO] [1789490082.947007687] [robot_0.robot_supervisor]: ############################# VISIBLE: EV_object_visible #############################
[INFO] [1789490082.953376539] [robot_0.robot_supervisor]: Selected controllable event: EV_approach_color
[INFO] [1789490083.181101263] [robot_0.robot_supervisor]: Selected controllable event: EV_approach_color
[INFO] [1789490083.456220148] [robot_0.robot_supervisor]: ############################# VISIBLE: EV_object_visible #############################
[INFO] [1789490083.462504376] [robot_0.robot_supervisor]: Selected controllable event: EV_approach_color
[INFO] [1789490083.746606049] [robot_0.robot_supervisor]: Selected controllable event: EV_search_color
[INFO] [1789490083.858174375] [robot_0.robot_supervisor]: Selected controllable event: EV_approach_object
[INFO] [1789490084.145392163] [robot_0.robot_supervisor]: ############################# VISIBLE: EV_object_visible #############################
[INFO] [1789490084.155484434] [robot_0.robot_supervisor]: Selected controllable event: EV_search_object
[INFO] [1789490084.367009091] [robot_0.robot_supervisor]: Selected controllable event: EV_approach_object
[INFO] [1789490084.652015592] [robot_0.robot_supervisor]: Selected controllable event: EV_move_forward
[INFO] [1789490084.946162973] [robot_0.robot_supervisor]: ############################# VISIBLE: EV_object_visible #############################
[INFO] [1789490084.966714539] [robot_0.robot_supervisor]: Selected controllable event: EV_search_color
[INFO] [1789490085.070905190] [robot_0.robot_supervisor]: Selected controllable event: EV_search_color
[INFO] [1789490085.268467297] [robot_0.robot_supervisor]: Selected controllable event: EV_search_color
[INFO] [1789490085.454324255] [robot_0.robot_supervisor]: Selected controllable event: EV_search_object
[INFO] [1789490085.648155448] [robot_0.robot_supervisor]: Selected controllable event: EV_approach_color
[INFO] [1789490085.959717286] [robot_0.robot_supervisor]: ############################# VISIBLE: EV_object_visible #############################
[INFO] [1789490085.968043561] [robot_0.robot_supervisor]: Selected controllable event: EV_approach_object
[INFO] [1789490086.260260614] [robot_0.robot_supervisor]: Selected controllable event: EV_search_color
[INFO] [1789490086.451207053] [robot_0.robot_supervisor]: Selected controllable event: EV_search_color
[INFO] [1789490086.656168630] [robot_0.robot_supervisor]: ############################# VISIBLE: EV_object_visible #############################
[INFO] [1789490086.657930102] [robot_0.robot_supervisor]: Selected controllable event: EV_approach_color
[INFO] [1789490086.952123630] [robot_0.robot_supervisor]: Selected controllable event: EV_search_object
[INFO] [1789490087.055953473] [robot_0.robot_supervisor]: Selected controllable event: EV_approach_object
[INFO] [1789490087.263777923] [robot_0.robot_supervisor]: ############################# VISIBLE: EV_object_visible #############################
[INFO] [1789490087.270127106] [robot_0.robot_supervisor]: Selected controllable event: EV_move_forward
[INFO] [1789490087.547702097] [robot_0.robot_supervisor]: Selected controllable event: EV_search_color
[INFO] [1789490087.661893340] [robot_0.robot_supervisor]: Selected controllable event: EV_search_color
[INFO] [1789490087.852722204] [robot_0.robot_supervisor]: Selected controllable event: EV_search_color
[INFO] [1789490087.957540350] [robot_0.robot_supervisor]: ############################# VISIBLE: EV_object_visible #############################
[INFO] [1789490087.958436929] [robot_0.robot_supervisor]: Selected controllable event: EV_search_color
[INFO] [1789490088.161451683] [robot_0.robot_supervisor]: Selected controllable event: EV_approach_object
[INFO] [1789490088.468949293] [robot_0.robot_supervisor]: Selected controllable event: EV_approach_color
[INFO] [1789490088.764990684] [robot_0.robot_supervisor]: ############################# VISIBLE: EV_object_visible #############################
[INFO] [1789490088.765882202] [robot_0.robot_supervisor]: Selected controllable event: EV_search_object
[INFO] [1789490088.963019014] [robot_0.robot_supervisor]: Selected controllable event: EV_search_color
[INFO] [1789490089.155050143] [robot_0.robot_supervisor]: Selected controllable event: EV_search_object
[INFO] [1789490089.264682704] [robot_0.robot_supervisor]: Selected controllable event: EV_search_color
[INFO] [1789490089.453727020] [robot_0.robot_supervisor]: Triggered uncontrollable event: EV_obstacle_left
[INFO] [1789490089.460569630] [robot_0.robot_supervisor]: ############################# VISIBLE: EV_object_visible #############################
[INFO] [1789490089.461363531] [robot_0.robot_supervisor]: Selected controllable event: EV_rotate_clockwise
[INFO] [1789490089.648747663] [robot_0.robot_supervisor]: Triggered uncontrollable event: EV_obstacle_left
[INFO] [1789490089.649538485] [robot_0.robot_supervisor]: Selected controllable event: EV_u_turn
[INFO] [1789490089.669651078] [robot_0.robot_supervisor]: Starting FULL ROTATE (omega=1.000, have_odom=True, target_rad=3.142, timeout_s=3.500)
[INFO] [1789490093.153865756] [robot_0.robot_supervisor]: FULL ROTATE completed by timeout
[INFO] [1789490093.468147148] [robot_0.robot_supervisor]: Triggered uncontrollable event: EV_object_not_visible
[INFO] [1789490093.469030656] [robot_0.robot_supervisor]: Selected controllable event: EV_search_color
[INFO] [1789490093.652869922] [robot_0.robot_supervisor]: Selected controllable event: EV_search_object
[INFO] [1789490093.855012063] [robot_0.robot_supervisor]: Selected controllable event: EV_approach_color
[INFO] [1789490094.067432243] [robot_0.robot_supervisor]: Selected controllable event: EV_search_object
[INFO] [1789490094.263647039] [robot_0.robot_supervisor]: Triggered uncontrollable event: EV_object_not_visible
[INFO] [1789490094.275895627] [robot_0.robot_supervisor]: Selected controllable event: EV_search_object
[INFO] [1789490094.449011724] [robot_0.robot_supervisor]: Selected controllable event: EV_approach_object
[INFO] [1789490094.767127499] [robot_0.robot_supervisor]: Selected controllable event: EV_approach_object
[INFO] [1789490095.057403406] [robot_0.robot_supervisor]: Triggered uncontrollable event: EV_object_not_visible
[INFO] [1789490095.063684382] [robot_0.robot_supervisor]: Selected controllable event: EV_approach_object
[INFO] [1789490095.352363572] [robot_0.robot_supervisor]: Selected controllable event: EV_approach_color
[INFO] [1789490095.651619338] [robot_0.robot_supervisor]: Triggered uncontrollable event: EV_object_not_visible
[INFO] [1789490095.657282935] [robot_0.robot_supervisor]: Selected controllable event: EV_approach_color
[INFO] [1789490095.863001300] [robot_0.robot_supervisor]: Selected controllable event: EV_search_object
[INFO] [1789490096.069211155] [robot_0.robot_supervisor]: Selected controllable event: EV_search_object
[INFO] [1789490096.245380193] [robot_0.robot_supervisor]: Triggered uncontrollable event: EV_object_not_visible
[INFO] [1789490096.246229898] [robot_0.robot_supervisor]: Selected controllable event: EV_search_color
[INFO] [1789490096.349313620] [robot_0.robot_supervisor]: Selected controllable event: EV_approach_object
[INFO] [1789490096.650590546] [robot_0.robot_supervisor]: Selected controllable event: EV_approach_color
[INFO] [1789490096.953351986] [robot_0.robot_supervisor]: Selected controllable event: EV_approach_object
[INFO] [1789490097.244085108] [robot_0.robot_supervisor]: Triggered uncontrollable event: EV_object_not_visible
[INFO] [1789490097.244866962] [robot_0.robot_supervisor]: Selected controllable event: EV_search_color
[INFO] [1789490097.365267174] [robot_0.robot_supervisor]: Selected controllable event: EV_search_color
[INFO] [1789490097.558603863] [robot_0.robot_supervisor]: Selected controllable event: EV_search_color
[INFO] [1789490097.679048426] [robot_0.robot_supervisor]: Selected controllable event: EV_move_forward
[INFO] [1789490097.950458419] [robot_0.robot_supervisor]: Triggered uncontrollable event: EV_object_not_visible
[INFO] [1789490097.951227958] [robot_0.robot_supervisor]: Selected controllable event: EV_search_color
[INFO] [1789490098.054464111] [robot_0.robot_supervisor]: Selected controllable event: EV_approach_color
[INFO] [1789490098.362594168] [robot_0.robot_supervisor]: Triggered uncontrollable event: EV_object_not_visible
[INFO] [1789490098.363490115] [robot_0.robot_supervisor]: Selected controllable event: EV_approach_object
[INFO] [1789490098.643026610] [robot_0.robot_supervisor]: Selected controllable event: EV_move_forward
[INFO] [1789490098.862154535] [robot_0.robot_supervisor]: Selected controllable event: EV_search_color
[INFO] [1789490099.053980818] [robot_0.robot_supervisor]: Triggered uncontrollable event: EV_obstacle_left
[INFO] [1789490099.054560890] [robot_0.robot_supervisor]: Triggered uncontrollable event: EV_object_not_visible
[INFO] [1789490099.055299697] [robot_0.robot_supervisor]: Selected controllable event: EV_u_turn
[INFO] [1789490099.073287180] [robot_0.robot_supervisor]: Starting FULL ROTATE (omega=1.000, have_odom=True, target_rad=3.142, timeout_s=3.500)
