[INFO] [1789489731.622994023] [robot_1.robot_supervisor]: Loaded initial mission 'balanced_delivery' from explicit YAML S_20260915_182327.yaml
[INFO] [1789489731.741049695] [robot_1.robot_supervisor]: Selected controllable event: EV_search_color
[INFO] [1789489731.845881751] [robot_1.robot_supervisor]: Selected controllable event: EV_search_color
[INFO] [1789489732.040549113] [robot_1.robot_supervisor]: Selected controllable event: EV_move_forward
[INFO] [1789489732.245821213] [robot_1.robot_supervisor]: Selected controllable event: EV_search_color
[INFO] [1789489732.444912058] [robot_1.robot_supervisor]: Selected controllable event: EV_move_forward
[INFO] [1789489732.650923142] [robot_1.robot_supervisor]: Selected controllable event: EV_approach_color
[INFO] [1789489732.940954902] [robot_1.robot_supervisor]: Selected controllable event: EV_approach_color
[INFO] [1789489733.244997952] [robot_1.robot_supervisor]: Selected controllable event: EV_move_forward
[INFO] [1789489733.546843126] [robot_1.robot_supervisor]: Selected controllable event: EV_approach_object
[INFO] [1789489733.836365713] [robot_1.robot_supervisor]: Selected controllable event: EV_search_color
[INFO] [1789489734.039990041] [robot_1.robot_supervisor]: Selected controllable event: EV_search_object
[INFO] [1789489734.236123132] [robot_1.robot_supervisor]: Selected controllable event: EV_move_forward
[INFO] [1789489734.536273612] [robot_1.robot_supervisor]: Selected controllable event: EV_approach_color
[INFO] [1789489734.836221678] [robot_1.robot_supervisor]: Selected controllable event: EV_approach_color
[INFO] [1789489735.136437117] [robot_1.robot_supervisor]: Selected controllable event: EV_approach_object
[INFO] [1789489735.436151245] [robot_1.robot_supervisor]: Selected controllable event: EV_search_object
[INFO] [1789489735.636346903] [robot_1.robot_supervisor]: Selected controllable event: EV_move_forward
[INFO] [1789489735.940278898] [robot_1.robot_supervisor]: ############################# REACHED: EV_object_reached #############################
[INFO] [1789489735.940845762] [robot_1.robot_supervisor]: Selected controllable event: EV_search_object
[INFO] [1789489736.142410131] [robot_1.robot_supervisor]: Selected controllable event: EV_approach_color
[INFO] [1789489736.440001180] [robot_1.robot_supervisor]: Selected controllable event: EV_search_object
[INFO] [1789489736.636233333] [robot_1.robot_supervisor]: ############################# REACHED: EV_object_reached #############################
[INFO] [1789489736.652226638] [robot_1.robot_supervisor]: Selected controllable event: EV_approach_color
[INFO] [1789489736.962039423] [robot_1.robot_supervisor]: Selected controllable event: EV_search_color
[INFO] [1789489737.145543396] [robot_1.robot_supervisor]: ############################# REACHED: EV_object_reached #############################
[INFO] [1789489737.146210465] [robot_1.robot_supervisor]: Selected controllable event: EV_search_object
[INFO] [1789489737.340786521] [robot_1.robot_supervisor]: Selected controllable event: EV_approach_color
[INFO] [1789489737.548767169] [robot_1.robot_supervisor]: Triggered uncontrollable event: EV_obstacle_right
[INFO] [1789489737.549285399] [robot_1.robot_supervisor]: ############################# REACHED: EV_object_reached #############################
[INFO] [1789489737.549915166] [robot_1.robot_supervisor]: Selected controllable event: EV_u_turn
[INFO] [1789489737.550465724] [robot_1.robot_supervisor]: Starting FULL ROTATE (omega=1.000, have_odom=True, target_rad=3.142, timeout_s=3.500)
[INFO] [1789489741.041177953] [robot_1.robot_supervisor]: FULL ROTATE completed by odom (accum_rad=3.235)
[INFO] [1789489741.353381611] [robot_1.robot_supervisor]: Triggered uncontrollable event: EV_obstacle_front
[INFO] [1789489741.353916649] [robot_1.robot_supervisor]: ############################# REACHED: EV_object_reached #############################
[INFO] [1789489741.354537037] [robot_1.robot_supervisor]: Selected controllable event: EV_move_backward
[WARN] [1789489741.355168875] [robot_1.robot_supervisor]: no translation for 4.2s livelock detected; starting atomic escape (turn_sign=-1)
[INFO] [1789489743.936833950] [robot_1.robot_supervisor]: Zone-livelock escape completed
[INFO] [1789489744.138031775] [robot_1.robot_supervisor]: Triggered uncontrollable event: EV_obstacle_left
[INFO] [1789489744.138570006] [robot_1.robot_supervisor]: ############################# REACHED: EV_object_reached #############################
[INFO] [1789489744.139260884] [robot_1.robot_supervisor]: Selected controllable event: EV_u_turn
[INFO] [1789489744.139748479] [robot_1.robot_supervisor]: Starting FULL ROTATE (omega=1.000, have_odom=True, target_rad=3.142, timeout_s=3.500)
[INFO] [1789489747.645398837] [robot_1.robot_supervisor]: FULL ROTATE completed by timeout
[INFO] [1789489747.847780738] [robot_1.robot_supervisor]: ############################# REACHED: EV_object_reached #############################
[INFO] [1789489747.848402724] [robot_1.robot_supervisor]: Selected controllable event: EV_search_object
[INFO] [1789489748.052395795] [robot_1.robot_supervisor]: Selected controllable event: EV_search_color
[INFO] [1789489748.250229988] [robot_1.robot_supervisor]: ############################# REACHED: EV_object_reached #############################
[INFO] [1789489748.253463002] [robot_1.robot_supervisor]: Selected controllable event: EV_approach_object
[INFO] [1789489748.540061147] [robot_1.robot_supervisor]: Selected controllable event: EV_move_forward
[INFO] [1789489748.755593607] [robot_1.robot_supervisor]: ############################# REACHED: EV_object_reached #############################
[INFO] [1789489748.756126432] [robot_1.robot_supervisor]: Selected controllable event: EV_search_color
[INFO] [1789489748.949168633] [robot_1.robot_supervisor]: Selected controllable event: EV_approach_color
[INFO] [1789489749.236540709] [robot_1.robot_supervisor]: ############################# REACHED: EV_object_reached #############################
[INFO] [1789489749.238367875] [robot_1.robot_supervisor]: Selected controllable event: EV_move_forward
[INFO] [1789489749.442446238] [robot_1.robot_supervisor]: Selected controllable event: EV_search_object
[INFO] [1789489749.637607974] [robot_1.robot_supervisor]: Selected controllable event: EV_approach_color
[INFO] [1789489749.851501966] [robot_1.robot_supervisor]: ############################# REACHED: EV_object_reached #############################
[INFO] [1789489749.852215468] [robot_1.robot_supervisor]: Selected controllable event: EV_approach_color
[INFO] [1789489750.136928401] [robot_1.robot_supervisor]: Selected controllable event: EV_approach_color
[INFO] [1789489750.345127694] [robot_1.robot_supervisor]: ############################# REACHED: EV_object_reached #############################
[INFO] [1789489750.345687203] [robot_1.robot_supervisor]: Selected controllable event: EV_search_color
[INFO] [1789489750.550295029] [robot_1.robot_supervisor]: Selected controllable event: EV_move_forward
[INFO] [1789489750.846568642] [robot_1.robot_supervisor]: ############################# REACHED: EV_object_reached #############################
[INFO] [1789489750.851034602] [robot_1.robot_supervisor]: Selected controllable event: EV_search_color
[INFO] [1789489751.048992263] [robot_1.robot_supervisor]: Selected controllable event: EV_search_color
[INFO] [1789489751.247131801] [robot_1.robot_supervisor]: ############################# REACHED: EV_object_reached #############################
[INFO] [1789489751.247729979] [robot_1.robot_supervisor]: Selected controllable event: EV_search_color
[INFO] [1789489751.438705394] [robot_1.robot_supervisor]: Selected controllable event: EV_approach_color
[INFO] [1789489751.644293332] [robot_1.robot_supervisor]: Selected controllable event: EV_move_forward
[INFO] [1789489751.938884033] [robot_1.robot_supervisor]: ############################# REACHED: EV_object_reached #############################
[INFO] [1789489751.939487897] [robot_1.robot_supervisor]: Selected controllable event: EV_approach_color
[INFO] [1789489752.144681894] [robot_1.robot_supervisor]: ############################# REACHED: EV_object_reached #############################
[INFO] [1789489752.145335393] [robot_1.robot_supervisor]: Selected controllable event: EV_move_forward
[INFO] [1789489752.442239260] [robot_1.robot_supervisor]: Selected controllable event: EV_search_object
[INFO] [1789489752.543622603] [robot_1.robot_supervisor]: Selected controllable event: EV_search_object
[INFO] [1789489752.755250211] [robot_1.robot_supervisor]: ############################# REACHED: EV_object_reached #############################
[INFO] [1789489752.755830706] [robot_1.robot_supervisor]: Selected controllable event: EV_approach_color
[INFO] [1789489753.049580016] [robot_1.robot_supervisor]: Selected controllable event: EV_move_forward
[INFO] [1789489753.343084956] [robot_1.robot_supervisor]: ############################# REACHED: EV_object_reached #############################
[INFO] [1789489753.343611213] [robot_1.robot_supervisor]: Selected controllable event: EV_search_color
[INFO] [1789489753.446125353] [robot_1.robot_supervisor]: Selected controllable event: EV_approach_color
[INFO] [1789489753.744013945] [robot_1.robot_supervisor]: ############################# REACHED: EV_object_reached #############################
[INFO] [1789489753.747465749] [robot_1.robot_supervisor]: Selected controllable event: EV_move_forward
[INFO] [1789489754.036926267] [robot_1.robot_supervisor]: ############################# REACHED: EV_object_reached #############################
[INFO] [1789489754.039353905] [robot_1.robot_supervisor]: Selected controllable event: EV_approach_color
[INFO] [1789489754.337519345] [robot_1.robot_supervisor]: Selected controllable event: EV_move_forward
[INFO] [1789489754.553654555] [robot_1.robot_supervisor]: ############################# REACHED: EV_object_reached #############################
[INFO] [1789489754.561949989] [robot_1.robot_supervisor]: Selected controllable event: EV_approach_object
[INFO] [1789489754.854818356] [robot_1.robot_supervisor]: Selected controllable event: EV_move_forward
[INFO] [1789489755.147883511] [robot_1.robot_supervisor]: ############################# REACHED: EV_object_reached #############################
[INFO] [1789489755.148595649] [robot_1.robot_supervisor]: Selected controllable event: EV_search_color
[INFO] [1789489755.257210583] [robot_1.robot_supervisor]: Selected controllable event: EV_move_forward
[INFO] [1789489755.544798584] [robot_1.robot_supervisor]: ############################# REACHED: EV_object_reached #############################
[INFO] [1789489755.545452221] [robot_1.robot_supervisor]: Selected controllable event: EV_approach_object
[INFO] [1789489755.845151591] [robot_1.robot_supervisor]: Selected controllable event: EV_search_object
[INFO] [1789489756.036891918] [robot_1.robot_supervisor]: ############################# REACHED: EV_object_reached #############################
[INFO] [1789489756.041756433] [robot_1.robot_supervisor]: Selected controllable event: EV_move_forward
[INFO] [1789489756.346958682] [robot_1.robot_supervisor]: Selected controllable event: EV_search_object
[INFO] [1789489756.548411899] [robot_1.robot_supervisor]: ############################# REACHED: EV_object_reached #############################
[INFO] [1789489756.549082503] [robot_1.robot_supervisor]: Selected controllable event: EV_search_color
[INFO] [1789489756.737361257] [robot_1.robot_supervisor]: Selected controllable event: EV_search_object
[INFO] [1789489756.840052935] [robot_1.robot_supervisor]: Selected controllable event: EV_search_object
[INFO] [1789489756.946607000] [robot_1.robot_supervisor]: ############################# REACHED: EV_object_reached #############################
[INFO] [1789489756.947180946] [robot_1.robot_supervisor]: Selected controllable event: EV_approach_object
[INFO] [1789489757.252139512] [robot_1.robot_supervisor]: Selected controllable event: EV_approach_object
[INFO] [1789489757.539268759] [robot_1.robot_supervisor]: ############################# REACHED: EV_object_reached #############################
[INFO] [1789489757.539824073] [robot_1.robot_supervisor]: Selected controllable event: EV_search_color
[INFO] [1789489757.737535405] [robot_1.robot_supervisor]: Selected controllable event: EV_search_object
[INFO] [1789489757.940648351] [robot_1.robot_supervisor]: ############################# REACHED: EV_object_reached #############################
[INFO] [1789489757.941278264] [robot_1.robot_supervisor]: Selected controllable event: EV_approach_object
[INFO] [1789489758.265039530] [robot_1.robot_supervisor]: Selected controllable event: EV_search_color
[INFO] [1789489758.449519171] [robot_1.robot_supervisor]: ############################# REACHED: EV_object_reached #############################
[INFO] [1789489758.450163435] [robot_1.robot_supervisor]: Selected controllable event: EV_search_color
[INFO] [1789489758.641177330] [robot_1.robot_supervisor]: Selected controllable event: EV_approach_object
[INFO] [1789489758.944489612] [robot_1.robot_supervisor]: ############################# REACHED: EV_object_reached #############################
[INFO] [1789489758.954725915] [robot_1.robot_supervisor]: Selected controllable event: EV_approach_color
[INFO] [1789489759.238413527] [robot_1.robot_supervisor]: Selected controllable event: EV_approach_object
[INFO] [1789489759.541739678] [robot_1.robot_supervisor]: ############################# REACHED: EV_object_reached #############################
[INFO] [1789489759.542399541] [robot_1.robot_supervisor]: Selected controllable event: EV_approach_object
[INFO] [1789489759.748673724] [robot_1.robot_supervisor]: Selected controllable event: EV_approach_object
[INFO] [1789489760.039755279] [robot_1.robot_supervisor]: ############################# REACHED: EV_object_reached #############################
[INFO] [1789489760.040381207] [robot_1.robot_supervisor]: Selected controllable event: EV_approach_color
[INFO] [1789489760.340263518] [robot_1.robot_supervisor]: ############################# REACHED: EV_object_reached #############################
[INFO] [1789489760.340881298] [robot_1.robot_supervisor]: Selected controllable event: EV_search_color
[INFO] [1789489760.541032734] [robot_1.robot_supervisor]: Selected controllable event: EV_search_color
[INFO] [1789489760.746867799] [robot_1.robot_supervisor]: ############################# REACHED: EV_object_reached #############################
[INFO] [1789489760.747594610] [robot_1.robot_supervisor]: Selected controllable event: EV_approach_color
[INFO] [1789489761.038413148] [robot_1.robot_supervisor]: Selected controllable event: EV_search_color
[INFO] [1789489761.139975037] [robot_1.robot_supervisor]: ############################# REACHED: EV_object_reached #############################
[INFO] [1789489761.142462204] [robot_1.robot_supervisor]: Selected controllable event: EV_move_forward
[INFO] [1789489761.438302873] [robot_1.robot_supervisor]: Selected controllable event: EV_search_object
[INFO] [1789489761.646712709] [robot_1.robot_supervisor]: ############################# REACHED: EV_object_reached #############################
[INFO] [1789489761.652880910] [robot_1.robot_supervisor]: Selected controllable event: EV_search_color
[INFO] [1789489761.850716330] [robot_1.robot_supervisor]: Selected controllable event: EV_search_color
[INFO] [1789489762.048733172] [robot_1.robot_supervisor]: Triggered uncontrollable event: EV_obstacle_left
[INFO] [1789489762.049179127] [robot_1.robot_supervisor]: ############################# REACHED: EV_object_reached #############################
[INFO] [1789489762.049737674] [robot_1.robot_supervisor]: Selected controllable event: EV_rotate_clockwise
[INFO] [1789489762.241060471] [robot_1.robot_supervisor]: Triggered uncontrollable event: EV_obstacle_left
[INFO] [1789489762.241734340] [robot_1.robot_supervisor]: Selected controllable event: EV_rotate_clockwise
[INFO] [1789489762.457946174] [robot_1.robot_supervisor]: Triggered uncontrollable event: EV_obstacle_left
[INFO] [1789489762.458689813] [robot_1.robot_supervisor]: Selected controllable event: EV_u_turn
[INFO] [1789489762.459221966] [robot_1.robot_supervisor]: Starting FULL ROTATE (omega=1.000, have_odom=True, target_rad=3.142, timeout_s=3.500)
[INFO] [1789489765.849151273] [robot_1.robot_supervisor]: FULL ROTATE completed by odom (accum_rad=3.211)
[INFO] [1789489766.047157661] [robot_1.robot_supervisor]: ############################# REACHED: EV_object_reached #############################
[INFO] [1789489766.047771154] [robot_1.robot_supervisor]: Selected controllable event: EV_approach_color
[INFO] [1789489766.353412035] [robot_1.robot_supervisor]: Selected controllable event: EV_approach_color
[INFO] [1789489766.637541277] [robot_1.robot_supervisor]: ############################# REACHED: EV_object_reached #############################
[INFO] [1789489766.649569158] [robot_1.robot_supervisor]: Selected controllable event: EV_approach_object
[INFO] [1789489766.951054187] [robot_1.robot_supervisor]: Selected controllable event: EV_move_forward
[INFO] [1789489767.262432436] [robot_1.robot_supervisor]: ############################# REACHED: EV_object_reached #############################
[INFO] [1789489767.270732281] [robot_1.robot_supervisor]: Selected controllable event: EV_approach_object
[INFO] [1789489767.561551742] [robot_1.robot_supervisor]: Selected controllable event: EV_search_color
[INFO] [1789489767.774462875] [robot_1.robot_supervisor]: Selected controllable event: EV_move_forward
[INFO] [1789489768.041609854] [robot_1.robot_supervisor]: Selected controllable event: EV_approach_object
[INFO] [1789489768.261465536] [robot_1.robot_supervisor]: ############################# REACHED: EV_object_reached #############################
[INFO] [1789489768.275086134] [robot_1.robot_supervisor]: Selected controllable event: EV_move_forward
[INFO] [1789489768.572559221] [robot_1.robot_supervisor]: Selected controllable event: EV_move_forward
[INFO] [1789489768.866682943] [robot_1.robot_supervisor]: Selected controllable event: EV_search_color
[INFO] [1789489768.976360799] [robot_1.robot_supervisor]: Selected controllable event: EV_approach_object
[INFO] [1789489769.258268226] [robot_1.robot_supervisor]: ############################# REACHED: EV_object_reached #############################
[INFO] [1789489769.259509429] [robot_1.robot_supervisor]: Selected controllable event: EV_approach_color
[INFO] [1789489769.561872818] [robot_1.robot_supervisor]: Selected controllable event: EV_search_object
[INFO] [1789489769.765639732] [robot_1.robot_supervisor]: Selected controllable event: EV_move_forward
[INFO] [1789489770.076052272] [robot_1.robot_supervisor]: Selected controllable event: EV_move_forward
[INFO] [1789489770.369699506] [robot_1.robot_supervisor]: ############################# REACHED: EV_object_reached #############################
[INFO] [1789489770.383870994] [robot_1.robot_supervisor]: Selected controllable event: EV_search_color
[INFO] [1789489770.555845208] [robot_1.robot_supervisor]: Selected controllable event: EV_approach_color
[INFO] [1789489770.846270289] [robot_1.robot_supervisor]: Selected controllable event: EV_search_object
[INFO] [1789489771.041130799] [robot_1.robot_supervisor]: Selected controllable event: EV_move_forward
[INFO] [1789489771.355575018] [robot_1.robot_supervisor]: Triggered uncontrollable event: EV_object_not_visible
[INFO] [1789489771.358104415] [robot_1.robot_supervisor]: Selected controllable event: EV_approach_color
[INFO] [1789489771.674836152] [robot_1.robot_supervisor]: Selected controllable event: EV_search_object
[INFO] [1789489771.855115219] [robot_1.robot_supervisor]: Selected controllable event: EV_search_object
[INFO] [1789489772.052141773] [robot_1.robot_supervisor]: Selected controllable event: EV_search_object
[INFO] [1789489772.274736178] [robot_1.robot_supervisor]: Selected controllable event: EV_move_forward
[INFO] [1789489772.570083908] [robot_1.robot_supervisor]: Triggered uncontrollable event: EV_object_not_visible
[INFO] [1789489772.585176398] [robot_1.robot_supervisor]: Selected controllable event: EV_approach_object
[INFO] [1789489772.868585929] [robot_1.robot_supervisor]: Selected controllable event: EV_search_color
[INFO] [1789489773.067384990] [robot_1.robot_supervisor]: Selected controllable event: EV_search_color
[INFO] [1789489773.286285182] [robot_1.robot_supervisor]: Selected controllable event: EV_search_object
[INFO] [1789489773.478141115] [robot_1.robot_supervisor]: Triggered uncontrollable event: EV_object_not_visible
[INFO] [1789489773.483419573] [robot_1.robot_supervisor]: Selected controllable event: EV_approach_object
[INFO] [1789489773.755932297] [robot_1.robot_supervisor]: Selected controllable event: EV_search_color
[INFO] [1789489773.966197882] [robot_1.robot_supervisor]: Selected controllable event: EV_approach_color
[INFO] [1789489774.278677402] [robot_1.robot_supervisor]: Selected controllable event: EV_search_color
[INFO] [1789489774.463205935] [robot_1.robot_supervisor]: Triggered uncontrollable event: EV_object_not_visible
[INFO] [1789489774.471665363] [robot_1.robot_supervisor]: Selected controllable event: EV_move_forward
[INFO] [1789489774.742115709] [robot_1.robot_supervisor]: Selected controllable event: EV_approach_color
[INFO] [1789489774.973466224] [robot_1.robot_supervisor]: Selected controllable event: EV_search_color
[INFO] [1789489775.172000160] [robot_1.robot_supervisor]: Selected controllable event: EV_approach_object
[INFO] [1789489775.478513790] [robot_1.robot_supervisor]: Triggered uncontrollable event: EV_object_not_visible
[INFO] [1789489775.479528673] [robot_1.robot_supervisor]: Selected controllable event: EV_approach_color
[INFO] [1789489775.772218832] [robot_1.robot_supervisor]: Selected controllable event: EV_move_forward
[INFO] [1789489776.076658109] [robot_1.robot_supervisor]: Selected controllable event: EV_move_forward
[INFO] [1789489776.373845344] [robot_1.robot_supervisor]: Selected controllable event: EV_approach_object
[INFO] [1789489776.642169501] [robot_1.robot_supervisor]: Triggered uncontrollable event: EV_object_not_visible
[INFO] [1789489776.643271491] [robot_1.robot_supervisor]: Selected controllable event: EV_search_object
[INFO] [1789489776.775015757] [robot_1.robot_supervisor]: Selected controllable event: EV_move_forward
[INFO] [1789489777.077717747] [robot_1.robot_supervisor]: Selected controllable event: EV_move_forward
[INFO] [1789489777.363234680] [robot_1.robot_supervisor]: Triggered uncontrollable event: EV_object_not_visible
[INFO] [1789489777.364310185] [robot_1.robot_supervisor]: Selected controllable event: EV_approach_object
[INFO] [1789489777.675295163] [robot_1.robot_supervisor]: Selected controllable event: EV_approach_object
[INFO] [1789489777.958576823] [robot_1.robot_supervisor]: Selected controllable event: EV_search_object
[INFO] [1789489778.066172602] [robot_1.robot_supervisor]: Selected controllable event: EV_approach_color
[INFO] [1789489778.362183582] [robot_1.robot_supervisor]: Selected controllable event: EV_approach_color
[INFO] [1789489778.645126081] [robot_1.robot_supervisor]: Triggered uncontrollable event: EV_object_not_visible
[INFO] [1789489778.646182851] [robot_1.robot_supervisor]: Selected controllable event: EV_search_object
[INFO] [1789489778.779661332] [robot_1.robot_supervisor]: Selected controllable event: EV_search_object
[INFO] [1789489778.972710438] [robot_1.robot_supervisor]: Selected controllable event: EV_approach_color
[INFO] [1789489779.237807799] [robot_1.robot_supervisor]: Selected controllable event: EV_search_color
[INFO] [1789489779.363555619] [robot_1.robot_supervisor]: Selected controllable event: EV_approach_object
[INFO] [1789489779.651255623] [robot_1.robot_supervisor]: Triggered uncontrollable event: EV_object_not_visible
[INFO] [1789489779.660658654] [robot_1.robot_supervisor]: Selected controllable event: EV_search_object
[INFO] [1789489779.857863093] [robot_1.robot_supervisor]: Selected controllable event: EV_approach_object
[INFO] [1789489780.070608956] [robot_1.robot_supervisor]: Selected controllable event: EV_approach_color
[INFO] [1789489780.351008114] [robot_1.robot_supervisor]: Triggered uncontrollable event: EV_object_not_visible
[INFO] [1789489780.357662790] [robot_1.robot_supervisor]: Selected controllable event: EV_search_color
[INFO] [1789489780.567972511] [robot_1.robot_supervisor]: Selected controllable event: EV_search_color
[INFO] [1789489780.756356595] [robot_1.robot_supervisor]: Selected controllable event: EV_move_forward
[INFO] [1789489780.963522476] [robot_1.robot_supervisor]: Selected controllable event: EV_approach_color
[INFO] [1789489781.241834823] [robot_1.robot_supervisor]: Selected controllable event: EV_search_color
[INFO] [1789489781.445264869] [robot_1.robot_supervisor]: Triggered uncontrollable event: EV_object_not_visible
[INFO] [1789489781.446309426] [robot_1.robot_supervisor]: Selected controllable event: EV_approach_object
[INFO] [1789489781.666110819] [robot_1.robot_supervisor]: Selected controllable event: EV_search_color
[INFO] [1789489781.781887214] [robot_1.robot_supervisor]: Selected controllable event: EV_search_color
[INFO] [1789489781.957867266] [robot_1.robot_supervisor]: Selected controllable event: EV_move_forward
[INFO] [1789489782.245643275] [robot_1.robot_supervisor]: Triggered uncontrollable event: EV_object_not_visible
[INFO] [1789489782.265088140] [robot_1.robot_supervisor]: Selected controllable event: EV_move_forward
[INFO] [1789489782.554606519] [robot_1.robot_supervisor]: Selected controllable event: EV_approach_color
[INFO] [1789489782.852736749] [robot_1.robot_supervisor]: Selected controllable event: EV_search_object
[INFO] [1789489783.046567736] [robot_1.robot_supervisor]: Triggered uncontrollable event: EV_object_not_visible
[INFO] [1789489783.047723399] [robot_1.robot_supervisor]: Selected controllable event: EV_approach_object
[INFO] [1789489783.341282931] [robot_1.robot_supervisor]: Selected controllable event: EV_approach_object
[INFO] [1789489783.552642100] [robot_1.robot_supervisor]: Selected controllable event: EV_search_color
[INFO] [1789489783.757453597] [robot_1.robot_supervisor]: Selected controllable event: EV_approach_color
[INFO] [1789489784.044757215] [robot_1.robot_supervisor]: Triggered uncontrollable event: EV_object_not_visible
[INFO] [1789489784.057602607] [robot_1.robot_supervisor]: Selected controllable event: EV_search_object
[INFO] [1789489784.247824869] [robot_1.robot_supervisor]: Selected controllable event: EV_move_forward
[INFO] [1789489784.474242577] [robot_1.robot_supervisor]: Selected controllable event: EV_search_object
[INFO] [1789489784.680731228] [robot_1.robot_supervisor]: Selected controllable event: EV_search_color
[INFO] [1789489784.841297809] [robot_1.robot_supervisor]: Triggered uncontrollable event: EV_object_not_visible
[INFO] [1789489784.850452922] [robot_1.robot_supervisor]: Selected controllable event: EV_search_object
[INFO] [1789489785.073502730] [robot_1.robot_supervisor]: Selected controllable event: EV_search_color
[INFO] [1789489785.255691872] [robot_1.robot_supervisor]: Selected controllable event: EV_search_object
[INFO] [1789489785.439200307] [robot_1.robot_supervisor]: Selected controllable event: EV_approach_color
[INFO] [1789489785.749280486] [robot_1.robot_supervisor]: Triggered uncontrollable event: EV_object_not_visible
[INFO] [1789489785.750318881] [robot_1.robot_supervisor]: Selected controllable event: EV_search_color
[INFO] [1789489785.962263621] [robot_1.robot_supervisor]: Selected controllable event: EV_approach_color
[INFO] [1789489786.263965770] [robot_1.robot_supervisor]: Selected controllable event: EV_search_color
[INFO] [1789489786.452562696] [robot_1.robot_supervisor]: Selected controllable event: EV_move_forward
[INFO] [1789489786.657107099] [robot_1.robot_supervisor]: Triggered uncontrollable event: EV_object_not_visible
[INFO] [1789489786.659397114] [robot_1.robot_supervisor]: Selected controllable event: EV_approach_color
[INFO] [1789489786.861732617] [robot_1.robot_supervisor]: Selected controllable event: EV_move_forward
[INFO] [1789489787.170552339] [robot_1.robot_supervisor]: Selected controllable event: EV_approach_color
[INFO] [1789489787.465927540] [robot_1.robot_supervisor]: Selected controllable event: EV_search_object
[INFO] [1789489787.640413147] [robot_1.robot_supervisor]: Triggered uncontrollable event: EV_object_not_visible
[INFO] [1789489787.641466565] [robot_1.robot_supervisor]: Selected controllable event: EV_approach_color
[INFO] [1789489787.971300475] [robot_1.robot_supervisor]: Selected controllable event: EV_search_object
[INFO] [1789489788.142796353] [robot_1.robot_supervisor]: Selected controllable event: EV_search_object
[INFO] [1789489788.370418400] [robot_1.robot_supervisor]: Triggered uncontrollable event: EV_object_not_visible
[INFO] [1789489788.377686351] [robot_1.robot_supervisor]: Selected controllable event: EV_search_color
[INFO] [1789489788.564210118] [robot_1.robot_supervisor]: Selected controllable event: EV_search_object
[INFO] [1789489788.738371445] [robot_1.robot_supervisor]: Selected controllable event: EV_move_forward
[INFO] [1789489788.980567582] [robot_1.robot_supervisor]: Selected controllable event: EV_search_color
[INFO] [1789489789.159038710] [robot_1.robot_supervisor]: Selected controllable event: EV_approach_color
[INFO] [1789489789.462053628] [robot_1.robot_supervisor]: Triggered uncontrollable event: EV_object_not_visible
[INFO] [1789489789.466784196] [robot_1.robot_supervisor]: Selected controllable event: EV_move_forward
[INFO] [1789489789.762441370] [robot_1.robot_supervisor]: Selected controllable event: EV_move_forward
[INFO] [1789489790.056590548] [robot_1.robot_supervisor]: Selected controllable event: EV_approach_object
[INFO] [1789489790.363725017] [robot_1.robot_supervisor]: Triggered uncontrollable event: EV_obstacle_right
[INFO] [1789489790.365808172] [robot_1.robot_supervisor]: Triggered uncontrollable event: EV_object_not_visible
[INFO] [1789489790.382607060] [robot_1.robot_supervisor]: Selected controllable event: EV_rotate_counterclockwise
[INFO] [1789489790.548342564] [robot_1.robot_supervisor]: Triggered uncontrollable event: EV_obstacle_right
[INFO] [1789489790.559378680] [robot_1.robot_supervisor]: Selected controllable event: EV_rotate_counterclockwise
[INFO] [1789489790.738898994] [robot_1.robot_supervisor]: Triggered uncontrollable event: EV_obstacle_right
[INFO] [1789489790.749787379] [robot_1.robot_supervisor]: Selected controllable event: EV_rotate_counterclockwise
[INFO] [1789489790.971842681] [robot_1.robot_supervisor]: Triggered uncontrollable event: EV_obstacle_right
[INFO] [1789489790.972848477] [robot_1.robot_supervisor]: Selected controllable event: EV_u_turn
[INFO] [1789489790.981743400] [robot_1.robot_supervisor]: Starting FULL ROTATE (omega=1.000, have_odom=True, target_rad=3.142, timeout_s=3.500)
[INFO] [1789489794.562167242] [robot_1.robot_supervisor]: FULL ROTATE completed by timeout
[INFO] [1789489794.769192217] [robot_1.robot_supervisor]: ############################# VISIBLE: EV_object_visible #############################
[INFO] [1789489794.773710345] [robot_1.robot_supervisor]: Selected controllable event: EV_approach_object
[INFO] [1789489795.078808917] [robot_1.robot_supervisor]: Selected controllable event: EV_search_color
[INFO] [1789489795.247794221] [robot_1.robot_supervisor]: Selected controllable event: EV_approach_object
[INFO] [1789489795.546720353] [robot_1.robot_supervisor]: Triggered uncontrollable event: EV_object_not_visible
[INFO] [1789489795.562006185] [robot_1.robot_supervisor]: Selected controllable event: EV_move_forward
[INFO] [1789489795.857151579] [robot_1.robot_supervisor]: Selected controllable event: EV_approach_color
[INFO] [1789489796.068861838] [robot_1.robot_supervisor]: Selected controllable event: EV_search_color
[INFO] [1789489796.250760661] [robot_1.robot_supervisor]: Selected controllable event: EV_search_color
[INFO] [1789489796.464321421] [robot_1.robot_supervisor]: Selected controllable event: EV_approach_color
[INFO] [1789489796.748372361] [robot_1.robot_supervisor]: Triggered uncontrollable event: EV_object_not_visible
[INFO] [1789489796.766387744] [robot_1.robot_supervisor]: Selected controllable event: EV_approach_object
[INFO] [1789489797.048178514] [robot_1.robot_supervisor]: Selected controllable event: EV_search_object
[INFO] [1789489797.243088473] [robot_1.robot_supervisor]: Selected controllable event: EV_search_color
[INFO] [1789489797.478313424] [robot_1.robot_supervisor]: Selected controllable event: EV_search_color
[INFO] [1789489797.648152094] [robot_1.robot_supervisor]: Triggered uncontrollable event: EV_object_not_visible
[INFO] [1789489797.661557068] [robot_1.robot_supervisor]: Selected controllable event: EV_approach_color
[INFO] [1789489797.980572665] [robot_1.robot_supervisor]: Selected controllable event: EV_approach_object
[INFO] [1789489798.290008505] [robot_1.robot_supervisor]: Selected controllable event: EV_search_object
[INFO] [1789489798.459232725] [robot_1.robot_supervisor]: Triggered uncontrollable event: EV_object_not_visible
[INFO] [1789489798.480593383] [robot_1.robot_supervisor]: Selected controllable event: EV_search_color
[INFO] [1789489798.652672937] [robot_1.robot_supervisor]: Selected controllable event: EV_approach_object
[INFO] [1789489798.945816205] [robot_1.robot_supervisor]: Selected controllable event: EV_search_color
[INFO] [1789489799.152258233] [robot_1.robot_supervisor]: Selected controllable event: EV_move_forward
[INFO] [1789489799.366383223] [robot_1.robot_supervisor]: Selected controllable event: EV_search_color
[INFO] [1789489799.482759755] [robot_1.robot_supervisor]: Selected controllable event: EV_search_color
[INFO] [1789489799.658422932] [robot_1.robot_supervisor]: Triggered uncontrollable event: EV_object_not_visible
[INFO] [1789489799.676848396] [robot_1.robot_supervisor]: Selected controllable event: EV_move_forward
[INFO] [1789489799.995320619] [robot_1.robot_supervisor]: Selected controllable event: EV_move_forward
[INFO] [1789489800.259950308] [robot_1.robot_supervisor]: Selected controllable event: EV_approach_object
[INFO] [1789489800.555594059] [robot_1.robot_supervisor]: Triggered uncontrollable event: EV_object_not_visible
[INFO] [1789489800.566416659] [robot_1.robot_supervisor]: Selected controllable event: EV_approach_object
[INFO] [1789489800.863242000] [robot_1.robot_supervisor]: Selected controllable event: EV_approach_object
[INFO] [1789489801.167023288] [robot_1.robot_supervisor]: Selected controllable event: EV_search_object
[INFO] [1789489801.369927435] [robot_1.robot_supervisor]: Triggered uncontrollable event: EV_obstacle_left
[INFO] [1789489801.371042886] [robot_1.robot_supervisor]: Triggered uncontrollable event: EV_object_not_visible
[INFO] [1789489801.377801790] [robot_1.robot_supervisor]: Selected controllable event: EV_rotate_clockwise
[INFO] [1789489801.547293219] [robot_1.robot_supervisor]: Triggered uncontrollable event: EV_obstacle_left
[INFO] [1789489801.564757824] [robot_1.robot_supervisor]: Selected controllable event: EV_u_turn
[INFO] [1789489801.565921865] [robot_1.robot_supervisor]: Starting FULL ROTATE (omega=1.000, have_odom=True, target_rad=3.142, timeout_s=3.500)
[INFO] [1789489805.077058114] [robot_1.robot_supervisor]: FULL ROTATE completed by timeout
[INFO] [1789489805.348007768] [robot_1.robot_supervisor]: Triggered uncontrollable event: EV_obstacle_right
[INFO] [1789489805.348804666] [robot_1.robot_supervisor]: Triggered uncontrollable event: EV_object_not_visible
[INFO] [1789489805.368111552] [robot_1.robot_supervisor]: Selected controllable event: EV_rotate_counterclockwise
[WARN] [1789489805.377002844] [robot_1.robot_supervisor]: no translation for 4.8s livelock detected; starting atomic escape (turn_sign=+1)
[INFO] [1789489807.867270325] [robot_1.robot_supervisor]: Zone-livelock escape completed
[INFO] [1789489808.151968120] [robot_1.robot_supervisor]: Triggered uncontrollable event: EV_object_not_visible
[INFO] [1789489808.152954263] [robot_1.robot_supervisor]: Selected controllable event: EV_search_color
[INFO] [1789489808.352650616] [robot_1.robot_supervisor]: Selected controllable event: EV_search_color
[INFO] [1789489808.538721773] [robot_1.robot_supervisor]: Triggered uncontrollable event: EV_object_not_visible
[INFO] [1789489808.565932694] [robot_1.robot_supervisor]: Selected controllable event: EV_approach_color
[INFO] [1789489808.857345037] [robot_1.robot_supervisor]: Selected controllable event: EV_approach_object
[INFO] [1789489809.166701892] [robot_1.robot_supervisor]: Selected controllable event: EV_search_object
[INFO] [1789489809.339602368] [robot_1.robot_supervisor]: ############################# VISIBLE: EV_object_visible #############################
[INFO] [1789489809.340538631] [robot_1.robot_supervisor]: Selected controllable event: EV_approach_color
[INFO] [1789489809.554592204] [robot_1.robot_supervisor]: Selected controllable event: EV_approach_object
[INFO] [1789489809.862923514] [robot_1.robot_supervisor]: Selected controllable event: EV_search_color
[INFO] [1789489810.066072666] [robot_1.robot_supervisor]: Selected controllable event: EV_search_color
[INFO] [1789489810.258532787] [robot_1.robot_supervisor]: ############################# VISIBLE: EV_object_visible #############################
[INFO] [1789489810.264175994] [robot_1.robot_supervisor]: Selected controllable event: EV_search_object
[INFO] [1789489810.458503909] [robot_1.robot_supervisor]: Selected controllable event: EV_search_object
[INFO] [1789489810.565802856] [robot_1.robot_supervisor]: Selected controllable event: EV_search_object
[INFO] [1789489810.742824801] [robot_1.robot_supervisor]: Selected controllable event: EV_move_forward
[INFO] [1789489810.965067498] [robot_1.robot_supervisor]: Selected controllable event: EV_approach_object
[INFO] [1789489811.274588308] [robot_1.robot_supervisor]: ############################# VISIBLE: EV_object_visible #############################
[INFO] [1789489811.275635709] [robot_1.robot_supervisor]: Selected controllable event: EV_move_forward
[INFO] [1789489811.563206921] [robot_1.robot_supervisor]: Selected controllable event: EV_move_forward
[INFO] [1789489811.850937471] [robot_1.robot_supervisor]: Selected controllable event: EV_approach_object
[INFO] [1789489812.060282766] [robot_1.robot_supervisor]: ############################# VISIBLE: EV_object_visible #############################
[INFO] [1789489812.061249726] [robot_1.robot_supervisor]: Selected controllable event: EV_move_forward
[INFO] [1789489812.369200559] [robot_1.robot_supervisor]: Selected controllable event: EV_search_object
[INFO] [1789489812.553724311] [robot_1.robot_supervisor]: Selected controllable event: EV_search_object
[INFO] [1789489812.668597860] [robot_1.robot_supervisor]: Selected controllable event: EV_approach_object
[INFO] [1789489812.959509592] [robot_1.robot_supervisor]: ############################# VISIBLE: EV_object_visible #############################
[INFO] [1789489812.962747550] [robot_1.robot_supervisor]: Selected controllable event: EV_move_forward
[INFO] [1789489813.269189558] [robot_1.robot_supervisor]: Selected controllable event: EV_approach_object
[INFO] [1789489813.560817070] [robot_1.robot_supervisor]: Selected controllable event: EV_approach_color
[INFO] [1789489813.845019097] [robot_1.robot_supervisor]: ############################# VISIBLE: EV_object_visible #############################
[INFO] [1789489813.846047818] [robot_1.robot_supervisor]: Selected controllable event: EV_search_color
[INFO] [1789489814.045464099] [robot_1.robot_supervisor]: Selected controllable event: EV_search_color
[INFO] [1789489814.155331175] [robot_1.robot_supervisor]: Selected controllable event: EV_approach_object
[INFO] [1789489814.361563256] [robot_1.robot_supervisor]: Selected controllable event: EV_approach_color
[INFO] [1789489814.646512868] [robot_1.robot_supervisor]: ############################# VISIBLE: EV_object_visible #############################
[INFO] [1789489814.647451430] [robot_1.robot_supervisor]: Selected controllable event: EV_search_color
[INFO] [1789489814.762774909] [robot_1.robot_supervisor]: Selected controllable event: EV_search_object
[INFO] [1789489814.965647543] [robot_1.robot_supervisor]: Selected controllable event: EV_search_object
[INFO] [1789489815.156740556] [robot_1.robot_supervisor]: Selected controllable event: EV_search_object
[INFO] [1789489815.361254252] [robot_1.robot_supervisor]: Selected controllable event: EV_approach_object
[INFO] [1789489815.655874879] [robot_1.robot_supervisor]: Selected controllable event: EV_approach_object
[INFO] [1789489815.950255913] [robot_1.robot_supervisor]: Triggered uncontrollable event: EV_object_not_visible
[INFO] [1789489815.951276123] [robot_1.robot_supervisor]: Selected controllable event: EV_search_object
[INFO] [1789489816.076431387] [robot_1.robot_supervisor]: Selected controllable event: EV_search_color
[INFO] [1789489816.273271560] [robot_1.robot_supervisor]: Selected controllable event: EV_search_object
[INFO] [1789489816.468155607] [robot_1.robot_supervisor]: Selected controllable event: EV_search_object
[INFO] [1789489816.641667829] [robot_1.robot_supervisor]: Triggered uncontrollable event: EV_object_not_visible
[INFO] [1789489816.642768366] [robot_1.robot_supervisor]: Selected controllable event: EV_move_forward
[INFO] [1789489816.963918775] [robot_1.robot_supervisor]: Selected controllable event: EV_search_object
[INFO] [1789489817.164743624] [robot_1.robot_supervisor]: Selected controllable event: EV_approach_object
[INFO] [1789489817.445732190] [robot_1.robot_supervisor]: Triggered uncontrollable event: EV_object_not_visible
[INFO] [1789489817.446666052] [robot_1.robot_supervisor]: Selected controllable event: EV_approach_color
[INFO] [1789489817.655789030] [robot_1.robot_supervisor]: Selected controllable event: EV_search_color
[INFO] [1789489817.845850010] [robot_1.robot_supervisor]: Selected controllable event: EV_move_forward
[INFO] [1789489818.140633655] [robot_1.robot_supervisor]: Selected controllable event: EV_approach_object
[INFO] [1789489818.342052525] [robot_1.robot_supervisor]: Triggered uncontrollable event: EV_object_not_visible
[INFO] [1789489818.360215344] [robot_1.robot_supervisor]: Selected controllable event: EV_search_object
[INFO] [1789489818.545557215] [robot_1.robot_supervisor]: Selected controllable event: EV_search_object
[INFO] [1789489818.758517231] [robot_1.robot_supervisor]: Selected controllable event: EV_move_forward
[INFO] [1789489819.079530754] [robot_1.robot_supervisor]: Selected controllable event: EV_move_forward
[INFO] [1789489819.369870891] [robot_1.robot_supervisor]: Triggered uncontrollable event: EV_object_not_visible
[INFO] [1789489819.370753761] [robot_1.robot_supervisor]: Selected controllable event: EV_move_forward
[INFO] [1789489819.669214029] [robot_1.robot_supervisor]: Selected controllable event: EV_move_forward
[INFO] [1789489819.880665341] [robot_1.robot_supervisor]: Triggered uncontrollable event: EV_obstacle_left
[INFO] [1789489819.881807369] [robot_1.robot_supervisor]: Selected controllable event: EV_u_turn
[INFO] [1789489819.882599227] [robot_1.robot_supervisor]: Starting FULL ROTATE (omega=1.000, have_odom=True, target_rad=3.142, timeout_s=3.500)
[INFO] [1789489823.446324126] [robot_1.robot_supervisor]: FULL ROTATE completed by timeout
[INFO] [1789489823.665591190] [robot_1.robot_supervisor]: Triggered uncontrollable event: EV_obstacle_right
[INFO] [1789489823.666356061] [robot_1.robot_supervisor]: Triggered uncontrollable event: EV_object_not_visible
[INFO] [1789489823.667325482] [robot_1.robot_supervisor]: Selected controllable event: EV_rotate_counterclockwise
[INFO] [1789489823.772806467] [robot_1.robot_supervisor]: Triggered uncontrollable event: EV_object_not_visible
[INFO] [1789489823.788234235] [robot_1.robot_supervisor]: Selected controllable event: EV_search_color
[INFO] [1789489823.951183423] [robot_1.robot_supervisor]: Selected controllable event: EV_search_color
[INFO] [1789489824.062467625] [robot_1.robot_supervisor]: Selected controllable event: EV_search_color
[INFO] [1789489824.268803959] [robot_1.robot_supervisor]: Selected controllable event: EV_approach_color
[INFO] [1789489824.561954245] [robot_1.robot_supervisor]: Selected controllable event: EV_search_color
[INFO] [1789489824.760262924] [robot_1.robot_supervisor]: ############################# VISIBLE: EV_object_visible #############################
[INFO] [1789489824.762716190] [robot_1.robot_supervisor]: Selected controllable event: EV_approach_object
[INFO] [1789489825.059457773] [robot_1.robot_supervisor]: Selected controllable event: EV_move_forward
[INFO] [1789489825.267127350] [robot_1.robot_supervisor]: Selected controllable event: EV_approach_object
[INFO] [1789489825.556889858] [robot_1.robot_supervisor]: ############################# VISIBLE: EV_object_visible #############################
[INFO] [1789489825.557848181] [robot_1.robot_supervisor]: Selected controllable event: EV_move_forward
[INFO] [1789489825.847828698] [robot_1.robot_supervisor]: Selected controllable event: EV_approach_color
[INFO] [1789489826.066627196] [robot_1.robot_supervisor]: Selected controllable event: EV_approach_color
[INFO] [1789489826.361189552] [robot_1.robot_supervisor]: Selected controllable event: EV_search_object
[INFO] [1789489826.555347518] [robot_1.robot_supervisor]: ############################# VISIBLE: EV_object_visible #############################
[INFO] [1789489826.556427759] [robot_1.robot_supervisor]: Selected controllable event: EV_approach_color
[INFO] [1789489826.869327828] [robot_1.robot_supervisor]: Selected controllable event: EV_search_object
[INFO] [1789489827.059807706] [robot_1.robot_supervisor]: Selected controllable event: EV_search_color
[INFO] [1789489827.266595735] [robot_1.robot_supervisor]: Selected controllable event: EV_search_object
[INFO] [1789489827.472226507] [robot_1.robot_supervisor]: ############################# VISIBLE: EV_object_visible #############################
[INFO] [1789489827.485002537] [robot_1.robot_supervisor]: Selected controllable event: EV_search_color
[INFO] [1789489827.659408823] [robot_1.robot_supervisor]: Selected controllable event: EV_approach_color
[INFO] [1789489827.955639291] [robot_1.robot_supervisor]: Selected controllable event: EV_move_forward
[INFO] [1789489828.257005051] [robot_1.robot_supervisor]: Triggered uncontrollable event: EV_obstacle_right
[INFO] [1789489828.257781791] [robot_1.robot_supervisor]: ############################# VISIBLE: EV_object_visible #############################
[INFO] [1789489828.258591348] [robot_1.robot_supervisor]: Selected controllable event: EV_rotate_counterclockwise
[INFO] [1789489828.447218868] [robot_1.robot_supervisor]: Triggered uncontrollable event: EV_obstacle_right
[INFO] [1789489828.448201906] [robot_1.robot_supervisor]: Selected controllable event: EV_rotate_counterclockwise
[INFO] [1789489828.653533845] [robot_1.robot_supervisor]: Triggered uncontrollable event: EV_obstacle_right
[INFO] [1789489828.654451588] [robot_1.robot_supervisor]: Selected controllable event: EV_rotate_counterclockwise
[INFO] [1789489828.880336135] [robot_1.robot_supervisor]: Triggered uncontrollable event: EV_obstacle_right
[INFO] [1789489828.881256876] [robot_1.robot_supervisor]: Selected controllable event: EV_u_turn
[INFO] [1789489828.881974694] [robot_1.robot_supervisor]: Starting FULL ROTATE (omega=1.000, have_odom=True, target_rad=3.142, timeout_s=3.500)
[INFO] [1789489832.455611453] [robot_1.robot_supervisor]: FULL ROTATE completed by timeout
[INFO] [1789489832.646713464] [robot_1.robot_supervisor]: ############################# VISIBLE: EV_object_visible #############################
[INFO] [1789489832.662154899] [robot_1.robot_supervisor]: Selected controllable event: EV_search_color
[INFO] [1789489832.849790498] [robot_1.robot_supervisor]: Selected controllable event: EV_move_forward
[INFO] [1789489833.148291639] [robot_1.robot_supervisor]: Selected controllable event: EV_approach_object
[INFO] [1789489833.460824736] [robot_1.robot_supervisor]: ############################# VISIBLE: EV_object_visible #############################
[INFO] [1789489833.464886091] [robot_1.robot_supervisor]: Selected controllable event: EV_search_object
[INFO] [1789489833.657603891] [robot_1.robot_supervisor]: Selected controllable event: EV_search_color
[INFO] [1789489833.841938992] [robot_1.robot_supervisor]: Selected controllable event: EV_move_forward
[INFO] [1789489834.149039553] [robot_1.robot_supervisor]: Selected controllable event: EV_approach_color
[INFO] [1789489834.474256000] [robot_1.robot_supervisor]: ############################# VISIBLE: EV_object_visible #############################
[INFO] [1789489834.475293026] [robot_1.robot_supervisor]: Selected controllable event: EV_move_forward
[INFO] [1789489834.758196812] [robot_1.robot_supervisor]: Selected controllable event: EV_move_forward
[INFO] [1789489835.043342355] [robot_1.robot_supervisor]: Selected controllable event: EV_approach_color
[INFO] [1789489835.269432761] [robot_1.robot_supervisor]: Selected controllable event: EV_move_forward
[INFO] [1789489835.570010125] [robot_1.robot_supervisor]: ############################# VISIBLE: EV_object_visible #############################
[INFO] [1789489835.577448411] [robot_1.robot_supervisor]: Selected controllable event: EV_move_forward
[INFO] [1789489835.859596931] [robot_1.robot_supervisor]: Selected controllable event: EV_move_forward
[INFO] [1789489836.153799031] [robot_1.robot_supervisor]: Triggered uncontrollable event: EV_obstacle_left
[INFO] [1789489836.154794551] [robot_1.robot_supervisor]: Selected controllable event: EV_u_turn
[INFO] [1789489836.170068533] [robot_1.robot_supervisor]: Starting FULL ROTATE (omega=1.000, have_odom=True, target_rad=3.142, timeout_s=3.500)
[INFO] [1789489839.672157335] [robot_1.robot_supervisor]: FULL ROTATE completed by timeout
[INFO] [1789489839.948518724] [robot_1.robot_supervisor]: ############################# VISIBLE: EV_object_visible #############################
[INFO] [1789489839.971056429] [robot_1.robot_supervisor]: Selected controllable event: EV_search_color
[INFO] [1789489840.148487253] [robot_1.robot_supervisor]: Selected controllable event: EV_approach_color
[INFO] [1789489840.451785520] [robot_1.robot_supervisor]: Selected controllable event: EV_approach_object
[INFO] [1789489840.757101069] [robot_1.robot_supervisor]: ############################# VISIBLE: EV_object_visible #############################
[INFO] [1789489840.758134672] [robot_1.robot_supervisor]: Selected controllable event: EV_search_color
[INFO] [1789489840.867439359] [robot_1.robot_supervisor]: Selected controllable event: EV_search_color
[INFO] [1789489841.050687806] [robot_1.robot_supervisor]: Selected controllable event: EV_approach_color
[INFO] [1789489841.342962765] [robot_1.robot_supervisor]: Selected controllable event: EV_search_object
[INFO] [1789489841.459256316] [robot_1.robot_supervisor]: ############################# VISIBLE: EV_object_visible #############################
[INFO] [1789489841.463672343] [robot_1.robot_supervisor]: Selected controllable event: EV_search_object
[INFO] [1789489841.654432373] [robot_1.robot_supervisor]: Selected controllable event: EV_approach_object
[INFO] [1789489841.874933392] [robot_1.robot_supervisor]: Selected controllable event: EV_approach_object
[INFO] [1789489842.146728816] [robot_1.robot_supervisor]: Selected controllable event: EV_approach_color
[INFO] [1789489842.379623549] [robot_1.robot_supervisor]: Triggered uncontrollable event: EV_object_not_visible
[INFO] [1789489842.380568036] [robot_1.robot_supervisor]: Selected controllable event: EV_search_color
[INFO] [1789489842.550158440] [robot_1.robot_supervisor]: Selected controllable event: EV_search_object
[INFO] [1789489842.774067901] [robot_1.robot_supervisor]: Selected controllable event: EV_approach_color
[INFO] [1789489843.057847654] [robot_1.robot_supervisor]: Selected controllable event: EV_approach_object
[INFO] [1789489843.359829232] [robot_1.robot_supervisor]: Triggered uncontrollable event: EV_obstacle_right
[INFO] [1789489843.360603153] [robot_1.robot_supervisor]: Triggered uncontrollable event: EV_object_not_visible
[INFO] [1789489843.361629278] [robot_1.robot_supervisor]: Selected controllable event: EV_u_turn
[INFO] [1789489843.376267654] [robot_1.robot_supervisor]: Starting FULL ROTATE (omega=1.000, have_odom=True, target_rad=3.142, timeout_s=3.500)
[INFO] [1789489846.956175852] [robot_1.robot_supervisor]: FULL ROTATE completed by timeout
[INFO] [1789489847.169497716] [robot_1.robot_supervisor]: Triggered uncontrollable event: EV_object_not_visible
[INFO] [1789489847.177678466] [robot_1.robot_supervisor]: Selected controllable event: EV_approach_object
[INFO] [1789489847.455480379] [robot_1.robot_supervisor]: Selected controllable event: EV_approach_object
[INFO] [1789489847.671402069] [robot_1.robot_supervisor]: Selected controllable event: EV_search_object
[INFO] [1789489847.843802528] [robot_1.robot_supervisor]: Selected controllable event: EV_search_color
[INFO] [1789489847.970160167] [robot_1.robot_supervisor]: Triggered uncontrollable event: EV_object_not_visible
[INFO] [1789489847.971168943] [robot_1.robot_supervisor]: Selected controllable event: EV_search_color
[INFO] [1789489848.160334109] [robot_1.robot_supervisor]: Selected controllable event: EV_search_color
[INFO] [1789489848.348691862] [robot_1.robot_supervisor]: Selected controllable event: EV_approach_object
[INFO] [1789489848.661451667] [robot_1.robot_supervisor]: Selected controllable event: EV_search_color
[INFO] [1789489848.780716099] [robot_1.robot_supervisor]: Triggered uncontrollable event: EV_object_not_visible
[INFO] [1789489848.781820425] [robot_1.robot_supervisor]: Selected controllable event: EV_approach_color
[INFO] [1789489849.063727310] [robot_1.robot_supervisor]: Selected controllable event: EV_approach_object
[INFO] [1789489849.364809648] [robot_1.robot_supervisor]: Selected controllable event: EV_approach_color
[INFO] [1789489849.670543912] [robot_1.robot_supervisor]: Selected controllable event: EV_search_object
[INFO] [1789489849.868677552] [robot_1.robot_supervisor]: Triggered uncontrollable event: EV_object_not_visible
[INFO] [1789489849.869817089] [robot_1.robot_supervisor]: Selected controllable event: EV_search_object
[INFO] [1789489850.060708713] [robot_1.robot_supervisor]: Selected controllable event: EV_approach_color
[INFO] [1789489850.365616232] [robot_1.robot_supervisor]: Selected controllable event: EV_move_forward
[INFO] [1789489850.643930064] [robot_1.robot_supervisor]: Selected controllable event: EV_search_object
[INFO] [1789489850.862926792] [robot_1.robot_supervisor]: Triggered uncontrollable event: EV_object_not_visible
[INFO] [1789489850.873423889] [robot_1.robot_supervisor]: Selected controllable event: EV_approach_object
[INFO] [1789489851.158334583] [robot_1.robot_supervisor]: Selected controllable event: EV_approach_object
[INFO] [1789489851.466570203] [robot_1.robot_supervisor]: Selected controllable event: EV_search_object
[INFO] [1789489851.668600365] [robot_1.robot_supervisor]: Selected controllable event: EV_approach_object
[INFO] [1789489851.970920696] [robot_1.robot_supervisor]: Triggered uncontrollable event: EV_object_not_visible
[INFO] [1789489851.980303427] [robot_1.robot_supervisor]: Selected controllable event: EV_search_object
[INFO] [1789489852.167455448] [robot_1.robot_supervisor]: Selected controllable event: EV_search_color
[INFO] [1789489852.343868515] [robot_1.robot_supervisor]: Selected controllable event: EV_approach_color
[INFO] [1789489852.672871918] [robot_1.robot_supervisor]: Selected controllable event: EV_approach_color
[INFO] [1789489852.944141407] [robot_1.robot_supervisor]: Triggered uncontrollable event: EV_object_not_visible
[INFO] [1789489852.955961569] [robot_1.robot_supervisor]: Selected controllable event: EV_move_forward
[INFO] [1789489853.177338239] [robot_1.robot_supervisor]: Selected controllable event: EV_search_object
[INFO] [1789489853.345778769] [robot_1.robot_supervisor]: Selected controllable event: EV_approach_object
[INFO] [1789489853.564898515] [robot_1.robot_supervisor]: Selected controllable event: EV_move_forward
[INFO] [1789489853.863333948] [robot_1.robot_supervisor]: Triggered uncontrollable event: EV_object_not_visible
[INFO] [1789489853.864301859] [robot_1.robot_supervisor]: Selected controllable event: EV_move_forward
[INFO] [1789489854.144967549] [robot_1.robot_supervisor]: Selected controllable event: EV_approach_object
[INFO] [1789489854.447261270] [robot_1.robot_supervisor]: Selected controllable event: EV_approach_color
[INFO] [1789489854.759771712] [robot_1.robot_supervisor]: Triggered uncontrollable event: EV_object_not_visible
[INFO] [1789489854.760758640] [robot_1.robot_supervisor]: Selected controllable event: EV_approach_object
[INFO] [1789489855.073340348] [robot_1.robot_supervisor]: Selected controllable event: EV_search_color
[INFO] [1789489855.262866401] [robot_1.robot_supervisor]: Selected controllable event: EV_search_color
[INFO] [1789489855.467659088] [robot_1.robot_supervisor]: Triggered uncontrollable event: EV_obstacle_right
[INFO] [1789489855.468631741] [robot_1.robot_supervisor]: Selected controllable event: EV_u_turn
[INFO] [1789489855.490930154] [robot_1.robot_supervisor]: Starting FULL ROTATE (omega=1.000, have_odom=True, target_rad=3.142, timeout_s=3.500)
[INFO] [1789489859.070932775] [robot_1.robot_supervisor]: FULL ROTATE completed by timeout
[INFO] [1789489859.367801495] [robot_1.robot_supervisor]: Triggered uncontrollable event: EV_obstacle_right
[INFO] [1789489859.385699025] [robot_1.robot_supervisor]: Triggered uncontrollable event: EV_object_not_visible
[INFO] [1789489859.393812335] [robot_1.robot_supervisor]: Selected controllable event: EV_rotate_counterclockwise
[WARN] [1789489859.394878480] [robot_1.robot_supervisor]: no translation for 4.6s livelock detected; starting atomic escape (turn_sign=+1)
[INFO] [1789489861.855540270] [robot_1.robot_supervisor]: Zone-livelock escape completed
[INFO] [1789489862.142766912] [robot_1.robot_supervisor]: Triggered uncontrollable event: EV_object_not_visible
[INFO] [1789489862.164468919] [robot_1.robot_supervisor]: Selected controllable event: EV_search_color
[INFO] [1789489862.339838118] [robot_1.robot_supervisor]: Selected controllable event: EV_approach_color
[INFO] [1789489862.567302421] [robot_1.robot_supervisor]: Selected controllable event: EV_approach_object
[INFO] [1789489862.875297499] [robot_1.robot_supervisor]: Triggered uncontrollable event: EV_object_not_visible
[INFO] [1789489862.876415948] [robot_1.robot_supervisor]: Selected controllable event: EV_search_object
[INFO] [1789489863.063051935] [robot_1.robot_supervisor]: Selected controllable event: EV_approach_object
[INFO] [1789489863.380686376] [robot_1.robot_supervisor]: Selected controllable event: EV_approach_object
[INFO] [1789489863.653205465] [robot_1.robot_supervisor]: Triggered uncontrollable event: EV_object_not_visible
[INFO] [1789489863.656632933] [robot_1.robot_supervisor]: Selected controllable event: EV_move_forward
[INFO] [1789489863.964195734] [robot_1.robot_supervisor]: Selected controllable event: EV_search_color
[INFO] [1789489864.149603507] [robot_1.robot_supervisor]: Selected controllable event: EV_move_forward
[INFO] [1789489864.464909309] [robot_1.robot_supervisor]: Triggered uncontrollable event: EV_object_not_visible
[INFO] [1789489864.468365271] [robot_1.robot_supervisor]: Selected controllable event: EV_move_forward
[INFO] [1789489864.746844613] [robot_1.robot_supervisor]: Selected controllable event: EV_approach_object
[INFO] [1789489865.082773340] [robot_1.robot_supervisor]: Selected controllable event: EV_approach_color
[INFO] [1789489865.364632863] [robot_1.robot_supervisor]: Selected controllable event: EV_approach_color
[INFO] [1789489865.671515956] [robot_1.robot_supervisor]: Triggered uncontrollable event: EV_obstacle_right
[INFO] [1789489865.672340785] [robot_1.robot_supervisor]: Triggered uncontrollable event: EV_object_not_visible
[INFO] [1789489865.673439624] [robot_1.robot_supervisor]: Selected controllable event: EV_u_turn
[INFO] [1789489865.691566557] [robot_1.robot_supervisor]: Starting FULL ROTATE (omega=1.000, have_odom=True, target_rad=3.142, timeout_s=3.500)
[INFO] [1789489869.256816810] [robot_1.robot_supervisor]: FULL ROTATE completed by timeout
[INFO] [1789489869.550773993] [robot_1.robot_supervisor]: ############################# VISIBLE: EV_object_visible #############################
[INFO] [1789489869.566955663] [robot_1.robot_supervisor]: Selected controllable event: EV_approach_object
[INFO] [1789489869.856409351] [robot_1.robot_supervisor]: Selected controllable event: EV_move_forward
[INFO] [1789489870.147751713] [robot_1.robot_supervisor]: ############################# VISIBLE: EV_object_visible #############################
[INFO] [1789489870.162780575] [robot_1.robot_supervisor]: Selected controllable event: EV_move_forward
[INFO] [1789489870.464865134] [robot_1.robot_supervisor]: Selected controllable event: EV_search_object
[INFO] [1789489870.672268355] [robot_1.robot_supervisor]: Selected controllable event: EV_search_color
[INFO] [1789489870.853937398] [robot_1.robot_supervisor]: ############################# VISIBLE: EV_object_visible #############################
[INFO] [1789489870.860671632] [robot_1.robot_supervisor]: Selected controllable event: EV_move_forward
[INFO] [1789489871.155602671] [robot_1.robot_supervisor]: Selected controllable event: EV_search_color
[INFO] [1789489871.269195680] [robot_1.robot_supervisor]: Selected controllable event: EV_approach_object
[INFO] [1789489871.547126518] [robot_1.robot_supervisor]: Selected controllable event: EV_move_forward
[INFO] [1789489871.862592551] [robot_1.robot_supervisor]: Triggered uncontrollable event: EV_obstacle_left
[INFO] [1789489871.863373325] [robot_1.robot_supervisor]: ############################# VISIBLE: EV_object_visible #############################
[INFO] [1789489871.881897930] [robot_1.robot_supervisor]: Selected controllable event: EV_u_turn
[INFO] [1789489871.891822459] [robot_1.robot_supervisor]: Starting FULL ROTATE (omega=1.000, have_odom=True, target_rad=3.142, timeout_s=3.500)
[INFO] [1789489875.467802024] [robot_1.robot_supervisor]: FULL ROTATE completed by timeout
[INFO] [1789489875.737364242] [robot_1.robot_supervisor]: ############################# VISIBLE: EV_object_visible #############################
[INFO] [1789489875.738330954] [robot_1.robot_supervisor]: Selected controllable event: EV_search_color
[INFO] [1789489875.848417082] [robot_1.robot_supervisor]: Selected controllable event: EV_search_object
[INFO] [1789489875.964830477] [robot_1.robot_supervisor]: Selected controllable event: EV_approach_color
[INFO] [1789489876.260816774] [robot_1.robot_supervisor]: Selected controllable event: EV_search_color
[INFO] [1789489876.441280934] [robot_1.robot_supervisor]: ############################# VISIBLE: EV_object_visible #############################
[INFO] [1789489876.455793425] [robot_1.robot_supervisor]: Selected controllable event: EV_approach_color
[INFO] [1789489876.672266466] [robot_1.robot_supervisor]: Selected controllable event: EV_approach_color
[INFO] [1789489876.887459303] [robot_1.robot_supervisor]: Selected controllable event: EV_search_color
[INFO] [1789489877.055214736] [robot_1.robot_supervisor]: ############################# VISIBLE: EV_object_visible #############################
[INFO] [1789489877.061594869] [robot_1.robot_supervisor]: Selected controllable event: EV_search_color
[INFO] [1789489877.267646283] [robot_1.robot_supervisor]: Selected controllable event: EV_search_color
[INFO] [1789489877.449742680] [robot_1.robot_supervisor]: Selected controllable event: EV_move_forward
[INFO] [1789489877.754519968] [robot_1.robot_supervisor]: Selected controllable event: EV_search_color
[INFO] [1789489877.965669036] [robot_1.robot_supervisor]: Triggered uncontrollable event: EV_obstacle_right
[INFO] [1789489877.966673734] [robot_1.robot_supervisor]: Selected controllable event: EV_u_turn
[INFO] [1789489877.977626461] [robot_1.robot_supervisor]: Starting FULL ROTATE (omega=1.000, have_odom=True, target_rad=3.142, timeout_s=3.500)
[INFO] [1789489881.548129594] [robot_1.robot_supervisor]: FULL ROTATE completed by timeout
[INFO] [1789489881.779104207] [robot_1.robot_supervisor]: ############################# VISIBLE: EV_object_visible #############################
[INFO] [1789489881.779990690] [robot_1.robot_supervisor]: Selected controllable event: EV_search_object
[INFO] [1789489881.970245538] [robot_1.robot_supervisor]: Selected controllable event: EV_search_color
[INFO] [1789489882.163624692] [robot_1.robot_supervisor]: Selected controllable event: EV_approach_object
[INFO] [1789489882.379749087] [robot_1.robot_supervisor]: Selected controllable event: EV_approach_object
[INFO] [1789489882.663247013] [robot_1.robot_supervisor]: ############################# VISIBLE: EV_object_visible #############################
[INFO] [1789489882.664170879] [robot_1.robot_supervisor]: Selected controllable event: EV_search_object
[INFO] [1789489882.836943597] [robot_1.robot_supervisor]: Selected controllable event: EV_approach_object
[INFO] [1789489883.055023280] [robot_1.robot_supervisor]: Selected controllable event: EV_search_color
[INFO] [1789489883.164582658] [robot_1.robot_supervisor]: Selected controllable event: EV_move_forward
[INFO] [1789489883.463847078] [robot_1.robot_supervisor]: Triggered uncontrollable event: EV_object_not_visible
[INFO] [1789489883.464841014] [robot_1.robot_supervisor]: Selected controllable event: EV_search_color
[INFO] [1789489883.648302100] [robot_1.robot_supervisor]: Selected controllable event: EV_approach_object
[INFO] [1789489883.862354300] [robot_1.robot_supervisor]: Selected controllable event: EV_approach_object
[INFO] [1789489884.170981564] [robot_1.robot_supervisor]: Triggered uncontrollable event: EV_obstacle_left
[INFO] [1789489884.171770299] [robot_1.robot_supervisor]: Triggered uncontrollable event: EV_object_not_visible
[INFO] [1789489884.172712184] [robot_1.robot_supervisor]: Selected controllable event: EV_u_turn
[INFO] [1789489884.173634797] [robot_1.robot_supervisor]: Starting FULL ROTATE (omega=1.000, have_odom=True, target_rad=3.142, timeout_s=3.500)
[INFO] [1789489887.764921326] [robot_1.robot_supervisor]: FULL ROTATE completed by timeout
[INFO] [1789489888.069963889] [robot_1.robot_supervisor]: Triggered uncontrollable event: EV_obstacle_right
[INFO] [1789489888.070875893] [robot_1.robot_supervisor]: Triggered uncontrollable event: EV_object_not_visible
[INFO] [1789489888.083743557] [robot_1.robot_supervisor]: Selected controllable event: EV_rotate_counterclockwise
[WARN] [1789489888.084871881] [robot_1.robot_supervisor]: no translation for 4.4s livelock detected; starting atomic escape (turn_sign=+1)
[INFO] [1789489890.653801656] [robot_1.robot_supervisor]: Zone-livelock escape completed
[INFO] [1789489890.973024617] [robot_1.robot_supervisor]: Triggered uncontrollable event: EV_object_not_visible
[INFO] [1789489890.973967697] [robot_1.robot_supervisor]: Selected controllable event: EV_search_object
[INFO] [1789489891.144243831] [robot_1.robot_supervisor]: Selected controllable event: EV_approach_color
[INFO] [1789489891.464045442] [robot_1.robot_supervisor]: Selected controllable event: EV_search_object
[INFO] [1789489891.668239282] [robot_1.robot_supervisor]: Selected controllable event: EV_search_color
[INFO] [1789489891.836657203] [robot_1.robot_supervisor]: Triggered uncontrollable event: EV_object_not_visible
[INFO] [1789489891.854099191] [robot_1.robot_supervisor]: Selected controllable event: EV_search_object
[INFO] [1789489892.070512257] [robot_1.robot_supervisor]: Selected controllable event: EV_search_object
[INFO] [1789489892.242472083] [robot_1.robot_supervisor]: Selected controllable event: EV_move_forward
[INFO] [1789489892.461675234] [robot_1.robot_supervisor]: Selected controllable event: EV_move_forward
[INFO] [1789489892.778581285] [robot_1.robot_supervisor]: Triggered uncontrollable event: EV_object_not_visible
[INFO] [1789489892.779573308] [robot_1.robot_supervisor]: Selected controllable event: EV_approach_object
[INFO] [1789489893.049339010] [robot_1.robot_supervisor]: Selected controllable event: EV_move_forward
[INFO] [1789489893.258603153] [robot_1.robot_supervisor]: Selected controllable event: EV_approach_object
[INFO] [1789489893.551158897] [robot_1.robot_supervisor]: Triggered uncontrollable event: EV_object_not_visible
[INFO] [1789489893.571978403] [robot_1.robot_supervisor]: Selected controllable event: EV_search_color
[INFO] [1789489893.744130296] [robot_1.robot_supervisor]: Selected controllable event: EV_approach_color
[INFO] [1789489894.044107960] [robot_1.robot_supervisor]: Selected controllable event: EV_search_object
[INFO] [1789489894.279106204] [robot_1.robot_supervisor]: Selected controllable event: EV_approach_color
[INFO] [1789489894.562522051] [robot_1.robot_supervisor]: Triggered uncontrollable event: EV_object_not_visible
[INFO] [1789489894.563531589] [robot_1.robot_supervisor]: Selected controllable event: EV_search_object
[INFO] [1789489894.743137721] [robot_1.robot_supervisor]: Selected controllable event: EV_search_color
[INFO] [1789489894.870621272] [robot_1.robot_supervisor]: Selected controllable event: EV_search_object
[INFO] [1789489895.069832138] [robot_1.robot_supervisor]: Selected controllable event: EV_search_color
[INFO] [1789489895.274876010] [robot_1.robot_supervisor]: Selected controllable event: EV_approach_color
[INFO] [1789489895.548421540] [robot_1.robot_supervisor]: Triggered uncontrollable event: EV_object_not_visible
[INFO] [1789489895.549465434] [robot_1.robot_supervisor]: Selected controllable event: EV_move_forward
[INFO] [1789489895.765870379] [robot_1.robot_supervisor]: Selected controllable event: EV_search_color
[INFO] [1789489895.938107618] [robot_1.robot_supervisor]: Selected controllable event: EV_search_object
[INFO] [1789489896.050962719] [robot_1.robot_supervisor]: Selected controllable event: EV_approach_color
[INFO] [1789489896.360218530] [robot_1.robot_supervisor]: Triggered uncontrollable event: EV_object_not_visible
[INFO] [1789489896.361246497] [robot_1.robot_supervisor]: Selected controllable event: EV_search_color
[INFO] [1789489896.548755367] [robot_1.robot_supervisor]: Selected controllable event: EV_move_forward
[INFO] [1789489896.839349102] [robot_1.robot_supervisor]: Selected controllable event: EV_approach_color
[INFO] [1789489897.145132143] [robot_1.robot_supervisor]: Selected controllable event: EV_search_object
[INFO] [1789489897.270863331] [robot_1.robot_supervisor]: Selected controllable event: EV_search_object
[INFO] [1789489897.456120008] [robot_1.robot_supervisor]: Triggered uncontrollable event: EV_object_not_visible
[INFO] [1789489897.477902535] [robot_1.robot_supervisor]: Selected controllable event: EV_approach_object
[INFO] [1789489897.762892924] [robot_1.robot_supervisor]: Selected controllable event: EV_search_object
[INFO] [1789489897.954979764] [robot_1.robot_supervisor]: Selected controllable event: EV_move_forward
[INFO] [1789489898.246773021] [robot_1.robot_supervisor]: Triggered uncontrollable event: EV_object_not_visible
[INFO] [1789489898.259968903] [robot_1.robot_supervisor]: Selected controllable event: EV_move_forward
[INFO] [1789489898.566891851] [robot_1.robot_supervisor]: Selected controllable event: EV_move_forward
[INFO] [1789489898.875238027] [robot_1.robot_supervisor]: Selected controllable event: EV_approach_object
[INFO] [1789489899.156858337] [robot_1.robot_supervisor]: Triggered uncontrollable event: EV_obstacle_left
[INFO] [1789489899.157755787] [robot_1.robot_supervisor]: Triggered uncontrollable event: EV_object_not_visible
[INFO] [1789489899.168509871] [robot_1.robot_supervisor]: Selected controllable event: EV_u_turn
[INFO] [1789489899.169519541] [robot_1.robot_supervisor]: Starting FULL ROTATE (omega=1.000, have_odom=True, target_rad=3.142, timeout_s=3.500)
[INFO] [1789489902.756734674] [robot_1.robot_supervisor]: FULL ROTATE completed by timeout
[INFO] [1789489903.059075074] [robot_1.robot_supervisor]: Triggered uncontrollable event: EV_obstacle_right
[INFO] [1789489903.059783987] [robot_1.robot_supervisor]: Triggered uncontrollable event: EV_object_not_visible
[INFO] [1789489903.076678778] [robot_1.robot_supervisor]: Selected controllable event: EV_rotate_counterclockwise
[INFO] [1789489903.276929818] [robot_1.robot_supervisor]: Triggered uncontrollable event: EV_obstacle_right
[INFO] [1789489903.283498698] [robot_1.robot_supervisor]: Selected controllable event: EV_rotate_counterclockwise
[INFO] [1789489903.450010238] [robot_1.robot_supervisor]: ############################# VISIBLE: EV_object_visible #############################
[INFO] [1789489903.451082122] [robot_1.robot_supervisor]: Selected controllable event: EV_search_color
[INFO] [1789489903.589334009] [robot_1.robot_supervisor]: Selected controllable event: EV_search_object
[INFO] [1789489903.760834981] [robot_1.robot_supervisor]: Selected controllable event: EV_move_forward
[INFO] [1789489904.058613701] [robot_1.robot_supervisor]: Selected controllable event: EV_search_object
[INFO] [1789489904.172401629] [robot_1.robot_supervisor]: Selected controllable event: EV_search_color
[INFO] [1789489904.361501312] [robot_1.robot_supervisor]: ############################# VISIBLE: EV_object_visible #############################
[INFO] [1789489904.375485416] [robot_1.robot_supervisor]: Selected controllable event: EV_search_object
[INFO] [1789489904.541504284] [robot_1.robot_supervisor]: Selected controllable event: EV_move_forward
[INFO] [1789489904.858039085] [robot_1.robot_supervisor]: Selected controllable event: EV_search_object
[INFO] [1789489905.077405258] [robot_1.robot_supervisor]: Selected controllable event: EV_approach_color
[INFO] [1789489905.376969707] [robot_1.robot_supervisor]: ############################# VISIBLE: EV_object_visible #############################
[INFO] [1789489905.377979876] [robot_1.robot_supervisor]: Selected controllable event: EV_move_forward
[INFO] [1789489905.654541383] [robot_1.robot_supervisor]: Selected controllable event: EV_move_forward
[INFO] [1789489905.877929531] [robot_1.robot_supervisor]: Selected controllable event: EV_search_color
[INFO] [1789489906.058783952] [robot_1.robot_supervisor]: ############################# VISIBLE: EV_object_visible #############################
[INFO] [1789489906.066212054] [robot_1.robot_supervisor]: Selected controllable event: EV_move_forward
[INFO] [1789489906.370594452] [robot_1.robot_supervisor]: Selected controllable event: EV_approach_object
[INFO] [1789489906.666535754] [robot_1.robot_supervisor]: Selected controllable event: EV_approach_object
[INFO] [1789489906.972093384] [robot_1.robot_supervisor]: Selected controllable event: EV_move_forward
[INFO] [1789489907.258933110] [robot_1.robot_supervisor]: ############################# VISIBLE: EV_object_visible #############################
[INFO] [1789489907.266317679] [robot_1.robot_supervisor]: Selected controllable event: EV_approach_color
[INFO] [1789489907.549363128] [robot_1.robot_supervisor]: Selected controllable event: EV_search_object
[INFO] [1789489907.755689534] [robot_1.robot_supervisor]: Selected controllable event: EV_move_forward
[INFO] [1789489907.959635137] [robot_1.robot_supervisor]: ############################# VISIBLE: EV_object_visible #############################
[INFO] [1789489907.960736547] [robot_1.robot_supervisor]: Selected controllable event: EV_approach_color
[INFO] [1789489908.247053762] [robot_1.robot_supervisor]: Selected controllable event: EV_search_object
[INFO] [1789489908.364677549] [robot_1.robot_supervisor]: Selected controllable event: EV_search_object
[INFO] [1789489908.563170345] [robot_1.robot_supervisor]: Selected controllable event: EV_search_object
[INFO] [1789489908.752250604] [robot_1.robot_supervisor]: ############################# VISIBLE: EV_object_visible #############################
[INFO] [1789489908.753358203] [robot_1.robot_supervisor]: Selected controllable event: EV_search_object
[INFO] [1789489908.858135193] [robot_1.robot_supervisor]: Selected controllable event: EV_search_color
[INFO] [1789489909.046099560] [robot_1.robot_supervisor]: Selected controllable event: EV_search_object
[INFO] [1789489909.257333867] [robot_1.robot_supervisor]: Selected controllable event: EV_approach_color
[INFO] [1789489909.594800315] [robot_1.robot_supervisor]: Selected controllable event: EV_search_object
[INFO] [1789489909.758958666] [robot_1.robot_supervisor]: ############################# VISIBLE: EV_object_visible #############################
[INFO] [1789489909.769556477] [robot_1.robot_supervisor]: Selected controllable event: EV_move_forward
[INFO] [1789489910.047573193] [robot_1.robot_supervisor]: Selected controllable event: EV_approach_color
[INFO] [1789489910.390831794] [robot_1.robot_supervisor]: Selected controllable event: EV_move_forward
