[INFO] [1789489731.460808551] [robot_2.robot_supervisor]: Loaded initial mission 'balanced_delivery' from explicit YAML S_20260915_182327.yaml
[INFO] [1789489731.584243561] [robot_2.robot_supervisor]: Selected controllable event: EV_approach_color
[INFO] [1789489731.785984196] [robot_2.robot_supervisor]: Selected controllable event: EV_search_object
[INFO] [1789489731.888231328] [robot_2.robot_supervisor]: Selected controllable event: EV_approach_object
[INFO] [1789489732.089697062] [robot_2.robot_supervisor]: Selected controllable event: EV_search_color
[INFO] [1789489732.191562185] [robot_2.robot_supervisor]: Selected controllable event: EV_search_object
[INFO] [1789489732.386898631] [robot_2.robot_supervisor]: Selected controllable event: EV_approach_object
[INFO] [1789489732.588895793] [robot_2.robot_supervisor]: Selected controllable event: EV_move_forward
[INFO] [1789489732.791500119] [robot_2.robot_supervisor]: Selected controllable event: EV_approach_color
[INFO] [1789489733.083492919] [robot_2.robot_supervisor]: Selected controllable event: EV_search_object
[INFO] [1789489733.191663663] [robot_2.robot_supervisor]: Selected controllable event: EV_approach_object
[INFO] [1789489733.494490481] [robot_2.robot_supervisor]: Selected controllable event: EV_move_forward
[INFO] [1789489733.781702508] [robot_2.robot_supervisor]: Selected controllable event: EV_approach_color
[INFO] [1789489734.082021573] [robot_2.robot_supervisor]: Selected controllable event: EV_approach_object
[INFO] [1789489734.382064980] [robot_2.robot_supervisor]: Selected controllable event: EV_move_forward
[INFO] [1789489734.681920462] [robot_2.robot_supervisor]: Selected controllable event: EV_search_object
[INFO] [1789489734.882006499] [robot_2.robot_supervisor]: Selected controllable event: EV_search_color
[INFO] [1789489735.083219008] [robot_2.robot_supervisor]: Selected controllable event: EV_search_object
[INFO] [1789489735.282257112] [robot_2.robot_supervisor]: Selected controllable event: EV_approach_color
[INFO] [1789489735.582222160] [robot_2.robot_supervisor]: Selected controllable event: EV_search_object
[INFO] [1789489735.782191600] [robot_2.robot_supervisor]: Selected controllable event: EV_approach_color
[INFO] [1789489735.987401295] [robot_2.robot_supervisor]: Triggered uncontrollable event: EV_obstacle_left
[INFO] [1789489735.992560958] [robot_2.robot_supervisor]: Triggered uncontrollable event: EV_object_not_visible
[INFO] [1789489735.998625991] [robot_2.robot_supervisor]: Selected controllable event: EV_rotate_clockwise
[WARN] [1789489736.007412641] [robot_2.robot_supervisor]: no translation for 4.4s livelock detected; starting atomic escape (turn_sign=-1)
[INFO] [1789489738.490497623] [robot_2.robot_supervisor]: Zone-livelock escape completed
[INFO] [1789489738.795037161] [robot_2.robot_supervisor]: Triggered uncontrollable event: EV_object_not_visible
[INFO] [1789489738.795670296] [robot_2.robot_supervisor]: Selected controllable event: EV_approach_color
[INFO] [1789489739.096033405] [robot_2.robot_supervisor]: ############################# VISIBLE: EV_object_visible #############################
[INFO] [1789489739.096693897] [robot_2.robot_supervisor]: Selected controllable event: EV_search_object
[INFO] [1789489739.285006062] [robot_2.robot_supervisor]: Selected controllable event: EV_search_object
[INFO] [1789489739.401547401] [robot_2.robot_supervisor]: Selected controllable event: EV_approach_color
[INFO] [1789489739.685777784] [robot_2.robot_supervisor]: ############################# VISIBLE: EV_object_visible #############################
[INFO] [1789489739.686449054] [robot_2.robot_supervisor]: Selected controllable event: EV_approach_color
[INFO] [1789489739.892679042] [robot_2.robot_supervisor]: Selected controllable event: EV_search_object
[INFO] [1789489740.082556357] [robot_2.robot_supervisor]: ############################# VISIBLE: EV_object_visible #############################
[INFO] [1789489740.083201962] [robot_2.robot_supervisor]: Selected controllable event: EV_search_object
[INFO] [1789489740.192420076] [robot_2.robot_supervisor]: Selected controllable event: EV_move_forward
[INFO] [1789489740.489610258] [robot_2.robot_supervisor]: Selected controllable event: EV_search_color
[INFO] [1789489740.695439122] [robot_2.robot_supervisor]: ############################# VISIBLE: EV_object_visible #############################
[INFO] [1789489740.698868675] [robot_2.robot_supervisor]: Selected controllable event: EV_search_object
[INFO] [1789489740.891046502] [robot_2.robot_supervisor]: Selected controllable event: EV_search_color
[INFO] [1789489740.994669818] [robot_2.robot_supervisor]: Selected controllable event: EV_search_color
[INFO] [1789489741.096354440] [robot_2.robot_supervisor]: ############################# VISIBLE: EV_object_visible #############################
[INFO] [1789489741.109282804] [robot_2.robot_supervisor]: Selected controllable event: EV_search_color
[INFO] [1789489741.289474115] [robot_2.robot_supervisor]: Selected controllable event: EV_approach_color
[INFO] [1789489741.491527501] [robot_2.robot_supervisor]: Selected controllable event: EV_approach_color
[INFO] [1789489741.797637017] [robot_2.robot_supervisor]: ############################# VISIBLE: EV_object_visible #############################
[INFO] [1789489741.805921499] [robot_2.robot_supervisor]: Selected controllable event: EV_search_color
[INFO] [1789489742.006255348] [robot_2.robot_supervisor]: Selected controllable event: EV_search_object
[INFO] [1789489742.208024056] [robot_2.robot_supervisor]: ############################# VISIBLE: EV_object_visible #############################
[INFO] [1789489742.208656611] [robot_2.robot_supervisor]: Selected controllable event: EV_move_forward
[INFO] [1789489742.489086099] [robot_2.robot_supervisor]: Selected controllable event: EV_search_color
[INFO] [1789489742.682382241] [robot_2.robot_supervisor]: ############################# VISIBLE: EV_object_visible #############################
[INFO] [1789489742.682940712] [robot_2.robot_supervisor]: Selected controllable event: EV_move_forward
[INFO] [1789489742.887807820] [robot_2.robot_supervisor]: Selected controllable event: EV_approach_object
[INFO] [1789489743.188325400] [robot_2.robot_supervisor]: ############################# VISIBLE: EV_object_visible #############################
[INFO] [1789489743.196320540] [robot_2.robot_supervisor]: Selected controllable event: EV_search_color
[INFO] [1789489743.393283809] [robot_2.robot_supervisor]: Selected controllable event: EV_approach_color
[INFO] [1789489743.688904539] [robot_2.robot_supervisor]: Triggered uncontrollable event: EV_object_not_visible
[INFO] [1789489743.694065890] [robot_2.robot_supervisor]: Selected controllable event: EV_move_forward
[INFO] [1789489743.984933456] [robot_2.robot_supervisor]: Selected controllable event: EV_move_forward
[INFO] [1789489744.197959921] [robot_2.robot_supervisor]: Selected controllable event: EV_move_forward
[INFO] [1789489744.505558984] [robot_2.robot_supervisor]: Triggered uncontrollable event: EV_obstacle_left
[INFO] [1789489744.506002095] [robot_2.robot_supervisor]: Triggered uncontrollable event: EV_object_not_visible
[INFO] [1789489744.511387696] [robot_2.robot_supervisor]: Selected controllable event: EV_u_turn
[INFO] [1789489744.522908880] [robot_2.robot_supervisor]: Starting FULL ROTATE (omega=1.000, have_odom=True, target_rad=3.142, timeout_s=3.500)
[INFO] [1789489747.884668961] [robot_2.robot_supervisor]: FULL ROTATE completed by odom (accum_rad=3.208)
[INFO] [1789489748.099107899] [robot_2.robot_supervisor]: Triggered uncontrollable event: EV_obstacle_right
[INFO] [1789489748.099600409] [robot_2.robot_supervisor]: ############################# VISIBLE: EV_object_visible #############################
[INFO] [1789489748.100215483] [robot_2.robot_supervisor]: Selected controllable event: EV_u_turn
[INFO] [1789489748.183305915] [robot_2.robot_supervisor]: Selected controllable event: EV_approach_object
[INFO] [1789489748.482167575] [robot_2.robot_supervisor]: ############################# VISIBLE: EV_object_visible #############################
[INFO] [1789489748.482813752] [robot_2.robot_supervisor]: Selected controllable event: EV_move_forward
[INFO] [1789489748.692437776] [robot_2.robot_supervisor]: Selected controllable event: EV_search_object
[INFO] [1789489748.888450005] [robot_2.robot_supervisor]: ############################# VISIBLE: EV_object_visible #############################
[INFO] [1789489748.895890421] [robot_2.robot_supervisor]: Selected controllable event: EV_move_forward
[INFO] [1789489749.197454499] [robot_2.robot_supervisor]: Selected controllable event: EV_search_color
[INFO] [1789489749.383382597] [robot_2.robot_supervisor]: ############################# VISIBLE: EV_object_visible #############################
[INFO] [1789489749.383956659] [robot_2.robot_supervisor]: Selected controllable event: EV_approach_object
[INFO] [1789489749.683120185] [robot_2.robot_supervisor]: Selected controllable event: EV_approach_object
[INFO] [1789489749.982106833] [robot_2.robot_supervisor]: ############################# VISIBLE: EV_object_visible #############################
[INFO] [1789489749.985906652] [robot_2.robot_supervisor]: Selected controllable event: EV_approach_object
[INFO] [1789489750.192529121] [robot_2.robot_supervisor]: Selected controllable event: EV_approach_color
[INFO] [1789489750.490092763] [robot_2.robot_supervisor]: ############################# VISIBLE: EV_object_visible #############################
[INFO] [1789489750.490792126] [robot_2.robot_supervisor]: Selected controllable event: EV_search_object
[INFO] [1789489750.694162886] [robot_2.robot_supervisor]: Selected controllable event: EV_search_object
[INFO] [1789489750.887366527] [robot_2.robot_supervisor]: ############################# VISIBLE: EV_object_visible #############################
[INFO] [1789489750.890254522] [robot_2.robot_supervisor]: Selected controllable event: EV_search_object
[INFO] [1789489751.107068016] [robot_2.robot_supervisor]: Selected controllable event: EV_move_forward
[INFO] [1789489751.391104471] [robot_2.robot_supervisor]: ############################# VISIBLE: EV_object_visible #############################
[INFO] [1789489751.394094557] [robot_2.robot_supervisor]: Selected controllable event: EV_search_object
[INFO] [1789489751.592142255] [robot_2.robot_supervisor]: Selected controllable event: EV_move_forward
[INFO] [1789489751.887472176] [robot_2.robot_supervisor]: ############################# VISIBLE: EV_object_visible #############################
[INFO] [1789489751.890306858] [robot_2.robot_supervisor]: Selected controllable event: EV_search_color
[INFO] [1789489752.093085313] [robot_2.robot_supervisor]: Selected controllable event: EV_approach_color
[INFO] [1789489752.384547366] [robot_2.robot_supervisor]: ############################# VISIBLE: EV_object_visible #############################
[INFO] [1789489752.385193482] [robot_2.robot_supervisor]: Selected controllable event: EV_move_forward
[INFO] [1789489752.591243765] [robot_2.robot_supervisor]: Selected controllable event: EV_approach_color
[INFO] [1789489752.889233739] [robot_2.robot_supervisor]: ############################# VISIBLE: EV_object_visible #############################
[INFO] [1789489752.889834890] [robot_2.robot_supervisor]: Selected controllable event: EV_approach_object
[INFO] [1789489753.183244915] [robot_2.robot_supervisor]: ############################# VISIBLE: EV_object_visible #############################
[INFO] [1789489753.183887155] [robot_2.robot_supervisor]: Selected controllable event: EV_approach_object
[INFO] [1789489753.490122142] [robot_2.robot_supervisor]: Selected controllable event: EV_search_object
[INFO] [1789489753.591735487] [robot_2.robot_supervisor]: ############################# VISIBLE: EV_object_visible #############################
[INFO] [1789489753.592447371] [robot_2.robot_supervisor]: Selected controllable event: EV_search_color
[INFO] [1789489753.799991024] [robot_2.robot_supervisor]: Selected controllable event: EV_search_object
[INFO] [1789489753.997237212] [robot_2.robot_supervisor]: ############################# VISIBLE: EV_object_visible #############################
[INFO] [1789489754.005554250] [robot_2.robot_supervisor]: Selected controllable event: EV_search_object
[INFO] [1789489754.191768191] [robot_2.robot_supervisor]: Selected controllable event: EV_search_color
[INFO] [1789489754.386090196] [robot_2.robot_supervisor]: Selected controllable event: EV_search_color
[INFO] [1789489754.487458519] [robot_2.robot_supervisor]: ############################# VISIBLE: EV_object_visible #############################
[INFO] [1789489754.488078530] [robot_2.robot_supervisor]: Selected controllable event: EV_search_color
[INFO] [1789489754.690006404] [robot_2.robot_supervisor]: Selected controllable event: EV_search_object
[INFO] [1789489754.892887062] [robot_2.robot_supervisor]: Selected controllable event: EV_approach_color
[INFO] [1789489755.095425700] [robot_2.robot_supervisor]: ############################# VISIBLE: EV_object_visible #############################
[INFO] [1789489755.102071403] [robot_2.robot_supervisor]: Selected controllable event: EV_search_color
[INFO] [1789489755.282401824] [robot_2.robot_supervisor]: Selected controllable event: EV_search_object
[INFO] [1789489755.488232061] [robot_2.robot_supervisor]: ############################# VISIBLE: EV_object_visible #############################
[INFO] [1789489755.488835191] [robot_2.robot_supervisor]: Selected controllable event: EV_approach_object
[INFO] [1789489755.696231274] [robot_2.robot_supervisor]: Selected controllable event: EV_approach_color
[INFO] [1789489756.001770834] [robot_2.robot_supervisor]: ############################# VISIBLE: EV_object_visible #############################
[INFO] [1789489756.002552097] [robot_2.robot_supervisor]: Selected controllable event: EV_search_color
[INFO] [1789489756.187423771] [robot_2.robot_supervisor]: Selected controllable event: EV_search_color
[INFO] [1789489756.392654424] [robot_2.robot_supervisor]: Selected controllable event: EV_approach_object
[INFO] [1789489756.687912045] [robot_2.robot_supervisor]: ############################# VISIBLE: EV_object_visible #############################
[INFO] [1789489756.692142861] [robot_2.robot_supervisor]: Selected controllable event: EV_search_object
[INFO] [1789489756.902587387] [robot_2.robot_supervisor]: Selected controllable event: EV_search_color
[INFO] [1789489757.092212883] [robot_2.robot_supervisor]: ############################# VISIBLE: EV_object_visible #############################
[INFO] [1789489757.092814175] [robot_2.robot_supervisor]: Selected controllable event: EV_search_color
[INFO] [1789489757.289206504] [robot_2.robot_supervisor]: Selected controllable event: EV_move_forward
[INFO] [1789489757.587483371] [robot_2.robot_supervisor]: ############################# VISIBLE: EV_object_visible #############################
[INFO] [1789489757.588143844] [robot_2.robot_supervisor]: Selected controllable event: EV_approach_object
[INFO] [1789489757.900149389] [robot_2.robot_supervisor]: Triggered uncontrollable event: EV_object_not_visible
[INFO] [1789489757.902760141] [robot_2.robot_supervisor]: Selected controllable event: EV_move_forward
[INFO] [1789489758.203093011] [robot_2.robot_supervisor]: Selected controllable event: EV_move_forward
[INFO] [1789489758.485559570] [robot_2.robot_supervisor]: Triggered uncontrollable event: EV_object_not_visible
[INFO] [1789489758.486237173] [robot_2.robot_supervisor]: Selected controllable event: EV_search_object
[INFO] [1789489758.605453548] [robot_2.robot_supervisor]: Selected controllable event: EV_move_forward
[INFO] [1789489758.886721762] [robot_2.robot_supervisor]: Triggered uncontrollable event: EV_object_not_visible
[INFO] [1789489758.887414786] [robot_2.robot_supervisor]: Selected controllable event: EV_search_color
[INFO] [1789489759.100255187] [robot_2.robot_supervisor]: Selected controllable event: EV_search_object
[INFO] [1789489759.290658727] [robot_2.robot_supervisor]: Triggered uncontrollable event: EV_obstacle_right
[INFO] [1789489759.297496038] [robot_2.robot_supervisor]: Triggered uncontrollable event: EV_object_not_visible
[INFO] [1789489759.298207566] [robot_2.robot_supervisor]: Selected controllable event: EV_rotate_counterclockwise
[INFO] [1789489759.483765177] [robot_2.robot_supervisor]: Triggered uncontrollable event: EV_obstacle_right
[INFO] [1789489759.484440012] [robot_2.robot_supervisor]: Selected controllable event: EV_rotate_counterclockwise
[INFO] [1789489759.587133863] [robot_2.robot_supervisor]: Triggered uncontrollable event: EV_obstacle_right
[INFO] [1789489759.587672823] [robot_2.robot_supervisor]: Selected controllable event: EV_u_turn
[INFO] [1789489759.588173899] [robot_2.robot_supervisor]: Starting FULL ROTATE (omega=1.000, have_odom=True, target_rad=3.142, timeout_s=3.500)
[INFO] [1789489762.588251028] [robot_2.robot_supervisor]: FULL ROTATE completed by odom (accum_rad=3.250)
[INFO] [1789489762.800821300] [robot_2.robot_supervisor]: ############################# VISIBLE: EV_object_visible #############################
[INFO] [1789489762.801430346] [robot_2.robot_supervisor]: Selected controllable event: EV_approach_object
[INFO] [1789489763.092328590] [robot_2.robot_supervisor]: ############################# VISIBLE: EV_object_visible #############################
[INFO] [1789489763.098003231] [robot_2.robot_supervisor]: Selected controllable event: EV_approach_color
[INFO] [1789489763.394268233] [robot_2.robot_supervisor]: Selected controllable event: EV_move_forward
[INFO] [1789489763.692185284] [robot_2.robot_supervisor]: ############################# VISIBLE: EV_object_visible #############################
[INFO] [1789489763.692813631] [robot_2.robot_supervisor]: Selected controllable event: EV_move_forward
[INFO] [1789489763.998206690] [robot_2.robot_supervisor]: ############################# VISIBLE: EV_object_visible #############################
[INFO] [1789489763.998835814] [robot_2.robot_supervisor]: Selected controllable event: EV_search_color
[INFO] [1789489764.183068507] [robot_2.robot_supervisor]: Selected controllable event: EV_approach_object
[INFO] [1789489764.385418390] [robot_2.robot_supervisor]: Selected controllable event: EV_approach_color
[INFO] [1789489764.689916099] [robot_2.robot_supervisor]: ############################# VISIBLE: EV_object_visible #############################
[INFO] [1789489764.690557575] [robot_2.robot_supervisor]: Selected controllable event: EV_approach_color
[INFO] [1789489764.987967505] [robot_2.robot_supervisor]: ############################# VISIBLE: EV_object_visible #############################
[INFO] [1789489764.988524502] [robot_2.robot_supervisor]: Selected controllable event: EV_approach_object
[INFO] [1789489765.288221413] [robot_2.robot_supervisor]: Selected controllable event: EV_search_object
[INFO] [1789489765.486168575] [robot_2.robot_supervisor]: ############################# VISIBLE: EV_object_visible #############################
[INFO] [1789489765.487734826] [robot_2.robot_supervisor]: Selected controllable event: EV_move_forward
[INFO] [1789489765.781986177] [robot_2.robot_supervisor]: Selected controllable event: EV_search_object
[INFO] [1789489765.903395016] [robot_2.robot_supervisor]: Selected controllable event: EV_approach_object
[INFO] [1789489766.182467673] [robot_2.robot_supervisor]: ############################# VISIBLE: EV_object_visible #############################
[INFO] [1789489766.183201498] [robot_2.robot_supervisor]: Selected controllable event: EV_search_color
[INFO] [1789489766.300332632] [robot_2.robot_supervisor]: Selected controllable event: EV_search_object
[INFO] [1789489766.487788277] [robot_2.robot_supervisor]: ############################# VISIBLE: EV_object_visible #############################
[INFO] [1789489766.501510332] [robot_2.robot_supervisor]: Selected controllable event: EV_approach_color
[INFO] [1789489766.789708505] [robot_2.robot_supervisor]: Selected controllable event: EV_search_object
[INFO] [1789489766.994531547] [robot_2.robot_supervisor]: Selected controllable event: EV_search_object
[INFO] [1789489767.197821729] [robot_2.robot_supervisor]: Selected controllable event: EV_move_forward
[INFO] [1789489767.515788993] [robot_2.robot_supervisor]: ############################# VISIBLE: EV_object_visible #############################
[INFO] [1789489767.526960878] [robot_2.robot_supervisor]: Selected controllable event: EV_search_color
[INFO] [1789489767.706428903] [robot_2.robot_supervisor]: Selected controllable event: EV_move_forward
[INFO] [1789489767.985575926] [robot_2.robot_supervisor]: Selected controllable event: EV_approach_object
[INFO] [1789489768.195974209] [robot_2.robot_supervisor]: Selected controllable event: EV_approach_object
[INFO] [1789489768.491802352] [robot_2.robot_supervisor]: ############################# VISIBLE: EV_object_visible #############################
[INFO] [1789489768.519314489] [robot_2.robot_supervisor]: Selected controllable event: EV_move_forward
[INFO] [1789489768.798198035] [robot_2.robot_supervisor]: Selected controllable event: EV_approach_color
[INFO] [1789489769.001659683] [robot_2.robot_supervisor]: Selected controllable event: EV_approach_color
[INFO] [1789489769.290042541] [robot_2.robot_supervisor]: ############################# VISIBLE: EV_object_visible #############################
[INFO] [1789489769.307387010] [robot_2.robot_supervisor]: Selected controllable event: EV_search_object
[INFO] [1789489769.524446051] [robot_2.robot_supervisor]: Selected controllable event: EV_approach_object
[INFO] [1789489769.811338421] [robot_2.robot_supervisor]: Selected controllable event: EV_search_color
[INFO] [1789489769.994844434] [robot_2.robot_supervisor]: Selected controllable event: EV_approach_color
[INFO] [1789489770.219425579] [robot_2.robot_supervisor]: Selected controllable event: EV_search_object
[INFO] [1789489770.408670972] [robot_2.robot_supervisor]: ############################# VISIBLE: EV_object_visible #############################
[INFO] [1789489770.416314688] [robot_2.robot_supervisor]: Selected controllable event: EV_move_forward
[INFO] [1789489770.711675533] [robot_2.robot_supervisor]: Selected controllable event: EV_search_object
[INFO] [1789489770.899531567] [robot_2.robot_supervisor]: Selected controllable event: EV_approach_object
[INFO] [1789489771.200505803] [robot_2.robot_supervisor]: Selected controllable event: EV_search_color
[INFO] [1789489771.335424870] [robot_2.robot_supervisor]: Selected controllable event: EV_search_object
[INFO] [1789489771.500937666] [robot_2.robot_supervisor]: ############################# VISIBLE: EV_object_visible #############################
[INFO] [1789489771.524868179] [robot_2.robot_supervisor]: Selected controllable event: EV_approach_color
[INFO] [1789489771.828012692] [robot_2.robot_supervisor]: Selected controllable event: EV_approach_color
[INFO] [1789489772.103297407] [robot_2.robot_supervisor]: Selected controllable event: EV_search_color
[INFO] [1789489772.295692401] [robot_2.robot_supervisor]: Selected controllable event: EV_approach_color
[INFO] [1789489772.510340211] [robot_2.robot_supervisor]: Selected controllable event: EV_search_color
[INFO] [1789489772.710713681] [robot_2.robot_supervisor]: ############################# VISIBLE: EV_object_visible #############################
[INFO] [1789489772.726253849] [robot_2.robot_supervisor]: Selected controllable event: EV_approach_object
[INFO] [1789489773.009561817] [robot_2.robot_supervisor]: Selected controllable event: EV_approach_object
[INFO] [1789489773.319065605] [robot_2.robot_supervisor]: Selected controllable event: EV_search_object
[INFO] [1789489773.507184120] [robot_2.robot_supervisor]: ############################# VISIBLE: EV_object_visible #############################
[INFO] [1789489773.512249208] [robot_2.robot_supervisor]: Selected controllable event: EV_search_color
[INFO] [1789489773.698170607] [robot_2.robot_supervisor]: Selected controllable event: EV_search_object
[INFO] [1789489773.812867390] [robot_2.robot_supervisor]: Selected controllable event: EV_approach_color
[INFO] [1789489774.130503956] [robot_2.robot_supervisor]: Selected controllable event: EV_approach_object
[INFO] [1789489774.396293529] [robot_2.robot_supervisor]: Selected controllable event: EV_search_object
[INFO] [1789489774.621509330] [robot_2.robot_supervisor]: ############################# VISIBLE: EV_object_visible #############################
[INFO] [1789489774.622569595] [robot_2.robot_supervisor]: Selected controllable event: EV_search_color
[INFO] [1789489774.814156507] [robot_2.robot_supervisor]: Selected controllable event: EV_search_color
[INFO] [1789489774.982723457] [robot_2.robot_supervisor]: Selected controllable event: EV_search_color
[INFO] [1789489775.202685838] [robot_2.robot_supervisor]: Selected controllable event: EV_approach_object
[INFO] [1789489775.506488469] [robot_2.robot_supervisor]: ############################# VISIBLE: EV_object_visible #############################
[INFO] [1789489775.507694305] [robot_2.robot_supervisor]: Selected controllable event: EV_approach_color
[INFO] [1789489775.712079809] [robot_2.robot_supervisor]: Selected controllable event: EV_approach_object
[INFO] [1789489775.999287774] [robot_2.robot_supervisor]: Selected controllable event: EV_search_color
[INFO] [1789489776.121711361] [robot_2.robot_supervisor]: Selected controllable event: EV_approach_color
[INFO] [1789489776.406282763] [robot_2.robot_supervisor]: Selected controllable event: EV_search_object
[INFO] [1789489776.512739877] [robot_2.robot_supervisor]: ############################# VISIBLE: EV_object_visible #############################
[INFO] [1789489776.513781760] [robot_2.robot_supervisor]: Selected controllable event: EV_search_color
[INFO] [1789489776.715582216] [robot_2.robot_supervisor]: Selected controllable event: EV_search_object
[INFO] [1789489776.898655432] [robot_2.robot_supervisor]: Selected controllable event: EV_search_object
[INFO] [1789489777.115253524] [robot_2.robot_supervisor]: Selected controllable event: EV_approach_object
[INFO] [1789489777.427771122] [robot_2.robot_supervisor]: Selected controllable event: EV_approach_color
[INFO] [1789489777.713069551] [robot_2.robot_supervisor]: ############################# VISIBLE: EV_object_visible #############################
[INFO] [1789489777.714319909] [robot_2.robot_supervisor]: Selected controllable event: EV_approach_object
[INFO] [1789489778.008092927] [robot_2.robot_supervisor]: Selected controllable event: EV_approach_object
[INFO] [1789489778.290587630] [robot_2.robot_supervisor]: Selected controllable event: EV_search_color
[INFO] [1789489778.412657304] [robot_2.robot_supervisor]: Selected controllable event: EV_approach_object
[INFO] [1789489778.716657034] [robot_2.robot_supervisor]: ############################# VISIBLE: EV_object_visible #############################
[INFO] [1789489778.717632069] [robot_2.robot_supervisor]: Selected controllable event: EV_search_object
[INFO] [1789489778.904004822] [robot_2.robot_supervisor]: Selected controllable event: EV_move_forward
[INFO] [1789489779.196183779] [robot_2.robot_supervisor]: Selected controllable event: EV_search_color
[INFO] [1789489779.413056823] [robot_2.robot_supervisor]: Selected controllable event: EV_approach_color
[INFO] [1789489779.702537798] [robot_2.robot_supervisor]: ############################# VISIBLE: EV_object_visible #############################
[INFO] [1789489779.703631264] [robot_2.robot_supervisor]: Selected controllable event: EV_search_object
[INFO] [1789489779.913482806] [robot_2.robot_supervisor]: Selected controllable event: EV_approach_color
[INFO] [1789489780.204141852] [robot_2.robot_supervisor]: Selected controllable event: EV_approach_color
[INFO] [1789489780.487495737] [robot_2.robot_supervisor]: ############################# VISIBLE: EV_object_visible #############################
[INFO] [1789489780.488654455] [robot_2.robot_supervisor]: Selected controllable event: EV_approach_color
[INFO] [1789489780.721337113] [robot_2.robot_supervisor]: Selected controllable event: EV_approach_object
[INFO] [1789489780.986674851] [robot_2.robot_supervisor]: Selected controllable event: EV_move_forward
[INFO] [1789489781.203763661] [robot_2.robot_supervisor]: Selected controllable event: EV_search_object
[INFO] [1789489781.398622114] [robot_2.robot_supervisor]: Triggered uncontrollable event: EV_obstacle_right
[INFO] [1789489781.416847747] [robot_2.robot_supervisor]: ############################# REACHED: EV_object_reached #############################
[INFO] [1789489781.417918476] [robot_2.robot_supervisor]: Selected controllable event: EV_u_turn
[INFO] [1789489781.426350693] [robot_2.robot_supervisor]: Starting FULL ROTATE (omega=1.000, have_odom=True, target_rad=3.142, timeout_s=3.500)
[INFO] [1789489785.005017340] [robot_2.robot_supervisor]: FULL ROTATE completed by timeout
[INFO] [1789489785.300411159] [robot_2.robot_supervisor]: ############################# REACHED: EV_object_reached #############################
[INFO] [1789489785.301492017] [robot_2.robot_supervisor]: Selected controllable event: EV_approach_color
[INFO] [1789489785.594624403] [robot_2.robot_supervisor]: Selected controllable event: EV_approach_object
[INFO] [1789489785.902882878] [robot_2.robot_supervisor]: ############################# REACHED: EV_object_reached #############################
[INFO] [1789489785.903975993] [robot_2.robot_supervisor]: Selected controllable event: EV_approach_color
[INFO] [1789489786.111831585] [robot_2.robot_supervisor]: Selected controllable event: EV_search_color
[INFO] [1789489786.291869655] [robot_2.robot_supervisor]: Selected controllable event: EV_search_color
[INFO] [1789489786.402631006] [robot_2.robot_supervisor]: Selected controllable event: EV_approach_object
[INFO] [1789489786.706745015] [robot_2.robot_supervisor]: ############################# REACHED: EV_object_reached #############################
[INFO] [1789489786.707635238] [robot_2.robot_supervisor]: Selected controllable event: EV_search_color
[INFO] [1789489786.907422932] [robot_2.robot_supervisor]: Selected controllable event: EV_search_color
[INFO] [1789489787.091186852] [robot_2.robot_supervisor]: Selected controllable event: EV_move_forward
[INFO] [1789489787.382726194] [robot_2.robot_supervisor]: Selected controllable event: EV_move_forward
[INFO] [1789489787.596524332] [robot_2.robot_supervisor]: Triggered uncontrollable event: EV_object_not_visible
[INFO] [1789489787.623242701] [robot_2.robot_supervisor]: Selected controllable event: EV_move_forward
[INFO] [1789489787.893860659] [robot_2.robot_supervisor]: Selected controllable event: EV_move_forward
[INFO] [1789489788.201766281] [robot_2.robot_supervisor]: Selected controllable event: EV_search_object
[INFO] [1789489788.324629849] [robot_2.robot_supervisor]: Selected controllable event: EV_search_color
[INFO] [1789489788.504430311] [robot_2.robot_supervisor]: Triggered uncontrollable event: EV_object_not_visible
[INFO] [1789489788.505451751] [robot_2.robot_supervisor]: Selected controllable event: EV_approach_color
[INFO] [1789489788.792931620] [robot_2.robot_supervisor]: Selected controllable event: EV_approach_object
[INFO] [1789489788.996827274] [robot_2.robot_supervisor]: Selected controllable event: EV_move_forward
[INFO] [1789489789.291208666] [robot_2.robot_supervisor]: Selected controllable event: EV_search_color
[INFO] [1789489789.402215211] [robot_2.robot_supervisor]: Triggered uncontrollable event: EV_object_not_visible
[INFO] [1789489789.403131339] [robot_2.robot_supervisor]: Selected controllable event: EV_search_color
[INFO] [1789489789.609390314] [robot_2.robot_supervisor]: Selected controllable event: EV_move_forward
[INFO] [1789489789.893504987] [robot_2.robot_supervisor]: Selected controllable event: EV_search_object
[INFO] [1789489790.120865021] [robot_2.robot_supervisor]: Selected controllable event: EV_search_color
[INFO] [1789489790.311349629] [robot_2.robot_supervisor]: Triggered uncontrollable event: EV_obstacle_right
[INFO] [1789489790.312161395] [robot_2.robot_supervisor]: Triggered uncontrollable event: EV_object_not_visible
[INFO] [1789489790.344328915] [robot_2.robot_supervisor]: Selected controllable event: EV_u_turn
[INFO] [1789489790.345342607] [robot_2.robot_supervisor]: Starting FULL ROTATE (omega=1.000, have_odom=True, target_rad=3.142, timeout_s=3.500)
[INFO] [1789489793.919830239] [robot_2.robot_supervisor]: FULL ROTATE completed by timeout
[INFO] [1789489794.227471186] [robot_2.robot_supervisor]: ############################# VISIBLE: EV_object_visible #############################
[INFO] [1789489794.248170514] [robot_2.robot_supervisor]: Selected controllable event: EV_search_color
[INFO] [1789489794.408654498] [robot_2.robot_supervisor]: Selected controllable event: EV_search_object
[INFO] [1789489794.587027967] [robot_2.robot_supervisor]: ############################# VISIBLE: EV_object_visible #############################
[INFO] [1789489794.588178229] [robot_2.robot_supervisor]: Selected controllable event: EV_search_color
[INFO] [1789489794.714756439] [robot_2.robot_supervisor]: Selected controllable event: EV_search_color
[INFO] [1789489794.927134427] [robot_2.robot_supervisor]: Selected controllable event: EV_move_forward
[INFO] [1789489795.186583683] [robot_2.robot_supervisor]: Selected controllable event: EV_approach_color
[INFO] [1789489795.494570608] [robot_2.robot_supervisor]: Selected controllable event: EV_approach_object
[INFO] [1789489795.711175650] [robot_2.robot_supervisor]: ############################# VISIBLE: EV_object_visible #############################
[INFO] [1789489795.729388264] [robot_2.robot_supervisor]: Selected controllable event: EV_approach_color
[INFO] [1789489795.996082721] [robot_2.robot_supervisor]: Selected controllable event: EV_search_color
[INFO] [1789489796.195223437] [robot_2.robot_supervisor]: Selected controllable event: EV_move_forward
[INFO] [1789489796.417733575] [robot_2.robot_supervisor]: Selected controllable event: EV_move_forward
[INFO] [1789489796.694118666] [robot_2.robot_supervisor]: ############################# VISIBLE: EV_object_visible #############################
[INFO] [1789489796.695170074] [robot_2.robot_supervisor]: Selected controllable event: EV_search_color
[INFO] [1789489796.919383562] [robot_2.robot_supervisor]: Selected controllable event: EV_search_color
[INFO] [1789489797.092277982] [robot_2.robot_supervisor]: Selected controllable event: EV_approach_color
[INFO] [1789489797.313105649] [robot_2.robot_supervisor]: Selected controllable event: EV_search_color
[INFO] [1789489797.521684212] [robot_2.robot_supervisor]: Selected controllable event: EV_approach_object
[INFO] [1789489797.795832592] [robot_2.robot_supervisor]: ############################# VISIBLE: EV_object_visible #############################
[INFO] [1789489797.796838066] [robot_2.robot_supervisor]: Selected controllable event: EV_approach_object
[INFO] [1789489798.115056202] [robot_2.robot_supervisor]: Selected controllable event: EV_approach_color
[INFO] [1789489798.401320171] [robot_2.robot_supervisor]: Selected controllable event: EV_approach_color
[INFO] [1789489798.699911419] [robot_2.robot_supervisor]: ############################# VISIBLE: EV_object_visible #############################
[INFO] [1789489798.715234719] [robot_2.robot_supervisor]: Selected controllable event: EV_approach_object
[INFO] [1789489798.922809618] [robot_2.robot_supervisor]: Selected controllable event: EV_move_forward
[INFO] [1789489799.207904083] [robot_2.robot_supervisor]: Selected controllable event: EV_search_object
[INFO] [1789489799.429692422] [robot_2.robot_supervisor]: Selected controllable event: EV_search_object
[INFO] [1789489799.589905358] [robot_2.robot_supervisor]: ############################# VISIBLE: EV_object_visible #############################
[INFO] [1789489799.602616661] [robot_2.robot_supervisor]: Selected controllable event: EV_search_color
[INFO] [1789489799.805351815] [robot_2.robot_supervisor]: Selected controllable event: EV_move_forward
[INFO] [1789489800.104566197] [robot_2.robot_supervisor]: Selected controllable event: EV_search_color
[INFO] [1789489800.295485400] [robot_2.robot_supervisor]: Selected controllable event: EV_approach_object
[INFO] [1789489800.610916701] [robot_2.robot_supervisor]: ############################# VISIBLE: EV_object_visible #############################
[INFO] [1789489800.615371232] [robot_2.robot_supervisor]: Selected controllable event: EV_approach_object
[INFO] [1789489800.906701374] [robot_2.robot_supervisor]: Selected controllable event: EV_approach_color
[INFO] [1789489801.214702184] [robot_2.robot_supervisor]: Selected controllable event: EV_search_object
[INFO] [1789489801.399288022] [robot_2.robot_supervisor]: Selected controllable event: EV_search_object
[INFO] [1789489801.616572022] [robot_2.robot_supervisor]: ############################# VISIBLE: EV_object_visible #############################
[INFO] [1789489801.621440968] [robot_2.robot_supervisor]: Selected controllable event: EV_approach_object
[INFO] [1789489801.906772274] [robot_2.robot_supervisor]: Selected controllable event: EV_approach_color
[INFO] [1789489802.214072043] [robot_2.robot_supervisor]: Selected controllable event: EV_search_object
[INFO] [1789489802.408160440] [robot_2.robot_supervisor]: Selected controllable event: EV_approach_object
[INFO] [1789489802.692070736] [robot_2.robot_supervisor]: ############################# VISIBLE: EV_object_visible #############################
[INFO] [1789489802.695470241] [robot_2.robot_supervisor]: Selected controllable event: EV_search_object
[INFO] [1789489802.917890870] [robot_2.robot_supervisor]: Selected controllable event: EV_move_forward
[INFO] [1789489803.193540926] [robot_2.robot_supervisor]: Selected controllable event: EV_approach_object
[INFO] [1789489803.397378608] [robot_2.robot_supervisor]: ############################# VISIBLE: EV_object_visible #############################
[INFO] [1789489803.417505576] [robot_2.robot_supervisor]: Selected controllable event: EV_approach_object
[INFO] [1789489803.711035875] [robot_2.robot_supervisor]: Selected controllable event: EV_search_color
[INFO] [1789489803.892629653] [robot_2.robot_supervisor]: Selected controllable event: EV_search_color
[INFO] [1789489804.120710009] [robot_2.robot_supervisor]: Selected controllable event: EV_search_object
[INFO] [1789489804.304895384] [robot_2.robot_supervisor]: Selected controllable event: EV_approach_object
[INFO] [1789489804.517587798] [robot_2.robot_supervisor]: ############################# VISIBLE: EV_object_visible #############################
[INFO] [1789489804.518672119] [robot_2.robot_supervisor]: Selected controllable event: EV_search_object
[INFO] [1789489804.700758445] [robot_2.robot_supervisor]: Selected controllable event: EV_approach_object
[INFO] [1789489805.000198533] [robot_2.robot_supervisor]: Selected controllable event: EV_move_forward
[INFO] [1789489805.218981261] [robot_2.robot_supervisor]: ############################# VISIBLE: EV_object_visible #############################
[INFO] [1789489805.219860335] [robot_2.robot_supervisor]: Selected controllable event: EV_approach_object
[INFO] [1789489805.493452449] [robot_2.robot_supervisor]: Selected controllable event: EV_search_color
[INFO] [1789489805.595274584] [robot_2.robot_supervisor]: Selected controllable event: EV_search_color
[INFO] [1789489805.805029792] [robot_2.robot_supervisor]: Selected controllable event: EV_move_forward
[INFO] [1789489806.101474497] [robot_2.robot_supervisor]: ############################# VISIBLE: EV_object_visible #############################
[INFO] [1789489806.105769669] [robot_2.robot_supervisor]: Selected controllable event: EV_search_object
[INFO] [1789489806.320494490] [robot_2.robot_supervisor]: Selected controllable event: EV_move_forward
[INFO] [1789489806.624317399] [robot_2.robot_supervisor]: Selected controllable event: EV_search_color
[INFO] [1789489806.812687858] [robot_2.robot_supervisor]: Selected controllable event: EV_approach_color
[INFO] [1789489807.102300113] [robot_2.robot_supervisor]: ############################# REACHED: EV_object_reached #############################
[INFO] [1789489807.116586228] [robot_2.robot_supervisor]: Selected controllable event: EV_move_forward
[INFO] [1789489807.399629568] [robot_2.robot_supervisor]: Selected controllable event: EV_search_object
[INFO] [1789489807.625781678] [robot_2.robot_supervisor]: Selected controllable event: EV_move_forward
[INFO] [1789489807.889565995] [robot_2.robot_supervisor]: Triggered uncontrollable event: EV_obstacle_right
[INFO] [1789489807.908564952] [robot_2.robot_supervisor]: ############################# REACHED: EV_object_reached #############################
[INFO] [1789489807.909526368] [robot_2.robot_supervisor]: Selected controllable event: EV_rotate_counterclockwise
[INFO] [1789489808.108136463] [robot_2.robot_supervisor]: Triggered uncontrollable event: EV_obstacle_right
[INFO] [1789489808.109098109] [robot_2.robot_supervisor]: Selected controllable event: EV_u_turn
[INFO] [1789489808.109886766] [robot_2.robot_supervisor]: Starting FULL ROTATE (omega=1.000, have_odom=True, target_rad=3.142, timeout_s=3.500)
[INFO] [1789489811.711549652] [robot_2.robot_supervisor]: FULL ROTATE completed by timeout
[INFO] [1789489812.016811505] [robot_2.robot_supervisor]: ############################# REACHED: EV_object_reached #############################
[INFO] [1789489812.017792937] [robot_2.robot_supervisor]: Selected controllable event: EV_search_color
[INFO] [1789489812.192358632] [robot_2.robot_supervisor]: Selected controllable event: EV_approach_color
[INFO] [1789489812.528890442] [robot_2.robot_supervisor]: Selected controllable event: EV_move_forward
[INFO] [1789489812.786595004] [robot_2.robot_supervisor]: Selected controllable event: EV_move_forward
[INFO] [1789489813.118646439] [robot_2.robot_supervisor]: ############################# REACHED: EV_object_reached #############################
[INFO] [1789489813.128618305] [robot_2.robot_supervisor]: Selected controllable event: EV_search_object
[INFO] [1789489813.320596632] [robot_2.robot_supervisor]: Selected controllable event: EV_approach_object
[INFO] [1789489813.602304283] [robot_2.robot_supervisor]: Selected controllable event: EV_search_object
[INFO] [1789489813.786235868] [robot_2.robot_supervisor]: Selected controllable event: EV_search_object
[INFO] [1789489813.895488531] [robot_2.robot_supervisor]: Triggered uncontrollable event: EV_obstacle_right
[INFO] [1789489813.907756196] [robot_2.robot_supervisor]: ############################# REACHED: EV_object_reached #############################
[INFO] [1789489813.908752736] [robot_2.robot_supervisor]: Selected controllable event: EV_rotate_counterclockwise
[INFO] [1789489814.108229529] [robot_2.robot_supervisor]: Triggered uncontrollable event: EV_obstacle_right
[INFO] [1789489814.109261924] [robot_2.robot_supervisor]: Selected controllable event: EV_u_turn
[INFO] [1789489814.121995425] [robot_2.robot_supervisor]: Starting FULL ROTATE (omega=1.000, have_odom=True, target_rad=3.142, timeout_s=3.500)
[INFO] [1789489817.702195239] [robot_2.robot_supervisor]: FULL ROTATE completed by timeout
[INFO] [1789489817.909239158] [robot_2.robot_supervisor]: ############################# REACHED: EV_object_reached #############################
[INFO] [1789489817.920217097] [robot_2.robot_supervisor]: Selected controllable event: EV_search_object
[INFO] [1789489818.116391283] [robot_2.robot_supervisor]: Selected controllable event: EV_search_object
[INFO] [1789489818.303960068] [robot_2.robot_supervisor]: Selected controllable event: EV_approach_object
[INFO] [1789489818.599908465] [robot_2.robot_supervisor]: ############################# REACHED: EV_object_reached #############################
[INFO] [1789489818.600979439] [robot_2.robot_supervisor]: Selected controllable event: EV_search_color
[INFO] [1789489818.812147032] [robot_2.robot_supervisor]: Selected controllable event: EV_move_forward
[INFO] [1789489819.014428506] [robot_2.robot_supervisor]: Selected controllable event: EV_search_color
[INFO] [1789489819.201980537] [robot_2.robot_supervisor]: ############################# REACHED: EV_object_reached #############################
[INFO] [1789489819.202922006] [robot_2.robot_supervisor]: Selected controllable event: EV_search_color
[INFO] [1789489819.407615611] [robot_2.robot_supervisor]: Selected controllable event: EV_search_color
[INFO] [1789489819.592302322] [robot_2.robot_supervisor]: Selected controllable event: EV_search_color
[INFO] [1789489819.783816375] [robot_2.robot_supervisor]: Selected controllable event: EV_search_color
[INFO] [1789489820.002159919] [robot_2.robot_supervisor]: Selected controllable event: EV_approach_object
[INFO] [1789489820.293265167] [robot_2.robot_supervisor]: ############################# REACHED: EV_object_reached #############################
[INFO] [1789489820.314387178] [robot_2.robot_supervisor]: Selected controllable event: EV_move_forward
[INFO] [1789489820.615804817] [robot_2.robot_supervisor]: Selected controllable event: EV_approach_object
[INFO] [1789489820.883682774] [robot_2.robot_supervisor]: Triggered uncontrollable event: EV_obstacle_left
[INFO] [1789489820.901124401] [robot_2.robot_supervisor]: Selected controllable event: EV_u_turn
[INFO] [1789489820.902149594] [robot_2.robot_supervisor]: Starting FULL ROTATE (omega=1.000, have_odom=True, target_rad=3.142, timeout_s=3.500)
[INFO] [1789489824.417312460] [robot_2.robot_supervisor]: FULL ROTATE completed by timeout
[INFO] [1789489824.687960219] [robot_2.robot_supervisor]: ############################# REACHED: EV_object_reached #############################
[INFO] [1789489824.691317197] [robot_2.robot_supervisor]: Selected controllable event: EV_move_forward
[INFO] [1789489824.907748813] [robot_2.robot_supervisor]: Selected controllable event: EV_search_object
[INFO] [1789489825.100941294] [robot_2.robot_supervisor]: Selected controllable event: EV_move_forward
[INFO] [1789489825.402611481] [robot_2.robot_supervisor]: Selected controllable event: EV_move_forward
[INFO] [1789489825.702275389] [robot_2.robot_supervisor]: ############################# REACHED: EV_object_reached #############################
[INFO] [1789489825.703209774] [robot_2.robot_supervisor]: Selected controllable event: EV_search_object
[INFO] [1789489825.918381975] [robot_2.robot_supervisor]: Selected controllable event: EV_move_forward
[INFO] [1789489826.211059601] [robot_2.robot_supervisor]: Selected controllable event: EV_approach_object
[INFO] [1789489826.420780671] [robot_2.robot_supervisor]: Selected controllable event: EV_move_forward
[INFO] [1789489826.622822641] [robot_2.robot_supervisor]: ############################# REACHED: EV_object_reached #############################
[INFO] [1789489826.623837329] [robot_2.robot_supervisor]: Selected controllable event: EV_approach_object
[INFO] [1789489826.906418138] [robot_2.robot_supervisor]: Selected controllable event: EV_move_forward
[INFO] [1789489827.203361437] [robot_2.robot_supervisor]: Selected controllable event: EV_approach_color
[INFO] [1789489827.423359978] [robot_2.robot_supervisor]: ############################# REACHED: EV_object_reached #############################
[INFO] [1789489827.439134574] [robot_2.robot_supervisor]: Selected controllable event: EV_approach_object
[INFO] [1789489827.694588700] [robot_2.robot_supervisor]: Selected controllable event: EV_approach_object
[INFO] [1789489827.908320550] [robot_2.robot_supervisor]: Selected controllable event: EV_search_object
[INFO] [1789489828.028757476] [robot_2.robot_supervisor]: Selected controllable event: EV_move_forward
[INFO] [1789489828.316400573] [robot_2.robot_supervisor]: ############################# REACHED: EV_object_reached #############################
[INFO] [1789489828.317389628] [robot_2.robot_supervisor]: Selected controllable event: EV_move_forward
[INFO] [1789489828.596992540] [robot_2.robot_supervisor]: Selected controllable event: EV_approach_color
[INFO] [1789489828.885490751] [robot_2.robot_supervisor]: Selected controllable event: EV_search_color
[INFO] [1789489828.986994590] [robot_2.robot_supervisor]: Selected controllable event: EV_search_color
[INFO] [1789489829.194602034] [robot_2.robot_supervisor]: ############################# REACHED: EV_object_reached #############################
[INFO] [1789489829.214885668] [robot_2.robot_supervisor]: Selected controllable event: EV_search_color
[INFO] [1789489829.399071150] [robot_2.robot_supervisor]: Selected controllable event: EV_approach_object
[INFO] [1789489829.696139731] [robot_2.robot_supervisor]: Selected controllable event: EV_approach_object
[INFO] [1789489830.007796516] [robot_2.robot_supervisor]: ############################# REACHED: EV_object_reached #############################
[INFO] [1789489830.028709520] [robot_2.robot_supervisor]: Selected controllable event: EV_approach_color
[INFO] [1789489830.296072340] [robot_2.robot_supervisor]: Selected controllable event: EV_move_forward
[INFO] [1789489830.585112883] [robot_2.robot_supervisor]: Selected controllable event: EV_search_color
[INFO] [1789489830.690842639] [robot_2.robot_supervisor]: Selected controllable event: EV_search_object
[INFO] [1789489830.902889634] [robot_2.robot_supervisor]: ############################# REACHED: EV_object_reached #############################
[INFO] [1789489830.903841188] [robot_2.robot_supervisor]: Selected controllable event: EV_search_object
[INFO] [1789489831.085747594] [robot_2.robot_supervisor]: Selected controllable event: EV_search_color
[INFO] [1789489831.190268244] [robot_2.robot_supervisor]: Selected controllable event: EV_approach_object
[INFO] [1789489831.511405653] [robot_2.robot_supervisor]: Selected controllable event: EV_search_object
[INFO] [1789489831.693678264] [robot_2.robot_supervisor]: ############################# REACHED: EV_object_reached #############################
[INFO] [1789489831.703999920] [robot_2.robot_supervisor]: Selected controllable event: EV_search_color
[INFO] [1789489831.903640054] [robot_2.robot_supervisor]: Selected controllable event: EV_approach_object
[INFO] [1789489832.211855190] [robot_2.robot_supervisor]: Selected controllable event: EV_move_forward
[INFO] [1789489832.515959579] [robot_2.robot_supervisor]: Selected controllable event: EV_move_forward
[INFO] [1789489832.793980284] [robot_2.robot_supervisor]: ############################# REACHED: EV_object_reached #############################
[INFO] [1789489832.800559851] [robot_2.robot_supervisor]: Selected controllable event: EV_search_object
[INFO] [1789489832.991112185] [robot_2.robot_supervisor]: Selected controllable event: EV_move_forward
[INFO] [1789489833.197742255] [robot_2.robot_supervisor]: Selected controllable event: EV_search_color
[INFO] [1789489833.391844794] [robot_2.robot_supervisor]: Selected controllable event: EV_approach_object
[INFO] [1789489833.707644922] [robot_2.robot_supervisor]: ############################# REACHED: EV_object_reached #############################
[INFO] [1789489833.719139764] [robot_2.robot_supervisor]: Selected controllable event: EV_move_forward
[INFO] [1789489834.005931175] [robot_2.robot_supervisor]: Selected controllable event: EV_approach_color
[INFO] [1789489834.209664399] [robot_2.robot_supervisor]: Selected controllable event: EV_move_forward
[INFO] [1789489834.513912195] [robot_2.robot_supervisor]: ############################# REACHED: EV_object_reached #############################
[INFO] [1789489834.518524985] [robot_2.robot_supervisor]: Selected controllable event: EV_approach_color
[INFO] [1789489834.809095512] [robot_2.robot_supervisor]: Selected controllable event: EV_move_forward
[INFO] [1789489835.028281572] [robot_2.robot_supervisor]: Selected controllable event: EV_move_forward
[INFO] [1789489835.303031226] [robot_2.robot_supervisor]: Selected controllable event: EV_approach_color
[INFO] [1789489835.606299366] [robot_2.robot_supervisor]: ############################# REACHED: EV_object_reached #############################
[INFO] [1789489835.609708822] [robot_2.robot_supervisor]: Selected controllable event: EV_approach_object
[INFO] [1789489835.908378763] [robot_2.robot_supervisor]: Selected controllable event: EV_approach_object
[INFO] [1789489836.218665531] [robot_2.robot_supervisor]: ############################# REACHED: EV_object_reached #############################
[INFO] [1789489836.219674689] [robot_2.robot_supervisor]: Selected controllable event: EV_approach_color
[INFO] [1789489836.496155765] [robot_2.robot_supervisor]: Selected controllable event: EV_move_forward
[INFO] [1789489836.813213810] [robot_2.robot_supervisor]: Selected controllable event: EV_approach_color
[INFO] [1789489837.109914164] [robot_2.robot_supervisor]: ############################# REACHED: EV_object_reached #############################
[INFO] [1789489837.110839888] [robot_2.robot_supervisor]: Selected controllable event: EV_approach_object
[INFO] [1789489837.409151117] [robot_2.robot_supervisor]: Selected controllable event: EV_approach_object
[INFO] [1789489837.704258264] [robot_2.robot_supervisor]: Selected controllable event: EV_search_color
[INFO] [1789489837.806967564] [robot_2.robot_supervisor]: Selected controllable event: EV_approach_object
[INFO] [1789489838.095461444] [robot_2.robot_supervisor]: Triggered uncontrollable event: EV_obstacle_right
[INFO] [1789489838.103643539] [robot_2.robot_supervisor]: ############################# REACHED: EV_object_reached #############################
[INFO] [1789489838.105784846] [robot_2.robot_supervisor]: Selected controllable event: EV_u_turn
[INFO] [1789489838.111011341] [robot_2.robot_supervisor]: Starting FULL ROTATE (omega=1.000, have_odom=True, target_rad=3.142, timeout_s=3.500)
[INFO] [1789489841.704068185] [robot_2.robot_supervisor]: FULL ROTATE completed by timeout
[INFO] [1789489841.896220039] [robot_2.robot_supervisor]: Triggered uncontrollable event: EV_obstacle_left
[INFO] [1789489841.897149603] [robot_2.robot_supervisor]: ############################# REACHED: EV_object_reached #############################
[INFO] [1789489841.917691714] [robot_2.robot_supervisor]: Selected controllable event: EV_rotate_clockwise
[INFO] [1789489842.129676293] [robot_2.robot_supervisor]: Triggered uncontrollable event: EV_obstacle_left
[INFO] [1789489842.144663194] [robot_2.robot_supervisor]: Selected controllable event: EV_rotate_clockwise
[INFO] [1789489842.305805923] [robot_2.robot_supervisor]: Triggered uncontrollable event: EV_obstacle_left
[INFO] [1789489842.306786837] [robot_2.robot_supervisor]: Selected controllable event: EV_rotate_clockwise
[INFO] [1789489842.522594718] [robot_2.robot_supervisor]: Triggered uncontrollable event: EV_obstacle_front
[INFO] [1789489842.530208810] [robot_2.robot_supervisor]: ############################# REACHED: EV_object_reached #############################
[INFO] [1789489842.536720088] [robot_2.robot_supervisor]: Selected controllable event: EV_u_turn
[INFO] [1789489842.604304112] [robot_2.robot_supervisor]: Triggered uncontrollable event: EV_obstacle_front
[INFO] [1789489842.612354718] [robot_2.robot_supervisor]: Selected controllable event: EV_rotate_counterclockwise
[INFO] [1789489842.790848070] [robot_2.robot_supervisor]: Triggered uncontrollable event: EV_obstacle_front
[INFO] [1789489842.804932911] [robot_2.robot_supervisor]: Selected controllable event: EV_rotate_counterclockwise
[INFO] [1789489843.005173710] [robot_2.robot_supervisor]: Triggered uncontrollable event: EV_obstacle_front
[INFO] [1789489843.037005645] [robot_2.robot_supervisor]: Selected controllable event: EV_u_turn
[INFO] [1789489843.128729314] [robot_2.robot_supervisor]: Triggered uncontrollable event: EV_obstacle_front
[INFO] [1789489843.137201133] [robot_2.robot_supervisor]: Selected controllable event: EV_rotate_clockwise
[INFO] [1789489843.314842534] [robot_2.robot_supervisor]: Triggered uncontrollable event: EV_obstacle_front
[INFO] [1789489843.333169502] [robot_2.robot_supervisor]: Selected controllable event: EV_rotate_counterclockwise
[INFO] [1789489843.518172942] [robot_2.robot_supervisor]: Triggered uncontrollable event: EV_obstacle_front
[INFO] [1789489843.518944976] [robot_2.robot_supervisor]: ############################# REACHED: EV_object_reached #############################
[INFO] [1789489843.519962657] [robot_2.robot_supervisor]: Selected controllable event: EV_move_backward
[INFO] [1789489843.795343293] [robot_2.robot_supervisor]: Triggered uncontrollable event: EV_obstacle_front
[INFO] [1789489843.797709563] [robot_2.robot_supervisor]: Selected controllable event: EV_u_turn
[INFO] [1789489843.887482016] [robot_2.robot_supervisor]: Triggered uncontrollable event: EV_obstacle_front
[INFO] [1789489843.888496434] [robot_2.robot_supervisor]: Selected controllable event: EV_rotate_clockwise
[WARN] [1789489843.907941777] [robot_2.robot_supervisor]: alternating turn command (displacement_m=0.019) livelock detected; starting atomic escape (turn_sign=-1)
[INFO] [1789489846.513303489] [robot_2.robot_supervisor]: Zone-livelock escape completed
[INFO] [1789489846.714616923] [robot_2.robot_supervisor]: Triggered uncontrollable event: EV_obstacle_left
[INFO] [1789489846.715224868] [robot_2.robot_supervisor]: ############################# REACHED: EV_object_reached #############################
[INFO] [1789489846.729072795] [robot_2.robot_supervisor]: Selected controllable event: EV_u_turn
[INFO] [1789489846.730079471] [robot_2.robot_supervisor]: Starting FULL ROTATE (omega=1.000, have_odom=True, target_rad=3.142, timeout_s=3.500)
[INFO] [1789489850.298944517] [robot_2.robot_supervisor]: FULL ROTATE completed by timeout
[INFO] [1789489850.511569901] [robot_2.robot_supervisor]: Triggered uncontrollable event: EV_obstacle_left
[INFO] [1789489850.527381439] [robot_2.robot_supervisor]: ############################# REACHED: EV_object_reached #############################
[INFO] [1789489850.528505735] [robot_2.robot_supervisor]: Selected controllable event: EV_rotate_clockwise
[INFO] [1789489850.709009707] [robot_2.robot_supervisor]: Triggered uncontrollable event: EV_obstacle_left
[INFO] [1789489850.722506013] [robot_2.robot_supervisor]: Selected controllable event: EV_rotate_clockwise
[INFO] [1789489850.895788910] [robot_2.robot_supervisor]: Triggered uncontrollable event: EV_obstacle_front
[INFO] [1789489850.906270317] [robot_2.robot_supervisor]: ############################# REACHED: EV_object_reached #############################
[INFO] [1789489850.917906025] [robot_2.robot_supervisor]: Selected controllable event: EV_rotate_counterclockwise
[INFO] [1789489851.113660693] [robot_2.robot_supervisor]: Triggered uncontrollable event: EV_obstacle_front
[INFO] [1789489851.119662824] [robot_2.robot_supervisor]: Selected controllable event: EV_move_backward
[INFO] [1789489851.402319711] [robot_2.robot_supervisor]: Triggered uncontrollable event: EV_obstacle_front
[INFO] [1789489851.403368929] [robot_2.robot_supervisor]: Selected controllable event: EV_move_backward
[INFO] [1789489851.711330380] [robot_2.robot_supervisor]: Triggered uncontrollable event: EV_obstacle_front
[INFO] [1789489851.712322100] [robot_2.robot_supervisor]: Selected controllable event: EV_move_backward
[INFO] [1789489851.996675766] [robot_2.robot_supervisor]: Triggered uncontrollable event: EV_obstacle_right
[INFO] [1789489852.011284575] [robot_2.robot_supervisor]: ############################# REACHED: EV_object_reached #############################
[INFO] [1789489852.012381605] [robot_2.robot_supervisor]: Selected controllable event: EV_rotate_counterclockwise
[INFO] [1789489852.201772841] [robot_2.robot_supervisor]: Triggered uncontrollable event: EV_obstacle_right
[INFO] [1789489852.208600723] [robot_2.robot_supervisor]: Selected controllable event: EV_rotate_counterclockwise
[INFO] [1789489852.397237818] [robot_2.robot_supervisor]: Triggered uncontrollable event: EV_obstacle_right
[INFO] [1789489852.407878458] [robot_2.robot_supervisor]: Selected controllable event: EV_rotate_counterclockwise
[INFO] [1789489852.596819239] [robot_2.robot_supervisor]: Triggered uncontrollable event: EV_obstacle_right
[INFO] [1789489852.606389026] [robot_2.robot_supervisor]: Selected controllable event: EV_rotate_counterclockwise
[INFO] [1789489852.797100198] [robot_2.robot_supervisor]: Triggered uncontrollable event: EV_obstacle_right
[INFO] [1789489852.808194504] [robot_2.robot_supervisor]: ############################# REACHED: EV_object_reached #############################
[INFO] [1789489852.815865212] [robot_2.robot_supervisor]: Selected controllable event: EV_rotate_counterclockwise
[INFO] [1789489853.004007171] [robot_2.robot_supervisor]: Triggered uncontrollable event: EV_obstacle_right
[INFO] [1789489853.017294913] [robot_2.robot_supervisor]: Selected controllable event: EV_rotate_counterclockwise
[INFO] [1789489853.215896937] [robot_2.robot_supervisor]: Triggered uncontrollable event: EV_obstacle_right
[INFO] [1789489853.225676444] [robot_2.robot_supervisor]: Selected controllable event: EV_rotate_counterclockwise
[INFO] [1789489853.414462476] [robot_2.robot_supervisor]: Triggered uncontrollable event: EV_obstacle_right
[INFO] [1789489853.435046053] [robot_2.robot_supervisor]: Selected controllable event: EV_u_turn
[INFO] [1789489853.436104092] [robot_2.robot_supervisor]: Starting FULL ROTATE (omega=1.000, have_odom=True, target_rad=3.142, timeout_s=3.500)
[INFO] [1789489857.006156015] [robot_2.robot_supervisor]: FULL ROTATE completed by timeout
[INFO] [1789489857.208090468] [robot_2.robot_supervisor]: ############################# REACHED: EV_object_reached #############################
[INFO] [1789489857.218114774] [robot_2.robot_supervisor]: Selected controllable event: EV_approach_object
[INFO] [1789489857.521494789] [robot_2.robot_supervisor]: Selected controllable event: EV_search_color
[INFO] [1789489857.704707166] [robot_2.robot_supervisor]: ############################# REACHED: EV_object_reached #############################
[INFO] [1789489857.715777499] [robot_2.robot_supervisor]: Selected controllable event: EV_approach_color
[INFO] [1789489858.000493620] [robot_2.robot_supervisor]: Selected controllable event: EV_search_object
[INFO] [1789489858.196256795] [robot_2.robot_supervisor]: Selected controllable event: EV_search_object
[INFO] [1789489858.307933852] [robot_2.robot_supervisor]: Selected controllable event: EV_search_color
[INFO] [1789489858.493646725] [robot_2.robot_supervisor]: Selected controllable event: EV_move_forward
[INFO] [1789489858.719191967] [robot_2.robot_supervisor]: Triggered uncontrollable event: EV_obstacle_left
[INFO] [1789489858.727888258] [robot_2.robot_supervisor]: ############################# REACHED: EV_object_reached #############################
[INFO] [1789489858.732374512] [robot_2.robot_supervisor]: Selected controllable event: EV_u_turn
[INFO] [1789489858.800052575] [robot_2.robot_supervisor]: Triggered uncontrollable event: EV_obstacle_left
[INFO] [1789489858.809670916] [robot_2.robot_supervisor]: Selected controllable event: EV_rotate_clockwise
[INFO] [1789489859.011346523] [robot_2.robot_supervisor]: Triggered uncontrollable event: EV_obstacle_left
[INFO] [1789489859.020870869] [robot_2.robot_supervisor]: Selected controllable event: EV_u_turn
[INFO] [1789489859.100774757] [robot_2.robot_supervisor]: Triggered uncontrollable event: EV_obstacle_left
[INFO] [1789489859.115516328] [robot_2.robot_supervisor]: Selected controllable event: EV_u_turn
[INFO] [1789489859.203744772] [robot_2.robot_supervisor]: Triggered uncontrollable event: EV_obstacle_left
[INFO] [1789489859.217516447] [robot_2.robot_supervisor]: Selected controllable event: EV_u_turn
[INFO] [1789489859.298585288] [robot_2.robot_supervisor]: Triggered uncontrollable event: EV_obstacle_left
[INFO] [1789489859.318010421] [robot_2.robot_supervisor]: Selected controllable event: EV_rotate_clockwise
[INFO] [1789489859.527863453] [robot_2.robot_supervisor]: Triggered uncontrollable event: EV_obstacle_left
[INFO] [1789489859.528848144] [robot_2.robot_supervisor]: ############################# REACHED: EV_object_reached #############################
[INFO] [1789489859.543377107] [robot_2.robot_supervisor]: Selected controllable event: EV_u_turn
[INFO] [1789489859.544439926] [robot_2.robot_supervisor]: Starting FULL ROTATE (omega=1.000, have_odom=True, target_rad=3.142, timeout_s=3.500)
[INFO] [1789489863.099022874] [robot_2.robot_supervisor]: FULL ROTATE completed by timeout
[INFO] [1789489863.412464267] [robot_2.robot_supervisor]: Triggered uncontrollable event: EV_obstacle_left
[INFO] [1789489863.434638973] [robot_2.robot_supervisor]: ############################# REACHED: EV_object_reached #############################
[INFO] [1789489863.435825153] [robot_2.robot_supervisor]: Selected controllable event: EV_rotate_clockwise
[WARN] [1789489863.436770627] [robot_2.robot_supervisor]: no translation for 5.4s livelock detected; starting atomic escape (turn_sign=-1)
[INFO] [1789489865.903884716] [robot_2.robot_supervisor]: Zone-livelock escape completed
[INFO] [1789489866.209035131] [robot_2.robot_supervisor]: Triggered uncontrollable event: EV_obstacle_left
[INFO] [1789489866.209993115] [robot_2.robot_supervisor]: ############################# REACHED: EV_object_reached #############################
[INFO] [1789489866.211077271] [robot_2.robot_supervisor]: Selected controllable event: EV_u_turn
[INFO] [1789489866.239040275] [robot_2.robot_supervisor]: Starting FULL ROTATE (omega=1.000, have_odom=True, target_rad=3.142, timeout_s=3.500)
[INFO] [1789489869.790032142] [robot_2.robot_supervisor]: FULL ROTATE completed by timeout
[INFO] [1789489870.096697938] [robot_2.robot_supervisor]: Triggered uncontrollable event: EV_obstacle_right
[INFO] [1789489870.111689258] [robot_2.robot_supervisor]: ############################# REACHED: EV_object_reached #############################
[INFO] [1789489870.112799189] [robot_2.robot_supervisor]: Selected controllable event: EV_u_turn
[INFO] [1789489870.189363369] [robot_2.robot_supervisor]: Triggered uncontrollable event: EV_obstacle_right
[INFO] [1789489870.204674626] [robot_2.robot_supervisor]: Selected controllable event: EV_u_turn
[INFO] [1789489870.312534792] [robot_2.robot_supervisor]: Triggered uncontrollable event: EV_obstacle_right
[INFO] [1789489870.313419961] [robot_2.robot_supervisor]: Selected controllable event: EV_u_turn
[INFO] [1789489870.387148509] [robot_2.robot_supervisor]: Triggered uncontrollable event: EV_obstacle_right
[INFO] [1789489870.401886900] [robot_2.robot_supervisor]: Selected controllable event: EV_rotate_counterclockwise
[INFO] [1789489870.595363452] [robot_2.robot_supervisor]: Triggered uncontrollable event: EV_obstacle_right
[INFO] [1789489870.596404365] [robot_2.robot_supervisor]: Selected controllable event: EV_rotate_counterclockwise
[INFO] [1789489870.785715832] [robot_2.robot_supervisor]: Triggered uncontrollable event: EV_obstacle_right
[INFO] [1789489870.786776665] [robot_2.robot_supervisor]: Selected controllable event: EV_rotate_counterclockwise
[INFO] [1789489870.993003364] [robot_2.robot_supervisor]: Triggered uncontrollable event: EV_obstacle_right
[INFO] [1789489870.993870720] [robot_2.robot_supervisor]: ############################# REACHED: EV_object_reached #############################
[INFO] [1789489870.994957181] [robot_2.robot_supervisor]: Selected controllable event: EV_u_turn
[INFO] [1789489871.105735775] [robot_2.robot_supervisor]: Triggered uncontrollable event: EV_obstacle_right
[INFO] [1789489871.107527976] [robot_2.robot_supervisor]: Selected controllable event: EV_rotate_counterclockwise
[INFO] [1789489871.295185086] [robot_2.robot_supervisor]: Triggered uncontrollable event: EV_obstacle_right
[INFO] [1789489871.296169556] [robot_2.robot_supervisor]: Selected controllable event: EV_rotate_counterclockwise
[INFO] [1789489871.494844550] [robot_2.robot_supervisor]: Triggered uncontrollable event: EV_obstacle_right
[INFO] [1789489871.496033691] [robot_2.robot_supervisor]: Selected controllable event: EV_rotate_counterclockwise
[INFO] [1789489871.617092371] [robot_2.robot_supervisor]: Triggered uncontrollable event: EV_obstacle_right
[INFO] [1789489871.638641454] [robot_2.robot_supervisor]: Selected controllable event: EV_u_turn
[INFO] [1789489871.709114922] [robot_2.robot_supervisor]: Triggered uncontrollable event: EV_obstacle_right
[INFO] [1789489871.710227788] [robot_2.robot_supervisor]: Selected controllable event: EV_u_turn
[INFO] [1789489871.806413291] [robot_2.robot_supervisor]: Triggered uncontrollable event: EV_obstacle_right
[INFO] [1789489871.807388779] [robot_2.robot_supervisor]: ############################# REACHED: EV_object_reached #############################
[INFO] [1789489871.825653322] [robot_2.robot_supervisor]: Selected controllable event: EV_rotate_counterclockwise
[INFO] [1789489872.007828006] [robot_2.robot_supervisor]: Triggered uncontrollable event: EV_obstacle_right
[INFO] [1789489872.008805110] [robot_2.robot_supervisor]: Selected controllable event: EV_rotate_counterclockwise
[INFO] [1789489872.205694797] [robot_2.robot_supervisor]: Triggered uncontrollable event: EV_obstacle_right
[INFO] [1789489872.206779953] [robot_2.robot_supervisor]: Selected controllable event: EV_rotate_counterclockwise
[INFO] [1789489872.394558793] [robot_2.robot_supervisor]: Triggered uncontrollable event: EV_obstacle_right
[INFO] [1789489872.395540141] [robot_2.robot_supervisor]: Selected controllable event: EV_rotate_counterclockwise
[INFO] [1789489872.584248423] [robot_2.robot_supervisor]: Triggered uncontrollable event: EV_obstacle_right
[INFO] [1789489872.610565328] [robot_2.robot_supervisor]: Selected controllable event: EV_u_turn
[INFO] [1789489872.611527228] [robot_2.robot_supervisor]: Starting FULL ROTATE (omega=1.000, have_odom=True, target_rad=3.142, timeout_s=3.500)
[INFO] [1789489876.182280360] [robot_2.robot_supervisor]: FULL ROTATE completed by timeout
[INFO] [1789489876.389654934] [robot_2.robot_supervisor]: ############################# REACHED: EV_object_reached #############################
[INFO] [1789489876.398965847] [robot_2.robot_supervisor]: Selected controllable event: EV_search_object
[INFO] [1789489876.591465695] [robot_2.robot_supervisor]: Selected controllable event: EV_search_object
[INFO] [1789489876.810968491] [robot_2.robot_supervisor]: Selected controllable event: EV_search_object
[INFO] [1789489877.002844750] [robot_2.robot_supervisor]: Selected controllable event: EV_search_color
[INFO] [1789489877.112056728] [robot_2.robot_supervisor]: Selected controllable event: EV_approach_object
[INFO] [1789489877.418393978] [robot_2.robot_supervisor]: ############################# REACHED: EV_object_reached #############################
[INFO] [1789489877.422743432] [robot_2.robot_supervisor]: Selected controllable event: EV_search_color
[INFO] [1789489877.604601075] [robot_2.robot_supervisor]: Selected controllable event: EV_search_color
[INFO] [1789489877.798778617] [robot_2.robot_supervisor]: Selected controllable event: EV_search_color
[INFO] [1789489877.991025677] [robot_2.robot_supervisor]: Selected controllable event: EV_search_color
[INFO] [1789489878.207506533] [robot_2.robot_supervisor]: ############################# REACHED: EV_object_reached #############################
[INFO] [1789489878.217882410] [robot_2.robot_supervisor]: Selected controllable event: EV_approach_color
[INFO] [1789489878.506915824] [robot_2.robot_supervisor]: Selected controllable event: EV_search_color
[INFO] [1789489878.722304308] [robot_2.robot_supervisor]: Selected controllable event: EV_approach_object
[INFO] [1789489879.015697827] [robot_2.robot_supervisor]: Selected controllable event: EV_search_object
[INFO] [1789489879.193024746] [robot_2.robot_supervisor]: ############################# REACHED: EV_object_reached #############################
[INFO] [1789489879.197341706] [robot_2.robot_supervisor]: Selected controllable event: EV_approach_color
[INFO] [1789489879.510009791] [robot_2.robot_supervisor]: Selected controllable event: EV_approach_object
[INFO] [1789489879.825886141] [robot_2.robot_supervisor]: Selected controllable event: EV_approach_color
[INFO] [1789489880.130116800] [robot_2.robot_supervisor]: ############################# VISIBLE: EV_object_visible #############################
[INFO] [1789489880.131168789] [robot_2.robot_supervisor]: Selected controllable event: EV_search_object
[INFO] [1789489880.312125233] [robot_2.robot_supervisor]: Selected controllable event: EV_approach_object
[INFO] [1789489880.585648199] [robot_2.robot_supervisor]: Selected controllable event: EV_approach_color
[INFO] [1789489880.790168921] [robot_2.robot_supervisor]: Selected controllable event: EV_move_forward
[INFO] [1789489881.000469280] [robot_2.robot_supervisor]: ############################# VISIBLE: EV_object_visible #############################
[INFO] [1789489881.010043773] [robot_2.robot_supervisor]: Selected controllable event: EV_search_color
[INFO] [1789489881.193328818] [robot_2.robot_supervisor]: Selected controllable event: EV_move_forward
[INFO] [1789489881.486368245] [robot_2.robot_supervisor]: Selected controllable event: EV_search_color
[INFO] [1789489881.604883572] [robot_2.robot_supervisor]: ############################# VISIBLE: EV_object_visible #############################
[INFO] [1789489881.605764906] [robot_2.robot_supervisor]: Selected controllable event: EV_search_color
[INFO] [1789489881.784029645] [robot_2.robot_supervisor]: Selected controllable event: EV_approach_color
[INFO] [1789489882.017596773] [robot_2.robot_supervisor]: Selected controllable event: EV_move_forward
[INFO] [1789489882.322606125] [robot_2.robot_supervisor]: Selected controllable event: EV_search_object
[INFO] [1789489882.487260454] [robot_2.robot_supervisor]: Selected controllable event: EV_search_color
[INFO] [1789489882.697185712] [robot_2.robot_supervisor]: ############################# VISIBLE: EV_object_visible #############################
[INFO] [1789489882.698173830] [robot_2.robot_supervisor]: Selected controllable event: EV_search_color
[INFO] [1789489882.823716788] [robot_2.robot_supervisor]: Selected controllable event: EV_move_forward
[INFO] [1789489883.126955235] [robot_2.robot_supervisor]: Selected controllable event: EV_approach_object
[INFO] [1789489883.396784837] [robot_2.robot_supervisor]: ############################# VISIBLE: EV_object_visible #############################
[INFO] [1789489883.397789938] [robot_2.robot_supervisor]: Selected controllable event: EV_move_forward
[INFO] [1789489883.707510354] [robot_2.robot_supervisor]: Selected controllable event: EV_search_color
[INFO] [1789489883.905578407] [robot_2.robot_supervisor]: Selected controllable event: EV_move_forward
[INFO] [1789489884.183148056] [robot_2.robot_supervisor]: Triggered uncontrollable event: EV_obstacle_left
[INFO] [1789489884.206216860] [robot_2.robot_supervisor]: ############################# VISIBLE: EV_object_visible #############################
[INFO] [1789489884.207174588] [robot_2.robot_supervisor]: Selected controllable event: EV_u_turn
[INFO] [1789489884.207996500] [robot_2.robot_supervisor]: Starting FULL ROTATE (omega=1.000, have_odom=True, target_rad=3.142, timeout_s=3.500)
[INFO] [1789489887.804397296] [robot_2.robot_supervisor]: FULL ROTATE completed by timeout
[INFO] [1789489888.119661116] [robot_2.robot_supervisor]: Triggered uncontrollable event: EV_obstacle_right
[INFO] [1789489888.128195522] [robot_2.robot_supervisor]: ############################# REACHED: EV_object_reached #############################
[INFO] [1789489888.134789664] [robot_2.robot_supervisor]: Selected controllable event: EV_rotate_counterclockwise
[WARN] [1789489888.155183542] [robot_2.robot_supervisor]: no translation for 4.4s livelock detected; starting atomic escape (turn_sign=+1)
[INFO] [1789489890.704544240] [robot_2.robot_supervisor]: Zone-livelock escape completed
[INFO] [1789489891.009927338] [robot_2.robot_supervisor]: ############################# REACHED: EV_object_reached #############################
[INFO] [1789489891.010901074] [robot_2.robot_supervisor]: Selected controllable event: EV_approach_color
[INFO] [1789489891.313453032] [robot_2.robot_supervisor]: ############################# REACHED: EV_object_reached #############################
[INFO] [1789489891.314450614] [robot_2.robot_supervisor]: Selected controllable event: EV_search_object
[INFO] [1789489891.494778522] [robot_2.robot_supervisor]: Selected controllable event: EV_search_color
[INFO] [1789489891.703449695] [robot_2.robot_supervisor]: Selected controllable event: EV_move_forward
[INFO] [1789489892.005928132] [robot_2.robot_supervisor]: ############################# REACHED: EV_object_reached #############################
[INFO] [1789489892.007170146] [robot_2.robot_supervisor]: Selected controllable event: EV_search_color
[INFO] [1789489892.111391617] [robot_2.robot_supervisor]: Selected controllable event: EV_approach_color
[INFO] [1789489892.402874089] [robot_2.robot_supervisor]: Selected controllable event: EV_move_forward
[INFO] [1789489892.692258146] [robot_2.robot_supervisor]: Selected controllable event: EV_search_object
[INFO] [1789489892.898128416] [robot_2.robot_supervisor]: ############################# VISIBLE: EV_object_visible #############################
[INFO] [1789489892.899125456] [robot_2.robot_supervisor]: Selected controllable event: EV_move_forward
[INFO] [1789489893.107025246] [robot_2.robot_supervisor]: Selected controllable event: EV_approach_object
[INFO] [1789489893.385015690] [robot_2.robot_supervisor]: Selected controllable event: EV_approach_object
[INFO] [1789489893.610475431] [robot_2.robot_supervisor]: Selected controllable event: EV_search_color
[INFO] [1789489893.791144473] [robot_2.robot_supervisor]: ############################# VISIBLE: EV_object_visible #############################
[INFO] [1789489893.795558298] [robot_2.robot_supervisor]: Selected controllable event: EV_approach_color
[INFO] [1789489894.111344191] [robot_2.robot_supervisor]: Selected controllable event: EV_search_object
[INFO] [1789489894.298191649] [robot_2.robot_supervisor]: Selected controllable event: EV_search_color
[INFO] [1789489894.505570320] [robot_2.robot_supervisor]: ############################# VISIBLE: EV_object_visible #############################
[INFO] [1789489894.522838962] [robot_2.robot_supervisor]: Selected controllable event: EV_move_forward
[INFO] [1789489894.790003668] [robot_2.robot_supervisor]: Selected controllable event: EV_move_forward
[INFO] [1789489895.082358216] [robot_2.robot_supervisor]: Selected controllable event: EV_move_forward
[INFO] [1789489895.412036239] [robot_2.robot_supervisor]: Selected controllable event: EV_approach_object
[INFO] [1789489895.723477512] [robot_2.robot_supervisor]: ############################# VISIBLE: EV_object_visible #############################
[INFO] [1789489895.724510549] [robot_2.robot_supervisor]: Selected controllable event: EV_move_forward
[INFO] [1789489895.991647584] [robot_2.robot_supervisor]: Selected controllable event: EV_approach_color
[INFO] [1789489896.217545423] [robot_2.robot_supervisor]: Selected controllable event: EV_move_forward
[INFO] [1789489896.504939680] [robot_2.robot_supervisor]: ############################# VISIBLE: EV_object_visible #############################
[INFO] [1789489896.517682337] [robot_2.robot_supervisor]: Selected controllable event: EV_approach_color
[INFO] [1789489896.786718403] [robot_2.robot_supervisor]: Selected controllable event: EV_search_object
[INFO] [1789489896.910524451] [robot_2.robot_supervisor]: Selected controllable event: EV_search_color
[INFO] [1789489897.103901118] [robot_2.robot_supervisor]: Selected controllable event: EV_approach_color
[INFO] [1789489897.391700900] [robot_2.robot_supervisor]: Triggered uncontrollable event: EV_obstacle_right
[INFO] [1789489897.392506322] [robot_2.robot_supervisor]: ############################# REACHED: EV_object_reached #############################
[INFO] [1789489897.422517948] [robot_2.robot_supervisor]: Selected controllable event: EV_rotate_counterclockwise
[INFO] [1789489897.595203931] [robot_2.robot_supervisor]: Triggered uncontrollable event: EV_obstacle_right
[INFO] [1789489897.596165203] [robot_2.robot_supervisor]: Selected controllable event: EV_rotate_counterclockwise
[INFO] [1789489897.809439762] [robot_2.robot_supervisor]: Triggered uncontrollable event: EV_obstacle_right
[INFO] [1789489897.816748033] [robot_2.robot_supervisor]: Selected controllable event: EV_u_turn
[INFO] [1789489897.817683073] [robot_2.robot_supervisor]: Starting FULL ROTATE (omega=1.000, have_odom=True, target_rad=3.142, timeout_s=3.500)
[INFO] [1789489901.395865046] [robot_2.robot_supervisor]: FULL ROTATE completed by timeout
[INFO] [1789489901.594078163] [robot_2.robot_supervisor]: ############################# REACHED: EV_object_reached #############################
[INFO] [1789489901.614719381] [robot_2.robot_supervisor]: Selected controllable event: EV_search_object
[INFO] [1789489901.789360582] [robot_2.robot_supervisor]: ############################# REACHED: EV_object_reached #############################
[INFO] [1789489901.800543598] [robot_2.robot_supervisor]: Selected controllable event: EV_search_object
[INFO] [1789489902.002291824] [robot_2.robot_supervisor]: Selected controllable event: EV_search_color
[INFO] [1789489902.213008456] [robot_2.robot_supervisor]: Selected controllable event: EV_search_color
[INFO] [1789489902.322276994] [robot_2.robot_supervisor]: Selected controllable event: EV_search_object
[INFO] [1789489902.500044196] [robot_2.robot_supervisor]: Selected controllable event: EV_search_object
[INFO] [1789489902.698623667] [robot_2.robot_supervisor]: ############################# REACHED: EV_object_reached #############################
[INFO] [1789489902.705642390] [robot_2.robot_supervisor]: Selected controllable event: EV_search_color
[INFO] [1789489902.899964831] [robot_2.robot_supervisor]: Selected controllable event: EV_search_object
[INFO] [1789489903.124298467] [robot_2.robot_supervisor]: Selected controllable event: EV_search_color
[INFO] [1789489903.311142634] [robot_2.robot_supervisor]: Selected controllable event: EV_approach_object
[INFO] [1789489903.609104030] [robot_2.robot_supervisor]: ############################# REACHED: EV_object_reached #############################
[INFO] [1789489903.610156877] [robot_2.robot_supervisor]: Selected controllable event: EV_approach_object
[INFO] [1789489903.911648828] [robot_2.robot_supervisor]: Selected controllable event: EV_move_forward
[INFO] [1789489904.193964038] [robot_2.robot_supervisor]: Selected controllable event: EV_approach_object
[INFO] [1789489904.403722718] [robot_2.robot_supervisor]: ############################# VISIBLE: EV_object_visible #############################
[INFO] [1789489904.407198095] [robot_2.robot_supervisor]: Selected controllable event: EV_search_color
[INFO] [1789489904.603181829] [robot_2.robot_supervisor]: Selected controllable event: EV_approach_color
[INFO] [1789489904.899872762] [robot_2.robot_supervisor]: Selected controllable event: EV_approach_color
[INFO] [1789489905.220740879] [robot_2.robot_supervisor]: Selected controllable event: EV_move_forward
[INFO] [1789489905.490704993] [robot_2.robot_supervisor]: ############################# VISIBLE: EV_object_visible #############################
[INFO] [1789489905.491664033] [robot_2.robot_supervisor]: Selected controllable event: EV_approach_color
[INFO] [1789489905.703223752] [robot_2.robot_supervisor]: Selected controllable event: EV_search_object
[INFO] [1789489905.896832103] [robot_2.robot_supervisor]: Selected controllable event: EV_search_object
[INFO] [1789489906.091177283] [robot_2.robot_supervisor]: ############################# VISIBLE: EV_object_visible #############################
[INFO] [1789489906.103028037] [robot_2.robot_supervisor]: Selected controllable event: EV_approach_object
[INFO] [1789489906.417392419] [robot_2.robot_supervisor]: Selected controllable event: EV_move_forward
[INFO] [1789489906.691672583] [robot_2.robot_supervisor]: Selected controllable event: EV_approach_object
[INFO] [1789489907.011003376] [robot_2.robot_supervisor]: Triggered uncontrollable event: EV_obstacle_left
[INFO] [1789489907.025772777] [robot_2.robot_supervisor]: Selected controllable event: EV_rotate_clockwise
[INFO] [1789489907.212440836] [robot_2.robot_supervisor]: Triggered uncontrollable event: EV_obstacle_left
[INFO] [1789489907.213271608] [robot_2.robot_supervisor]: ############################# VISIBLE: EV_object_visible #############################
[INFO] [1789489907.232960286] [robot_2.robot_supervisor]: Selected controllable event: EV_u_turn
[INFO] [1789489907.233929469] [robot_2.robot_supervisor]: Starting FULL ROTATE (omega=1.000, have_odom=True, target_rad=3.142, timeout_s=3.500)
