[INFO] [1789489923.360702984] [robot_2.robot_supervisor]: Loaded initial mission 'balanced_delivery' from explicit YAML S_20260915_182327.yaml
[INFO] [1789489923.530068397] [robot_2.robot_supervisor]: Selected controllable event: EV_move_forward
[INFO] [1789489923.825943772] [robot_2.robot_supervisor]: Selected controllable event: EV_approach_object
[INFO] [1789489924.128207783] [robot_2.robot_supervisor]: Selected controllable event: EV_move_forward
[INFO] [1789489924.423355549] [robot_2.robot_supervisor]: Selected controllable event: EV_search_object
[INFO] [1789489924.628232221] [robot_2.robot_supervisor]: Selected controllable event: EV_search_color
[INFO] [1789489924.843645150] [robot_2.robot_supervisor]: Selected controllable event: EV_search_color
[INFO] [1789489925.041896020] [robot_2.robot_supervisor]: Selected controllable event: EV_search_color
[INFO] [1789489925.225294457] [robot_2.robot_supervisor]: Selected controllable event: EV_approach_object
[INFO] [1789489925.428141423] [robot_2.robot_supervisor]: Selected controllable event: EV_approach_object
[INFO] [1789489925.722962085] [robot_2.robot_supervisor]: Selected controllable event: EV_search_color
[INFO] [1789489925.919466809] [robot_2.robot_supervisor]: Selected controllable event: EV_approach_object
[INFO] [1789489926.216785917] [robot_2.robot_supervisor]: Selected controllable event: EV_search_object
[INFO] [1789489926.416486263] [robot_2.robot_supervisor]: Selected controllable event: EV_move_forward
[INFO] [1789489926.716462906] [robot_2.robot_supervisor]: Selected controllable event: EV_move_forward
[INFO] [1789489927.016745575] [robot_2.robot_supervisor]: Selected controllable event: EV_approach_color
[INFO] [1789489927.316571993] [robot_2.robot_supervisor]: Selected controllable event: EV_approach_color
[INFO] [1789489927.616571860] [robot_2.robot_supervisor]: Selected controllable event: EV_move_forward
[INFO] [1789489927.916682363] [robot_2.robot_supervisor]: Selected controllable event: EV_approach_object
[INFO] [1789489928.216610105] [robot_2.robot_supervisor]: Selected controllable event: EV_search_color
[INFO] [1789489928.416591946] [robot_2.robot_supervisor]: Selected controllable event: EV_search_color
[INFO] [1789489928.662464880] [robot_2.robot_supervisor]: ############################# REACHED: EV_object_reached #############################
[INFO] [1789489928.668200187] [robot_2.robot_supervisor]: Selected controllable event: EV_move_forward
[INFO] [1789489928.931421060] [robot_2.robot_supervisor]: Selected controllable event: EV_approach_color
[INFO] [1789489929.241500474] [robot_2.robot_supervisor]: Selected controllable event: EV_move_forward
[INFO] [1789489929.521815169] [robot_2.robot_supervisor]: ############################# REACHED: EV_object_reached #############################
[INFO] [1789489929.538128708] [robot_2.robot_supervisor]: Selected controllable event: EV_search_object
[INFO] [1789489929.728332293] [robot_2.robot_supervisor]: Selected controllable event: EV_search_object
[INFO] [1789489929.918579725] [robot_2.robot_supervisor]: Selected controllable event: EV_move_forward
[INFO] [1789489930.145129030] [robot_2.robot_supervisor]: ############################# VISIBLE: EV_object_visible #############################
[INFO] [1789489930.147322130] [robot_2.robot_supervisor]: Selected controllable event: EV_move_forward
[INFO] [1789489930.418972502] [robot_2.robot_supervisor]: Selected controllable event: EV_move_forward
[INFO] [1789489930.626829973] [robot_2.robot_supervisor]: Selected controllable event: EV_approach_color
[INFO] [1789489930.920679279] [robot_2.robot_supervisor]: Triggered uncontrollable event: EV_obstacle_left
[INFO] [1789489930.921700052] [robot_2.robot_supervisor]: Selected controllable event: EV_rotate_clockwise
[INFO] [1789489931.127712853] [robot_2.robot_supervisor]: Triggered uncontrollable event: EV_obstacle_left
[INFO] [1789489931.138158754] [robot_2.robot_supervisor]: ############################# VISIBLE: EV_object_visible #############################
[INFO] [1789489931.139127416] [robot_2.robot_supervisor]: Selected controllable event: EV_rotate_clockwise
[INFO] [1789489931.335244447] [robot_2.robot_supervisor]: Triggered uncontrollable event: EV_obstacle_left
[INFO] [1789489931.336141755] [robot_2.robot_supervisor]: Selected controllable event: EV_rotate_clockwise
[INFO] [1789489931.544217664] [robot_2.robot_supervisor]: Triggered uncontrollable event: EV_obstacle_left
[INFO] [1789489931.545195955] [robot_2.robot_supervisor]: Selected controllable event: EV_rotate_clockwise
[INFO] [1789489931.725589587] [robot_2.robot_supervisor]: Triggered uncontrollable event: EV_obstacle_left
[INFO] [1789489931.728957518] [robot_2.robot_supervisor]: ############################# VISIBLE: EV_object_visible #############################
[INFO] [1789489931.731072637] [robot_2.robot_supervisor]: Selected controllable event: EV_rotate_clockwise
[INFO] [1789489931.934014311] [robot_2.robot_supervisor]: Triggered uncontrollable event: EV_obstacle_left
[INFO] [1789489931.934965811] [robot_2.robot_supervisor]: Selected controllable event: EV_u_turn
[INFO] [1789489931.935709679] [robot_2.robot_supervisor]: Starting FULL ROTATE (omega=1.000, have_odom=True, target_rad=3.142, timeout_s=3.500)
[INFO] [1789489935.449874193] [robot_2.robot_supervisor]: FULL ROTATE completed by timeout
[INFO] [1789489935.719067865] [robot_2.robot_supervisor]: ############################# VISIBLE: EV_object_visible #############################
[INFO] [1789489935.726487033] [robot_2.robot_supervisor]: Selected controllable event: EV_search_object
[INFO] [1789489935.925403104] [robot_2.robot_supervisor]: Selected controllable event: EV_search_object
[INFO] [1789489936.037838175] [robot_2.robot_supervisor]: Selected controllable event: EV_search_object
[INFO] [1789489936.231131572] [robot_2.robot_supervisor]: Triggered uncontrollable event: EV_obstacle_right
[INFO] [1789489936.231707674] [robot_2.robot_supervisor]: ############################# VISIBLE: EV_object_visible #############################
[INFO] [1789489936.232511274] [robot_2.robot_supervisor]: Selected controllable event: EV_u_turn
[INFO] [1789489936.334166436] [robot_2.robot_supervisor]: Triggered uncontrollable event: EV_obstacle_right
[INFO] [1789489936.340526050] [robot_2.robot_supervisor]: Selected controllable event: EV_u_turn
[INFO] [1789489936.418864932] [robot_2.robot_supervisor]: Triggered uncontrollable event: EV_obstacle_right
[INFO] [1789489936.425609117] [robot_2.robot_supervisor]: Selected controllable event: EV_u_turn
[INFO] [1789489936.519122703] [robot_2.robot_supervisor]: Triggered uncontrollable event: EV_obstacle_right
[INFO] [1789489936.520027653] [robot_2.robot_supervisor]: Selected controllable event: EV_rotate_counterclockwise
[WARN] [1789489936.534589501] [robot_2.robot_supervisor]: no translation for 5.9s livelock detected; starting atomic escape (turn_sign=+1)
[INFO] [1789489939.027559184] [robot_2.robot_supervisor]: Zone-livelock escape completed
[INFO] [1789489939.232226162] [robot_2.robot_supervisor]: ############################# VISIBLE: EV_object_visible #############################
[INFO] [1789489939.232999289] [robot_2.robot_supervisor]: Triggered uncontrollable event: EV_object_not_visible
[INFO] [1789489939.240116811] [robot_2.robot_supervisor]: Selected controllable event: EV_approach_object
[INFO] [1789489939.532266989] [robot_2.robot_supervisor]: Selected controllable event: EV_approach_object
[INFO] [1789489939.759195208] [robot_2.robot_supervisor]: Selected controllable event: EV_search_object
[INFO] [1789489939.940165438] [robot_2.robot_supervisor]: ############################# VISIBLE: EV_object_visible #############################
[INFO] [1789489939.941140296] [robot_2.robot_supervisor]: Selected controllable event: EV_approach_object
[INFO] [1789489940.218626322] [robot_2.robot_supervisor]: Selected controllable event: EV_approach_color
[INFO] [1789489940.430731377] [robot_2.robot_supervisor]: Selected controllable event: EV_move_forward
[INFO] [1789489940.649860583] [robot_2.robot_supervisor]: Selected controllable event: EV_approach_color
[INFO] [1789489940.924289522] [robot_2.robot_supervisor]: ############################# VISIBLE: EV_object_visible #############################
[INFO] [1789489940.948867473] [robot_2.robot_supervisor]: Selected controllable event: EV_approach_object
[INFO] [1789489941.230704915] [robot_2.robot_supervisor]: Selected controllable event: EV_move_forward
[INFO] [1789489941.529245479] [robot_2.robot_supervisor]: ############################# REACHED: EV_object_reached #############################
[INFO] [1789489941.530104061] [robot_2.robot_supervisor]: Selected controllable event: EV_approach_object
[INFO] [1789489941.818869267] [robot_2.robot_supervisor]: Selected controllable event: EV_approach_color
[INFO] [1789489942.063544340] [robot_2.robot_supervisor]: Selected controllable event: EV_approach_object
[INFO] [1789489942.343117905] [robot_2.robot_supervisor]: Triggered uncontrollable event: EV_obstacle_right
[INFO] [1789489942.343791779] [robot_2.robot_supervisor]: ############################# REACHED: EV_object_reached #############################
[INFO] [1789489942.344614384] [robot_2.robot_supervisor]: Selected controllable event: EV_rotate_counterclockwise
[INFO] [1789489942.553644577] [robot_2.robot_supervisor]: Triggered uncontrollable event: EV_obstacle_right
[INFO] [1789489942.561481271] [robot_2.robot_supervisor]: Selected controllable event: EV_u_turn
[INFO] [1789489942.562397735] [robot_2.robot_supervisor]: Starting FULL ROTATE (omega=1.000, have_odom=True, target_rad=3.142, timeout_s=3.500)
[INFO] [1789489946.132704337] [robot_2.robot_supervisor]: FULL ROTATE completed by timeout
[INFO] [1789489946.331838015] [robot_2.robot_supervisor]: ############################# REACHED: EV_object_reached #############################
[INFO] [1789489946.347007804] [robot_2.robot_supervisor]: Selected controllable event: EV_search_color
[INFO] [1789489946.538669559] [robot_2.robot_supervisor]: ############################# REACHED: EV_object_reached #############################
[INFO] [1789489946.539569821] [robot_2.robot_supervisor]: Selected controllable event: EV_search_color
[INFO] [1789489946.737521190] [robot_2.robot_supervisor]: Selected controllable event: EV_search_color
[INFO] [1789489946.922472435] [robot_2.robot_supervisor]: Selected controllable event: EV_search_object
[INFO] [1789489947.063043569] [robot_2.robot_supervisor]: Selected controllable event: EV_approach_color
[INFO] [1789489947.319730120] [robot_2.robot_supervisor]: ############################# REACHED: EV_object_reached #############################
[INFO] [1789489947.327792662] [robot_2.robot_supervisor]: Selected controllable event: EV_approach_object
[INFO] [1789489947.643554974] [robot_2.robot_supervisor]: Selected controllable event: EV_search_object
[INFO] [1789489947.840425197] [robot_2.robot_supervisor]: Selected controllable event: EV_move_forward
[INFO] [1789489948.121843314] [robot_2.robot_supervisor]: ############################# REACHED: EV_object_reached #############################
[INFO] [1789489948.122756954] [robot_2.robot_supervisor]: Selected controllable event: EV_approach_object
[INFO] [1789489948.335488910] [robot_2.robot_supervisor]: Selected controllable event: EV_search_color
[INFO] [1789489948.520077303] [robot_2.robot_supervisor]: Selected controllable event: EV_approach_color
[INFO] [1789489948.721254396] [robot_2.robot_supervisor]: Triggered uncontrollable event: EV_obstacle_right
[INFO] [1789489948.726359523] [robot_2.robot_supervisor]: ############################# REACHED: EV_object_reached #############################
[INFO] [1789489948.741282970] [robot_2.robot_supervisor]: Selected controllable event: EV_u_turn
[INFO] [1789489948.742050559] [robot_2.robot_supervisor]: Starting FULL ROTATE (omega=1.000, have_odom=True, target_rad=3.142, timeout_s=3.500)
[INFO] [1789489952.333534759] [robot_2.robot_supervisor]: FULL ROTATE completed by timeout
[INFO] [1789489952.528263218] [robot_2.robot_supervisor]: ############################# VISIBLE: EV_object_visible #############################
[INFO] [1789489952.542348515] [robot_2.robot_supervisor]: Selected controllable event: EV_search_object
[INFO] [1789489952.732997288] [robot_2.robot_supervisor]: Selected controllable event: EV_search_object
[INFO] [1789489952.932783652] [robot_2.robot_supervisor]: ############################# VISIBLE: EV_object_visible #############################
[INFO] [1789489952.937473628] [robot_2.robot_supervisor]: Selected controllable event: EV_search_color
[INFO] [1789489953.132470800] [robot_2.robot_supervisor]: Selected controllable event: EV_move_forward
[INFO] [1789489953.416659231] [robot_2.robot_supervisor]: Triggered uncontrollable event: EV_obstacle_left
[INFO] [1789489953.417508034] [robot_2.robot_supervisor]: Selected controllable event: EV_rotate_clockwise
[WARN] [1789489953.436087223] [robot_2.robot_supervisor]: no translation for 5.1s livelock detected; starting atomic escape (turn_sign=-1)
[INFO] [1789489955.929811519] [robot_2.robot_supervisor]: Zone-livelock escape completed
[INFO] [1789489956.149730315] [robot_2.robot_supervisor]: ############################# REACHED: EV_object_reached #############################
[INFO] [1789489956.155028478] [robot_2.robot_supervisor]: Selected controllable event: EV_approach_color
[INFO] [1789489956.425470283] [robot_2.robot_supervisor]: Selected controllable event: EV_approach_object
[INFO] [1789489956.732993596] [robot_2.robot_supervisor]: Selected controllable event: EV_approach_object
[INFO] [1789489957.017471995] [robot_2.robot_supervisor]: ############################# VISIBLE: EV_object_visible #############################
[INFO] [1789489957.021747464] [robot_2.robot_supervisor]: Selected controllable event: EV_search_object
[INFO] [1789489957.220588519] [robot_2.robot_supervisor]: Selected controllable event: EV_search_object
[INFO] [1789489957.333254334] [robot_2.robot_supervisor]: Selected controllable event: EV_search_color
[INFO] [1789489957.519783344] [robot_2.robot_supervisor]: ############################# VISIBLE: EV_object_visible #############################
[INFO] [1789489957.525973975] [robot_2.robot_supervisor]: Selected controllable event: EV_search_color
[INFO] [1789489957.636663652] [robot_2.robot_supervisor]: Selected controllable event: EV_approach_color
[INFO] [1789489957.931131288] [robot_2.robot_supervisor]: Selected controllable event: EV_search_object
[INFO] [1789489958.129063760] [robot_2.robot_supervisor]: Selected controllable event: EV_approach_color
[INFO] [1789489958.426015410] [robot_2.robot_supervisor]: Triggered uncontrollable event: EV_object_not_visible
[INFO] [1789489958.426900187] [robot_2.robot_supervisor]: Selected controllable event: EV_search_object
[INFO] [1789489958.639272254] [robot_2.robot_supervisor]: Selected controllable event: EV_move_forward
[INFO] [1789489958.926506349] [robot_2.robot_supervisor]: Triggered uncontrollable event: EV_object_not_visible
[INFO] [1789489958.927267702] [robot_2.robot_supervisor]: Selected controllable event: EV_search_object
[INFO] [1789489959.032043270] [robot_2.robot_supervisor]: Selected controllable event: EV_approach_object
[INFO] [1789489959.331303831] [robot_2.robot_supervisor]: Selected controllable event: EV_search_object
[INFO] [1789489959.519075091] [robot_2.robot_supervisor]: Triggered uncontrollable event: EV_obstacle_left
[INFO] [1789489959.519770499] [robot_2.robot_supervisor]: ############################# REACHED: EV_object_reached #############################
[INFO] [1789489959.520698900] [robot_2.robot_supervisor]: Selected controllable event: EV_rotate_clockwise
[INFO] [1789489959.726773140] [robot_2.robot_supervisor]: Triggered uncontrollable event: EV_obstacle_left
[INFO] [1789489959.733033243] [robot_2.robot_supervisor]: Selected controllable event: EV_u_turn
[INFO] [1789489959.739674227] [robot_2.robot_supervisor]: Starting FULL ROTATE (omega=1.000, have_odom=True, target_rad=3.142, timeout_s=3.500)
[INFO] [1789489963.336859520] [robot_2.robot_supervisor]: FULL ROTATE completed by timeout
[INFO] [1789489963.625155389] [robot_2.robot_supervisor]: ############################# REACHED: EV_object_reached #############################
[INFO] [1789489963.647537697] [robot_2.robot_supervisor]: Selected controllable event: EV_approach_object
[INFO] [1789489963.921137120] [robot_2.robot_supervisor]: ############################# REACHED: EV_object_reached #############################
[INFO] [1789489963.922001522] [robot_2.robot_supervisor]: Selected controllable event: EV_search_object
[INFO] [1789489964.037155987] [robot_2.robot_supervisor]: Selected controllable event: EV_search_object
[INFO] [1789489964.217845027] [robot_2.robot_supervisor]: Selected controllable event: EV_approach_object
[INFO] [1789489964.519590025] [robot_2.robot_supervisor]: ############################# REACHED: EV_object_reached #############################
[INFO] [1789489964.520361924] [robot_2.robot_supervisor]: Selected controllable event: EV_approach_object
[INFO] [1789489964.827725138] [robot_2.robot_supervisor]: Selected controllable event: EV_approach_color
[INFO] [1789489965.121444087] [robot_2.robot_supervisor]: ############################# REACHED: EV_object_reached #############################
[INFO] [1789489965.122281427] [robot_2.robot_supervisor]: Selected controllable event: EV_search_color
[INFO] [1789489965.235939129] [robot_2.robot_supervisor]: Selected controllable event: EV_approach_color
[INFO] [1789489965.544150783] [robot_2.robot_supervisor]: Selected controllable event: EV_move_forward
[INFO] [1789489965.840299591] [robot_2.robot_supervisor]: ############################# VISIBLE: EV_object_visible #############################
[INFO] [1789489965.842900797] [robot_2.robot_supervisor]: Selected controllable event: EV_move_forward
[INFO] [1789489966.136078451] [robot_2.robot_supervisor]: Selected controllable event: EV_approach_object
[INFO] [1789489966.455700505] [robot_2.robot_supervisor]: ############################# VISIBLE: EV_object_visible #############################
[INFO] [1789489966.456594762] [robot_2.robot_supervisor]: Selected controllable event: EV_approach_color
[INFO] [1789489966.728230448] [robot_2.robot_supervisor]: Selected controllable event: EV_approach_color
[INFO] [1789489967.030355821] [robot_2.robot_supervisor]: Selected controllable event: EV_search_color
[INFO] [1789489967.143801030] [robot_2.robot_supervisor]: Triggered uncontrollable event: EV_obstacle_left
[INFO] [1789489967.144506919] [robot_2.robot_supervisor]: ############################# VISIBLE: EV_object_visible #############################
[INFO] [1789489967.145266683] [robot_2.robot_supervisor]: Selected controllable event: EV_rotate_clockwise
[INFO] [1789489967.349064226] [robot_2.robot_supervisor]: Triggered uncontrollable event: EV_obstacle_left
[INFO] [1789489967.349924249] [robot_2.robot_supervisor]: Selected controllable event: EV_rotate_clockwise
[INFO] [1789489967.517385170] [robot_2.robot_supervisor]: Triggered uncontrollable event: EV_obstacle_left
[INFO] [1789489967.526478668] [robot_2.robot_supervisor]: Selected controllable event: EV_rotate_clockwise
[INFO] [1789489967.638198235] [robot_2.robot_supervisor]: Triggered uncontrollable event: EV_obstacle_left
[INFO] [1789489967.639201367] [robot_2.robot_supervisor]: Selected controllable event: EV_u_turn
[INFO] [1789489967.659598502] [robot_2.robot_supervisor]: Starting FULL ROTATE (omega=1.000, have_odom=True, target_rad=3.142, timeout_s=3.500)
[INFO] [1789489971.251164211] [robot_2.robot_supervisor]: FULL ROTATE completed by timeout
[INFO] [1789489971.521249736] [robot_2.robot_supervisor]: ############################# VISIBLE: EV_object_visible #############################
[INFO] [1789489971.522075193] [robot_2.robot_supervisor]: Selected controllable event: EV_search_object
[INFO] [1789489971.645327410] [robot_2.robot_supervisor]: Selected controllable event: EV_search_color
[INFO] [1789489971.821403651] [robot_2.robot_supervisor]: Selected controllable event: EV_approach_object
[INFO] [1789489972.119216739] [robot_2.robot_supervisor]: ############################# VISIBLE: EV_object_visible #############################
[INFO] [1789489972.120096037] [robot_2.robot_supervisor]: Selected controllable event: EV_search_color
[INFO] [1789489972.233071293] [robot_2.robot_supervisor]: Selected controllable event: EV_approach_object
[INFO] [1789489972.519573553] [robot_2.robot_supervisor]: Selected controllable event: EV_search_object
[INFO] [1789489972.738223541] [robot_2.robot_supervisor]: ############################# VISIBLE: EV_object_visible #############################
[INFO] [1789489972.743747378] [robot_2.robot_supervisor]: Selected controllable event: EV_approach_object
[INFO] [1789489973.042962266] [robot_2.robot_supervisor]: Selected controllable event: EV_search_color
[INFO] [1789489973.240159073] [robot_2.robot_supervisor]: Selected controllable event: EV_move_forward
[INFO] [1789489973.516605560] [robot_2.robot_supervisor]: ############################# VISIBLE: EV_object_visible #############################
[INFO] [1789489973.517377866] [robot_2.robot_supervisor]: Selected controllable event: EV_approach_object
[INFO] [1789489973.721081852] [robot_2.robot_supervisor]: Selected controllable event: EV_move_forward
[INFO] [1789489973.941939958] [robot_2.robot_supervisor]: Selected controllable event: EV_approach_object
[INFO] [1789489974.227765205] [robot_2.robot_supervisor]: ############################# VISIBLE: EV_object_visible #############################
[INFO] [1789489974.240254501] [robot_2.robot_supervisor]: Selected controllable event: EV_approach_object
[INFO] [1789489974.533749586] [robot_2.robot_supervisor]: Selected controllable event: EV_move_forward
[INFO] [1789489974.842013344] [robot_2.robot_supervisor]: Triggered uncontrollable event: EV_object_not_visible
[INFO] [1789489974.842908213] [robot_2.robot_supervisor]: Selected controllable event: EV_move_forward
[INFO] [1789489975.128926567] [robot_2.robot_supervisor]: Selected controllable event: EV_approach_object
[INFO] [1789489975.330770713] [robot_2.robot_supervisor]: Triggered uncontrollable event: EV_obstacle_left
[INFO] [1789489975.331682845] [robot_2.robot_supervisor]: Selected controllable event: EV_rotate_clockwise
[INFO] [1789489975.516483727] [robot_2.robot_supervisor]: Triggered uncontrollable event: EV_obstacle_left
[INFO] [1789489975.517221780] [robot_2.robot_supervisor]: Triggered uncontrollable event: EV_object_not_visible
[INFO] [1789489975.530761226] [robot_2.robot_supervisor]: Selected controllable event: EV_rotate_clockwise
[INFO] [1789489975.728968720] [robot_2.robot_supervisor]: Triggered uncontrollable event: EV_obstacle_left
[INFO] [1789489975.729882010] [robot_2.robot_supervisor]: Selected controllable event: EV_u_turn
[INFO] [1789489975.730622592] [robot_2.robot_supervisor]: Starting FULL ROTATE (omega=1.000, have_odom=True, target_rad=3.142, timeout_s=3.500)
[INFO] [1789489979.237648550] [robot_2.robot_supervisor]: FULL ROTATE completed by timeout
[INFO] [1789489979.432881498] [robot_2.robot_supervisor]: Triggered uncontrollable event: EV_obstacle_right
[INFO] [1789489979.433534890] [robot_2.robot_supervisor]: Triggered uncontrollable event: EV_object_not_visible
[INFO] [1789489979.434386895] [robot_2.robot_supervisor]: Selected controllable event: EV_rotate_counterclockwise
[WARN] [1789489979.449953582] [robot_2.robot_supervisor]: no translation for 4.1s livelock detected; starting atomic escape (turn_sign=+1)
[INFO] [1789489982.036129757] [robot_2.robot_supervisor]: Zone-livelock escape completed
[INFO] [1789489982.333473712] [robot_2.robot_supervisor]: ############################# VISIBLE: EV_object_visible #############################
[INFO] [1789489982.334295866] [robot_2.robot_supervisor]: Selected controllable event: EV_move_forward
[INFO] [1789489982.638565818] [robot_2.robot_supervisor]: Selected controllable event: EV_approach_color
[INFO] [1789489982.931439177] [robot_2.robot_supervisor]: ############################# VISIBLE: EV_object_visible #############################
[INFO] [1789489982.934582172] [robot_2.robot_supervisor]: Selected controllable event: EV_move_forward
[INFO] [1789489983.226687570] [robot_2.robot_supervisor]: Selected controllable event: EV_search_color
[INFO] [1789489983.437414547] [robot_2.robot_supervisor]: Selected controllable event: EV_search_color
[INFO] [1789489983.625863892] [robot_2.robot_supervisor]: ############################# VISIBLE: EV_object_visible #############################
[INFO] [1789489983.632733259] [robot_2.robot_supervisor]: Selected controllable event: EV_approach_object
[INFO] [1789489983.926095670] [robot_2.robot_supervisor]: Selected controllable event: EV_move_forward
[INFO] [1789489984.232663480] [robot_2.robot_supervisor]: Selected controllable event: EV_search_color
[INFO] [1789489984.343968953] [robot_2.robot_supervisor]: Selected controllable event: EV_search_color
[INFO] [1789489984.516375535] [robot_2.robot_supervisor]: ############################# VISIBLE: EV_object_visible #############################
[INFO] [1789489984.517234417] [robot_2.robot_supervisor]: Selected controllable event: EV_search_color
[INFO] [1789489984.629312856] [robot_2.robot_supervisor]: Selected controllable event: EV_search_object
[INFO] [1789489984.829428544] [robot_2.robot_supervisor]: Selected controllable event: EV_approach_color
[INFO] [1789489985.132820251] [robot_2.robot_supervisor]: ############################# VISIBLE: EV_object_visible #############################
[INFO] [1789489985.133754908] [robot_2.robot_supervisor]: Selected controllable event: EV_search_color
[INFO] [1789489985.326688813] [robot_2.robot_supervisor]: Selected controllable event: EV_move_forward
[INFO] [1789489985.626771889] [robot_2.robot_supervisor]: Selected controllable event: EV_search_color
[INFO] [1789489985.838074724] [robot_2.robot_supervisor]: ############################# VISIBLE: EV_object_visible #############################
[INFO] [1789489985.845136633] [robot_2.robot_supervisor]: Selected controllable event: EV_search_object
[INFO] [1789489986.029318902] [robot_2.robot_supervisor]: Selected controllable event: EV_move_forward
[INFO] [1789489986.320305988] [robot_2.robot_supervisor]: Selected controllable event: EV_approach_color
[INFO] [1789489986.529861986] [robot_2.robot_supervisor]: Triggered uncontrollable event: EV_obstacle_right
[INFO] [1789489986.553168936] [robot_2.robot_supervisor]: ############################# VISIBLE: EV_object_visible #############################
[INFO] [1789489986.554150338] [robot_2.robot_supervisor]: Selected controllable event: EV_u_turn
[INFO] [1789489986.557948204] [robot_2.robot_supervisor]: Starting FULL ROTATE (omega=1.000, have_odom=True, target_rad=3.142, timeout_s=3.500)
[INFO] [1789489990.130874892] [robot_2.robot_supervisor]: FULL ROTATE completed by timeout
[INFO] [1789489990.337488547] [robot_2.robot_supervisor]: ############################# VISIBLE: EV_object_visible #############################
[INFO] [1789489990.344913061] [robot_2.robot_supervisor]: Selected controllable event: EV_approach_color
[INFO] [1789489990.617970078] [robot_2.robot_supervisor]: Selected controllable event: EV_search_object
[INFO] [1789489990.726228216] [robot_2.robot_supervisor]: Selected controllable event: EV_approach_color
[INFO] [1789489990.938520084] [robot_2.robot_supervisor]: ############################# VISIBLE: EV_object_visible #############################
[INFO] [1789489990.939305573] [robot_2.robot_supervisor]: Selected controllable event: EV_search_color
[INFO] [1789489991.128731032] [robot_2.robot_supervisor]: Selected controllable event: EV_search_object
[INFO] [1789489991.323264139] [robot_2.robot_supervisor]: Selected controllable event: EV_search_object
[INFO] [1789489991.453875240] [robot_2.robot_supervisor]: Selected controllable event: EV_search_color
[INFO] [1789489991.617141869] [robot_2.robot_supervisor]: ############################# VISIBLE: EV_object_visible #############################
[INFO] [1789489991.618110490] [robot_2.robot_supervisor]: Selected controllable event: EV_search_color
[INFO] [1789489991.741926843] [robot_2.robot_supervisor]: Selected controllable event: EV_approach_color
[INFO] [1789489992.020909080] [robot_2.robot_supervisor]: Selected controllable event: EV_search_object
[INFO] [1789489992.164627029] [robot_2.robot_supervisor]: Selected controllable event: EV_approach_object
[INFO] [1789489992.421581009] [robot_2.robot_supervisor]: ############################# VISIBLE: EV_object_visible #############################
[INFO] [1789489992.440656251] [robot_2.robot_supervisor]: Selected controllable event: EV_approach_color
[INFO] [1789489992.720665665] [robot_2.robot_supervisor]: Selected controllable event: EV_search_color
[INFO] [1789489992.836808626] [robot_2.robot_supervisor]: Selected controllable event: EV_move_forward
[INFO] [1789489993.124303754] [robot_2.robot_supervisor]: ############################# VISIBLE: EV_object_visible #############################
[INFO] [1789489993.129388308] [robot_2.robot_supervisor]: Selected controllable event: EV_approach_color
[INFO] [1789489993.431910175] [robot_2.robot_supervisor]: Selected controllable event: EV_search_color
[INFO] [1789489993.622148782] [robot_2.robot_supervisor]: Selected controllable event: EV_search_color
[INFO] [1789489993.818092288] [robot_2.robot_supervisor]: Triggered uncontrollable event: EV_object_not_visible
[INFO] [1789489993.829303319] [robot_2.robot_supervisor]: Selected controllable event: EV_search_color
[INFO] [1789489994.021131374] [robot_2.robot_supervisor]: Selected controllable event: EV_approach_object
[INFO] [1789489994.255172359] [robot_2.robot_supervisor]: Selected controllable event: EV_move_forward
[INFO] [1789489994.529222838] [robot_2.robot_supervisor]: Triggered uncontrollable event: EV_obstacle_right
[INFO] [1789489994.535884674] [robot_2.robot_supervisor]: Triggered uncontrollable event: EV_object_not_visible
[INFO] [1789489994.536911417] [robot_2.robot_supervisor]: Selected controllable event: EV_rotate_counterclockwise
[INFO] [1789489994.739162230] [robot_2.robot_supervisor]: Triggered uncontrollable event: EV_obstacle_right
[INFO] [1789489994.748441978] [robot_2.robot_supervisor]: Selected controllable event: EV_u_turn
[INFO] [1789489994.754152654] [robot_2.robot_supervisor]: Starting FULL ROTATE (omega=1.000, have_odom=True, target_rad=3.142, timeout_s=3.500)
[INFO] [1789489998.330905920] [robot_2.robot_supervisor]: FULL ROTATE completed by timeout
[INFO] [1789489998.632346268] [robot_2.robot_supervisor]: ############################# VISIBLE: EV_object_visible #############################
[INFO] [1789489998.633245346] [robot_2.robot_supervisor]: Selected controllable event: EV_search_color
[INFO] [1789489998.745050040] [robot_2.robot_supervisor]: Selected controllable event: EV_approach_object
[INFO] [1789489999.036651468] [robot_2.robot_supervisor]: ############################# VISIBLE: EV_object_visible #############################
[INFO] [1789489999.040333083] [robot_2.robot_supervisor]: Selected controllable event: EV_approach_object
[INFO] [1789489999.322463445] [robot_2.robot_supervisor]: Selected controllable event: EV_search_color
[INFO] [1789489999.531519329] [robot_2.robot_supervisor]: Selected controllable event: EV_move_forward
[INFO] [1789489999.733556935] [robot_2.robot_supervisor]: Selected controllable event: EV_search_object
[INFO] [1789489999.946087586] [robot_2.robot_supervisor]: ############################# VISIBLE: EV_object_visible #############################
[INFO] [1789489999.947066682] [robot_2.robot_supervisor]: Selected controllable event: EV_search_color
[INFO] [1789490000.134950892] [robot_2.robot_supervisor]: Selected controllable event: EV_move_forward
[INFO] [1789490000.424830323] [robot_2.robot_supervisor]: Selected controllable event: EV_search_color
[INFO] [1789490000.532749001] [robot_2.robot_supervisor]: Selected controllable event: EV_approach_color
[INFO] [1789490000.839736741] [robot_2.robot_supervisor]: ############################# VISIBLE: EV_object_visible #############################
[INFO] [1789490000.848282698] [robot_2.robot_supervisor]: Selected controllable event: EV_search_color
[INFO] [1789490001.029069045] [robot_2.robot_supervisor]: Selected controllable event: EV_search_color
[INFO] [1789490001.239202490] [robot_2.robot_supervisor]: Selected controllable event: EV_move_forward
[INFO] [1789490001.520250910] [robot_2.robot_supervisor]: ############################# VISIBLE: EV_object_visible #############################
[INFO] [1789490001.521364844] [robot_2.robot_supervisor]: Selected controllable event: EV_search_object
[INFO] [1789490001.639209603] [robot_2.robot_supervisor]: Selected controllable event: EV_approach_object
[INFO] [1789490001.924154976] [robot_2.robot_supervisor]: Selected controllable event: EV_move_forward
[INFO] [1789490002.147393822] [robot_2.robot_supervisor]: Selected controllable event: EV_search_object
[INFO] [1789490002.343240865] [robot_2.robot_supervisor]: ############################# VISIBLE: EV_object_visible #############################
[INFO] [1789490002.346566623] [robot_2.robot_supervisor]: Selected controllable event: EV_approach_color
[INFO] [1789490002.649251091] [robot_2.robot_supervisor]: Selected controllable event: EV_move_forward
[INFO] [1789490002.929210323] [robot_2.robot_supervisor]: Selected controllable event: EV_search_object
[INFO] [1789490003.138326654] [robot_2.robot_supervisor]: ############################# VISIBLE: EV_object_visible #############################
[INFO] [1789490003.139332935] [robot_2.robot_supervisor]: Selected controllable event: EV_search_color
[INFO] [1789490003.320578432] [robot_2.robot_supervisor]: Selected controllable event: EV_approach_color
[INFO] [1789490003.629314839] [robot_2.robot_supervisor]: Selected controllable event: EV_search_color
[INFO] [1789490003.857280187] [robot_2.robot_supervisor]: Selected controllable event: EV_approach_object
[INFO] [1789490004.130725129] [robot_2.robot_supervisor]: ############################# VISIBLE: EV_object_visible #############################
[INFO] [1789490004.131703178] [robot_2.robot_supervisor]: Selected controllable event: EV_move_forward
[INFO] [1789490004.422429099] [robot_2.robot_supervisor]: Selected controllable event: EV_approach_object
[INFO] [1789490004.729684957] [robot_2.robot_supervisor]: ############################# VISIBLE: EV_object_visible #############################
[INFO] [1789490004.737439184] [robot_2.robot_supervisor]: Selected controllable event: EV_approach_color
[INFO] [1789490004.942229062] [robot_2.robot_supervisor]: Selected controllable event: EV_move_forward
[INFO] [1789490005.225396776] [robot_2.robot_supervisor]: Selected controllable event: EV_search_color
[INFO] [1789490005.357333345] [robot_2.robot_supervisor]: Selected controllable event: EV_approach_color
[INFO] [1789490005.641895337] [robot_2.robot_supervisor]: ############################# VISIBLE: EV_object_visible #############################
[INFO] [1789490005.642775816] [robot_2.robot_supervisor]: Selected controllable event: EV_approach_object
[INFO] [1789490005.931180626] [robot_2.robot_supervisor]: Selected controllable event: EV_search_color
[INFO] [1789490006.125412974] [robot_2.robot_supervisor]: Selected controllable event: EV_approach_object
[INFO] [1789490006.434957443] [robot_2.robot_supervisor]: ############################# VISIBLE: EV_object_visible #############################
[INFO] [1789490006.450996082] [robot_2.robot_supervisor]: Selected controllable event: EV_search_object
[INFO] [1789490006.633766901] [robot_2.robot_supervisor]: Selected controllable event: EV_approach_object
[INFO] [1789490006.947071015] [robot_2.robot_supervisor]: Selected controllable event: EV_move_forward
[INFO] [1789490007.224467689] [robot_2.robot_supervisor]: ############################# VISIBLE: EV_object_visible #############################
[INFO] [1789490007.238577997] [robot_2.robot_supervisor]: Selected controllable event: EV_approach_object
[INFO] [1789490007.530199302] [robot_2.robot_supervisor]: Selected controllable event: EV_search_color
[INFO] [1789490007.739529903] [robot_2.robot_supervisor]: Selected controllable event: EV_search_color
[INFO] [1789490007.938226287] [robot_2.robot_supervisor]: Selected controllable event: EV_approach_color
[INFO] [1789490008.234361201] [robot_2.robot_supervisor]: ############################# VISIBLE: EV_object_visible #############################
[INFO] [1789490008.235461289] [robot_2.robot_supervisor]: Selected controllable event: EV_move_forward
[INFO] [1789490008.522624582] [robot_2.robot_supervisor]: Selected controllable event: EV_move_forward
[INFO] [1789490008.754982448] [robot_2.robot_supervisor]: Selected controllable event: EV_search_color
[INFO] [1789490008.926733550] [robot_2.robot_supervisor]: ############################# VISIBLE: EV_object_visible #############################
[INFO] [1789490008.935480181] [robot_2.robot_supervisor]: Selected controllable event: EV_search_object
[INFO] [1789490009.129293184] [robot_2.robot_supervisor]: Selected controllable event: EV_approach_object
[INFO] [1789490009.336357026] [robot_2.robot_supervisor]: Selected controllable event: EV_move_forward
[INFO] [1789490009.634490305] [robot_2.robot_supervisor]: Selected controllable event: EV_approach_object
[INFO] [1789490009.931377268] [robot_2.robot_supervisor]: ############################# VISIBLE: EV_object_visible #############################
[INFO] [1789490009.932282255] [robot_2.robot_supervisor]: Selected controllable event: EV_move_forward
[INFO] [1789490010.235896966] [robot_2.robot_supervisor]: Selected controllable event: EV_approach_color
[INFO] [1789490010.521028725] [robot_2.robot_supervisor]: ############################# REACHED: EV_object_reached #############################
[INFO] [1789490010.538506374] [robot_2.robot_supervisor]: Selected controllable event: EV_approach_color
[INFO] [1789490010.823054130] [robot_2.robot_supervisor]: Selected controllable event: EV_approach_object
[INFO] [1789490011.123028851] [robot_2.robot_supervisor]: Triggered uncontrollable event: EV_obstacle_front
[INFO] [1789490011.130048615] [robot_2.robot_supervisor]: Selected controllable event: EV_move_backward
[INFO] [1789490011.429499695] [robot_2.robot_supervisor]: Triggered uncontrollable event: EV_obstacle_front
[INFO] [1789490011.437883471] [robot_2.robot_supervisor]: ############################# REACHED: EV_object_reached #############################
[INFO] [1789490011.441144112] [robot_2.robot_supervisor]: Selected controllable event: EV_rotate_counterclockwise
[INFO] [1789490011.624327407] [robot_2.robot_supervisor]: Triggered uncontrollable event: EV_obstacle_front
[INFO] [1789490011.629614949] [robot_2.robot_supervisor]: Selected controllable event: EV_move_backward
[INFO] [1789490011.929197395] [robot_2.robot_supervisor]: Triggered uncontrollable event: EV_obstacle_front
[INFO] [1789490011.940991546] [robot_2.robot_supervisor]: Selected controllable event: EV_rotate_clockwise
[INFO] [1789490012.141302925] [robot_2.robot_supervisor]: Triggered uncontrollable event: EV_obstacle_front
[INFO] [1789490012.154926390] [robot_2.robot_supervisor]: Selected controllable event: EV_rotate_counterclockwise
[INFO] [1789490012.334631709] [robot_2.robot_supervisor]: Triggered uncontrollable event: EV_obstacle_front
[INFO] [1789490012.353773231] [robot_2.robot_supervisor]: ############################# REACHED: EV_object_reached #############################
[INFO] [1789490012.354725434] [robot_2.robot_supervisor]: Selected controllable event: EV_rotate_clockwise
[INFO] [1789490012.545606962] [robot_2.robot_supervisor]: Triggered uncontrollable event: EV_obstacle_front
[INFO] [1789490012.546629124] [robot_2.robot_supervisor]: Selected controllable event: EV_rotate_clockwise
[INFO] [1789490012.737079550] [robot_2.robot_supervisor]: Triggered uncontrollable event: EV_obstacle_front
[INFO] [1789490012.743479594] [robot_2.robot_supervisor]: Selected controllable event: EV_rotate_clockwise
[INFO] [1789490012.957547403] [robot_2.robot_supervisor]: Triggered uncontrollable event: EV_obstacle_front
[INFO] [1789490012.958366898] [robot_2.robot_supervisor]: ############################# REACHED: EV_object_reached #############################
[INFO] [1789490012.962638682] [robot_2.robot_supervisor]: Selected controllable event: EV_u_turn
[INFO] [1789490012.976824221] [robot_2.robot_supervisor]: Starting FULL ROTATE (omega=1.000, have_odom=True, target_rad=3.142, timeout_s=3.500)
[INFO] [1789490016.533695286] [robot_2.robot_supervisor]: FULL ROTATE completed by timeout
[INFO] [1789490016.841587533] [robot_2.robot_supervisor]: ############################# REACHED: EV_object_reached #############################
[INFO] [1789490016.854514417] [robot_2.robot_supervisor]: Selected controllable event: EV_approach_object
[INFO] [1789490017.136726468] [robot_2.robot_supervisor]: ############################# REACHED: EV_object_reached #############################
[INFO] [1789490017.139179627] [robot_2.robot_supervisor]: Selected controllable event: EV_move_forward
[INFO] [1789490017.437203622] [robot_2.robot_supervisor]: Selected controllable event: EV_approach_color
[INFO] [1789490017.732177367] [robot_2.robot_supervisor]: ############################# REACHED: EV_object_reached #############################
[INFO] [1789490017.754526784] [robot_2.robot_supervisor]: Selected controllable event: EV_move_forward
[INFO] [1789490018.034241642] [robot_2.robot_supervisor]: Selected controllable event: EV_search_color
[INFO] [1789490018.228884055] [robot_2.robot_supervisor]: Selected controllable event: EV_search_object
[INFO] [1789490018.417801025] [robot_2.robot_supervisor]: Triggered uncontrollable event: EV_obstacle_right
[INFO] [1789490018.418698628] [robot_2.robot_supervisor]: Selected controllable event: EV_u_turn
[INFO] [1789490018.532139315] [robot_2.robot_supervisor]: Triggered uncontrollable event: EV_obstacle_right
[INFO] [1789490018.532820432] [robot_2.robot_supervisor]: ############################# REACHED: EV_object_reached #############################
[INFO] [1789490018.539010129] [robot_2.robot_supervisor]: Selected controllable event: EV_rotate_counterclockwise
[INFO] [1789490018.721062775] [robot_2.robot_supervisor]: Triggered uncontrollable event: EV_obstacle_right
[INFO] [1789490018.731728991] [robot_2.robot_supervisor]: Selected controllable event: EV_u_turn
[INFO] [1789490018.824548780] [robot_2.robot_supervisor]: Triggered uncontrollable event: EV_obstacle_right
[INFO] [1789490018.836433908] [robot_2.robot_supervisor]: Selected controllable event: EV_u_turn
[INFO] [1789490018.928714985] [robot_2.robot_supervisor]: Triggered uncontrollable event: EV_obstacle_right
[INFO] [1789490018.929480748] [robot_2.robot_supervisor]: Selected controllable event: EV_u_turn
[INFO] [1789490019.021988199] [robot_2.robot_supervisor]: Triggered uncontrollable event: EV_obstacle_right
[INFO] [1789490019.022880938] [robot_2.robot_supervisor]: Selected controllable event: EV_u_turn
[INFO] [1789490019.023635099] [robot_2.robot_supervisor]: Starting FULL ROTATE (omega=1.000, have_odom=True, target_rad=3.142, timeout_s=3.500)
[INFO] [1789490022.524714935] [robot_2.robot_supervisor]: FULL ROTATE completed by timeout
[INFO] [1789490022.817204453] [robot_2.robot_supervisor]: ############################# REACHED: EV_object_reached #############################
[INFO] [1789490022.818096098] [robot_2.robot_supervisor]: Selected controllable event: EV_approach_color
[INFO] [1789490023.133545526] [robot_2.robot_supervisor]: Selected controllable event: EV_approach_color
[INFO] [1789490023.419984441] [robot_2.robot_supervisor]: ############################# REACHED: EV_object_reached #############################
[INFO] [1789490023.420815546] [robot_2.robot_supervisor]: Selected controllable event: EV_search_color
[INFO] [1789490023.545253283] [robot_2.robot_supervisor]: Selected controllable event: EV_move_forward
[INFO] [1789490023.820801240] [robot_2.robot_supervisor]: Selected controllable event: EV_move_forward
[INFO] [1789490024.025143213] [robot_2.robot_supervisor]: ############################# REACHED: EV_object_reached #############################
[INFO] [1789490024.034586285] [robot_2.robot_supervisor]: Selected controllable event: EV_approach_object
[INFO] [1789490024.337894414] [robot_2.robot_supervisor]: Selected controllable event: EV_approach_color
[INFO] [1789490024.563695176] [robot_2.robot_supervisor]: Selected controllable event: EV_approach_color
[INFO] [1789490024.831423312] [robot_2.robot_supervisor]: ############################# VISIBLE: EV_object_visible #############################
[INFO] [1789490024.847536752] [robot_2.robot_supervisor]: Selected controllable event: EV_move_forward
[INFO] [1789490025.132143852] [robot_2.robot_supervisor]: Selected controllable event: EV_move_forward
[INFO] [1789490025.433200746] [robot_2.robot_supervisor]: ############################# VISIBLE: EV_object_visible #############################
[INFO] [1789490025.434039909] [robot_2.robot_supervisor]: Selected controllable event: EV_move_forward
[INFO] [1789490025.728094296] [robot_2.robot_supervisor]: Selected controllable event: EV_move_forward
[INFO] [1789490025.937457133] [robot_2.robot_supervisor]: Selected controllable event: EV_move_forward
[INFO] [1789490026.224592832] [robot_2.robot_supervisor]: ############################# VISIBLE: EV_object_visible #############################
[INFO] [1789490026.228841489] [robot_2.robot_supervisor]: Selected controllable event: EV_approach_color
[INFO] [1789490026.521352887] [robot_2.robot_supervisor]: Selected controllable event: EV_move_forward
[INFO] [1789490026.831208174] [robot_2.robot_supervisor]: ############################# VISIBLE: EV_object_visible #############################
[INFO] [1789490026.832128031] [robot_2.robot_supervisor]: Selected controllable event: EV_approach_object
[INFO] [1789490027.127651872] [robot_2.robot_supervisor]: Selected controllable event: EV_search_color
[INFO] [1789490027.318530136] [robot_2.robot_supervisor]: ############################# VISIBLE: EV_object_visible #############################
[INFO] [1789490027.325700010] [robot_2.robot_supervisor]: Selected controllable event: EV_move_forward
[INFO] [1789490027.532163293] [robot_2.robot_supervisor]: Selected controllable event: EV_approach_color
[INFO] [1789490027.819185758] [robot_2.robot_supervisor]: Selected controllable event: EV_approach_color
[INFO] [1789490028.033821925] [robot_2.robot_supervisor]: Selected controllable event: EV_approach_color
[INFO] [1789490028.325118051] [robot_2.robot_supervisor]: ############################# VISIBLE: EV_object_visible #############################
[INFO] [1789490028.325973134] [robot_2.robot_supervisor]: Selected controllable event: EV_approach_object
[INFO] [1789490028.616697607] [robot_2.robot_supervisor]: Selected controllable event: EV_approach_color
[INFO] [1789490028.829082340] [robot_2.robot_supervisor]: ############################# VISIBLE: EV_object_visible #############################
[INFO] [1789490028.836753966] [robot_2.robot_supervisor]: Selected controllable event: EV_search_object
[INFO] [1789490029.028473480] [robot_2.robot_supervisor]: Selected controllable event: EV_approach_color
[INFO] [1789490029.332191233] [robot_2.robot_supervisor]: Selected controllable event: EV_move_forward
[INFO] [1789490029.622709513] [robot_2.robot_supervisor]: ############################# VISIBLE: EV_object_visible #############################
[INFO] [1789490029.623654536] [robot_2.robot_supervisor]: Selected controllable event: EV_move_forward
[INFO] [1789490029.825370049] [robot_2.robot_supervisor]: Selected controllable event: EV_search_color
[INFO] [1789490029.935505389] [robot_2.robot_supervisor]: Selected controllable event: EV_move_forward
[INFO] [1789490030.226720072] [robot_2.robot_supervisor]: ############################# VISIBLE: EV_object_visible #############################
[INFO] [1789490030.234371908] [robot_2.robot_supervisor]: Selected controllable event: EV_search_object
[INFO] [1789490030.436205507] [robot_2.robot_supervisor]: Selected controllable event: EV_approach_color
[INFO] [1789490030.738980933] [robot_2.robot_supervisor]: Selected controllable event: EV_search_color
[INFO] [1789490030.944744096] [robot_2.robot_supervisor]: Selected controllable event: EV_approach_color
[INFO] [1789490031.232441193] [robot_2.robot_supervisor]: ############################# VISIBLE: EV_object_visible #############################
[INFO] [1789490031.233304107] [robot_2.robot_supervisor]: Selected controllable event: EV_approach_object
[INFO] [1789490031.523335496] [robot_2.robot_supervisor]: Selected controllable event: EV_search_object
[INFO] [1789490031.728568204] [robot_2.robot_supervisor]: ############################# VISIBLE: EV_object_visible #############################
[INFO] [1789490031.729523670] [robot_2.robot_supervisor]: Selected controllable event: EV_search_object
[INFO] [1789490031.933888256] [robot_2.robot_supervisor]: Selected controllable event: EV_search_color
[INFO] [1789490032.119267251] [robot_2.robot_supervisor]: Selected controllable event: EV_approach_color
[INFO] [1789490032.430104774] [robot_2.robot_supervisor]: ############################# VISIBLE: EV_object_visible #############################
[INFO] [1789490032.431040586] [robot_2.robot_supervisor]: Selected controllable event: EV_approach_color
[INFO] [1789490032.723685381] [robot_2.robot_supervisor]: Selected controllable event: EV_search_object
[INFO] [1789490032.829179148] [robot_2.robot_supervisor]: Selected controllable event: EV_approach_color
[INFO] [1789490033.119555517] [robot_2.robot_supervisor]: Selected controllable event: EV_search_color
[INFO] [1789490033.317680440] [robot_2.robot_supervisor]: Triggered uncontrollable event: EV_obstacle_right
[INFO] [1789490033.318373198] [robot_2.robot_supervisor]: ############################# VISIBLE: EV_object_visible #############################
[INFO] [1789490033.319225887] [robot_2.robot_supervisor]: Selected controllable event: EV_rotate_counterclockwise
[INFO] [1789490033.517846884] [robot_2.robot_supervisor]: Triggered uncontrollable event: EV_obstacle_right
[INFO] [1789490033.525837552] [robot_2.robot_supervisor]: Selected controllable event: EV_u_turn
[INFO] [1789490033.526619067] [robot_2.robot_supervisor]: Starting FULL ROTATE (omega=1.000, have_odom=True, target_rad=3.142, timeout_s=3.500)
[INFO] [1789490037.128395235] [robot_2.robot_supervisor]: FULL ROTATE completed by timeout
[INFO] [1789490037.423273048] [robot_2.robot_supervisor]: ############################# VISIBLE: EV_object_visible #############################
[INFO] [1789490037.424184651] [robot_2.robot_supervisor]: Selected controllable event: EV_move_forward
[INFO] [1789490037.735810499] [robot_2.robot_supervisor]: ############################# VISIBLE: EV_object_visible #############################
[INFO] [1789490037.748416321] [robot_2.robot_supervisor]: Selected controllable event: EV_search_object
[INFO] [1789490037.934698001] [robot_2.robot_supervisor]: Selected controllable event: EV_move_forward
[INFO] [1789490038.233221245] [robot_2.robot_supervisor]: Selected controllable event: EV_move_forward
[INFO] [1789490038.523415596] [robot_2.robot_supervisor]: ############################# VISIBLE: EV_object_visible #############################
[INFO] [1789490038.538795659] [robot_2.robot_supervisor]: Selected controllable event: EV_search_object
[INFO] [1789490038.719147011] [robot_2.robot_supervisor]: Selected controllable event: EV_approach_object
[INFO] [1789490038.941056361] [robot_2.robot_supervisor]: ############################# VISIBLE: EV_object_visible #############################
[INFO] [1789490038.941928748] [robot_2.robot_supervisor]: Selected controllable event: EV_move_forward
[INFO] [1789490039.219504095] [robot_2.robot_supervisor]: Selected controllable event: EV_search_object
[INFO] [1789490039.326291569] [robot_2.robot_supervisor]: Selected controllable event: EV_move_forward
[INFO] [1789490039.618621047] [robot_2.robot_supervisor]: Selected controllable event: EV_search_object
[INFO] [1789490039.727602576] [robot_2.robot_supervisor]: ############################# VISIBLE: EV_object_visible #############################
[INFO] [1789490039.735335183] [robot_2.robot_supervisor]: Selected controllable event: EV_approach_color
[INFO] [1789490040.018529391] [robot_2.robot_supervisor]: Selected controllable event: EV_move_forward
[INFO] [1789490040.318065575] [robot_2.robot_supervisor]: Selected controllable event: EV_move_forward
[INFO] [1789490040.623937419] [robot_2.robot_supervisor]: ############################# VISIBLE: EV_object_visible #############################
[INFO] [1789490040.632383645] [robot_2.robot_supervisor]: Selected controllable event: EV_search_object
[INFO] [1789490040.823734206] [robot_2.robot_supervisor]: Selected controllable event: EV_search_object
[INFO] [1789490040.934408910] [robot_2.robot_supervisor]: Selected controllable event: EV_search_object
[INFO] [1789490041.125128848] [robot_2.robot_supervisor]: ############################# VISIBLE: EV_object_visible #############################
[INFO] [1789490041.127086704] [robot_2.robot_supervisor]: Selected controllable event: EV_search_color
[INFO] [1789490041.336099141] [robot_2.robot_supervisor]: Selected controllable event: EV_move_forward
[INFO] [1789490041.617670092] [robot_2.robot_supervisor]: Selected controllable event: EV_search_color
[INFO] [1789490041.730403763] [robot_2.robot_supervisor]: Selected controllable event: EV_search_color
[INFO] [1789490041.922774136] [robot_2.robot_supervisor]: ############################# VISIBLE: EV_object_visible #############################
[INFO] [1789490041.930866111] [robot_2.robot_supervisor]: Selected controllable event: EV_approach_object
[INFO] [1789490042.227740402] [robot_2.robot_supervisor]: Selected controllable event: EV_search_object
[INFO] [1789490042.422691422] [robot_2.robot_supervisor]: ############################# VISIBLE: EV_object_visible #############################
[INFO] [1789490042.423564769] [robot_2.robot_supervisor]: Selected controllable event: EV_search_object
[INFO] [1789490042.640632308] [robot_2.robot_supervisor]: Selected controllable event: EV_search_object
[INFO] [1789490042.819199201] [robot_2.robot_supervisor]: Selected controllable event: EV_search_color
[INFO] [1789490042.929303030] [robot_2.robot_supervisor]: Selected controllable event: EV_approach_color
[INFO] [1789490043.225679297] [robot_2.robot_supervisor]: ############################# VISIBLE: EV_object_visible #############################
[INFO] [1789490043.226600652] [robot_2.robot_supervisor]: Selected controllable event: EV_search_object
[INFO] [1789490043.418629091] [robot_2.robot_supervisor]: Selected controllable event: EV_search_object
[INFO] [1789490043.532113909] [robot_2.robot_supervisor]: Selected controllable event: EV_approach_color
[INFO] [1789490043.827753127] [robot_2.robot_supervisor]: ############################# VISIBLE: EV_object_visible #############################
[INFO] [1789490043.828582762] [robot_2.robot_supervisor]: Selected controllable event: EV_approach_color
[INFO] [1789490044.124101907] [robot_2.robot_supervisor]: Selected controllable event: EV_search_object
[INFO] [1789490044.227098151] [robot_2.robot_supervisor]: Selected controllable event: EV_search_object
[INFO] [1789490044.339569773] [robot_2.robot_supervisor]: Selected controllable event: EV_approach_color
[INFO] [1789490044.627600209] [robot_2.robot_supervisor]: ############################# VISIBLE: EV_object_visible #############################
[INFO] [1789490044.628452860] [robot_2.robot_supervisor]: Selected controllable event: EV_approach_color
[INFO] [1789490044.918859411] [robot_2.robot_supervisor]: Selected controllable event: EV_search_object
[INFO] [1789490045.035323618] [robot_2.robot_supervisor]: Selected controllable event: EV_approach_color
[INFO] [1789490045.335617458] [robot_2.robot_supervisor]: ############################# VISIBLE: EV_object_visible #############################
[INFO] [1789490045.338107782] [robot_2.robot_supervisor]: Selected controllable event: EV_move_forward
[INFO] [1789490045.621970667] [robot_2.robot_supervisor]: Selected controllable event: EV_search_object
[INFO] [1789490045.836607301] [robot_2.robot_supervisor]: ############################# VISIBLE: EV_object_visible #############################
[INFO] [1789490045.843598121] [robot_2.robot_supervisor]: Selected controllable event: EV_search_color
[INFO] [1789490046.023422071] [robot_2.robot_supervisor]: Selected controllable event: EV_search_object
[INFO] [1789490046.228154131] [robot_2.robot_supervisor]: Selected controllable event: EV_move_forward
[INFO] [1789490046.443246845] [robot_2.robot_supervisor]: Selected controllable event: EV_search_object
[INFO] [1789490046.621105961] [robot_2.robot_supervisor]: ############################# VISIBLE: EV_object_visible #############################
[INFO] [1789490046.621866299] [robot_2.robot_supervisor]: Selected controllable event: EV_move_forward
[INFO] [1789490046.830862466] [robot_2.robot_supervisor]: Selected controllable event: EV_approach_object
[INFO] [1789490047.119490142] [robot_2.robot_supervisor]: Selected controllable event: EV_move_forward
[INFO] [1789490047.325086289] [robot_2.robot_supervisor]: ############################# VISIBLE: EV_object_visible #############################
[INFO] [1789490047.329182113] [robot_2.robot_supervisor]: Selected controllable event: EV_search_color
[INFO] [1789490047.531131192] [robot_2.robot_supervisor]: Selected controllable event: EV_move_forward
[INFO] [1789490047.857808634] [robot_2.robot_supervisor]: Selected controllable event: EV_move_forward
[INFO] [1789490048.129481837] [robot_2.robot_supervisor]: ############################# VISIBLE: EV_object_visible #############################
[INFO] [1789490048.133221710] [robot_2.robot_supervisor]: Selected controllable event: EV_search_color
[INFO] [1789490048.238628162] [robot_2.robot_supervisor]: Selected controllable event: EV_approach_object
[INFO] [1789490048.538038120] [robot_2.robot_supervisor]: Selected controllable event: EV_approach_color
[INFO] [1789490048.817965486] [robot_2.robot_supervisor]: ############################# VISIBLE: EV_object_visible #############################
[INFO] [1789490048.818757131] [robot_2.robot_supervisor]: Selected controllable event: EV_search_color
[INFO] [1789490049.022096842] [robot_2.robot_supervisor]: Selected controllable event: EV_search_object
[INFO] [1789490049.218339373] [robot_2.robot_supervisor]: Selected controllable event: EV_approach_color
[INFO] [1789490049.424587546] [robot_2.robot_supervisor]: Triggered uncontrollable event: EV_object_not_visible
[INFO] [1789490049.436660780] [robot_2.robot_supervisor]: Selected controllable event: EV_approach_object
[INFO] [1789490049.721891426] [robot_2.robot_supervisor]: Selected controllable event: EV_move_forward
[INFO] [1789490049.935037978] [robot_2.robot_supervisor]: Selected controllable event: EV_search_object
[INFO] [1789490050.127738651] [robot_2.robot_supervisor]: Triggered uncontrollable event: EV_object_not_visible
[INFO] [1789490050.133270066] [robot_2.robot_supervisor]: Selected controllable event: EV_search_object
[INFO] [1789490050.318692274] [robot_2.robot_supervisor]: Selected controllable event: EV_search_object
[INFO] [1789490050.423118743] [robot_2.robot_supervisor]: Selected controllable event: EV_move_forward
[INFO] [1789490050.737372361] [robot_2.robot_supervisor]: Triggered uncontrollable event: EV_object_not_visible
[INFO] [1789490050.738245368] [robot_2.robot_supervisor]: Selected controllable event: EV_search_color
[INFO] [1789490050.920142840] [robot_2.robot_supervisor]: Selected controllable event: EV_search_object
[INFO] [1789490051.027089683] [robot_2.robot_supervisor]: Selected controllable event: EV_search_color
[INFO] [1789490051.134426138] [robot_2.robot_supervisor]: Selected controllable event: EV_approach_object
[INFO] [1789490051.342865647] [robot_2.robot_supervisor]: Selected controllable event: EV_approach_object
[INFO] [1789490051.635364520] [robot_2.robot_supervisor]: Triggered uncontrollable event: EV_object_not_visible
[INFO] [1789490051.636234344] [robot_2.robot_supervisor]: Selected controllable event: EV_approach_color
[INFO] [1789490051.920580079] [robot_2.robot_supervisor]: Selected controllable event: EV_move_forward
[INFO] [1789490052.131230688] [robot_2.robot_supervisor]: ############################# VISIBLE: EV_object_visible #############################
[INFO] [1789490052.132146231] [robot_2.robot_supervisor]: Selected controllable event: EV_move_forward
[INFO] [1789490052.425465836] [robot_2.robot_supervisor]: Selected controllable event: EV_approach_color
[INFO] [1789490052.719799592] [robot_2.robot_supervisor]: Selected controllable event: EV_move_forward
[INFO] [1789490053.019146560] [robot_2.robot_supervisor]: ############################# VISIBLE: EV_object_visible #############################
[INFO] [1789490053.019956216] [robot_2.robot_supervisor]: Selected controllable event: EV_approach_object
[INFO] [1789490053.326595649] [robot_2.robot_supervisor]: Selected controllable event: EV_search_object
[INFO] [1789490053.532072304] [robot_2.robot_supervisor]: ############################# VISIBLE: EV_object_visible #############################
[INFO] [1789490053.533018493] [robot_2.robot_supervisor]: Selected controllable event: EV_approach_object
[INFO] [1789490053.832619061] [robot_2.robot_supervisor]: Selected controllable event: EV_move_forward
[INFO] [1789490054.126951325] [robot_2.robot_supervisor]: Selected controllable event: EV_search_object
[INFO] [1789490054.229323750] [robot_2.robot_supervisor]: ############################# REACHED: EV_object_reached #############################
[INFO] [1789490054.230124979] [robot_2.robot_supervisor]: Selected controllable event: EV_move_forward
[INFO] [1789490054.523098557] [robot_2.robot_supervisor]: Selected controllable event: EV_move_forward
[INFO] [1789490054.743150274] [robot_2.robot_supervisor]: Selected controllable event: EV_move_forward
[INFO] [1789490055.040681621] [robot_2.robot_supervisor]: Triggered uncontrollable event: EV_obstacle_front
[INFO] [1789490055.041360749] [robot_2.robot_supervisor]: ############################# REACHED: EV_object_reached #############################
[INFO] [1789490055.042111691] [robot_2.robot_supervisor]: Selected controllable event: EV_u_turn
[INFO] [1789490055.042784894] [robot_2.robot_supervisor]: Starting FULL ROTATE (omega=1.000, have_odom=True, target_rad=3.142, timeout_s=3.500)
[INFO] [1789490058.618317700] [robot_2.robot_supervisor]: FULL ROTATE completed by timeout
[INFO] [1789490058.827687943] [robot_2.robot_supervisor]: ############################# REACHED: EV_object_reached #############################
[INFO] [1789490058.837653634] [robot_2.robot_supervisor]: Selected controllable event: EV_approach_color
[INFO] [1789490059.125128623] [robot_2.robot_supervisor]: Selected controllable event: EV_approach_object
[INFO] [1789490059.329806520] [robot_2.robot_supervisor]: Selected controllable event: EV_approach_object
[INFO] [1789490059.622786754] [robot_2.robot_supervisor]: Selected controllable event: EV_approach_color
[INFO] [1789490059.920334002] [robot_2.robot_supervisor]: ############################# REACHED: EV_object_reached #############################
[INFO] [1789490059.927423191] [robot_2.robot_supervisor]: Selected controllable event: EV_approach_object
[INFO] [1789490060.155843803] [robot_2.robot_supervisor]: Selected controllable event: EV_approach_color
[INFO] [1789490060.434825994] [robot_2.robot_supervisor]: ############################# REACHED: EV_object_reached #############################
[INFO] [1789490060.435721767] [robot_2.robot_supervisor]: Selected controllable event: EV_approach_color
[INFO] [1789490060.727119980] [robot_2.robot_supervisor]: Selected controllable event: EV_approach_object
[INFO] [1789490060.943106069] [robot_2.robot_supervisor]: Selected controllable event: EV_search_object
[INFO] [1789490061.126407494] [robot_2.robot_supervisor]: ############################# REACHED: EV_object_reached #############################
[INFO] [1789490061.127276559] [robot_2.robot_supervisor]: Selected controllable event: EV_approach_object
[INFO] [1789490061.429290114] [robot_2.robot_supervisor]: Selected controllable event: EV_approach_color
[INFO] [1789490061.724579515] [robot_2.robot_supervisor]: ############################# VISIBLE: EV_object_visible #############################
[INFO] [1789490061.725429145] [robot_2.robot_supervisor]: Selected controllable event: EV_approach_object
[INFO] [1789490062.032607543] [robot_2.robot_supervisor]: Selected controllable event: EV_approach_object
[INFO] [1789490062.319973200] [robot_2.robot_supervisor]: Selected controllable event: EV_search_color
[INFO] [1789490062.439596457] [robot_2.robot_supervisor]: ############################# VISIBLE: EV_object_visible #############################
[INFO] [1789490062.457598693] [robot_2.robot_supervisor]: Selected controllable event: EV_approach_color
[INFO] [1789490062.721497650] [robot_2.robot_supervisor]: Selected controllable event: EV_search_object
[INFO] [1789490062.833757336] [robot_2.robot_supervisor]: Selected controllable event: EV_move_forward
[INFO] [1789490063.133728118] [robot_2.robot_supervisor]: Selected controllable event: EV_search_color
[INFO] [1789490063.330221669] [robot_2.robot_supervisor]: ############################# VISIBLE: EV_object_visible #############################
[INFO] [1789490063.332170046] [robot_2.robot_supervisor]: Selected controllable event: EV_approach_object
[INFO] [1789490063.640714906] [robot_2.robot_supervisor]: Selected controllable event: EV_search_color
[INFO] [1789490063.832058320] [robot_2.robot_supervisor]: Selected controllable event: EV_search_color
[INFO] [1789490064.028456516] [robot_2.robot_supervisor]: ############################# VISIBLE: EV_object_visible #############################
[INFO] [1789490064.033649438] [robot_2.robot_supervisor]: Selected controllable event: EV_move_forward
[INFO] [1789490064.328247548] [robot_2.robot_supervisor]: Selected controllable event: EV_approach_object
[INFO] [1789490064.629772142] [robot_2.robot_supervisor]: Selected controllable event: EV_search_color
[INFO] [1789490064.837899938] [robot_2.robot_supervisor]: ############################# VISIBLE: EV_object_visible #############################
[INFO] [1789490064.840029205] [robot_2.robot_supervisor]: Selected controllable event: EV_move_forward
[INFO] [1789490065.120484953] [robot_2.robot_supervisor]: Selected controllable event: EV_approach_color
[INFO] [1789490065.331390972] [robot_2.robot_supervisor]: Selected controllable event: EV_approach_object
[INFO] [1789490065.623656069] [robot_2.robot_supervisor]: ############################# VISIBLE: EV_object_visible #############################
[INFO] [1789490065.624480065] [robot_2.robot_supervisor]: Selected controllable event: EV_approach_object
[INFO] [1789490065.918359733] [robot_2.robot_supervisor]: Selected controllable event: EV_move_forward
[INFO] [1789490066.125527098] [robot_2.robot_supervisor]: ############################# VISIBLE: EV_object_visible #############################
[INFO] [1789490066.146656457] [robot_2.robot_supervisor]: Selected controllable event: EV_move_forward
[INFO] [1789490066.425589249] [robot_2.robot_supervisor]: Selected controllable event: EV_search_object
[INFO] [1789490066.637123250] [robot_2.robot_supervisor]: Selected controllable event: EV_move_forward
[INFO] [1789490066.930523283] [robot_2.robot_supervisor]: ############################# VISIBLE: EV_object_visible #############################
[INFO] [1789490066.933643315] [robot_2.robot_supervisor]: Selected controllable event: EV_search_object
[INFO] [1789490067.122933001] [robot_2.robot_supervisor]: Selected controllable event: EV_approach_object
[INFO] [1789490067.433611299] [robot_2.robot_supervisor]: ############################# VISIBLE: EV_object_visible #############################
[INFO] [1789490067.458606119] [robot_2.robot_supervisor]: Selected controllable event: EV_search_color
[INFO] [1789490067.619420632] [robot_2.robot_supervisor]: Selected controllable event: EV_approach_object
[INFO] [1789490067.924950405] [robot_2.robot_supervisor]: Selected controllable event: EV_move_forward
[INFO] [1789490068.143193315] [robot_2.robot_supervisor]: Selected controllable event: EV_approach_object
[INFO] [1789490068.431029624] [robot_2.robot_supervisor]: ############################# VISIBLE: EV_object_visible #############################
[INFO] [1789490068.437458960] [robot_2.robot_supervisor]: Selected controllable event: EV_approach_color
[INFO] [1789490068.717716144] [robot_2.robot_supervisor]: Selected controllable event: EV_move_forward
[INFO] [1789490068.923884900] [robot_2.robot_supervisor]: Selected controllable event: EV_approach_color
[INFO] [1789490069.234042018] [robot_2.robot_supervisor]: ############################# VISIBLE: EV_object_visible #############################
[INFO] [1789490069.242623483] [robot_2.robot_supervisor]: Selected controllable event: EV_move_forward
[INFO] [1789490069.533094681] [robot_2.robot_supervisor]: Selected controllable event: EV_approach_object
[INFO] [1789490069.835544371] [robot_2.robot_supervisor]: ############################# VISIBLE: EV_object_visible #############################
[INFO] [1789490069.843384842] [robot_2.robot_supervisor]: Selected controllable event: EV_move_forward
[INFO] [1789490070.135413626] [robot_2.robot_supervisor]: Selected controllable event: EV_search_object
[INFO] [1789490070.341070024] [robot_2.robot_supervisor]: Selected controllable event: EV_approach_object
[INFO] [1789490070.634180942] [robot_2.robot_supervisor]: Triggered uncontrollable event: EV_obstacle_left
[INFO] [1789490070.642503228] [robot_2.robot_supervisor]: ############################# REACHED: EV_object_reached #############################
[INFO] [1789490070.644631659] [robot_2.robot_supervisor]: Selected controllable event: EV_u_turn
[INFO] [1789490070.645416372] [robot_2.robot_supervisor]: Starting FULL ROTATE (omega=1.000, have_odom=True, target_rad=3.142, timeout_s=3.500)
[INFO] [1789490074.232118254] [robot_2.robot_supervisor]: FULL ROTATE completed by timeout
[INFO] [1789490074.444639024] [robot_2.robot_supervisor]: ############################# REACHED: EV_object_reached #############################
[INFO] [1789490074.456390580] [robot_2.robot_supervisor]: Selected controllable event: EV_search_color
[INFO] [1789490074.639638776] [robot_2.robot_supervisor]: Selected controllable event: EV_approach_color
[INFO] [1789490074.925297139] [robot_2.robot_supervisor]: ############################# REACHED: EV_object_reached #############################
[INFO] [1789490074.937123512] [robot_2.robot_supervisor]: Selected controllable event: EV_search_color
[INFO] [1789490075.130592512] [robot_2.robot_supervisor]: Selected controllable event: EV_search_color
[INFO] [1789490075.322883916] [robot_2.robot_supervisor]: Selected controllable event: EV_search_object
[INFO] [1789490075.536924827] [robot_2.robot_supervisor]: Selected controllable event: EV_search_color
[INFO] [1789490075.723428956] [robot_2.robot_supervisor]: ############################# REACHED: EV_object_reached #############################
[INFO] [1789490075.732103255] [robot_2.robot_supervisor]: Selected controllable event: EV_approach_object
[INFO] [1789490075.943032459] [robot_2.robot_supervisor]: Selected controllable event: EV_approach_color
[INFO] [1789490076.227184121] [robot_2.robot_supervisor]: Selected controllable event: EV_approach_object
[INFO] [1789490076.528556661] [robot_2.robot_supervisor]: ############################# REACHED: EV_object_reached #############################
[INFO] [1789490076.532842504] [robot_2.robot_supervisor]: Selected controllable event: EV_approach_object
[INFO] [1789490076.743742243] [robot_2.robot_supervisor]: Selected controllable event: EV_search_object
[INFO] [1789490076.925963964] [robot_2.robot_supervisor]: Selected controllable event: EV_approach_color
[INFO] [1789490077.238923120] [robot_2.robot_supervisor]: ############################# VISIBLE: EV_object_visible #############################
[INFO] [1789490077.240464541] [robot_2.robot_supervisor]: Selected controllable event: EV_search_object
[INFO] [1789490077.436687304] [robot_2.robot_supervisor]: Selected controllable event: EV_approach_color
[INFO] [1789490077.741050152] [robot_2.robot_supervisor]: Selected controllable event: EV_approach_color
[INFO] [1789490078.029545827] [robot_2.robot_supervisor]: ############################# VISIBLE: EV_object_visible #############################
[INFO] [1789490078.034114941] [robot_2.robot_supervisor]: Selected controllable event: EV_search_color
[INFO] [1789490078.238520220] [robot_2.robot_supervisor]: Selected controllable event: EV_search_color
[INFO] [1789490078.424746131] [robot_2.robot_supervisor]: Selected controllable event: EV_move_forward
[INFO] [1789490078.718685868] [robot_2.robot_supervisor]: ############################# VISIBLE: EV_object_visible #############################
[INFO] [1789490078.719438541] [robot_2.robot_supervisor]: Selected controllable event: EV_search_color
[INFO] [1789490078.823044978] [robot_2.robot_supervisor]: Selected controllable event: EV_approach_object
[INFO] [1789490079.122218244] [robot_2.robot_supervisor]: Selected controllable event: EV_approach_color
[INFO] [1789490079.332503147] [robot_2.robot_supervisor]: Selected controllable event: EV_search_object
[INFO] [1789490079.520241267] [robot_2.robot_supervisor]: ############################# VISIBLE: EV_object_visible #############################
[INFO] [1789490079.521016770] [robot_2.robot_supervisor]: Selected controllable event: EV_move_forward
[INFO] [1789490079.725221439] [robot_2.robot_supervisor]: Selected controllable event: EV_approach_color
[INFO] [1789490079.935265630] [robot_2.robot_supervisor]: Selected controllable event: EV_search_object
[INFO] [1789490080.044605802] [robot_2.robot_supervisor]: Selected controllable event: EV_approach_color
[INFO] [1789490080.324699150] [robot_2.robot_supervisor]: ############################# VISIBLE: EV_object_visible #############################
[INFO] [1789490080.325536648] [robot_2.robot_supervisor]: Selected controllable event: EV_move_forward
[INFO] [1789490080.629822464] [robot_2.robot_supervisor]: Selected controllable event: EV_approach_object
[INFO] [1789490080.938399120] [robot_2.robot_supervisor]: ############################# VISIBLE: EV_object_visible #############################
[INFO] [1789490080.946871007] [robot_2.robot_supervisor]: Selected controllable event: EV_search_object
[INFO] [1789490081.131666471] [robot_2.robot_supervisor]: Selected controllable event: EV_approach_color
[INFO] [1789490081.425917072] [robot_2.robot_supervisor]: ############################# VISIBLE: EV_object_visible #############################
[INFO] [1789490081.434560476] [robot_2.robot_supervisor]: Selected controllable event: EV_approach_object
[INFO] [1789490081.743259380] [robot_2.robot_supervisor]: Selected controllable event: EV_approach_object
[INFO] [1789490082.036414743] [robot_2.robot_supervisor]: Selected controllable event: EV_approach_color
[INFO] [1789490082.337929469] [robot_2.robot_supervisor]: ############################# VISIBLE: EV_object_visible #############################
[INFO] [1789490082.338750043] [robot_2.robot_supervisor]: Selected controllable event: EV_move_forward
[INFO] [1789490082.625539645] [robot_2.robot_supervisor]: Selected controllable event: EV_move_forward
[INFO] [1789490082.916841598] [robot_2.robot_supervisor]: ############################# VISIBLE: EV_object_visible #############################
[INFO] [1789490082.917716129] [robot_2.robot_supervisor]: Selected controllable event: EV_search_object
[INFO] [1789490083.019446751] [robot_2.robot_supervisor]: Selected controllable event: EV_search_color
[INFO] [1789490083.139856495] [robot_2.robot_supervisor]: Selected controllable event: EV_search_color
[INFO] [1789490083.323123322] [robot_2.robot_supervisor]: Selected controllable event: EV_search_object
[INFO] [1789490083.435583521] [robot_2.robot_supervisor]: ############################# VISIBLE: EV_object_visible #############################
[INFO] [1789490083.436383211] [robot_2.robot_supervisor]: Selected controllable event: EV_search_color
[INFO] [1789490083.629441354] [robot_2.robot_supervisor]: Selected controllable event: EV_move_forward
[INFO] [1789490083.838811269] [robot_2.robot_supervisor]: Selected controllable event: EV_search_color
[INFO] [1789490084.026822555] [robot_2.robot_supervisor]: Selected controllable event: EV_approach_object
[INFO] [1789490084.237486528] [robot_2.robot_supervisor]: ############################# VISIBLE: EV_object_visible #############################
[INFO] [1789490084.238467979] [robot_2.robot_supervisor]: Selected controllable event: EV_search_color
[INFO] [1789490084.419423085] [robot_2.robot_supervisor]: Selected controllable event: EV_move_forward
[INFO] [1789490084.725950636] [robot_2.robot_supervisor]: Selected controllable event: EV_search_object
[INFO] [1789490084.926224540] [robot_2.robot_supervisor]: Selected controllable event: EV_approach_object
[INFO] [1789490085.225529396] [robot_2.robot_supervisor]: ############################# VISIBLE: EV_object_visible #############################
[INFO] [1789490085.234455458] [robot_2.robot_supervisor]: Selected controllable event: EV_approach_object
[INFO] [1789490085.534178243] [robot_2.robot_supervisor]: Selected controllable event: EV_approach_object
[INFO] [1789490085.817355806] [robot_2.robot_supervisor]: ############################# VISIBLE: EV_object_visible #############################
[INFO] [1789490085.818236468] [robot_2.robot_supervisor]: Selected controllable event: EV_approach_color
[INFO] [1789490086.022773939] [robot_2.robot_supervisor]: Selected controllable event: EV_move_forward
[INFO] [1789490086.335145767] [robot_2.robot_supervisor]: Selected controllable event: EV_approach_object
[INFO] [1789490086.624634438] [robot_2.robot_supervisor]: ############################# VISIBLE: EV_object_visible #############################
[INFO] [1789490086.632586976] [robot_2.robot_supervisor]: Selected controllable event: EV_search_color
[INFO] [1789490086.832504688] [robot_2.robot_supervisor]: Selected controllable event: EV_search_object
[INFO] [1789490086.948360673] [robot_2.robot_supervisor]: Selected controllable event: EV_approach_color
[INFO] [1789490087.234027091] [robot_2.robot_supervisor]: Selected controllable event: EV_search_color
[INFO] [1789490087.433692878] [robot_2.robot_supervisor]: ############################# VISIBLE: EV_object_visible #############################
[INFO] [1789490087.434617053] [robot_2.robot_supervisor]: Selected controllable event: EV_search_color
[INFO] [1789490087.617477415] [robot_2.robot_supervisor]: Selected controllable event: EV_move_forward
[INFO] [1789490087.818813052] [robot_2.robot_supervisor]: Selected controllable event: EV_move_forward
[INFO] [1789490088.030274471] [robot_2.robot_supervisor]: ############################# VISIBLE: EV_object_visible #############################
[INFO] [1789490088.053022836] [robot_2.robot_supervisor]: Selected controllable event: EV_search_color
[INFO] [1789490088.217474063] [robot_2.robot_supervisor]: Selected controllable event: EV_approach_color
[INFO] [1789490088.432807478] [robot_2.robot_supervisor]: Selected controllable event: EV_approach_color
[INFO] [1789490088.723053052] [robot_2.robot_supervisor]: ############################# VISIBLE: EV_object_visible #############################
[INFO] [1789490088.723945134] [robot_2.robot_supervisor]: Selected controllable event: EV_move_forward
[INFO] [1789490088.938833840] [robot_2.robot_supervisor]: Selected controllable event: EV_approach_color
[INFO] [1789490089.240735924] [robot_2.robot_supervisor]: Selected controllable event: EV_approach_object
[INFO] [1789490089.527588584] [robot_2.robot_supervisor]: ############################# VISIBLE: EV_object_visible #############################
[INFO] [1789490089.540711962] [robot_2.robot_supervisor]: Selected controllable event: EV_approach_object
[INFO] [1789490089.822552106] [robot_2.robot_supervisor]: Selected controllable event: EV_move_forward
[INFO] [1789490090.033439194] [robot_2.robot_supervisor]: Selected controllable event: EV_search_object
[INFO] [1789490090.216779055] [robot_2.robot_supervisor]: ############################# VISIBLE: EV_object_visible #############################
[INFO] [1789490090.224701836] [robot_2.robot_supervisor]: Selected controllable event: EV_search_color
[INFO] [1789490090.338634676] [robot_2.robot_supervisor]: Selected controllable event: EV_approach_color
[INFO] [1789490090.618714784] [robot_2.robot_supervisor]: Selected controllable event: EV_approach_object
[INFO] [1789490090.833632872] [robot_2.robot_supervisor]: ############################# VISIBLE: EV_object_visible #############################
[INFO] [1789490090.834495871] [robot_2.robot_supervisor]: Selected controllable event: EV_search_object
[INFO] [1789490091.026555980] [robot_2.robot_supervisor]: Selected controllable event: EV_search_color
[INFO] [1789490091.218068244] [robot_2.robot_supervisor]: Selected controllable event: EV_search_object
[INFO] [1789490091.420605424] [robot_2.robot_supervisor]: ############################# VISIBLE: EV_object_visible #############################
[INFO] [1789490091.428612732] [robot_2.robot_supervisor]: Selected controllable event: EV_search_color
[INFO] [1789490091.535773278] [robot_2.robot_supervisor]: Selected controllable event: EV_approach_object
[INFO] [1789490091.827351559] [robot_2.robot_supervisor]: Selected controllable event: EV_approach_color
[INFO] [1789490092.151772986] [robot_2.robot_supervisor]: ############################# VISIBLE: EV_object_visible #############################
[INFO] [1789490092.152680644] [robot_2.robot_supervisor]: Selected controllable event: EV_approach_color
[INFO] [1789490092.417019815] [robot_2.robot_supervisor]: Selected controllable event: EV_approach_object
[INFO] [1789490092.631307949] [robot_2.robot_supervisor]: Selected controllable event: EV_search_color
[INFO] [1789490092.825864513] [robot_2.robot_supervisor]: ############################# VISIBLE: EV_object_visible #############################
[INFO] [1789490092.826731927] [robot_2.robot_supervisor]: Selected controllable event: EV_approach_color
[INFO] [1789490093.125514272] [robot_2.robot_supervisor]: Selected controllable event: EV_move_forward
[INFO] [1789490093.429269292] [robot_2.robot_supervisor]: Selected controllable event: EV_approach_object
[INFO] [1789490093.718241225] [robot_2.robot_supervisor]: ############################# VISIBLE: EV_object_visible #############################
[INFO] [1789490093.718909305] [robot_2.robot_supervisor]: Selected controllable event: EV_search_color
[INFO] [1789490093.835011798] [robot_2.robot_supervisor]: Selected controllable event: EV_approach_color
[INFO] [1789490094.116567664] [robot_2.robot_supervisor]: Selected controllable event: EV_approach_color
[INFO] [1789490094.318109456] [robot_2.robot_supervisor]: ############################# VISIBLE: EV_object_visible #############################
[INFO] [1789490094.323361583] [robot_2.robot_supervisor]: Selected controllable event: EV_approach_object
[INFO] [1789490094.547636358] [robot_2.robot_supervisor]: Selected controllable event: EV_search_object
[INFO] [1789490094.731497107] [robot_2.robot_supervisor]: Selected controllable event: EV_approach_object
[INFO] [1789490095.022021936] [robot_2.robot_supervisor]: Triggered uncontrollable event: EV_obstacle_right
[INFO] [1789490095.023876950] [robot_2.robot_supervisor]: ############################# REACHED: EV_object_reached #############################
[INFO] [1789490095.030220336] [robot_2.robot_supervisor]: Selected controllable event: EV_u_turn
[INFO] [1789490095.039323357] [robot_2.robot_supervisor]: Starting FULL ROTATE (omega=1.000, have_odom=True, target_rad=3.142, timeout_s=3.500)
[INFO] [1789490098.616748887] [robot_2.robot_supervisor]: FULL ROTATE completed by timeout
[INFO] [1789490098.822860189] [robot_2.robot_supervisor]: ############################# REACHED: EV_object_reached #############################
[INFO] [1789490098.829748186] [robot_2.robot_supervisor]: Selected controllable event: EV_search_color
[INFO] [1789490099.029211693] [robot_2.robot_supervisor]: Selected controllable event: EV_approach_object
[INFO] [1789490099.335680497] [robot_2.robot_supervisor]: ############################# REACHED: EV_object_reached #############################
[INFO] [1789490099.336510186] [robot_2.robot_supervisor]: Selected controllable event: EV_approach_color
[INFO] [1789490099.545360346] [robot_2.robot_supervisor]: Selected controllable event: EV_search_color
[INFO] [1789490099.731484236] [robot_2.robot_supervisor]: Selected controllable event: EV_move_forward
[INFO] [1789490100.072463679] [robot_2.robot_supervisor]: Selected controllable event: EV_search_object
