1788354073.6666734 [INFO] [launch]: All log files can be found below /home/ecem/sct_ws/src/llm_sct/new_results/baseline/batch_logs/ros_exploration_seed_1002/2026-09-02-15-01-13-664401-ecem-pc-64212
1788354073.6669381 [INFO] [launch]: Default logging verbosity is set to INFO
1788354075.8500309 [INFO] [ign gazebo-1]: process started with pid [64580]
1788354075.8503919 [INFO] [image_bridge-2]: process started with pid [64583]
1788354075.8505983 [INFO] [simulation_video_recorder-3]: process started with pid [64585]
1788354075.8507502 [INFO] [coverage_counter-4]: process started with pid [64587]
1788354075.8508711 [INFO] [bump_counter-5]: process started with pid [64589]
1788354075.8510010 [INFO] [parameter_bridge-6]: process started with pid [64591]
1788354075.8511333 [INFO] [robot_state_publisher-7]: process started with pid [64593]
1788354075.8512754 [INFO] [create-8]: process started with pid [64595]
1788354075.8514013 [INFO] [static_transform_publisher-9]: process started with pid [64597]
1788354075.8515410 [INFO] [image_bridge-10]: process started with pid [64600]
1788354075.8516681 [INFO] [robot_state_publisher-11]: process started with pid [64602]
1788354075.8517721 [INFO] [create-12]: process started with pid [64604]
1788354075.8518727 [INFO] [static_transform_publisher-13]: process started with pid [64606]
1788354075.8519769 [INFO] [image_bridge-14]: process started with pid [64608]
1788354075.8520784 [INFO] [robot_state_publisher-15]: process started with pid [64611]
1788354075.8521960 [INFO] [create-16]: process started with pid [64620]
1788354075.8523138 [INFO] [static_transform_publisher-17]: process started with pid [64660]
1788354075.8524401 [INFO] [image_bridge-18]: process started with pid [64670]
1788354075.8871140 [INFO] [parameter_bridge-19]: process started with pid [64672]
1788354077.9076796 [INFO] [create-8]: process has finished cleanly [pid 64595]
1788354077.9752619 [INFO] [create-12]: process has finished cleanly [pid 64604]
1788354078.1205611 [INFO] [robot_supervisor-20]: process started with pid [65170]
1788354078.1249342 [INFO] [stuck_recovery-21]: process started with pid [65172]
1788354078.1289287 [INFO] [create-16]: process has finished cleanly [pid 64620]
1788354078.1992149 [INFO] [robot_supervisor-22]: process started with pid [65179]
1788354078.2002101 [INFO] [stuck_recovery-23]: process started with pid [65181]
1788354078.2375782 [INFO] [robot_supervisor-24]: process started with pid [65201]
1788354078.2379787 [INFO] [stuck_recovery-25]: process started with pid [65203]
1788354080.0037005 [INFO] [image_processor-26]: process started with pid [65662]
1788354080.1460245 [INFO] [image_processor-27]: process started with pid [65664]
1788354080.2771618 [INFO] [image_processor-28]: process started with pid [65666]
1788354375.6362972 [INFO] [image_processor-28]: sending signal 'SIGINT' to process[image_processor-28]
1788354375.6463518 [INFO] [image_processor-27]: sending signal 'SIGINT' to process[image_processor-27]
1788354375.6564901 [INFO] [image_processor-26]: sending signal 'SIGINT' to process[image_processor-26]
1788354375.6699088 [INFO] [stuck_recovery-25]: sending signal 'SIGINT' to process[stuck_recovery-25]
1788354375.6834595 [INFO] [robot_supervisor-24]: sending signal 'SIGINT' to process[robot_supervisor-24]
1788354375.7046061 [INFO] [stuck_recovery-23]: sending signal 'SIGINT' to process[stuck_recovery-23]
1788354375.7196910 [INFO] [robot_supervisor-22]: sending signal 'SIGINT' to process[robot_supervisor-22]
1788354375.7354167 [INFO] [stuck_recovery-21]: sending signal 'SIGINT' to process[stuck_recovery-21]
1788354375.7485893 [INFO] [robot_supervisor-20]: sending signal 'SIGINT' to process[robot_supervisor-20]
1788354375.7671387 [INFO] [parameter_bridge-19]: sending signal 'SIGINT' to process[parameter_bridge-19]
1788354375.7843177 [INFO] [image_bridge-18]: sending signal 'SIGINT' to process[image_bridge-18]
1788354375.8132370 [INFO] [static_transform_publisher-17]: sending signal 'SIGINT' to process[static_transform_publisher-17]
1788354375.8257816 [INFO] [parameter_bridge-19]: process has finished cleanly [pid 64672]
1788354375.8420200 [INFO] [robot_state_publisher-15]: sending signal 'SIGINT' to process[robot_state_publisher-15]
1788354375.8731821 [INFO] [image_bridge-14]: sending signal 'SIGINT' to process[image_bridge-14]
1788354375.9082475 [INFO] [static_transform_publisher-13]: sending signal 'SIGINT' to process[static_transform_publisher-13]
1788354375.9234231 [INFO] [robot_state_publisher-11]: sending signal 'SIGINT' to process[robot_state_publisher-11]
1788354375.9456418 [INFO] [image_bridge-10]: sending signal 'SIGINT' to process[image_bridge-10]
1788354376.0436873 [INFO] [static_transform_publisher-9]: sending signal 'SIGINT' to process[static_transform_publisher-9]
1788354376.0607989 [INFO] [robot_state_publisher-7]: sending signal 'SIGINT' to process[robot_state_publisher-7]
1788354376.0793319 [INFO] [parameter_bridge-6]: sending signal 'SIGINT' to process[parameter_bridge-6]
1788354376.0978532 [INFO] [bump_counter-5]: sending signal 'SIGINT' to process[bump_counter-5]
1788354376.1165516 [INFO] [coverage_counter-4]: sending signal 'SIGINT' to process[coverage_counter-4]
1788354376.1329842 [INFO] [simulation_video_recorder-3]: sending signal 'SIGINT' to process[simulation_video_recorder-3]
1788354376.1558599 [INFO] [image_bridge-2]: sending signal 'SIGINT' to process[image_bridge-2]
1788354376.1944366 [INFO] [ign gazebo-1]: sending signal 'SIGINT' to process[ign gazebo-1]
1788354376.9147730 [ERROR] [image_processor-28]: process has died [pid 65666, exit code 1, cmd '/home/ecem/sct_ws/install/leo_image_processing/lib/leo_image_processing/image_processor --ros-args -r __node:=image_processor -r __ns:=/robot_2 --params-file /tmp/launch_params_bqi1okl7 --params-file /tmp/launch_params_yo21d28s --params-file /tmp/launch_params_wzevw81u'].
1788354376.9522126 [INFO] [robot_state_publisher-15]: process has finished cleanly [pid 64611]
1788354376.9720967 [INFO] [static_transform_publisher-17]: process has finished cleanly [pid 64660]
1788354376.9746304 [INFO] [image_bridge-18]: process has finished cleanly [pid 64670]
1788354377.0167553 [INFO] [static_transform_publisher-13]: process has finished cleanly [pid 64606]
1788354377.0197806 [INFO] [robot_state_publisher-11]: process has finished cleanly [pid 64602]
1788354377.0273628 [ERROR] [image_processor-27]: process has died [pid 65664, exit code 1, cmd '/home/ecem/sct_ws/install/leo_image_processing/lib/leo_image_processing/image_processor --ros-args -r __node:=image_processor -r __ns:=/robot_1 --params-file /tmp/launch_params_7xuyj21t --params-file /tmp/launch_params_g7igek55 --params-file /tmp/launch_params_ckiwyvs5'].
1788354377.0347631 [INFO] [image_bridge-14]: process has finished cleanly [pid 64608]
1788354377.0547156 [INFO] [image_bridge-10]: process has finished cleanly [pid 64600]
1788354377.0860035 [INFO] [robot_supervisor-20]: process has finished cleanly [pid 65170]
1788354377.1050494 [ERROR] [image_processor-26]: process has died [pid 65662, exit code 1, cmd '/home/ecem/sct_ws/install/leo_image_processing/lib/leo_image_processing/image_processor --ros-args -r __node:=image_processor -r __ns:=/robot_0 --params-file /tmp/launch_params_wnmn6cjt --params-file /tmp/launch_params_xlr3xvwo --params-file /tmp/launch_params_jwt4xw91'].
1788354377.1221402 [INFO] [static_transform_publisher-9]: process has finished cleanly [pid 64597]
1788354377.1459167 [INFO] [robot_supervisor-22]: process has finished cleanly [pid 65179]
1788354377.1528895 [INFO] [robot_state_publisher-7]: process has finished cleanly [pid 64593]
1788354377.1620040 [ERROR] [stuck_recovery-23]: process has died [pid 65181, exit code 1, cmd '/home/ecem/sct_ws/install/leo_image_processing/lib/leo_image_processing/stuck_recovery --ros-args -r __node:=stuck_recovery -r __ns:=/robot_1 --params-file /tmp/launch_params_wa7d85s7 --params-file /tmp/launch_params_uat1mfzs --params-file /tmp/launch_params_ikw6hrwn --params-file /tmp/launch_params_15lqwwr5 --params-file /tmp/launch_params_bhgweyob --params-file /tmp/launch_params_po3ffndm --params-file /tmp/launch_params_gj_8x9ji --params-file /tmp/launch_params_40u8a9dj --params-file /tmp/launch_params_6xq5a3vb --params-file /tmp/launch_params__vpz8_jh'].
1788354377.2063279 [ERROR] [robot_supervisor-24]: process has died [pid 65201, exit code 1, cmd '/home/ecem/sct_ws/install/leo_exploration/lib/leo_exploration/robot_supervisor --ros-args -r __node:=robot_supervisor -r __ns:=/robot_2 --params-file /tmp/launch_params_db3rsuh4 --params-file /tmp/launch_params_yu87ofnq --params-file /tmp/launch_params_lsjiij5i --params-file /tmp/launch_params_hgp4qrgq --params-file /tmp/launch_params_le9pzsis --params-file /tmp/launch_params_yjh3gvn4 --params-file /tmp/launch_params_63doridy -r cmd_vel:=cmd_vel_supervisor'].
1788354377.2793422 [ERROR] [stuck_recovery-25]: process has died [pid 65203, exit code 1, cmd '/home/ecem/sct_ws/install/leo_image_processing/lib/leo_image_processing/stuck_recovery --ros-args -r __node:=stuck_recovery -r __ns:=/robot_2 --params-file /tmp/launch_params_tpzlj4i4 --params-file /tmp/launch_params_dt8gz94y --params-file /tmp/launch_params_qjke0mae --params-file /tmp/launch_params_oceigzs4 --params-file /tmp/launch_params_0uo0vhza --params-file /tmp/launch_params_udkocrwl --params-file /tmp/launch_params_t367blud --params-file /tmp/launch_params_ln8sd24l --params-file /tmp/launch_params_lj3i6bgj --params-file /tmp/launch_params_4hf1_gfj'].
1788354377.2848876 [INFO] [image_bridge-2]: process has finished cleanly [pid 64583]
1788354377.2858815 [INFO] [coverage_counter-4]: process has finished cleanly [pid 64587]
1788354377.2861395 [INFO] [simulation_video_recorder-3]: process has finished cleanly [pid 64585]
1788354377.3329370 [ERROR] [stuck_recovery-21]: process has died [pid 65172, exit code 1, cmd '/home/ecem/sct_ws/install/leo_image_processing/lib/leo_image_processing/stuck_recovery --ros-args -r __node:=stuck_recovery -r __ns:=/robot_0 --params-file /tmp/launch_params_r3pxkded --params-file /tmp/launch_params_4sy17qdy --params-file /tmp/launch_params_74sk6j5m --params-file /tmp/launch_params_t_h86wum --params-file /tmp/launch_params_ouv5hyjp --params-file /tmp/launch_params_5okb9a17 --params-file /tmp/launch_params_7h8r0uf4 --params-file /tmp/launch_params_ssepwa6c --params-file /tmp/launch_params_87dj7wgf --params-file /tmp/launch_params_mzlju9hj'].
1788354377.4431045 [ERROR] [parameter_bridge-6]: process has died [pid 64591, exit code -11, cmd '/opt/ros/humble/lib/ros_gz_bridge/parameter_bridge /robot_0/cmd_vel@geometry_msgs/msg/Twist]ignition.msgs.Twist /robot_0/odom@nav_msgs/msg/Odometry[ignition.msgs.Odometry /robot_0/tf@tf2_msgs/msg/TFMessage[ignition.msgs.Pose_V /robot_0/joint_states@sensor_msgs/msg/JointState[ignition.msgs.Model /robot_0/depth_camera/depth_image@sensor_msgs/msg/Image[ignition.msgs.Image /robot_0/depth_camera/camera_info@sensor_msgs/msg/CameraInfo[ignition.msgs.CameraInfo /world/random_world/model/robot_0/link/robot_0/base_footprint/sensor/contact_sensor/contact@ros_gz_interfaces/msg/Contacts[ignition.msgs.Contacts /robot_1/cmd_vel@geometry_msgs/msg/Twist]ignition.msgs.Twist /robot_1/odom@nav_msgs/msg/Odometry[ignition.msgs.Odometry /robot_1/tf@tf2_msgs/msg/TFMessage[ignition.msgs.Pose_V /robot_1/joint_states@sensor_msgs/msg/JointState[ignition.msgs.Model /robot_1/depth_camera/depth_image@sensor_msgs/msg/Image[ignition.msgs.Image /robot_1/depth_camera/camera_info@sensor_msgs/msg/CameraInfo[ignition.msgs.CameraInfo /world/random_world/model/robot_1/link/robot_1/base_footprint/sensor/contact_sensor/contact@ros_gz_interfaces/msg/Contacts[ignition.msgs.Contacts /robot_2/cmd_vel@geometry_msgs/msg/Twist]ignition.msgs.Twist /robot_2/odom@nav_msgs/msg/Odometry[ignition.msgs.Odometry /robot_2/tf@tf2_msgs/msg/TFMessage[ignition.msgs.Pose_V /robot_2/joint_states@sensor_msgs/msg/JointState[ignition.msgs.Model /robot_2/depth_camera/depth_image@sensor_msgs/msg/Image[ignition.msgs.Image /robot_2/depth_camera/camera_info@sensor_msgs/msg/CameraInfo[ignition.msgs.CameraInfo /world/random_world/model/robot_2/link/robot_2/base_footprint/sensor/contact_sensor/contact@ros_gz_interfaces/msg/Contacts[ignition.msgs.Contacts /world/random_world/dynamic_pose/info@tf2_msgs/msg/TFMessage[ignition.msgs.Pose_V /world/random_world/create@ros_gz_interfaces/srv/SpawnEntity /world/random_world/remove@ros_gz_interfaces/srv/DeleteEntity /world/random_world/set_pose@ros_gz_interfaces/srv/SetEntityPose --ros-args -r __node:=all_robots_bridge --params-file /tmp/launch_params_wpbercud -r /robot_0/tf:=/tf -r /robot_1/tf:=/tf -r /robot_2/tf:=/tf'].
1788354377.4604220 [ERROR] [bump_counter-5]: process has died [pid 64589, exit code 1, cmd '/home/ecem/sct_ws/install/evaluation/lib/evaluation/bump_counter --ros-args -r __node:=bump_counter --params-file /tmp/launch_params_wnd0fuij --params-file /tmp/launch_params_79mgk9d8 --params-file /tmp/launch_params_14pmsezx --params-file /tmp/launch_params_4ps6fwj1 --params-file /tmp/launch_params_566hgfzn --params-file /tmp/launch_params_dondnxyv --params-file /tmp/launch_params_u0pzwrzt --params-file /tmp/launch_params_y7g0snja'].
1788354380.6393378 [ERROR] [ign gazebo-1]: process[ign gazebo-1] failed to terminate '5' seconds after receiving 'SIGINT', escalating to 'SIGTERM'
1788354380.6479771 [INFO] [ign gazebo-1]: sending signal 'SIGTERM' to process[ign gazebo-1]
1788354380.6491694 [ERROR] [ign gazebo-1]: process has died [pid 64580, exit code -15, cmd 'ruby /usr/bin/ign gazebo /tmp/leo_exploration_no_overhead_camera_u4mru5uq.sdf -s -r --force-version 6'].
1788354380.6502357 [INFO] [launch]: process[ign gazebo-1] was required: shutting down launched system
