1789488274.2951889 [INFO] [launch]: All log files can be found below /home/ecem/sct_ws/src/llm_sct/RESULTS_LAST/baseline/balanced_delivery/batch_logs/ros_slot4/2026-09-15-18-04-34-294367-ecem-pc-22
1789488274.2952943 [INFO] [launch]: Default logging verbosity is set to INFO
1789488275.2504437 [INFO] [ign gazebo-1]: process started with pid [91]
1789488275.2507224 [INFO] [image_bridge-2]: process started with pid [94]
1789488275.2508307 [INFO] [simulation_video_recorder-3]: process started with pid [99]
1789488275.2509465 [INFO] [coverage_counter-4]: process started with pid [105]
1789488275.2510369 [INFO] [bump_counter-5]: process started with pid [116]
1789488275.2511258 [INFO] [parameter_bridge-6]: process started with pid [124]
1789488275.2512157 [INFO] [robot_state_publisher-7]: process started with pid [128]
1789488275.2513125 [ERROR] [robot_state_publisher-7]: process has died [pid 128, exit code -6, cmd '/opt/ros/humble/lib/robot_state_publisher/robot_state_publisher --ros-args -r __ns:=/robot_0 --params-file /tmp/launch_params_31q04u1r -r joint_states:=/robot_0/joint_states -r tf:=/tf -r tf_static:=/tf_static'].
1789488275.2514629 [INFO] [create-8]: process started with pid [140]
1789488275.2516117 [ERROR] [create-8]: process has died [pid 140, exit code -6, cmd '/opt/ros/humble/lib/ros_gz_sim/create -name robot_0 -x -0.8668381000978456 -y 2.8510485343013197 -z 0.1 -Y -2.993281408141684 -topic /robot_0/robot_description --ros-args -r __ns:=/robot_0'].
1789488275.2517250 [INFO] [static_transform_publisher-9]: process started with pid [151]
1789488275.2518151 [ERROR] [static_transform_publisher-9]: process has died [pid 151, exit code -6, cmd '/opt/ros/humble/lib/tf2_ros/static_transform_publisher -0.8668381000978456 2.8510485343013197 0.0 -2.993281408141684 0.0 0.0 odom robot_0/odom --ros-args -r __node:=robot_0_spawn_offset_tf'].
1789488275.2519231 [INFO] [image_bridge-10]: process started with pid [167]
1789488275.2520068 [INFO] [robot_state_publisher-11]: process started with pid [181]
1789488275.2520823 [ERROR] [robot_state_publisher-11]: process has died [pid 181, exit code -6, cmd '/opt/ros/humble/lib/robot_state_publisher/robot_state_publisher --ros-args -r __ns:=/robot_1 --params-file /tmp/launch_params_f96ojn5l -r joint_states:=/robot_1/joint_states -r tf:=/tf -r tf_static:=/tf_static'].
1789488275.2521770 [INFO] [create-12]: process started with pid [197]
1789488275.2522790 [INFO] [static_transform_publisher-13]: process started with pid [213]
1789488275.2523715 [ERROR] [static_transform_publisher-13]: process has died [pid 213, exit code -6, cmd '/opt/ros/humble/lib/tf2_ros/static_transform_publisher 1.4939585999156555 0.4954474303592411 0.0 0.04520891735400134 0.0 0.0 odom robot_1/odom --ros-args -r __node:=robot_1_spawn_offset_tf'].
1789488275.2524750 [INFO] [image_bridge-14]: process started with pid [222]
1789488275.2525682 [INFO] [robot_state_publisher-15]: process started with pid [235]
1789488275.2526536 [ERROR] [robot_state_publisher-15]: process has died [pid 235, exit code -6, cmd '/opt/ros/humble/lib/robot_state_publisher/robot_state_publisher --ros-args -r __ns:=/robot_2 --params-file /tmp/launch_params_2an_5qyy -r joint_states:=/robot_2/joint_states -r tf:=/tf -r tf_static:=/tf_static'].
1789488275.2527554 [INFO] [create-16]: process started with pid [245]
1789488275.2528481 [INFO] [static_transform_publisher-17]: process started with pid [265]
1789488275.2529445 [INFO] [image_bridge-18]: process started with pid [288]
1789488275.2530162 [INFO] [parameter_bridge-19]: process started with pid [298]
1789488275.2794063 [ERROR] [create-12]: process has died [pid 197, exit code -6, cmd '/opt/ros/humble/lib/ros_gz_sim/create -name robot_1 -x 1.4939585999156555 -y 0.4954474303592411 -z 0.1 -Y 0.04520891735400134 -topic /robot_1/robot_description --ros-args -r __ns:=/robot_1'].
1789488275.3952591 [ERROR] [create-16]: process has died [pid 245, exit code -6, cmd '/opt/ros/humble/lib/ros_gz_sim/create -name robot_2 -x -0.404744083205389 -y 1.7346965995305763 -z 0.1 -Y -0.32815362523159486 -topic /robot_2/robot_description --ros-args -r __ns:=/robot_2'].
1789488275.3955250 [ERROR] [image_bridge-2]: process has died [pid 94, exit code -6, cmd '/opt/ros/humble/lib/ros_gz_image/image_bridge /top_view_camera/image --ros-args -r __node:=top_view_image_bridge'].
1789488275.3956530 [ERROR] [parameter_bridge-6]: process has died [pid 124, exit code -6, cmd '/opt/ros/humble/lib/ros_gz_bridge/parameter_bridge /robot_0/cmd_vel@geometry_msgs/msg/Twist]ignition.msgs.Twist /robot_0/odom@nav_msgs/msg/Odometry[ignition.msgs.Odometry /robot_0/tf@tf2_msgs/msg/TFMessage[ignition.msgs.Pose_V /robot_0/joint_states@sensor_msgs/msg/JointState[ignition.msgs.Model /robot_0/depth_camera/depth_image@sensor_msgs/msg/Image[ignition.msgs.Image /robot_0/depth_camera/camera_info@sensor_msgs/msg/CameraInfo[ignition.msgs.CameraInfo /world/random_world/model/robot_0/link/robot_0/base_footprint/sensor/contact_sensor/contact@ros_gz_interfaces/msg/Contacts[ignition.msgs.Contacts /robot_1/cmd_vel@geometry_msgs/msg/Twist]ignition.msgs.Twist /robot_1/odom@nav_msgs/msg/Odometry[ignition.msgs.Odometry /robot_1/tf@tf2_msgs/msg/TFMessage[ignition.msgs.Pose_V /robot_1/joint_states@sensor_msgs/msg/JointState[ignition.msgs.Model /robot_1/depth_camera/depth_image@sensor_msgs/msg/Image[ignition.msgs.Image /robot_1/depth_camera/camera_info@sensor_msgs/msg/CameraInfo[ignition.msgs.CameraInfo /world/random_world/model/robot_1/link/robot_1/base_footprint/sensor/contact_sensor/contact@ros_gz_interfaces/msg/Contacts[ignition.msgs.Contacts /robot_2/cmd_vel@geometry_msgs/msg/Twist]ignition.msgs.Twist /robot_2/odom@nav_msgs/msg/Odometry[ignition.msgs.Odometry /robot_2/tf@tf2_msgs/msg/TFMessage[ignition.msgs.Pose_V /robot_2/joint_states@sensor_msgs/msg/JointState[ignition.msgs.Model /robot_2/depth_camera/depth_image@sensor_msgs/msg/Image[ignition.msgs.Image /robot_2/depth_camera/camera_info@sensor_msgs/msg/CameraInfo[ignition.msgs.CameraInfo /world/random_world/model/robot_2/link/robot_2/base_footprint/sensor/contact_sensor/contact@ros_gz_interfaces/msg/Contacts[ignition.msgs.Contacts /world/random_world/dynamic_pose/info@tf2_msgs/msg/TFMessage[ignition.msgs.Pose_V /world/random_world/create@ros_gz_interfaces/srv/SpawnEntity /world/random_world/remove@ros_gz_interfaces/srv/DeleteEntity /world/random_world/set_pose@ros_gz_interfaces/srv/SetEntityPose --ros-args -r __node:=all_robots_bridge --params-file /tmp/launch_params_eli336xp -r /robot_0/tf:=/tf -r /robot_1/tf:=/tf -r /robot_2/tf:=/tf'].
1789488275.3960087 [ERROR] [static_transform_publisher-17]: process has died [pid 265, exit code -6, cmd '/opt/ros/humble/lib/tf2_ros/static_transform_publisher -0.404744083205389 1.7346965995305763 0.0 -0.32815362523159486 0.0 0.0 odom robot_2/odom --ros-args -r __node:=robot_2_spawn_offset_tf'].
1789488275.3965449 [INFO] [balanced_delivery_supervisor-20]: process started with pid [352]
1789488275.3967054 [INFO] [stuck_recovery-21]: process started with pid [356]
1789488275.4414351 [ERROR] [image_bridge-14]: process has died [pid 222, exit code -6, cmd '/opt/ros/humble/lib/ros_gz_image/image_bridge /robot_1/depth_camera/image --ros-args -r __node:=robot_1_rgb_image_bridge'].
1789488275.5877459 [ERROR] [image_bridge-10]: process has died [pid 167, exit code -6, cmd '/opt/ros/humble/lib/ros_gz_image/image_bridge /robot_0/depth_camera/image --ros-args -r __node:=robot_0_rgb_image_bridge'].
1789488275.5888813 [INFO] [balanced_delivery_supervisor-22]: process started with pid [407]
1789488275.5890529 [INFO] [stuck_recovery-23]: process started with pid [411]
1789488275.7169173 [ERROR] [image_bridge-18]: process has died [pid 288, exit code -6, cmd '/opt/ros/humble/lib/ros_gz_image/image_bridge /robot_2/depth_camera/image --ros-args -r __node:=robot_2_rgb_image_bridge'].
1789488275.7171152 [ERROR] [parameter_bridge-19]: process has died [pid 298, exit code -6, cmd '/opt/ros/humble/lib/ros_gz_bridge/parameter_bridge /clock@rosgraph_msgs/msg/Clock[ignition.msgs.Clock --ros-args -r __node:=clock_bridge --params-file /tmp/launch_params_xxg0dwmk'].
1789488275.7175851 [INFO] [balanced_delivery_supervisor-24]: process started with pid [425]
1789488275.7176878 [INFO] [stuck_recovery-25]: process started with pid [427]
1789488276.0472167 [ERROR] [ign gazebo-1]: process has died [pid 91, exit code 255, cmd 'ruby /usr/bin/ign gazebo /tmp/leo_delivery_no_overhead_camera_feewedr_.sdf -s --headless-rendering -r -z 200 --force-version 6'].
1789488276.0477018 [INFO] [launch]: process[ign gazebo-1] was required: shutting down launched system
1789488276.0852611 [INFO] [stuck_recovery-25]: sending signal 'SIGINT' to process[stuck_recovery-25]
1789488276.1211915 [INFO] [balanced_delivery_supervisor-24]: sending signal 'SIGINT' to process[balanced_delivery_supervisor-24]
1789488276.1387336 [INFO] [stuck_recovery-23]: sending signal 'SIGINT' to process[stuck_recovery-23]
1789488276.1641464 [INFO] [balanced_delivery_supervisor-22]: sending signal 'SIGINT' to process[balanced_delivery_supervisor-22]
1789488276.1907699 [INFO] [stuck_recovery-21]: sending signal 'SIGINT' to process[stuck_recovery-21]
1789488276.2060549 [ERROR] [stuck_recovery-25]: process has died [pid 427, exit code -2, cmd '/home/ecem/sct_ws/install/leo_image_processing/lib/leo_image_processing/stuck_recovery --ros-args -r __node:=stuck_recovery -r __ns:=/robot_2 --params-file /tmp/launch_params_6ig6bxon --params-file /tmp/launch_params_jiors61o --params-file /tmp/launch_params_07hz6dha --params-file /tmp/launch_params_t4jv1zor --params-file /tmp/launch_params_i38i6lu5 --params-file /tmp/launch_params_rcy4zoy9 --params-file /tmp/launch_params_yt76yvnp --params-file /tmp/launch_params_ysws23ec --params-file /tmp/launch_params_ff8zeks2 --params-file /tmp/launch_params_9bzybreh'].
1789488276.2071519 [INFO] [balanced_delivery_supervisor-20]: sending signal 'SIGINT' to process[balanced_delivery_supervisor-20]
1789488276.2318377 [INFO] [bump_counter-5]: sending signal 'SIGINT' to process[bump_counter-5]
1789488276.2453184 [INFO] [coverage_counter-4]: sending signal 'SIGINT' to process[coverage_counter-4]
1789488276.2524312 [ERROR] [balanced_delivery_supervisor-24]: process has died [pid 425, exit code -2, cmd '/home/ecem/sct_ws/install/leo_delivery/lib/leo_delivery/balanced_delivery_supervisor --ros-args -r __node:=robot_supervisor -r __ns:=/robot_2 --params-file /tmp/launch_params_esj7fkqj --params-file /tmp/launch_params_9fwy05dl --params-file /tmp/launch_params_4y155uk4 --params-file /tmp/launch_params_fj2kap7s --params-file /tmp/launch_params_bzwxk7fc --params-file /tmp/launch_params_2du0s7gx --params-file /tmp/launch_params_uq1oafg4 --params-file /tmp/launch_params_fijli56e --params-file /tmp/launch_params_y4ui8_0s -r cmd_vel:=cmd_vel_supervisor'].
1789488276.2526746 [ERROR] [stuck_recovery-23]: process has died [pid 411, exit code -2, cmd '/home/ecem/sct_ws/install/leo_image_processing/lib/leo_image_processing/stuck_recovery --ros-args -r __node:=stuck_recovery -r __ns:=/robot_1 --params-file /tmp/launch_params_7py5_k65 --params-file /tmp/launch_params_bz79o0_c --params-file /tmp/launch_params_fjrmlaz1 --params-file /tmp/launch_params_nniepat6 --params-file /tmp/launch_params_zhn4uunw --params-file /tmp/launch_params_p6yacaww --params-file /tmp/launch_params_uymz6766 --params-file /tmp/launch_params_5b0jolfd --params-file /tmp/launch_params_a21yr7ms --params-file /tmp/launch_params_xrr5zaw_'].
1789488276.2612407 [INFO] [simulation_video_recorder-3]: sending signal 'SIGINT' to process[simulation_video_recorder-3]
1789488276.2854619 [ERROR] [balanced_delivery_supervisor-22]: process has died [pid 407, exit code -2, cmd '/home/ecem/sct_ws/install/leo_delivery/lib/leo_delivery/balanced_delivery_supervisor --ros-args -r __node:=robot_supervisor -r __ns:=/robot_1 --params-file /tmp/launch_params_9o86qb98 --params-file /tmp/launch_params_vrjzte2b --params-file /tmp/launch_params_rsllv9nk --params-file /tmp/launch_params_8b43uaz8 --params-file /tmp/launch_params_b6nb9qa4 --params-file /tmp/launch_params_5eg6bvme --params-file /tmp/launch_params_jlvsqgnt --params-file /tmp/launch_params_tbn8a3lt --params-file /tmp/launch_params_uria275z -r cmd_vel:=cmd_vel_supervisor'].
1789488276.2976193 [ERROR] [stuck_recovery-21]: process has died [pid 356, exit code -2, cmd '/home/ecem/sct_ws/install/leo_image_processing/lib/leo_image_processing/stuck_recovery --ros-args -r __node:=stuck_recovery -r __ns:=/robot_0 --params-file /tmp/launch_params_ahisd4bu --params-file /tmp/launch_params_gvwd5c_8 --params-file /tmp/launch_params_uzo9ia9r --params-file /tmp/launch_params_k2b_2699 --params-file /tmp/launch_params_w8t9qilz --params-file /tmp/launch_params_7on0aemm --params-file /tmp/launch_params_2ul492m0 --params-file /tmp/launch_params_k14272_e --params-file /tmp/launch_params_83_fyz2g --params-file /tmp/launch_params_vc_5698y'].
1789488276.3296063 [ERROR] [balanced_delivery_supervisor-20]: process has died [pid 352, exit code -2, cmd '/home/ecem/sct_ws/install/leo_delivery/lib/leo_delivery/balanced_delivery_supervisor --ros-args -r __node:=robot_supervisor -r __ns:=/robot_0 --params-file /tmp/launch_params_lx2c21ss --params-file /tmp/launch_params_gcyt_7uf --params-file /tmp/launch_params_3yfj5c5y --params-file /tmp/launch_params_26kqbt0_ --params-file /tmp/launch_params_y413_b_8 --params-file /tmp/launch_params_lkegzyxe --params-file /tmp/launch_params_m9vwp2oj --params-file /tmp/launch_params_nh6m2co7 --params-file /tmp/launch_params_o0g3oauh -r cmd_vel:=cmd_vel_supervisor'].
1789488276.3353670 [ERROR] [bump_counter-5]: process has died [pid 116, exit code -2, cmd '/home/ecem/sct_ws/install/evaluation/lib/evaluation/bump_counter --ros-args -r __node:=bump_counter --params-file /tmp/launch_params_mimnli80 --params-file /tmp/launch_params_1bblvtfe --params-file /tmp/launch_params_rz5y5m4u --params-file /tmp/launch_params_tktayt3d --params-file /tmp/launch_params_dywlprah --params-file /tmp/launch_params_kajawk8e --params-file /tmp/launch_params_dqe47zf6 --params-file /tmp/launch_params_e49ahz1h'].
1789488276.3355734 [ERROR] [coverage_counter-4]: process has died [pid 105, exit code -2, cmd '/home/ecem/sct_ws/install/evaluation/lib/evaluation/coverage_counter --ros-args -r __node:=coverage_counter --params-file /tmp/launch_params_84j3szm0 --params-file /tmp/launch_params_szwqr26h --params-file /tmp/launch_params_rn_28o0p --params-file /tmp/launch_params_s6k_rv7z --params-file /tmp/launch_params_3ltja7a6 --params-file /tmp/launch_params_8hoz0m8v --params-file /tmp/launch_params_27biqyvq --params-file /tmp/launch_params_q4k0cd6u --params-file /tmp/launch_params_b0i4kuwz'].
1789488276.3361323 [INFO] [launch]: process[coverage_counter-4] was required: shutting down launched system
1789488276.3511856 [ERROR] [simulation_video_recorder-3]: process has died [pid 99, exit code -2, cmd '/home/ecem/sct_ws/install/evaluation/lib/evaluation/simulation_video_recorder --ros-args -r __node:=simulation_video_recorder --params-file /tmp/launch_params_69g1w20p --params-file /tmp/launch_params_6e5xjtnx --params-file /tmp/launch_params_i_nxxkkj --params-file /tmp/launch_params_8mqcy7mo --params-file /tmp/launch_params_g_m2l8s_ --params-file /tmp/launch_params_ibliv823 --params-file /tmp/launch_params_wz11l1cn'].
