1789489726.6714473 [INFO] [launch]: All log files can be found below /home/ecem/sct_ws/src/llm_sct/RESULTS_LAST/baseline/delivery_stack_xml/batch_logs/ros_slot3/2026-09-15-18-28-46-670687-ecem-pc-72996
1789489726.6715467 [INFO] [launch]: Default logging verbosity is set to INFO
1789489727.4413512 [INFO] [ign gazebo-1]: process started with pid [73026]
1789489727.4415910 [INFO] [image_bridge-2]: process started with pid [73031]
1789489727.4416866 [INFO] [simulation_video_recorder-3]: process started with pid [73047]
1789489727.4417574 [INFO] [coverage_counter-4]: process started with pid [73057]
1789489727.4418197 [INFO] [bump_counter-5]: process started with pid [73066]
1789489727.4418952 [INFO] [parameter_bridge-6]: process started with pid [73077]
1789489727.4419696 [INFO] [robot_state_publisher-7]: process started with pid [73082]
1789489727.4420347 [INFO] [create-8]: process started with pid [73093]
1789489727.4420967 [INFO] [static_transform_publisher-9]: process started with pid [73111]
1789489727.4421597 [INFO] [image_bridge-10]: process started with pid [73139]
1789489727.4422188 [INFO] [robot_state_publisher-11]: process started with pid [73150]
1789489727.4422774 [INFO] [create-12]: process started with pid [73167]
1789489727.4423449 [INFO] [static_transform_publisher-13]: process started with pid [73188]
1789489727.4424176 [INFO] [image_bridge-14]: process started with pid [73206]
1789489727.4424782 [INFO] [robot_state_publisher-15]: process started with pid [73233]
1789489727.4425399 [INFO] [create-16]: process started with pid [73252]
1789489727.4426050 [INFO] [static_transform_publisher-17]: process started with pid [73305]
1789489727.4426713 [INFO] [image_bridge-18]: process started with pid [73363]
1789489727.4427342 [INFO] [parameter_bridge-19]: process started with pid [73381]
1789489729.5427029 [INFO] [create-16]: process has finished cleanly [pid 73252]
1789489729.5694771 [INFO] [create-12]: process has finished cleanly [pid 73167]
1789489729.5696573 [INFO] [create-8]: process has finished cleanly [pid 73093]
1789489729.7201040 [INFO] [balanced_delivery_supervisor-20]: process started with pid [74544]
1789489729.7203233 [INFO] [stuck_recovery-21]: process started with pid [74547]
1789489729.7211795 [INFO] [balanced_delivery_supervisor-22]: process started with pid [74560]
1789489729.7212896 [INFO] [stuck_recovery-23]: process started with pid [74567]
1789489729.7214596 [INFO] [balanced_delivery_supervisor-24]: process started with pid [74573]
1789489729.7215409 [INFO] [stuck_recovery-25]: process started with pid [74576]
1789489731.5920386 [INFO] [image_processor-26]: process started with pid [74954]
1789489731.5921688 [INFO] [color_detector-27]: process started with pid [74959]
1789489731.6953299 [INFO] [image_processor-28]: process started with pid [74979]
1789489731.6955416 [INFO] [color_detector-29]: process started with pid [74985]
1789489731.7944236 [INFO] [image_processor-30]: process started with pid [74991]
1789489731.7945621 [INFO] [color_detector-31]: process started with pid [74995]
1789489909.1366327 [INFO] [coverage_counter-4]: process has finished cleanly [pid 73057]
1789489909.1376994 [INFO] [launch]: process[coverage_counter-4] was required: shutting down launched system
1789489909.4781744 [INFO] [color_detector-31]: sending signal 'SIGINT' to process[color_detector-31]
1789489909.6626315 [INFO] [image_processor-30]: sending signal 'SIGINT' to process[image_processor-30]
1789489909.7693851 [INFO] [color_detector-29]: sending signal 'SIGINT' to process[color_detector-29]
1789489909.8952780 [INFO] [image_processor-28]: sending signal 'SIGINT' to process[image_processor-28]
1789489910.0814214 [INFO] [color_detector-27]: sending signal 'SIGINT' to process[color_detector-27]
1789489910.1395371 [INFO] [image_processor-26]: sending signal 'SIGINT' to process[image_processor-26]
1789489910.2637572 [INFO] [stuck_recovery-25]: sending signal 'SIGINT' to process[stuck_recovery-25]
1789489910.3063426 [INFO] [balanced_delivery_supervisor-24]: sending signal 'SIGINT' to process[balanced_delivery_supervisor-24]
1789489910.3348193 [INFO] [stuck_recovery-23]: sending signal 'SIGINT' to process[stuck_recovery-23]
1789489910.3929753 [INFO] [balanced_delivery_supervisor-22]: sending signal 'SIGINT' to process[balanced_delivery_supervisor-22]
1789489910.4829061 [INFO] [stuck_recovery-21]: sending signal 'SIGINT' to process[stuck_recovery-21]
1789489910.6161489 [INFO] [balanced_delivery_supervisor-20]: sending signal 'SIGINT' to process[balanced_delivery_supervisor-20]
1789489910.7091262 [INFO] [parameter_bridge-19]: sending signal 'SIGINT' to process[parameter_bridge-19]
1789489910.7671528 [INFO] [image_bridge-18]: sending signal 'SIGINT' to process[image_bridge-18]
1789489910.8238108 [INFO] [static_transform_publisher-17]: sending signal 'SIGINT' to process[static_transform_publisher-17]
1789489910.8624463 [INFO] [parameter_bridge-19]: process has finished cleanly [pid 73381]
1789489910.8704245 [INFO] [robot_state_publisher-15]: sending signal 'SIGINT' to process[robot_state_publisher-15]
1789489910.9582176 [INFO] [image_bridge-14]: sending signal 'SIGINT' to process[image_bridge-14]
1789489911.0541728 [INFO] [static_transform_publisher-13]: sending signal 'SIGINT' to process[static_transform_publisher-13]
1789489911.1439097 [INFO] [robot_state_publisher-11]: sending signal 'SIGINT' to process[robot_state_publisher-11]
1789489911.2272019 [INFO] [image_bridge-10]: sending signal 'SIGINT' to process[image_bridge-10]
1789489911.3431315 [INFO] [static_transform_publisher-9]: sending signal 'SIGINT' to process[static_transform_publisher-9]
1789489911.4557700 [INFO] [robot_state_publisher-7]: sending signal 'SIGINT' to process[robot_state_publisher-7]
1789489911.5611134 [INFO] [parameter_bridge-6]: sending signal 'SIGINT' to process[parameter_bridge-6]
1789489911.6698167 [INFO] [bump_counter-5]: sending signal 'SIGINT' to process[bump_counter-5]
1789489911.8245711 [INFO] [simulation_video_recorder-3]: sending signal 'SIGINT' to process[simulation_video_recorder-3]
1789489911.8319726 [INFO] [parameter_bridge-6]: process has finished cleanly [pid 73077]
1789489911.9522629 [INFO] [image_bridge-2]: sending signal 'SIGINT' to process[image_bridge-2]
1789489912.0495741 [INFO] [ign gazebo-1]: sending signal 'SIGINT' to process[ign gazebo-1]
1789489912.0737295 [INFO] [static_transform_publisher-17]: process has finished cleanly [pid 73305]
1789489912.0749664 [INFO] [image_bridge-18]: process has finished cleanly [pid 73363]
1789489912.0751259 [ERROR] [color_detector-31]: process has died [pid 74995, exit code 1, cmd '/home/ecem/sct_ws/install/leo_image_processing/lib/leo_image_processing/color_detector --ros-args -r __node:=target_detector -r __ns:=/robot_0 --params-file /tmp/launch_params_9ssi0395 --params-file /tmp/launch_params_rqpld123 --params-file /tmp/launch_params_w9r005c3 --params-file /tmp/launch_params_simujbad --params-file /tmp/launch_params_752t6ysq --params-file /tmp/launch_params_2junxww0'].
1789489912.0752299 [INFO] [robot_state_publisher-15]: process has finished cleanly [pid 73233]
1789489912.1637099 [INFO] [static_transform_publisher-13]: process has finished cleanly [pid 73188]
1789489912.1647508 [INFO] [image_bridge-14]: process has finished cleanly [pid 73206]
1789489912.2946856 [INFO] [robot_state_publisher-11]: process has finished cleanly [pid 73150]
1789489912.3241932 [ERROR] [image_processor-30]: process has died [pid 74991, exit code 1, cmd '/home/ecem/sct_ws/install/leo_image_processing/lib/leo_image_processing/image_processor --ros-args -r __node:=image_processor -r __ns:=/robot_0 --params-file /tmp/launch_params_d_1_nan2 --params-file /tmp/launch_params_y7_uddv8 --params-file /tmp/launch_params_0edpfhli'].
1789489912.3986757 [ERROR] [image_processor-28]: process has died [pid 74979, exit code 1, cmd '/home/ecem/sct_ws/install/leo_image_processing/lib/leo_image_processing/image_processor --ros-args -r __node:=image_processor -r __ns:=/robot_1 --params-file /tmp/launch_params_fo4dq4dr --params-file /tmp/launch_params_ap0ggdmu --params-file /tmp/launch_params_0wequiwe'].
1789489912.4309421 [INFO] [image_bridge-10]: process has finished cleanly [pid 73139]
1789489912.4433813 [INFO] [static_transform_publisher-9]: process has finished cleanly [pid 73111]
1789489912.4733536 [ERROR] [color_detector-29]: process has died [pid 74985, exit code 1, cmd '/home/ecem/sct_ws/install/leo_image_processing/lib/leo_image_processing/color_detector --ros-args -r __node:=target_detector -r __ns:=/robot_1 --params-file /tmp/launch_params__dce2w5b --params-file /tmp/launch_params_n3bfajgz --params-file /tmp/launch_params_e47nlepb --params-file /tmp/launch_params_o3d5a2a4 --params-file /tmp/launch_params_swr7aytz --params-file /tmp/launch_params_1sot7_6e'].
1789489912.5321398 [INFO] [balanced_delivery_supervisor-20]: process has finished cleanly [pid 74544]
1789489912.5594811 [INFO] [balanced_delivery_supervisor-22]: process has finished cleanly [pid 74560]
1789489912.5663395 [INFO] [robot_state_publisher-7]: process has finished cleanly [pid 73082]
1789489912.6762064 [ERROR] [image_processor-26]: process has died [pid 74954, exit code 1, cmd '/home/ecem/sct_ws/install/leo_image_processing/lib/leo_image_processing/image_processor --ros-args -r __node:=image_processor -r __ns:=/robot_2 --params-file /tmp/launch_params_2suu311p --params-file /tmp/launch_params_jxfaholw --params-file /tmp/launch_params_oxen3xvh'].
1789489912.7021234 [ERROR] [color_detector-27]: process has died [pid 74959, exit code 1, cmd '/home/ecem/sct_ws/install/leo_image_processing/lib/leo_image_processing/color_detector --ros-args -r __node:=target_detector -r __ns:=/robot_2 --params-file /tmp/launch_params_mcjx4rjd --params-file /tmp/launch_params_mdv93hf7 --params-file /tmp/launch_params_ytu7zax1 --params-file /tmp/launch_params_w4inpyvq --params-file /tmp/launch_params_e_1sq1y1 --params-file /tmp/launch_params_vnieuevf'].
1789489912.7843814 [ERROR] [stuck_recovery-25]: process has died [pid 74576, exit code 1, cmd '/home/ecem/sct_ws/install/leo_image_processing/lib/leo_image_processing/stuck_recovery --ros-args -r __node:=stuck_recovery -r __ns:=/robot_0 --params-file /tmp/launch_params_ps8nox7n --params-file /tmp/launch_params_9zjj9tzf --params-file /tmp/launch_params_75yfl5e8 --params-file /tmp/launch_params_bw9slmfx --params-file /tmp/launch_params_5a_ajydw --params-file /tmp/launch_params_5jvtbg3u --params-file /tmp/launch_params_pddbh540 --params-file /tmp/launch_params_dre28kwl --params-file /tmp/launch_params_h14fu241 --params-file /tmp/launch_params_ze_ado56'].
1789489912.7927110 [ERROR] [stuck_recovery-23]: process has died [pid 74567, exit code 1, cmd '/home/ecem/sct_ws/install/leo_image_processing/lib/leo_image_processing/stuck_recovery --ros-args -r __node:=stuck_recovery -r __ns:=/robot_1 --params-file /tmp/launch_params_uzhj4n5v --params-file /tmp/launch_params_e3tlsrxn --params-file /tmp/launch_params_dx8esqxh --params-file /tmp/launch_params_d8msfpc5 --params-file /tmp/launch_params_hvt4gmvy --params-file /tmp/launch_params_ry8tyua6 --params-file /tmp/launch_params_4tew5ld4 --params-file /tmp/launch_params_5m3x70rk --params-file /tmp/launch_params_0icu726c --params-file /tmp/launch_params_7_r6wn7c'].
1789489912.8185658 [ERROR] [stuck_recovery-21]: process has died [pid 74547, exit code 1, cmd '/home/ecem/sct_ws/install/leo_image_processing/lib/leo_image_processing/stuck_recovery --ros-args -r __node:=stuck_recovery -r __ns:=/robot_2 --params-file /tmp/launch_params_dgd_yyyj --params-file /tmp/launch_params_cb43zso8 --params-file /tmp/launch_params_vqgb34en --params-file /tmp/launch_params_m0rxpphn --params-file /tmp/launch_params_d5i3icqi --params-file /tmp/launch_params_4rlpns3l --params-file /tmp/launch_params_0xtc0snx --params-file /tmp/launch_params_d9g7vw28 --params-file /tmp/launch_params_m5ti66mj --params-file /tmp/launch_params_bzkoyub8'].
1789489912.8772004 [ERROR] [balanced_delivery_supervisor-24]: process has died [pid 74573, exit code 1, cmd '/home/ecem/sct_ws/install/leo_delivery/lib/leo_delivery/balanced_delivery_supervisor --ros-args -r __node:=robot_supervisor -r __ns:=/robot_0 --params-file /tmp/launch_params_5urvq57g --params-file /tmp/launch_params_2b_flgbd --params-file /tmp/launch_params_r_snmx67 --params-file /tmp/launch_params_kl0al_2y --params-file /tmp/launch_params_4x4sijv4 --params-file /tmp/launch_params_gzlnntpn --params-file /tmp/launch_params_1xjric2q --params-file /tmp/launch_params_d1hc1hi0 --params-file /tmp/launch_params__mpoplum -r cmd_vel:=cmd_vel_supervisor'].
1789489913.0732687 [INFO] [image_bridge-2]: process has finished cleanly [pid 73031]
1789489913.0930591 [INFO] [simulation_video_recorder-3]: process has finished cleanly [pid 73047]
1789489913.1144764 [ERROR] [bump_counter-5]: process has died [pid 73066, exit code 1, cmd '/home/ecem/sct_ws/install/evaluation/lib/evaluation/bump_counter --ros-args -r __node:=bump_counter --params-file /tmp/launch_params_h7ehcppp --params-file /tmp/launch_params_gvacet_b --params-file /tmp/launch_params_iglwzien --params-file /tmp/launch_params_voby6_2b --params-file /tmp/launch_params_m06fo38h --params-file /tmp/launch_params_c047i2vu --params-file /tmp/launch_params_6nzqt6ah --params-file /tmp/launch_params_o9bul55v'].
1789489914.4798851 [ERROR] [ign gazebo-1]: process[ign gazebo-1] failed to terminate '5' seconds after receiving 'SIGINT', escalating to 'SIGTERM'
1789489914.4835808 [INFO] [ign gazebo-1]: sending signal 'SIGTERM' to process[ign gazebo-1]
1789489914.4842746 [ERROR] [ign gazebo-1]: process has died [pid 73026, exit code -15, cmd 'ruby /usr/bin/ign gazebo /tmp/leo_delivery_no_overhead_camera_fykeuo7_.sdf -s --headless-rendering -r -z 200 --force-version 6'].
1789489914.4847662 [INFO] [launch]: process[ign gazebo-1] was required: shutting down launched system
