1788358498.9377775 [INFO] [launch]: All log files can be found below /home/ecem/sct_ws/src/llm_sct/new_results/baseline/batch_logs/ros_patrolling/2026-09-02-16-14-58-937069-ecem-pc-89245
1788358498.9378800 [INFO] [launch]: Default logging verbosity is set to INFO
1788358499.5850842 [INFO] [ign gazebo-1]: process started with pid [89299]
1788358499.5854704 [INFO] [image_bridge-2]: process started with pid [89302]
1788358499.5856683 [INFO] [simulation_video_recorder-3]: process started with pid [89306]
1788358499.5857849 [INFO] [coverage_counter-4]: process started with pid [89308]
1788358499.5858877 [INFO] [bump_counter-5]: process started with pid [89316]
1788358499.5859947 [INFO] [parameter_bridge-6]: process started with pid [89326]
1788358499.5860929 [INFO] [robot_state_publisher-7]: process started with pid [89328]
1788358499.5861883 [INFO] [create-8]: process started with pid [89332]
1788358499.5862868 [INFO] [static_transform_publisher-9]: process started with pid [89337]
1788358499.5863919 [INFO] [image_bridge-10]: process started with pid [89342]
1788358499.5864816 [INFO] [robot_state_publisher-11]: process started with pid [89344]
1788358499.5980365 [INFO] [create-12]: process started with pid [89348]
1788358499.5982554 [INFO] [static_transform_publisher-13]: process started with pid [89351]
1788358499.5983887 [INFO] [image_bridge-14]: process started with pid [89355]
1788358499.5985460 [INFO] [robot_state_publisher-15]: process started with pid [89357]
1788358499.6045113 [INFO] [create-16]: process started with pid [89368]
1788358499.6053727 [INFO] [static_transform_publisher-17]: process started with pid [89370]
1788358499.6088820 [INFO] [image_bridge-18]: process started with pid [89487]
1788358499.6090999 [INFO] [parameter_bridge-19]: process started with pid [89505]
1788358500.4732068 [INFO] [create-16]: process has finished cleanly [pid 89368]
1788358500.4919133 [INFO] [robot_supervisor-20]: process started with pid [89749]
1788358500.4921138 [INFO] [stuck_recovery-21]: process started with pid [89751]
1788358500.6730886 [INFO] [create-8]: process has finished cleanly [pid 89332]
1788358500.6877627 [INFO] [robot_supervisor-22]: process started with pid [89760]
1788358500.6879945 [INFO] [stuck_recovery-23]: process started with pid [89762]
1788358500.9091389 [INFO] [create-12]: process has finished cleanly [pid 89348]
1788358500.9285257 [INFO] [robot_supervisor-24]: process started with pid [89788]
1788358500.9288015 [INFO] [stuck_recovery-25]: process started with pid [89790]
1788358502.5004764 [INFO] [image_processor-26]: process started with pid [89917]
1788358502.5006280 [INFO] [color_detector-27]: process started with pid [89919]
1788358502.6945474 [INFO] [image_processor-28]: process started with pid [90008]
1788358502.6946938 [INFO] [color_detector-29]: process started with pid [90010]
1788358502.9399693 [INFO] [image_processor-30]: process started with pid [90032]
1788358502.9401529 [INFO] [color_detector-31]: process started with pid [90034]
