1788358498.9367664 [INFO] [launch]: All log files can be found below /home/ecem/sct_ws/src/llm_sct/new_results/baseline/batch_logs/ros_patrolling/2026-09-02-16-14-58-936016-ecem-pc-89246
1788358498.9368753 [INFO] [launch]: Default logging verbosity is set to INFO
1788358499.4999597 [INFO] [ign gazebo-1]: process started with pid [89247]
1788358499.5001886 [INFO] [image_bridge-2]: process started with pid [89249]
1788358499.5002928 [INFO] [simulation_video_recorder-3]: process started with pid [89252]
1788358499.5003755 [INFO] [coverage_counter-4]: process started with pid [89254]
1788358499.5004504 [INFO] [bump_counter-5]: process started with pid [89256]
1788358499.5076959 [INFO] [parameter_bridge-6]: process started with pid [89258]
1788358499.5078931 [INFO] [robot_state_publisher-7]: process started with pid [89260]
1788358499.5079978 [INFO] [create-8]: process started with pid [89262]
1788358499.5080860 [INFO] [static_transform_publisher-9]: process started with pid [89264]
1788358499.5081716 [INFO] [image_bridge-10]: process started with pid [89266]
1788358499.5082474 [INFO] [robot_state_publisher-11]: process started with pid [89268]
1788358499.5083292 [INFO] [create-12]: process started with pid [89270]
1788358499.5084043 [INFO] [static_transform_publisher-13]: process started with pid [89272]
1788358499.5084753 [INFO] [image_bridge-14]: process started with pid [89274]
1788358499.5085604 [INFO] [robot_state_publisher-15]: process started with pid [89276]
1788358499.5086281 [INFO] [create-16]: process started with pid [89280]
1788358499.5086975 [INFO] [static_transform_publisher-17]: process started with pid [89282]
1788358499.5087664 [INFO] [image_bridge-18]: process started with pid [89334]
1788358499.5088365 [INFO] [parameter_bridge-19]: process started with pid [89338]
1788358500.7750900 [INFO] [create-8]: process has finished cleanly [pid 89262]
1788358500.7891917 [INFO] [robot_supervisor-20]: process started with pid [89768]
1788358500.7893693 [INFO] [stuck_recovery-21]: process started with pid [89770]
1788358500.9558778 [INFO] [create-16]: process has finished cleanly [pid 89280]
1788358500.9775629 [INFO] [robot_supervisor-22]: process started with pid [89792]
1788358500.9778595 [INFO] [stuck_recovery-23]: process started with pid [89794]
1788358501.0555160 [INFO] [create-12]: process has finished cleanly [pid 89270]
1788358501.0788379 [INFO] [robot_supervisor-24]: process started with pid [89796]
1788358501.0791526 [INFO] [stuck_recovery-25]: process started with pid [89798]
1788358502.8026900 [INFO] [image_processor-26]: process started with pid [90020]
1788358502.8030999 [INFO] [color_detector-27]: process started with pid [90022]
1788358502.9902046 [INFO] [image_processor-28]: process started with pid [90036]
1788358502.9904888 [INFO] [color_detector-29]: process started with pid [90038]
1788358503.0911157 [INFO] [image_processor-30]: process started with pid [90048]
1788358503.0913985 [INFO] [color_detector-31]: process started with pid [90050]
