[0.682s] Invoking command in '/home/ecem/sct_ws/src/llm_sct/leo_patrolling': AMENT_PREFIX_PATH=/home/ecem/sct_ws/src/llm_sct/install/leo_image_processing:/home/ecem/sct_ws/src/llm_sct/install/evaluation:${AMENT_PREFIX_PATH} PYTHONPATH=/home/ecem/sct_ws/src/llm_sct/build/leo_patrolling/prefix_override:/usr/lib/python3/dist-packages/colcon_core/task/python/colcon_distutils_commands:/home/ecem/sct_ws/src/llm_sct/install/leo_patrolling/lib/python3.10/site-packages:/home/ecem/sct_ws/src/llm_sct/install/leo_image_processing/lib/python3.10/site-packages:/home/ecem/sct_ws/src/llm_sct/install/evaluation/lib/python3.10/site-packages:${PYTHONPATH} /usr/bin/python3 -W ignore:setup.py install is deprecated -W ignore:easy_install command is deprecated setup.py egg_info --egg-base ../build/leo_patrolling build --build-base /home/ecem/sct_ws/src/llm_sct/build/leo_patrolling/build install --record /home/ecem/sct_ws/src/llm_sct/build/leo_patrolling/install.log --single-version-externally-managed install_data
[0.932s] running egg_info
[0.933s] creating ../build/leo_patrolling/leo_patrolling.egg-info
[0.933s] writing ../build/leo_patrolling/leo_patrolling.egg-info/PKG-INFO
[0.933s] writing dependency_links to ../build/leo_patrolling/leo_patrolling.egg-info/dependency_links.txt
[0.933s] writing entry points to ../build/leo_patrolling/leo_patrolling.egg-info/entry_points.txt
[0.933s] writing requirements to ../build/leo_patrolling/leo_patrolling.egg-info/requires.txt
[0.934s] writing top-level names to ../build/leo_patrolling/leo_patrolling.egg-info/top_level.txt
[0.934s] writing manifest file '../build/leo_patrolling/leo_patrolling.egg-info/SOURCES.txt'
[0.934s] reading manifest file '../build/leo_patrolling/leo_patrolling.egg-info/SOURCES.txt'
[0.935s] writing manifest file '../build/leo_patrolling/leo_patrolling.egg-info/SOURCES.txt'
[0.935s] running build
[0.936s] running build_py
[0.936s] creating /home/ecem/sct_ws/src/llm_sct/build/leo_patrolling/build
[0.936s] creating /home/ecem/sct_ws/src/llm_sct/build/leo_patrolling/build/lib
[0.936s] creating /home/ecem/sct_ws/src/llm_sct/build/leo_patrolling/build/lib/leo_patrolling
[0.936s] copying leo_patrolling/robot_supervisor.py -> /home/ecem/sct_ws/src/llm_sct/build/leo_patrolling/build/lib/leo_patrolling
[0.936s] copying leo_patrolling/__init__.py -> /home/ecem/sct_ws/src/llm_sct/build/leo_patrolling/build/lib/leo_patrolling
[0.936s] copying leo_patrolling/color_detector.py -> /home/ecem/sct_ws/src/llm_sct/build/leo_patrolling/build/lib/leo_patrolling
[0.937s] copying leo_patrolling/sct.py -> /home/ecem/sct_ws/src/llm_sct/build/leo_patrolling/build/lib/leo_patrolling
[0.937s] running install
[0.937s] running install_lib
[0.937s] creating /home/ecem/sct_ws/src/llm_sct/install/leo_patrolling/lib/python3.10/site-packages/leo_patrolling
[0.937s] copying /home/ecem/sct_ws/src/llm_sct/build/leo_patrolling/build/lib/leo_patrolling/robot_supervisor.py -> /home/ecem/sct_ws/src/llm_sct/install/leo_patrolling/lib/python3.10/site-packages/leo_patrolling
[0.937s] copying /home/ecem/sct_ws/src/llm_sct/build/leo_patrolling/build/lib/leo_patrolling/__init__.py -> /home/ecem/sct_ws/src/llm_sct/install/leo_patrolling/lib/python3.10/site-packages/leo_patrolling
[0.937s] copying /home/ecem/sct_ws/src/llm_sct/build/leo_patrolling/build/lib/leo_patrolling/color_detector.py -> /home/ecem/sct_ws/src/llm_sct/install/leo_patrolling/lib/python3.10/site-packages/leo_patrolling
[0.937s] copying /home/ecem/sct_ws/src/llm_sct/build/leo_patrolling/build/lib/leo_patrolling/sct.py -> /home/ecem/sct_ws/src/llm_sct/install/leo_patrolling/lib/python3.10/site-packages/leo_patrolling
[0.937s] byte-compiling /home/ecem/sct_ws/src/llm_sct/install/leo_patrolling/lib/python3.10/site-packages/leo_patrolling/robot_supervisor.py to robot_supervisor.cpython-310.pyc
[0.942s] byte-compiling /home/ecem/sct_ws/src/llm_sct/install/leo_patrolling/lib/python3.10/site-packages/leo_patrolling/__init__.py to __init__.cpython-310.pyc
[0.942s] byte-compiling /home/ecem/sct_ws/src/llm_sct/install/leo_patrolling/lib/python3.10/site-packages/leo_patrolling/color_detector.py to color_detector.cpython-310.pyc
[0.943s] byte-compiling /home/ecem/sct_ws/src/llm_sct/install/leo_patrolling/lib/python3.10/site-packages/leo_patrolling/sct.py to sct.cpython-310.pyc
[0.944s] running install_data
[0.944s] creating /home/ecem/sct_ws/src/llm_sct/install/leo_patrolling/share/ament_index
[0.944s] creating /home/ecem/sct_ws/src/llm_sct/install/leo_patrolling/share/ament_index/resource_index
[0.944s] creating /home/ecem/sct_ws/src/llm_sct/install/leo_patrolling/share/ament_index/resource_index/packages
[0.944s] copying resource/leo_patrolling -> /home/ecem/sct_ws/src/llm_sct/install/leo_patrolling/share/ament_index/resource_index/packages
[0.945s] copying package.xml -> /home/ecem/sct_ws/src/llm_sct/install/leo_patrolling/share/leo_patrolling
[0.945s] creating /home/ecem/sct_ws/src/llm_sct/install/leo_patrolling/share/leo_patrolling/launch
[0.945s] copying launch/leo_gz.launch.py -> /home/ecem/sct_ws/src/llm_sct/install/leo_patrolling/share/leo_patrolling/launch
[0.945s] copying launch/spawn_multi_robots.launch.py -> /home/ecem/sct_ws/src/llm_sct/install/leo_patrolling/share/leo_patrolling/launch
[0.945s] creating /home/ecem/sct_ws/src/llm_sct/install/leo_patrolling/share/leo_patrolling/config
[0.945s] copying config/sup_patrolling.yaml -> /home/ecem/sct_ws/src/llm_sct/install/leo_patrolling/share/leo_patrolling/config
[0.945s] creating /home/ecem/sct_ws/src/llm_sct/install/leo_patrolling/share/leo_patrolling/rviz
[0.945s] creating /home/ecem/sct_ws/src/llm_sct/install/leo_patrolling/share/leo_patrolling/worlds
[0.945s] copying ../worlds/random_world_rgb.sdf -> /home/ecem/sct_ws/src/llm_sct/install/leo_patrolling/share/leo_patrolling/worlds
[0.945s] copying ../worlds/random_world.sdf -> /home/ecem/sct_ws/src/llm_sct/install/leo_patrolling/share/leo_patrolling/worlds
[0.945s] running install_egg_info
[0.946s] Copying ../build/leo_patrolling/leo_patrolling.egg-info to /home/ecem/sct_ws/src/llm_sct/install/leo_patrolling/lib/python3.10/site-packages/leo_patrolling-0.0.0-py3.10.egg-info
[0.946s] running install_scripts
[0.963s] Installing color_detector script to /home/ecem/sct_ws/src/llm_sct/install/leo_patrolling/lib/leo_patrolling
[0.963s] Installing robot_supervisor script to /home/ecem/sct_ws/src/llm_sct/install/leo_patrolling/lib/leo_patrolling
[0.964s] writing list of installed files to '/home/ecem/sct_ws/src/llm_sct/build/leo_patrolling/install.log'
[0.982s] Invoked command in '/home/ecem/sct_ws/src/llm_sct/leo_patrolling' returned '0': AMENT_PREFIX_PATH=/home/ecem/sct_ws/src/llm_sct/install/leo_image_processing:/home/ecem/sct_ws/src/llm_sct/install/evaluation:${AMENT_PREFIX_PATH} PYTHONPATH=/home/ecem/sct_ws/src/llm_sct/build/leo_patrolling/prefix_override:/usr/lib/python3/dist-packages/colcon_core/task/python/colcon_distutils_commands:/home/ecem/sct_ws/src/llm_sct/install/leo_patrolling/lib/python3.10/site-packages:/home/ecem/sct_ws/src/llm_sct/install/leo_image_processing/lib/python3.10/site-packages:/home/ecem/sct_ws/src/llm_sct/install/evaluation/lib/python3.10/site-packages:${PYTHONPATH} /usr/bin/python3 -W ignore:setup.py install is deprecated -W ignore:easy_install command is deprecated setup.py egg_info --egg-base ../build/leo_patrolling build --build-base /home/ecem/sct_ws/src/llm_sct/build/leo_patrolling/build install --record /home/ecem/sct_ws/src/llm_sct/build/leo_patrolling/install.log --single-version-externally-managed install_data
