1789488274.2951653 [INFO] [launch]: All log files can be found below /home/ecem/sct_ws/src/llm_sct/RESULTS_LAST/baseline/balanced_delivery/batch_logs/ros_slot2/2026-09-15-18-04-34-294370-ecem-pc-19
1789488274.2952716 [INFO] [launch]: Default logging verbosity is set to INFO
1789488275.2975440 [INFO] [ign gazebo-1]: process started with pid [142]
1789488275.2977736 [INFO] [image_bridge-2]: process started with pid [156]
1789488275.2978983 [ERROR] [image_bridge-2]: process has died [pid 156, exit code -6, cmd '/opt/ros/humble/lib/ros_gz_image/image_bridge /top_view_camera/image --ros-args -r __node:=top_view_image_bridge'].
1789488275.2980092 [INFO] [simulation_video_recorder-3]: process started with pid [160]
1789488275.2980878 [INFO] [coverage_counter-4]: process started with pid [168]
1789488275.2981629 [INFO] [bump_counter-5]: process started with pid [179]
1789488275.2982357 [INFO] [parameter_bridge-6]: process started with pid [189]
1789488275.2983105 [INFO] [robot_state_publisher-7]: process started with pid [196]
1789488275.2983887 [ERROR] [robot_state_publisher-7]: process has died [pid 196, exit code -6, cmd '/opt/ros/humble/lib/robot_state_publisher/robot_state_publisher --ros-args -r __ns:=/robot_0 --params-file /tmp/launch_params_xdth8jxw -r joint_states:=/robot_0/joint_states -r tf:=/tf -r tf_static:=/tf_static'].
1789488275.2984748 [INFO] [create-8]: process started with pid [204]
1789488275.2985480 [ERROR] [create-8]: process has died [pid 204, exit code -6, cmd '/opt/ros/humble/lib/ros_gz_sim/create -name robot_0 -x 0.5254972588943216 -y 1.06453102967644 -z 0.1 -Y -0.49865968115824755 -topic /robot_0/robot_description --ros-args -r __ns:=/robot_0'].
1789488275.2986250 [INFO] [static_transform_publisher-9]: process started with pid [212]
1789488275.2986989 [ERROR] [static_transform_publisher-9]: process has died [pid 212, exit code -6, cmd '/opt/ros/humble/lib/tf2_ros/static_transform_publisher 0.5254972588943216 1.06453102967644 0.0 -0.49865968115824755 0.0 0.0 odom robot_0/odom --ros-args -r __node:=robot_0_spawn_offset_tf'].
1789488275.2987769 [INFO] [image_bridge-10]: process started with pid [220]
1789488275.2988412 [INFO] [robot_state_publisher-11]: process started with pid [230]
1789488275.3091474 [ERROR] [robot_state_publisher-11]: process has died [pid 230, exit code -6, cmd '/opt/ros/humble/lib/robot_state_publisher/robot_state_publisher --ros-args -r __ns:=/robot_1 --params-file /tmp/launch_params_iwfyvtnd -r joint_states:=/robot_1/joint_states -r tf:=/tf -r tf_static:=/tf_static'].
1789488275.3093371 [INFO] [create-12]: process started with pid [241]
1789488275.3094311 [INFO] [static_transform_publisher-13]: process started with pid [254]
1789488275.3095193 [ERROR] [static_transform_publisher-13]: process has died [pid 254, exit code -6, cmd '/opt/ros/humble/lib/tf2_ros/static_transform_publisher 0.19612572193577593 -3.090206522187885 0.0 1.912238216409043 0.0 0.0 odom robot_1/odom --ros-args -r __node:=robot_1_spawn_offset_tf'].
1789488275.3096080 [INFO] [image_bridge-14]: process started with pid [269]
1789488275.3096848 [INFO] [robot_state_publisher-15]: process started with pid [282]
1789488275.3097696 [ERROR] [robot_state_publisher-15]: process has died [pid 282, exit code -6, cmd '/opt/ros/humble/lib/robot_state_publisher/robot_state_publisher --ros-args -r __ns:=/robot_2 --params-file /tmp/launch_params_m72tk3sm -r joint_states:=/robot_2/joint_states -r tf:=/tf -r tf_static:=/tf_static'].
1789488275.3138988 [INFO] [create-16]: process started with pid [290]
1789488275.3142259 [INFO] [static_transform_publisher-17]: process started with pid [306]
1789488275.3143432 [INFO] [image_bridge-18]: process started with pid [314]
1789488275.3144305 [INFO] [parameter_bridge-19]: process started with pid [318]
1789488275.3296647 [ERROR] [create-12]: process has died [pid 241, exit code -6, cmd '/opt/ros/humble/lib/ros_gz_sim/create -name robot_1 -x 0.19612572193577593 -y -3.090206522187885 -z 0.1 -Y 1.912238216409043 -topic /robot_1/robot_description --ros-args -r __ns:=/robot_1'].
1789488275.3299401 [ERROR] [static_transform_publisher-17]: process has died [pid 306, exit code -6, cmd '/opt/ros/humble/lib/tf2_ros/static_transform_publisher 1.5661729925953263 -1.6167603567097937 0.0 2.8429356413871334 0.0 0.0 odom robot_2/odom --ros-args -r __node:=robot_2_spawn_offset_tf'].
1789488275.4268212 [ERROR] [parameter_bridge-6]: process has died [pid 189, exit code -6, cmd '/opt/ros/humble/lib/ros_gz_bridge/parameter_bridge /robot_0/cmd_vel@geometry_msgs/msg/Twist]ignition.msgs.Twist /robot_0/odom@nav_msgs/msg/Odometry[ignition.msgs.Odometry /robot_0/tf@tf2_msgs/msg/TFMessage[ignition.msgs.Pose_V /robot_0/joint_states@sensor_msgs/msg/JointState[ignition.msgs.Model /robot_0/depth_camera/depth_image@sensor_msgs/msg/Image[ignition.msgs.Image /robot_0/depth_camera/camera_info@sensor_msgs/msg/CameraInfo[ignition.msgs.CameraInfo /world/random_world/model/robot_0/link/robot_0/base_footprint/sensor/contact_sensor/contact@ros_gz_interfaces/msg/Contacts[ignition.msgs.Contacts /robot_1/cmd_vel@geometry_msgs/msg/Twist]ignition.msgs.Twist /robot_1/odom@nav_msgs/msg/Odometry[ignition.msgs.Odometry /robot_1/tf@tf2_msgs/msg/TFMessage[ignition.msgs.Pose_V /robot_1/joint_states@sensor_msgs/msg/JointState[ignition.msgs.Model /robot_1/depth_camera/depth_image@sensor_msgs/msg/Image[ignition.msgs.Image /robot_1/depth_camera/camera_info@sensor_msgs/msg/CameraInfo[ignition.msgs.CameraInfo /world/random_world/model/robot_1/link/robot_1/base_footprint/sensor/contact_sensor/contact@ros_gz_interfaces/msg/Contacts[ignition.msgs.Contacts /robot_2/cmd_vel@geometry_msgs/msg/Twist]ignition.msgs.Twist /robot_2/odom@nav_msgs/msg/Odometry[ignition.msgs.Odometry /robot_2/tf@tf2_msgs/msg/TFMessage[ignition.msgs.Pose_V /robot_2/joint_states@sensor_msgs/msg/JointState[ignition.msgs.Model /robot_2/depth_camera/depth_image@sensor_msgs/msg/Image[ignition.msgs.Image /robot_2/depth_camera/camera_info@sensor_msgs/msg/CameraInfo[ignition.msgs.CameraInfo /world/random_world/model/robot_2/link/robot_2/base_footprint/sensor/contact_sensor/contact@ros_gz_interfaces/msg/Contacts[ignition.msgs.Contacts /world/random_world/dynamic_pose/info@tf2_msgs/msg/TFMessage[ignition.msgs.Pose_V /world/random_world/create@ros_gz_interfaces/srv/SpawnEntity /world/random_world/remove@ros_gz_interfaces/srv/DeleteEntity /world/random_world/set_pose@ros_gz_interfaces/srv/SetEntityPose --ros-args -r __node:=all_robots_bridge --params-file /tmp/launch_params_xsezip54 -r /robot_0/tf:=/tf -r /robot_1/tf:=/tf -r /robot_2/tf:=/tf'].
1789488275.4271801 [ERROR] [image_bridge-14]: process has died [pid 269, exit code -6, cmd '/opt/ros/humble/lib/ros_gz_image/image_bridge /robot_1/depth_camera/image --ros-args -r __node:=robot_1_rgb_image_bridge'].
1789488275.4276006 [INFO] [balanced_delivery_supervisor-20]: process started with pid [364]
1789488275.4277041 [INFO] [stuck_recovery-21]: process started with pid [369]
1789488275.5337336 [ERROR] [parameter_bridge-19]: process has died [pid 318, exit code -6, cmd '/opt/ros/humble/lib/ros_gz_bridge/parameter_bridge /clock@rosgraph_msgs/msg/Clock[ignition.msgs.Clock --ros-args -r __node:=clock_bridge --params-file /tmp/launch_params_mqb6vuq2'].
1789488275.5355303 [INFO] [balanced_delivery_supervisor-22]: process started with pid [390]
1789488275.5356698 [INFO] [stuck_recovery-23]: process started with pid [393]
1789488275.6030378 [ERROR] [image_bridge-10]: process has died [pid 220, exit code -6, cmd '/opt/ros/humble/lib/ros_gz_image/image_bridge /robot_0/depth_camera/image --ros-args -r __node:=robot_0_rgb_image_bridge'].
1789488275.6111238 [ERROR] [create-16]: process has died [pid 290, exit code -6, cmd '/opt/ros/humble/lib/ros_gz_sim/create -name robot_2 -x 1.5661729925953263 -y -1.6167603567097937 -z 0.1 -Y 2.8429356413871334 -topic /robot_2/robot_description --ros-args -r __ns:=/robot_2'].
1789488275.7454410 [ERROR] [image_bridge-18]: process has died [pid 314, exit code -6, cmd '/opt/ros/humble/lib/ros_gz_image/image_bridge /robot_2/depth_camera/image --ros-args -r __node:=robot_2_rgb_image_bridge'].
1789488275.7460177 [INFO] [balanced_delivery_supervisor-24]: process started with pid [423]
1789488275.7462990 [INFO] [stuck_recovery-25]: process started with pid [431]
1789488276.0324087 [ERROR] [ign gazebo-1]: process has died [pid 142, exit code 255, cmd 'ruby /usr/bin/ign gazebo /tmp/leo_delivery_no_overhead_camera_my2e81pt.sdf -s --headless-rendering -r -z 200 --force-version 6'].
1789488276.0329208 [INFO] [launch]: process[ign gazebo-1] was required: shutting down launched system
1789488276.0711565 [INFO] [stuck_recovery-25]: sending signal 'SIGINT' to process[stuck_recovery-25]
1789488276.0870314 [INFO] [balanced_delivery_supervisor-24]: sending signal 'SIGINT' to process[balanced_delivery_supervisor-24]
1789488276.1057210 [INFO] [stuck_recovery-23]: sending signal 'SIGINT' to process[stuck_recovery-23]
1789488276.1370921 [INFO] [balanced_delivery_supervisor-22]: sending signal 'SIGINT' to process[balanced_delivery_supervisor-22]
1789488276.1463947 [ERROR] [stuck_recovery-25]: process has died [pid 431, exit code -2, cmd '/home/ecem/sct_ws/install/leo_image_processing/lib/leo_image_processing/stuck_recovery --ros-args -r __node:=stuck_recovery -r __ns:=/robot_2 --params-file /tmp/launch_params_dk4zpbt_ --params-file /tmp/launch_params_sgt_y6rt --params-file /tmp/launch_params_awsf7f0w --params-file /tmp/launch_params_ze6nice9 --params-file /tmp/launch_params__wosgv50 --params-file /tmp/launch_params_5hvkbg65 --params-file /tmp/launch_params_7s5href0 --params-file /tmp/launch_params_x5bujc0d --params-file /tmp/launch_params_tzs1tlxl --params-file /tmp/launch_params_jmnfbpik'].
1789488276.1471817 [INFO] [stuck_recovery-21]: sending signal 'SIGINT' to process[stuck_recovery-21]
1789488276.1693194 [INFO] [balanced_delivery_supervisor-20]: sending signal 'SIGINT' to process[balanced_delivery_supervisor-20]
1789488276.1878440 [INFO] [bump_counter-5]: sending signal 'SIGINT' to process[bump_counter-5]
1789488276.1930673 [ERROR] [balanced_delivery_supervisor-24]: process has died [pid 423, exit code -2, cmd '/home/ecem/sct_ws/install/leo_delivery/lib/leo_delivery/balanced_delivery_supervisor --ros-args -r __node:=robot_supervisor -r __ns:=/robot_2 --params-file /tmp/launch_params_i2v9xe9h --params-file /tmp/launch_params_xcgt2ufv --params-file /tmp/launch_params_bcfodjp_ --params-file /tmp/launch_params_2f5acqdp --params-file /tmp/launch_params_n6_9kj84 --params-file /tmp/launch_params_m20cg7qd --params-file /tmp/launch_params_myzumll4 --params-file /tmp/launch_params_ta4agyml --params-file /tmp/launch_params_pxr98z35 -r cmd_vel:=cmd_vel_supervisor'].
1789488276.1993830 [INFO] [coverage_counter-4]: sending signal 'SIGINT' to process[coverage_counter-4]
1789488276.2002621 [ERROR] [stuck_recovery-23]: process has died [pid 393, exit code -2, cmd '/home/ecem/sct_ws/install/leo_image_processing/lib/leo_image_processing/stuck_recovery --ros-args -r __node:=stuck_recovery -r __ns:=/robot_1 --params-file /tmp/launch_params_3qvx2ia3 --params-file /tmp/launch_params__ojp6j0w --params-file /tmp/launch_params__f_ac0sl --params-file /tmp/launch_params_7702omow --params-file /tmp/launch_params_6urpdh6g --params-file /tmp/launch_params_1rs7uah4 --params-file /tmp/launch_params_zhnsyctv --params-file /tmp/launch_params_ovtz8wk5 --params-file /tmp/launch_params_kytmn2he --params-file /tmp/launch_params_wqiipl1e'].
1789488276.2047086 [INFO] [simulation_video_recorder-3]: sending signal 'SIGINT' to process[simulation_video_recorder-3]
1789488276.2054329 [ERROR] [balanced_delivery_supervisor-22]: process has died [pid 390, exit code -2, cmd '/home/ecem/sct_ws/install/leo_delivery/lib/leo_delivery/balanced_delivery_supervisor --ros-args -r __node:=robot_supervisor -r __ns:=/robot_1 --params-file /tmp/launch_params_t0tkupvh --params-file /tmp/launch_params__1xm_wgo --params-file /tmp/launch_params_app93_hx --params-file /tmp/launch_params_zol_75df --params-file /tmp/launch_params_lea_0tj_ --params-file /tmp/launch_params_fmxqhkbq --params-file /tmp/launch_params_pqnfnvfq --params-file /tmp/launch_params_yl1pzp4u --params-file /tmp/launch_params_gfqseztv -r cmd_vel:=cmd_vel_supervisor'].
1789488276.2110267 [ERROR] [stuck_recovery-21]: process has died [pid 369, exit code -2, cmd '/home/ecem/sct_ws/install/leo_image_processing/lib/leo_image_processing/stuck_recovery --ros-args -r __node:=stuck_recovery -r __ns:=/robot_0 --params-file /tmp/launch_params_12xo6n5c --params-file /tmp/launch_params_hms4434t --params-file /tmp/launch_params_bgjs9yak --params-file /tmp/launch_params_rl9b3x92 --params-file /tmp/launch_params_imz527ns --params-file /tmp/launch_params_5mk15w70 --params-file /tmp/launch_params_3lgt0fy6 --params-file /tmp/launch_params_3fcpdme5 --params-file /tmp/launch_params__1jy3cxr --params-file /tmp/launch_params_rj8jcodu'].
1789488276.2723255 [ERROR] [balanced_delivery_supervisor-20]: process has died [pid 364, exit code -2, cmd '/home/ecem/sct_ws/install/leo_delivery/lib/leo_delivery/balanced_delivery_supervisor --ros-args -r __node:=robot_supervisor -r __ns:=/robot_0 --params-file /tmp/launch_params_uxdp1rzi --params-file /tmp/launch_params_1k2h7kxw --params-file /tmp/launch_params_4iwkhib5 --params-file /tmp/launch_params_1qphuhl2 --params-file /tmp/launch_params_jm5apc6f --params-file /tmp/launch_params_3p0hhy8o --params-file /tmp/launch_params_d_v69cod --params-file /tmp/launch_params_75nptzgk --params-file /tmp/launch_params_218ye_ej -r cmd_vel:=cmd_vel_supervisor'].
1789488276.2780132 [ERROR] [coverage_counter-4]: process has died [pid 168, exit code -2, cmd '/home/ecem/sct_ws/install/evaluation/lib/evaluation/coverage_counter --ros-args -r __node:=coverage_counter --params-file /tmp/launch_params_7wzr1css --params-file /tmp/launch_params_6s9re56f --params-file /tmp/launch_params_iann1bft --params-file /tmp/launch_params_5mevrnz1 --params-file /tmp/launch_params_ahn_cjl6 --params-file /tmp/launch_params_cfgms44j --params-file /tmp/launch_params_1juntoeo --params-file /tmp/launch_params__7rw0o2l --params-file /tmp/launch_params_ezqt18km'].
1789488276.2782645 [ERROR] [simulation_video_recorder-3]: process has died [pid 160, exit code -2, cmd '/home/ecem/sct_ws/install/evaluation/lib/evaluation/simulation_video_recorder --ros-args -r __node:=simulation_video_recorder --params-file /tmp/launch_params_y_3o3v86 --params-file /tmp/launch_params_6s8sgq7z --params-file /tmp/launch_params_ngl9a48u --params-file /tmp/launch_params_e9t882vj --params-file /tmp/launch_params_b2tt5u8a --params-file /tmp/launch_params_ow2htee5 --params-file /tmp/launch_params_q372uze9'].
1789488276.2786429 [INFO] [launch]: process[coverage_counter-4] was required: shutting down launched system
1789488276.2816110 [ERROR] [bump_counter-5]: process has died [pid 179, exit code -2, cmd '/home/ecem/sct_ws/install/evaluation/lib/evaluation/bump_counter --ros-args -r __node:=bump_counter --params-file /tmp/launch_params_9n0b4fm9 --params-file /tmp/launch_params_n5iai80n --params-file /tmp/launch_params_6c96p1ff --params-file /tmp/launch_params_zcjl1ra6 --params-file /tmp/launch_params_gjtrp8ds --params-file /tmp/launch_params_7ldw5tnw --params-file /tmp/launch_params_qtv8kbul --params-file /tmp/launch_params_dynfh95_'].
