1789488274.2952044 [INFO] [launch]: All log files can be found below /home/ecem/sct_ws/src/llm_sct/RESULTS_LAST/baseline/balanced_delivery/batch_logs/ros_slot5/2026-09-15-18-04-34-294372-ecem-pc-23
1789488274.2953098 [INFO] [launch]: Default logging verbosity is set to INFO
1789488275.2236762 [INFO] [ign gazebo-1]: process started with pid [57]
1789488275.2406075 [INFO] [image_bridge-2]: process started with pid [60]
1789488275.2407997 [INFO] [simulation_video_recorder-3]: process started with pid [68]
1789488275.2409177 [INFO] [coverage_counter-4]: process started with pid [71]
1789488275.2410026 [INFO] [bump_counter-5]: process started with pid [76]
1789488275.2410796 [INFO] [parameter_bridge-6]: process started with pid [79]
1789488275.2411568 [INFO] [robot_state_publisher-7]: process started with pid [97]
1789488275.2412310 [INFO] [create-8]: process started with pid [107]
1789488275.2413251 [ERROR] [create-8]: process has died [pid 107, exit code -6, cmd '/opt/ros/humble/lib/ros_gz_sim/create -name robot_0 -x -0.7039346693168391 -y -2.288492343423226 -z 0.1 -Y -3.0509709635803723 -topic /robot_0/robot_description --ros-args -r __ns:=/robot_0'].
1789488275.2414730 [INFO] [static_transform_publisher-9]: process started with pid [122]
1789488275.2415636 [ERROR] [static_transform_publisher-9]: process has died [pid 122, exit code -6, cmd '/opt/ros/humble/lib/tf2_ros/static_transform_publisher -0.7039346693168391 -2.288492343423226 0.0 -3.0509709635803723 0.0 0.0 odom robot_0/odom --ros-args -r __node:=robot_0_spawn_offset_tf'].
1789488275.2416542 [INFO] [image_bridge-10]: process started with pid [134]
1789488275.2417297 [INFO] [robot_state_publisher-11]: process started with pid [149]
1789488275.2418094 [ERROR] [robot_state_publisher-11]: process has died [pid 149, exit code -6, cmd '/opt/ros/humble/lib/robot_state_publisher/robot_state_publisher --ros-args -r __ns:=/robot_1 --params-file /tmp/launch_params_too7oomx -r joint_states:=/robot_1/joint_states -r tf:=/tf -r tf_static:=/tf_static'].
1789488275.2419171 [INFO] [create-12]: process started with pid [169]
1789488275.2420106 [INFO] [static_transform_publisher-13]: process started with pid [183]
1789488275.2420914 [ERROR] [static_transform_publisher-13]: process has died [pid 183, exit code -6, cmd '/opt/ros/humble/lib/tf2_ros/static_transform_publisher 0.7225122455722914 -1.8191221860665705 0.0 -1.9778390025309458 0.0 0.0 odom robot_1/odom --ros-args -r __node:=robot_1_spawn_offset_tf'].
1789488275.2421880 [INFO] [image_bridge-14]: process started with pid [205]
1789488275.2422650 [INFO] [robot_state_publisher-15]: process started with pid [223]
1789488275.2423449 [ERROR] [robot_state_publisher-15]: process has died [pid 223, exit code -6, cmd '/opt/ros/humble/lib/robot_state_publisher/robot_state_publisher --ros-args -r __ns:=/robot_2 --params-file /tmp/launch_params_by_lzx3s -r joint_states:=/robot_2/joint_states -r tf:=/tf -r tf_static:=/tf_static'].
1789488275.2424297 [INFO] [create-16]: process started with pid [237]
1789488275.2425098 [INFO] [static_transform_publisher-17]: process started with pid [253]
1789488275.2425838 [INFO] [image_bridge-18]: process started with pid [279]
1789488275.2426562 [INFO] [parameter_bridge-19]: process started with pid [291]
1789488275.3871877 [ERROR] [parameter_bridge-6]: process has died [pid 79, exit code -6, cmd '/opt/ros/humble/lib/ros_gz_bridge/parameter_bridge /robot_0/cmd_vel@geometry_msgs/msg/Twist]ignition.msgs.Twist /robot_0/odom@nav_msgs/msg/Odometry[ignition.msgs.Odometry /robot_0/tf@tf2_msgs/msg/TFMessage[ignition.msgs.Pose_V /robot_0/joint_states@sensor_msgs/msg/JointState[ignition.msgs.Model /robot_0/depth_camera/depth_image@sensor_msgs/msg/Image[ignition.msgs.Image /robot_0/depth_camera/camera_info@sensor_msgs/msg/CameraInfo[ignition.msgs.CameraInfo /world/random_world/model/robot_0/link/robot_0/base_footprint/sensor/contact_sensor/contact@ros_gz_interfaces/msg/Contacts[ignition.msgs.Contacts /robot_1/cmd_vel@geometry_msgs/msg/Twist]ignition.msgs.Twist /robot_1/odom@nav_msgs/msg/Odometry[ignition.msgs.Odometry /robot_1/tf@tf2_msgs/msg/TFMessage[ignition.msgs.Pose_V /robot_1/joint_states@sensor_msgs/msg/JointState[ignition.msgs.Model /robot_1/depth_camera/depth_image@sensor_msgs/msg/Image[ignition.msgs.Image /robot_1/depth_camera/camera_info@sensor_msgs/msg/CameraInfo[ignition.msgs.CameraInfo /world/random_world/model/robot_1/link/robot_1/base_footprint/sensor/contact_sensor/contact@ros_gz_interfaces/msg/Contacts[ignition.msgs.Contacts /robot_2/cmd_vel@geometry_msgs/msg/Twist]ignition.msgs.Twist /robot_2/odom@nav_msgs/msg/Odometry[ignition.msgs.Odometry /robot_2/tf@tf2_msgs/msg/TFMessage[ignition.msgs.Pose_V /robot_2/joint_states@sensor_msgs/msg/JointState[ignition.msgs.Model /robot_2/depth_camera/depth_image@sensor_msgs/msg/Image[ignition.msgs.Image /robot_2/depth_camera/camera_info@sensor_msgs/msg/CameraInfo[ignition.msgs.CameraInfo /world/random_world/model/robot_2/link/robot_2/base_footprint/sensor/contact_sensor/contact@ros_gz_interfaces/msg/Contacts[ignition.msgs.Contacts /world/random_world/dynamic_pose/info@tf2_msgs/msg/TFMessage[ignition.msgs.Pose_V /world/random_world/create@ros_gz_interfaces/srv/SpawnEntity /world/random_world/remove@ros_gz_interfaces/srv/DeleteEntity /world/random_world/set_pose@ros_gz_interfaces/srv/SetEntityPose --ros-args -r __node:=all_robots_bridge --params-file /tmp/launch_params_u56znk0j -r /robot_0/tf:=/tf -r /robot_1/tf:=/tf -r /robot_2/tf:=/tf'].
1789488275.3874576 [ERROR] [robot_state_publisher-7]: process has died [pid 97, exit code -6, cmd '/opt/ros/humble/lib/robot_state_publisher/robot_state_publisher --ros-args -r __ns:=/robot_0 --params-file /tmp/launch_params_4nwciu_s -r joint_states:=/robot_0/joint_states -r tf:=/tf -r tf_static:=/tf_static'].
1789488275.3875911 [ERROR] [create-12]: process has died [pid 169, exit code -6, cmd '/opt/ros/humble/lib/ros_gz_sim/create -name robot_1 -x 0.7225122455722914 -y -1.8191221860665705 -z 0.1 -Y -1.9778390025309458 -topic /robot_1/robot_description --ros-args -r __ns:=/robot_1'].
1789488275.3877087 [ERROR] [create-16]: process has died [pid 237, exit code -6, cmd '/opt/ros/humble/lib/ros_gz_sim/create -name robot_2 -x 1.7796408067881226 -y -1.5582678160724504 -z 0.1 -Y -1.8374908874747495 -topic /robot_2/robot_description --ros-args -r __ns:=/robot_2'].
1789488275.3880131 [ERROR] [image_bridge-2]: process has died [pid 60, exit code -6, cmd '/opt/ros/humble/lib/ros_gz_image/image_bridge /top_view_camera/image --ros-args -r __node:=top_view_image_bridge'].
1789488275.3886387 [INFO] [balanced_delivery_supervisor-20]: process started with pid [340]
1789488275.3887851 [INFO] [stuck_recovery-21]: process started with pid [350]
1789488275.4721501 [ERROR] [static_transform_publisher-17]: process has died [pid 253, exit code -6, cmd '/opt/ros/humble/lib/tf2_ros/static_transform_publisher 1.7796408067881226 -1.5582678160724504 0.0 -1.8374908874747495 0.0 0.0 odom robot_2/odom --ros-args -r __node:=robot_2_spawn_offset_tf'].
1789488275.6811879 [ERROR] [image_bridge-10]: process has died [pid 134, exit code -6, cmd '/opt/ros/humble/lib/ros_gz_image/image_bridge /robot_0/depth_camera/image --ros-args -r __node:=robot_0_rgb_image_bridge'].
1789488275.6823785 [ERROR] [image_bridge-14]: process has died [pid 205, exit code -6, cmd '/opt/ros/humble/lib/ros_gz_image/image_bridge /robot_1/depth_camera/image --ros-args -r __node:=robot_1_rgb_image_bridge'].
1789488275.6827013 [INFO] [balanced_delivery_supervisor-22]: process started with pid [397]
1789488275.6828241 [INFO] [stuck_recovery-23]: process started with pid [402]
1789488275.6829405 [ERROR] [image_bridge-18]: process has died [pid 279, exit code -6, cmd '/opt/ros/humble/lib/ros_gz_image/image_bridge /robot_2/depth_camera/image --ros-args -r __node:=robot_2_rgb_image_bridge'].
1789488275.6830721 [ERROR] [parameter_bridge-19]: process has died [pid 291, exit code -6, cmd '/opt/ros/humble/lib/ros_gz_bridge/parameter_bridge /clock@rosgraph_msgs/msg/Clock[ignition.msgs.Clock --ros-args -r __node:=clock_bridge --params-file /tmp/launch_params_g_aocjh8'].
1789488275.6835110 [INFO] [balanced_delivery_supervisor-24]: process started with pid [417]
1789488275.6836712 [INFO] [stuck_recovery-25]: process started with pid [419]
1789488276.0611429 [ERROR] [ign gazebo-1]: process has died [pid 57, exit code 255, cmd 'ruby /usr/bin/ign gazebo /tmp/leo_delivery_no_overhead_camera_9z1wu3ri.sdf -s --headless-rendering -r -z 200 --force-version 6'].
1789488276.0616455 [INFO] [launch]: process[ign gazebo-1] was required: shutting down launched system
1789488276.0918822 [INFO] [stuck_recovery-25]: sending signal 'SIGINT' to process[stuck_recovery-25]
1789488276.1263120 [INFO] [balanced_delivery_supervisor-24]: sending signal 'SIGINT' to process[balanced_delivery_supervisor-24]
1789488276.1463144 [INFO] [stuck_recovery-23]: sending signal 'SIGINT' to process[stuck_recovery-23]
1789488276.1657977 [INFO] [balanced_delivery_supervisor-22]: sending signal 'SIGINT' to process[balanced_delivery_supervisor-22]
1789488276.1955488 [INFO] [stuck_recovery-21]: sending signal 'SIGINT' to process[stuck_recovery-21]
1789488276.2187614 [ERROR] [stuck_recovery-25]: process has died [pid 419, exit code -2, cmd '/home/ecem/sct_ws/install/leo_image_processing/lib/leo_image_processing/stuck_recovery --ros-args -r __node:=stuck_recovery -r __ns:=/robot_2 --params-file /tmp/launch_params_hakthb3r --params-file /tmp/launch_params_kmpw9dfn --params-file /tmp/launch_params_a9aoj5ds --params-file /tmp/launch_params_x242ey0p --params-file /tmp/launch_params_y3ij37jk --params-file /tmp/launch_params_97gbr4zg --params-file /tmp/launch_params_0__98o85 --params-file /tmp/launch_params_g832d6ip --params-file /tmp/launch_params_6cripmgr --params-file /tmp/launch_params_a80ov2sl'].
1789488276.2198992 [INFO] [balanced_delivery_supervisor-20]: sending signal 'SIGINT' to process[balanced_delivery_supervisor-20]
1789488276.2457466 [INFO] [bump_counter-5]: sending signal 'SIGINT' to process[bump_counter-5]
1789488276.2466385 [ERROR] [stuck_recovery-23]: process has died [pid 402, exit code -2, cmd '/home/ecem/sct_ws/install/leo_image_processing/lib/leo_image_processing/stuck_recovery --ros-args -r __node:=stuck_recovery -r __ns:=/robot_1 --params-file /tmp/launch_params_5ziq322b --params-file /tmp/launch_params_ggcvonwa --params-file /tmp/launch_params__ka8kyii --params-file /tmp/launch_params_21i4md4p --params-file /tmp/launch_params_mg71v1wz --params-file /tmp/launch_params_764psm37 --params-file /tmp/launch_params_ye53ixb5 --params-file /tmp/launch_params_tsg3xu12 --params-file /tmp/launch_params_ey78o49t --params-file /tmp/launch_params_h9xfzhae'].
1789488276.2468121 [ERROR] [balanced_delivery_supervisor-24]: process has died [pid 417, exit code -2, cmd '/home/ecem/sct_ws/install/leo_delivery/lib/leo_delivery/balanced_delivery_supervisor --ros-args -r __node:=robot_supervisor -r __ns:=/robot_2 --params-file /tmp/launch_params_oxbgecpb --params-file /tmp/launch_params_ck9xchaw --params-file /tmp/launch_params_zcjrspir --params-file /tmp/launch_params_moqrgxw3 --params-file /tmp/launch_params_zewfymdx --params-file /tmp/launch_params_jds01n9e --params-file /tmp/launch_params_0omxz98n --params-file /tmp/launch_params_7aucty1h --params-file /tmp/launch_params_yzhk0iwk -r cmd_vel:=cmd_vel_supervisor'].
1789488276.2686822 [INFO] [coverage_counter-4]: sending signal 'SIGINT' to process[coverage_counter-4]
1789488276.2788103 [INFO] [simulation_video_recorder-3]: sending signal 'SIGINT' to process[simulation_video_recorder-3]
1789488276.2857060 [ERROR] [balanced_delivery_supervisor-22]: process has died [pid 397, exit code -2, cmd '/home/ecem/sct_ws/install/leo_delivery/lib/leo_delivery/balanced_delivery_supervisor --ros-args -r __node:=robot_supervisor -r __ns:=/robot_1 --params-file /tmp/launch_params_ewd_ohhm --params-file /tmp/launch_params_nztojkki --params-file /tmp/launch_params_xhmcuyk1 --params-file /tmp/launch_params_1yzzozec --params-file /tmp/launch_params_2a3othz9 --params-file /tmp/launch_params_jw_ef63m --params-file /tmp/launch_params_m89ai4ib --params-file /tmp/launch_params_y75q5_zj --params-file /tmp/launch_params_676eg3vf -r cmd_vel:=cmd_vel_supervisor'].
1789488276.2870004 [ERROR] [stuck_recovery-21]: process has died [pid 350, exit code -2, cmd '/home/ecem/sct_ws/install/leo_image_processing/lib/leo_image_processing/stuck_recovery --ros-args -r __node:=stuck_recovery -r __ns:=/robot_0 --params-file /tmp/launch_params_pdumtb8i --params-file /tmp/launch_params_gp47_k0v --params-file /tmp/launch_params_1vc_nwet --params-file /tmp/launch_params_8f0m9lft --params-file /tmp/launch_params_y0je0gi_ --params-file /tmp/launch_params_8dlafr9x --params-file /tmp/launch_params_hiys_nma --params-file /tmp/launch_params_gcc6t1hv --params-file /tmp/launch_params_6b_nrc1e --params-file /tmp/launch_params_lx79v0lt'].
1789488276.3045752 [ERROR] [balanced_delivery_supervisor-20]: process has died [pid 340, exit code -2, cmd '/home/ecem/sct_ws/install/leo_delivery/lib/leo_delivery/balanced_delivery_supervisor --ros-args -r __node:=robot_supervisor -r __ns:=/robot_0 --params-file /tmp/launch_params_e6algt83 --params-file /tmp/launch_params_w4par371 --params-file /tmp/launch_params_xqqqgjsm --params-file /tmp/launch_params_4fvf6paa --params-file /tmp/launch_params_ada__s8z --params-file /tmp/launch_params_x7gyohcy --params-file /tmp/launch_params_nwg69vkz --params-file /tmp/launch_params_2vj_6tox --params-file /tmp/launch_params_je5ryuki -r cmd_vel:=cmd_vel_supervisor'].
1789488276.3301549 [ERROR] [coverage_counter-4]: process has died [pid 71, exit code 1, cmd '/home/ecem/sct_ws/install/evaluation/lib/evaluation/coverage_counter --ros-args -r __node:=coverage_counter --params-file /tmp/launch_params_hl_zz7cz --params-file /tmp/launch_params_8mxuhiow --params-file /tmp/launch_params_o4mh1pyn --params-file /tmp/launch_params__0mwqdpp --params-file /tmp/launch_params_zln3fwcn --params-file /tmp/launch_params_67x1ogmr --params-file /tmp/launch_params_tw9yjc18 --params-file /tmp/launch_params_38om6qbq --params-file /tmp/launch_params_tg9w73it'].
1789488276.3306351 [INFO] [launch]: process[coverage_counter-4] was required: shutting down launched system
1789488276.3531029 [ERROR] [bump_counter-5]: process has died [pid 76, exit code -2, cmd '/home/ecem/sct_ws/install/evaluation/lib/evaluation/bump_counter --ros-args -r __node:=bump_counter --params-file /tmp/launch_params_hlgcjk3q --params-file /tmp/launch_params_mpsn5ll9 --params-file /tmp/launch_params_6d27yurd --params-file /tmp/launch_params_c84uy6xu --params-file /tmp/launch_params_6slsvz8b --params-file /tmp/launch_params_3ms4x3dw --params-file /tmp/launch_params_kg09ibq0 --params-file /tmp/launch_params_x4vqpvtz'].
1789488276.3621752 [ERROR] [simulation_video_recorder-3]: process has died [pid 68, exit code -2, cmd '/home/ecem/sct_ws/install/evaluation/lib/evaluation/simulation_video_recorder --ros-args -r __node:=simulation_video_recorder --params-file /tmp/launch_params_i9l90ov1 --params-file /tmp/launch_params_z6kjo3hn --params-file /tmp/launch_params_r2ug9o3_ --params-file /tmp/launch_params_16etk70z --params-file /tmp/launch_params_usuekgv9 --params-file /tmp/launch_params_8ztu_r8j --params-file /tmp/launch_params_xvrl8nv2'].
