[INFO] [1789489731.265771028] [robot_0.robot_supervisor]: Loaded initial mission 'balanced_delivery' from explicit YAML S_20260915_182327.yaml
[INFO] [1789489731.382516865] [robot_0.robot_supervisor]: Selected controllable event: EV_search_color
[INFO] [1789489731.587738528] [robot_0.robot_supervisor]: Selected controllable event: EV_move_forward
[INFO] [1789489731.884567213] [robot_0.robot_supervisor]: Selected controllable event: EV_approach_color
[INFO] [1789489732.189982954] [robot_0.robot_supervisor]: Selected controllable event: EV_approach_object
[INFO] [1789489732.491690729] [robot_0.robot_supervisor]: Selected controllable event: EV_search_color
[INFO] [1789489732.688086969] [robot_0.robot_supervisor]: Selected controllable event: EV_search_color
[INFO] [1789489732.795449984] [robot_0.robot_supervisor]: Selected controllable event: EV_move_forward
[INFO] [1789489733.093595572] [robot_0.robot_supervisor]: Selected controllable event: EV_search_color
[INFO] [1789489733.197376775] [robot_0.robot_supervisor]: Selected controllable event: EV_search_color
[INFO] [1789489733.383397242] [robot_0.robot_supervisor]: Selected controllable event: EV_search_object
[INFO] [1789489733.581980127] [robot_0.robot_supervisor]: Selected controllable event: EV_approach_color
[INFO] [1789489733.881916390] [robot_0.robot_supervisor]: Selected controllable event: EV_search_object
[INFO] [1789489734.082156028] [robot_0.robot_supervisor]: Selected controllable event: EV_search_color
[INFO] [1789489734.282207703] [robot_0.robot_supervisor]: Selected controllable event: EV_move_forward
[INFO] [1789489734.582182990] [robot_0.robot_supervisor]: Selected controllable event: EV_search_color
[INFO] [1789489734.782232401] [robot_0.robot_supervisor]: Selected controllable event: EV_move_forward
[INFO] [1789489735.083750295] [robot_0.robot_supervisor]: Selected controllable event: EV_search_object
[INFO] [1789489735.282193516] [robot_0.robot_supervisor]: Selected controllable event: EV_approach_color
[INFO] [1789489735.582727566] [robot_0.robot_supervisor]: Selected controllable event: EV_approach_color
[INFO] [1789489735.784013495] [robot_0.robot_supervisor]: Triggered uncontrollable event: EV_object_not_visible
[INFO] [1789489735.788747478] [robot_0.robot_supervisor]: Selected controllable event: EV_move_forward
[INFO] [1789489736.082634133] [robot_0.robot_supervisor]: Selected controllable event: EV_move_forward
[INFO] [1789489736.291534185] [robot_0.robot_supervisor]: ############################# REACHED: EV_object_reached #############################
[INFO] [1789489736.292140614] [robot_0.robot_supervisor]: Selected controllable event: EV_search_object
[INFO] [1789489736.490882472] [robot_0.robot_supervisor]: Selected controllable event: EV_approach_object
[INFO] [1789489736.785835742] [robot_0.robot_supervisor]: ############################# REACHED: EV_object_reached #############################
[INFO] [1789489736.789119377] [robot_0.robot_supervisor]: Selected controllable event: EV_move_forward
[INFO] [1789489737.004362861] [robot_0.robot_supervisor]: Selected controllable event: EV_move_forward
[INFO] [1789489737.286471333] [robot_0.robot_supervisor]: ############################# REACHED: EV_object_reached #############################
[INFO] [1789489737.290215079] [robot_0.robot_supervisor]: Selected controllable event: EV_search_object
[INFO] [1789489737.494088093] [robot_0.robot_supervisor]: Selected controllable event: EV_approach_color
[INFO] [1789489737.696037596] [robot_0.robot_supervisor]: ############################# REACHED: EV_object_reached #############################
[INFO] [1789489737.696609339] [robot_0.robot_supervisor]: Selected controllable event: EV_approach_object
[INFO] [1789489738.002290060] [robot_0.robot_supervisor]: Selected controllable event: EV_move_forward
[INFO] [1789489738.292822311] [robot_0.robot_supervisor]: ############################# REACHED: EV_object_reached #############################
[INFO] [1789489738.293448842] [robot_0.robot_supervisor]: Selected controllable event: EV_move_forward
[INFO] [1789489738.581946667] [robot_0.robot_supervisor]: ############################# REACHED: EV_object_reached #############################
[INFO] [1789489738.585783749] [robot_0.robot_supervisor]: Selected controllable event: EV_search_object
[INFO] [1789489738.690216027] [robot_0.robot_supervisor]: Selected controllable event: EV_approach_object
[INFO] [1789489738.985623079] [robot_0.robot_supervisor]: ############################# REACHED: EV_object_reached #############################
[INFO] [1789489738.986185026] [robot_0.robot_supervisor]: Selected controllable event: EV_search_color
[INFO] [1789489739.186391630] [robot_0.robot_supervisor]: Selected controllable event: EV_approach_color
[INFO] [1789489739.491370300] [robot_0.robot_supervisor]: ############################# REACHED: EV_object_reached #############################
[INFO] [1789489739.491882352] [robot_0.robot_supervisor]: Selected controllable event: EV_search_object
[INFO] [1789489739.594932801] [robot_0.robot_supervisor]: Selected controllable event: EV_move_forward
[INFO] [1789489739.885385713] [robot_0.robot_supervisor]: ############################# REACHED: EV_object_reached #############################
[INFO] [1789489739.893284503] [robot_0.robot_supervisor]: Selected controllable event: EV_approach_object
[INFO] [1789489740.189936491] [robot_0.robot_supervisor]: Selected controllable event: EV_search_color
[INFO] [1789489740.297028396] [robot_0.robot_supervisor]: Selected controllable event: EV_search_object
[INFO] [1789489740.485565947] [robot_0.robot_supervisor]: ############################# REACHED: EV_object_reached #############################
[INFO] [1789489740.489450351] [robot_0.robot_supervisor]: Selected controllable event: EV_approach_color
[INFO] [1789489740.794151056] [robot_0.robot_supervisor]: ############################# REACHED: EV_object_reached #############################
[INFO] [1789489740.797707683] [robot_0.robot_supervisor]: Selected controllable event: EV_search_color
[INFO] [1789489741.000556747] [robot_0.robot_supervisor]: Selected controllable event: EV_approach_object
[INFO] [1789489741.299105011] [robot_0.robot_supervisor]: ############################# REACHED: EV_object_reached #############################
[INFO] [1789489741.299734359] [robot_0.robot_supervisor]: Selected controllable event: EV_approach_color
[INFO] [1789489741.592609057] [robot_0.robot_supervisor]: Selected controllable event: EV_search_color
[INFO] [1789489741.792265593] [robot_0.robot_supervisor]: ############################# REACHED: EV_object_reached #############################
[INFO] [1789489741.797289835] [robot_0.robot_supervisor]: Selected controllable event: EV_search_color
[INFO] [1789489741.984367765] [robot_0.robot_supervisor]: Selected controllable event: EV_approach_object
[INFO] [1789489742.185812277] [robot_0.robot_supervisor]: ############################# REACHED: EV_object_reached #############################
[INFO] [1789489742.192293367] [robot_0.robot_supervisor]: Selected controllable event: EV_approach_object
[INFO] [1789489742.496151986] [robot_0.robot_supervisor]: Selected controllable event: EV_approach_color
[INFO] [1789489742.785248843] [robot_0.robot_supervisor]: ############################# REACHED: EV_object_reached #############################
[INFO] [1789489742.793252864] [robot_0.robot_supervisor]: Selected controllable event: EV_search_color
[INFO] [1789489742.984057961] [robot_0.robot_supervisor]: Selected controllable event: EV_approach_object
[INFO] [1789489743.289000178] [robot_0.robot_supervisor]: ############################# VISIBLE: EV_object_visible #############################
[INFO] [1789489743.289763562] [robot_0.robot_supervisor]: Selected controllable event: EV_approach_object
[INFO] [1789489743.593306844] [robot_0.robot_supervisor]: ############################# VISIBLE: EV_object_visible #############################
[INFO] [1789489743.597580894] [robot_0.robot_supervisor]: Selected controllable event: EV_approach_object
[INFO] [1789489743.886621268] [robot_0.robot_supervisor]: Selected controllable event: EV_move_forward
[INFO] [1789489744.190020968] [robot_0.robot_supervisor]: ############################# VISIBLE: EV_object_visible #############################
[INFO] [1789489744.190628631] [robot_0.robot_supervisor]: Selected controllable event: EV_move_forward
[INFO] [1789489744.488472782] [robot_0.robot_supervisor]: ############################# VISIBLE: EV_object_visible #############################
[INFO] [1789489744.489024072] [robot_0.robot_supervisor]: Selected controllable event: EV_approach_color
[INFO] [1789489744.790399518] [robot_0.robot_supervisor]: Selected controllable event: EV_approach_object
[INFO] [1789489745.100160355] [robot_0.robot_supervisor]: ############################# VISIBLE: EV_object_visible #############################
[INFO] [1789489745.100809187] [robot_0.robot_supervisor]: Selected controllable event: EV_search_object
[INFO] [1789489745.295778105] [robot_0.robot_supervisor]: Selected controllable event: EV_search_color
[INFO] [1789489745.482699344] [robot_0.robot_supervisor]: ############################# VISIBLE: EV_object_visible #############################
[INFO] [1789489745.487677879] [robot_0.robot_supervisor]: Selected controllable event: EV_approach_object
[INFO] [1789489745.786365615] [robot_0.robot_supervisor]: Selected controllable event: EV_approach_color
[INFO] [1789489746.099072260] [robot_0.robot_supervisor]: ############################# VISIBLE: EV_object_visible #############################
[INFO] [1789489746.099708991] [robot_0.robot_supervisor]: Selected controllable event: EV_search_color
[INFO] [1789489746.285366428] [robot_0.robot_supervisor]: ############################# VISIBLE: EV_object_visible #############################
[INFO] [1789489746.285943940] [robot_0.robot_supervisor]: Selected controllable event: EV_approach_color
[INFO] [1789489746.497974223] [robot_0.robot_supervisor]: Selected controllable event: EV_approach_object
[INFO] [1789489746.782328566] [robot_0.robot_supervisor]: ############################# VISIBLE: EV_object_visible #############################
[INFO] [1789489746.786813962] [robot_0.robot_supervisor]: Selected controllable event: EV_move_forward
[INFO] [1789489747.086936014] [robot_0.robot_supervisor]: Selected controllable event: EV_move_forward
[INFO] [1789489747.294531096] [robot_0.robot_supervisor]: ############################# VISIBLE: EV_object_visible #############################
[INFO] [1789489747.298365958] [robot_0.robot_supervisor]: Selected controllable event: EV_search_color
[INFO] [1789489747.490634242] [robot_0.robot_supervisor]: Selected controllable event: EV_search_color
[INFO] [1789489747.598479915] [robot_0.robot_supervisor]: Triggered uncontrollable event: EV_obstacle_left
[INFO] [1789489747.598909380] [robot_0.robot_supervisor]: ############################# VISIBLE: EV_object_visible #############################
[INFO] [1789489747.599417431] [robot_0.robot_supervisor]: Selected controllable event: EV_rotate_clockwise
[INFO] [1789489747.783607732] [robot_0.robot_supervisor]: Triggered uncontrollable event: EV_obstacle_left
[INFO] [1789489747.791498778] [robot_0.robot_supervisor]: Selected controllable event: EV_rotate_clockwise
[INFO] [1789489747.988474041] [robot_0.robot_supervisor]: Triggered uncontrollable event: EV_obstacle_left
[INFO] [1789489747.988890174] [robot_0.robot_supervisor]: ############################# VISIBLE: EV_object_visible #############################
[INFO] [1789489747.989434513] [robot_0.robot_supervisor]: Selected controllable event: EV_rotate_clockwise
[INFO] [1789489748.189379177] [robot_0.robot_supervisor]: Triggered uncontrollable event: EV_obstacle_left
[INFO] [1789489748.196867759] [robot_0.robot_supervisor]: Selected controllable event: EV_u_turn
[INFO] [1789489748.197367171] [robot_0.robot_supervisor]: Starting FULL ROTATE (omega=1.000, have_odom=True, target_rad=3.142, timeout_s=3.500)
[INFO] [1789489751.284015326] [robot_0.robot_supervisor]: FULL ROTATE completed by odom (accum_rad=3.205)
[INFO] [1789489751.484302797] [robot_0.robot_supervisor]: ############################# VISIBLE: EV_object_visible #############################
[INFO] [1789489751.495772398] [robot_0.robot_supervisor]: Selected controllable event: EV_approach_object
[INFO] [1789489751.784674133] [robot_0.robot_supervisor]: Selected controllable event: EV_move_forward
[INFO] [1789489752.088705142] [robot_0.robot_supervisor]: ############################# VISIBLE: EV_object_visible #############################
[INFO] [1789489752.090199310] [robot_0.robot_supervisor]: Selected controllable event: EV_approach_color
[INFO] [1789489752.294833001] [robot_0.robot_supervisor]: Selected controllable event: EV_move_forward
[INFO] [1789489752.585731362] [robot_0.robot_supervisor]: ############################# VISIBLE: EV_object_visible #############################
[INFO] [1789489752.589836969] [robot_0.robot_supervisor]: Selected controllable event: EV_approach_object
[INFO] [1789489752.792098205] [robot_0.robot_supervisor]: ############################# VISIBLE: EV_object_visible #############################
[INFO] [1789489752.792645078] [robot_0.robot_supervisor]: Selected controllable event: EV_search_object
[INFO] [1789489752.893507342] [robot_0.robot_supervisor]: Selected controllable event: EV_search_color
[INFO] [1789489753.092577827] [robot_0.robot_supervisor]: Selected controllable event: EV_search_color
[INFO] [1789489753.295427829] [robot_0.robot_supervisor]: ############################# VISIBLE: EV_object_visible #############################
[INFO] [1789489753.302265284] [robot_0.robot_supervisor]: Selected controllable event: EV_search_color
[INFO] [1789489753.491666728] [robot_0.robot_supervisor]: Selected controllable event: EV_approach_color
[INFO] [1789489753.782729974] [robot_0.robot_supervisor]: ############################# VISIBLE: EV_object_visible #############################
[INFO] [1789489753.786551816] [robot_0.robot_supervisor]: Selected controllable event: EV_search_color
[INFO] [1789489753.985630121] [robot_0.robot_supervisor]: Selected controllable event: EV_move_forward
[INFO] [1789489754.188822563] [robot_0.robot_supervisor]: ############################# VISIBLE: EV_object_visible #############################
[INFO] [1789489754.189866894] [robot_0.robot_supervisor]: Selected controllable event: EV_move_forward
[INFO] [1789489754.394229104] [robot_0.robot_supervisor]: Selected controllable event: EV_approach_object
[INFO] [1789489754.598553428] [robot_0.robot_supervisor]: ############################# VISIBLE: EV_object_visible #############################
[INFO] [1789489754.599143158] [robot_0.robot_supervisor]: Selected controllable event: EV_move_forward
[INFO] [1789489754.889563273] [robot_0.robot_supervisor]: ############################# VISIBLE: EV_object_visible #############################
[INFO] [1789489754.890162577] [robot_0.robot_supervisor]: Selected controllable event: EV_search_object
[INFO] [1789489755.082808646] [robot_0.robot_supervisor]: Selected controllable event: EV_move_forward
[INFO] [1789489755.299567245] [robot_0.robot_supervisor]: Selected controllable event: EV_search_color
[INFO] [1789489755.485711105] [robot_0.robot_supervisor]: ############################# VISIBLE: EV_object_visible #############################
[INFO] [1789489755.486653465] [robot_0.robot_supervisor]: Selected controllable event: EV_search_object
[INFO] [1789489755.588343235] [robot_0.robot_supervisor]: Selected controllable event: EV_search_object
[INFO] [1789489755.693096319] [robot_0.robot_supervisor]: Selected controllable event: EV_approach_color
[INFO] [1789489755.991373843] [robot_0.robot_supervisor]: ############################# VISIBLE: EV_object_visible #############################
[INFO] [1789489755.992045088] [robot_0.robot_supervisor]: Selected controllable event: EV_approach_object
[INFO] [1789489756.284037453] [robot_0.robot_supervisor]: ############################# VISIBLE: EV_object_visible #############################
[INFO] [1789489756.284631264] [robot_0.robot_supervisor]: Selected controllable event: EV_approach_object
[INFO] [1789489756.593914141] [robot_0.robot_supervisor]: Selected controllable event: EV_search_color
[INFO] [1789489756.782756335] [robot_0.robot_supervisor]: ############################# VISIBLE: EV_object_visible #############################
[INFO] [1789489756.783374541] [robot_0.robot_supervisor]: Selected controllable event: EV_move_forward
[INFO] [1789489756.987293421] [robot_0.robot_supervisor]: Selected controllable event: EV_search_color
[INFO] [1789489757.089592277] [robot_0.robot_supervisor]: Selected controllable event: EV_search_color
[INFO] [1789489757.198939694] [robot_0.robot_supervisor]: ############################# VISIBLE: EV_object_visible #############################
[INFO] [1789489757.199615245] [robot_0.robot_supervisor]: Selected controllable event: EV_move_forward
[INFO] [1789489757.491346185] [robot_0.robot_supervisor]: Selected controllable event: EV_move_forward
[INFO] [1789489757.784296554] [robot_0.robot_supervisor]: ############################# REACHED: EV_object_reached #############################
[INFO] [1789489757.792750913] [robot_0.robot_supervisor]: Selected controllable event: EV_search_object
[INFO] [1789489757.982828800] [robot_0.robot_supervisor]: Selected controllable event: EV_approach_object
[INFO] [1789489758.192762465] [robot_0.robot_supervisor]: Triggered uncontrollable event: EV_obstacle_front
[INFO] [1789489758.193083905] [robot_0.robot_supervisor]: ############################# REACHED: EV_object_reached #############################
[INFO] [1789489758.193463922] [robot_0.robot_supervisor]: Selected controllable event: EV_rotate_counterclockwise
[INFO] [1789489758.389160544] [robot_0.robot_supervisor]: Triggered uncontrollable event: EV_obstacle_front
[INFO] [1789489758.389748602] [robot_0.robot_supervisor]: Selected controllable event: EV_u_turn
[INFO] [1789489758.390237786] [robot_0.robot_supervisor]: Starting FULL ROTATE (omega=1.000, have_odom=True, target_rad=3.142, timeout_s=3.500)
[INFO] [1789489761.186597712] [robot_0.robot_supervisor]: FULL ROTATE completed by odom (accum_rad=3.252)
[INFO] [1789489761.499191380] [robot_0.robot_supervisor]: ############################# REACHED: EV_object_reached #############################
[INFO] [1789489761.499842443] [robot_0.robot_supervisor]: Selected controllable event: EV_search_color
[INFO] [1789489761.685573040] [robot_0.robot_supervisor]: Selected controllable event: EV_search_color
[INFO] [1789489761.789676447] [robot_0.robot_supervisor]: ############################# REACHED: EV_object_reached #############################
[INFO] [1789489761.790255095] [robot_0.robot_supervisor]: Selected controllable event: EV_search_color
[INFO] [1789489761.986697595] [robot_0.robot_supervisor]: Selected controllable event: EV_approach_object
[INFO] [1789489762.291922599] [robot_0.robot_supervisor]: ############################# REACHED: EV_object_reached #############################
[INFO] [1789489762.292514095] [robot_0.robot_supervisor]: Selected controllable event: EV_approach_color
[INFO] [1789489762.596612398] [robot_0.robot_supervisor]: Selected controllable event: EV_search_object
[INFO] [1789489762.795596078] [robot_0.robot_supervisor]: ############################# REACHED: EV_object_reached #############################
[INFO] [1789489762.800088338] [robot_0.robot_supervisor]: Selected controllable event: EV_move_forward
[INFO] [1789489763.083632644] [robot_0.robot_supervisor]: ############################# REACHED: EV_object_reached #############################
[INFO] [1789489763.088475045] [robot_0.robot_supervisor]: Selected controllable event: EV_approach_color
[INFO] [1789489763.393114314] [robot_0.robot_supervisor]: Selected controllable event: EV_move_forward
[INFO] [1789489763.689606224] [robot_0.robot_supervisor]: ############################# VISIBLE: EV_object_visible #############################
[INFO] [1789489763.690205734] [robot_0.robot_supervisor]: Selected controllable event: EV_approach_color
[INFO] [1789489763.894470119] [robot_0.robot_supervisor]: Selected controllable event: EV_search_object
[INFO] [1789489764.092063763] [robot_0.robot_supervisor]: ############################# VISIBLE: EV_object_visible #############################
[INFO] [1789489764.093615820] [robot_0.robot_supervisor]: Selected controllable event: EV_search_object
[INFO] [1789489764.293918303] [robot_0.robot_supervisor]: Selected controllable event: EV_approach_color
[INFO] [1789489764.587829432] [robot_0.robot_supervisor]: ############################# VISIBLE: EV_object_visible #############################
[INFO] [1789489764.588401456] [robot_0.robot_supervisor]: Selected controllable event: EV_search_object
[INFO] [1789489764.786895080] [robot_0.robot_supervisor]: Selected controllable event: EV_search_color
[INFO] [1789489764.986798745] [robot_0.robot_supervisor]: ############################# VISIBLE: EV_object_visible #############################
[INFO] [1789489764.987993627] [robot_0.robot_supervisor]: Selected controllable event: EV_search_object
[INFO] [1789489765.185066453] [robot_0.robot_supervisor]: Selected controllable event: EV_search_object
[INFO] [1789489765.287716715] [robot_0.robot_supervisor]: ############################# VISIBLE: EV_object_visible #############################
[INFO] [1789489765.289295234] [robot_0.robot_supervisor]: Selected controllable event: EV_move_forward
[INFO] [1789489765.591361871] [robot_0.robot_supervisor]: Selected controllable event: EV_approach_object
[INFO] [1789489765.883126513] [robot_0.robot_supervisor]: ############################# VISIBLE: EV_object_visible #############################
[INFO] [1789489765.883690911] [robot_0.robot_supervisor]: Selected controllable event: EV_approach_object
[INFO] [1789489766.186313184] [robot_0.robot_supervisor]: ############################# VISIBLE: EV_object_visible #############################
[INFO] [1789489766.188481447] [robot_0.robot_supervisor]: Selected controllable event: EV_search_color
[INFO] [1789489766.301181388] [robot_0.robot_supervisor]: Selected controllable event: EV_move_forward
[INFO] [1789489766.582849933] [robot_0.robot_supervisor]: Selected controllable event: EV_search_object
[INFO] [1789489766.690468050] [robot_0.robot_supervisor]: ############################# VISIBLE: EV_object_visible #############################
[INFO] [1789489766.691361794] [robot_0.robot_supervisor]: Selected controllable event: EV_approach_color
[INFO] [1789489766.993984276] [robot_0.robot_supervisor]: Selected controllable event: EV_move_forward
[INFO] [1789489767.306654577] [robot_0.robot_supervisor]: Selected controllable event: EV_search_object
[INFO] [1789489767.500646474] [robot_0.robot_supervisor]: ############################# VISIBLE: EV_object_visible #############################
[INFO] [1789489767.509495982] [robot_0.robot_supervisor]: Selected controllable event: EV_search_color
[INFO] [1789489767.722180057] [robot_0.robot_supervisor]: Selected controllable event: EV_approach_color
[INFO] [1789489768.016641144] [robot_0.robot_supervisor]: Selected controllable event: EV_approach_color
[INFO] [1789489768.338685778] [robot_0.robot_supervisor]: Selected controllable event: EV_approach_color
[INFO] [1789489768.596060029] [robot_0.robot_supervisor]: ############################# VISIBLE: EV_object_visible #############################
[INFO] [1789489768.597272621] [robot_0.robot_supervisor]: Selected controllable event: EV_search_object
[INFO] [1789489768.708321880] [robot_0.robot_supervisor]: Selected controllable event: EV_search_object
[INFO] [1789489768.892820115] [robot_0.robot_supervisor]: Selected controllable event: EV_search_color
[INFO] [1789489769.105773932] [robot_0.robot_supervisor]: Selected controllable event: EV_approach_color
[INFO] [1789489769.384314988] [robot_0.robot_supervisor]: Selected controllable event: EV_move_forward
[INFO] [1789489769.708395415] [robot_0.robot_supervisor]: Triggered uncontrollable event: EV_object_not_visible
[INFO] [1789489769.718456352] [robot_0.robot_supervisor]: Selected controllable event: EV_approach_color
[INFO] [1789489769.992359328] [robot_0.robot_supervisor]: Selected controllable event: EV_approach_object
[INFO] [1789489770.214670575] [robot_0.robot_supervisor]: Selected controllable event: EV_search_color
[INFO] [1789489770.414925840] [robot_0.robot_supervisor]: Selected controllable event: EV_approach_object
[INFO] [1789489770.701682190] [robot_0.robot_supervisor]: Triggered uncontrollable event: EV_object_not_visible
[INFO] [1789489770.704022631] [robot_0.robot_supervisor]: Selected controllable event: EV_search_color
[INFO] [1789489770.822927576] [robot_0.robot_supervisor]: Selected controllable event: EV_approach_color
[INFO] [1789489771.116501712] [robot_0.robot_supervisor]: Selected controllable event: EV_search_object
[INFO] [1789489771.301318677] [robot_0.robot_supervisor]: Selected controllable event: EV_move_forward
[INFO] [1789489771.626472439] [robot_0.robot_supervisor]: Triggered uncontrollable event: EV_object_not_visible
[INFO] [1789489771.630946407] [robot_0.robot_supervisor]: Selected controllable event: EV_approach_object
[INFO] [1789489771.909266654] [robot_0.robot_supervisor]: Selected controllable event: EV_search_color
[INFO] [1789489772.108262093] [robot_0.robot_supervisor]: Selected controllable event: EV_search_object
[INFO] [1789489772.325996015] [robot_0.robot_supervisor]: Selected controllable event: EV_search_color
[INFO] [1789489772.510244087] [robot_0.robot_supervisor]: Selected controllable event: EV_search_object
[INFO] [1789489772.618767425] [robot_0.robot_supervisor]: Selected controllable event: EV_move_forward
[INFO] [1789489772.901511567] [robot_0.robot_supervisor]: Triggered uncontrollable event: EV_object_not_visible
[INFO] [1789489772.907496601] [robot_0.robot_supervisor]: Selected controllable event: EV_approach_color
[INFO] [1789489773.212318780] [robot_0.robot_supervisor]: Selected controllable event: EV_approach_color
[INFO] [1789489773.504474354] [robot_0.robot_supervisor]: Triggered uncontrollable event: EV_object_not_visible
[INFO] [1789489773.517870855] [robot_0.robot_supervisor]: Selected controllable event: EV_approach_object
[INFO] [1789489773.790207514] [robot_0.robot_supervisor]: Selected controllable event: EV_approach_color
[INFO] [1789489774.004159307] [robot_0.robot_supervisor]: Selected controllable event: EV_search_object
[INFO] [1789489774.120569564] [robot_0.robot_supervisor]: Selected controllable event: EV_search_object
[INFO] [1789489774.328012618] [robot_0.robot_supervisor]: Selected controllable event: EV_approach_object
[INFO] [1789489774.611487906] [robot_0.robot_supervisor]: Triggered uncontrollable event: EV_object_not_visible
[INFO] [1789489774.622000388] [robot_0.robot_supervisor]: Selected controllable event: EV_search_color
[INFO] [1789489774.795902862] [robot_0.robot_supervisor]: Selected controllable event: EV_approach_color
[INFO] [1789489775.023119606] [robot_0.robot_supervisor]: Selected controllable event: EV_approach_object
[INFO] [1789489775.286777922] [robot_0.robot_supervisor]: Selected controllable event: EV_approach_object
[INFO] [1789489775.506749400] [robot_0.robot_supervisor]: Triggered uncontrollable event: EV_object_not_visible
[INFO] [1789489775.509346673] [robot_0.robot_supervisor]: Selected controllable event: EV_approach_object
[INFO] [1789489775.809665389] [robot_0.robot_supervisor]: Selected controllable event: EV_approach_color
[INFO] [1789489776.103413703] [robot_0.robot_supervisor]: Selected controllable event: EV_search_object
[INFO] [1789489776.311191908] [robot_0.robot_supervisor]: Selected controllable event: EV_approach_object
[INFO] [1789489776.609437634] [robot_0.robot_supervisor]: Triggered uncontrollable event: EV_object_not_visible
[INFO] [1789489776.614068417] [robot_0.robot_supervisor]: Selected controllable event: EV_approach_object
[INFO] [1789489776.910499107] [robot_0.robot_supervisor]: Selected controllable event: EV_approach_object
[INFO] [1789489777.219233679] [robot_0.robot_supervisor]: Selected controllable event: EV_search_object
[INFO] [1789489777.401495577] [robot_0.robot_supervisor]: Triggered uncontrollable event: EV_object_not_visible
[INFO] [1789489777.402552246] [robot_0.robot_supervisor]: Selected controllable event: EV_approach_color
[INFO] [1789489777.714499207] [robot_0.robot_supervisor]: Selected controllable event: EV_move_forward
[INFO] [1789489778.017902203] [robot_0.robot_supervisor]: Selected controllable event: EV_search_color
[INFO] [1789489778.124253538] [robot_0.robot_supervisor]: Selected controllable event: EV_search_object
[INFO] [1789489778.294300198] [robot_0.robot_supervisor]: Selected controllable event: EV_approach_object
[INFO] [1789489778.585848831] [robot_0.robot_supervisor]: Triggered uncontrollable event: EV_object_not_visible
[INFO] [1789489778.602863428] [robot_0.robot_supervisor]: Selected controllable event: EV_search_object
[INFO] [1789489778.809155461] [robot_0.robot_supervisor]: Selected controllable event: EV_move_forward
[INFO] [1789489779.110335000] [robot_0.robot_supervisor]: Selected controllable event: EV_search_object
[INFO] [1789489779.313972784] [robot_0.robot_supervisor]: Triggered uncontrollable event: EV_object_not_visible
[INFO] [1789489779.320344218] [robot_0.robot_supervisor]: Selected controllable event: EV_search_color
[INFO] [1789489779.494758515] [robot_0.robot_supervisor]: Selected controllable event: EV_approach_color
[INFO] [1789489779.726982848] [robot_0.robot_supervisor]: Selected controllable event: EV_search_object
[INFO] [1789489779.914829796] [robot_0.robot_supervisor]: Selected controllable event: EV_search_object
[INFO] [1789489780.091695511] [robot_0.robot_supervisor]: Triggered uncontrollable event: EV_obstacle_right
[INFO] [1789489780.095119886] [robot_0.robot_supervisor]: Selected controllable event: EV_u_turn
[INFO] [1789489780.103152171] [robot_0.robot_supervisor]: Starting FULL ROTATE (omega=1.000, have_odom=True, target_rad=3.142, timeout_s=3.500)
[INFO] [1789489783.602110667] [robot_0.robot_supervisor]: FULL ROTATE completed by timeout
[INFO] [1789489783.808378478] [robot_0.robot_supervisor]: ############################# VISIBLE: EV_object_visible #############################
[INFO] [1789489783.812799202] [robot_0.robot_supervisor]: Selected controllable event: EV_search_color
[INFO] [1789489783.988548502] [robot_0.robot_supervisor]: Selected controllable event: EV_approach_object
[INFO] [1789489784.295670595] [robot_0.robot_supervisor]: Selected controllable event: EV_approach_object
[INFO] [1789489784.596569163] [robot_0.robot_supervisor]: ############################# VISIBLE: EV_object_visible #############################
[INFO] [1789489784.597369281] [robot_0.robot_supervisor]: Selected controllable event: EV_move_forward
[INFO] [1789489784.897572587] [robot_0.robot_supervisor]: Selected controllable event: EV_approach_object
[INFO] [1789489785.199150517] [robot_0.robot_supervisor]: ############################# VISIBLE: EV_object_visible #############################
[INFO] [1789489785.200379221] [robot_0.robot_supervisor]: Selected controllable event: EV_approach_color
[INFO] [1789489785.484039424] [robot_0.robot_supervisor]: Selected controllable event: EV_search_color
[INFO] [1789489785.613532276] [robot_0.robot_supervisor]: Selected controllable event: EV_search_color
[INFO] [1789489785.794998402] [robot_0.robot_supervisor]: Selected controllable event: EV_approach_color
[INFO] [1789489786.096512317] [robot_0.robot_supervisor]: ############################# VISIBLE: EV_object_visible #############################
[INFO] [1789489786.097485723] [robot_0.robot_supervisor]: Selected controllable event: EV_approach_object
[INFO] [1789489786.383224540] [robot_0.robot_supervisor]: Selected controllable event: EV_approach_object
[INFO] [1789489786.694504290] [robot_0.robot_supervisor]: ############################# VISIBLE: EV_object_visible #############################
[INFO] [1789489786.697479247] [robot_0.robot_supervisor]: Selected controllable event: EV_search_color
[INFO] [1789489786.898152440] [robot_0.robot_supervisor]: Selected controllable event: EV_move_forward
[INFO] [1789489787.104407237] [robot_0.robot_supervisor]: Selected controllable event: EV_move_forward
[INFO] [1789489787.386082219] [robot_0.robot_supervisor]: Selected controllable event: EV_search_object
[INFO] [1789489787.497067427] [robot_0.robot_supervisor]: Triggered uncontrollable event: EV_obstacle_right
[INFO] [1789489787.497722846] [robot_0.robot_supervisor]: ############################# VISIBLE: EV_object_visible #############################
[INFO] [1789489787.512810104] [robot_0.robot_supervisor]: Selected controllable event: EV_u_turn
[INFO] [1789489787.513636124] [robot_0.robot_supervisor]: Starting FULL ROTATE (omega=1.000, have_odom=True, target_rad=3.142, timeout_s=3.500)
[INFO] [1789489791.093897913] [robot_0.robot_supervisor]: FULL ROTATE completed by timeout
[INFO] [1789489791.296302054] [robot_0.robot_supervisor]: ############################# VISIBLE: EV_object_visible #############################
[INFO] [1789489791.297173027] [robot_0.robot_supervisor]: Selected controllable event: EV_search_object
[INFO] [1789489791.497374907] [robot_0.robot_supervisor]: Selected controllable event: EV_search_color
[INFO] [1789489791.602663993] [robot_0.robot_supervisor]: Selected controllable event: EV_move_forward
[INFO] [1789489791.899737979] [robot_0.robot_supervisor]: ############################# VISIBLE: EV_object_visible #############################
[INFO] [1789489791.900739312] [robot_0.robot_supervisor]: Selected controllable event: EV_search_color
[INFO] [1789489792.096798295] [robot_0.robot_supervisor]: Selected controllable event: EV_search_object
[INFO] [1789489792.291129567] [robot_0.robot_supervisor]: Selected controllable event: EV_approach_object
[INFO] [1789489792.589231600] [robot_0.robot_supervisor]: Selected controllable event: EV_approach_color
[INFO] [1789489792.910312598] [robot_0.robot_supervisor]: ############################# VISIBLE: EV_object_visible #############################
[INFO] [1789489792.912438115] [robot_0.robot_supervisor]: Selected controllable event: EV_approach_color
[INFO] [1789489793.191667670] [robot_0.robot_supervisor]: Selected controllable event: EV_approach_object
[INFO] [1789489793.405042058] [robot_0.robot_supervisor]: Selected controllable event: EV_approach_color
[INFO] [1789489793.686947605] [robot_0.robot_supervisor]: ############################# VISIBLE: EV_object_visible #############################
[INFO] [1789489793.706439599] [robot_0.robot_supervisor]: Selected controllable event: EV_search_object
[INFO] [1789489793.897398718] [robot_0.robot_supervisor]: Selected controllable event: EV_approach_object
[INFO] [1789489794.122763368] [robot_0.robot_supervisor]: Selected controllable event: EV_approach_object
[INFO] [1789489794.414657160] [robot_0.robot_supervisor]: ############################# VISIBLE: EV_object_visible #############################
[INFO] [1789489794.422663788] [robot_0.robot_supervisor]: Selected controllable event: EV_search_object
[INFO] [1789489794.605000726] [robot_0.robot_supervisor]: Selected controllable event: EV_approach_object
[INFO] [1789489794.898921354] [robot_0.robot_supervisor]: Selected controllable event: EV_approach_object
[INFO] [1789489795.208613518] [robot_0.robot_supervisor]: Selected controllable event: EV_search_object
[INFO] [1789489795.317726078] [robot_0.robot_supervisor]: ############################# VISIBLE: EV_object_visible #############################
[INFO] [1789489795.335204739] [robot_0.robot_supervisor]: Selected controllable event: EV_move_forward
[INFO] [1789489795.589655918] [robot_0.robot_supervisor]: Selected controllable event: EV_search_color
[INFO] [1789489795.807941222] [robot_0.robot_supervisor]: Selected controllable event: EV_approach_color
[INFO] [1789489796.014466490] [robot_0.robot_supervisor]: Selected controllable event: EV_search_color
[INFO] [1789489796.194216852] [robot_0.robot_supervisor]: ############################# VISIBLE: EV_object_visible #############################
[INFO] [1789489796.205451413] [robot_0.robot_supervisor]: Selected controllable event: EV_search_color
[INFO] [1789489796.400228120] [robot_0.robot_supervisor]: Selected controllable event: EV_approach_object
[INFO] [1789489796.701000029] [robot_0.robot_supervisor]: Selected controllable event: EV_move_forward
[INFO] [1789489796.927525045] [robot_0.robot_supervisor]: Selected controllable event: EV_approach_color
[INFO] [1789489797.211742917] [robot_0.robot_supervisor]: ############################# VISIBLE: EV_object_visible #############################
[INFO] [1789489797.212805950] [robot_0.robot_supervisor]: Selected controllable event: EV_move_forward
[INFO] [1789489797.491536850] [robot_0.robot_supervisor]: Selected controllable event: EV_approach_color
[INFO] [1789489797.807359775] [robot_0.robot_supervisor]: Selected controllable event: EV_approach_color
[INFO] [1789489798.107370666] [robot_0.robot_supervisor]: Triggered uncontrollable event: EV_object_not_visible
[INFO] [1789489798.108420804] [robot_0.robot_supervisor]: Selected controllable event: EV_move_forward
[INFO] [1789489798.413675297] [robot_0.robot_supervisor]: Selected controllable event: EV_approach_color
[INFO] [1789489798.696966754] [robot_0.robot_supervisor]: Selected controllable event: EV_search_color
[INFO] [1789489798.923947304] [robot_0.robot_supervisor]: Selected controllable event: EV_search_color
[INFO] [1789489799.109233281] [robot_0.robot_supervisor]: Triggered uncontrollable event: EV_object_not_visible
[INFO] [1789489799.110354888] [robot_0.robot_supervisor]: Selected controllable event: EV_approach_color
[INFO] [1789489799.405231653] [robot_0.robot_supervisor]: Selected controllable event: EV_search_object
[INFO] [1789489799.614904615] [robot_0.robot_supervisor]: Selected controllable event: EV_move_forward
[INFO] [1789489799.896610439] [robot_0.robot_supervisor]: Selected controllable event: EV_search_color
[INFO] [1789489800.107830145] [robot_0.robot_supervisor]: Triggered uncontrollable event: EV_object_not_visible
[INFO] [1789489800.118719645] [robot_0.robot_supervisor]: Selected controllable event: EV_approach_color
[INFO] [1789489800.405001930] [robot_0.robot_supervisor]: Selected controllable event: EV_search_object
[INFO] [1789489800.592934027] [robot_0.robot_supervisor]: Selected controllable event: EV_move_forward
[INFO] [1789489800.895238674] [robot_0.robot_supervisor]: ############################# REACHED: EV_object_reached #############################
[INFO] [1789489800.896208364] [robot_0.robot_supervisor]: Selected controllable event: EV_move_forward
[INFO] [1789489801.214256539] [robot_0.robot_supervisor]: Selected controllable event: EV_search_object
[INFO] [1789489801.315896142] [robot_0.robot_supervisor]: Selected controllable event: EV_approach_color
[INFO] [1789489801.590611081] [robot_0.robot_supervisor]: Selected controllable event: EV_approach_color
[INFO] [1789489801.904629381] [robot_0.robot_supervisor]: ############################# REACHED: EV_object_reached #############################
[INFO] [1789489801.905693369] [robot_0.robot_supervisor]: Selected controllable event: EV_search_color
[INFO] [1789489802.099269454] [robot_0.robot_supervisor]: Selected controllable event: EV_search_color
[INFO] [1789489802.287549223] [robot_0.robot_supervisor]: Selected controllable event: EV_search_color
[INFO] [1789489802.509082386] [robot_0.robot_supervisor]: Selected controllable event: EV_search_color
[INFO] [1789489802.685916176] [robot_0.robot_supervisor]: Selected controllable event: EV_search_object
[INFO] [1789489802.805573771] [robot_0.robot_supervisor]: ############################# REACHED: EV_object_reached #############################
[INFO] [1789489802.819337947] [robot_0.robot_supervisor]: Selected controllable event: EV_search_color
[INFO] [1789489802.991278850] [robot_0.robot_supervisor]: Selected controllable event: EV_move_forward
[INFO] [1789489803.219335417] [robot_0.robot_supervisor]: Selected controllable event: EV_move_forward
[INFO] [1789489803.494241482] [robot_0.robot_supervisor]: Selected controllable event: EV_search_color
[INFO] [1789489803.691108894] [robot_0.robot_supervisor]: ############################# REACHED: EV_object_reached #############################
[INFO] [1789489803.713254906] [robot_0.robot_supervisor]: Selected controllable event: EV_search_color
[INFO] [1789489803.909538124] [robot_0.robot_supervisor]: Selected controllable event: EV_search_color
[INFO] [1789489804.091108516] [robot_0.robot_supervisor]: Selected controllable event: EV_search_color
[INFO] [1789489804.222406074] [robot_0.robot_supervisor]: Selected controllable event: EV_search_object
[INFO] [1789489804.406396672] [robot_0.robot_supervisor]: Selected controllable event: EV_search_color
[INFO] [1789489804.591068090] [robot_0.robot_supervisor]: ############################# REACHED: EV_object_reached #############################
[INFO] [1789489804.610575374] [robot_0.robot_supervisor]: Selected controllable event: EV_approach_color
[INFO] [1789489804.897781527] [robot_0.robot_supervisor]: Selected controllable event: EV_move_forward
[INFO] [1789489805.190538949] [robot_0.robot_supervisor]: Selected controllable event: EV_search_object
[INFO] [1789489805.417412462] [robot_0.robot_supervisor]: Selected controllable event: EV_move_forward
[INFO] [1789489805.690816683] [robot_0.robot_supervisor]: Triggered uncontrollable event: EV_obstacle_left
[INFO] [1789489805.691546089] [robot_0.robot_supervisor]: Triggered uncontrollable event: EV_object_not_visible
[INFO] [1789489805.707260520] [robot_0.robot_supervisor]: Selected controllable event: EV_rotate_clockwise
[INFO] [1789489805.902774827] [robot_0.robot_supervisor]: Triggered uncontrollable event: EV_obstacle_left
[INFO] [1789489805.903746851] [robot_0.robot_supervisor]: Selected controllable event: EV_u_turn
[INFO] [1789489805.919519037] [robot_0.robot_supervisor]: Starting FULL ROTATE (omega=1.000, have_odom=True, target_rad=3.142, timeout_s=3.500)
[INFO] [1789489809.498550917] [robot_0.robot_supervisor]: FULL ROTATE completed by timeout
[INFO] [1789489809.789403310] [robot_0.robot_supervisor]: Triggered uncontrollable event: EV_obstacle_right
[INFO] [1789489809.790151726] [robot_0.robot_supervisor]: ############################# VISIBLE: EV_object_visible #############################
[INFO] [1789489809.812250613] [robot_0.robot_supervisor]: Selected controllable event: EV_u_turn
[INFO] [1789489809.886711154] [robot_0.robot_supervisor]: Triggered uncontrollable event: EV_obstacle_right
[INFO] [1789489809.887548252] [robot_0.robot_supervisor]: Selected controllable event: EV_rotate_counterclockwise
[WARN] [1789489809.916208777] [robot_0.robot_supervisor]: no translation for 4.7s livelock detected; starting atomic escape (turn_sign=+1)
[INFO] [1789489812.395840243] [robot_0.robot_supervisor]: Zone-livelock escape completed
[INFO] [1789489812.599248586] [robot_0.robot_supervisor]: ############################# VISIBLE: EV_object_visible #############################
[INFO] [1789489812.617182516] [robot_0.robot_supervisor]: Selected controllable event: EV_move_forward
[INFO] [1789489812.892780893] [robot_0.robot_supervisor]: ############################# VISIBLE: EV_object_visible #############################
[INFO] [1789489812.911245317] [robot_0.robot_supervisor]: Selected controllable event: EV_approach_object
[INFO] [1789489813.186329733] [robot_0.robot_supervisor]: Selected controllable event: EV_search_color
[INFO] [1789489813.398205264] [robot_0.robot_supervisor]: Selected controllable event: EV_approach_color
[INFO] [1789489813.689289126] [robot_0.robot_supervisor]: Selected controllable event: EV_search_object
[INFO] [1789489813.885221496] [robot_0.robot_supervisor]: Triggered uncontrollable event: EV_obstacle_left
[INFO] [1789489813.900668379] [robot_0.robot_supervisor]: ############################# VISIBLE: EV_object_visible #############################
[INFO] [1789489813.905770804] [robot_0.robot_supervisor]: Selected controllable event: EV_u_turn
[INFO] [1789489813.914656309] [robot_0.robot_supervisor]: Starting FULL ROTATE (omega=1.000, have_odom=True, target_rad=3.142, timeout_s=3.500)
[INFO] [1789489817.526522821] [robot_0.robot_supervisor]: FULL ROTATE completed by timeout
[INFO] [1789489817.791862268] [robot_0.robot_supervisor]: ############################# VISIBLE: EV_object_visible #############################
[INFO] [1789489817.792816916] [robot_0.robot_supervisor]: Selected controllable event: EV_approach_object
[INFO] [1789489818.020719751] [robot_0.robot_supervisor]: Selected controllable event: EV_approach_color
[INFO] [1789489818.292621290] [robot_0.robot_supervisor]: ############################# VISIBLE: EV_object_visible #############################
[INFO] [1789489818.293567831] [robot_0.robot_supervisor]: Selected controllable event: EV_move_forward
[INFO] [1789489818.601819874] [robot_0.robot_supervisor]: Selected controllable event: EV_search_color
[INFO] [1789489818.784153717] [robot_0.robot_supervisor]: Selected controllable event: EV_approach_color
[INFO] [1789489819.086721532] [robot_0.robot_supervisor]: ############################# VISIBLE: EV_object_visible #############################
[INFO] [1789489819.093752263] [robot_0.robot_supervisor]: Selected controllable event: EV_search_object
[INFO] [1789489819.290712269] [robot_0.robot_supervisor]: Selected controllable event: EV_approach_color
[INFO] [1789489819.599951554] [robot_0.robot_supervisor]: Selected controllable event: EV_move_forward
[INFO] [1789489819.899448440] [robot_0.robot_supervisor]: ############################# VISIBLE: EV_object_visible #############################
[INFO] [1789489819.920398820] [robot_0.robot_supervisor]: Selected controllable event: EV_search_color
[INFO] [1789489820.104978892] [robot_0.robot_supervisor]: Selected controllable event: EV_move_forward
[INFO] [1789489820.392191684] [robot_0.robot_supervisor]: Selected controllable event: EV_search_object
[INFO] [1789489820.624265004] [robot_0.robot_supervisor]: Selected controllable event: EV_search_object
[INFO] [1789489820.816338509] [robot_0.robot_supervisor]: Triggered uncontrollable event: EV_object_not_visible
[INFO] [1789489820.817400074] [robot_0.robot_supervisor]: Selected controllable event: EV_move_forward
[INFO] [1789489821.118189962] [robot_0.robot_supervisor]: Selected controllable event: EV_search_color
[INFO] [1789489821.315391687] [robot_0.robot_supervisor]: Selected controllable event: EV_approach_object
[INFO] [1789489821.609763784] [robot_0.robot_supervisor]: Triggered uncontrollable event: EV_object_not_visible
[INFO] [1789489821.610863519] [robot_0.robot_supervisor]: Selected controllable event: EV_approach_color
[INFO] [1789489821.890723320] [robot_0.robot_supervisor]: Selected controllable event: EV_approach_color
[INFO] [1789489822.104898468] [robot_0.robot_supervisor]: Selected controllable event: EV_approach_color
[INFO] [1789489822.320285418] [robot_0.robot_supervisor]: Selected controllable event: EV_approach_object
[INFO] [1789489822.594909168] [robot_0.robot_supervisor]: Triggered uncontrollable event: EV_object_not_visible
[INFO] [1789489822.600721933] [robot_0.robot_supervisor]: Selected controllable event: EV_search_object
[INFO] [1789489822.714050815] [robot_0.robot_supervisor]: Selected controllable event: EV_move_forward
[INFO] [1789489823.008677549] [robot_0.robot_supervisor]: Selected controllable event: EV_search_color
[INFO] [1789489823.204239453] [robot_0.robot_supervisor]: Selected controllable event: EV_move_forward
[INFO] [1789489823.502116439] [robot_0.robot_supervisor]: Triggered uncontrollable event: EV_object_not_visible
[INFO] [1789489823.503028073] [robot_0.robot_supervisor]: Selected controllable event: EV_search_object
[INFO] [1789489823.704760915] [robot_0.robot_supervisor]: Selected controllable event: EV_search_color
[INFO] [1789489823.906591348] [robot_0.robot_supervisor]: Selected controllable event: EV_search_color
[INFO] [1789489824.100181058] [robot_0.robot_supervisor]: Selected controllable event: EV_search_object
[INFO] [1789489824.304282168] [robot_0.robot_supervisor]: Triggered uncontrollable event: EV_object_not_visible
[INFO] [1789489824.309640695] [robot_0.robot_supervisor]: Selected controllable event: EV_search_color
[INFO] [1789489824.509693027] [robot_0.robot_supervisor]: Selected controllable event: EV_approach_color
[INFO] [1789489824.793301351] [robot_0.robot_supervisor]: Selected controllable event: EV_approach_object
[INFO] [1789489825.000040995] [robot_0.robot_supervisor]: Triggered uncontrollable event: EV_object_not_visible
[INFO] [1789489825.004863021] [robot_0.robot_supervisor]: Selected controllable event: EV_move_forward
[INFO] [1789489825.290576820] [robot_0.robot_supervisor]: Selected controllable event: EV_approach_color
[INFO] [1789489825.499074634] [robot_0.robot_supervisor]: Selected controllable event: EV_approach_color
[INFO] [1789489825.703560520] [robot_0.robot_supervisor]: Selected controllable event: EV_search_color
[INFO] [1789489825.899899881] [robot_0.robot_supervisor]: Triggered uncontrollable event: EV_object_not_visible
[INFO] [1789489825.900830562] [robot_0.robot_supervisor]: Selected controllable event: EV_approach_color
[INFO] [1789489826.196665072] [robot_0.robot_supervisor]: Selected controllable event: EV_search_object
[INFO] [1789489826.395982897] [robot_0.robot_supervisor]: Selected controllable event: EV_approach_color
[INFO] [1789489826.696597273] [robot_0.robot_supervisor]: Triggered uncontrollable event: EV_object_not_visible
[INFO] [1789489826.703703669] [robot_0.robot_supervisor]: Selected controllable event: EV_search_color
[INFO] [1789489826.907146821] [robot_0.robot_supervisor]: Selected controllable event: EV_move_forward
[INFO] [1789489827.199274351] [robot_0.robot_supervisor]: Selected controllable event: EV_search_color
[INFO] [1789489827.303676959] [robot_0.robot_supervisor]: Selected controllable event: EV_search_object
[INFO] [1789489827.511472096] [robot_0.robot_supervisor]: Triggered uncontrollable event: EV_obstacle_right
[INFO] [1789489827.526422030] [robot_0.robot_supervisor]: Triggered uncontrollable event: EV_object_not_visible
[INFO] [1789489827.528604230] [robot_0.robot_supervisor]: Selected controllable event: EV_rotate_counterclockwise
[INFO] [1789489827.696243463] [robot_0.robot_supervisor]: Triggered uncontrollable event: EV_obstacle_right
[INFO] [1789489827.697197184] [robot_0.robot_supervisor]: Selected controllable event: EV_u_turn
[INFO] [1789489827.718049377] [robot_0.robot_supervisor]: Starting FULL ROTATE (omega=1.000, have_odom=True, target_rad=3.142, timeout_s=3.500)
[INFO] [1789489831.284304459] [robot_0.robot_supervisor]: FULL ROTATE completed by timeout
[INFO] [1789489831.497184842] [robot_0.robot_supervisor]: Triggered uncontrollable event: EV_object_not_visible
[INFO] [1789489831.498244008] [robot_0.robot_supervisor]: Selected controllable event: EV_move_forward
[INFO] [1789489831.712423978] [robot_0.robot_supervisor]: Triggered uncontrollable event: EV_object_not_visible
[INFO] [1789489831.727233747] [robot_0.robot_supervisor]: Selected controllable event: EV_approach_color
[INFO] [1789489831.987363221] [robot_0.robot_supervisor]: Selected controllable event: EV_approach_object
[INFO] [1789489832.209469395] [robot_0.robot_supervisor]: Selected controllable event: EV_approach_color
[INFO] [1789489832.486490392] [robot_0.robot_supervisor]: Selected controllable event: EV_move_forward
[INFO] [1789489832.696641679] [robot_0.robot_supervisor]: Triggered uncontrollable event: EV_object_not_visible
[INFO] [1789489832.697550223] [robot_0.robot_supervisor]: Selected controllable event: EV_search_color
[INFO] [1789489832.896815673] [robot_0.robot_supervisor]: Selected controllable event: EV_approach_color
[INFO] [1789489833.105727904] [robot_0.robot_supervisor]: Selected controllable event: EV_search_object
[INFO] [1789489833.289730982] [robot_0.robot_supervisor]: Selected controllable event: EV_approach_object
[INFO] [1789489833.610898694] [robot_0.robot_supervisor]: ############################# VISIBLE: EV_object_visible #############################
[INFO] [1789489833.618418967] [robot_0.robot_supervisor]: Selected controllable event: EV_approach_object
[INFO] [1789489833.899528354] [robot_0.robot_supervisor]: Selected controllable event: EV_approach_object
[INFO] [1789489834.192642294] [robot_0.robot_supervisor]: ############################# VISIBLE: EV_object_visible #############################
[INFO] [1789489834.193733427] [robot_0.robot_supervisor]: Selected controllable event: EV_approach_color
[INFO] [1789489834.399173660] [robot_0.robot_supervisor]: Selected controllable event: EV_approach_object
[INFO] [1789489834.622159290] [robot_0.robot_supervisor]: Selected controllable event: EV_approach_object
[INFO] [1789489834.901770978] [robot_0.robot_supervisor]: Triggered uncontrollable event: EV_obstacle_right
[INFO] [1789489834.903667347] [robot_0.robot_supervisor]: ############################# VISIBLE: EV_object_visible #############################
[INFO] [1789489834.912898011] [robot_0.robot_supervisor]: Selected controllable event: EV_u_turn
[INFO] [1789489834.916994974] [robot_0.robot_supervisor]: Starting FULL ROTATE (omega=1.000, have_odom=True, target_rad=3.142, timeout_s=3.500)
[INFO] [1789489838.484049449] [robot_0.robot_supervisor]: FULL ROTATE completed by timeout
[INFO] [1789489838.684894706] [robot_0.robot_supervisor]: ############################# VISIBLE: EV_object_visible #############################
[INFO] [1789489838.685867907] [robot_0.robot_supervisor]: Selected controllable event: EV_search_object
[INFO] [1789489838.797101753] [robot_0.robot_supervisor]: Selected controllable event: EV_approach_color
[INFO] [1789489839.001203458] [robot_0.robot_supervisor]: Selected controllable event: EV_approach_color
[INFO] [1789489839.295324470] [robot_0.robot_supervisor]: ############################# VISIBLE: EV_object_visible #############################
[INFO] [1789489839.296277155] [robot_0.robot_supervisor]: Selected controllable event: EV_approach_color
[INFO] [1789489839.584865130] [robot_0.robot_supervisor]: Selected controllable event: EV_move_forward
[INFO] [1789489839.806766443] [robot_0.robot_supervisor]: Selected controllable event: EV_search_color
[INFO] [1789489839.990884373] [robot_0.robot_supervisor]: Selected controllable event: EV_approach_object
[INFO] [1789489840.282507266] [robot_0.robot_supervisor]: ############################# VISIBLE: EV_object_visible #############################
[INFO] [1789489840.283341811] [robot_0.robot_supervisor]: Selected controllable event: EV_approach_object
[INFO] [1789489840.486092468] [robot_0.robot_supervisor]: Selected controllable event: EV_search_color
[INFO] [1789489840.610785018] [robot_0.robot_supervisor]: Selected controllable event: EV_approach_color
[INFO] [1789489840.897364022] [robot_0.robot_supervisor]: ############################# VISIBLE: EV_object_visible #############################
[INFO] [1789489840.898292793] [robot_0.robot_supervisor]: Selected controllable event: EV_approach_object
[INFO] [1789489841.193015098] [robot_0.robot_supervisor]: Selected controllable event: EV_move_forward
[INFO] [1789489841.403317630] [robot_0.robot_supervisor]: Triggered uncontrollable event: EV_object_not_visible
[INFO] [1789489841.404340759] [robot_0.robot_supervisor]: Selected controllable event: EV_search_color
[INFO] [1789489841.505771687] [robot_0.robot_supervisor]: Selected controllable event: EV_move_forward
[INFO] [1789489841.810030196] [robot_0.robot_supervisor]: Selected controllable event: EV_move_forward
[INFO] [1789489842.114714220] [robot_0.robot_supervisor]: Triggered uncontrollable event: EV_object_not_visible
[INFO] [1789489842.115621551] [robot_0.robot_supervisor]: Selected controllable event: EV_move_forward
[INFO] [1789489842.386480709] [robot_0.robot_supervisor]: Selected controllable event: EV_move_forward
[INFO] [1789489842.591901686] [robot_0.robot_supervisor]: Selected controllable event: EV_search_object
[INFO] [1789489842.805279863] [robot_0.robot_supervisor]: Selected controllable event: EV_move_forward
[INFO] [1789489843.100373751] [robot_0.robot_supervisor]: Triggered uncontrollable event: EV_obstacle_front
[INFO] [1789489843.108488153] [robot_0.robot_supervisor]: Triggered uncontrollable event: EV_object_not_visible
[INFO] [1789489843.109452937] [robot_0.robot_supervisor]: Selected controllable event: EV_rotate_counterclockwise
[INFO] [1789489843.310362955] [robot_0.robot_supervisor]: Triggered uncontrollable event: EV_obstacle_front
[INFO] [1789489843.319277964] [robot_0.robot_supervisor]: Selected controllable event: EV_rotate_counterclockwise
[INFO] [1789489843.492238697] [robot_0.robot_supervisor]: Triggered uncontrollable event: EV_obstacle_front
[INFO] [1789489843.493227078] [robot_0.robot_supervisor]: Selected controllable event: EV_move_backward
[INFO] [1789489843.807254597] [robot_0.robot_supervisor]: Triggered uncontrollable event: EV_obstacle_front
[INFO] [1789489843.812282846] [robot_0.robot_supervisor]: Triggered uncontrollable event: EV_object_not_visible
[INFO] [1789489843.815701195] [robot_0.robot_supervisor]: Selected controllable event: EV_rotate_clockwise
[INFO] [1789489844.005784268] [robot_0.robot_supervisor]: Triggered uncontrollable event: EV_obstacle_front
[INFO] [1789489844.006896649] [robot_0.robot_supervisor]: Selected controllable event: EV_rotate_clockwise
[INFO] [1789489844.197286452] [robot_0.robot_supervisor]: Triggered uncontrollable event: EV_obstacle_front
[INFO] [1789489844.198189285] [robot_0.robot_supervisor]: Selected controllable event: EV_rotate_clockwise
[INFO] [1789489844.407394224] [robot_0.robot_supervisor]: Triggered uncontrollable event: EV_obstacle_front
[INFO] [1789489844.408313183] [robot_0.robot_supervisor]: Selected controllable event: EV_rotate_clockwise
[INFO] [1789489844.584894791] [robot_0.robot_supervisor]: Triggered uncontrollable event: EV_obstacle_front
[INFO] [1789489844.600839393] [robot_0.robot_supervisor]: Selected controllable event: EV_rotate_counterclockwise
[INFO] [1789489844.805524638] [robot_0.robot_supervisor]: Triggered uncontrollable event: EV_obstacle_front
[INFO] [1789489844.806277291] [robot_0.robot_supervisor]: Triggered uncontrollable event: EV_object_not_visible
[INFO] [1789489844.807164535] [robot_0.robot_supervisor]: Selected controllable event: EV_u_turn
[INFO] [1789489844.826214274] [robot_0.robot_supervisor]: Starting FULL ROTATE (omega=1.000, have_odom=True, target_rad=3.142, timeout_s=3.500)
[INFO] [1789489848.383641932] [robot_0.robot_supervisor]: FULL ROTATE completed by timeout
[INFO] [1789489848.590976587] [robot_0.robot_supervisor]: Triggered uncontrollable event: EV_obstacle_right
[INFO] [1789489848.617109824] [robot_0.robot_supervisor]: Triggered uncontrollable event: EV_object_not_visible
[INFO] [1789489848.618151403] [robot_0.robot_supervisor]: Selected controllable event: EV_rotate_counterclockwise
[WARN] [1789489848.618960663] [robot_0.robot_supervisor]: no translation for 5.3s livelock detected; starting atomic escape (turn_sign=+1)
[INFO] [1789489851.196290476] [robot_0.robot_supervisor]: Zone-livelock escape completed
[INFO] [1789489851.408306484] [robot_0.robot_supervisor]: Triggered uncontrollable event: EV_object_not_visible
[INFO] [1789489851.416747590] [robot_0.robot_supervisor]: Selected controllable event: EV_move_forward
[INFO] [1789489851.701288510] [robot_0.robot_supervisor]: Triggered uncontrollable event: EV_object_not_visible
[INFO] [1789489851.721545105] [robot_0.robot_supervisor]: Selected controllable event: EV_move_forward
[INFO] [1789489852.008637384] [robot_0.robot_supervisor]: Selected controllable event: EV_search_color
[INFO] [1789489852.198999722] [robot_0.robot_supervisor]: Selected controllable event: EV_search_color
[INFO] [1789489852.406561682] [robot_0.robot_supervisor]: Triggered uncontrollable event: EV_object_not_visible
[INFO] [1789489852.407712389] [robot_0.robot_supervisor]: Selected controllable event: EV_approach_object
[INFO] [1789489852.610265580] [robot_0.robot_supervisor]: Selected controllable event: EV_approach_object
[INFO] [1789489852.889231690] [robot_0.robot_supervisor]: Selected controllable event: EV_search_object
[INFO] [1789489853.021789511] [robot_0.robot_supervisor]: Selected controllable event: EV_move_forward
[INFO] [1789489853.286684722] [robot_0.robot_supervisor]: Selected controllable event: EV_search_object
[INFO] [1789489853.522816233] [robot_0.robot_supervisor]: Triggered uncontrollable event: EV_object_not_visible
[INFO] [1789489853.525458252] [robot_0.robot_supervisor]: Selected controllable event: EV_approach_color
[INFO] [1789489853.809676334] [robot_0.robot_supervisor]: Selected controllable event: EV_approach_color
[INFO] [1789489854.114634666] [robot_0.robot_supervisor]: Selected controllable event: EV_approach_object
[INFO] [1789489854.402449872] [robot_0.robot_supervisor]: ############################# VISIBLE: EV_object_visible #############################
[INFO] [1789489854.416032951] [robot_0.robot_supervisor]: Selected controllable event: EV_search_object
[INFO] [1789489854.582742963] [robot_0.robot_supervisor]: Selected controllable event: EV_search_color
[INFO] [1789489854.712601850] [robot_0.robot_supervisor]: Selected controllable event: EV_move_forward
[INFO] [1789489854.917536795] [robot_0.robot_supervisor]: Selected controllable event: EV_approach_object
[INFO] [1789489855.218345421] [robot_0.robot_supervisor]: ############################# VISIBLE: EV_object_visible #############################
[INFO] [1789489855.219320168] [robot_0.robot_supervisor]: Selected controllable event: EV_search_object
[INFO] [1789489855.418242378] [robot_0.robot_supervisor]: Selected controllable event: EV_approach_color
[INFO] [1789489855.705910381] [robot_0.robot_supervisor]: Selected controllable event: EV_search_object
[INFO] [1789489855.890781952] [robot_0.robot_supervisor]: Selected controllable event: EV_move_forward
[INFO] [1789489856.204410960] [robot_0.robot_supervisor]: Triggered uncontrollable event: EV_obstacle_right
[INFO] [1789489856.205197771] [robot_0.robot_supervisor]: ############################# VISIBLE: EV_object_visible #############################
[INFO] [1789489856.209199469] [robot_0.robot_supervisor]: Selected controllable event: EV_rotate_counterclockwise
[INFO] [1789489856.400970172] [robot_0.robot_supervisor]: Triggered uncontrollable event: EV_obstacle_right
[INFO] [1789489856.412845954] [robot_0.robot_supervisor]: Selected controllable event: EV_u_turn
[INFO] [1789489856.413994190] [robot_0.robot_supervisor]: Starting FULL ROTATE (omega=1.000, have_odom=True, target_rad=3.142, timeout_s=3.500)
[INFO] [1789489860.006137105] [robot_0.robot_supervisor]: FULL ROTATE completed by timeout
[INFO] [1789489860.297248029] [robot_0.robot_supervisor]: ############################# VISIBLE: EV_object_visible #############################
[INFO] [1789489860.315935660] [robot_0.robot_supervisor]: Selected controllable event: EV_move_forward
[INFO] [1789489860.615567535] [robot_0.robot_supervisor]: Selected controllable event: EV_search_color
[INFO] [1789489860.815077949] [robot_0.robot_supervisor]: ############################# VISIBLE: EV_object_visible #############################
[INFO] [1789489860.826645273] [robot_0.robot_supervisor]: Selected controllable event: EV_approach_color
[INFO] [1789489861.087003909] [robot_0.robot_supervisor]: Selected controllable event: EV_approach_color
[INFO] [1789489861.329564902] [robot_0.robot_supervisor]: Selected controllable event: EV_search_object
[INFO] [1789489861.512164233] [robot_0.robot_supervisor]: Selected controllable event: EV_move_forward
[INFO] [1789489861.806196387] [robot_0.robot_supervisor]: ############################# VISIBLE: EV_object_visible #############################
[INFO] [1789489861.812385407] [robot_0.robot_supervisor]: Selected controllable event: EV_search_object
[INFO] [1789489862.007803623] [robot_0.robot_supervisor]: Selected controllable event: EV_search_color
[INFO] [1789489862.199130163] [robot_0.robot_supervisor]: Selected controllable event: EV_search_color
[INFO] [1789489862.417378144] [robot_0.robot_supervisor]: Selected controllable event: EV_move_forward
[INFO] [1789489862.699422163] [robot_0.robot_supervisor]: Selected controllable event: EV_search_color
[INFO] [1789489862.912160261] [robot_0.robot_supervisor]: ############################# VISIBLE: EV_object_visible #############################
[INFO] [1789489862.913253879] [robot_0.robot_supervisor]: Selected controllable event: EV_move_forward
[INFO] [1789489863.194282000] [robot_0.robot_supervisor]: Selected controllable event: EV_move_forward
[INFO] [1789489863.518650225] [robot_0.robot_supervisor]: Triggered uncontrollable event: EV_obstacle_right
[INFO] [1789489863.525345782] [robot_0.robot_supervisor]: Selected controllable event: EV_rotate_counterclockwise
[INFO] [1789489863.696421005] [robot_0.robot_supervisor]: Triggered uncontrollable event: EV_obstacle_right
[INFO] [1789489863.702119298] [robot_0.robot_supervisor]: ############################# VISIBLE: EV_object_visible #############################
[INFO] [1789489863.716697464] [robot_0.robot_supervisor]: Selected controllable event: EV_u_turn
[INFO] [1789489863.717658936] [robot_0.robot_supervisor]: Starting FULL ROTATE (omega=1.000, have_odom=True, target_rad=3.142, timeout_s=3.500)
[INFO] [1789489867.298821960] [robot_0.robot_supervisor]: FULL ROTATE completed by timeout
[INFO] [1789489867.500646675] [robot_0.robot_supervisor]: Triggered uncontrollable event: EV_object_not_visible
[INFO] [1789489867.502810563] [robot_0.robot_supervisor]: Selected controllable event: EV_approach_color
[INFO] [1789489867.814516603] [robot_0.robot_supervisor]: Selected controllable event: EV_search_object
[INFO] [1789489868.017583463] [robot_0.robot_supervisor]: Triggered uncontrollable event: EV_object_not_visible
[INFO] [1789489868.027923662] [robot_0.robot_supervisor]: Selected controllable event: EV_search_color
[INFO] [1789489868.194481908] [robot_0.robot_supervisor]: Selected controllable event: EV_move_forward
[INFO] [1789489868.493374166] [robot_0.robot_supervisor]: Selected controllable event: EV_approach_object
[INFO] [1789489868.784644899] [robot_0.robot_supervisor]: Selected controllable event: EV_approach_color
[INFO] [1789489869.002500365] [robot_0.robot_supervisor]: Triggered uncontrollable event: EV_object_not_visible
[INFO] [1789489869.008627125] [robot_0.robot_supervisor]: Selected controllable event: EV_approach_color
[INFO] [1789489869.285603527] [robot_0.robot_supervisor]: Selected controllable event: EV_approach_object
[INFO] [1789489869.497804662] [robot_0.robot_supervisor]: Selected controllable event: EV_approach_color
[INFO] [1789489869.788020894] [robot_0.robot_supervisor]: Triggered uncontrollable event: EV_object_not_visible
[INFO] [1789489869.792737518] [robot_0.robot_supervisor]: Selected controllable event: EV_search_color
[INFO] [1789489869.912747024] [robot_0.robot_supervisor]: Selected controllable event: EV_search_object
[INFO] [1789489870.087701654] [robot_0.robot_supervisor]: Selected controllable event: EV_approach_object
[INFO] [1789489870.294443012] [robot_0.robot_supervisor]: Selected controllable event: EV_search_color
[INFO] [1789489870.398304556] [robot_0.robot_supervisor]: Selected controllable event: EV_approach_color
[INFO] [1789489870.709942703] [robot_0.robot_supervisor]: Triggered uncontrollable event: EV_obstacle_left
[INFO] [1789489870.710797651] [robot_0.robot_supervisor]: Triggered uncontrollable event: EV_object_not_visible
[INFO] [1789489870.719835544] [robot_0.robot_supervisor]: Selected controllable event: EV_u_turn
[INFO] [1789489870.720724099] [robot_0.robot_supervisor]: Starting FULL ROTATE (omega=1.000, have_odom=True, target_rad=3.142, timeout_s=3.500)
[INFO] [1789489874.296741496] [robot_0.robot_supervisor]: FULL ROTATE completed by timeout
[INFO] [1789489874.515298175] [robot_0.robot_supervisor]: ############################# VISIBLE: EV_object_visible #############################
[INFO] [1789489874.516357624] [robot_0.robot_supervisor]: Selected controllable event: EV_search_color
[INFO] [1789489874.695229815] [robot_0.robot_supervisor]: Selected controllable event: EV_approach_object
[INFO] [1789489875.001277742] [robot_0.robot_supervisor]: ############################# VISIBLE: EV_object_visible #############################
[INFO] [1789489875.007650236] [robot_0.robot_supervisor]: Selected controllable event: EV_search_color
[INFO] [1789489875.194345566] [robot_0.robot_supervisor]: Selected controllable event: EV_approach_color
[INFO] [1789489875.511443874] [robot_0.robot_supervisor]: Selected controllable event: EV_search_object
[INFO] [1789489875.696232142] [robot_0.robot_supervisor]: ############################# VISIBLE: EV_object_visible #############################
[INFO] [1789489875.697192361] [robot_0.robot_supervisor]: Selected controllable event: EV_search_object
[INFO] [1789489875.900729426] [robot_0.robot_supervisor]: Selected controllable event: EV_search_object
[INFO] [1789489876.092561707] [robot_0.robot_supervisor]: Selected controllable event: EV_search_color
[INFO] [1789489876.300872746] [robot_0.robot_supervisor]: Selected controllable event: EV_move_forward
[INFO] [1789489876.588893662] [robot_0.robot_supervisor]: ############################# VISIBLE: EV_object_visible #############################
[INFO] [1789489876.589660570] [robot_0.robot_supervisor]: Selected controllable event: EV_move_forward
[INFO] [1789489876.898205288] [robot_0.robot_supervisor]: Selected controllable event: EV_move_forward
[INFO] [1789489877.188062073] [robot_0.robot_supervisor]: Selected controllable event: EV_approach_object
[INFO] [1789489877.396437816] [robot_0.robot_supervisor]: ############################# VISIBLE: EV_object_visible #############################
[INFO] [1789489877.404931207] [robot_0.robot_supervisor]: Selected controllable event: EV_search_color
[INFO] [1789489877.593561291] [robot_0.robot_supervisor]: Selected controllable event: EV_search_object
[INFO] [1789489877.790195743] [robot_0.robot_supervisor]: Selected controllable event: EV_approach_object
[INFO] [1789489878.093701591] [robot_0.robot_supervisor]: ############################# VISIBLE: EV_object_visible #############################
[INFO] [1789489878.096761672] [robot_0.robot_supervisor]: Selected controllable event: EV_search_object
[INFO] [1789489878.208951445] [robot_0.robot_supervisor]: Selected controllable event: EV_search_object
[INFO] [1789489878.398395385] [robot_0.robot_supervisor]: Selected controllable event: EV_search_color
[INFO] [1789489878.604920088] [robot_0.robot_supervisor]: Selected controllable event: EV_search_object
[INFO] [1789489878.713113421] [robot_0.robot_supervisor]: Selected controllable event: EV_approach_color
[INFO] [1789489878.998416861] [robot_0.robot_supervisor]: ############################# VISIBLE: EV_object_visible #############################
[INFO] [1789489879.013230031] [robot_0.robot_supervisor]: Selected controllable event: EV_move_forward
[INFO] [1789489879.317227669] [robot_0.robot_supervisor]: Selected controllable event: EV_search_object
[INFO] [1789489879.493408468] [robot_0.robot_supervisor]: Selected controllable event: EV_approach_object
[INFO] [1789489879.798480756] [robot_0.robot_supervisor]: ############################# VISIBLE: EV_object_visible #############################
[INFO] [1789489879.816454270] [robot_0.robot_supervisor]: Selected controllable event: EV_search_object
[INFO] [1789489879.988125917] [robot_0.robot_supervisor]: Selected controllable event: EV_search_color
[INFO] [1789489880.223085177] [robot_0.robot_supervisor]: Selected controllable event: EV_approach_color
[INFO] [1789489880.489799787] [robot_0.robot_supervisor]: Triggered uncontrollable event: EV_object_not_visible
[INFO] [1789489880.490733510] [robot_0.robot_supervisor]: Selected controllable event: EV_approach_color
[INFO] [1789489880.800054572] [robot_0.robot_supervisor]: Selected controllable event: EV_approach_object
[INFO] [1789489881.021904358] [robot_0.robot_supervisor]: Selected controllable event: EV_search_color
[INFO] [1789489881.223809826] [robot_0.robot_supervisor]: Triggered uncontrollable event: EV_object_not_visible
[INFO] [1789489881.224707296] [robot_0.robot_supervisor]: Selected controllable event: EV_approach_object
[INFO] [1789489881.491372621] [robot_0.robot_supervisor]: Selected controllable event: EV_search_object
[INFO] [1789489881.693962921] [robot_0.robot_supervisor]: Selected controllable event: EV_move_forward
[INFO] [1789489881.997448367] [robot_0.robot_supervisor]: Triggered uncontrollable event: EV_object_not_visible
[INFO] [1789489882.001677453] [robot_0.robot_supervisor]: Selected controllable event: EV_move_forward
[INFO] [1789489882.293266203] [robot_0.robot_supervisor]: Selected controllable event: EV_search_object
[INFO] [1789489882.407161969] [robot_0.robot_supervisor]: Selected controllable event: EV_approach_color
[INFO] [1789489882.684707728] [robot_0.robot_supervisor]: Triggered uncontrollable event: EV_object_not_visible
[INFO] [1789489882.685575128] [robot_0.robot_supervisor]: Selected controllable event: EV_search_color
[INFO] [1789489882.889762552] [robot_0.robot_supervisor]: Selected controllable event: EV_move_forward
[INFO] [1789489883.102126911] [robot_0.robot_supervisor]: Selected controllable event: EV_search_object
[INFO] [1789489883.300432532] [robot_0.robot_supervisor]: Selected controllable event: EV_approach_object
[INFO] [1789489883.597565429] [robot_0.robot_supervisor]: Triggered uncontrollable event: EV_object_not_visible
[INFO] [1789489883.605625402] [robot_0.robot_supervisor]: Selected controllable event: EV_approach_object
[INFO] [1789489883.911092544] [robot_0.robot_supervisor]: Selected controllable event: EV_search_object
[INFO] [1789489884.096438353] [robot_0.robot_supervisor]: Selected controllable event: EV_search_object
[INFO] [1789489884.286547512] [robot_0.robot_supervisor]: Triggered uncontrollable event: EV_object_not_visible
[INFO] [1789489884.287465649] [robot_0.robot_supervisor]: Selected controllable event: EV_move_forward
[INFO] [1789489884.491945973] [robot_0.robot_supervisor]: Selected controllable event: EV_approach_color
[INFO] [1789489884.709931377] [robot_0.robot_supervisor]: Selected controllable event: EV_approach_color
[INFO] [1789489884.995390087] [robot_0.robot_supervisor]: Triggered uncontrollable event: EV_object_not_visible
[INFO] [1789489884.998673976] [robot_0.robot_supervisor]: Selected controllable event: EV_search_object
[INFO] [1789489885.110543241] [robot_0.robot_supervisor]: Selected controllable event: EV_approach_color
[INFO] [1789489885.401059678] [robot_0.robot_supervisor]: Selected controllable event: EV_search_color
[INFO] [1789489885.587586562] [robot_0.robot_supervisor]: Selected controllable event: EV_approach_color
[INFO] [1789489885.901334207] [robot_0.robot_supervisor]: Triggered uncontrollable event: EV_object_not_visible
[INFO] [1789489885.902193381] [robot_0.robot_supervisor]: Selected controllable event: EV_approach_object
[INFO] [1789489886.201553524] [robot_0.robot_supervisor]: Selected controllable event: EV_approach_color
[INFO] [1789489886.490969697] [robot_0.robot_supervisor]: Triggered uncontrollable event: EV_object_not_visible
[INFO] [1789489886.491888824] [robot_0.robot_supervisor]: Selected controllable event: EV_search_object
[INFO] [1789489886.691684263] [robot_0.robot_supervisor]: Selected controllable event: EV_approach_object
[INFO] [1789489886.986330508] [robot_0.robot_supervisor]: Selected controllable event: EV_move_forward
[INFO] [1789489887.197557100] [robot_0.robot_supervisor]: Triggered uncontrollable event: EV_object_not_visible
[INFO] [1789489887.210690166] [robot_0.robot_supervisor]: Selected controllable event: EV_move_forward
[INFO] [1789489887.493666853] [robot_0.robot_supervisor]: Selected controllable event: EV_approach_color
[INFO] [1789489887.818303302] [robot_0.robot_supervisor]: Selected controllable event: EV_approach_object
[INFO] [1789489888.114626748] [robot_0.robot_supervisor]: Triggered uncontrollable event: EV_object_not_visible
[INFO] [1789489888.115704369] [robot_0.robot_supervisor]: Selected controllable event: EV_move_forward
[INFO] [1789489888.412582404] [robot_0.robot_supervisor]: Selected controllable event: EV_approach_color
[INFO] [1789489888.694978944] [robot_0.robot_supervisor]: Selected controllable event: EV_search_color
[INFO] [1789489888.797101407] [robot_0.robot_supervisor]: Selected controllable event: EV_approach_color
[INFO] [1789489889.008216005] [robot_0.robot_supervisor]: Triggered uncontrollable event: EV_object_not_visible
[INFO] [1789489889.016005724] [robot_0.robot_supervisor]: Selected controllable event: EV_approach_object
[INFO] [1789489889.292574290] [robot_0.robot_supervisor]: Selected controllable event: EV_search_color
[INFO] [1789489889.502928461] [robot_0.robot_supervisor]: Selected controllable event: EV_approach_color
[INFO] [1789489889.818801412] [robot_0.robot_supervisor]: Triggered uncontrollable event: EV_obstacle_left
[INFO] [1789489889.821041740] [robot_0.robot_supervisor]: Triggered uncontrollable event: EV_object_not_visible
[INFO] [1789489889.828454493] [robot_0.robot_supervisor]: Selected controllable event: EV_rotate_clockwise
[INFO] [1789489889.995485497] [robot_0.robot_supervisor]: Triggered uncontrollable event: EV_obstacle_left
[INFO] [1789489889.996349042] [robot_0.robot_supervisor]: Selected controllable event: EV_u_turn
[INFO] [1789489890.013476137] [robot_0.robot_supervisor]: Starting FULL ROTATE (omega=1.000, have_odom=True, target_rad=3.142, timeout_s=3.500)
[INFO] [1789489893.520122759] [robot_0.robot_supervisor]: FULL ROTATE completed by timeout
[INFO] [1789489893.794429602] [robot_0.robot_supervisor]: Triggered uncontrollable event: EV_obstacle_left
[INFO] [1789489893.806516702] [robot_0.robot_supervisor]: Triggered uncontrollable event: EV_object_not_visible
[INFO] [1789489893.807469442] [robot_0.robot_supervisor]: Selected controllable event: EV_rotate_clockwise
[INFO] [1789489893.984390983] [robot_0.robot_supervisor]: Triggered uncontrollable event: EV_obstacle_left
[INFO] [1789489893.985421246] [robot_0.robot_supervisor]: Selected controllable event: EV_u_turn
[INFO] [1789489894.087189802] [robot_0.robot_supervisor]: Triggered uncontrollable event: EV_obstacle_front
[INFO] [1789489894.088231430] [robot_0.robot_supervisor]: Selected controllable event: EV_rotate_counterclockwise
[INFO] [1789489894.192737151] [robot_0.robot_supervisor]: Triggered uncontrollable event: EV_obstacle_front
[INFO] [1789489894.210858226] [robot_0.robot_supervisor]: Triggered uncontrollable event: EV_object_not_visible
[INFO] [1789489894.211862100] [robot_0.robot_supervisor]: Selected controllable event: EV_move_backward
[INFO] [1789489894.513390686] [robot_0.robot_supervisor]: Triggered uncontrollable event: EV_obstacle_front
[INFO] [1789489894.514371365] [robot_0.robot_supervisor]: Selected controllable event: EV_move_backward
[INFO] [1789489894.788456840] [robot_0.robot_supervisor]: Triggered uncontrollable event: EV_obstacle_front
[INFO] [1789489894.799537998] [robot_0.robot_supervisor]: Selected controllable event: EV_rotate_counterclockwise
[INFO] [1789489894.920331737] [robot_0.robot_supervisor]: Triggered uncontrollable event: EV_obstacle_front
[INFO] [1789489894.921355989] [robot_0.robot_supervisor]: Selected controllable event: EV_u_turn
[INFO] [1789489894.982622527] [robot_0.robot_supervisor]: Triggered uncontrollable event: EV_obstacle_front
[INFO] [1789489894.999308558] [robot_0.robot_supervisor]: Selected controllable event: EV_rotate_clockwise
[INFO] [1789489895.189428366] [robot_0.robot_supervisor]: Triggered uncontrollable event: EV_obstacle_front
[INFO] [1789489895.204471635] [robot_0.robot_supervisor]: Triggered uncontrollable event: EV_object_not_visible
[INFO] [1789489895.205435877] [robot_0.robot_supervisor]: Selected controllable event: EV_move_backward
[INFO] [1789489895.503884678] [robot_0.robot_supervisor]: Triggered uncontrollable event: EV_obstacle_front
[INFO] [1789489895.511384901] [robot_0.robot_supervisor]: Selected controllable event: EV_u_turn
[INFO] [1789489895.583330210] [robot_0.robot_supervisor]: Triggered uncontrollable event: EV_obstacle_front
[INFO] [1789489895.610184050] [robot_0.robot_supervisor]: Selected controllable event: EV_rotate_counterclockwise
[INFO] [1789489895.787036737] [robot_0.robot_supervisor]: Triggered uncontrollable event: EV_obstacle_front
[INFO] [1789489895.789322349] [robot_0.robot_supervisor]: Selected controllable event: EV_u_turn
[INFO] [1789489895.903360480] [robot_0.robot_supervisor]: Triggered uncontrollable event: EV_obstacle_front
[INFO] [1789489895.907889396] [robot_0.robot_supervisor]: Triggered uncontrollable event: EV_object_not_visible
[INFO] [1789489895.910989078] [robot_0.robot_supervisor]: Selected controllable event: EV_rotate_counterclockwise
[INFO] [1789489896.098760551] [robot_0.robot_supervisor]: Triggered uncontrollable event: EV_obstacle_front
[INFO] [1789489896.106433093] [robot_0.robot_supervisor]: Selected controllable event: EV_u_turn
[INFO] [1789489896.115308148] [robot_0.robot_supervisor]: Starting FULL ROTATE (omega=1.000, have_odom=True, target_rad=3.142, timeout_s=3.500)
[INFO] [1789489899.693962962] [robot_0.robot_supervisor]: FULL ROTATE completed by timeout
[INFO] [1789489899.923968759] [robot_0.robot_supervisor]: ############################# VISIBLE: EV_object_visible #############################
[INFO] [1789489899.942527253] [robot_0.robot_supervisor]: Selected controllable event: EV_approach_object
[INFO] [1789489900.192602356] [robot_0.robot_supervisor]: ############################# VISIBLE: EV_object_visible #############################
[INFO] [1789489900.200092868] [robot_0.robot_supervisor]: Selected controllable event: EV_approach_color
[INFO] [1789489900.501636944] [robot_0.robot_supervisor]: Selected controllable event: EV_search_object
[INFO] [1789489900.606936296] [robot_0.robot_supervisor]: Selected controllable event: EV_search_color
[INFO] [1789489900.784626046] [robot_0.robot_supervisor]: Selected controllable event: EV_approach_object
[INFO] [1789489901.096089933] [robot_0.robot_supervisor]: ############################# VISIBLE: EV_object_visible #############################
[INFO] [1789489901.107364134] [robot_0.robot_supervisor]: Selected controllable event: EV_approach_object
[INFO] [1789489901.393828239] [robot_0.robot_supervisor]: Selected controllable event: EV_approach_color
[INFO] [1789489901.599799859] [robot_0.robot_supervisor]: Selected controllable event: EV_move_forward
[INFO] [1789489901.897177335] [robot_0.robot_supervisor]: ############################# VISIBLE: EV_object_visible #############################
[INFO] [1789489901.903793314] [robot_0.robot_supervisor]: Selected controllable event: EV_approach_object
[INFO] [1789489902.212238417] [robot_0.robot_supervisor]: Selected controllable event: EV_approach_color
[INFO] [1789489902.492511370] [robot_0.robot_supervisor]: Selected controllable event: EV_approach_color
[INFO] [1789489902.706063156] [robot_0.robot_supervisor]: ############################# VISIBLE: EV_object_visible #############################
[INFO] [1789489902.709084054] [robot_0.robot_supervisor]: Selected controllable event: EV_search_object
[INFO] [1789489902.915760667] [robot_0.robot_supervisor]: Selected controllable event: EV_search_object
[INFO] [1789489903.114312919] [robot_0.robot_supervisor]: Selected controllable event: EV_move_forward
[INFO] [1789489903.400283139] [robot_0.robot_supervisor]: ############################# VISIBLE: EV_object_visible #############################
[INFO] [1789489903.401170694] [robot_0.robot_supervisor]: Selected controllable event: EV_approach_object
[INFO] [1789489903.699900281] [robot_0.robot_supervisor]: Selected controllable event: EV_approach_object
[INFO] [1789489904.000556091] [robot_0.robot_supervisor]: ############################# VISIBLE: EV_object_visible #############################
[INFO] [1789489904.005695883] [robot_0.robot_supervisor]: Selected controllable event: EV_search_color
[INFO] [1789489904.182964430] [robot_0.robot_supervisor]: Selected controllable event: EV_approach_object
[INFO] [1789489904.397952600] [robot_0.robot_supervisor]: Selected controllable event: EV_search_object
[INFO] [1789489904.610963101] [robot_0.robot_supervisor]: Selected controllable event: EV_search_color
[INFO] [1789489904.799631046] [robot_0.robot_supervisor]: Selected controllable event: EV_approach_color
[INFO] [1789489905.089442947] [robot_0.robot_supervisor]: ############################# VISIBLE: EV_object_visible #############################
[INFO] [1789489905.090393874] [robot_0.robot_supervisor]: Selected controllable event: EV_approach_color
[INFO] [1789489905.390208905] [robot_0.robot_supervisor]: Selected controllable event: EV_search_object
[INFO] [1789489905.595617558] [robot_0.robot_supervisor]: ############################# REACHED: EV_object_reached #############################
[INFO] [1789489905.602638939] [robot_0.robot_supervisor]: Selected controllable event: EV_approach_color
[INFO] [1789489905.889333752] [robot_0.robot_supervisor]: Selected controllable event: EV_approach_object
[INFO] [1789489906.103507932] [robot_0.robot_supervisor]: Selected controllable event: EV_move_forward
[INFO] [1789489906.389418700] [robot_0.robot_supervisor]: Triggered uncontrollable event: EV_obstacle_right
[INFO] [1789489906.390158157] [robot_0.robot_supervisor]: ############################# REACHED: EV_object_reached #############################
[INFO] [1789489906.409211476] [robot_0.robot_supervisor]: Selected controllable event: EV_u_turn
[INFO] [1789489906.410046557] [robot_0.robot_supervisor]: Starting FULL ROTATE (omega=1.000, have_odom=True, target_rad=3.142, timeout_s=3.500)
[INFO] [1789489909.996401109] [robot_0.robot_supervisor]: FULL ROTATE completed by timeout
[INFO] [1789489910.349011552] [robot_0.robot_supervisor]: ############################# REACHED: EV_object_reached #############################
[INFO] [1789489910.349939376] [robot_0.robot_supervisor]: Selected controllable event: EV_approach_object
