[INFO] [1789489920.915569189] [robot_2.robot_supervisor]: Loaded initial mission 'balanced_delivery' from explicit YAML S_20260915_182327.yaml
[INFO] [1789489921.054373010] [robot_2.robot_supervisor]: Selected controllable event: EV_approach_object
[INFO] [1789489921.356054311] [robot_2.robot_supervisor]: Selected controllable event: EV_search_object
[INFO] [1789489921.457503458] [robot_2.robot_supervisor]: Selected controllable event: EV_search_color
[INFO] [1789489921.561596643] [robot_2.robot_supervisor]: Selected controllable event: EV_search_object
[INFO] [1789489921.753162119] [robot_2.robot_supervisor]: Selected controllable event: EV_move_forward
[INFO] [1789489922.058306451] [robot_2.robot_supervisor]: Selected controllable event: EV_search_color
[INFO] [1789489922.249133252] [robot_2.robot_supervisor]: Selected controllable event: EV_approach_object
[INFO] [1789489922.453167085] [robot_2.robot_supervisor]: Selected controllable event: EV_move_forward
[INFO] [1789489922.755410857] [robot_2.robot_supervisor]: Selected controllable event: EV_approach_object
[INFO] [1789489922.965281940] [robot_2.robot_supervisor]: Selected controllable event: EV_approach_object
[INFO] [1789489923.256674913] [robot_2.robot_supervisor]: Selected controllable event: EV_approach_color
[INFO] [1789489923.549074402] [robot_2.robot_supervisor]: Selected controllable event: EV_search_object
[INFO] [1789489923.746124859] [robot_2.robot_supervisor]: Selected controllable event: EV_search_object
[INFO] [1789489923.848150630] [robot_2.robot_supervisor]: Selected controllable event: EV_approach_object
[INFO] [1789489924.146116091] [robot_2.robot_supervisor]: Selected controllable event: EV_approach_object
[INFO] [1789489924.446090588] [robot_2.robot_supervisor]: Selected controllable event: EV_move_forward
[INFO] [1789489924.746252817] [robot_2.robot_supervisor]: Selected controllable event: EV_search_object
[INFO] [1789489924.946326141] [robot_2.robot_supervisor]: Selected controllable event: EV_search_color
[INFO] [1789489925.047500029] [robot_2.robot_supervisor]: Selected controllable event: EV_approach_object
[INFO] [1789489925.346024217] [robot_2.robot_supervisor]: Selected controllable event: EV_move_forward
[INFO] [1789489925.646032182] [robot_2.robot_supervisor]: Selected controllable event: EV_search_object
[INFO] [1789489925.846095611] [robot_2.robot_supervisor]: Selected controllable event: EV_move_forward
[INFO] [1789489926.051960840] [robot_2.robot_supervisor]: Triggered uncontrollable event: EV_object_not_visible
[INFO] [1789489926.052637525] [robot_2.robot_supervisor]: Selected controllable event: EV_approach_color
[INFO] [1789489926.351879967] [robot_2.robot_supervisor]: Selected controllable event: EV_search_color
[INFO] [1789489926.460872190] [robot_2.robot_supervisor]: Selected controllable event: EV_search_object
[INFO] [1789489926.649023685] [robot_2.robot_supervisor]: ############################# REACHED: EV_object_reached #############################
[INFO] [1789489926.650547481] [robot_2.robot_supervisor]: Selected controllable event: EV_move_forward
[INFO] [1789489926.964508517] [robot_2.robot_supervisor]: Selected controllable event: EV_approach_object
[INFO] [1789489927.252268788] [robot_2.robot_supervisor]: ############################# REACHED: EV_object_reached #############################
[INFO] [1789489927.252994798] [robot_2.robot_supervisor]: Selected controllable event: EV_move_forward
[INFO] [1789489927.464888692] [robot_2.robot_supervisor]: Selected controllable event: EV_approach_color
[INFO] [1789489927.751074319] [robot_2.robot_supervisor]: ############################# VISIBLE: EV_object_visible #############################
[INFO] [1789489927.751758143] [robot_2.robot_supervisor]: Selected controllable event: EV_approach_object
[INFO] [1789489927.976432227] [robot_2.robot_supervisor]: Selected controllable event: EV_approach_object
[INFO] [1789489928.250273503] [robot_2.robot_supervisor]: Selected controllable event: EV_search_color
[INFO] [1789489928.367944508] [robot_2.robot_supervisor]: Selected controllable event: EV_approach_object
[INFO] [1789489928.648671575] [robot_2.robot_supervisor]: ############################# VISIBLE: EV_object_visible #############################
[INFO] [1789489928.649413760] [robot_2.robot_supervisor]: Selected controllable event: EV_search_color
[INFO] [1789489928.765984846] [robot_2.robot_supervisor]: Selected controllable event: EV_search_object
[INFO] [1789489928.951617847] [robot_2.robot_supervisor]: Selected controllable event: EV_approach_object
[INFO] [1789489929.246110769] [robot_2.robot_supervisor]: ############################# VISIBLE: EV_object_visible #############################
[INFO] [1789489929.246837989] [robot_2.robot_supervisor]: Selected controllable event: EV_search_color
[INFO] [1789489929.354067084] [robot_2.robot_supervisor]: Selected controllable event: EV_search_color
[INFO] [1789489929.465820794] [robot_2.robot_supervisor]: Selected controllable event: EV_approach_color
[INFO] [1789489929.761263597] [robot_2.robot_supervisor]: ############################# VISIBLE: EV_object_visible #############################
[INFO] [1789489929.767247678] [robot_2.robot_supervisor]: Selected controllable event: EV_approach_color
[INFO] [1789489930.058903626] [robot_2.robot_supervisor]: Selected controllable event: EV_approach_color
[INFO] [1789489930.352617806] [robot_2.robot_supervisor]: ############################# REACHED: EV_object_reached #############################
[INFO] [1789489930.353341396] [robot_2.robot_supervisor]: Selected controllable event: EV_approach_object
[INFO] [1789489930.650000700] [robot_2.robot_supervisor]: Triggered uncontrollable event: EV_obstacle_right
[INFO] [1789489930.650767111] [robot_2.robot_supervisor]: Selected controllable event: EV_rotate_counterclockwise
[INFO] [1789489930.762154481] [robot_2.robot_supervisor]: Triggered uncontrollable event: EV_obstacle_right
[INFO] [1789489930.762794626] [robot_2.robot_supervisor]: ############################# REACHED: EV_object_reached #############################
[INFO] [1789489930.763482791] [robot_2.robot_supervisor]: Selected controllable event: EV_rotate_counterclockwise
[INFO] [1789489930.954082912] [robot_2.robot_supervisor]: Triggered uncontrollable event: EV_obstacle_right
[INFO] [1789489930.960029408] [robot_2.robot_supervisor]: Selected controllable event: EV_rotate_counterclockwise
[INFO] [1789489931.158560475] [robot_2.robot_supervisor]: Triggered uncontrollable event: EV_obstacle_right
[INFO] [1789489931.159448514] [robot_2.robot_supervisor]: Selected controllable event: EV_rotate_counterclockwise
[INFO] [1789489931.352635436] [robot_2.robot_supervisor]: Triggered uncontrollable event: EV_obstacle_right
[INFO] [1789489931.353487257] [robot_2.robot_supervisor]: Selected controllable event: EV_u_turn
[INFO] [1789489931.368708307] [robot_2.robot_supervisor]: Starting FULL ROTATE (omega=1.000, have_odom=True, target_rad=3.142, timeout_s=3.500)
[INFO] [1789489934.855765943] [robot_2.robot_supervisor]: FULL ROTATE completed by timeout
[INFO] [1789489935.062251162] [robot_2.robot_supervisor]: ############################# REACHED: EV_object_reached #############################
[INFO] [1789489935.063020425] [robot_2.robot_supervisor]: Selected controllable event: EV_search_color
[INFO] [1789489935.262327187] [robot_2.robot_supervisor]: Selected controllable event: EV_move_forward
[INFO] [1789489935.554963614] [robot_2.robot_supervisor]: ############################# REACHED: EV_object_reached #############################
[INFO] [1789489935.555797021] [robot_2.robot_supervisor]: Selected controllable event: EV_approach_color
[INFO] [1789489935.859404632] [robot_2.robot_supervisor]: Selected controllable event: EV_approach_color
[INFO] [1789489936.158267643] [robot_2.robot_supervisor]: ############################# VISIBLE: EV_object_visible #############################
[INFO] [1789489936.158954318] [robot_2.robot_supervisor]: Selected controllable event: EV_approach_object
[INFO] [1789489936.460965032] [robot_2.robot_supervisor]: Selected controllable event: EV_approach_object
[INFO] [1789489936.778156101] [robot_2.robot_supervisor]: ############################# VISIBLE: EV_object_visible #############################
[INFO] [1789489936.779260688] [robot_2.robot_supervisor]: Selected controllable event: EV_approach_object
[INFO] [1789489937.056526298] [robot_2.robot_supervisor]: Selected controllable event: EV_move_forward
[INFO] [1789489937.358642076] [robot_2.robot_supervisor]: ############################# VISIBLE: EV_object_visible #############################
[INFO] [1789489937.359349801] [robot_2.robot_supervisor]: Selected controllable event: EV_approach_color
[INFO] [1789489937.659409557] [robot_2.robot_supervisor]: Selected controllable event: EV_approach_color
[INFO] [1789489937.964489429] [robot_2.robot_supervisor]: ############################# VISIBLE: EV_object_visible #############################
[INFO] [1789489937.968912583] [robot_2.robot_supervisor]: Selected controllable event: EV_search_object
[INFO] [1789489938.164449865] [robot_2.robot_supervisor]: Selected controllable event: EV_search_object
[INFO] [1789489938.354525700] [robot_2.robot_supervisor]: Selected controllable event: EV_approach_object
[INFO] [1789489938.655752967] [robot_2.robot_supervisor]: ############################# VISIBLE: EV_object_visible #############################
[INFO] [1789489938.667214274] [robot_2.robot_supervisor]: Selected controllable event: EV_search_color
[INFO] [1789489938.850367090] [robot_2.robot_supervisor]: Selected controllable event: EV_search_color
[INFO] [1789489938.965032691] [robot_2.robot_supervisor]: ############################# VISIBLE: EV_object_visible #############################
[INFO] [1789489938.965814885] [robot_2.robot_supervisor]: Selected controllable event: EV_approach_color
[INFO] [1789489939.251736298] [robot_2.robot_supervisor]: Selected controllable event: EV_approach_object
[INFO] [1789489939.548721844] [robot_2.robot_supervisor]: Selected controllable event: EV_approach_object
[INFO] [1789489939.758590492] [robot_2.robot_supervisor]: ############################# VISIBLE: EV_object_visible #############################
[INFO] [1789489939.764921916] [robot_2.robot_supervisor]: Selected controllable event: EV_move_forward
[INFO] [1789489940.060048161] [robot_2.robot_supervisor]: Selected controllable event: EV_approach_color
[INFO] [1789489940.352884436] [robot_2.robot_supervisor]: ############################# VISIBLE: EV_object_visible #############################
[INFO] [1789489940.357258940] [robot_2.robot_supervisor]: Selected controllable event: EV_search_object
[INFO] [1789489940.561549734] [robot_2.robot_supervisor]: Selected controllable event: EV_move_forward
[INFO] [1789489940.792533322] [robot_2.robot_supervisor]: Selected controllable event: EV_move_forward
[INFO] [1789489941.060639015] [robot_2.robot_supervisor]: ############################# VISIBLE: EV_object_visible #############################
[INFO] [1789489941.061478381] [robot_2.robot_supervisor]: Selected controllable event: EV_approach_color
[INFO] [1789489941.353624930] [robot_2.robot_supervisor]: ############################# VISIBLE: EV_object_visible #############################
[INFO] [1789489941.354348745] [robot_2.robot_supervisor]: Selected controllable event: EV_approach_color
[INFO] [1789489941.560127615] [robot_2.robot_supervisor]: Selected controllable event: EV_approach_object
[INFO] [1789489941.849199725] [robot_2.robot_supervisor]: ############################# VISIBLE: EV_object_visible #############################
[INFO] [1789489941.849930004] [robot_2.robot_supervisor]: Selected controllable event: EV_search_color
[INFO] [1789489941.963081429] [robot_2.robot_supervisor]: Selected controllable event: EV_move_forward
[INFO] [1789489942.245996852] [robot_2.robot_supervisor]: Selected controllable event: EV_search_object
[INFO] [1789489942.360697140] [robot_2.robot_supervisor]: ############################# VISIBLE: EV_object_visible #############################
[INFO] [1789489942.361436601] [robot_2.robot_supervisor]: Selected controllable event: EV_search_color
[INFO] [1789489942.556526554] [robot_2.robot_supervisor]: Selected controllable event: EV_approach_color
[INFO] [1789489942.847048192] [robot_2.robot_supervisor]: Selected controllable event: EV_approach_color
[INFO] [1789489943.150575124] [robot_2.robot_supervisor]: Triggered uncontrollable event: EV_obstacle_right
[INFO] [1789489943.155938746] [robot_2.robot_supervisor]: ############################# VISIBLE: EV_object_visible #############################
[INFO] [1789489943.160784775] [robot_2.robot_supervisor]: Selected controllable event: EV_rotate_counterclockwise
[INFO] [1789489943.370707796] [robot_2.robot_supervisor]: Triggered uncontrollable event: EV_obstacle_right
[INFO] [1789489943.371424541] [robot_2.robot_supervisor]: Selected controllable event: EV_u_turn
[INFO] [1789489943.372072214] [robot_2.robot_supervisor]: Starting FULL ROTATE (omega=1.000, have_odom=True, target_rad=3.142, timeout_s=3.500)
[INFO] [1789489946.959222792] [robot_2.robot_supervisor]: FULL ROTATE completed by timeout
[INFO] [1789489947.262721892] [robot_2.robot_supervisor]: ############################# VISIBLE: EV_object_visible #############################
[INFO] [1789489947.263321107] [robot_2.robot_supervisor]: Selected controllable event: EV_approach_object
[INFO] [1789489947.576404579] [robot_2.robot_supervisor]: Selected controllable event: EV_approach_object
[INFO] [1789489947.862322639] [robot_2.robot_supervisor]: ############################# VISIBLE: EV_object_visible #############################
[INFO] [1789489947.863050981] [robot_2.robot_supervisor]: Selected controllable event: EV_search_color
[INFO] [1789489948.055614772] [robot_2.robot_supervisor]: Selected controllable event: EV_approach_color
[INFO] [1789489948.258773712] [robot_2.robot_supervisor]: Selected controllable event: EV_move_forward
[INFO] [1789489948.558810293] [robot_2.robot_supervisor]: ############################# VISIBLE: EV_object_visible #############################
[INFO] [1789489948.564420139] [robot_2.robot_supervisor]: Selected controllable event: EV_move_forward
[INFO] [1789489948.849381226] [robot_2.robot_supervisor]: Selected controllable event: EV_search_color
[INFO] [1789489949.048968361] [robot_2.robot_supervisor]: ############################# VISIBLE: EV_object_visible #############################
[INFO] [1789489949.060308412] [robot_2.robot_supervisor]: Selected controllable event: EV_approach_object
[INFO] [1789489949.363567042] [robot_2.robot_supervisor]: Selected controllable event: EV_approach_object
[INFO] [1789489949.654919752] [robot_2.robot_supervisor]: ############################# VISIBLE: EV_object_visible #############################
[INFO] [1789489949.655646281] [robot_2.robot_supervisor]: Selected controllable event: EV_approach_color
[INFO] [1789489949.964898068] [robot_2.robot_supervisor]: ############################# VISIBLE: EV_object_visible #############################
[INFO] [1789489949.965658097] [robot_2.robot_supervisor]: Selected controllable event: EV_approach_color
[INFO] [1789489950.246802362] [robot_2.robot_supervisor]: Selected controllable event: EV_approach_color
[INFO] [1789489950.458496021] [robot_2.robot_supervisor]: Selected controllable event: EV_search_object
[INFO] [1789489950.656583691] [robot_2.robot_supervisor]: ############################# VISIBLE: EV_object_visible #############################
[INFO] [1789489950.658514101] [robot_2.robot_supervisor]: Selected controllable event: EV_approach_object
[INFO] [1789489950.957231138] [robot_2.robot_supervisor]: Selected controllable event: EV_move_forward
[INFO] [1789489951.177607658] [robot_2.robot_supervisor]: ############################# VISIBLE: EV_object_visible #############################
[INFO] [1789489951.178417024] [robot_2.robot_supervisor]: Selected controllable event: EV_search_object
[INFO] [1789489951.357324322] [robot_2.robot_supervisor]: Selected controllable event: EV_search_color
[INFO] [1789489951.555685297] [robot_2.robot_supervisor]: Selected controllable event: EV_search_object
[INFO] [1789489951.751216732] [robot_2.robot_supervisor]: ############################# VISIBLE: EV_object_visible #############################
[INFO] [1789489951.753249735] [robot_2.robot_supervisor]: Selected controllable event: EV_search_object
[INFO] [1789489951.968514114] [robot_2.robot_supervisor]: Selected controllable event: EV_search_color
[INFO] [1789489952.149039696] [robot_2.robot_supervisor]: Selected controllable event: EV_search_object
[INFO] [1789489952.256429104] [robot_2.robot_supervisor]: ############################# VISIBLE: EV_object_visible #############################
[INFO] [1789489952.257198075] [robot_2.robot_supervisor]: Selected controllable event: EV_search_color
[INFO] [1789489952.455798468] [robot_2.robot_supervisor]: Selected controllable event: EV_move_forward
[INFO] [1789489952.750911667] [robot_2.robot_supervisor]: ############################# VISIBLE: EV_object_visible #############################
[INFO] [1789489952.753989352] [robot_2.robot_supervisor]: Selected controllable event: EV_move_forward
[INFO] [1789489952.955495558] [robot_2.robot_supervisor]: Selected controllable event: EV_search_object
[INFO] [1789489953.170188829] [robot_2.robot_supervisor]: Selected controllable event: EV_move_forward
[INFO] [1789489953.446061510] [robot_2.robot_supervisor]: ############################# VISIBLE: EV_object_visible #############################
[INFO] [1789489953.446758567] [robot_2.robot_supervisor]: Selected controllable event: EV_search_color
[INFO] [1789489953.660712857] [robot_2.robot_supervisor]: Selected controllable event: EV_search_color
[INFO] [1789489953.850005482] [robot_2.robot_supervisor]: ############################# VISIBLE: EV_object_visible #############################
[INFO] [1789489953.850684677] [robot_2.robot_supervisor]: Selected controllable event: EV_approach_color
[INFO] [1789489954.054365735] [robot_2.robot_supervisor]: Selected controllable event: EV_search_object
[INFO] [1789489954.255507515] [robot_2.robot_supervisor]: ############################# VISIBLE: EV_object_visible #############################
[INFO] [1789489954.277172124] [robot_2.robot_supervisor]: Selected controllable event: EV_approach_color
[INFO] [1789489954.579310573] [robot_2.robot_supervisor]: Selected controllable event: EV_move_forward
[INFO] [1789489954.847829924] [robot_2.robot_supervisor]: Triggered uncontrollable event: EV_obstacle_right
[INFO] [1789489954.848366860] [robot_2.robot_supervisor]: ############################# VISIBLE: EV_object_visible #############################
[INFO] [1789489954.856501000] [robot_2.robot_supervisor]: Selected controllable event: EV_u_turn
[INFO] [1789489954.866745916] [robot_2.robot_supervisor]: Starting FULL ROTATE (omega=1.000, have_odom=True, target_rad=3.142, timeout_s=3.500)
[INFO] [1789489958.359499042] [robot_2.robot_supervisor]: FULL ROTATE completed by timeout
[INFO] [1789489958.649280899] [robot_2.robot_supervisor]: ############################# REACHED: EV_object_reached #############################
[INFO] [1789489958.650085933] [robot_2.robot_supervisor]: Selected controllable event: EV_move_forward
[INFO] [1789489958.855041313] [robot_2.robot_supervisor]: Selected controllable event: EV_search_color
[INFO] [1789489959.046591549] [robot_2.robot_supervisor]: ############################# REACHED: EV_object_reached #############################
[INFO] [1789489959.048233514] [robot_2.robot_supervisor]: Selected controllable event: EV_approach_object
[INFO] [1789489959.350504197] [robot_2.robot_supervisor]: Selected controllable event: EV_move_forward
[INFO] [1789489959.561393204] [robot_2.robot_supervisor]: ############################# VISIBLE: EV_object_visible #############################
[INFO] [1789489959.562132015] [robot_2.robot_supervisor]: Selected controllable event: EV_move_forward
[INFO] [1789489959.855540859] [robot_2.robot_supervisor]: Selected controllable event: EV_search_object
[INFO] [1789489960.056356839] [robot_2.robot_supervisor]: ############################# VISIBLE: EV_object_visible #############################
[INFO] [1789489960.064978890] [robot_2.robot_supervisor]: Selected controllable event: EV_approach_color
[INFO] [1789489960.363634283] [robot_2.robot_supervisor]: Selected controllable event: EV_search_color
[INFO] [1789489960.554501376] [robot_2.robot_supervisor]: Selected controllable event: EV_move_forward
[INFO] [1789489960.857875949] [robot_2.robot_supervisor]: ############################# VISIBLE: EV_object_visible #############################
[INFO] [1789489960.859984327] [robot_2.robot_supervisor]: Selected controllable event: EV_search_color
[INFO] [1789489961.061495117] [robot_2.robot_supervisor]: Selected controllable event: EV_search_object
[INFO] [1789489961.249993915] [robot_2.robot_supervisor]: ############################# VISIBLE: EV_object_visible #############################
[INFO] [1789489961.250726496] [robot_2.robot_supervisor]: Selected controllable event: EV_approach_object
[INFO] [1789489961.548576235] [robot_2.robot_supervisor]: Selected controllable event: EV_approach_object
[INFO] [1789489961.761760592] [robot_2.robot_supervisor]: ############################# REACHED: EV_object_reached #############################
[INFO] [1789489961.762476660] [robot_2.robot_supervisor]: Selected controllable event: EV_move_forward
[INFO] [1789489962.059427965] [robot_2.robot_supervisor]: Selected controllable event: EV_search_object
[INFO] [1789489962.260212508] [robot_2.robot_supervisor]: Selected controllable event: EV_move_forward
[INFO] [1789489962.563084286] [robot_2.robot_supervisor]: Triggered uncontrollable event: EV_obstacle_right
[INFO] [1789489962.563663910] [robot_2.robot_supervisor]: ############################# REACHED: EV_object_reached #############################
[INFO] [1789489962.564338797] [robot_2.robot_supervisor]: Selected controllable event: EV_u_turn
[INFO] [1789489962.564927806] [robot_2.robot_supervisor]: Starting FULL ROTATE (omega=1.000, have_odom=True, target_rad=3.142, timeout_s=3.500)
[INFO] [1789489966.161498626] [robot_2.robot_supervisor]: FULL ROTATE completed by timeout
[INFO] [1789489966.351587632] [robot_2.robot_supervisor]: ############################# REACHED: EV_object_reached #############################
[INFO] [1789489966.353558166] [robot_2.robot_supervisor]: Selected controllable event: EV_search_object
[INFO] [1789489966.561585142] [robot_2.robot_supervisor]: Selected controllable event: EV_move_forward
[INFO] [1789489966.847651106] [robot_2.robot_supervisor]: ############################# REACHED: EV_object_reached #############################
[INFO] [1789489966.863925986] [robot_2.robot_supervisor]: Selected controllable event: EV_search_object
[INFO] [1789489967.062992493] [robot_2.robot_supervisor]: Selected controllable event: EV_approach_object
[INFO] [1789489967.358605349] [robot_2.robot_supervisor]: ############################# REACHED: EV_object_reached #############################
[INFO] [1789489967.359263473] [robot_2.robot_supervisor]: Selected controllable event: EV_approach_object
[INFO] [1789489967.654916165] [robot_2.robot_supervisor]: Selected controllable event: EV_search_object
[INFO] [1789489967.851416454] [robot_2.robot_supervisor]: Selected controllable event: EV_move_forward
[INFO] [1789489968.067003861] [robot_2.robot_supervisor]: ############################# REACHED: EV_object_reached #############################
[INFO] [1789489968.067799068] [robot_2.robot_supervisor]: Selected controllable event: EV_search_object
[INFO] [1789489968.254491037] [robot_2.robot_supervisor]: Selected controllable event: EV_search_color
[INFO] [1789489968.466004211] [robot_2.robot_supervisor]: Selected controllable event: EV_search_color
[INFO] [1789489968.656313134] [robot_2.robot_supervisor]: ############################# REACHED: EV_object_reached #############################
[INFO] [1789489968.656990676] [robot_2.robot_supervisor]: Selected controllable event: EV_search_object
[INFO] [1789489968.852024822] [robot_2.robot_supervisor]: Selected controllable event: EV_search_object
[INFO] [1789489968.959499771] [robot_2.robot_supervisor]: Selected controllable event: EV_move_forward
[INFO] [1789489969.251829544] [robot_2.robot_supervisor]: ############################# REACHED: EV_object_reached #############################
[INFO] [1789489969.252475294] [robot_2.robot_supervisor]: Selected controllable event: EV_search_object
[INFO] [1789489969.452471507] [robot_2.robot_supervisor]: Selected controllable event: EV_approach_object
[INFO] [1789489969.759320468] [robot_2.robot_supervisor]: ############################# REACHED: EV_object_reached #############################
[INFO] [1789489969.759978919] [robot_2.robot_supervisor]: Selected controllable event: EV_search_color
[INFO] [1789489969.961402610] [robot_2.robot_supervisor]: Selected controllable event: EV_move_forward
[INFO] [1789489970.253262372] [robot_2.robot_supervisor]: Triggered uncontrollable event: EV_obstacle_right
[INFO] [1789489970.267215557] [robot_2.robot_supervisor]: ############################# REACHED: EV_object_reached #############################
[INFO] [1789489970.268019711] [robot_2.robot_supervisor]: Selected controllable event: EV_u_turn
[INFO] [1789489970.268640440] [robot_2.robot_supervisor]: Starting FULL ROTATE (omega=1.000, have_odom=True, target_rad=3.142, timeout_s=3.500)
[INFO] [1789489973.863323886] [robot_2.robot_supervisor]: FULL ROTATE completed by timeout
[INFO] [1789489974.160717043] [robot_2.robot_supervisor]: ############################# REACHED: EV_object_reached #############################
[INFO] [1789489974.162369328] [robot_2.robot_supervisor]: Selected controllable event: EV_search_object
[INFO] [1789489974.365546612] [robot_2.robot_supervisor]: Selected controllable event: EV_move_forward
[INFO] [1789489974.647897579] [robot_2.robot_supervisor]: ############################# REACHED: EV_object_reached #############################
[INFO] [1789489974.651631577] [robot_2.robot_supervisor]: Selected controllable event: EV_approach_color
[INFO] [1789489974.951712949] [robot_2.robot_supervisor]: Selected controllable event: EV_approach_color
[INFO] [1789489975.250350454] [robot_2.robot_supervisor]: ############################# REACHED: EV_object_reached #############################
[INFO] [1789489975.251092798] [robot_2.robot_supervisor]: Selected controllable event: EV_search_object
[INFO] [1789489975.467380263] [robot_2.robot_supervisor]: Selected controllable event: EV_search_object
[INFO] [1789489975.664173340] [robot_2.robot_supervisor]: Selected controllable event: EV_search_object
[INFO] [1789489975.846379358] [robot_2.robot_supervisor]: ############################# REACHED: EV_object_reached #############################
[INFO] [1789489975.847074290] [robot_2.robot_supervisor]: Selected controllable event: EV_search_object
[INFO] [1789489975.967316380] [robot_2.robot_supervisor]: Selected controllable event: EV_approach_color
[INFO] [1789489976.253258524] [robot_2.robot_supervisor]: Selected controllable event: EV_approach_object
[INFO] [1789489976.551819695] [robot_2.robot_supervisor]: ############################# REACHED: EV_object_reached #############################
[INFO] [1789489976.552536446] [robot_2.robot_supervisor]: Selected controllable event: EV_move_forward
[INFO] [1789489976.853996416] [robot_2.robot_supervisor]: ############################# VISIBLE: EV_object_visible #############################
[INFO] [1789489976.854882979] [robot_2.robot_supervisor]: Selected controllable event: EV_approach_color
[INFO] [1789489977.148515046] [robot_2.robot_supervisor]: Selected controllable event: EV_search_object
[INFO] [1789489977.352032231] [robot_2.robot_supervisor]: ############################# VISIBLE: EV_object_visible #############################
[INFO] [1789489977.352784498] [robot_2.robot_supervisor]: Selected controllable event: EV_search_object
[INFO] [1789489977.556901841] [robot_2.robot_supervisor]: Selected controllable event: EV_search_object
[INFO] [1789489977.748157930] [robot_2.robot_supervisor]: Selected controllable event: EV_approach_object
[INFO] [1789489977.955372343] [robot_2.robot_supervisor]: ############################# VISIBLE: EV_object_visible #############################
[INFO] [1789489977.956080729] [robot_2.robot_supervisor]: Selected controllable event: EV_approach_color
[INFO] [1789489978.250425151] [robot_2.robot_supervisor]: Selected controllable event: EV_move_forward
[INFO] [1789489978.549747286] [robot_2.robot_supervisor]: ############################# VISIBLE: EV_object_visible #############################
[INFO] [1789489978.568175634] [robot_2.robot_supervisor]: Selected controllable event: EV_search_color
[INFO] [1789489978.751618906] [robot_2.robot_supervisor]: Selected controllable event: EV_search_object
[INFO] [1789489978.860095580] [robot_2.robot_supervisor]: Selected controllable event: EV_search_object
[INFO] [1789489978.961513393] [robot_2.robot_supervisor]: Selected controllable event: EV_approach_object
[INFO] [1789489979.264014087] [robot_2.robot_supervisor]: ############################# VISIBLE: EV_object_visible #############################
[INFO] [1789489979.273224102] [robot_2.robot_supervisor]: Selected controllable event: EV_search_color
[INFO] [1789489979.464304987] [robot_2.robot_supervisor]: Selected controllable event: EV_search_color
[INFO] [1789489979.654344495] [robot_2.robot_supervisor]: ############################# REACHED: EV_object_reached #############################
[INFO] [1789489979.655015548] [robot_2.robot_supervisor]: Selected controllable event: EV_approach_color
[INFO] [1789489979.953953185] [robot_2.robot_supervisor]: Selected controllable event: EV_approach_color
[INFO] [1789489980.158333081] [robot_2.robot_supervisor]: ############################# REACHED: EV_object_reached #############################
[INFO] [1789489980.159382418] [robot_2.robot_supervisor]: Selected controllable event: EV_approach_color
[INFO] [1789489980.454805243] [robot_2.robot_supervisor]: Selected controllable event: EV_approach_color
[INFO] [1789489980.765838471] [robot_2.robot_supervisor]: ############################# VISIBLE: EV_object_visible #############################
[INFO] [1789489980.766598524] [robot_2.robot_supervisor]: Selected controllable event: EV_approach_object
[INFO] [1789489981.048292280] [robot_2.robot_supervisor]: Selected controllable event: EV_move_forward
[INFO] [1789489981.269874418] [robot_2.robot_supervisor]: ############################# VISIBLE: EV_object_visible #############################
[INFO] [1789489981.277511407] [robot_2.robot_supervisor]: Selected controllable event: EV_search_object
[INFO] [1789489981.457269285] [robot_2.robot_supervisor]: Selected controllable event: EV_search_color
[INFO] [1789489981.663577137] [robot_2.robot_supervisor]: Selected controllable event: EV_search_object
[INFO] [1789489981.855699533] [robot_2.robot_supervisor]: ############################# VISIBLE: EV_object_visible #############################
[INFO] [1789489981.859717065] [robot_2.robot_supervisor]: Selected controllable event: EV_search_color
[INFO] [1789489982.057055489] [robot_2.robot_supervisor]: Selected controllable event: EV_move_forward
[INFO] [1789489982.353407916] [robot_2.robot_supervisor]: Triggered uncontrollable event: EV_obstacle_left
[INFO] [1789489982.353923365] [robot_2.robot_supervisor]: ############################# VISIBLE: EV_object_visible #############################
[INFO] [1789489982.354644080] [robot_2.robot_supervisor]: Selected controllable event: EV_u_turn
[INFO] [1789489982.355194488] [robot_2.robot_supervisor]: Starting FULL ROTATE (omega=1.000, have_odom=True, target_rad=3.142, timeout_s=3.500)
[INFO] [1789489985.962631793] [robot_2.robot_supervisor]: FULL ROTATE completed by timeout
[INFO] [1789489986.257305321] [robot_2.robot_supervisor]: ############################# VISIBLE: EV_object_visible #############################
[INFO] [1789489986.264237329] [robot_2.robot_supervisor]: Selected controllable event: EV_approach_object
[INFO] [1789489986.561332909] [robot_2.robot_supervisor]: Selected controllable event: EV_search_object
[INFO] [1789489986.746829115] [robot_2.robot_supervisor]: ############################# VISIBLE: EV_object_visible #############################
[INFO] [1789489986.747624261] [robot_2.robot_supervisor]: Selected controllable event: EV_search_color
[INFO] [1789489986.850784008] [robot_2.robot_supervisor]: Selected controllable event: EV_move_forward
[INFO] [1789489987.146725243] [robot_2.robot_supervisor]: Selected controllable event: EV_search_color
[INFO] [1789489987.350812531] [robot_2.robot_supervisor]: ############################# VISIBLE: EV_object_visible #############################
[INFO] [1789489987.360469843] [robot_2.robot_supervisor]: Selected controllable event: EV_approach_object
[INFO] [1789489987.652111208] [robot_2.robot_supervisor]: Selected controllable event: EV_approach_color
[INFO] [1789489987.955352584] [robot_2.robot_supervisor]: ############################# VISIBLE: EV_object_visible #############################
[INFO] [1789489987.956087365] [robot_2.robot_supervisor]: Selected controllable event: EV_move_forward
[INFO] [1789489988.258506787] [robot_2.robot_supervisor]: Selected controllable event: EV_search_object
[INFO] [1789489988.449734732] [robot_2.robot_supervisor]: Triggered uncontrollable event: EV_obstacle_right
[INFO] [1789489988.450435695] [robot_2.robot_supervisor]: Selected controllable event: EV_u_turn
[INFO] [1789489988.487500753] [robot_2.robot_supervisor]: Starting FULL ROTATE (omega=1.000, have_odom=True, target_rad=3.142, timeout_s=3.500)
[INFO] [1789489992.051283793] [robot_2.robot_supervisor]: FULL ROTATE completed by timeout
[INFO] [1789489992.272031238] [robot_2.robot_supervisor]: ############################# REACHED: EV_object_reached #############################
[INFO] [1789489992.272760886] [robot_2.robot_supervisor]: Selected controllable event: EV_move_forward
[INFO] [1789489992.558050629] [robot_2.robot_supervisor]: ############################# REACHED: EV_object_reached #############################
[INFO] [1789489992.564812174] [robot_2.robot_supervisor]: Selected controllable event: EV_approach_color
[INFO] [1789489992.866594461] [robot_2.robot_supervisor]: Selected controllable event: EV_move_forward
[INFO] [1789489993.159530412] [robot_2.robot_supervisor]: ############################# VISIBLE: EV_object_visible #############################
[INFO] [1789489993.163969230] [robot_2.robot_supervisor]: Selected controllable event: EV_approach_color
[INFO] [1789489993.469259800] [robot_2.robot_supervisor]: Selected controllable event: EV_move_forward
[INFO] [1789489993.760460588] [robot_2.robot_supervisor]: ############################# VISIBLE: EV_object_visible #############################
[INFO] [1789489993.761248690] [robot_2.robot_supervisor]: Selected controllable event: EV_search_object
[INFO] [1789489993.952586077] [robot_2.robot_supervisor]: Selected controllable event: EV_approach_color
[INFO] [1789489994.248656064] [robot_2.robot_supervisor]: ############################# VISIBLE: EV_object_visible #############################
[INFO] [1789489994.249471224] [robot_2.robot_supervisor]: Selected controllable event: EV_search_color
[INFO] [1789489994.449323527] [robot_2.robot_supervisor]: Selected controllable event: EV_search_color
[INFO] [1789489994.669527918] [robot_2.robot_supervisor]: Selected controllable event: EV_approach_object
[INFO] [1789489994.966580139] [robot_2.robot_supervisor]: ############################# VISIBLE: EV_object_visible #############################
[INFO] [1789489994.967310945] [robot_2.robot_supervisor]: Selected controllable event: EV_approach_color
[INFO] [1789489995.258220667] [robot_2.robot_supervisor]: Selected controllable event: EV_search_object
[INFO] [1789489995.464110748] [robot_2.robot_supervisor]: Triggered uncontrollable event: EV_obstacle_right
[INFO] [1789489995.464692341] [robot_2.robot_supervisor]: ############################# VISIBLE: EV_object_visible #############################
[INFO] [1789489995.465429828] [robot_2.robot_supervisor]: Selected controllable event: EV_rotate_counterclockwise
[INFO] [1789489995.662215741] [robot_2.robot_supervisor]: Triggered uncontrollable event: EV_obstacle_right
[INFO] [1789489995.665644508] [robot_2.robot_supervisor]: Selected controllable event: EV_rotate_counterclockwise
[INFO] [1789489995.885662103] [robot_2.robot_supervisor]: Triggered uncontrollable event: EV_obstacle_right
[INFO] [1789489995.886423777] [robot_2.robot_supervisor]: Selected controllable event: EV_u_turn
[INFO] [1789489995.887070961] [robot_2.robot_supervisor]: Starting FULL ROTATE (omega=1.000, have_odom=True, target_rad=3.142, timeout_s=3.500)
[INFO] [1789489999.471608048] [robot_2.robot_supervisor]: FULL ROTATE completed by timeout
[INFO] [1789489999.755180043] [robot_2.robot_supervisor]: ############################# VISIBLE: EV_object_visible #############################
[INFO] [1789489999.766654688] [robot_2.robot_supervisor]: Selected controllable event: EV_search_object
[INFO] [1789489999.946233532] [robot_2.robot_supervisor]: Selected controllable event: EV_approach_object
[INFO] [1789490000.249160076] [robot_2.robot_supervisor]: ############################# VISIBLE: EV_object_visible #############################
[INFO] [1789490000.249972754] [robot_2.robot_supervisor]: Selected controllable event: EV_approach_color
[INFO] [1789490000.464244807] [robot_2.robot_supervisor]: Selected controllable event: EV_move_forward
[INFO] [1789490000.766704449] [robot_2.robot_supervisor]: Selected controllable event: EV_approach_color
[INFO] [1789490001.057760878] [robot_2.robot_supervisor]: ############################# VISIBLE: EV_object_visible #############################
[INFO] [1789490001.058722541] [robot_2.robot_supervisor]: Selected controllable event: EV_search_color
[INFO] [1789490001.159950210] [robot_2.robot_supervisor]: Selected controllable event: EV_approach_color
[INFO] [1789490001.465811257] [robot_2.robot_supervisor]: Selected controllable event: EV_search_object
[INFO] [1789490001.574745694] [robot_2.robot_supervisor]: Selected controllable event: EV_search_color
[INFO] [1789490001.754174081] [robot_2.robot_supervisor]: ############################# VISIBLE: EV_object_visible #############################
[INFO] [1789490001.755030188] [robot_2.robot_supervisor]: Selected controllable event: EV_search_color
[INFO] [1789490001.961010498] [robot_2.robot_supervisor]: Selected controllable event: EV_approach_object
[INFO] [1789490002.251898450] [robot_2.robot_supervisor]: ############################# VISIBLE: EV_object_visible #############################
[INFO] [1789490002.270874896] [robot_2.robot_supervisor]: Selected controllable event: EV_search_object
[INFO] [1789490002.471072121] [robot_2.robot_supervisor]: Selected controllable event: EV_approach_object
[INFO] [1789490002.751308598] [robot_2.robot_supervisor]: Selected controllable event: EV_approach_color
[INFO] [1789490003.052903426] [robot_2.robot_supervisor]: ############################# VISIBLE: EV_object_visible #############################
[INFO] [1789490003.054862106] [robot_2.robot_supervisor]: Selected controllable event: EV_approach_color
[INFO] [1789490003.359452377] [robot_2.robot_supervisor]: Selected controllable event: EV_move_forward
[INFO] [1789490003.664976469] [robot_2.robot_supervisor]: ############################# VISIBLE: EV_object_visible #############################
[INFO] [1789490003.665675186] [robot_2.robot_supervisor]: Selected controllable event: EV_search_color
[INFO] [1789490003.859322854] [robot_2.robot_supervisor]: Selected controllable event: EV_search_color
[INFO] [1789490003.961783676] [robot_2.robot_supervisor]: Selected controllable event: EV_approach_object
[INFO] [1789490004.259391435] [robot_2.robot_supervisor]: Triggered uncontrollable event: EV_object_not_visible
[INFO] [1789490004.260125676] [robot_2.robot_supervisor]: Selected controllable event: EV_search_color
[INFO] [1789490004.458884613] [robot_2.robot_supervisor]: Selected controllable event: EV_search_color
[INFO] [1789490004.646036841] [robot_2.robot_supervisor]: Selected controllable event: EV_approach_object
[INFO] [1789490004.855720284] [robot_2.robot_supervisor]: Triggered uncontrollable event: EV_object_not_visible
[INFO] [1789490004.859493232] [robot_2.robot_supervisor]: Selected controllable event: EV_search_color
[INFO] [1789490005.051317536] [robot_2.robot_supervisor]: Selected controllable event: EV_approach_color
[INFO] [1789490005.260324838] [robot_2.robot_supervisor]: Triggered uncontrollable event: EV_obstacle_right
[INFO] [1789490005.260969325] [robot_2.robot_supervisor]: Triggered uncontrollable event: EV_object_not_visible
[INFO] [1789490005.261754906] [robot_2.robot_supervisor]: Selected controllable event: EV_rotate_counterclockwise
[INFO] [1789490005.379214535] [robot_2.robot_supervisor]: Triggered uncontrollable event: EV_obstacle_right
[INFO] [1789490005.386419950] [robot_2.robot_supervisor]: Selected controllable event: EV_u_turn
[INFO] [1789490005.403724016] [robot_2.robot_supervisor]: Starting FULL ROTATE (omega=1.000, have_odom=True, target_rad=3.142, timeout_s=3.500)
[INFO] [1789490008.946149625] [robot_2.robot_supervisor]: FULL ROTATE completed by timeout
[INFO] [1789490009.160865623] [robot_2.robot_supervisor]: ############################# VISIBLE: EV_object_visible #############################
[INFO] [1789490009.165081755] [robot_2.robot_supervisor]: Selected controllable event: EV_approach_color
[INFO] [1789490009.452970314] [robot_2.robot_supervisor]: ############################# VISIBLE: EV_object_visible #############################
[INFO] [1789490009.453708704] [robot_2.robot_supervisor]: Selected controllable event: EV_move_forward
[INFO] [1789490009.747710781] [robot_2.robot_supervisor]: Selected controllable event: EV_approach_color
[INFO] [1789490009.952974003] [robot_2.robot_supervisor]: Selected controllable event: EV_move_forward
[INFO] [1789490010.251369491] [robot_2.robot_supervisor]: ############################# VISIBLE: EV_object_visible #############################
[INFO] [1789490010.254591201] [robot_2.robot_supervisor]: Selected controllable event: EV_move_forward
[INFO] [1789490010.559448027] [robot_2.robot_supervisor]: Selected controllable event: EV_search_color
[INFO] [1789490010.770703997] [robot_2.robot_supervisor]: ############################# VISIBLE: EV_object_visible #############################
[INFO] [1789490010.771466562] [robot_2.robot_supervisor]: Selected controllable event: EV_search_object
[INFO] [1789490010.967805552] [robot_2.robot_supervisor]: Selected controllable event: EV_move_forward
[INFO] [1789490011.247271399] [robot_2.robot_supervisor]: Selected controllable event: EV_approach_color
[INFO] [1789490011.462248914] [robot_2.robot_supervisor]: ############################# VISIBLE: EV_object_visible #############################
[INFO] [1789490011.469234169] [robot_2.robot_supervisor]: Selected controllable event: EV_approach_object
[INFO] [1789490011.769252018] [robot_2.robot_supervisor]: Selected controllable event: EV_approach_object
[INFO] [1789490012.055737222] [robot_2.robot_supervisor]: Selected controllable event: EV_move_forward
[INFO] [1789490012.261846348] [robot_2.robot_supervisor]: ############################# VISIBLE: EV_object_visible #############################
[INFO] [1789490012.262663121] [robot_2.robot_supervisor]: Selected controllable event: EV_approach_color
[INFO] [1789490012.555891820] [robot_2.robot_supervisor]: Selected controllable event: EV_search_color
[INFO] [1789490012.752301390] [robot_2.robot_supervisor]: Selected controllable event: EV_approach_object
[INFO] [1789490013.061117444] [robot_2.robot_supervisor]: ############################# VISIBLE: EV_object_visible #############################
[INFO] [1789490013.062020386] [robot_2.robot_supervisor]: Selected controllable event: EV_approach_color
[INFO] [1789490013.366523437] [robot_2.robot_supervisor]: Selected controllable event: EV_approach_color
[INFO] [1789490013.654296060] [robot_2.robot_supervisor]: ############################# VISIBLE: EV_object_visible #############################
[INFO] [1789490013.662105874] [robot_2.robot_supervisor]: Selected controllable event: EV_move_forward
[INFO] [1789490013.946633816] [robot_2.robot_supervisor]: Selected controllable event: EV_search_object
[INFO] [1789490014.059353101] [robot_2.robot_supervisor]: Selected controllable event: EV_approach_color
[INFO] [1789490014.350593727] [robot_2.robot_supervisor]: ############################# VISIBLE: EV_object_visible #############################
[INFO] [1789490014.353658095] [robot_2.robot_supervisor]: Selected controllable event: EV_search_object
[INFO] [1789490014.564959210] [robot_2.robot_supervisor]: Selected controllable event: EV_approach_color
[INFO] [1789490014.848100499] [robot_2.robot_supervisor]: ############################# VISIBLE: EV_object_visible #############################
[INFO] [1789490014.852217599] [robot_2.robot_supervisor]: Selected controllable event: EV_search_object
[INFO] [1789490015.053424556] [robot_2.robot_supervisor]: Selected controllable event: EV_approach_object
[INFO] [1789490015.269285685] [robot_2.robot_supervisor]: Selected controllable event: EV_search_color
[INFO] [1789490015.449988240] [robot_2.robot_supervisor]: ############################# VISIBLE: EV_object_visible #############################
[INFO] [1789490015.450715540] [robot_2.robot_supervisor]: Selected controllable event: EV_move_forward
[INFO] [1789490015.662791302] [robot_2.robot_supervisor]: Selected controllable event: EV_move_forward
[INFO] [1789490015.946895170] [robot_2.robot_supervisor]: Selected controllable event: EV_move_forward
[INFO] [1789490016.166479339] [robot_2.robot_supervisor]: ############################# VISIBLE: EV_object_visible #############################
[INFO] [1789490016.187505055] [robot_2.robot_supervisor]: Selected controllable event: EV_approach_color
[INFO] [1789490016.487183764] [robot_2.robot_supervisor]: Selected controllable event: EV_approach_object
[INFO] [1789490016.761600520] [robot_2.robot_supervisor]: Selected controllable event: EV_search_color
[INFO] [1789490016.956558979] [robot_2.robot_supervisor]: ############################# VISIBLE: EV_object_visible #############################
[INFO] [1789490016.961204338] [robot_2.robot_supervisor]: Selected controllable event: EV_approach_color
[INFO] [1789490017.254744959] [robot_2.robot_supervisor]: Selected controllable event: EV_search_color
[INFO] [1789490017.368038500] [robot_2.robot_supervisor]: Selected controllable event: EV_search_color
[INFO] [1789490017.563044529] [robot_2.robot_supervisor]: ############################# VISIBLE: EV_object_visible #############################
[INFO] [1789490017.563889306] [robot_2.robot_supervisor]: Selected controllable event: EV_approach_object
[INFO] [1789490017.856322081] [robot_2.robot_supervisor]: Selected controllable event: EV_move_forward
[INFO] [1789490018.157146303] [robot_2.robot_supervisor]: ############################# VISIBLE: EV_object_visible #############################
[INFO] [1789490018.164048147] [robot_2.robot_supervisor]: Selected controllable event: EV_approach_color
[INFO] [1789490018.463271311] [robot_2.robot_supervisor]: Selected controllable event: EV_move_forward
[INFO] [1789490018.748712114] [robot_2.robot_supervisor]: Triggered uncontrollable event: EV_obstacle_right
[INFO] [1789490018.749222198] [robot_2.robot_supervisor]: ############################# REACHED: EV_object_reached #############################
[INFO] [1789490018.749867614] [robot_2.robot_supervisor]: Selected controllable event: EV_u_turn
[INFO] [1789490018.750412427] [robot_2.robot_supervisor]: Starting FULL ROTATE (omega=1.000, have_odom=True, target_rad=3.142, timeout_s=3.500)
[INFO] [1789490022.367970224] [robot_2.robot_supervisor]: FULL ROTATE completed by timeout
[INFO] [1789490022.648635378] [robot_2.robot_supervisor]: ############################# REACHED: EV_object_reached #############################
[INFO] [1789490022.649349169] [robot_2.robot_supervisor]: Selected controllable event: EV_search_color
[INFO] [1789490022.854361789] [robot_2.robot_supervisor]: Selected controllable event: EV_approach_color
[INFO] [1789490023.166635713] [robot_2.robot_supervisor]: ############################# REACHED: EV_object_reached #############################
[INFO] [1789490023.175175572] [robot_2.robot_supervisor]: Selected controllable event: EV_approach_object
[INFO] [1789490023.459878875] [robot_2.robot_supervisor]: Selected controllable event: EV_search_color
[INFO] [1789490023.661429446] [robot_2.robot_supervisor]: ############################# REACHED: EV_object_reached #############################
[INFO] [1789490023.662157268] [robot_2.robot_supervisor]: Selected controllable event: EV_approach_object
[INFO] [1789490023.962486116] [robot_2.robot_supervisor]: Selected controllable event: EV_search_object
[INFO] [1789490024.147797215] [robot_2.robot_supervisor]: Selected controllable event: EV_search_object
[INFO] [1789490024.360876776] [robot_2.robot_supervisor]: ############################# REACHED: EV_object_reached #############################
[INFO] [1789490024.361616939] [robot_2.robot_supervisor]: Selected controllable event: EV_search_color
[INFO] [1789490024.563660158] [robot_2.robot_supervisor]: Selected controllable event: EV_search_object
[INFO] [1789490024.754981467] [robot_2.robot_supervisor]: Selected controllable event: EV_approach_object
[INFO] [1789490024.959636519] [robot_2.robot_supervisor]: ############################# REACHED: EV_object_reached #############################
[INFO] [1789490024.960335108] [robot_2.robot_supervisor]: Selected controllable event: EV_approach_color
[INFO] [1789490025.257261123] [robot_2.robot_supervisor]: Selected controllable event: EV_move_forward
[INFO] [1789490025.465262138] [robot_2.robot_supervisor]: ############################# REACHED: EV_object_reached #############################
[INFO] [1789490025.465959986] [robot_2.robot_supervisor]: Selected controllable event: EV_approach_color
[INFO] [1789490025.749065875] [robot_2.robot_supervisor]: Selected controllable event: EV_approach_color
[INFO] [1789490025.954279077] [robot_2.robot_supervisor]: ############################# REACHED: EV_object_reached #############################
[INFO] [1789490025.957544996] [robot_2.robot_supervisor]: Selected controllable event: EV_search_object
[INFO] [1789490026.159285099] [robot_2.robot_supervisor]: Selected controllable event: EV_approach_object
[INFO] [1789490026.457384621] [robot_2.robot_supervisor]: ############################# VISIBLE: EV_object_visible #############################
[INFO] [1789490026.458078861] [robot_2.robot_supervisor]: Selected controllable event: EV_approach_color
[INFO] [1789490026.751776470] [robot_2.robot_supervisor]: Selected controllable event: EV_search_color
[INFO] [1789490026.955350510] [robot_2.robot_supervisor]: Selected controllable event: EV_move_forward
[INFO] [1789490027.254714687] [robot_2.robot_supervisor]: ############################# VISIBLE: EV_object_visible #############################
[INFO] [1789490027.255493467] [robot_2.robot_supervisor]: Selected controllable event: EV_search_object
[INFO] [1789490027.361554099] [robot_2.robot_supervisor]: Selected controllable event: EV_move_forward
[INFO] [1789490027.661788456] [robot_2.robot_supervisor]: ############################# VISIBLE: EV_object_visible #############################
[INFO] [1789490027.672077537] [robot_2.robot_supervisor]: Selected controllable event: EV_approach_color
[INFO] [1789490027.957493252] [robot_2.robot_supervisor]: Selected controllable event: EV_search_color
[INFO] [1789490028.152109487] [robot_2.robot_supervisor]: Selected controllable event: EV_search_object
[INFO] [1789490028.264936297] [robot_2.robot_supervisor]: ############################# VISIBLE: EV_object_visible #############################
[INFO] [1789490028.266515373] [robot_2.robot_supervisor]: Selected controllable event: EV_search_color
[INFO] [1789490028.450352101] [robot_2.robot_supervisor]: Selected controllable event: EV_approach_color
[INFO] [1789490028.755047163] [robot_2.robot_supervisor]: Selected controllable event: EV_approach_color
[INFO] [1789490029.049656825] [robot_2.robot_supervisor]: ############################# VISIBLE: EV_object_visible #############################
[INFO] [1789490029.056738093] [robot_2.robot_supervisor]: Selected controllable event: EV_search_object
[INFO] [1789490029.257290824] [robot_2.robot_supervisor]: Selected controllable event: EV_approach_color
[INFO] [1789490029.554276457] [robot_2.robot_supervisor]: ############################# VISIBLE: EV_object_visible #############################
[INFO] [1789490029.555098450] [robot_2.robot_supervisor]: Selected controllable event: EV_search_object
[INFO] [1789490029.750872167] [robot_2.robot_supervisor]: Selected controllable event: EV_search_color
[INFO] [1789490029.954827194] [robot_2.robot_supervisor]: Selected controllable event: EV_approach_object
[INFO] [1789490030.250532039] [robot_2.robot_supervisor]: ############################# VISIBLE: EV_object_visible #############################
[INFO] [1789490030.251263329] [robot_2.robot_supervisor]: Selected controllable event: EV_search_color
[INFO] [1789490030.460114304] [robot_2.robot_supervisor]: Selected controllable event: EV_search_object
[INFO] [1789490030.651991796] [robot_2.robot_supervisor]: ############################# VISIBLE: EV_object_visible #############################
[INFO] [1789490030.656349690] [robot_2.robot_supervisor]: Selected controllable event: EV_approach_object
[INFO] [1789490030.871242369] [robot_2.robot_supervisor]: Selected controllable event: EV_approach_object
[INFO] [1789490031.159813028] [robot_2.robot_supervisor]: Triggered uncontrollable event: EV_obstacle_right
[INFO] [1789490031.160450716] [robot_2.robot_supervisor]: ############################# VISIBLE: EV_object_visible #############################
[INFO] [1789490031.161095706] [robot_2.robot_supervisor]: Selected controllable event: EV_rotate_counterclockwise
[INFO] [1789490031.355165460] [robot_2.robot_supervisor]: Triggered uncontrollable event: EV_obstacle_right
[INFO] [1789490031.361128351] [robot_2.robot_supervisor]: Selected controllable event: EV_rotate_counterclockwise
[INFO] [1789490031.546863271] [robot_2.robot_supervisor]: Triggered uncontrollable event: EV_obstacle_right
[INFO] [1789490031.549858696] [robot_2.robot_supervisor]: Selected controllable event: EV_u_turn
[INFO] [1789490031.558543585] [robot_2.robot_supervisor]: Starting FULL ROTATE (omega=1.000, have_odom=True, target_rad=3.142, timeout_s=3.500)
[INFO] [1789490035.063491365] [robot_2.robot_supervisor]: FULL ROTATE completed by timeout
[INFO] [1789490035.255959120] [robot_2.robot_supervisor]: ############################# VISIBLE: EV_object_visible #############################
[INFO] [1789490035.256539730] [robot_2.robot_supervisor]: Selected controllable event: EV_search_color
[INFO] [1789490035.360330855] [robot_2.robot_supervisor]: ############################# VISIBLE: EV_object_visible #############################
[INFO] [1789490035.365550345] [robot_2.robot_supervisor]: Selected controllable event: EV_approach_color
[INFO] [1789490035.652984230] [robot_2.robot_supervisor]: Selected controllable event: EV_search_object
[INFO] [1789490035.866402756] [robot_2.robot_supervisor]: Selected controllable event: EV_approach_object
[INFO] [1789490036.156041731] [robot_2.robot_supervisor]: ############################# VISIBLE: EV_object_visible #############################
[INFO] [1789490036.161312320] [robot_2.robot_supervisor]: Selected controllable event: EV_approach_color
[INFO] [1789490036.460396920] [robot_2.robot_supervisor]: Selected controllable event: EV_move_forward
[INFO] [1789490036.751883086] [robot_2.robot_supervisor]: ############################# VISIBLE: EV_object_visible #############################
[INFO] [1789490036.759466514] [robot_2.robot_supervisor]: Selected controllable event: EV_move_forward
[INFO] [1789490037.059525445] [robot_2.robot_supervisor]: Selected controllable event: EV_move_forward
[INFO] [1789490037.354824907] [robot_2.robot_supervisor]: ############################# VISIBLE: EV_object_visible #############################
[INFO] [1789490037.360883228] [robot_2.robot_supervisor]: Selected controllable event: EV_search_object
[INFO] [1789490037.464112092] [robot_2.robot_supervisor]: Selected controllable event: EV_search_color
[INFO] [1789490037.654048629] [robot_2.robot_supervisor]: Selected controllable event: EV_approach_object
[INFO] [1789490037.950008456] [robot_2.robot_supervisor]: ############################# VISIBLE: EV_object_visible #############################
[INFO] [1789490037.950717051] [robot_2.robot_supervisor]: Selected controllable event: EV_approach_color
[INFO] [1789490038.163337418] [robot_2.robot_supervisor]: Selected controllable event: EV_search_object
[INFO] [1789490038.364273856] [robot_2.robot_supervisor]: Selected controllable event: EV_move_forward
[INFO] [1789490038.647742887] [robot_2.robot_supervisor]: ############################# VISIBLE: EV_object_visible #############################
[INFO] [1789490038.662859138] [robot_2.robot_supervisor]: Selected controllable event: EV_search_color
[INFO] [1789490038.846130286] [robot_2.robot_supervisor]: Selected controllable event: EV_search_object
[INFO] [1789490038.947411268] [robot_2.robot_supervisor]: Selected controllable event: EV_approach_color
[INFO] [1789490039.154531633] [robot_2.robot_supervisor]: ############################# VISIBLE: EV_object_visible #############################
[INFO] [1789490039.155277006] [robot_2.robot_supervisor]: Selected controllable event: EV_approach_object
[INFO] [1789490039.454222494] [robot_2.robot_supervisor]: Selected controllable event: EV_search_object
[INFO] [1789490039.655223771] [robot_2.robot_supervisor]: ############################# VISIBLE: EV_object_visible #############################
[INFO] [1789490039.655878195] [robot_2.robot_supervisor]: Selected controllable event: EV_search_color
[INFO] [1789490039.765312688] [robot_2.robot_supervisor]: Selected controllable event: EV_search_color
[INFO] [1789490039.961654919] [robot_2.robot_supervisor]: Selected controllable event: EV_approach_color
[INFO] [1789490040.164668167] [robot_2.robot_supervisor]: ############################# VISIBLE: EV_object_visible #############################
[INFO] [1789490040.175695421] [robot_2.robot_supervisor]: Selected controllable event: EV_approach_color
[INFO] [1789490040.452407168] [robot_2.robot_supervisor]: Selected controllable event: EV_approach_object
[INFO] [1789490040.749751868] [robot_2.robot_supervisor]: ############################# VISIBLE: EV_object_visible #############################
[INFO] [1789490040.758523093] [robot_2.robot_supervisor]: Selected controllable event: EV_approach_object
[INFO] [1789490041.050944339] [robot_2.robot_supervisor]: Selected controllable event: EV_search_object
[INFO] [1789490041.253325193] [robot_2.robot_supervisor]: Selected controllable event: EV_approach_color
[INFO] [1789490041.553812171] [robot_2.robot_supervisor]: ############################# VISIBLE: EV_object_visible #############################
[INFO] [1789490041.554573270] [robot_2.robot_supervisor]: Selected controllable event: EV_search_color
[INFO] [1789490041.751042407] [robot_2.robot_supervisor]: Selected controllable event: EV_search_color
[INFO] [1789490041.948029328] [robot_2.robot_supervisor]: ############################# VISIBLE: EV_object_visible #############################
[INFO] [1789490041.949587434] [robot_2.robot_supervisor]: Selected controllable event: EV_search_object
[INFO] [1789490042.158981753] [robot_2.robot_supervisor]: Selected controllable event: EV_move_forward
[INFO] [1789490042.453204157] [robot_2.robot_supervisor]: ############################# VISIBLE: EV_object_visible #############################
[INFO] [1789490042.453915733] [robot_2.robot_supervisor]: Selected controllable event: EV_search_color
[INFO] [1789490042.649655444] [robot_2.robot_supervisor]: Selected controllable event: EV_approach_color
[INFO] [1789490042.855662970] [robot_2.robot_supervisor]: Selected controllable event: EV_move_forward
[INFO] [1789490043.151237783] [robot_2.robot_supervisor]: ############################# VISIBLE: EV_object_visible #############################
[INFO] [1789490043.151961246] [robot_2.robot_supervisor]: Selected controllable event: EV_search_color
[INFO] [1789490043.357739287] [robot_2.robot_supervisor]: Selected controllable event: EV_approach_object
[INFO] [1789490043.649121902] [robot_2.robot_supervisor]: ############################# VISIBLE: EV_object_visible #############################
[INFO] [1789490043.654006749] [robot_2.robot_supervisor]: Selected controllable event: EV_move_forward
[INFO] [1789490043.952386190] [robot_2.robot_supervisor]: Selected controllable event: EV_search_color
[INFO] [1789490044.146038210] [robot_2.robot_supervisor]: ############################# VISIBLE: EV_object_visible #############################
[INFO] [1789490044.146805172] [robot_2.robot_supervisor]: Selected controllable event: EV_move_forward
[INFO] [1789490044.362250256] [robot_2.robot_supervisor]: Selected controllable event: EV_approach_color
[INFO] [1789490044.653183572] [robot_2.robot_supervisor]: ############################# VISIBLE: EV_object_visible #############################
[INFO] [1789490044.653938094] [robot_2.robot_supervisor]: Selected controllable event: EV_search_object
[INFO] [1789490044.860313604] [robot_2.robot_supervisor]: Selected controllable event: EV_search_color
[INFO] [1789490045.056002654] [robot_2.robot_supervisor]: Selected controllable event: EV_approach_color
[INFO] [1789490045.360557966] [robot_2.robot_supervisor]: Triggered uncontrollable event: EV_object_not_visible
[INFO] [1789490045.365276378] [robot_2.robot_supervisor]: Selected controllable event: EV_move_forward
[INFO] [1789490045.667036787] [robot_2.robot_supervisor]: Selected controllable event: EV_move_forward
[INFO] [1789490045.946758432] [robot_2.robot_supervisor]: Triggered uncontrollable event: EV_object_not_visible
[INFO] [1789490045.947422553] [robot_2.robot_supervisor]: Selected controllable event: EV_approach_color
[INFO] [1789490046.154606078] [robot_2.robot_supervisor]: Selected controllable event: EV_search_object
[INFO] [1789490046.259399807] [robot_2.robot_supervisor]: Selected controllable event: EV_search_object
[INFO] [1789490046.466308765] [robot_2.robot_supervisor]: Triggered uncontrollable event: EV_object_not_visible
[INFO] [1789490046.467039415] [robot_2.robot_supervisor]: Selected controllable event: EV_approach_color
[INFO] [1789490046.750925997] [robot_2.robot_supervisor]: Triggered uncontrollable event: EV_obstacle_right
[INFO] [1789490046.751644955] [robot_2.robot_supervisor]: Selected controllable event: EV_u_turn
[INFO] [1789490046.757387327] [robot_2.robot_supervisor]: Starting FULL ROTATE (omega=1.000, have_odom=True, target_rad=3.142, timeout_s=3.500)
[INFO] [1789490050.368911449] [robot_2.robot_supervisor]: FULL ROTATE completed by timeout
[INFO] [1789490050.651500372] [robot_2.robot_supervisor]: ############################# VISIBLE: EV_object_visible #############################
[INFO] [1789490050.659444239] [robot_2.robot_supervisor]: Selected controllable event: EV_move_forward
[INFO] [1789490050.951207810] [robot_2.robot_supervisor]: Selected controllable event: EV_move_forward
[INFO] [1789490051.267985303] [robot_2.robot_supervisor]: ############################# VISIBLE: EV_object_visible #############################
[INFO] [1789490051.269925170] [robot_2.robot_supervisor]: Selected controllable event: EV_approach_color
[INFO] [1789490051.554974677] [robot_2.robot_supervisor]: Selected controllable event: EV_approach_object
[INFO] [1789490051.855428571] [robot_2.robot_supervisor]: ############################# VISIBLE: EV_object_visible #############################
[INFO] [1789490051.856170455] [robot_2.robot_supervisor]: Selected controllable event: EV_search_color
[INFO] [1789490052.057281569] [robot_2.robot_supervisor]: Selected controllable event: EV_move_forward
[INFO] [1789490052.357028875] [robot_2.robot_supervisor]: ############################# VISIBLE: EV_object_visible #############################
[INFO] [1789490052.357722971] [robot_2.robot_supervisor]: Selected controllable event: EV_move_forward
[INFO] [1789490052.656143296] [robot_2.robot_supervisor]: Selected controllable event: EV_search_color
[INFO] [1789490052.846185698] [robot_2.robot_supervisor]: ############################# VISIBLE: EV_object_visible #############################
[INFO] [1789490052.858426555] [robot_2.robot_supervisor]: Selected controllable event: EV_approach_object
[INFO] [1789490053.157713089] [robot_2.robot_supervisor]: Selected controllable event: EV_move_forward
[INFO] [1789490053.456250825] [robot_2.robot_supervisor]: ############################# VISIBLE: EV_object_visible #############################
[INFO] [1789490053.456900866] [robot_2.robot_supervisor]: Selected controllable event: EV_move_forward
[INFO] [1789490053.755192894] [robot_2.robot_supervisor]: Selected controllable event: EV_search_object
[INFO] [1789490053.948884713] [robot_2.robot_supervisor]: ############################# VISIBLE: EV_object_visible #############################
[INFO] [1789490053.953333796] [robot_2.robot_supervisor]: Selected controllable event: EV_search_color
[INFO] [1789490054.147986347] [robot_2.robot_supervisor]: Selected controllable event: EV_search_color
[INFO] [1789490054.354471930] [robot_2.robot_supervisor]: ############################# VISIBLE: EV_object_visible #############################
[INFO] [1789490054.364724465] [robot_2.robot_supervisor]: Selected controllable event: EV_approach_color
[INFO] [1789490054.651761568] [robot_2.robot_supervisor]: Selected controllable event: EV_search_color
[INFO] [1789490054.754369164] [robot_2.robot_supervisor]: Selected controllable event: EV_search_color
[INFO] [1789490054.949730447] [robot_2.robot_supervisor]: ############################# VISIBLE: EV_object_visible #############################
[INFO] [1789490054.950506552] [robot_2.robot_supervisor]: Selected controllable event: EV_approach_object
[INFO] [1789490055.254918414] [robot_2.robot_supervisor]: Selected controllable event: EV_approach_color
[INFO] [1789490055.554623684] [robot_2.robot_supervisor]: ############################# VISIBLE: EV_object_visible #############################
[INFO] [1789490055.555439613] [robot_2.robot_supervisor]: Selected controllable event: EV_approach_object
[INFO] [1789490055.867844750] [robot_2.robot_supervisor]: ############################# VISIBLE: EV_object_visible #############################
[INFO] [1789490055.868577100] [robot_2.robot_supervisor]: Selected controllable event: EV_approach_color
[INFO] [1789490056.163117821] [robot_2.robot_supervisor]: Selected controllable event: EV_search_color
[INFO] [1789490056.355332794] [robot_2.robot_supervisor]: Selected controllable event: EV_approach_color
[INFO] [1789490056.652993770] [robot_2.robot_supervisor]: ############################# REACHED: EV_object_reached #############################
[INFO] [1789490056.653739036] [robot_2.robot_supervisor]: Selected controllable event: EV_search_color
[INFO] [1789490056.871080003] [robot_2.robot_supervisor]: Selected controllable event: EV_approach_object
[INFO] [1789490057.164286917] [robot_2.robot_supervisor]: ############################# REACHED: EV_object_reached #############################
[INFO] [1789490057.164976799] [robot_2.robot_supervisor]: Selected controllable event: EV_search_color
[INFO] [1789490057.352384090] [robot_2.robot_supervisor]: Triggered uncontrollable event: EV_obstacle_left
[INFO] [1789490057.352896227] [robot_2.robot_supervisor]: ############################# REACHED: EV_object_reached #############################
[INFO] [1789490057.353520190] [robot_2.robot_supervisor]: Selected controllable event: EV_u_turn
[INFO] [1789490057.353956585] [robot_2.robot_supervisor]: Starting FULL ROTATE (omega=1.000, have_odom=True, target_rad=3.142, timeout_s=3.500)
[INFO] [1789490060.851351258] [robot_2.robot_supervisor]: FULL ROTATE completed by odom (accum_rad=3.202)
[INFO] [1789490061.052727167] [robot_2.robot_supervisor]: ############################# REACHED: EV_object_reached #############################
[INFO] [1789490061.053580581] [robot_2.robot_supervisor]: Selected controllable event: EV_move_forward
[INFO] [1789490061.255244751] [robot_2.robot_supervisor]: ############################# REACHED: EV_object_reached #############################
[INFO] [1789490061.257665893] [robot_2.robot_supervisor]: Selected controllable event: EV_search_color
[INFO] [1789490061.465358110] [robot_2.robot_supervisor]: Selected controllable event: EV_approach_object
[INFO] [1789490061.746445800] [robot_2.robot_supervisor]: ############################# REACHED: EV_object_reached #############################
[INFO] [1789490061.747088225] [robot_2.robot_supervisor]: Selected controllable event: EV_approach_object
[INFO] [1789490062.053999924] [robot_2.robot_supervisor]: Selected controllable event: EV_approach_object
[INFO] [1789490062.349252937] [robot_2.robot_supervisor]: ############################# VISIBLE: EV_object_visible #############################
[INFO] [1789490062.350504055] [robot_2.robot_supervisor]: Selected controllable event: EV_approach_object
[INFO] [1789490062.663149720] [robot_2.robot_supervisor]: Selected controllable event: EV_approach_color
[INFO] [1789490062.956124902] [robot_2.robot_supervisor]: ############################# VISIBLE: EV_object_visible #############################
[INFO] [1789490062.956818011] [robot_2.robot_supervisor]: Selected controllable event: EV_search_object
[INFO] [1789490063.064752844] [robot_2.robot_supervisor]: Selected controllable event: EV_approach_color
[INFO] [1789490063.361574466] [robot_2.robot_supervisor]: Selected controllable event: EV_move_forward
[INFO] [1789490063.652653761] [robot_2.robot_supervisor]: ############################# VISIBLE: EV_object_visible #############################
[INFO] [1789490063.661846362] [robot_2.robot_supervisor]: Selected controllable event: EV_approach_color
[INFO] [1789490063.952180665] [robot_2.robot_supervisor]: Selected controllable event: EV_approach_color
[INFO] [1789490064.253005017] [robot_2.robot_supervisor]: ############################# VISIBLE: EV_object_visible #############################
[INFO] [1789490064.253715444] [robot_2.robot_supervisor]: Selected controllable event: EV_move_forward
[INFO] [1789490064.546546884] [robot_2.robot_supervisor]: ############################# VISIBLE: EV_object_visible #############################
[INFO] [1789490064.547051144] [robot_2.robot_supervisor]: Selected controllable event: EV_search_object
[INFO] [1789490064.760215325] [robot_2.robot_supervisor]: Selected controllable event: EV_move_forward
[INFO] [1789490065.048099587] [robot_2.robot_supervisor]: Selected controllable event: EV_approach_object
[INFO] [1789490065.361748003] [robot_2.robot_supervisor]: ############################# VISIBLE: EV_object_visible #############################
[INFO] [1789490065.379625726] [robot_2.robot_supervisor]: Selected controllable event: EV_approach_object
[INFO] [1789490065.659567527] [robot_2.robot_supervisor]: Selected controllable event: EV_approach_color
[INFO] [1789490065.961263083] [robot_2.robot_supervisor]: ############################# VISIBLE: EV_object_visible #############################
[INFO] [1789490065.967892253] [robot_2.robot_supervisor]: Selected controllable event: EV_search_object
[INFO] [1789490066.161531763] [robot_2.robot_supervisor]: Selected controllable event: EV_search_color
[INFO] [1789490066.352406108] [robot_2.robot_supervisor]: ############################# VISIBLE: EV_object_visible #############################
[INFO] [1789490066.353227000] [robot_2.robot_supervisor]: Selected controllable event: EV_approach_color
[INFO] [1789490066.556894996] [robot_2.robot_supervisor]: Selected controllable event: EV_search_color
[INFO] [1789490066.664724259] [robot_2.robot_supervisor]: Selected controllable event: EV_move_forward
[INFO] [1789490066.961556212] [robot_2.robot_supervisor]: ############################# VISIBLE: EV_object_visible #############################
[INFO] [1789490066.966085411] [robot_2.robot_supervisor]: Selected controllable event: EV_search_object
[INFO] [1789490067.159724500] [robot_2.robot_supervisor]: Selected controllable event: EV_approach_color
[INFO] [1789490067.456187646] [robot_2.robot_supervisor]: Triggered uncontrollable event: EV_obstacle_right
[INFO] [1789490067.456773937] [robot_2.robot_supervisor]: ############################# VISIBLE: EV_object_visible #############################
[INFO] [1789490067.457545601] [robot_2.robot_supervisor]: Selected controllable event: EV_rotate_counterclockwise
[INFO] [1789490067.648156959] [robot_2.robot_supervisor]: Triggered uncontrollable event: EV_obstacle_right
[INFO] [1789490067.658373878] [robot_2.robot_supervisor]: Selected controllable event: EV_u_turn
[INFO] [1789490067.659192665] [robot_2.robot_supervisor]: Starting FULL ROTATE (omega=1.000, have_odom=True, target_rad=3.142, timeout_s=3.500)
[INFO] [1789490071.259105118] [robot_2.robot_supervisor]: FULL ROTATE completed by timeout
[INFO] [1789490071.560562519] [robot_2.robot_supervisor]: ############################# VISIBLE: EV_object_visible #############################
[INFO] [1789490071.561305463] [robot_2.robot_supervisor]: Selected controllable event: EV_approach_color
[INFO] [1789490071.860704488] [robot_2.robot_supervisor]: Selected controllable event: EV_search_object
[INFO] [1789490071.968376961] [robot_2.robot_supervisor]: Selected controllable event: EV_search_color
[INFO] [1789490072.158877741] [robot_2.robot_supervisor]: ############################# VISIBLE: EV_object_visible #############################
[INFO] [1789490072.159733019] [robot_2.robot_supervisor]: Selected controllable event: EV_approach_object
[INFO] [1789490072.453244841] [robot_2.robot_supervisor]: Selected controllable event: EV_move_forward
[INFO] [1789490072.661428317] [robot_2.robot_supervisor]: Selected controllable event: EV_approach_color
[INFO] [1789490072.953217060] [robot_2.robot_supervisor]: ############################# VISIBLE: EV_object_visible #############################
[INFO] [1789490072.956031675] [robot_2.robot_supervisor]: Selected controllable event: EV_approach_color
[INFO] [1789490073.261399295] [robot_2.robot_supervisor]: ############################# VISIBLE: EV_object_visible #############################
[INFO] [1789490073.262135815] [robot_2.robot_supervisor]: Selected controllable event: EV_approach_object
[INFO] [1789490073.549026229] [robot_2.robot_supervisor]: Selected controllable event: EV_search_color
[INFO] [1789490073.760080576] [robot_2.robot_supervisor]: Selected controllable event: EV_move_forward
[INFO] [1789490074.060892557] [robot_2.robot_supervisor]: ############################# VISIBLE: EV_object_visible #############################
[INFO] [1789490074.061649886] [robot_2.robot_supervisor]: Selected controllable event: EV_approach_color
[INFO] [1789490074.360782920] [robot_2.robot_supervisor]: Selected controllable event: EV_move_forward
[INFO] [1789490074.648413295] [robot_2.robot_supervisor]: ############################# VISIBLE: EV_object_visible #############################
[INFO] [1789490074.654464446] [robot_2.robot_supervisor]: Selected controllable event: EV_approach_object
[INFO] [1789490074.957516025] [robot_2.robot_supervisor]: Selected controllable event: EV_search_color
[INFO] [1789490075.155338862] [robot_2.robot_supervisor]: ############################# VISIBLE: EV_object_visible #############################
[INFO] [1789490075.157515976] [robot_2.robot_supervisor]: Selected controllable event: EV_search_object
[INFO] [1789490075.361456415] [robot_2.robot_supervisor]: Selected controllable event: EV_move_forward
[INFO] [1789490075.654594353] [robot_2.robot_supervisor]: ############################# VISIBLE: EV_object_visible #############################
[INFO] [1789490075.672107649] [robot_2.robot_supervisor]: Selected controllable event: EV_search_color
[INFO] [1789490075.860895383] [robot_2.robot_supervisor]: Selected controllable event: EV_search_color
[INFO] [1789490076.061008701] [robot_2.robot_supervisor]: Selected controllable event: EV_approach_color
[INFO] [1789490076.346909694] [robot_2.robot_supervisor]: Triggered uncontrollable event: EV_obstacle_right
[INFO] [1789490076.347710863] [robot_2.robot_supervisor]: ############################# REACHED: EV_object_reached #############################
[INFO] [1789490076.348480530] [robot_2.robot_supervisor]: Selected controllable event: EV_u_turn
[INFO] [1789490076.369515898] [robot_2.robot_supervisor]: Starting FULL ROTATE (omega=1.000, have_odom=True, target_rad=3.142, timeout_s=3.500)
[INFO] [1789490079.864183297] [robot_2.robot_supervisor]: FULL ROTATE completed by timeout
[INFO] [1789490080.060906886] [robot_2.robot_supervisor]: ############################# REACHED: EV_object_reached #############################
[INFO] [1789490080.061721848] [robot_2.robot_supervisor]: Selected controllable event: EV_search_object
[INFO] [1789490080.254983786] [robot_2.robot_supervisor]: Selected controllable event: EV_search_color
[INFO] [1789490080.367734339] [robot_2.robot_supervisor]: Selected controllable event: EV_approach_object
[INFO] [1789490080.651849118] [robot_2.robot_supervisor]: ############################# REACHED: EV_object_reached #############################
[INFO] [1789490080.664808662] [robot_2.robot_supervisor]: Selected controllable event: EV_approach_color
[INFO] [1789490080.952956738] [robot_2.robot_supervisor]: Selected controllable event: EV_move_forward
[INFO] [1789490081.157993785] [robot_2.robot_supervisor]: ############################# VISIBLE: EV_object_visible #############################
[INFO] [1789490081.158691878] [robot_2.robot_supervisor]: Selected controllable event: EV_approach_color
[INFO] [1789490081.453999039] [robot_2.robot_supervisor]: Selected controllable event: EV_search_color
[INFO] [1789490081.674533431] [robot_2.robot_supervisor]: ############################# VISIBLE: EV_object_visible #############################
[INFO] [1789490081.675269567] [robot_2.robot_supervisor]: Selected controllable event: EV_approach_object
[INFO] [1789490081.952862872] [robot_2.robot_supervisor]: Selected controllable event: EV_approach_object
[INFO] [1789490082.159309136] [robot_2.robot_supervisor]: Selected controllable event: EV_approach_object
[INFO] [1789490082.458414152] [robot_2.robot_supervisor]: ############################# VISIBLE: EV_object_visible #############################
[INFO] [1789490082.468132658] [robot_2.robot_supervisor]: Selected controllable event: EV_approach_color
[INFO] [1789490082.755582600] [robot_2.robot_supervisor]: Selected controllable event: EV_move_forward
[INFO] [1789490083.047957685] [robot_2.robot_supervisor]: ############################# VISIBLE: EV_object_visible #############################
[INFO] [1789490083.048637810] [robot_2.robot_supervisor]: Selected controllable event: EV_search_color
[INFO] [1789490083.164730246] [robot_2.robot_supervisor]: Selected controllable event: EV_move_forward
[INFO] [1789490083.457156765] [robot_2.robot_supervisor]: ############################# VISIBLE: EV_object_visible #############################
[INFO] [1789490083.458906203] [robot_2.robot_supervisor]: Selected controllable event: EV_search_color
[INFO] [1789490083.664548193] [robot_2.robot_supervisor]: Selected controllable event: EV_move_forward
[INFO] [1789490083.948499626] [robot_2.robot_supervisor]: ############################# VISIBLE: EV_object_visible #############################
[INFO] [1789490083.949270307] [robot_2.robot_supervisor]: Selected controllable event: EV_approach_color
[INFO] [1789490084.252140106] [robot_2.robot_supervisor]: Selected controllable event: EV_move_forward
[INFO] [1789490084.548649956] [robot_2.robot_supervisor]: Triggered uncontrollable event: EV_obstacle_front
[INFO] [1789490084.549224020] [robot_2.robot_supervisor]: ############################# VISIBLE: EV_object_visible #############################
[INFO] [1789490084.550993199] [robot_2.robot_supervisor]: Selected controllable event: EV_move_backward
[INFO] [1789490084.853012557] [robot_2.robot_supervisor]: Triggered uncontrollable event: EV_obstacle_front
[INFO] [1789490084.854700562] [robot_2.robot_supervisor]: Selected controllable event: EV_u_turn
[INFO] [1789490084.855344518] [robot_2.robot_supervisor]: Starting FULL ROTATE (omega=1.000, have_odom=True, target_rad=3.142, timeout_s=3.500)
[INFO] [1789490088.454331923] [robot_2.robot_supervisor]: FULL ROTATE completed by timeout
[INFO] [1789490088.657083094] [robot_2.robot_supervisor]: ############################# VISIBLE: EV_object_visible #############################
[INFO] [1789490088.657762165] [robot_2.robot_supervisor]: Selected controllable event: EV_approach_object
[INFO] [1789490088.948807539] [robot_2.robot_supervisor]: Selected controllable event: EV_search_color
[INFO] [1789490089.155150106] [robot_2.robot_supervisor]: Selected controllable event: EV_move_forward
[INFO] [1789490089.358220132] [robot_2.robot_supervisor]: ############################# VISIBLE: EV_object_visible #############################
[INFO] [1789490089.358999279] [robot_2.robot_supervisor]: Selected controllable event: EV_approach_color
[INFO] [1789490089.652619537] [robot_2.robot_supervisor]: Selected controllable event: EV_search_object
[INFO] [1789490089.849148224] [robot_2.robot_supervisor]: ############################# VISIBLE: EV_object_visible #############################
[INFO] [1789490089.853415334] [robot_2.robot_supervisor]: Selected controllable event: EV_approach_object
[INFO] [1789490090.152839711] [robot_2.robot_supervisor]: Selected controllable event: EV_move_forward
[INFO] [1789490090.457321501] [robot_2.robot_supervisor]: ############################# VISIBLE: EV_object_visible #############################
[INFO] [1789490090.461377663] [robot_2.robot_supervisor]: Selected controllable event: EV_approach_object
[INFO] [1789490090.770313777] [robot_2.robot_supervisor]: Selected controllable event: EV_search_object
[INFO] [1789490090.956949617] [robot_2.robot_supervisor]: ############################# VISIBLE: EV_object_visible #############################
[INFO] [1789490090.957695927] [robot_2.robot_supervisor]: Selected controllable event: EV_move_forward
[INFO] [1789490091.261140499] [robot_2.robot_supervisor]: ############################# VISIBLE: EV_object_visible #############################
[INFO] [1789490091.261834254] [robot_2.robot_supervisor]: Selected controllable event: EV_approach_color
[INFO] [1789490091.555118307] [robot_2.robot_supervisor]: Selected controllable event: EV_approach_object
[INFO] [1789490091.858788955] [robot_2.robot_supervisor]: Selected controllable event: EV_move_forward
[INFO] [1789490092.152300042] [robot_2.robot_supervisor]: ############################# VISIBLE: EV_object_visible #############################
[INFO] [1789490092.153060103] [robot_2.robot_supervisor]: Selected controllable event: EV_search_object
[INFO] [1789490092.356466077] [robot_2.robot_supervisor]: Selected controllable event: EV_search_object
[INFO] [1789490092.549687213] [robot_2.robot_supervisor]: ############################# VISIBLE: EV_object_visible #############################
[INFO] [1789490092.558588157] [robot_2.robot_supervisor]: Selected controllable event: EV_approach_color
[INFO] [1789490092.853224672] [robot_2.robot_supervisor]: Selected controllable event: EV_approach_object
[INFO] [1789490093.146712829] [robot_2.robot_supervisor]: ############################# VISIBLE: EV_object_visible #############################
[INFO] [1789490093.149286455] [robot_2.robot_supervisor]: Selected controllable event: EV_approach_color
[INFO] [1789490093.451025709] [robot_2.robot_supervisor]: Selected controllable event: EV_approach_object
[INFO] [1789490093.657141321] [robot_2.robot_supervisor]: ############################# VISIBLE: EV_object_visible #############################
[INFO] [1789490093.657880336] [robot_2.robot_supervisor]: Selected controllable event: EV_move_forward
[INFO] [1789490093.949959395] [robot_2.robot_supervisor]: Selected controllable event: EV_search_color
[INFO] [1789490094.152849452] [robot_2.robot_supervisor]: Triggered uncontrollable event: EV_obstacle_right
[INFO] [1789490094.153380690] [robot_2.robot_supervisor]: ############################# VISIBLE: EV_object_visible #############################
[INFO] [1789490094.153951662] [robot_2.robot_supervisor]: Selected controllable event: EV_u_turn
[INFO] [1789490094.154376655] [robot_2.robot_supervisor]: Starting FULL ROTATE (omega=1.000, have_odom=True, target_rad=3.142, timeout_s=3.500)
[INFO] [1789490097.751126602] [robot_2.robot_supervisor]: FULL ROTATE completed by timeout
[INFO] [1789490097.957187382] [robot_2.robot_supervisor]: ############################# VISIBLE: EV_object_visible #############################
[INFO] [1789490097.957696261] [robot_2.robot_supervisor]: Selected controllable event: EV_move_forward
[INFO] [1789490098.263370954] [robot_2.robot_supervisor]: ############################# VISIBLE: EV_object_visible #############################
[INFO] [1789490098.264113671] [robot_2.robot_supervisor]: Selected controllable event: EV_search_object
[INFO] [1789490098.466336469] [robot_2.robot_supervisor]: Selected controllable event: EV_approach_color
[INFO] [1789490098.757947816] [robot_2.robot_supervisor]: ############################# VISIBLE: EV_object_visible #############################
[INFO] [1789490098.758730844] [robot_2.robot_supervisor]: Selected controllable event: EV_search_object
[INFO] [1789490098.957865625] [robot_2.robot_supervisor]: Selected controllable event: EV_search_object
