[INFO] [1789489730.893431516] [robot_2.robot_supervisor]: Loaded initial mission 'balanced_delivery' from explicit YAML S_20260915_182327.yaml
[INFO] [1789489731.028346279] [robot_2.robot_supervisor]: Selected controllable event: EV_search_color
[INFO] [1789489731.224847612] [robot_2.robot_supervisor]: Selected controllable event: EV_search_color
[INFO] [1789489731.425811952] [robot_2.robot_supervisor]: Selected controllable event: EV_move_forward
[INFO] [1789489731.628728518] [robot_2.robot_supervisor]: Selected controllable event: EV_search_color
[INFO] [1789489731.729741212] [robot_2.robot_supervisor]: Selected controllable event: EV_move_forward
[INFO] [1789489732.027749746] [robot_2.robot_supervisor]: Selected controllable event: EV_approach_color
[INFO] [1789489732.229089106] [robot_2.robot_supervisor]: Selected controllable event: EV_approach_color
[INFO] [1789489732.531447261] [robot_2.robot_supervisor]: Selected controllable event: EV_move_forward
[INFO] [1789489732.828978060] [robot_2.robot_supervisor]: Selected controllable event: EV_approach_object
[INFO] [1789489733.128890324] [robot_2.robot_supervisor]: Selected controllable event: EV_search_color
[INFO] [1789489733.328032156] [robot_2.robot_supervisor]: Selected controllable event: EV_search_object
[INFO] [1789489733.523225367] [robot_2.robot_supervisor]: Selected controllable event: EV_move_forward
[INFO] [1789489733.823362152] [robot_2.robot_supervisor]: Selected controllable event: EV_approach_color
[INFO] [1789489734.123688802] [robot_2.robot_supervisor]: Selected controllable event: EV_approach_color
[INFO] [1789489734.424036868] [robot_2.robot_supervisor]: Selected controllable event: EV_approach_object
[INFO] [1789489734.723279187] [robot_2.robot_supervisor]: Selected controllable event: EV_search_object
[INFO] [1789489734.924106726] [robot_2.robot_supervisor]: Selected controllable event: EV_move_forward
[INFO] [1789489735.223988525] [robot_2.robot_supervisor]: Selected controllable event: EV_search_object
[INFO] [1789489735.423842710] [robot_2.robot_supervisor]: Selected controllable event: EV_approach_color
[INFO] [1789489735.741749522] [robot_2.robot_supervisor]: Triggered uncontrollable event: EV_obstacle_right
[INFO] [1789489735.742179584] [robot_2.robot_supervisor]: ############################# REACHED: EV_object_reached #############################
[INFO] [1789489735.742697356] [robot_2.robot_supervisor]: Selected controllable event: EV_u_turn
[INFO] [1789489735.743142006] [robot_2.robot_supervisor]: Starting FULL ROTATE (omega=1.000, have_odom=True, target_rad=3.142, timeout_s=3.500)
[INFO] [1789489738.829492834] [robot_2.robot_supervisor]: FULL ROTATE completed by odom (accum_rad=3.188)
[INFO] [1789489739.126396729] [robot_2.robot_supervisor]: Triggered uncontrollable event: EV_obstacle_right
[INFO] [1789489739.132339812] [robot_2.robot_supervisor]: ############################# REACHED: EV_object_reached #############################
[INFO] [1789489739.132867511] [robot_2.robot_supervisor]: Selected controllable event: EV_rotate_counterclockwise
[WARN] [1789489739.133420045] [robot_2.robot_supervisor]: no translation for 8.1s livelock detected; starting atomic escape (turn_sign=+1)
[INFO] [1789489741.736815206] [robot_2.robot_supervisor]: Zone-livelock escape completed
[INFO] [1789489742.023647450] [robot_2.robot_supervisor]: ############################# REACHED: EV_object_reached #############################
[INFO] [1789489742.024269061] [robot_2.robot_supervisor]: Selected controllable event: EV_search_color
[INFO] [1789489742.147861427] [robot_2.robot_supervisor]: Triggered uncontrollable event: EV_obstacle_left
[INFO] [1789489742.148272375] [robot_2.robot_supervisor]: ############################# REACHED: EV_object_reached #############################
[INFO] [1789489742.160553737] [robot_2.robot_supervisor]: Selected controllable event: EV_rotate_clockwise
[INFO] [1789489742.328486806] [robot_2.robot_supervisor]: Triggered uncontrollable event: EV_obstacle_left
[INFO] [1789489742.329082270] [robot_2.robot_supervisor]: Selected controllable event: EV_u_turn
[INFO] [1789489742.329614622] [robot_2.robot_supervisor]: Starting FULL ROTATE (omega=1.000, have_odom=True, target_rad=3.142, timeout_s=3.500)
[INFO] [1789489745.536667461] [robot_2.robot_supervisor]: FULL ROTATE completed by odom (accum_rad=3.204)
[INFO] [1789489745.827141004] [robot_2.robot_supervisor]: ############################# REACHED: EV_object_reached #############################
[INFO] [1789489745.828506635] [robot_2.robot_supervisor]: Selected controllable event: EV_approach_object
[INFO] [1789489746.039142083] [robot_2.robot_supervisor]: Selected controllable event: EV_search_object
[INFO] [1789489746.235697037] [robot_2.robot_supervisor]: ############################# REACHED: EV_object_reached #############################
[INFO] [1789489746.239702122] [robot_2.robot_supervisor]: Selected controllable event: EV_approach_color
[INFO] [1789489746.523325841] [robot_2.robot_supervisor]: Selected controllable event: EV_search_object
[INFO] [1789489746.723323628] [robot_2.robot_supervisor]: ############################# REACHED: EV_object_reached #############################
[INFO] [1789489746.729669995] [robot_2.robot_supervisor]: Selected controllable event: EV_search_color
[INFO] [1789489746.928754157] [robot_2.robot_supervisor]: Selected controllable event: EV_approach_object
[INFO] [1789489747.229025114] [robot_2.robot_supervisor]: Triggered uncontrollable event: EV_obstacle_right
[INFO] [1789489747.229400740] [robot_2.robot_supervisor]: ############################# REACHED: EV_object_reached #############################
[INFO] [1789489747.229908163] [robot_2.robot_supervisor]: Selected controllable event: EV_rotate_counterclockwise
[INFO] [1789489747.423700190] [robot_2.robot_supervisor]: Triggered uncontrollable event: EV_obstacle_right
[INFO] [1789489747.446020070] [robot_2.robot_supervisor]: Selected controllable event: EV_rotate_counterclockwise
[INFO] [1789489747.634690382] [robot_2.robot_supervisor]: Triggered uncontrollable event: EV_obstacle_right
[INFO] [1789489747.635072684] [robot_2.robot_supervisor]: ############################# REACHED: EV_object_reached #############################
[INFO] [1789489747.635559668] [robot_2.robot_supervisor]: Selected controllable event: EV_u_turn
[INFO] [1789489747.724974387] [robot_2.robot_supervisor]: Triggered uncontrollable event: EV_obstacle_right
[INFO] [1789489747.728068392] [robot_2.robot_supervisor]: Selected controllable event: EV_rotate_counterclockwise
[INFO] [1789489747.832059039] [robot_2.robot_supervisor]: Triggered uncontrollable event: EV_obstacle_right
[INFO] [1789489747.835716612] [robot_2.robot_supervisor]: Selected controllable event: EV_rotate_counterclockwise
[INFO] [1789489748.037534458] [robot_2.robot_supervisor]: ############################# REACHED: EV_object_reached #############################
[INFO] [1789489748.040945113] [robot_2.robot_supervisor]: Selected controllable event: EV_approach_color
[INFO] [1789489748.336776795] [robot_2.robot_supervisor]: Selected controllable event: EV_search_color
[INFO] [1789489748.533942377] [robot_2.robot_supervisor]: ############################# REACHED: EV_object_reached #############################
[INFO] [1789489748.534567457] [robot_2.robot_supervisor]: Selected controllable event: EV_move_forward
[INFO] [1789489748.837736313] [robot_2.robot_supervisor]: ############################# REACHED: EV_object_reached #############################
[INFO] [1789489748.838295453] [robot_2.robot_supervisor]: Selected controllable event: EV_search_color
[INFO] [1789489749.035862782] [robot_2.robot_supervisor]: Selected controllable event: EV_search_color
[INFO] [1789489749.223562785] [robot_2.robot_supervisor]: Selected controllable event: EV_search_color
[INFO] [1789489749.342101893] [robot_2.robot_supervisor]: ############################# REACHED: EV_object_reached #############################
[INFO] [1789489749.342619704] [robot_2.robot_supervisor]: Selected controllable event: EV_approach_color
[INFO] [1789489749.627017974] [robot_2.robot_supervisor]: Selected controllable event: EV_move_forward
[INFO] [1789489749.927374561] [robot_2.robot_supervisor]: ############################# REACHED: EV_object_reached #############################
[INFO] [1789489749.927928324] [robot_2.robot_supervisor]: Selected controllable event: EV_approach_color
[INFO] [1789489750.227260357] [robot_2.robot_supervisor]: Triggered uncontrollable event: EV_obstacle_left
[INFO] [1789489750.231640508] [robot_2.robot_supervisor]: ############################# REACHED: EV_object_reached #############################
[INFO] [1789489750.232273772] [robot_2.robot_supervisor]: Selected controllable event: EV_rotate_clockwise
[INFO] [1789489750.424624998] [robot_2.robot_supervisor]: Triggered uncontrollable event: EV_obstacle_left
[INFO] [1789489750.438496904] [robot_2.robot_supervisor]: Selected controllable event: EV_rotate_clockwise
[INFO] [1789489750.631787941] [robot_2.robot_supervisor]: Triggered uncontrollable event: EV_obstacle_front
[INFO] [1789489750.632209568] [robot_2.robot_supervisor]: ############################# REACHED: EV_object_reached #############################
[INFO] [1789489750.632748668] [robot_2.robot_supervisor]: Selected controllable event: EV_u_turn
[INFO] [1789489750.633185536] [robot_2.robot_supervisor]: Starting FULL ROTATE (omega=1.000, have_odom=True, target_rad=3.142, timeout_s=3.500)
[INFO] [1789489753.529318741] [robot_2.robot_supervisor]: FULL ROTATE completed by odom (accum_rad=3.145)
[INFO] [1789489753.830512539] [robot_2.robot_supervisor]: ############################# REACHED: EV_object_reached #############################
[INFO] [1789489753.831156029] [robot_2.robot_supervisor]: Selected controllable event: EV_move_forward
[INFO] [1789489754.131236843] [robot_2.robot_supervisor]: ############################# REACHED: EV_object_reached #############################
[INFO] [1789489754.135546054] [robot_2.robot_supervisor]: Selected controllable event: EV_search_color
[INFO] [1789489754.325267855] [robot_2.robot_supervisor]: Selected controllable event: EV_approach_color
[INFO] [1789489754.532396793] [robot_2.robot_supervisor]: ############################# REACHED: EV_object_reached #############################
[INFO] [1789489754.538661322] [robot_2.robot_supervisor]: Selected controllable event: EV_move_forward
[INFO] [1789489754.828564676] [robot_2.robot_supervisor]: Triggered uncontrollable event: EV_obstacle_left
[INFO] [1789489754.828926278] [robot_2.robot_supervisor]: ############################# REACHED: EV_object_reached #############################
[INFO] [1789489754.833334746] [robot_2.robot_supervisor]: Selected controllable event: EV_u_turn
[INFO] [1789489754.928920791] [robot_2.robot_supervisor]: Triggered uncontrollable event: EV_obstacle_left
[INFO] [1789489754.936325268] [robot_2.robot_supervisor]: Selected controllable event: EV_rotate_clockwise
[INFO] [1789489755.123375363] [robot_2.robot_supervisor]: Triggered uncontrollable event: EV_obstacle_left
[INFO] [1789489755.123974813] [robot_2.robot_supervisor]: Selected controllable event: EV_u_turn
[INFO] [1789489755.224007288] [robot_2.robot_supervisor]: Triggered uncontrollable event: EV_obstacle_left
[INFO] [1789489755.224467959] [robot_2.robot_supervisor]: Selected controllable event: EV_rotate_clockwise
[INFO] [1789489755.327141277] [robot_2.robot_supervisor]: Triggered uncontrollable event: EV_obstacle_front
[INFO] [1789489755.331945059] [robot_2.robot_supervisor]: ############################# REACHED: EV_object_reached #############################
[INFO] [1789489755.332484803] [robot_2.robot_supervisor]: Selected controllable event: EV_move_backward
[INFO] [1789489755.624287092] [robot_2.robot_supervisor]: Triggered uncontrollable event: EV_obstacle_front
[INFO] [1789489755.624823757] [robot_2.robot_supervisor]: Selected controllable event: EV_move_backward
[INFO] [1789489755.825809948] [robot_2.robot_supervisor]: Triggered uncontrollable event: EV_obstacle_left
[INFO] [1789489755.833735042] [robot_2.robot_supervisor]: ############################# REACHED: EV_object_reached #############################
[INFO] [1789489755.836257319] [robot_2.robot_supervisor]: Selected controllable event: EV_u_turn
[INFO] [1789489755.927435825] [robot_2.robot_supervisor]: Triggered uncontrollable event: EV_obstacle_left
[INFO] [1789489755.934002040] [robot_2.robot_supervisor]: Selected controllable event: EV_rotate_clockwise
[INFO] [1789489756.138876550] [robot_2.robot_supervisor]: Triggered uncontrollable event: EV_obstacle_left
[INFO] [1789489756.139414366] [robot_2.robot_supervisor]: Selected controllable event: EV_rotate_clockwise
[INFO] [1789489756.327496431] [robot_2.robot_supervisor]: ############################# REACHED: EV_object_reached #############################
[INFO] [1789489756.332125555] [robot_2.robot_supervisor]: Selected controllable event: EV_approach_object
[INFO] [1789489756.645547420] [robot_2.robot_supervisor]: Triggered uncontrollable event: EV_obstacle_left
[INFO] [1789489756.645955350] [robot_2.robot_supervisor]: ############################# REACHED: EV_object_reached #############################
[INFO] [1789489756.646402207] [robot_2.robot_supervisor]: Selected controllable event: EV_rotate_clockwise
[INFO] [1789489756.824618593] [robot_2.robot_supervisor]: Triggered uncontrollable event: EV_obstacle_left
[INFO] [1789489756.834367533] [robot_2.robot_supervisor]: Selected controllable event: EV_u_turn
[INFO] [1789489756.838619525] [robot_2.robot_supervisor]: Starting FULL ROTATE (omega=1.000, have_odom=True, target_rad=3.142, timeout_s=3.500)
[INFO] [1789489759.926496615] [robot_2.robot_supervisor]: FULL ROTATE completed by odom (accum_rad=3.213)
[INFO] [1789489760.227884253] [robot_2.robot_supervisor]: Triggered uncontrollable event: EV_obstacle_right
[INFO] [1789489760.229718625] [robot_2.robot_supervisor]: ############################# REACHED: EV_object_reached #############################
[INFO] [1789489760.230214219] [robot_2.robot_supervisor]: Selected controllable event: EV_u_turn
[INFO] [1789489760.332301740] [robot_2.robot_supervisor]: Triggered uncontrollable event: EV_obstacle_right
[INFO] [1789489760.343644930] [robot_2.robot_supervisor]: Selected controllable event: EV_u_turn
[INFO] [1789489760.429182073] [robot_2.robot_supervisor]: ############################# REACHED: EV_object_reached #############################
[INFO] [1789489760.429942067] [robot_2.robot_supervisor]: Selected controllable event: EV_search_color
[INFO] [1789489760.627683630] [robot_2.robot_supervisor]: Selected controllable event: EV_search_color
[INFO] [1789489760.828615173] [robot_2.robot_supervisor]: Selected controllable event: EV_approach_object
[INFO] [1789489761.041561183] [robot_2.robot_supervisor]: ############################# REACHED: EV_object_reached #############################
[INFO] [1789489761.044780786] [robot_2.robot_supervisor]: Selected controllable event: EV_approach_color
[INFO] [1789489761.333370497] [robot_2.robot_supervisor]: ############################# REACHED: EV_object_reached #############################
[INFO] [1789489761.336996318] [robot_2.robot_supervisor]: Selected controllable event: EV_approach_object
[INFO] [1789489761.633344369] [robot_2.robot_supervisor]: Selected controllable event: EV_approach_object
[INFO] [1789489761.924793175] [robot_2.robot_supervisor]: ############################# REACHED: EV_object_reached #############################
[INFO] [1789489761.925416627] [robot_2.robot_supervisor]: Selected controllable event: EV_approach_object
[INFO] [1789489762.139371394] [robot_2.robot_supervisor]: Selected controllable event: EV_approach_color
[INFO] [1789489762.434543557] [robot_2.robot_supervisor]: ############################# REACHED: EV_object_reached #############################
[INFO] [1789489762.438121505] [robot_2.robot_supervisor]: Selected controllable event: EV_search_color
[INFO] [1789489762.626456912] [robot_2.robot_supervisor]: Triggered uncontrollable event: EV_obstacle_left
[INFO] [1789489762.626862230] [robot_2.robot_supervisor]: ############################# REACHED: EV_object_reached #############################
[INFO] [1789489762.627366077] [robot_2.robot_supervisor]: Selected controllable event: EV_u_turn
[INFO] [1789489762.627897511] [robot_2.robot_supervisor]: Starting FULL ROTATE (omega=1.000, have_odom=True, target_rad=3.142, timeout_s=3.500)
[INFO] [1789489765.426109221] [robot_2.robot_supervisor]: FULL ROTATE completed by odom (accum_rad=3.207)
[INFO] [1789489765.626722939] [robot_2.robot_supervisor]: ############################# REACHED: EV_object_reached #############################
[INFO] [1789489765.627243174] [robot_2.robot_supervisor]: Selected controllable event: EV_approach_color
[INFO] [1789489765.939481677] [robot_2.robot_supervisor]: Selected controllable event: EV_search_color
[INFO] [1789489766.128993684] [robot_2.robot_supervisor]: ############################# REACHED: EV_object_reached #############################
[INFO] [1789489766.131007978] [robot_2.robot_supervisor]: Selected controllable event: EV_move_forward
[INFO] [1789489766.432061792] [robot_2.robot_supervisor]: Selected controllable event: EV_search_object
[INFO] [1789489766.638656821] [robot_2.robot_supervisor]: ############################# REACHED: EV_object_reached #############################
[INFO] [1789489766.639475041] [robot_2.robot_supervisor]: Selected controllable event: EV_search_color
[INFO] [1789489766.829191759] [robot_2.robot_supervisor]: Selected controllable event: EV_search_color
[INFO] [1789489767.030033854] [robot_2.robot_supervisor]: Selected controllable event: EV_move_forward
[INFO] [1789489767.257536674] [robot_2.robot_supervisor]: Selected controllable event: EV_approach_object
[INFO] [1789489767.562678634] [robot_2.robot_supervisor]: ############################# REACHED: EV_object_reached #############################
[INFO] [1789489767.568358957] [robot_2.robot_supervisor]: Selected controllable event: EV_search_object
[INFO] [1789489767.727987760] [robot_2.robot_supervisor]: Selected controllable event: EV_search_color
[INFO] [1789489767.867322800] [robot_2.robot_supervisor]: Selected controllable event: EV_approach_color
[INFO] [1789489768.134341568] [robot_2.robot_supervisor]: Selected controllable event: EV_approach_color
[INFO] [1789489768.373076982] [robot_2.robot_supervisor]: ############################# REACHED: EV_object_reached #############################
[INFO] [1789489768.374121550] [robot_2.robot_supervisor]: Selected controllable event: EV_approach_object
[INFO] [1789489768.648283345] [robot_2.robot_supervisor]: Selected controllable event: EV_move_forward
[INFO] [1789489768.931581639] [robot_2.robot_supervisor]: Selected controllable event: EV_approach_object
[INFO] [1789489769.159480152] [robot_2.robot_supervisor]: Selected controllable event: EV_search_color
[INFO] [1789489769.344992483] [robot_2.robot_supervisor]: Triggered uncontrollable event: EV_obstacle_right
[INFO] [1789489769.346237807] [robot_2.robot_supervisor]: Selected controllable event: EV_u_turn
[INFO] [1789489769.370233403] [robot_2.robot_supervisor]: Starting FULL ROTATE (omega=1.000, have_odom=True, target_rad=3.142, timeout_s=3.500)
[INFO] [1789489772.947617565] [robot_2.robot_supervisor]: FULL ROTATE completed by timeout
[INFO] [1789489773.260401720] [robot_2.robot_supervisor]: ############################# REACHED: EV_object_reached #############################
[INFO] [1789489773.261641841] [robot_2.robot_supervisor]: Selected controllable event: EV_move_forward
[INFO] [1789489773.538565467] [robot_2.robot_supervisor]: Triggered uncontrollable event: EV_obstacle_left
[INFO] [1789489773.543951870] [robot_2.robot_supervisor]: ############################# REACHED: EV_object_reached #############################
[INFO] [1789489773.555538016] [robot_2.robot_supervisor]: Selected controllable event: EV_u_turn
[INFO] [1789489773.650512263] [robot_2.robot_supervisor]: Triggered uncontrollable event: EV_obstacle_left
[INFO] [1789489773.652241021] [robot_2.robot_supervisor]: Selected controllable event: EV_rotate_clockwise
[WARN] [1789489773.657786093] [robot_2.robot_supervisor]: no translation for 5.3s livelock detected; starting atomic escape (turn_sign=-1)
[INFO] [1789489776.146198019] [robot_2.robot_supervisor]: Zone-livelock escape completed
[INFO] [1789489776.460044921] [robot_2.robot_supervisor]: ############################# REACHED: EV_object_reached #############################
[INFO] [1789489776.482208668] [robot_2.robot_supervisor]: Selected controllable event: EV_approach_color
[INFO] [1789489776.743909304] [robot_2.robot_supervisor]: Selected controllable event: EV_search_object
[INFO] [1789489776.937356148] [robot_2.robot_supervisor]: Selected controllable event: EV_move_forward
[INFO] [1789489777.139677844] [robot_2.robot_supervisor]: Triggered uncontrollable event: EV_obstacle_right
[INFO] [1789489777.161159823] [robot_2.robot_supervisor]: Selected controllable event: EV_rotate_counterclockwise
[INFO] [1789489777.337822348] [robot_2.robot_supervisor]: Triggered uncontrollable event: EV_obstacle_right
[INFO] [1789489777.358843723] [robot_2.robot_supervisor]: ############################# REACHED: EV_object_reached #############################
[INFO] [1789489777.359828110] [robot_2.robot_supervisor]: Selected controllable event: EV_rotate_counterclockwise
[INFO] [1789489777.524330206] [robot_2.robot_supervisor]: Triggered uncontrollable event: EV_obstacle_right
[INFO] [1789489777.543599197] [robot_2.robot_supervisor]: Selected controllable event: EV_u_turn
[INFO] [1789489777.544452783] [robot_2.robot_supervisor]: Starting FULL ROTATE (omega=1.000, have_odom=True, target_rad=3.142, timeout_s=3.500)
[INFO] [1789489781.064744292] [robot_2.robot_supervisor]: FULL ROTATE completed by timeout
[INFO] [1789489781.337394365] [robot_2.robot_supervisor]: ############################# REACHED: EV_object_reached #############################
[INFO] [1789489781.353515861] [robot_2.robot_supervisor]: Selected controllable event: EV_move_forward
[INFO] [1789489781.555021975] [robot_2.robot_supervisor]: Selected controllable event: EV_approach_color
[INFO] [1789489781.777262679] [robot_2.robot_supervisor]: ############################# REACHED: EV_object_reached #############################
[INFO] [1789489781.785360444] [robot_2.robot_supervisor]: Selected controllable event: EV_search_object
[INFO] [1789489781.933482847] [robot_2.robot_supervisor]: Selected controllable event: EV_search_object
[INFO] [1789489782.157720292] [robot_2.robot_supervisor]: Selected controllable event: EV_search_object
[INFO] [1789489782.326154186] [robot_2.robot_supervisor]: Selected controllable event: EV_move_forward
[INFO] [1789489782.543145373] [robot_2.robot_supervisor]: Triggered uncontrollable event: EV_obstacle_right
[INFO] [1789489782.564897484] [robot_2.robot_supervisor]: ############################# REACHED: EV_object_reached #############################
[INFO] [1789489782.566073543] [robot_2.robot_supervisor]: Selected controllable event: EV_u_turn
[INFO] [1789489782.650757762] [robot_2.robot_supervisor]: Triggered uncontrollable event: EV_obstacle_right
[INFO] [1789489782.658579652] [robot_2.robot_supervisor]: Selected controllable event: EV_rotate_counterclockwise
[INFO] [1789489782.845613104] [robot_2.robot_supervisor]: Triggered uncontrollable event: EV_obstacle_right
[INFO] [1789489782.857482918] [robot_2.robot_supervisor]: Selected controllable event: EV_rotate_counterclockwise
[INFO] [1789489783.054417876] [robot_2.robot_supervisor]: Triggered uncontrollable event: EV_obstacle_right
[INFO] [1789489783.055801585] [robot_2.robot_supervisor]: Selected controllable event: EV_u_turn
[INFO] [1789489783.141859667] [robot_2.robot_supervisor]: Triggered uncontrollable event: EV_obstacle_right
[INFO] [1789489783.142776732] [robot_2.robot_supervisor]: Selected controllable event: EV_u_turn
[INFO] [1789489783.248106606] [robot_2.robot_supervisor]: Triggered uncontrollable event: EV_obstacle_right
[INFO] [1789489783.249133629] [robot_2.robot_supervisor]: Selected controllable event: EV_rotate_counterclockwise
[INFO] [1789489783.440502335] [robot_2.robot_supervisor]: ############################# REACHED: EV_object_reached #############################
[INFO] [1789489783.461804414] [robot_2.robot_supervisor]: Selected controllable event: EV_approach_color
[INFO] [1789489783.743269842] [robot_2.robot_supervisor]: Selected controllable event: EV_search_color
[INFO] [1789489783.943371173] [robot_2.robot_supervisor]: Selected controllable event: EV_move_forward
[INFO] [1789489784.256317770] [robot_2.robot_supervisor]: Selected controllable event: EV_approach_color
[INFO] [1789489784.531256854] [robot_2.robot_supervisor]: ############################# REACHED: EV_object_reached #############################
[INFO] [1789489784.552139714] [robot_2.robot_supervisor]: Selected controllable event: EV_search_color
[INFO] [1789489784.729884739] [robot_2.robot_supervisor]: Selected controllable event: EV_approach_object
[INFO] [1789489784.938834871] [robot_2.robot_supervisor]: ############################# REACHED: EV_object_reached #############################
[INFO] [1789489784.939716803] [robot_2.robot_supervisor]: Selected controllable event: EV_approach_color
[INFO] [1789489785.230349034] [robot_2.robot_supervisor]: Selected controllable event: EV_move_forward
[INFO] [1789489785.442761620] [robot_2.robot_supervisor]: Selected controllable event: EV_move_forward
[INFO] [1789489785.742459659] [robot_2.robot_supervisor]: ############################# REACHED: EV_object_reached #############################
[INFO] [1789489785.743383824] [robot_2.robot_supervisor]: Selected controllable event: EV_approach_object
[INFO] [1789489786.032365406] [robot_2.robot_supervisor]: Selected controllable event: EV_search_object
[INFO] [1789489786.228878474] [robot_2.robot_supervisor]: Selected controllable event: EV_move_forward
[INFO] [1789489786.438424592] [robot_2.robot_supervisor]: Selected controllable event: EV_move_forward
[INFO] [1789489786.730274530] [robot_2.robot_supervisor]: ############################# REACHED: EV_object_reached #############################
[INFO] [1789489786.742778994] [robot_2.robot_supervisor]: Selected controllable event: EV_approach_object
[INFO] [1789489786.951335725] [robot_2.robot_supervisor]: Selected controllable event: EV_approach_object
[INFO] [1789489787.241187276] [robot_2.robot_supervisor]: Triggered uncontrollable event: EV_obstacle_left
[INFO] [1789489787.242142504] [robot_2.robot_supervisor]: Selected controllable event: EV_rotate_clockwise
[INFO] [1789489787.443506492] [robot_2.robot_supervisor]: Triggered uncontrollable event: EV_obstacle_left
[INFO] [1789489787.465293924] [robot_2.robot_supervisor]: ############################# REACHED: EV_object_reached #############################
[INFO] [1789489787.466279633] [robot_2.robot_supervisor]: Selected controllable event: EV_u_turn
[INFO] [1789489787.467117430] [robot_2.robot_supervisor]: Starting FULL ROTATE (omega=1.000, have_odom=True, target_rad=3.142, timeout_s=3.500)
[INFO] [1789489791.026214145] [robot_2.robot_supervisor]: FULL ROTATE completed by timeout
[INFO] [1789489791.226988850] [robot_2.robot_supervisor]: Triggered uncontrollable event: EV_obstacle_right
[INFO] [1789489791.227691779] [robot_2.robot_supervisor]: ############################# REACHED: EV_object_reached #############################
[INFO] [1789489791.228634604] [robot_2.robot_supervisor]: Selected controllable event: EV_rotate_counterclockwise
[INFO] [1789489791.343655350] [robot_2.robot_supervisor]: Triggered uncontrollable event: EV_obstacle_right
[INFO] [1789489791.345641896] [robot_2.robot_supervisor]: Selected controllable event: EV_u_turn
[INFO] [1789489791.425828329] [robot_2.robot_supervisor]: Triggered uncontrollable event: EV_obstacle_right
[INFO] [1789489791.426701128] [robot_2.robot_supervisor]: Selected controllable event: EV_u_turn
[INFO] [1789489791.545442767] [robot_2.robot_supervisor]: Selected controllable event: EV_approach_color
[INFO] [1789489791.849309355] [robot_2.robot_supervisor]: ############################# REACHED: EV_object_reached #############################
[INFO] [1789489791.856997552] [robot_2.robot_supervisor]: Selected controllable event: EV_search_color
[INFO] [1789489792.030150224] [robot_2.robot_supervisor]: Selected controllable event: EV_approach_object
[INFO] [1789489792.231614068] [robot_2.robot_supervisor]: Selected controllable event: EV_search_object
[INFO] [1789489792.344488859] [robot_2.robot_supervisor]: Selected controllable event: EV_approach_object
[INFO] [1789489792.652716396] [robot_2.robot_supervisor]: ############################# REACHED: EV_object_reached #############################
[INFO] [1789489792.653699248] [robot_2.robot_supervisor]: Selected controllable event: EV_approach_color
[INFO] [1789489792.936043499] [robot_2.robot_supervisor]: Selected controllable event: EV_search_color
[INFO] [1789489793.163443057] [robot_2.robot_supervisor]: Selected controllable event: EV_search_color
[INFO] [1789489793.340195391] [robot_2.robot_supervisor]: Selected controllable event: EV_move_forward
[INFO] [1789489793.544446730] [robot_2.robot_supervisor]: ############################# VISIBLE: EV_object_visible #############################
[INFO] [1789489793.545330143] [robot_2.robot_supervisor]: Selected controllable event: EV_approach_color
[INFO] [1789489793.831670247] [robot_2.robot_supervisor]: Selected controllable event: EV_search_color
[INFO] [1789489794.028878452] [robot_2.robot_supervisor]: Selected controllable event: EV_approach_object
[INFO] [1789489794.245545780] [robot_2.robot_supervisor]: ############################# VISIBLE: EV_object_visible #############################
[INFO] [1789489794.252016822] [robot_2.robot_supervisor]: Selected controllable event: EV_search_color
[INFO] [1789489794.449832630] [robot_2.robot_supervisor]: Selected controllable event: EV_search_color
[INFO] [1789489794.640778657] [robot_2.robot_supervisor]: Selected controllable event: EV_move_forward
[INFO] [1789489794.931085683] [robot_2.robot_supervisor]: Selected controllable event: EV_move_forward
[INFO] [1789489795.167400046] [robot_2.robot_supervisor]: Selected controllable event: EV_approach_color
[INFO] [1789489795.437620302] [robot_2.robot_supervisor]: ############################# VISIBLE: EV_object_visible #############################
[INFO] [1789489795.438609151] [robot_2.robot_supervisor]: Selected controllable event: EV_search_object
[INFO] [1789489795.554357903] [robot_2.robot_supervisor]: Selected controllable event: EV_approach_object
[INFO] [1789489795.859813152] [robot_2.robot_supervisor]: Selected controllable event: EV_approach_object
[INFO] [1789489796.148529672] [robot_2.robot_supervisor]: Triggered uncontrollable event: EV_obstacle_left
[INFO] [1789489796.149291555] [robot_2.robot_supervisor]: ############################# VISIBLE: EV_object_visible #############################
[INFO] [1789489796.157464250] [robot_2.robot_supervisor]: Selected controllable event: EV_u_turn
[INFO] [1789489796.167906606] [robot_2.robot_supervisor]: Starting FULL ROTATE (omega=1.000, have_odom=True, target_rad=3.142, timeout_s=3.500)
[INFO] [1789489799.736846248] [robot_2.robot_supervisor]: FULL ROTATE completed by timeout
[INFO] [1789489799.955257146] [robot_2.robot_supervisor]: ############################# VISIBLE: EV_object_visible #############################
[INFO] [1789489799.956254696] [robot_2.robot_supervisor]: Selected controllable event: EV_approach_color
[INFO] [1789489800.235612550] [robot_2.robot_supervisor]: Selected controllable event: EV_search_object
[INFO] [1789489800.353528911] [robot_2.robot_supervisor]: Selected controllable event: EV_move_forward
[INFO] [1789489800.563786590] [robot_2.robot_supervisor]: Selected controllable event: EV_search_object
[INFO] [1789489800.731702797] [robot_2.robot_supervisor]: ############################# VISIBLE: EV_object_visible #############################
[INFO] [1789489800.738335340] [robot_2.robot_supervisor]: Selected controllable event: EV_search_color
[INFO] [1789489800.959377333] [robot_2.robot_supervisor]: Selected controllable event: EV_search_object
[INFO] [1789489801.147894915] [robot_2.robot_supervisor]: Selected controllable event: EV_search_color
[INFO] [1789489801.356912215] [robot_2.robot_supervisor]: Selected controllable event: EV_search_object
[INFO] [1789489801.545135725] [robot_2.robot_supervisor]: Selected controllable event: EV_approach_color
[INFO] [1789489801.845149371] [robot_2.robot_supervisor]: ############################# VISIBLE: EV_object_visible #############################
[INFO] [1789489801.855845460] [robot_2.robot_supervisor]: Selected controllable event: EV_search_color
[INFO] [1789489802.044761327] [robot_2.robot_supervisor]: Selected controllable event: EV_approach_color
[INFO] [1789489802.344509598] [robot_2.robot_supervisor]: Selected controllable event: EV_search_color
[INFO] [1789489802.571133267] [robot_2.robot_supervisor]: Selected controllable event: EV_move_forward
[INFO] [1789489802.831629725] [robot_2.robot_supervisor]: ############################# VISIBLE: EV_object_visible #############################
[INFO] [1789489802.840845180] [robot_2.robot_supervisor]: Selected controllable event: EV_approach_color
[INFO] [1789489803.070324029] [robot_2.robot_supervisor]: Selected controllable event: EV_move_forward
[INFO] [1789489803.355600148] [robot_2.robot_supervisor]: Selected controllable event: EV_approach_color
[INFO] [1789489803.571659891] [robot_2.robot_supervisor]: Triggered uncontrollable event: EV_obstacle_right
[INFO] [1789489803.572600022] [robot_2.robot_supervisor]: Selected controllable event: EV_u_turn
[INFO] [1789489803.588680120] [robot_2.robot_supervisor]: Starting FULL ROTATE (omega=1.000, have_odom=True, target_rad=3.142, timeout_s=3.500)
[INFO] [1789489807.145510640] [robot_2.robot_supervisor]: FULL ROTATE completed by timeout
[INFO] [1789489807.431559494] [robot_2.robot_supervisor]: Triggered uncontrollable event: EV_obstacle_right
[INFO] [1789489807.432205778] [robot_2.robot_supervisor]: ############################# REACHED: EV_object_reached #############################
[INFO] [1789489807.444413347] [robot_2.robot_supervisor]: Selected controllable event: EV_rotate_counterclockwise
[INFO] [1789489807.631949434] [robot_2.robot_supervisor]: Triggered uncontrollable event: EV_obstacle_right
[INFO] [1789489807.632799528] [robot_2.robot_supervisor]: Selected controllable event: EV_u_turn
[INFO] [1789489807.735105328] [robot_2.robot_supervisor]: Triggered uncontrollable event: EV_obstacle_right
[INFO] [1789489807.735994956] [robot_2.robot_supervisor]: Selected controllable event: EV_u_turn
[INFO] [1789489807.826193922] [robot_2.robot_supervisor]: Triggered uncontrollable event: EV_obstacle_right
[INFO] [1789489807.847574082] [robot_2.robot_supervisor]: Selected controllable event: EV_rotate_counterclockwise
[INFO] [1789489808.041273994] [robot_2.robot_supervisor]: Triggered uncontrollable event: EV_obstacle_right
[INFO] [1789489808.055211216] [robot_2.robot_supervisor]: Selected controllable event: EV_u_turn
[INFO] [1789489808.144484306] [robot_2.robot_supervisor]: Triggered uncontrollable event: EV_obstacle_right
[INFO] [1789489808.156111370] [robot_2.robot_supervisor]: Selected controllable event: EV_rotate_counterclockwise
[INFO] [1789489808.357723359] [robot_2.robot_supervisor]: Triggered uncontrollable event: EV_obstacle_right
[INFO] [1789489808.358618382] [robot_2.robot_supervisor]: Selected controllable event: EV_rotate_counterclockwise
[INFO] [1789489808.545953352] [robot_2.robot_supervisor]: ############################# REACHED: EV_object_reached #############################
[INFO] [1789489808.546768674] [robot_2.robot_supervisor]: Selected controllable event: EV_move_forward
[INFO] [1789489808.842364220] [robot_2.robot_supervisor]: Selected controllable event: EV_move_forward
[INFO] [1789489809.128239800] [robot_2.robot_supervisor]: Selected controllable event: EV_approach_object
[INFO] [1789489809.331522846] [robot_2.robot_supervisor]: ############################# VISIBLE: EV_object_visible #############################
[INFO] [1789489809.359182365] [robot_2.robot_supervisor]: Selected controllable event: EV_approach_color
[INFO] [1789489809.645144365] [robot_2.robot_supervisor]: Selected controllable event: EV_move_forward
[INFO] [1789489809.952758176] [robot_2.robot_supervisor]: Selected controllable event: EV_approach_color
[INFO] [1789489810.231487061] [robot_2.robot_supervisor]: ############################# VISIBLE: EV_object_visible #############################
[INFO] [1789489810.243548722] [robot_2.robot_supervisor]: Selected controllable event: EV_search_color
[INFO] [1789489810.445122196] [robot_2.robot_supervisor]: Selected controllable event: EV_move_forward
[INFO] [1789489810.774080711] [robot_2.robot_supervisor]: ############################# VISIBLE: EV_object_visible #############################
[INFO] [1789489810.777031705] [robot_2.robot_supervisor]: Selected controllable event: EV_approach_object
[INFO] [1789489811.041943648] [robot_2.robot_supervisor]: Selected controllable event: EV_approach_object
[INFO] [1789489811.343690283] [robot_2.robot_supervisor]: Selected controllable event: EV_search_color
[INFO] [1789489811.463326681] [robot_2.robot_supervisor]: Selected controllable event: EV_approach_object
[INFO] [1789489811.726603391] [robot_2.robot_supervisor]: ############################# VISIBLE: EV_object_visible #############################
[INFO] [1789489811.734251721] [robot_2.robot_supervisor]: Selected controllable event: EV_move_forward
[INFO] [1789489811.939700209] [robot_2.robot_supervisor]: Selected controllable event: EV_approach_color
[INFO] [1789489812.224618021] [robot_2.robot_supervisor]: Selected controllable event: EV_search_color
[INFO] [1789489812.339164004] [robot_2.robot_supervisor]: Selected controllable event: EV_search_color
[INFO] [1789489812.543330156] [robot_2.robot_supervisor]: ############################# VISIBLE: EV_object_visible #############################
[INFO] [1789489812.544261722] [robot_2.robot_supervisor]: Selected controllable event: EV_approach_color
[INFO] [1789489812.825250120] [robot_2.robot_supervisor]: Selected controllable event: EV_approach_object
[INFO] [1789489813.054266561] [robot_2.robot_supervisor]: Selected controllable event: EV_search_object
[INFO] [1789489813.246873083] [robot_2.robot_supervisor]: Selected controllable event: EV_search_color
[INFO] [1789489813.425924491] [robot_2.robot_supervisor]: Selected controllable event: EV_search_color
[INFO] [1789489813.546077816] [robot_2.robot_supervisor]: ############################# VISIBLE: EV_object_visible #############################
[INFO] [1789489813.548441189] [robot_2.robot_supervisor]: Selected controllable event: EV_approach_color
[INFO] [1789489813.841426684] [robot_2.robot_supervisor]: Selected controllable event: EV_approach_object
[INFO] [1789489814.135274978] [robot_2.robot_supervisor]: Selected controllable event: EV_search_object
[INFO] [1789489814.364731982] [robot_2.robot_supervisor]: ############################# VISIBLE: EV_object_visible #############################
[INFO] [1789489814.365733832] [robot_2.robot_supervisor]: Selected controllable event: EV_search_color
[INFO] [1789489814.545926833] [robot_2.robot_supervisor]: Selected controllable event: EV_approach_object
[INFO] [1789489814.843645806] [robot_2.robot_supervisor]: Selected controllable event: EV_search_color
[INFO] [1789489815.039769115] [robot_2.robot_supervisor]: Selected controllable event: EV_move_forward
[INFO] [1789489815.271213962] [robot_2.robot_supervisor]: ############################# VISIBLE: EV_object_visible #############################
[INFO] [1789489815.278801707] [robot_2.robot_supervisor]: Selected controllable event: EV_search_color
[INFO] [1789489815.445435808] [robot_2.robot_supervisor]: Selected controllable event: EV_search_color
[INFO] [1789489815.661122033] [robot_2.robot_supervisor]: Selected controllable event: EV_move_forward
[INFO] [1789489815.933183428] [robot_2.robot_supervisor]: Selected controllable event: EV_move_forward
[INFO] [1789489816.245793578] [robot_2.robot_supervisor]: ############################# REACHED: EV_object_reached #############################
[INFO] [1789489816.257629071] [robot_2.robot_supervisor]: Selected controllable event: EV_approach_object
[INFO] [1789489816.530219787] [robot_2.robot_supervisor]: Selected controllable event: EV_approach_object
[INFO] [1789489816.844070920] [robot_2.robot_supervisor]: Selected controllable event: EV_approach_object
[INFO] [1789489817.154958090] [robot_2.robot_supervisor]: Selected controllable event: EV_search_object
[INFO] [1789489817.341009101] [robot_2.robot_supervisor]: ############################# REACHED: EV_object_reached #############################
[INFO] [1789489817.353914412] [robot_2.robot_supervisor]: Selected controllable event: EV_move_forward
[INFO] [1789489817.648395743] [robot_2.robot_supervisor]: Selected controllable event: EV_move_forward
[INFO] [1789489817.959057365] [robot_2.robot_supervisor]: ############################# REACHED: EV_object_reached #############################
[INFO] [1789489817.960013809] [robot_2.robot_supervisor]: Selected controllable event: EV_move_forward
[INFO] [1789489818.248788358] [robot_2.robot_supervisor]: Selected controllable event: EV_approach_object
[INFO] [1789489818.559592822] [robot_2.robot_supervisor]: Selected controllable event: EV_approach_color
[INFO] [1789489818.846117893] [robot_2.robot_supervisor]: ############################# REACHED: EV_object_reached #############################
[INFO] [1789489818.867504162] [robot_2.robot_supervisor]: Selected controllable event: EV_search_color
[INFO] [1789489819.046781383] [robot_2.robot_supervisor]: Selected controllable event: EV_search_color
[INFO] [1789489819.240085036] [robot_2.robot_supervisor]: Selected controllable event: EV_search_color
[INFO] [1789489819.442310573] [robot_2.robot_supervisor]: Selected controllable event: EV_approach_color
[INFO] [1789489819.742612272] [robot_2.robot_supervisor]: ############################# REACHED: EV_object_reached #############################
[INFO] [1789489819.753666325] [robot_2.robot_supervisor]: Selected controllable event: EV_approach_object
[INFO] [1789489820.047449667] [robot_2.robot_supervisor]: Selected controllable event: EV_search_object
[INFO] [1789489820.149738698] [robot_2.robot_supervisor]: Selected controllable event: EV_approach_color
[INFO] [1789489820.475322334] [robot_2.robot_supervisor]: Triggered uncontrollable event: EV_obstacle_left
[INFO] [1789489820.480680824] [robot_2.robot_supervisor]: Selected controllable event: EV_rotate_clockwise
[INFO] [1789489820.650967579] [robot_2.robot_supervisor]: Triggered uncontrollable event: EV_obstacle_left
[INFO] [1789489820.651796404] [robot_2.robot_supervisor]: ############################# REACHED: EV_object_reached #############################
[INFO] [1789489820.672502670] [robot_2.robot_supervisor]: Selected controllable event: EV_u_turn
[INFO] [1789489820.673474291] [robot_2.robot_supervisor]: Starting FULL ROTATE (omega=1.000, have_odom=True, target_rad=3.142, timeout_s=3.500)
[INFO] [1789489824.238833310] [robot_2.robot_supervisor]: FULL ROTATE completed by timeout
[INFO] [1789489824.536994127] [robot_2.robot_supervisor]: Triggered uncontrollable event: EV_obstacle_right
[INFO] [1789489824.542071088] [robot_2.robot_supervisor]: ############################# REACHED: EV_object_reached #############################
[INFO] [1789489824.548455911] [robot_2.robot_supervisor]: Selected controllable event: EV_rotate_counterclockwise
[WARN] [1789489824.557143256] [robot_2.robot_supervisor]: no translation for 4.5s livelock detected; starting atomic escape (turn_sign=+1)
[INFO] [1789489827.050467737] [robot_2.robot_supervisor]: Zone-livelock escape completed
[INFO] [1789489827.359749223] [robot_2.robot_supervisor]: ############################# REACHED: EV_object_reached #############################
[INFO] [1789489827.360816315] [robot_2.robot_supervisor]: Selected controllable event: EV_search_object
[INFO] [1789489827.560055239] [robot_2.robot_supervisor]: Selected controllable event: EV_search_object
[INFO] [1789489827.743675619] [robot_2.robot_supervisor]: Selected controllable event: EV_search_object
[INFO] [1789489827.932309595] [robot_2.robot_supervisor]: Selected controllable event: EV_move_forward
[INFO] [1789489828.249427672] [robot_2.robot_supervisor]: ############################# REACHED: EV_object_reached #############################
[INFO] [1789489828.262260328] [robot_2.robot_supervisor]: Selected controllable event: EV_approach_object
[INFO] [1789489828.528267686] [robot_2.robot_supervisor]: Selected controllable event: EV_move_forward
[INFO] [1789489828.736636613] [robot_2.robot_supervisor]: Selected controllable event: EV_move_forward
[INFO] [1789489829.045984716] [robot_2.robot_supervisor]: ############################# REACHED: EV_object_reached #############################
[INFO] [1789489829.063415942] [robot_2.robot_supervisor]: Selected controllable event: EV_approach_object
[INFO] [1789489829.344885145] [robot_2.robot_supervisor]: Selected controllable event: EV_move_forward
[INFO] [1789489829.635816542] [robot_2.robot_supervisor]: Selected controllable event: EV_search_object
[INFO] [1789489829.746368959] [robot_2.robot_supervisor]: Selected controllable event: EV_search_object
[INFO] [1789489829.870675901] [robot_2.robot_supervisor]: Selected controllable event: EV_approach_object
[INFO] [1789489830.144532000] [robot_2.robot_supervisor]: ############################# VISIBLE: EV_object_visible #############################
[INFO] [1789489830.151998952] [robot_2.robot_supervisor]: Selected controllable event: EV_move_forward
[INFO] [1789489830.454028717] [robot_2.robot_supervisor]: Selected controllable event: EV_approach_object
[INFO] [1789489830.756721390] [robot_2.robot_supervisor]: Triggered uncontrollable event: EV_object_not_visible
[INFO] [1789489830.758973649] [robot_2.robot_supervisor]: Selected controllable event: EV_approach_color
[INFO] [1789489831.033224631] [robot_2.robot_supervisor]: Selected controllable event: EV_search_color
[INFO] [1789489831.231747091] [robot_2.robot_supervisor]: Selected controllable event: EV_search_color
[INFO] [1789489831.427079816] [robot_2.robot_supervisor]: Triggered uncontrollable event: EV_object_not_visible
[INFO] [1789489831.442615318] [robot_2.robot_supervisor]: Selected controllable event: EV_approach_object
[INFO] [1789489831.726363137] [robot_2.robot_supervisor]: Selected controllable event: EV_approach_color
[INFO] [1789489832.041360119] [robot_2.robot_supervisor]: Selected controllable event: EV_search_color
[INFO] [1789489832.254558703] [robot_2.robot_supervisor]: Selected controllable event: EV_search_object
[INFO] [1789489832.442544474] [robot_2.robot_supervisor]: Triggered uncontrollable event: EV_object_not_visible
[INFO] [1789489832.443477560] [robot_2.robot_supervisor]: Selected controllable event: EV_search_object
[INFO] [1789489832.642647420] [robot_2.robot_supervisor]: Selected controllable event: EV_search_object
[INFO] [1789489832.840431656] [robot_2.robot_supervisor]: Selected controllable event: EV_approach_object
[INFO] [1789489833.128422615] [robot_2.robot_supervisor]: Triggered uncontrollable event: EV_obstacle_right
[INFO] [1789489833.129436823] [robot_2.robot_supervisor]: Selected controllable event: EV_u_turn
[INFO] [1789489833.152463030] [robot_2.robot_supervisor]: Starting FULL ROTATE (omega=1.000, have_odom=True, target_rad=3.142, timeout_s=3.500)
[INFO] [1789489836.734516936] [robot_2.robot_supervisor]: FULL ROTATE completed by timeout
[INFO] [1789489836.942902548] [robot_2.robot_supervisor]: ############################# VISIBLE: EV_object_visible #############################
[INFO] [1789489836.947471514] [robot_2.robot_supervisor]: Selected controllable event: EV_search_object
[INFO] [1789489837.144135519] [robot_2.robot_supervisor]: Selected controllable event: EV_search_color
[INFO] [1789489837.345225922] [robot_2.robot_supervisor]: Selected controllable event: EV_search_object
[INFO] [1789489837.532843537] [robot_2.robot_supervisor]: ############################# VISIBLE: EV_object_visible #############################
[INFO] [1789489837.537704978] [robot_2.robot_supervisor]: Selected controllable event: EV_search_object
[INFO] [1789489837.726583589] [robot_2.robot_supervisor]: Selected controllable event: EV_move_forward
[INFO] [1789489837.940623989] [robot_2.robot_supervisor]: Selected controllable event: EV_search_object
[INFO] [1789489838.056103427] [robot_2.robot_supervisor]: Selected controllable event: EV_approach_object
[INFO] [1789489838.334642458] [robot_2.robot_supervisor]: ############################# VISIBLE: EV_object_visible #############################
[INFO] [1789489838.337728649] [robot_2.robot_supervisor]: Selected controllable event: EV_approach_color
[INFO] [1789489838.635787062] [robot_2.robot_supervisor]: Selected controllable event: EV_search_color
[INFO] [1789489838.741279983] [robot_2.robot_supervisor]: Selected controllable event: EV_move_forward
[INFO] [1789489839.025346221] [robot_2.robot_supervisor]: ############################# VISIBLE: EV_object_visible #############################
[INFO] [1789489839.041859592] [robot_2.robot_supervisor]: Selected controllable event: EV_approach_object
[INFO] [1789489839.330370658] [robot_2.robot_supervisor]: Selected controllable event: EV_search_object
[INFO] [1789489839.541048738] [robot_2.robot_supervisor]: Selected controllable event: EV_search_object
[INFO] [1789489839.724590211] [robot_2.robot_supervisor]: Selected controllable event: EV_move_forward
[INFO] [1789489839.942473682] [robot_2.robot_supervisor]: ############################# VISIBLE: EV_object_visible #############################
[INFO] [1789489839.951277103] [robot_2.robot_supervisor]: Selected controllable event: EV_move_forward
[INFO] [1789489840.230646593] [robot_2.robot_supervisor]: Selected controllable event: EV_move_forward
[INFO] [1789489840.436507278] [robot_2.robot_supervisor]: Selected controllable event: EV_move_forward
[INFO] [1789489840.647560455] [robot_2.robot_supervisor]: ############################# REACHED: EV_object_reached #############################
[INFO] [1789489840.648441177] [robot_2.robot_supervisor]: Selected controllable event: EV_approach_color
[INFO] [1789489840.945269096] [robot_2.robot_supervisor]: Selected controllable event: EV_search_color
[INFO] [1789489841.131372292] [robot_2.robot_supervisor]: Triggered uncontrollable event: EV_obstacle_right
[INFO] [1789489841.151270882] [robot_2.robot_supervisor]: Selected controllable event: EV_rotate_counterclockwise
[INFO] [1789489841.335614105] [robot_2.robot_supervisor]: Triggered uncontrollable event: EV_obstacle_right
[INFO] [1789489841.336343529] [robot_2.robot_supervisor]: ############################# REACHED: EV_object_reached #############################
[INFO] [1789489841.354446525] [robot_2.robot_supervisor]: Selected controllable event: EV_rotate_counterclockwise
[INFO] [1789489841.525514960] [robot_2.robot_supervisor]: Triggered uncontrollable event: EV_obstacle_right
[INFO] [1789489841.526450672] [robot_2.robot_supervisor]: Selected controllable event: EV_rotate_counterclockwise
[INFO] [1789489841.740520991] [robot_2.robot_supervisor]: Triggered uncontrollable event: EV_obstacle_right
[INFO] [1789489841.754673825] [robot_2.robot_supervisor]: Selected controllable event: EV_rotate_counterclockwise
[INFO] [1789489841.947782515] [robot_2.robot_supervisor]: Triggered uncontrollable event: EV_obstacle_right
[INFO] [1789489841.948679861] [robot_2.robot_supervisor]: Selected controllable event: EV_rotate_counterclockwise
[INFO] [1789489842.140659846] [robot_2.robot_supervisor]: Triggered uncontrollable event: EV_obstacle_right
[INFO] [1789489842.141409884] [robot_2.robot_supervisor]: ############################# REACHED: EV_object_reached #############################
[INFO] [1789489842.158610666] [robot_2.robot_supervisor]: Selected controllable event: EV_u_turn
[INFO] [1789489842.161350503] [robot_2.robot_supervisor]: Starting FULL ROTATE (omega=1.000, have_odom=True, target_rad=3.142, timeout_s=3.500)
[INFO] [1789489845.728846693] [robot_2.robot_supervisor]: FULL ROTATE completed by timeout
[INFO] [1789489845.934445344] [robot_2.robot_supervisor]: ############################# REACHED: EV_object_reached #############################
[INFO] [1789489845.935325574] [robot_2.robot_supervisor]: Selected controllable event: EV_move_forward
[INFO] [1789489846.147474169] [robot_2.robot_supervisor]: ############################# REACHED: EV_object_reached #############################
[INFO] [1789489846.148524164] [robot_2.robot_supervisor]: Selected controllable event: EV_approach_object
[INFO] [1789489846.443026123] [robot_2.robot_supervisor]: Selected controllable event: EV_move_forward
[INFO] [1789489846.653749494] [robot_2.robot_supervisor]: Selected controllable event: EV_approach_color
[INFO] [1789489846.948331097] [robot_2.robot_supervisor]: ############################# REACHED: EV_object_reached #############################
[INFO] [1789489846.949162227] [robot_2.robot_supervisor]: Selected controllable event: EV_approach_color
[INFO] [1789489847.264247567] [robot_2.robot_supervisor]: Selected controllable event: EV_search_object
[INFO] [1789489847.443519043] [robot_2.robot_supervisor]: Selected controllable event: EV_approach_color
[INFO] [1789489847.741276477] [robot_2.robot_supervisor]: Selected controllable event: EV_search_object
[INFO] [1789489847.962636354] [robot_2.robot_supervisor]: ############################# VISIBLE: EV_object_visible #############################
[INFO] [1789489847.963632398] [robot_2.robot_supervisor]: Selected controllable event: EV_search_color
[INFO] [1789489848.146118040] [robot_2.robot_supervisor]: Selected controllable event: EV_search_object
[INFO] [1789489848.343744251] [robot_2.robot_supervisor]: Selected controllable event: EV_search_color
[INFO] [1789489848.536671823] [robot_2.robot_supervisor]: Selected controllable event: EV_approach_color
[INFO] [1789489848.738001911] [robot_2.robot_supervisor]: Triggered uncontrollable event: EV_object_not_visible
[INFO] [1789489848.755783857] [robot_2.robot_supervisor]: Selected controllable event: EV_move_forward
[INFO] [1789489849.037141640] [robot_2.robot_supervisor]: Selected controllable event: EV_approach_color
[INFO] [1789489849.354350044] [robot_2.robot_supervisor]: Selected controllable event: EV_move_forward
[INFO] [1789489849.657585000] [robot_2.robot_supervisor]: Triggered uncontrollable event: EV_obstacle_right
[INFO] [1789489849.658358069] [robot_2.robot_supervisor]: Triggered uncontrollable event: EV_object_not_visible
[INFO] [1789489849.677519375] [robot_2.robot_supervisor]: Selected controllable event: EV_rotate_counterclockwise
[INFO] [1789489849.848405292] [robot_2.robot_supervisor]: Triggered uncontrollable event: EV_obstacle_right
[INFO] [1789489849.849577067] [robot_2.robot_supervisor]: Selected controllable event: EV_rotate_counterclockwise
[INFO] [1789489850.051337758] [robot_2.robot_supervisor]: Triggered uncontrollable event: EV_obstacle_right
[INFO] [1789489850.061608910] [robot_2.robot_supervisor]: Selected controllable event: EV_u_turn
[INFO] [1789489850.070289536] [robot_2.robot_supervisor]: Starting FULL ROTATE (omega=1.000, have_odom=True, target_rad=3.142, timeout_s=3.500)
[INFO] [1789489853.649425485] [robot_2.robot_supervisor]: FULL ROTATE completed by timeout
[INFO] [1789489853.929117630] [robot_2.robot_supervisor]: ############################# VISIBLE: EV_object_visible #############################
[INFO] [1789489853.930112664] [robot_2.robot_supervisor]: Selected controllable event: EV_search_color
[INFO] [1789489854.052955495] [robot_2.robot_supervisor]: ############################# VISIBLE: EV_object_visible #############################
[INFO] [1789489854.072592049] [robot_2.robot_supervisor]: Selected controllable event: EV_move_forward
[INFO] [1789489854.341777337] [robot_2.robot_supervisor]: Selected controllable event: EV_approach_object
[INFO] [1789489854.624555985] [robot_2.robot_supervisor]: Selected controllable event: EV_search_object
[INFO] [1789489854.730076388] [robot_2.robot_supervisor]: Selected controllable event: EV_search_color
[INFO] [1789489854.854393652] [robot_2.robot_supervisor]: Selected controllable event: EV_move_forward
[INFO] [1789489855.143242338] [robot_2.robot_supervisor]: ############################# VISIBLE: EV_object_visible #############################
[INFO] [1789489855.144056605] [robot_2.robot_supervisor]: Selected controllable event: EV_approach_color
[INFO] [1789489855.456527966] [robot_2.robot_supervisor]: Selected controllable event: EV_move_forward
[INFO] [1789489855.776304907] [robot_2.robot_supervisor]: Selected controllable event: EV_move_forward
[INFO] [1789489856.030689208] [robot_2.robot_supervisor]: ############################# VISIBLE: EV_object_visible #############################
[INFO] [1789489856.047156259] [robot_2.robot_supervisor]: Selected controllable event: EV_approach_color
[INFO] [1789489856.333793393] [robot_2.robot_supervisor]: Selected controllable event: EV_move_forward
[INFO] [1789489856.657109373] [robot_2.robot_supervisor]: Selected controllable event: EV_move_forward
[INFO] [1789489856.956991877] [robot_2.robot_supervisor]: ############################# VISIBLE: EV_object_visible #############################
[INFO] [1789489856.963267577] [robot_2.robot_supervisor]: Selected controllable event: EV_move_forward
[INFO] [1789489857.242275202] [robot_2.robot_supervisor]: Selected controllable event: EV_approach_color
[INFO] [1789489857.531805150] [robot_2.robot_supervisor]: Selected controllable event: EV_search_color
[INFO] [1789489857.737384525] [robot_2.robot_supervisor]: ############################# VISIBLE: EV_object_visible #############################
[INFO] [1789489857.761373539] [robot_2.robot_supervisor]: Selected controllable event: EV_approach_color
[INFO] [1789489858.030973835] [robot_2.robot_supervisor]: Selected controllable event: EV_approach_object
[INFO] [1789489858.241725441] [robot_2.robot_supervisor]: Selected controllable event: EV_search_color
[INFO] [1789489858.430748746] [robot_2.robot_supervisor]: Selected controllable event: EV_search_color
[INFO] [1789489858.654580544] [robot_2.robot_supervisor]: Selected controllable event: EV_approach_color
[INFO] [1789489858.934489267] [robot_2.robot_supervisor]: ############################# VISIBLE: EV_object_visible #############################
[INFO] [1789489858.944517616] [robot_2.robot_supervisor]: Selected controllable event: EV_search_object
[INFO] [1789489859.150225195] [robot_2.robot_supervisor]: Selected controllable event: EV_search_object
[INFO] [1789489859.347050955] [robot_2.robot_supervisor]: Selected controllable event: EV_approach_object
[INFO] [1789489859.651138812] [robot_2.robot_supervisor]: ############################# VISIBLE: EV_object_visible #############################
[INFO] [1789489859.662902741] [robot_2.robot_supervisor]: Selected controllable event: EV_approach_object
[INFO] [1789489859.936638405] [robot_2.robot_supervisor]: Selected controllable event: EV_approach_color
[INFO] [1789489860.260414405] [robot_2.robot_supervisor]: Selected controllable event: EV_search_color
[INFO] [1789489860.462544072] [robot_2.robot_supervisor]: Selected controllable event: EV_search_object
[INFO] [1789489860.643909772] [robot_2.robot_supervisor]: ############################# REACHED: EV_object_reached #############################
[INFO] [1789489860.652060840] [robot_2.robot_supervisor]: Selected controllable event: EV_approach_color
[INFO] [1789489860.869584462] [robot_2.robot_supervisor]: Selected controllable event: EV_approach_object
[INFO] [1789489861.133170237] [robot_2.robot_supervisor]: Selected controllable event: EV_approach_object
[INFO] [1789489861.352974323] [robot_2.robot_supervisor]: Selected controllable event: EV_approach_object
[INFO] [1789489861.652736132] [robot_2.robot_supervisor]: Triggered uncontrollable event: EV_obstacle_left
[INFO] [1789489861.653644158] [robot_2.robot_supervisor]: ############################# REACHED: EV_object_reached #############################
[INFO] [1789489861.654687868] [robot_2.robot_supervisor]: Selected controllable event: EV_rotate_clockwise
[INFO] [1789489861.827615501] [robot_2.robot_supervisor]: Triggered uncontrollable event: EV_obstacle_left
[INFO] [1789489861.844913062] [robot_2.robot_supervisor]: Selected controllable event: EV_rotate_clockwise
[INFO] [1789489862.043541782] [robot_2.robot_supervisor]: Triggered uncontrollable event: EV_obstacle_left
[INFO] [1789489862.045141185] [robot_2.robot_supervisor]: Selected controllable event: EV_u_turn
[INFO] [1789489862.046072796] [robot_2.robot_supervisor]: Starting FULL ROTATE (omega=1.000, have_odom=True, target_rad=3.142, timeout_s=3.500)
[INFO] [1789489865.631682790] [robot_2.robot_supervisor]: FULL ROTATE completed by timeout
[INFO] [1789489865.841821346] [robot_2.robot_supervisor]: Triggered uncontrollable event: EV_obstacle_front
[INFO] [1789489865.856336117] [robot_2.robot_supervisor]: ############################# REACHED: EV_object_reached #############################
[INFO] [1789489865.857777089] [robot_2.robot_supervisor]: Selected controllable event: EV_rotate_counterclockwise
[WARN] [1789489865.860606786] [robot_2.robot_supervisor]: no translation for 4.7s livelock detected; starting atomic escape (turn_sign=+1)
[INFO] [1789489868.466003530] [robot_2.robot_supervisor]: Zone-livelock escape completed
[INFO] [1789489868.655161600] [robot_2.robot_supervisor]: ############################# REACHED: EV_object_reached #############################
[INFO] [1789489868.674377170] [robot_2.robot_supervisor]: Selected controllable event: EV_search_color
[INFO] [1789489868.839742186] [robot_2.robot_supervisor]: ############################# REACHED: EV_object_reached #############################
[INFO] [1789489868.840716314] [robot_2.robot_supervisor]: Selected controllable event: EV_approach_object
[INFO] [1789489869.065389775] [robot_2.robot_supervisor]: Selected controllable event: EV_search_color
[INFO] [1789489869.228417115] [robot_2.robot_supervisor]: Selected controllable event: EV_approach_color
[INFO] [1789489869.473837956] [robot_2.robot_supervisor]: Selected controllable event: EV_approach_object
[INFO] [1789489869.762241640] [robot_2.robot_supervisor]: ############################# REACHED: EV_object_reached #############################
[INFO] [1789489869.763219757] [robot_2.robot_supervisor]: Selected controllable event: EV_approach_color
[INFO] [1789489870.061586031] [robot_2.robot_supervisor]: Selected controllable event: EV_search_object
[INFO] [1789489870.252933348] [robot_2.robot_supervisor]: Selected controllable event: EV_search_object
[INFO] [1789489870.446797506] [robot_2.robot_supervisor]: ############################# REACHED: EV_object_reached #############################
[INFO] [1789489870.460470595] [robot_2.robot_supervisor]: Selected controllable event: EV_approach_color
[INFO] [1789489870.744816505] [robot_2.robot_supervisor]: Selected controllable event: EV_move_forward
[INFO] [1789489871.060604110] [robot_2.robot_supervisor]: Selected controllable event: EV_search_object
[INFO] [1789489871.238214218] [robot_2.robot_supervisor]: ############################# VISIBLE: EV_object_visible #############################
[INFO] [1789489871.239258788] [robot_2.robot_supervisor]: Selected controllable event: EV_approach_object
[INFO] [1789489871.535364283] [robot_2.robot_supervisor]: Selected controllable event: EV_approach_object
[INFO] [1789489871.746426373] [robot_2.robot_supervisor]: Selected controllable event: EV_search_object
[INFO] [1789489871.957721168] [robot_2.robot_supervisor]: Selected controllable event: EV_approach_object
[INFO] [1789489872.233789779] [robot_2.robot_supervisor]: ############################# VISIBLE: EV_object_visible #############################
[INFO] [1789489872.243030987] [robot_2.robot_supervisor]: Selected controllable event: EV_search_object
[INFO] [1789489872.445723470] [robot_2.robot_supervisor]: Selected controllable event: EV_search_color
[INFO] [1789489872.628641592] [robot_2.robot_supervisor]: Selected controllable event: EV_approach_color
[INFO] [1789489872.850167005] [robot_2.robot_supervisor]: Selected controllable event: EV_approach_color
[INFO] [1789489873.149271874] [robot_2.robot_supervisor]: Triggered uncontrollable event: EV_object_not_visible
[INFO] [1789489873.150464136] [robot_2.robot_supervisor]: Selected controllable event: EV_move_forward
[INFO] [1789489873.430864687] [robot_2.robot_supervisor]: Selected controllable event: EV_search_object
[INFO] [1789489873.553798267] [robot_2.robot_supervisor]: Selected controllable event: EV_approach_object
[INFO] [1789489873.833496471] [robot_2.robot_supervisor]: Selected controllable event: EV_move_forward
[INFO] [1789489874.039938639] [robot_2.robot_supervisor]: Triggered uncontrollable event: EV_object_not_visible
[INFO] [1789489874.040833490] [robot_2.robot_supervisor]: Selected controllable event: EV_move_forward
[INFO] [1789489874.333897620] [robot_2.robot_supervisor]: Selected controllable event: EV_approach_object
[INFO] [1789489874.536055824] [robot_2.robot_supervisor]: Selected controllable event: EV_approach_color
[INFO] [1789489874.841790123] [robot_2.robot_supervisor]: Triggered uncontrollable event: EV_object_not_visible
[INFO] [1789489874.848236311] [robot_2.robot_supervisor]: Selected controllable event: EV_approach_object
[INFO] [1789489875.136321956] [robot_2.robot_supervisor]: Selected controllable event: EV_search_color
[INFO] [1789489875.354627655] [robot_2.robot_supervisor]: Selected controllable event: EV_search_color
[INFO] [1789489875.541057976] [robot_2.robot_supervisor]: Triggered uncontrollable event: EV_object_not_visible
[INFO] [1789489875.557237187] [robot_2.robot_supervisor]: Selected controllable event: EV_approach_object
[INFO] [1789489875.837052410] [robot_2.robot_supervisor]: Selected controllable event: EV_search_color
[INFO] [1789489876.051882406] [robot_2.robot_supervisor]: Selected controllable event: EV_search_color
[INFO] [1789489876.246464349] [robot_2.robot_supervisor]: Triggered uncontrollable event: EV_obstacle_right
[INFO] [1789489876.264891239] [robot_2.robot_supervisor]: Selected controllable event: EV_rotate_counterclockwise
[INFO] [1789489876.441482780] [robot_2.robot_supervisor]: Triggered uncontrollable event: EV_obstacle_right
[INFO] [1789489876.442226693] [robot_2.robot_supervisor]: Triggered uncontrollable event: EV_object_not_visible
[INFO] [1789489876.442979553] [robot_2.robot_supervisor]: Selected controllable event: EV_u_turn
[INFO] [1789489876.443650360] [robot_2.robot_supervisor]: Starting FULL ROTATE (omega=1.000, have_odom=True, target_rad=3.142, timeout_s=3.500)
[INFO] [1789489879.959484043] [robot_2.robot_supervisor]: FULL ROTATE completed by timeout
[INFO] [1789489880.247796978] [robot_2.robot_supervisor]: ############################# VISIBLE: EV_object_visible #############################
[INFO] [1789489880.248762651] [robot_2.robot_supervisor]: Selected controllable event: EV_search_object
[INFO] [1789489880.460055188] [robot_2.robot_supervisor]: ############################# VISIBLE: EV_object_visible #############################
[INFO] [1789489880.460956205] [robot_2.robot_supervisor]: Selected controllable event: EV_approach_object
[INFO] [1789489880.744658042] [robot_2.robot_supervisor]: Selected controllable event: EV_approach_object
[INFO] [1789489881.048093976] [robot_2.robot_supervisor]: ############################# VISIBLE: EV_object_visible #############################
[INFO] [1789489881.071296404] [robot_2.robot_supervisor]: Selected controllable event: EV_move_forward
[INFO] [1789489881.335117021] [robot_2.robot_supervisor]: Selected controllable event: EV_search_color
[INFO] [1789489881.442871776] [robot_2.robot_supervisor]: Selected controllable event: EV_move_forward
[INFO] [1789489881.726031524] [robot_2.robot_supervisor]: Selected controllable event: EV_move_forward
[INFO] [1789489882.036262180] [robot_2.robot_supervisor]: ############################# VISIBLE: EV_object_visible #############################
[INFO] [1789489882.047010442] [robot_2.robot_supervisor]: Selected controllable event: EV_approach_object
[INFO] [1789489882.327833465] [robot_2.robot_supervisor]: Selected controllable event: EV_approach_color
[INFO] [1789489882.530518424] [robot_2.robot_supervisor]: Selected controllable event: EV_approach_color
[INFO] [1789489882.828229583] [robot_2.robot_supervisor]: ############################# VISIBLE: EV_object_visible #############################
[INFO] [1789489882.829084164] [robot_2.robot_supervisor]: Selected controllable event: EV_search_object
[INFO] [1789489882.930676741] [robot_2.robot_supervisor]: Selected controllable event: EV_approach_object
[INFO] [1789489883.133304715] [robot_2.robot_supervisor]: Selected controllable event: EV_move_forward
[INFO] [1789489883.427681690] [robot_2.robot_supervisor]: ############################# VISIBLE: EV_object_visible #############################
[INFO] [1789489883.428520469] [robot_2.robot_supervisor]: Selected controllable event: EV_move_forward
[INFO] [1789489883.734586247] [robot_2.robot_supervisor]: Selected controllable event: EV_search_object
[INFO] [1789489883.943029239] [robot_2.robot_supervisor]: Selected controllable event: EV_search_color
[INFO] [1789489884.139346455] [robot_2.robot_supervisor]: ############################# VISIBLE: EV_object_visible #############################
[INFO] [1789489884.160259754] [robot_2.robot_supervisor]: Selected controllable event: EV_move_forward
[INFO] [1789489884.427863941] [robot_2.robot_supervisor]: Selected controllable event: EV_search_color
[INFO] [1789489884.547374097] [robot_2.robot_supervisor]: Selected controllable event: EV_approach_object
[INFO] [1789489884.848698803] [robot_2.robot_supervisor]: ############################# VISIBLE: EV_object_visible #############################
[INFO] [1789489884.855552832] [robot_2.robot_supervisor]: Selected controllable event: EV_move_forward
[INFO] [1789489885.138222084] [robot_2.robot_supervisor]: Selected controllable event: EV_move_forward
[INFO] [1789489885.447401620] [robot_2.robot_supervisor]: Selected controllable event: EV_approach_color
[INFO] [1789489885.746408890] [robot_2.robot_supervisor]: ############################# VISIBLE: EV_object_visible #############################
[INFO] [1789489885.759770648] [robot_2.robot_supervisor]: Selected controllable event: EV_search_color
[INFO] [1789489885.926086853] [robot_2.robot_supervisor]: Selected controllable event: EV_search_object
[INFO] [1789489886.048753524] [robot_2.robot_supervisor]: Selected controllable event: EV_approach_color
[INFO] [1789489886.326614751] [robot_2.robot_supervisor]: ############################# VISIBLE: EV_object_visible #############################
[INFO] [1789489886.332991387] [robot_2.robot_supervisor]: Selected controllable event: EV_search_color
[INFO] [1789489886.544533458] [robot_2.robot_supervisor]: Selected controllable event: EV_approach_color
[INFO] [1789489886.845077224] [robot_2.robot_supervisor]: Selected controllable event: EV_approach_color
[INFO] [1789489887.130373810] [robot_2.robot_supervisor]: ############################# REACHED: EV_object_reached #############################
[INFO] [1789489887.144326645] [robot_2.robot_supervisor]: Selected controllable event: EV_search_color
[INFO] [1789489887.256911652] [robot_2.robot_supervisor]: Selected controllable event: EV_search_color
[INFO] [1789489887.439595326] [robot_2.robot_supervisor]: Selected controllable event: EV_search_color
[INFO] [1789489887.673071854] [robot_2.robot_supervisor]: Selected controllable event: EV_move_forward
[INFO] [1789489887.950655084] [robot_2.robot_supervisor]: Triggered uncontrollable event: EV_obstacle_right
[INFO] [1789489887.951439530] [robot_2.robot_supervisor]: ############################# REACHED: EV_object_reached #############################
[INFO] [1789489887.968804834] [robot_2.robot_supervisor]: Selected controllable event: EV_rotate_counterclockwise
[INFO] [1789489888.131745273] [robot_2.robot_supervisor]: Triggered uncontrollable event: EV_obstacle_right
[INFO] [1789489888.156477099] [robot_2.robot_supervisor]: Selected controllable event: EV_u_turn
[INFO] [1789489888.165310947] [robot_2.robot_supervisor]: Starting FULL ROTATE (omega=1.000, have_odom=True, target_rad=3.142, timeout_s=3.500)
[INFO] [1789489891.739796119] [robot_2.robot_supervisor]: FULL ROTATE completed by timeout
[INFO] [1789489892.046242642] [robot_2.robot_supervisor]: ############################# REACHED: EV_object_reached #############################
[INFO] [1789489892.047190743] [robot_2.robot_supervisor]: Selected controllable event: EV_search_object
[INFO] [1789489892.223812504] [robot_2.robot_supervisor]: Selected controllable event: EV_search_color
[INFO] [1789489892.427320677] [robot_2.robot_supervisor]: Selected controllable event: EV_approach_object
[INFO] [1789489892.732500494] [robot_2.robot_supervisor]: ############################# REACHED: EV_object_reached #############################
[INFO] [1789489892.742841351] [robot_2.robot_supervisor]: Selected controllable event: EV_approach_object
[INFO] [1789489893.034772084] [robot_2.robot_supervisor]: Selected controllable event: EV_search_object
[INFO] [1789489893.235896829] [robot_2.robot_supervisor]: ############################# REACHED: EV_object_reached #############################
[INFO] [1789489893.236968695] [robot_2.robot_supervisor]: Selected controllable event: EV_approach_object
[INFO] [1789489893.547864210] [robot_2.robot_supervisor]: Selected controllable event: EV_search_color
[INFO] [1789489893.743914765] [robot_2.robot_supervisor]: Selected controllable event: EV_move_forward
[INFO] [1789489894.027732122] [robot_2.robot_supervisor]: ############################# VISIBLE: EV_object_visible #############################
[INFO] [1789489894.028598947] [robot_2.robot_supervisor]: Selected controllable event: EV_search_color
[INFO] [1789489894.249672946] [robot_2.robot_supervisor]: Selected controllable event: EV_approach_object
[INFO] [1789489894.537789311] [robot_2.robot_supervisor]: Selected controllable event: EV_approach_object
[INFO] [1789489894.844773084] [robot_2.robot_supervisor]: ############################# VISIBLE: EV_object_visible #############################
[INFO] [1789489894.845830348] [robot_2.robot_supervisor]: Selected controllable event: EV_move_forward
[INFO] [1789489895.140807294] [robot_2.robot_supervisor]: Selected controllable event: EV_approach_color
[INFO] [1789489895.453641081] [robot_2.robot_supervisor]: Selected controllable event: EV_search_color
[INFO] [1789489895.677474735] [robot_2.robot_supervisor]: Selected controllable event: EV_search_object
[INFO] [1789489895.829398641] [robot_2.robot_supervisor]: ############################# VISIBLE: EV_object_visible #############################
[INFO] [1789489895.834237726] [robot_2.robot_supervisor]: Selected controllable event: EV_approach_color
[INFO] [1789489896.134149123] [robot_2.robot_supervisor]: Selected controllable event: EV_search_object
[INFO] [1789489896.253232146] [robot_2.robot_supervisor]: Selected controllable event: EV_search_color
[INFO] [1789489896.438318175] [robot_2.robot_supervisor]: Selected controllable event: EV_search_object
[INFO] [1789489896.635564119] [robot_2.robot_supervisor]: Selected controllable event: EV_search_object
[INFO] [1789489896.832920559] [robot_2.robot_supervisor]: ############################# VISIBLE: EV_object_visible #############################
[INFO] [1789489896.833964033] [robot_2.robot_supervisor]: Selected controllable event: EV_move_forward
[INFO] [1789489897.134331876] [robot_2.robot_supervisor]: Selected controllable event: EV_move_forward
[INFO] [1789489897.431818081] [robot_2.robot_supervisor]: Selected controllable event: EV_approach_object
[INFO] [1789489897.651738735] [robot_2.robot_supervisor]: ############################# VISIBLE: EV_object_visible #############################
[INFO] [1789489897.672011678] [robot_2.robot_supervisor]: Selected controllable event: EV_move_forward
[INFO] [1789489897.956455617] [robot_2.robot_supervisor]: Selected controllable event: EV_approach_object
[INFO] [1789489898.233873006] [robot_2.robot_supervisor]: Selected controllable event: EV_search_color
[INFO] [1789489898.336672173] [robot_2.robot_supervisor]: Selected controllable event: EV_approach_color
[INFO] [1789489898.546719420] [robot_2.robot_supervisor]: ############################# VISIBLE: EV_object_visible #############################
[INFO] [1789489898.564926664] [robot_2.robot_supervisor]: Selected controllable event: EV_search_object
[INFO] [1789489898.759760127] [robot_2.robot_supervisor]: Selected controllable event: EV_approach_color
[INFO] [1789489899.042576646] [robot_2.robot_supervisor]: Selected controllable event: EV_search_object
[INFO] [1789489899.264437660] [robot_2.robot_supervisor]: ############################# VISIBLE: EV_object_visible #############################
[INFO] [1789489899.265482662] [robot_2.robot_supervisor]: Selected controllable event: EV_search_color
[INFO] [1789489899.438438608] [robot_2.robot_supervisor]: Selected controllable event: EV_search_object
[INFO] [1789489899.625314573] [robot_2.robot_supervisor]: Selected controllable event: EV_search_color
[INFO] [1789489899.747563971] [robot_2.robot_supervisor]: Selected controllable event: EV_approach_color
[INFO] [1789489900.029480699] [robot_2.robot_supervisor]: ############################# VISIBLE: EV_object_visible #############################
[INFO] [1789489900.048019138] [robot_2.robot_supervisor]: Selected controllable event: EV_move_forward
[INFO] [1789489900.324000821] [robot_2.robot_supervisor]: Selected controllable event: EV_search_color
[INFO] [1789489900.429752653] [robot_2.robot_supervisor]: Selected controllable event: EV_search_object
[INFO] [1789489900.536378942] [robot_2.robot_supervisor]: Selected controllable event: EV_approach_color
[INFO] [1789489900.858593805] [robot_2.robot_supervisor]: ############################# VISIBLE: EV_object_visible #############################
[INFO] [1789489900.859535964] [robot_2.robot_supervisor]: Selected controllable event: EV_search_color
[INFO] [1789489901.033070093] [robot_2.robot_supervisor]: Selected controllable event: EV_move_forward
[INFO] [1789489901.342788363] [robot_2.robot_supervisor]: Selected controllable event: EV_approach_color
[INFO] [1789489901.668447340] [robot_2.robot_supervisor]: Selected controllable event: EV_search_object
[INFO] [1789489901.827392609] [robot_2.robot_supervisor]: ############################# VISIBLE: EV_object_visible #############################
[INFO] [1789489901.828227642] [robot_2.robot_supervisor]: Selected controllable event: EV_search_object
[INFO] [1789489901.957889729] [robot_2.robot_supervisor]: Selected controllable event: EV_approach_object
[INFO] [1789489902.238237089] [robot_2.robot_supervisor]: Selected controllable event: EV_search_object
[INFO] [1789489902.462425389] [robot_2.robot_supervisor]: ############################# VISIBLE: EV_object_visible #############################
[INFO] [1789489902.468043730] [robot_2.robot_supervisor]: Selected controllable event: EV_move_forward
[INFO] [1789489902.758074816] [robot_2.robot_supervisor]: Selected controllable event: EV_move_forward
[INFO] [1789489903.043274173] [robot_2.robot_supervisor]: ############################# VISIBLE: EV_object_visible #############################
[INFO] [1789489903.063783457] [robot_2.robot_supervisor]: Selected controllable event: EV_move_forward
[INFO] [1789489903.336457087] [robot_2.robot_supervisor]: Selected controllable event: EV_approach_object
[INFO] [1789489903.548377217] [robot_2.robot_supervisor]: Selected controllable event: EV_search_color
[INFO] [1789489903.724182853] [robot_2.robot_supervisor]: Selected controllable event: EV_move_forward
[INFO] [1789489903.943493909] [robot_2.robot_supervisor]: ############################# VISIBLE: EV_object_visible #############################
[INFO] [1789489903.962504525] [robot_2.robot_supervisor]: Selected controllable event: EV_move_forward
[INFO] [1789489904.237834406] [robot_2.robot_supervisor]: Selected controllable event: EV_search_color
[INFO] [1789489904.423931550] [robot_2.robot_supervisor]: Selected controllable event: EV_approach_color
[INFO] [1789489904.631772916] [robot_2.robot_supervisor]: Selected controllable event: EV_search_color
[INFO] [1789489904.853497572] [robot_2.robot_supervisor]: ############################# VISIBLE: EV_object_visible #############################
[INFO] [1789489904.854411989] [robot_2.robot_supervisor]: Selected controllable event: EV_search_object
[INFO] [1789489905.050264279] [robot_2.robot_supervisor]: Selected controllable event: EV_move_forward
[INFO] [1789489905.346778701] [robot_2.robot_supervisor]: Selected controllable event: EV_search_object
[INFO] [1789489905.525083194] [robot_2.robot_supervisor]: ############################# VISIBLE: EV_object_visible #############################
[INFO] [1789489905.526015603] [robot_2.robot_supervisor]: Selected controllable event: EV_search_color
[INFO] [1789489905.642191182] [robot_2.robot_supervisor]: Selected controllable event: EV_search_object
[INFO] [1789489905.834672582] [robot_2.robot_supervisor]: Selected controllable event: EV_move_forward
[INFO] [1789489906.039973740] [robot_2.robot_supervisor]: ############################# VISIBLE: EV_object_visible #############################
[INFO] [1789489906.056139547] [robot_2.robot_supervisor]: Selected controllable event: EV_search_object
[INFO] [1789489906.237844815] [robot_2.robot_supervisor]: Selected controllable event: EV_approach_color
[INFO] [1789489906.543022232] [robot_2.robot_supervisor]: Selected controllable event: EV_move_forward
[INFO] [1789489906.851522783] [robot_2.robot_supervisor]: ############################# VISIBLE: EV_object_visible #############################
[INFO] [1789489906.859696705] [robot_2.robot_supervisor]: Selected controllable event: EV_move_forward
[INFO] [1789489907.145882401] [robot_2.robot_supervisor]: Selected controllable event: EV_search_color
[INFO] [1789489907.339119011] [robot_2.robot_supervisor]: Selected controllable event: EV_move_forward
[INFO] [1789489907.624725317] [robot_2.robot_supervisor]: Triggered uncontrollable event: EV_obstacle_right
[INFO] [1789489907.625541790] [robot_2.robot_supervisor]: ############################# VISIBLE: EV_object_visible #############################
[INFO] [1789489907.651471064] [robot_2.robot_supervisor]: Selected controllable event: EV_u_turn
[INFO] [1789489907.652203847] [robot_2.robot_supervisor]: Starting FULL ROTATE (omega=1.000, have_odom=True, target_rad=3.142, timeout_s=3.500)
