[INFO] [1789489921.158808444] [robot_1.robot_supervisor]: Loaded initial mission 'balanced_delivery' from explicit YAML S_20260915_182327.yaml
[INFO] [1789489921.314810678] [robot_1.robot_supervisor]: Selected controllable event: EV_move_forward
[INFO] [1789489921.611356027] [robot_1.robot_supervisor]: Selected controllable event: EV_search_color
[INFO] [1789489921.809136666] [robot_1.robot_supervisor]: Selected controllable event: EV_approach_color
[INFO] [1789489922.116147198] [robot_1.robot_supervisor]: Selected controllable event: EV_search_object
[INFO] [1789489922.311963658] [robot_1.robot_supervisor]: Selected controllable event: EV_search_object
[INFO] [1789489922.516499387] [robot_1.robot_supervisor]: Selected controllable event: EV_search_object
[INFO] [1789489922.628248247] [robot_1.robot_supervisor]: Selected controllable event: EV_approach_object
[INFO] [1789489922.912152131] [robot_1.robot_supervisor]: Selected controllable event: EV_move_forward
[INFO] [1789489923.146505861] [robot_1.robot_supervisor]: Selected controllable event: EV_search_object
[INFO] [1789489923.313297277] [robot_1.robot_supervisor]: Selected controllable event: EV_move_forward
[INFO] [1789489923.602927366] [robot_1.robot_supervisor]: Selected controllable event: EV_approach_color
[INFO] [1789489923.903178512] [robot_1.robot_supervisor]: Selected controllable event: EV_search_object
[INFO] [1789489924.102725534] [robot_1.robot_supervisor]: Selected controllable event: EV_move_forward
[INFO] [1789489924.403157483] [robot_1.robot_supervisor]: Selected controllable event: EV_approach_color
[INFO] [1789489924.703046340] [robot_1.robot_supervisor]: Selected controllable event: EV_approach_color
[INFO] [1789489925.003160261] [robot_1.robot_supervisor]: Selected controllable event: EV_approach_object
[INFO] [1789489925.302930147] [robot_1.robot_supervisor]: Selected controllable event: EV_search_color
[INFO] [1789489925.502684821] [robot_1.robot_supervisor]: Selected controllable event: EV_approach_object
[INFO] [1789489925.802864018] [robot_1.robot_supervisor]: Selected controllable event: EV_move_forward
[INFO] [1789489926.112801870] [robot_1.robot_supervisor]: Triggered uncontrollable event: EV_object_not_visible
[INFO] [1789489926.121816618] [robot_1.robot_supervisor]: Selected controllable event: EV_search_object
[INFO] [1789489926.311204227] [robot_1.robot_supervisor]: Selected controllable event: EV_approach_object
[INFO] [1789489926.514829008] [robot_1.robot_supervisor]: Selected controllable event: EV_approach_object
[INFO] [1789489926.817749452] [robot_1.robot_supervisor]: Triggered uncontrollable event: EV_object_not_visible
[INFO] [1789489926.818433425] [robot_1.robot_supervisor]: Selected controllable event: EV_search_object
[INFO] [1789489927.017167182] [robot_1.robot_supervisor]: Selected controllable event: EV_approach_object
[INFO] [1789489927.307666759] [robot_1.robot_supervisor]: Triggered uncontrollable event: EV_object_not_visible
[INFO] [1789489927.308669874] [robot_1.robot_supervisor]: Selected controllable event: EV_search_color
[INFO] [1789489927.421752118] [robot_1.robot_supervisor]: Selected controllable event: EV_approach_color
[INFO] [1789489927.722237170] [robot_1.robot_supervisor]: Selected controllable event: EV_search_object
[INFO] [1789489927.907620573] [robot_1.robot_supervisor]: Triggered uncontrollable event: EV_object_not_visible
[INFO] [1789489927.915820373] [robot_1.robot_supervisor]: Selected controllable event: EV_search_object
[INFO] [1789489928.105281028] [robot_1.robot_supervisor]: Selected controllable event: EV_approach_object
[INFO] [1789489928.315062753] [robot_1.robot_supervisor]: Selected controllable event: EV_approach_object
[INFO] [1789489928.610577275] [robot_1.robot_supervisor]: Triggered uncontrollable event: EV_object_not_visible
[INFO] [1789489928.611366935] [robot_1.robot_supervisor]: Selected controllable event: EV_approach_color
[INFO] [1789489928.912265172] [robot_1.robot_supervisor]: Selected controllable event: EV_approach_object
[INFO] [1789489929.216661871] [robot_1.robot_supervisor]: Triggered uncontrollable event: EV_obstacle_left
[INFO] [1789489929.220441868] [robot_1.robot_supervisor]: Triggered uncontrollable event: EV_object_not_visible
[INFO] [1789489929.221163997] [robot_1.robot_supervisor]: Selected controllable event: EV_rotate_clockwise
[INFO] [1789489929.403831116] [robot_1.robot_supervisor]: Triggered uncontrollable event: EV_obstacle_left
[INFO] [1789489929.414234795] [robot_1.robot_supervisor]: Selected controllable event: EV_rotate_clockwise
[INFO] [1789489929.606933681] [robot_1.robot_supervisor]: Triggered uncontrollable event: EV_obstacle_left
[INFO] [1789489929.615437685] [robot_1.robot_supervisor]: Triggered uncontrollable event: EV_object_not_visible
[INFO] [1789489929.616205840] [robot_1.robot_supervisor]: Selected controllable event: EV_u_turn
[INFO] [1789489929.616845177] [robot_1.robot_supervisor]: Starting FULL ROTATE (omega=1.000, have_odom=True, target_rad=3.142, timeout_s=3.500)
[INFO] [1789489933.215746547] [robot_1.robot_supervisor]: FULL ROTATE completed by timeout
[INFO] [1789489933.433407799] [robot_1.robot_supervisor]: Triggered uncontrollable event: EV_object_not_visible
[INFO] [1789489933.442502960] [robot_1.robot_supervisor]: Selected controllable event: EV_search_color
[INFO] [1789489933.605326647] [robot_1.robot_supervisor]: Selected controllable event: EV_approach_color
[INFO] [1789489933.920225059] [robot_1.robot_supervisor]: ############################# VISIBLE: EV_object_visible #############################
[INFO] [1789489933.923224726] [robot_1.robot_supervisor]: Selected controllable event: EV_approach_color
[INFO] [1789489934.216310461] [robot_1.robot_supervisor]: Selected controllable event: EV_approach_object
[INFO] [1789489934.509322424] [robot_1.robot_supervisor]: ############################# VISIBLE: EV_object_visible #############################
[INFO] [1789489934.510313153] [robot_1.robot_supervisor]: Selected controllable event: EV_search_color
[INFO] [1789489934.612300806] [robot_1.robot_supervisor]: Selected controllable event: EV_approach_color
[INFO] [1789489934.924470572] [robot_1.robot_supervisor]: Selected controllable event: EV_search_color
[INFO] [1789489935.103790341] [robot_1.robot_supervisor]: ############################# VISIBLE: EV_object_visible #############################
[INFO] [1789489935.116505644] [robot_1.robot_supervisor]: Selected controllable event: EV_move_forward
[INFO] [1789489935.409717661] [robot_1.robot_supervisor]: Selected controllable event: EV_approach_color
[INFO] [1789489935.620485893] [robot_1.robot_supervisor]: ############################# VISIBLE: EV_object_visible #############################
[INFO] [1789489935.621265667] [robot_1.robot_supervisor]: Selected controllable event: EV_search_color
[INFO] [1789489935.731285967] [robot_1.robot_supervisor]: Selected controllable event: EV_approach_color
[INFO] [1789489936.013818165] [robot_1.robot_supervisor]: Selected controllable event: EV_move_forward
[INFO] [1789489936.317338032] [robot_1.robot_supervisor]: ############################# REACHED: EV_object_reached #############################
[INFO] [1789489936.321207048] [robot_1.robot_supervisor]: Selected controllable event: EV_approach_color
[INFO] [1789489936.615855519] [robot_1.robot_supervisor]: Selected controllable event: EV_search_color
[INFO] [1789489936.810250716] [robot_1.robot_supervisor]: Triggered uncontrollable event: EV_obstacle_left
[INFO] [1789489936.810841109] [robot_1.robot_supervisor]: ############################# REACHED: EV_object_reached #############################
[INFO] [1789489936.811486222] [robot_1.robot_supervisor]: Selected controllable event: EV_u_turn
[INFO] [1789489936.812103615] [robot_1.robot_supervisor]: Starting FULL ROTATE (omega=1.000, have_odom=True, target_rad=3.142, timeout_s=3.500)
[INFO] [1789489940.414978765] [robot_1.robot_supervisor]: FULL ROTATE completed by timeout
[INFO] [1789489940.739711566] [robot_1.robot_supervisor]: ############################# REACHED: EV_object_reached #############################
[INFO] [1789489940.763373482] [robot_1.robot_supervisor]: Selected controllable event: EV_search_object
[INFO] [1789489940.914355912] [robot_1.robot_supervisor]: ############################# REACHED: EV_object_reached #############################
[INFO] [1789489940.923414407] [robot_1.robot_supervisor]: Selected controllable event: EV_move_forward
[INFO] [1789489941.203519868] [robot_1.robot_supervisor]: Selected controllable event: EV_move_forward
[INFO] [1789489941.412644608] [robot_1.robot_supervisor]: ############################# REACHED: EV_object_reached #############################
[INFO] [1789489941.418473077] [robot_1.robot_supervisor]: Selected controllable event: EV_approach_object
[INFO] [1789489941.712027488] [robot_1.robot_supervisor]: Selected controllable event: EV_search_color
[INFO] [1789489941.905090538] [robot_1.robot_supervisor]: ############################# REACHED: EV_object_reached #############################
[INFO] [1789489941.905780588] [robot_1.robot_supervisor]: Selected controllable event: EV_approach_object
[INFO] [1789489942.121240976] [robot_1.robot_supervisor]: Selected controllable event: EV_approach_color
[INFO] [1789489942.433202595] [robot_1.robot_supervisor]: Selected controllable event: EV_search_object
[INFO] [1789489942.620172057] [robot_1.robot_supervisor]: ############################# VISIBLE: EV_object_visible #############################
[INFO] [1789489942.627468210] [robot_1.robot_supervisor]: Selected controllable event: EV_approach_object
[INFO] [1789489942.905238105] [robot_1.robot_supervisor]: Selected controllable event: EV_search_color
[INFO] [1789489943.008518116] [robot_1.robot_supervisor]: ############################# VISIBLE: EV_object_visible #############################
[INFO] [1789489943.012077068] [robot_1.robot_supervisor]: Selected controllable event: EV_approach_color
[INFO] [1789489943.214588203] [robot_1.robot_supervisor]: Selected controllable event: EV_approach_color
[INFO] [1789489943.513245980] [robot_1.robot_supervisor]: Selected controllable event: EV_search_color
[INFO] [1789489943.644913761] [robot_1.robot_supervisor]: ############################# VISIBLE: EV_object_visible #############################
[INFO] [1789489943.645730804] [robot_1.robot_supervisor]: Selected controllable event: EV_search_color
[INFO] [1789489943.806939183] [robot_1.robot_supervisor]: Selected controllable event: EV_search_color
[INFO] [1789489943.919436979] [robot_1.robot_supervisor]: Selected controllable event: EV_search_color
[INFO] [1789489944.104981500] [robot_1.robot_supervisor]: Selected controllable event: EV_approach_object
[INFO] [1789489944.320430887] [robot_1.robot_supervisor]: ############################# VISIBLE: EV_object_visible #############################
[INFO] [1789489944.330254694] [robot_1.robot_supervisor]: Selected controllable event: EV_move_forward
[INFO] [1789489944.613797324] [robot_1.robot_supervisor]: Selected controllable event: EV_search_object
[INFO] [1789489944.813961222] [robot_1.robot_supervisor]: ############################# VISIBLE: EV_object_visible #############################
[INFO] [1789489944.818139473] [robot_1.robot_supervisor]: Selected controllable event: EV_search_object
[INFO] [1789489944.922069851] [robot_1.robot_supervisor]: Selected controllable event: EV_search_object
[INFO] [1789489945.031895733] [robot_1.robot_supervisor]: Selected controllable event: EV_move_forward
[INFO] [1789489945.307413243] [robot_1.robot_supervisor]: ############################# VISIBLE: EV_object_visible #############################
[INFO] [1789489945.308103700] [robot_1.robot_supervisor]: Selected controllable event: EV_search_color
[INFO] [1789489945.513102833] [robot_1.robot_supervisor]: Selected controllable event: EV_approach_color
[INFO] [1789489945.810165155] [robot_1.robot_supervisor]: ############################# VISIBLE: EV_object_visible #############################
[INFO] [1789489945.826712543] [robot_1.robot_supervisor]: Selected controllable event: EV_search_object
[INFO] [1789489946.004667223] [robot_1.robot_supervisor]: Selected controllable event: EV_search_object
[INFO] [1789489946.126967186] [robot_1.robot_supervisor]: Selected controllable event: EV_approach_object
[INFO] [1789489946.415600900] [robot_1.robot_supervisor]: ############################# VISIBLE: EV_object_visible #############################
[INFO] [1789489946.416363965] [robot_1.robot_supervisor]: Selected controllable event: EV_search_object
[INFO] [1789489946.603408635] [robot_1.robot_supervisor]: Selected controllable event: EV_move_forward
[INFO] [1789489946.806826114] [robot_1.robot_supervisor]: ############################# VISIBLE: EV_object_visible #############################
[INFO] [1789489946.807504346] [robot_1.robot_supervisor]: Selected controllable event: EV_approach_object
[INFO] [1789489947.110862077] [robot_1.robot_supervisor]: Selected controllable event: EV_search_color
[INFO] [1789489947.309599629] [robot_1.robot_supervisor]: Selected controllable event: EV_search_color
[INFO] [1789489947.421656535] [robot_1.robot_supervisor]: ############################# VISIBLE: EV_object_visible #############################
[INFO] [1789489947.422347076] [robot_1.robot_supervisor]: Selected controllable event: EV_approach_color
[INFO] [1789489947.704132587] [robot_1.robot_supervisor]: Selected controllable event: EV_approach_object
[INFO] [1789489947.906407717] [robot_1.robot_supervisor]: ############################# VISIBLE: EV_object_visible #############################
[INFO] [1789489947.907109232] [robot_1.robot_supervisor]: Selected controllable event: EV_move_forward
[INFO] [1789489948.207622106] [robot_1.robot_supervisor]: Selected controllable event: EV_approach_color
[INFO] [1789489948.507412586] [robot_1.robot_supervisor]: ############################# REACHED: EV_object_reached #############################
[INFO] [1789489948.508109810] [robot_1.robot_supervisor]: Selected controllable event: EV_search_object
[INFO] [1789489948.716737274] [robot_1.robot_supervisor]: Selected controllable event: EV_approach_object
[INFO] [1789489949.015406242] [robot_1.robot_supervisor]: ############################# REACHED: EV_object_reached #############################
[INFO] [1789489949.020960067] [robot_1.robot_supervisor]: Selected controllable event: EV_approach_object
[INFO] [1789489949.318618202] [robot_1.robot_supervisor]: Selected controllable event: EV_approach_color
[INFO] [1789489949.606816134] [robot_1.robot_supervisor]: ############################# REACHED: EV_object_reached #############################
[INFO] [1789489949.614481159] [robot_1.robot_supervisor]: Selected controllable event: EV_approach_object
[INFO] [1789489949.925436935] [robot_1.robot_supervisor]: Selected controllable event: EV_search_color
[INFO] [1789489950.109601710] [robot_1.robot_supervisor]: ############################# VISIBLE: EV_object_visible #############################
[INFO] [1789489950.111578673] [robot_1.robot_supervisor]: Selected controllable event: EV_search_object
[INFO] [1789489950.315724579] [robot_1.robot_supervisor]: Selected controllable event: EV_search_object
[INFO] [1789489950.507340671] [robot_1.robot_supervisor]: Selected controllable event: EV_approach_color
[INFO] [1789489950.721557562] [robot_1.robot_supervisor]: ############################# VISIBLE: EV_object_visible #############################
[INFO] [1789489950.726665467] [robot_1.robot_supervisor]: Selected controllable event: EV_move_forward
[INFO] [1789489951.015919172] [robot_1.robot_supervisor]: Selected controllable event: EV_approach_object
[INFO] [1789489951.306478640] [robot_1.robot_supervisor]: ############################# VISIBLE: EV_object_visible #############################
[INFO] [1789489951.310439183] [robot_1.robot_supervisor]: Selected controllable event: EV_search_object
[INFO] [1789489951.418963925] [robot_1.robot_supervisor]: Selected controllable event: EV_search_color
[INFO] [1789489951.608110611] [robot_1.robot_supervisor]: Selected controllable event: EV_approach_object
[INFO] [1789489951.908201131] [robot_1.robot_supervisor]: ############################# VISIBLE: EV_object_visible #############################
[INFO] [1789489951.908977451] [robot_1.robot_supervisor]: Selected controllable event: EV_approach_object
[INFO] [1789489952.112725395] [robot_1.robot_supervisor]: Selected controllable event: EV_approach_color
[INFO] [1789489952.417009771] [robot_1.robot_supervisor]: ############################# REACHED: EV_object_reached #############################
[INFO] [1789489952.417716819] [robot_1.robot_supervisor]: Selected controllable event: EV_search_color
[INFO] [1789489952.603516904] [robot_1.robot_supervisor]: Selected controllable event: EV_move_forward
[INFO] [1789489952.812591083] [robot_1.robot_supervisor]: ############################# VISIBLE: EV_object_visible #############################
[INFO] [1789489952.813319785] [robot_1.robot_supervisor]: Selected controllable event: EV_move_forward
[INFO] [1789489953.103110407] [robot_1.robot_supervisor]: Selected controllable event: EV_move_forward
[INFO] [1789489953.328790946] [robot_1.robot_supervisor]: Selected controllable event: EV_approach_color
[INFO] [1789489953.603573800] [robot_1.robot_supervisor]: ############################# VISIBLE: EV_object_visible #############################
[INFO] [1789489953.604240802] [robot_1.robot_supervisor]: Selected controllable event: EV_search_object
[INFO] [1789489953.720228847] [robot_1.robot_supervisor]: Selected controllable event: EV_approach_color
[INFO] [1789489954.017545568] [robot_1.robot_supervisor]: ############################# VISIBLE: EV_object_visible #############################
[INFO] [1789489954.018237150] [robot_1.robot_supervisor]: Selected controllable event: EV_approach_color
[INFO] [1789489954.321697312] [robot_1.robot_supervisor]: ############################# VISIBLE: EV_object_visible #############################
[INFO] [1789489954.340674465] [robot_1.robot_supervisor]: Selected controllable event: EV_approach_object
[INFO] [1789489954.621068796] [robot_1.robot_supervisor]: Selected controllable event: EV_search_color
[INFO] [1789489954.804800066] [robot_1.robot_supervisor]: Triggered uncontrollable event: EV_obstacle_right
[INFO] [1789489954.806363881] [robot_1.robot_supervisor]: ############################# REACHED: EV_object_reached #############################
[INFO] [1789489954.810173839] [robot_1.robot_supervisor]: Selected controllable event: EV_u_turn
[INFO] [1789489954.815769130] [robot_1.robot_supervisor]: Starting FULL ROTATE (omega=1.000, have_odom=True, target_rad=3.142, timeout_s=3.500)
[INFO] [1789489958.311911792] [robot_1.robot_supervisor]: FULL ROTATE completed by timeout
[INFO] [1789489958.605778836] [robot_1.robot_supervisor]: ############################# REACHED: EV_object_reached #############################
[INFO] [1789489958.608809863] [robot_1.robot_supervisor]: Selected controllable event: EV_move_forward
[INFO] [1789489958.833569825] [robot_1.robot_supervisor]: Selected controllable event: EV_approach_object
[INFO] [1789489959.111862743] [robot_1.robot_supervisor]: ############################# VISIBLE: EV_object_visible #############################
[INFO] [1789489959.112488296] [robot_1.robot_supervisor]: Selected controllable event: EV_search_color
[INFO] [1789489959.313313197] [robot_1.robot_supervisor]: Selected controllable event: EV_search_color
[INFO] [1789489959.508454023] [robot_1.robot_supervisor]: Selected controllable event: EV_search_object
[INFO] [1789489959.709381434] [robot_1.robot_supervisor]: ############################# VISIBLE: EV_object_visible #############################
[INFO] [1789489959.716815980] [robot_1.robot_supervisor]: Selected controllable event: EV_search_color
[INFO] [1789489959.916296841] [robot_1.robot_supervisor]: Selected controllable event: EV_move_forward
[INFO] [1789489960.206762055] [robot_1.robot_supervisor]: ############################# VISIBLE: EV_object_visible #############################
[INFO] [1789489960.207386380] [robot_1.robot_supervisor]: Selected controllable event: EV_search_color
[INFO] [1789489960.312999685] [robot_1.robot_supervisor]: Selected controllable event: EV_approach_object
[INFO] [1789489960.525644791] [robot_1.robot_supervisor]: Selected controllable event: EV_move_forward
[INFO] [1789489960.813966909] [robot_1.robot_supervisor]: ############################# VISIBLE: EV_object_visible #############################
[INFO] [1789489960.814621776] [robot_1.robot_supervisor]: Selected controllable event: EV_search_color
[INFO] [1789489961.010588535] [robot_1.robot_supervisor]: Selected controllable event: EV_search_object
[INFO] [1789489961.204486960] [robot_1.robot_supervisor]: Selected controllable event: EV_approach_object
[INFO] [1789489961.507153676] [robot_1.robot_supervisor]: ############################# VISIBLE: EV_object_visible #############################
[INFO] [1789489961.521123844] [robot_1.robot_supervisor]: Selected controllable event: EV_approach_color
[INFO] [1789489961.804201211] [robot_1.robot_supervisor]: Selected controllable event: EV_approach_object
[INFO] [1789489962.117680624] [robot_1.robot_supervisor]: ############################# VISIBLE: EV_object_visible #############################
[INFO] [1789489962.118391872] [robot_1.robot_supervisor]: Selected controllable event: EV_approach_color
[INFO] [1789489962.425305198] [robot_1.robot_supervisor]: Selected controllable event: EV_search_color
[INFO] [1789489962.612155784] [robot_1.robot_supervisor]: ############################# VISIBLE: EV_object_visible #############################
[INFO] [1789489962.614861710] [robot_1.robot_supervisor]: Selected controllable event: EV_approach_object
[INFO] [1789489962.922045444] [robot_1.robot_supervisor]: Selected controllable event: EV_approach_object
[INFO] [1789489963.212263223] [robot_1.robot_supervisor]: ############################# VISIBLE: EV_object_visible #############################
[INFO] [1789489963.213033290] [robot_1.robot_supervisor]: Selected controllable event: EV_search_object
[INFO] [1789489963.322519750] [robot_1.robot_supervisor]: Selected controllable event: EV_approach_color
[INFO] [1789489963.610315245] [robot_1.robot_supervisor]: ############################# VISIBLE: EV_object_visible #############################
[INFO] [1789489963.611028826] [robot_1.robot_supervisor]: Selected controllable event: EV_search_object
[INFO] [1789489963.809984048] [robot_1.robot_supervisor]: Selected controllable event: EV_move_forward
[INFO] [1789489964.106041638] [robot_1.robot_supervisor]: ############################# VISIBLE: EV_object_visible #############################
[INFO] [1789489964.108477539] [robot_1.robot_supervisor]: Selected controllable event: EV_approach_color
[INFO] [1789489964.404693608] [robot_1.robot_supervisor]: Selected controllable event: EV_search_object
[INFO] [1789489964.519410691] [robot_1.robot_supervisor]: Selected controllable event: EV_move_forward
[INFO] [1789489964.816033734] [robot_1.robot_supervisor]: ############################# VISIBLE: EV_object_visible #############################
[INFO] [1789489964.816748295] [robot_1.robot_supervisor]: Selected controllable event: EV_approach_object
[INFO] [1789489965.117048237] [robot_1.robot_supervisor]: Selected controllable event: EV_search_object
[INFO] [1789489965.316622329] [robot_1.robot_supervisor]: ############################# VISIBLE: EV_object_visible #############################
[INFO] [1789489965.327146595] [robot_1.robot_supervisor]: Selected controllable event: EV_move_forward
[INFO] [1789489965.619241269] [robot_1.robot_supervisor]: ############################# VISIBLE: EV_object_visible #############################
[INFO] [1789489965.619978182] [robot_1.robot_supervisor]: Selected controllable event: EV_search_object
[INFO] [1789489965.811043111] [robot_1.robot_supervisor]: Selected controllable event: EV_search_object
[INFO] [1789489966.010857562] [robot_1.robot_supervisor]: Selected controllable event: EV_search_color
[INFO] [1789489966.205446017] [robot_1.robot_supervisor]: Selected controllable event: EV_move_forward
[INFO] [1789489966.504257321] [robot_1.robot_supervisor]: ############################# VISIBLE: EV_object_visible #############################
[INFO] [1789489966.504996371] [robot_1.robot_supervisor]: Selected controllable event: EV_approach_color
[INFO] [1789489966.708629180] [robot_1.robot_supervisor]: Selected controllable event: EV_search_object
[INFO] [1789489966.817395710] [robot_1.robot_supervisor]: Selected controllable event: EV_search_color
[INFO] [1789489966.921547659] [robot_1.robot_supervisor]: Triggered uncontrollable event: EV_obstacle_front
[INFO] [1789489966.922066844] [robot_1.robot_supervisor]: ############################# VISIBLE: EV_object_visible #############################
[INFO] [1789489966.922722028] [robot_1.robot_supervisor]: Selected controllable event: EV_rotate_counterclockwise
[INFO] [1789489967.123220068] [robot_1.robot_supervisor]: Triggered uncontrollable event: EV_obstacle_front
[INFO] [1789489967.125353378] [robot_1.robot_supervisor]: Selected controllable event: EV_u_turn
[INFO] [1789489967.130420020] [robot_1.robot_supervisor]: Starting FULL ROTATE (omega=1.000, have_odom=True, target_rad=3.142, timeout_s=3.500)
[INFO] [1789489970.703013489] [robot_1.robot_supervisor]: FULL ROTATE completed by timeout
[INFO] [1789489970.908085936] [robot_1.robot_supervisor]: ############################# VISIBLE: EV_object_visible #############################
[INFO] [1789489970.908846198] [robot_1.robot_supervisor]: Selected controllable event: EV_search_color
[INFO] [1789489971.024384880] [robot_1.robot_supervisor]: Selected controllable event: EV_search_object
[INFO] [1789489971.240047042] [robot_1.robot_supervisor]: ############################# VISIBLE: EV_object_visible #############################
[INFO] [1789489971.240791213] [robot_1.robot_supervisor]: Selected controllable event: EV_search_object
[INFO] [1789489971.411616200] [robot_1.robot_supervisor]: Selected controllable event: EV_approach_object
[INFO] [1789489971.711455819] [robot_1.robot_supervisor]: ############################# VISIBLE: EV_object_visible #############################
[INFO] [1789489971.712220679] [robot_1.robot_supervisor]: Selected controllable event: EV_approach_object
[INFO] [1789489971.921512692] [robot_1.robot_supervisor]: Selected controllable event: EV_approach_color
[INFO] [1789489972.211068734] [robot_1.robot_supervisor]: ############################# VISIBLE: EV_object_visible #############################
[INFO] [1789489972.211790890] [robot_1.robot_supervisor]: Selected controllable event: EV_approach_color
[INFO] [1789489972.510466677] [robot_1.robot_supervisor]: Selected controllable event: EV_approach_color
[INFO] [1789489972.815555268] [robot_1.robot_supervisor]: ############################# VISIBLE: EV_object_visible #############################
[INFO] [1789489972.825133719] [robot_1.robot_supervisor]: Selected controllable event: EV_move_forward
[INFO] [1789489973.118243951] [robot_1.robot_supervisor]: Selected controllable event: EV_search_color
[INFO] [1789489973.308064967] [robot_1.robot_supervisor]: Selected controllable event: EV_move_forward
[INFO] [1789489973.515753894] [robot_1.robot_supervisor]: ############################# VISIBLE: EV_object_visible #############################
[INFO] [1789489973.516539205] [robot_1.robot_supervisor]: Selected controllable event: EV_search_color
[INFO] [1789489973.617784947] [robot_1.robot_supervisor]: Selected controllable event: EV_approach_object
[INFO] [1789489973.906236393] [robot_1.robot_supervisor]: Selected controllable event: EV_approach_color
[INFO] [1789489974.215706751] [robot_1.robot_supervisor]: ############################# VISIBLE: EV_object_visible #############################
[INFO] [1789489974.216471343] [robot_1.robot_supervisor]: Selected controllable event: EV_search_object
[INFO] [1789489974.318237514] [robot_1.robot_supervisor]: Selected controllable event: EV_search_object
[INFO] [1789489974.508616471] [robot_1.robot_supervisor]: Selected controllable event: EV_approach_color
[INFO] [1789489974.712720748] [robot_1.robot_supervisor]: ############################# VISIBLE: EV_object_visible #############################
[INFO] [1789489974.723506999] [robot_1.robot_supervisor]: Selected controllable event: EV_search_color
[INFO] [1789489974.909774611] [robot_1.robot_supervisor]: Selected controllable event: EV_move_forward
[INFO] [1789489975.206512951] [robot_1.robot_supervisor]: ############################# VISIBLE: EV_object_visible #############################
[INFO] [1789489975.211160704] [robot_1.robot_supervisor]: Selected controllable event: EV_search_object
[INFO] [1789489975.404388996] [robot_1.robot_supervisor]: Selected controllable event: EV_move_forward
[INFO] [1789489975.618172194] [robot_1.robot_supervisor]: Selected controllable event: EV_search_color
[INFO] [1789489975.807925383] [robot_1.robot_supervisor]: ############################# VISIBLE: EV_object_visible #############################
[INFO] [1789489975.808713784] [robot_1.robot_supervisor]: Selected controllable event: EV_move_forward
[INFO] [1789489976.012971360] [robot_1.robot_supervisor]: Selected controllable event: EV_search_object
[INFO] [1789489976.220010501] [robot_1.robot_supervisor]: Selected controllable event: EV_approach_color
[INFO] [1789489976.516567746] [robot_1.robot_supervisor]: ############################# VISIBLE: EV_object_visible #############################
[INFO] [1789489976.517303980] [robot_1.robot_supervisor]: Selected controllable event: EV_approach_object
[INFO] [1789489976.805554302] [robot_1.robot_supervisor]: Selected controllable event: EV_search_object
[INFO] [1789489976.912383240] [robot_1.robot_supervisor]: ############################# VISIBLE: EV_object_visible #############################
[INFO] [1789489976.913154703] [robot_1.robot_supervisor]: Selected controllable event: EV_move_forward
[INFO] [1789489977.208015987] [robot_1.robot_supervisor]: Selected controllable event: EV_approach_object
[INFO] [1789489977.510656024] [robot_1.robot_supervisor]: ############################# VISIBLE: EV_object_visible #############################
[INFO] [1789489977.512385266] [robot_1.robot_supervisor]: Selected controllable event: EV_search_object
[INFO] [1789489977.710142725] [robot_1.robot_supervisor]: Selected controllable event: EV_move_forward
[INFO] [1789489978.022402358] [robot_1.robot_supervisor]: ############################# VISIBLE: EV_object_visible #############################
[INFO] [1789489978.023077172] [robot_1.robot_supervisor]: Selected controllable event: EV_search_color
[INFO] [1789489978.125350736] [robot_1.robot_supervisor]: Selected controllable event: EV_approach_color
[INFO] [1789489978.408450796] [robot_1.robot_supervisor]: Selected controllable event: EV_search_object
[INFO] [1789489978.509929150] [robot_1.robot_supervisor]: Selected controllable event: EV_move_forward
[INFO] [1789489978.808121624] [robot_1.robot_supervisor]: ############################# VISIBLE: EV_object_visible #############################
[INFO] [1789489978.808838677] [robot_1.robot_supervisor]: Selected controllable event: EV_approach_color
[INFO] [1789489979.104480618] [robot_1.robot_supervisor]: ############################# VISIBLE: EV_object_visible #############################
[INFO] [1789489979.105267538] [robot_1.robot_supervisor]: Selected controllable event: EV_approach_object
[INFO] [1789489979.405545848] [robot_1.robot_supervisor]: Selected controllable event: EV_approach_color
[INFO] [1789489979.614688558] [robot_1.robot_supervisor]: ############################# VISIBLE: EV_object_visible #############################
[INFO] [1789489979.632230867] [robot_1.robot_supervisor]: Selected controllable event: EV_approach_color
[INFO] [1789489979.912244181] [robot_1.robot_supervisor]: Selected controllable event: EV_approach_color
[INFO] [1789489980.115342077] [robot_1.robot_supervisor]: Selected controllable event: EV_approach_color
[INFO] [1789489980.331045257] [robot_1.robot_supervisor]: ############################# VISIBLE: EV_object_visible #############################
[INFO] [1789489980.331673585] [robot_1.robot_supervisor]: Selected controllable event: EV_approach_object
[INFO] [1789489980.620978627] [robot_1.robot_supervisor]: Selected controllable event: EV_search_object
[INFO] [1789489980.807627965] [robot_1.robot_supervisor]: ############################# REACHED: EV_object_reached #############################
[INFO] [1789489980.808394282] [robot_1.robot_supervisor]: Selected controllable event: EV_search_object
[INFO] [1789489980.926039981] [robot_1.robot_supervisor]: Selected controllable event: EV_approach_object
[INFO] [1789489981.209104400] [robot_1.robot_supervisor]: Triggered uncontrollable event: EV_obstacle_front
[INFO] [1789489981.213494872] [robot_1.robot_supervisor]: ############################# REACHED: EV_object_reached #############################
[INFO] [1789489981.214134245] [robot_1.robot_supervisor]: Selected controllable event: EV_rotate_clockwise
[INFO] [1789489981.408350119] [robot_1.robot_supervisor]: Triggered uncontrollable event: EV_obstacle_front
[INFO] [1789489981.411314265] [robot_1.robot_supervisor]: Selected controllable event: EV_u_turn
[INFO] [1789489981.411925426] [robot_1.robot_supervisor]: Starting FULL ROTATE (omega=1.000, have_odom=True, target_rad=3.142, timeout_s=3.500)
[INFO] [1789489984.931843029] [robot_1.robot_supervisor]: FULL ROTATE completed by timeout
[INFO] [1789489985.220509272] [robot_1.robot_supervisor]: ############################# REACHED: EV_object_reached #############################
[INFO] [1789489985.226529492] [robot_1.robot_supervisor]: Selected controllable event: EV_search_color
[INFO] [1789489985.427403987] [robot_1.robot_supervisor]: Selected controllable event: EV_move_forward
[INFO] [1789489985.712266047] [robot_1.robot_supervisor]: ############################# REACHED: EV_object_reached #############################
[INFO] [1789489985.717337663] [robot_1.robot_supervisor]: Selected controllable event: EV_search_object
[INFO] [1789489985.905544438] [robot_1.robot_supervisor]: Selected controllable event: EV_approach_object
[INFO] [1789489986.217617485] [robot_1.robot_supervisor]: ############################# REACHED: EV_object_reached #############################
[INFO] [1789489986.218335195] [robot_1.robot_supervisor]: Selected controllable event: EV_search_object
[INFO] [1789489986.403999994] [robot_1.robot_supervisor]: Selected controllable event: EV_search_color
[INFO] [1789489986.611245987] [robot_1.robot_supervisor]: Selected controllable event: EV_search_object
[INFO] [1789489986.712800633] [robot_1.robot_supervisor]: Selected controllable event: EV_approach_object
[INFO] [1789489987.013593299] [robot_1.robot_supervisor]: ############################# REACHED: EV_object_reached #############################
[INFO] [1789489987.014334488] [robot_1.robot_supervisor]: Selected controllable event: EV_move_forward
[INFO] [1789489987.310655411] [robot_1.robot_supervisor]: ############################# REACHED: EV_object_reached #############################
[INFO] [1789489987.311383336] [robot_1.robot_supervisor]: Selected controllable event: EV_move_forward
[INFO] [1789489987.629091753] [robot_1.robot_supervisor]: Selected controllable event: EV_approach_color
[INFO] [1789489987.932226256] [robot_1.robot_supervisor]: Selected controllable event: EV_move_forward
[INFO] [1789489988.209405666] [robot_1.robot_supervisor]: ############################# VISIBLE: EV_object_visible #############################
[INFO] [1789489988.213547393] [robot_1.robot_supervisor]: Selected controllable event: EV_approach_object
[INFO] [1789489988.507417076] [robot_1.robot_supervisor]: ############################# VISIBLE: EV_object_visible #############################
[INFO] [1789489988.522609313] [robot_1.robot_supervisor]: Selected controllable event: EV_search_object
[INFO] [1789489988.719896816] [robot_1.robot_supervisor]: Selected controllable event: EV_search_object
[INFO] [1789489988.913496315] [robot_1.robot_supervisor]: Selected controllable event: EV_search_object
[INFO] [1789489989.017814006] [robot_1.robot_supervisor]: ############################# VISIBLE: EV_object_visible #############################
[INFO] [1789489989.018517002] [robot_1.robot_supervisor]: Selected controllable event: EV_search_object
[INFO] [1789489989.211519283] [robot_1.robot_supervisor]: Selected controllable event: EV_approach_object
[INFO] [1789489989.525542085] [robot_1.robot_supervisor]: Selected controllable event: EV_search_object
[INFO] [1789489989.722496801] [robot_1.robot_supervisor]: ############################# VISIBLE: EV_object_visible #############################
[INFO] [1789489989.723193723] [robot_1.robot_supervisor]: Selected controllable event: EV_approach_color
[INFO] [1789489990.009015783] [robot_1.robot_supervisor]: Selected controllable event: EV_search_object
[INFO] [1789489990.115062093] [robot_1.robot_supervisor]: ############################# VISIBLE: EV_object_visible #############################
[INFO] [1789489990.116672030] [robot_1.robot_supervisor]: Selected controllable event: EV_approach_color
[INFO] [1789489990.407119500] [robot_1.robot_supervisor]: Selected controllable event: EV_search_color
[INFO] [1789489990.521886535] [robot_1.robot_supervisor]: Selected controllable event: EV_approach_color
[INFO] [1789489990.807571894] [robot_1.robot_supervisor]: ############################# VISIBLE: EV_object_visible #############################
[INFO] [1789489990.809376106] [robot_1.robot_supervisor]: Selected controllable event: EV_search_color
[INFO] [1789489991.009858379] [robot_1.robot_supervisor]: Selected controllable event: EV_search_object
[INFO] [1789489991.218201624] [robot_1.robot_supervisor]: ############################# VISIBLE: EV_object_visible #############################
[INFO] [1789489991.218912728] [robot_1.robot_supervisor]: Selected controllable event: EV_approach_object
[INFO] [1789489991.512257463] [robot_1.robot_supervisor]: Selected controllable event: EV_search_color
[INFO] [1789489991.717194928] [robot_1.robot_supervisor]: Selected controllable event: EV_approach_object
[INFO] [1789489991.921651270] [robot_1.robot_supervisor]: ############################# VISIBLE: EV_object_visible #############################
[INFO] [1789489991.928457897] [robot_1.robot_supervisor]: Selected controllable event: EV_search_color
[INFO] [1789489992.113357607] [robot_1.robot_supervisor]: Selected controllable event: EV_approach_object
[INFO] [1789489992.319054200] [robot_1.robot_supervisor]: Selected controllable event: EV_move_forward
[INFO] [1789489992.628503829] [robot_1.robot_supervisor]: ############################# VISIBLE: EV_object_visible #############################
[INFO] [1789489992.629262741] [robot_1.robot_supervisor]: Selected controllable event: EV_search_object
[INFO] [1789489992.807243668] [robot_1.robot_supervisor]: Selected controllable event: EV_search_object
[INFO] [1789489992.910946366] [robot_1.robot_supervisor]: Selected controllable event: EV_search_color
[INFO] [1789489993.103990600] [robot_1.robot_supervisor]: ############################# VISIBLE: EV_object_visible #############################
[INFO] [1789489993.104741351] [robot_1.robot_supervisor]: Selected controllable event: EV_approach_object
[INFO] [1789489993.414341104] [robot_1.robot_supervisor]: Selected controllable event: EV_search_color
[INFO] [1789489993.538123399] [robot_1.robot_supervisor]: Selected controllable event: EV_move_forward
[INFO] [1789489993.813120054] [robot_1.robot_supervisor]: Triggered uncontrollable event: EV_obstacle_right
[INFO] [1789489993.813690079] [robot_1.robot_supervisor]: ############################# VISIBLE: EV_object_visible #############################
[INFO] [1789489993.814335202] [robot_1.robot_supervisor]: Selected controllable event: EV_rotate_counterclockwise
[INFO] [1789489994.018101929] [robot_1.robot_supervisor]: Triggered uncontrollable event: EV_obstacle_right
[INFO] [1789489994.023476655] [robot_1.robot_supervisor]: Selected controllable event: EV_rotate_counterclockwise
[INFO] [1789489994.220838536] [robot_1.robot_supervisor]: Triggered uncontrollable event: EV_obstacle_right
[INFO] [1789489994.222724036] [robot_1.robot_supervisor]: ############################# VISIBLE: EV_object_visible #############################
[INFO] [1789489994.224433552] [robot_1.robot_supervisor]: Selected controllable event: EV_u_turn
[INFO] [1789489994.225128590] [robot_1.robot_supervisor]: Starting FULL ROTATE (omega=1.000, have_odom=True, target_rad=3.142, timeout_s=3.500)
[INFO] [1789489997.822391890] [robot_1.robot_supervisor]: FULL ROTATE completed by timeout
[INFO] [1789489998.109184202] [robot_1.robot_supervisor]: ############################# VISIBLE: EV_object_visible #############################
[INFO] [1789489998.118295557] [robot_1.robot_supervisor]: Selected controllable event: EV_approach_object
[INFO] [1789489998.418828620] [robot_1.robot_supervisor]: ############################# VISIBLE: EV_object_visible #############################
[INFO] [1789489998.419589909] [robot_1.robot_supervisor]: Selected controllable event: EV_search_object
[INFO] [1789489998.616130014] [robot_1.robot_supervisor]: Selected controllable event: EV_approach_color
[INFO] [1789489998.915585994] [robot_1.robot_supervisor]: ############################# VISIBLE: EV_object_visible #############################
[INFO] [1789489998.922733819] [robot_1.robot_supervisor]: Selected controllable event: EV_search_object
[INFO] [1789489999.117713113] [robot_1.robot_supervisor]: Selected controllable event: EV_approach_object
[INFO] [1789489999.411152608] [robot_1.robot_supervisor]: Selected controllable event: EV_search_color
[INFO] [1789489999.528476728] [robot_1.robot_supervisor]: Selected controllable event: EV_approach_object
[INFO] [1789489999.828643803] [robot_1.robot_supervisor]: ############################# VISIBLE: EV_object_visible #############################
[INFO] [1789489999.829835897] [robot_1.robot_supervisor]: Selected controllable event: EV_approach_object
[INFO] [1789490000.112484488] [robot_1.robot_supervisor]: Selected controllable event: EV_approach_object
[INFO] [1789490000.314507703] [robot_1.robot_supervisor]: ############################# VISIBLE: EV_object_visible #############################
[INFO] [1789490000.319844866] [robot_1.robot_supervisor]: Selected controllable event: EV_move_forward
[INFO] [1789490000.609382386] [robot_1.robot_supervisor]: Selected controllable event: EV_approach_object
[INFO] [1789490000.911168140] [robot_1.robot_supervisor]: ############################# VISIBLE: EV_object_visible #############################
[INFO] [1789490000.920710058] [robot_1.robot_supervisor]: Selected controllable event: EV_search_object
[INFO] [1789490001.115485264] [robot_1.robot_supervisor]: Selected controllable event: EV_approach_object
[INFO] [1789490001.406028618] [robot_1.robot_supervisor]: Selected controllable event: EV_approach_object
[INFO] [1789490001.626136778] [robot_1.robot_supervisor]: Selected controllable event: EV_search_object
[INFO] [1789490001.812478826] [robot_1.robot_supervisor]: ############################# VISIBLE: EV_object_visible #############################
[INFO] [1789490001.813367745] [robot_1.robot_supervisor]: Selected controllable event: EV_search_color
[INFO] [1789490001.925302311] [robot_1.robot_supervisor]: Selected controllable event: EV_search_color
[INFO] [1789490002.141080582] [robot_1.robot_supervisor]: Selected controllable event: EV_search_object
[INFO] [1789490002.309647087] [robot_1.robot_supervisor]: Selected controllable event: EV_search_color
[INFO] [1789490002.520772518] [robot_1.robot_supervisor]: ############################# VISIBLE: EV_object_visible #############################
[INFO] [1789490002.534067687] [robot_1.robot_supervisor]: Selected controllable event: EV_move_forward
[INFO] [1789490002.826997367] [robot_1.robot_supervisor]: Selected controllable event: EV_search_object
[INFO] [1789490003.006580104] [robot_1.robot_supervisor]: ############################# VISIBLE: EV_object_visible #############################
[INFO] [1789490003.007382517] [robot_1.robot_supervisor]: Selected controllable event: EV_approach_color
[INFO] [1789490003.312796230] [robot_1.robot_supervisor]: Selected controllable event: EV_move_forward
[INFO] [1789490003.636699849] [robot_1.robot_supervisor]: Selected controllable event: EV_move_forward
[INFO] [1789490003.918106788] [robot_1.robot_supervisor]: ############################# VISIBLE: EV_object_visible #############################
[INFO] [1789490003.918820060] [robot_1.robot_supervisor]: Selected controllable event: EV_search_object
[INFO] [1789490004.111824900] [robot_1.robot_supervisor]: Selected controllable event: EV_move_forward
[INFO] [1789490004.405689336] [robot_1.robot_supervisor]: ############################# VISIBLE: EV_object_visible #############################
[INFO] [1789490004.406451913] [robot_1.robot_supervisor]: Selected controllable event: EV_approach_color
[INFO] [1789490004.620535866] [robot_1.robot_supervisor]: Selected controllable event: EV_search_color
[INFO] [1789490004.725161740] [robot_1.robot_supervisor]: Selected controllable event: EV_move_forward
[INFO] [1789490005.013274770] [robot_1.robot_supervisor]: ############################# VISIBLE: EV_object_visible #############################
[INFO] [1789490005.014132520] [robot_1.robot_supervisor]: Selected controllable event: EV_move_forward
[INFO] [1789490005.327569813] [robot_1.robot_supervisor]: ############################# VISIBLE: EV_object_visible #############################
[INFO] [1789490005.328355000] [robot_1.robot_supervisor]: Selected controllable event: EV_search_object
[INFO] [1789490005.506942771] [robot_1.robot_supervisor]: Selected controllable event: EV_search_object
[INFO] [1789490005.612141737] [robot_1.robot_supervisor]: Selected controllable event: EV_search_object
[INFO] [1789490005.812193570] [robot_1.robot_supervisor]: Selected controllable event: EV_approach_object
[INFO] [1789490006.108682455] [robot_1.robot_supervisor]: ############################# VISIBLE: EV_object_visible #############################
[INFO] [1789490006.110832967] [robot_1.robot_supervisor]: Selected controllable event: EV_search_color
[INFO] [1789490006.218316034] [robot_1.robot_supervisor]: Selected controllable event: EV_search_object
[INFO] [1789490006.420444871] [robot_1.robot_supervisor]: Selected controllable event: EV_approach_object
[INFO] [1789490006.716670268] [robot_1.robot_supervisor]: ############################# VISIBLE: EV_object_visible #############################
[INFO] [1789490006.732937575] [robot_1.robot_supervisor]: Selected controllable event: EV_approach_object
[INFO] [1789490007.019710833] [robot_1.robot_supervisor]: Selected controllable event: EV_search_color
[INFO] [1789490007.210475724] [robot_1.robot_supervisor]: Selected controllable event: EV_approach_object
[INFO] [1789490007.424758640] [robot_1.robot_supervisor]: ############################# VISIBLE: EV_object_visible #############################
[INFO] [1789490007.425671071] [robot_1.robot_supervisor]: Selected controllable event: EV_search_object
[INFO] [1789490007.616790300] [robot_1.robot_supervisor]: Selected controllable event: EV_search_color
[INFO] [1789490007.811996582] [robot_1.robot_supervisor]: Selected controllable event: EV_search_object
[INFO] [1789490008.019640985] [robot_1.robot_supervisor]: Selected controllable event: EV_approach_object
[INFO] [1789490008.302994337] [robot_1.robot_supervisor]: ############################# VISIBLE: EV_object_visible #############################
[INFO] [1789490008.312305576] [robot_1.robot_supervisor]: Selected controllable event: EV_approach_color
[INFO] [1789490008.611743726] [robot_1.robot_supervisor]: Selected controllable event: EV_approach_object
[INFO] [1789490008.914663391] [robot_1.robot_supervisor]: ############################# VISIBLE: EV_object_visible #############################
[INFO] [1789490008.915489528] [robot_1.robot_supervisor]: Selected controllable event: EV_approach_object
[INFO] [1789490009.123410020] [robot_1.robot_supervisor]: Selected controllable event: EV_approach_color
[INFO] [1789490009.329523609] [robot_1.robot_supervisor]: Selected controllable event: EV_approach_object
[INFO] [1789490009.609715169] [robot_1.robot_supervisor]: ############################# VISIBLE: EV_object_visible #############################
[INFO] [1789490009.610409333] [robot_1.robot_supervisor]: Selected controllable event: EV_search_color
[INFO] [1789490009.810769399] [robot_1.robot_supervisor]: Selected controllable event: EV_move_forward
[INFO] [1789490010.114552192] [robot_1.robot_supervisor]: ############################# VISIBLE: EV_object_visible #############################
[INFO] [1789490010.115351165] [robot_1.robot_supervisor]: Selected controllable event: EV_move_forward
[INFO] [1789490010.411372646] [robot_1.robot_supervisor]: Selected controllable event: EV_approach_object
[INFO] [1789490010.720306831] [robot_1.robot_supervisor]: Selected controllable event: EV_search_object
[INFO] [1789490010.919001514] [robot_1.robot_supervisor]: ############################# VISIBLE: EV_object_visible #############################
[INFO] [1789490010.919817193] [robot_1.robot_supervisor]: Selected controllable event: EV_approach_color
[INFO] [1789490011.207029356] [robot_1.robot_supervisor]: Selected controllable event: EV_search_color
[INFO] [1789490011.424273881] [robot_1.robot_supervisor]: ############################# VISIBLE: EV_object_visible #############################
[INFO] [1789490011.429546889] [robot_1.robot_supervisor]: Selected controllable event: EV_search_color
[INFO] [1789490011.614475925] [robot_1.robot_supervisor]: Selected controllable event: EV_approach_color
[INFO] [1789490011.825475256] [robot_1.robot_supervisor]: Selected controllable event: EV_search_color
[INFO] [1789490012.013476859] [robot_1.robot_supervisor]: Selected controllable event: EV_approach_color
[INFO] [1789490012.326964046] [robot_1.robot_supervisor]: ############################# VISIBLE: EV_object_visible #############################
[INFO] [1789490012.336763010] [robot_1.robot_supervisor]: Selected controllable event: EV_approach_object
[INFO] [1789490012.616174720] [robot_1.robot_supervisor]: Selected controllable event: EV_approach_object
[INFO] [1789490012.819412393] [robot_1.robot_supervisor]: Selected controllable event: EV_approach_object
[INFO] [1789490013.109639453] [robot_1.robot_supervisor]: ############################# VISIBLE: EV_object_visible #############################
[INFO] [1789490013.110457735] [robot_1.robot_supervisor]: Selected controllable event: EV_search_color
[INFO] [1789490013.319232641] [robot_1.robot_supervisor]: Selected controllable event: EV_approach_color
[INFO] [1789490013.615970485] [robot_1.robot_supervisor]: ############################# REACHED: EV_object_reached #############################
[INFO] [1789490013.616692777] [robot_1.robot_supervisor]: Selected controllable event: EV_approach_color
[INFO] [1789490013.904426868] [robot_1.robot_supervisor]: Selected controllable event: EV_approach_object
[INFO] [1789490014.112525936] [robot_1.robot_supervisor]: Triggered uncontrollable event: EV_obstacle_left
[INFO] [1789490014.113318938] [robot_1.robot_supervisor]: Selected controllable event: EV_rotate_clockwise
[INFO] [1789490014.320519894] [robot_1.robot_supervisor]: Triggered uncontrollable event: EV_obstacle_left
[INFO] [1789490014.332616734] [robot_1.robot_supervisor]: ############################# REACHED: EV_object_reached #############################
[INFO] [1789490014.334501066] [robot_1.robot_supervisor]: Selected controllable event: EV_u_turn
[INFO] [1789490014.338188455] [robot_1.robot_supervisor]: Starting FULL ROTATE (omega=1.000, have_odom=True, target_rad=3.142, timeout_s=3.500)
[INFO] [1789490017.903013132] [robot_1.robot_supervisor]: FULL ROTATE completed by timeout
[INFO] [1789490018.107590577] [robot_1.robot_supervisor]: ############################# REACHED: EV_object_reached #############################
[INFO] [1789490018.108334552] [robot_1.robot_supervisor]: Selected controllable event: EV_approach_color
[INFO] [1789490018.412602650] [robot_1.robot_supervisor]: Selected controllable event: EV_approach_object
[INFO] [1789490018.613695620] [robot_1.robot_supervisor]: Selected controllable event: EV_search_object
[INFO] [1789490018.807618142] [robot_1.robot_supervisor]: ############################# REACHED: EV_object_reached #############################
[INFO] [1789490018.812160437] [robot_1.robot_supervisor]: Selected controllable event: EV_approach_color
[INFO] [1789490019.113810105] [robot_1.robot_supervisor]: Selected controllable event: EV_approach_object
[INFO] [1789490019.402758254] [robot_1.robot_supervisor]: ############################# REACHED: EV_object_reached #############################
[INFO] [1789490019.403440286] [robot_1.robot_supervisor]: Selected controllable event: EV_search_color
[INFO] [1789490019.510323686] [robot_1.robot_supervisor]: Selected controllable event: EV_approach_color
[INFO] [1789490019.727848366] [robot_1.robot_supervisor]: Selected controllable event: EV_approach_color
[INFO] [1789490020.026914782] [robot_1.robot_supervisor]: ############################# REACHED: EV_object_reached #############################
[INFO] [1789490020.027625138] [robot_1.robot_supervisor]: Selected controllable event: EV_search_color
[INFO] [1789490020.218142121] [robot_1.robot_supervisor]: ############################# REACHED: EV_object_reached #############################
[INFO] [1789490020.223517370] [robot_1.robot_supervisor]: Selected controllable event: EV_approach_color
[INFO] [1789490020.506446786] [robot_1.robot_supervisor]: Selected controllable event: EV_approach_object
[INFO] [1789490020.721232460] [robot_1.robot_supervisor]: Selected controllable event: EV_search_object
[INFO] [1789490020.916434374] [robot_1.robot_supervisor]: ############################# VISIBLE: EV_object_visible #############################
[INFO] [1789490020.926204631] [robot_1.robot_supervisor]: Selected controllable event: EV_move_forward
[INFO] [1789490021.208402870] [robot_1.robot_supervisor]: Selected controllable event: EV_approach_object
[INFO] [1789490021.504698937] [robot_1.robot_supervisor]: ############################# VISIBLE: EV_object_visible #############################
[INFO] [1789490021.505449476] [robot_1.robot_supervisor]: Selected controllable event: EV_search_object
[INFO] [1789490021.714804805] [robot_1.robot_supervisor]: Selected controllable event: EV_approach_object
[INFO] [1789490021.924058110] [robot_1.robot_supervisor]: Selected controllable event: EV_approach_color
[INFO] [1789490022.217261710] [robot_1.robot_supervisor]: ############################# VISIBLE: EV_object_visible #############################
[INFO] [1789490022.218446017] [robot_1.robot_supervisor]: Selected controllable event: EV_search_color
[INFO] [1789490022.415859570] [robot_1.robot_supervisor]: Selected controllable event: EV_move_forward
[INFO] [1789490022.705265296] [robot_1.robot_supervisor]: ############################# VISIBLE: EV_object_visible #############################
[INFO] [1789490022.707389856] [robot_1.robot_supervisor]: Selected controllable event: EV_move_forward
[INFO] [1789490023.004748236] [robot_1.robot_supervisor]: Selected controllable event: EV_approach_color
[INFO] [1789490023.322468613] [robot_1.robot_supervisor]: ############################# VISIBLE: EV_object_visible #############################
[INFO] [1789490023.323197019] [robot_1.robot_supervisor]: Selected controllable event: EV_search_object
[INFO] [1789490023.510347597] [robot_1.robot_supervisor]: Selected controllable event: EV_search_color
[INFO] [1789490023.622077951] [robot_1.robot_supervisor]: Selected controllable event: EV_search_object
[INFO] [1789490023.807909990] [robot_1.robot_supervisor]: ############################# VISIBLE: EV_object_visible #############################
[INFO] [1789490023.808798059] [robot_1.robot_supervisor]: Selected controllable event: EV_search_color
[INFO] [1789490023.927714253] [robot_1.robot_supervisor]: Selected controllable event: EV_search_color
[INFO] [1789490024.114127957] [robot_1.robot_supervisor]: Selected controllable event: EV_search_object
[INFO] [1789490024.304136869] [robot_1.robot_supervisor]: Selected controllable event: EV_search_color
[INFO] [1789490024.416549003] [robot_1.robot_supervisor]: ############################# VISIBLE: EV_object_visible #############################
[INFO] [1789490024.419327947] [robot_1.robot_supervisor]: Selected controllable event: EV_search_color
[INFO] [1789490024.603285370] [robot_1.robot_supervisor]: Selected controllable event: EV_approach_color
[INFO] [1789490024.812278612] [robot_1.robot_supervisor]: Selected controllable event: EV_move_forward
[INFO] [1789490025.113037522] [robot_1.robot_supervisor]: ############################# VISIBLE: EV_object_visible #############################
[INFO] [1789490025.113807308] [robot_1.robot_supervisor]: Selected controllable event: EV_approach_object
[INFO] [1789490025.323224883] [robot_1.robot_supervisor]: Selected controllable event: EV_search_color
[INFO] [1789490025.425994221] [robot_1.robot_supervisor]: Selected controllable event: EV_search_color
[INFO] [1789490025.617708006] [robot_1.robot_supervisor]: Triggered uncontrollable event: EV_obstacle_left
[INFO] [1789490025.622590595] [robot_1.robot_supervisor]: ############################# VISIBLE: EV_object_visible #############################
[INFO] [1789490025.623242401] [robot_1.robot_supervisor]: Selected controllable event: EV_u_turn
[INFO] [1789490025.636901680] [robot_1.robot_supervisor]: Starting FULL ROTATE (omega=1.000, have_odom=True, target_rad=3.142, timeout_s=3.500)
[INFO] [1789490029.222884112] [robot_1.robot_supervisor]: FULL ROTATE completed by timeout
[INFO] [1789490029.509875222] [robot_1.robot_supervisor]: ############################# VISIBLE: EV_object_visible #############################
[INFO] [1789490029.512664661] [robot_1.robot_supervisor]: Selected controllable event: EV_move_forward
[INFO] [1789490029.816440512] [robot_1.robot_supervisor]: Selected controllable event: EV_search_color
[INFO] [1789490029.924904674] [robot_1.robot_supervisor]: Selected controllable event: EV_move_forward
[INFO] [1789490030.216373705] [robot_1.robot_supervisor]: ############################# VISIBLE: EV_object_visible #############################
[INFO] [1789490030.217190055] [robot_1.robot_supervisor]: Selected controllable event: EV_move_forward
[INFO] [1789490030.517425142] [robot_1.robot_supervisor]: Selected controllable event: EV_approach_object
[INFO] [1789490030.808704171] [robot_1.robot_supervisor]: ############################# VISIBLE: EV_object_visible #############################
[INFO] [1789490030.809451168] [robot_1.robot_supervisor]: Selected controllable event: EV_search_color
[INFO] [1789490031.012097039] [robot_1.robot_supervisor]: Selected controllable event: EV_approach_color
[INFO] [1789490031.217588393] [robot_1.robot_supervisor]: Selected controllable event: EV_approach_color
[INFO] [1789490031.508684139] [robot_1.robot_supervisor]: ############################# VISIBLE: EV_object_visible #############################
[INFO] [1789490031.509441994] [robot_1.robot_supervisor]: Selected controllable event: EV_move_forward
[INFO] [1789490031.810404431] [robot_1.robot_supervisor]: ############################# VISIBLE: EV_object_visible #############################
[INFO] [1789490031.812260899] [robot_1.robot_supervisor]: Selected controllable event: EV_move_forward
[INFO] [1789490032.025023681] [robot_1.robot_supervisor]: Selected controllable event: EV_search_color
[INFO] [1789490032.205185911] [robot_1.robot_supervisor]: Selected controllable event: EV_search_object
[INFO] [1789490032.404547019] [robot_1.robot_supervisor]: Selected controllable event: EV_move_forward
[INFO] [1789490032.709690005] [robot_1.robot_supervisor]: ############################# VISIBLE: EV_object_visible #############################
[INFO] [1789490032.710396834] [robot_1.robot_supervisor]: Selected controllable event: EV_approach_color
[INFO] [1789490033.008202986] [robot_1.robot_supervisor]: Selected controllable event: EV_search_color
[INFO] [1789490033.114536302] [robot_1.robot_supervisor]: ############################# VISIBLE: EV_object_visible #############################
[INFO] [1789490033.126029670] [robot_1.robot_supervisor]: Selected controllable event: EV_move_forward
[INFO] [1789490033.406281393] [robot_1.robot_supervisor]: Selected controllable event: EV_search_object
[INFO] [1789490033.511449295] [robot_1.robot_supervisor]: Selected controllable event: EV_approach_object
[INFO] [1789490033.805290930] [robot_1.robot_supervisor]: ############################# VISIBLE: EV_object_visible #############################
[INFO] [1789490033.806955840] [robot_1.robot_supervisor]: Selected controllable event: EV_move_forward
[INFO] [1789490034.009639979] [robot_1.robot_supervisor]: Selected controllable event: EV_approach_color
[INFO] [1789490034.211665818] [robot_1.robot_supervisor]: Selected controllable event: EV_approach_object
[INFO] [1789490034.414846578] [robot_1.robot_supervisor]: ############################# VISIBLE: EV_object_visible #############################
[INFO] [1789490034.415570067] [robot_1.robot_supervisor]: Selected controllable event: EV_search_color
[INFO] [1789490034.607826766] [robot_1.robot_supervisor]: Selected controllable event: EV_approach_object
[INFO] [1789490034.903843556] [robot_1.robot_supervisor]: ############################# VISIBLE: EV_object_visible #############################
[INFO] [1789490034.915750247] [robot_1.robot_supervisor]: Selected controllable event: EV_approach_color
[INFO] [1789490035.217273913] [robot_1.robot_supervisor]: Selected controllable event: EV_approach_object
[INFO] [1789490035.518649672] [robot_1.robot_supervisor]: ############################# VISIBLE: EV_object_visible #############################
[INFO] [1789490035.523770438] [robot_1.robot_supervisor]: Selected controllable event: EV_search_object
[INFO] [1789490035.722118712] [robot_1.robot_supervisor]: Selected controllable event: EV_search_color
[INFO] [1789490035.904794532] [robot_1.robot_supervisor]: Selected controllable event: EV_move_forward
[INFO] [1789490036.115732389] [robot_1.robot_supervisor]: ############################# VISIBLE: EV_object_visible #############################
[INFO] [1789490036.116464580] [robot_1.robot_supervisor]: Selected controllable event: EV_approach_object
[INFO] [1789490036.428211818] [robot_1.robot_supervisor]: Selected controllable event: EV_search_object
[INFO] [1789490036.608185981] [robot_1.robot_supervisor]: ############################# VISIBLE: EV_object_visible #############################
[INFO] [1789490036.609207525] [robot_1.robot_supervisor]: Selected controllable event: EV_approach_object
[INFO] [1789490036.926133117] [robot_1.robot_supervisor]: Selected controllable event: EV_approach_color
[INFO] [1789490037.206365324] [robot_1.robot_supervisor]: Selected controllable event: EV_search_object
[INFO] [1789490037.410455444] [robot_1.robot_supervisor]: ############################# VISIBLE: EV_object_visible #############################
[INFO] [1789490037.412249521] [robot_1.robot_supervisor]: Selected controllable event: EV_move_forward
[INFO] [1789490037.704895225] [robot_1.robot_supervisor]: Selected controllable event: EV_search_object
[INFO] [1789490037.818261323] [robot_1.robot_supervisor]: Selected controllable event: EV_approach_object
[INFO] [1789490038.106284507] [robot_1.robot_supervisor]: ############################# VISIBLE: EV_object_visible #############################
[INFO] [1789490038.113585795] [robot_1.robot_supervisor]: Selected controllable event: EV_search_object
[INFO] [1789490038.310554270] [robot_1.robot_supervisor]: Selected controllable event: EV_approach_object
[INFO] [1789490038.608719811] [robot_1.robot_supervisor]: ############################# REACHED: EV_object_reached #############################
[INFO] [1789490038.610895156] [robot_1.robot_supervisor]: Selected controllable event: EV_approach_color
[INFO] [1789490038.918391229] [robot_1.robot_supervisor]: Selected controllable event: EV_search_object
[INFO] [1789490039.111125316] [robot_1.robot_supervisor]: Triggered uncontrollable event: EV_obstacle_front
[INFO] [1789490039.111702941] [robot_1.robot_supervisor]: ############################# REACHED: EV_object_reached #############################
[INFO] [1789490039.118593438] [robot_1.robot_supervisor]: Selected controllable event: EV_rotate_counterclockwise
[INFO] [1789490039.312722211] [robot_1.robot_supervisor]: Triggered uncontrollable event: EV_obstacle_front
[INFO] [1789490039.313526158] [robot_1.robot_supervisor]: Selected controllable event: EV_rotate_clockwise
[INFO] [1789490039.513768487] [robot_1.robot_supervisor]: Triggered uncontrollable event: EV_obstacle_front
[INFO] [1789490039.514351191] [robot_1.robot_supervisor]: Selected controllable event: EV_u_turn
[INFO] [1789490039.514797791] [robot_1.robot_supervisor]: Starting FULL ROTATE (omega=1.000, have_odom=True, target_rad=3.142, timeout_s=3.500)
[INFO] [1789490043.107665890] [robot_1.robot_supervisor]: FULL ROTATE completed by timeout
[INFO] [1789490043.320256297] [robot_1.robot_supervisor]: ############################# REACHED: EV_object_reached #############################
[INFO] [1789490043.322180412] [robot_1.robot_supervisor]: Selected controllable event: EV_move_forward
[INFO] [1789490043.603978267] [robot_1.robot_supervisor]: ############################# REACHED: EV_object_reached #############################
[INFO] [1789490043.604671589] [robot_1.robot_supervisor]: Selected controllable event: EV_approach_object
[INFO] [1789490043.808809350] [robot_1.robot_supervisor]: Selected controllable event: EV_approach_object
[INFO] [1789490044.104290742] [robot_1.robot_supervisor]: Selected controllable event: EV_move_forward
[INFO] [1789490044.316351647] [robot_1.robot_supervisor]: ############################# REACHED: EV_object_reached #############################
[INFO] [1789490044.328978311] [robot_1.robot_supervisor]: Selected controllable event: EV_search_object
[INFO] [1789490044.503595738] [robot_1.robot_supervisor]: Selected controllable event: EV_search_color
[INFO] [1789490044.616485892] [robot_1.robot_supervisor]: Selected controllable event: EV_approach_color
[INFO] [1789490044.912406307] [robot_1.robot_supervisor]: ############################# REACHED: EV_object_reached #############################
[INFO] [1789490044.916614123] [robot_1.robot_supervisor]: Selected controllable event: EV_search_color
[INFO] [1789490045.109745649] [robot_1.robot_supervisor]: Selected controllable event: EV_search_object
[INFO] [1789490045.220044173] [robot_1.robot_supervisor]: Selected controllable event: EV_approach_color
[INFO] [1789490045.512686582] [robot_1.robot_supervisor]: ############################# REACHED: EV_object_reached #############################
[INFO] [1789490045.513431867] [robot_1.robot_supervisor]: Selected controllable event: EV_search_object
[INFO] [1789490045.722764022] [robot_1.robot_supervisor]: Selected controllable event: EV_move_forward
[INFO] [1789490046.013734495] [robot_1.robot_supervisor]: ############################# VISIBLE: EV_object_visible #############################
[INFO] [1789490046.014346815] [robot_1.robot_supervisor]: Selected controllable event: EV_move_forward
[INFO] [1789490046.321026300] [robot_1.robot_supervisor]: Selected controllable event: EV_approach_object
[INFO] [1789490046.608909546] [robot_1.robot_supervisor]: ############################# VISIBLE: EV_object_visible #############################
[INFO] [1789490046.612303988] [robot_1.robot_supervisor]: Selected controllable event: EV_move_forward
[INFO] [1789490046.816792555] [robot_1.robot_supervisor]: ############################# VISIBLE: EV_object_visible #############################
[INFO] [1789490046.817497252] [robot_1.robot_supervisor]: Selected controllable event: EV_search_object
[INFO] [1789490047.010213196] [robot_1.robot_supervisor]: Selected controllable event: EV_approach_object
[INFO] [1789490047.308341346] [robot_1.robot_supervisor]: Selected controllable event: EV_approach_color
[INFO] [1789490047.514890557] [robot_1.robot_supervisor]: ############################# VISIBLE: EV_object_visible #############################
[INFO] [1789490047.515589387] [robot_1.robot_supervisor]: Selected controllable event: EV_approach_color
[INFO] [1789490047.810950073] [robot_1.robot_supervisor]: Selected controllable event: EV_search_object
[INFO] [1789490047.926130085] [robot_1.robot_supervisor]: Selected controllable event: EV_move_forward
[INFO] [1789490048.205247568] [robot_1.robot_supervisor]: ############################# VISIBLE: EV_object_visible #############################
[INFO] [1789490048.207229374] [robot_1.robot_supervisor]: Selected controllable event: EV_move_forward
[INFO] [1789490048.503045935] [robot_1.robot_supervisor]: Selected controllable event: EV_approach_color
[INFO] [1789490048.709501603] [robot_1.robot_supervisor]: ############################# VISIBLE: EV_object_visible #############################
[INFO] [1789490048.711888786] [robot_1.robot_supervisor]: Selected controllable event: EV_search_object
[INFO] [1789490048.917524013] [robot_1.robot_supervisor]: Selected controllable event: EV_move_forward
[INFO] [1789490049.206438913] [robot_1.robot_supervisor]: ############################# VISIBLE: EV_object_visible #############################
[INFO] [1789490049.207130572] [robot_1.robot_supervisor]: Selected controllable event: EV_approach_object
[INFO] [1789490049.515421505] [robot_1.robot_supervisor]: Selected controllable event: EV_approach_color
[INFO] [1789490049.810261318] [robot_1.robot_supervisor]: ############################# VISIBLE: EV_object_visible #############################
[INFO] [1789490049.811048741] [robot_1.robot_supervisor]: Selected controllable event: EV_move_forward
[INFO] [1789490050.115009034] [robot_1.robot_supervisor]: ############################# VISIBLE: EV_object_visible #############################
[INFO] [1789490050.115677140] [robot_1.robot_supervisor]: Selected controllable event: EV_search_object
[INFO] [1789490050.315772100] [robot_1.robot_supervisor]: Selected controllable event: EV_approach_color
[INFO] [1789490050.606314200] [robot_1.robot_supervisor]: ############################# VISIBLE: EV_object_visible #############################
[INFO] [1789490050.608996702] [robot_1.robot_supervisor]: Selected controllable event: EV_approach_color
[INFO] [1789490050.908048846] [robot_1.robot_supervisor]: Selected controllable event: EV_search_object
[INFO] [1789490051.012728516] [robot_1.robot_supervisor]: Selected controllable event: EV_move_forward
[INFO] [1789490051.318663375] [robot_1.robot_supervisor]: ############################# VISIBLE: EV_object_visible #############################
[INFO] [1789490051.325840110] [robot_1.robot_supervisor]: Selected controllable event: EV_move_forward
[INFO] [1789490051.623322487] [robot_1.robot_supervisor]: Selected controllable event: EV_move_forward
[INFO] [1789490051.831714767] [robot_1.robot_supervisor]: ############################# REACHED: EV_object_reached #############################
[INFO] [1789490051.832475717] [robot_1.robot_supervisor]: Selected controllable event: EV_search_object
[INFO] [1789490052.002957730] [robot_1.robot_supervisor]: Selected controllable event: EV_approach_color
[INFO] [1789490052.208599970] [robot_1.robot_supervisor]: Selected controllable event: EV_approach_object
[INFO] [1789490052.512934152] [robot_1.robot_supervisor]: Triggered uncontrollable event: EV_obstacle_front
[INFO] [1789490052.513382269] [robot_1.robot_supervisor]: ############################# REACHED: EV_object_reached #############################
[INFO] [1789490052.520203973] [robot_1.robot_supervisor]: Selected controllable event: EV_move_backward
[INFO] [1789490052.826831119] [robot_1.robot_supervisor]: Triggered uncontrollable event: EV_obstacle_front
[INFO] [1789490052.827914105] [robot_1.robot_supervisor]: ############################# REACHED: EV_object_reached #############################
[INFO] [1789490052.828562664] [robot_1.robot_supervisor]: Selected controllable event: EV_move_backward
[INFO] [1789490053.116088418] [robot_1.robot_supervisor]: Triggered uncontrollable event: EV_obstacle_front
[INFO] [1789490053.120907952] [robot_1.robot_supervisor]: Selected controllable event: EV_u_turn
[INFO] [1789490053.121662630] [robot_1.robot_supervisor]: Starting FULL ROTATE (omega=1.000, have_odom=True, target_rad=3.142, timeout_s=3.500)
[INFO] [1789490056.706739364] [robot_1.robot_supervisor]: FULL ROTATE completed by timeout
[INFO] [1789490056.937703395] [robot_1.robot_supervisor]: ############################# REACHED: EV_object_reached #############################
[INFO] [1789490056.949761642] [robot_1.robot_supervisor]: Selected controllable event: EV_search_color
[INFO] [1789490057.107143582] [robot_1.robot_supervisor]: ############################# REACHED: EV_object_reached #############################
[INFO] [1789490057.109617624] [robot_1.robot_supervisor]: Selected controllable event: EV_search_object
[INFO] [1789490057.213116376] [robot_1.robot_supervisor]: Selected controllable event: EV_move_forward
[INFO] [1789490057.508004593] [robot_1.robot_supervisor]: ############################# REACHED: EV_object_reached #############################
[INFO] [1789490057.512263011] [robot_1.robot_supervisor]: Selected controllable event: EV_approach_color
[INFO] [1789490057.828065463] [robot_1.robot_supervisor]: Selected controllable event: EV_approach_object
[INFO] [1789490058.110736154] [robot_1.robot_supervisor]: ############################# REACHED: EV_object_reached #############################
[INFO] [1789490058.113390008] [robot_1.robot_supervisor]: Selected controllable event: EV_move_forward
[INFO] [1789490058.417809818] [robot_1.robot_supervisor]: Selected controllable event: EV_search_object
[INFO] [1789490058.602868903] [robot_1.robot_supervisor]: ############################# VISIBLE: EV_object_visible #############################
[INFO] [1789490058.603567943] [robot_1.robot_supervisor]: Selected controllable event: EV_move_forward
[INFO] [1789490058.812289058] [robot_1.robot_supervisor]: Selected controllable event: EV_approach_color
[INFO] [1789490059.115255579] [robot_1.robot_supervisor]: ############################# VISIBLE: EV_object_visible #############################
[INFO] [1789490059.116072500] [robot_1.robot_supervisor]: Selected controllable event: EV_search_object
[INFO] [1789490059.309424498] [robot_1.robot_supervisor]: Selected controllable event: EV_move_forward
[INFO] [1789490059.624930719] [robot_1.robot_supervisor]: Selected controllable event: EV_approach_color
[INFO] [1789490059.907120855] [robot_1.robot_supervisor]: ############################# VISIBLE: EV_object_visible #############################
[INFO] [1789490059.915561940] [robot_1.robot_supervisor]: Selected controllable event: EV_approach_color
[INFO] [1789490060.118073383] [robot_1.robot_supervisor]: ############################# VISIBLE: EV_object_visible #############################
[INFO] [1789490060.118873382] [robot_1.robot_supervisor]: Selected controllable event: EV_approach_color
[INFO] [1789490060.410011269] [robot_1.robot_supervisor]: Selected controllable event: EV_search_color
[INFO] [1789490060.609935159] [robot_1.robot_supervisor]: Selected controllable event: EV_approach_object
[INFO] [1789490060.910080646] [robot_1.robot_supervisor]: ############################# VISIBLE: EV_object_visible #############################
[INFO] [1789490060.915679477] [robot_1.robot_supervisor]: Selected controllable event: EV_search_object
[INFO] [1789490061.029359463] [robot_1.robot_supervisor]: Selected controllable event: EV_approach_object
[INFO] [1789490061.319133167] [robot_1.robot_supervisor]: ############################# VISIBLE: EV_object_visible #############################
[INFO] [1789490061.319859513] [robot_1.robot_supervisor]: Selected controllable event: EV_move_forward
[INFO] [1789490061.603251584] [robot_1.robot_supervisor]: Selected controllable event: EV_search_color
[INFO] [1789490061.706518965] [robot_1.robot_supervisor]: Selected controllable event: EV_search_color
[INFO] [1789490061.911420889] [robot_1.robot_supervisor]: ############################# VISIBLE: EV_object_visible #############################
[INFO] [1789490061.912207417] [robot_1.robot_supervisor]: Selected controllable event: EV_search_color
[INFO] [1789490062.108892611] [robot_1.robot_supervisor]: Selected controllable event: EV_search_object
[INFO] [1789490062.307607937] [robot_1.robot_supervisor]: Selected controllable event: EV_approach_color
[INFO] [1789490062.520496998] [robot_1.robot_supervisor]: ############################# VISIBLE: EV_object_visible #############################
[INFO] [1789490062.521241898] [robot_1.robot_supervisor]: Selected controllable event: EV_approach_object
[INFO] [1789490062.824353889] [robot_1.robot_supervisor]: Selected controllable event: EV_search_color
[INFO] [1789490063.019186217] [robot_1.robot_supervisor]: ############################# VISIBLE: EV_object_visible #############################
[INFO] [1789490063.019875531] [robot_1.robot_supervisor]: Selected controllable event: EV_search_color
[INFO] [1789490063.227783173] [robot_1.robot_supervisor]: Selected controllable event: EV_approach_color
[INFO] [1789490063.508673403] [robot_1.robot_supervisor]: Selected controllable event: EV_search_object
[INFO] [1789490063.713553054] [robot_1.robot_supervisor]: ############################# VISIBLE: EV_object_visible #############################
[INFO] [1789490063.714285704] [robot_1.robot_supervisor]: Selected controllable event: EV_approach_object
[INFO] [1789490064.006277870] [robot_1.robot_supervisor]: Selected controllable event: EV_move_forward
[INFO] [1789490064.324487772] [robot_1.robot_supervisor]: ############################# VISIBLE: EV_object_visible #############################
[INFO] [1789490064.325205346] [robot_1.robot_supervisor]: Selected controllable event: EV_search_color
[INFO] [1789490064.508250178] [robot_1.robot_supervisor]: Selected controllable event: EV_search_color
[INFO] [1789490064.714073353] [robot_1.robot_supervisor]: ############################# VISIBLE: EV_object_visible #############################
[INFO] [1789490064.720172891] [robot_1.robot_supervisor]: Selected controllable event: EV_search_color
[INFO] [1789490064.922812584] [robot_1.robot_supervisor]: Selected controllable event: EV_search_color
[INFO] [1789490065.110737731] [robot_1.robot_supervisor]: Selected controllable event: EV_approach_object
[INFO] [1789490065.315778528] [robot_1.robot_supervisor]: ############################# VISIBLE: EV_object_visible #############################
[INFO] [1789490065.316481437] [robot_1.robot_supervisor]: Selected controllable event: EV_approach_color
[INFO] [1789490065.614693717] [robot_1.robot_supervisor]: Selected controllable event: EV_search_object
[INFO] [1789490065.821118819] [robot_1.robot_supervisor]: ############################# VISIBLE: EV_object_visible #############################
[INFO] [1789490065.827305750] [robot_1.robot_supervisor]: Selected controllable event: EV_search_color
[INFO] [1789490066.003266267] [robot_1.robot_supervisor]: Selected controllable event: EV_search_object
[INFO] [1789490066.108800414] [robot_1.robot_supervisor]: Selected controllable event: EV_search_color
[INFO] [1789490066.217675377] [robot_1.robot_supervisor]: Selected controllable event: EV_search_object
[INFO] [1789490066.320585398] [robot_1.robot_supervisor]: ############################# VISIBLE: EV_object_visible #############################
[INFO] [1789490066.321314422] [robot_1.robot_supervisor]: Selected controllable event: EV_search_color
[INFO] [1789490066.529145439] [robot_1.robot_supervisor]: Selected controllable event: EV_search_color
[INFO] [1789490066.714995518] [robot_1.robot_supervisor]: Selected controllable event: EV_search_object
[INFO] [1789490066.905384324] [robot_1.robot_supervisor]: ############################# VISIBLE: EV_object_visible #############################
[INFO] [1789490066.906132928] [robot_1.robot_supervisor]: Selected controllable event: EV_approach_color
[INFO] [1789490067.206579761] [robot_1.robot_supervisor]: Selected controllable event: EV_search_object
[INFO] [1789490067.316104089] [robot_1.robot_supervisor]: Selected controllable event: EV_search_object
[INFO] [1789490067.508691072] [robot_1.robot_supervisor]: ############################# VISIBLE: EV_object_visible #############################
[INFO] [1789490067.514451955] [robot_1.robot_supervisor]: Selected controllable event: EV_approach_object
[INFO] [1789490067.721489603] [robot_1.robot_supervisor]: Selected controllable event: EV_approach_object
[INFO] [1789490068.013432098] [robot_1.robot_supervisor]: Selected controllable event: EV_approach_object
[INFO] [1789490068.216013342] [robot_1.robot_supervisor]: ############################# VISIBLE: EV_object_visible #############################
[INFO] [1789490068.222550504] [robot_1.robot_supervisor]: Selected controllable event: EV_approach_color
[INFO] [1789490068.508261176] [robot_1.robot_supervisor]: Selected controllable event: EV_approach_color
[INFO] [1789490068.716065983] [robot_1.robot_supervisor]: ############################# VISIBLE: EV_object_visible #############################
[INFO] [1789490068.716797410] [robot_1.robot_supervisor]: Selected controllable event: EV_search_object
[INFO] [1789490068.910725078] [robot_1.robot_supervisor]: Selected controllable event: EV_search_object
[INFO] [1789490069.119323835] [robot_1.robot_supervisor]: Selected controllable event: EV_search_color
[INFO] [1789490069.314079998] [robot_1.robot_supervisor]: ############################# VISIBLE: EV_object_visible #############################
[INFO] [1789490069.314815097] [robot_1.robot_supervisor]: Selected controllable event: EV_approach_object
[INFO] [1789490069.605775082] [robot_1.robot_supervisor]: Selected controllable event: EV_approach_color
[INFO] [1789490069.820672178] [robot_1.robot_supervisor]: Selected controllable event: EV_approach_object
[INFO] [1789490070.105751332] [robot_1.robot_supervisor]: ############################# VISIBLE: EV_object_visible #############################
[INFO] [1789490070.110569374] [robot_1.robot_supervisor]: Selected controllable event: EV_search_color
[INFO] [1789490070.215819756] [robot_1.robot_supervisor]: Selected controllable event: EV_search_color
[INFO] [1789490070.413064301] [robot_1.robot_supervisor]: Selected controllable event: EV_search_color
[INFO] [1789490070.611640776] [robot_1.robot_supervisor]: ############################# VISIBLE: EV_object_visible #############################
[INFO] [1789490070.612353595] [robot_1.robot_supervisor]: Selected controllable event: EV_move_forward
[INFO] [1789490070.824184584] [robot_1.robot_supervisor]: Selected controllable event: EV_search_color
[INFO] [1789490071.004977352] [robot_1.robot_supervisor]: Selected controllable event: EV_approach_color
[INFO] [1789490071.209594933] [robot_1.robot_supervisor]: ############################# VISIBLE: EV_object_visible #############################
[INFO] [1789490071.223502439] [robot_1.robot_supervisor]: Selected controllable event: EV_approach_object
[INFO] [1789490071.511676429] [robot_1.robot_supervisor]: Selected controllable event: EV_move_forward
[INFO] [1789490071.809766822] [robot_1.robot_supervisor]: ############################# VISIBLE: EV_object_visible #############################
[INFO] [1789490071.814973894] [robot_1.robot_supervisor]: Selected controllable event: EV_search_color
[INFO] [1789490071.929006511] [robot_1.robot_supervisor]: Selected controllable event: EV_approach_color
[INFO] [1789490072.214363677] [robot_1.robot_supervisor]: ############################# VISIBLE: EV_object_visible #############################
[INFO] [1789490072.215104297] [robot_1.robot_supervisor]: Selected controllable event: EV_search_object
[INFO] [1789490072.407377344] [robot_1.robot_supervisor]: Selected controllable event: EV_approach_color
[INFO] [1789490072.609219784] [robot_1.robot_supervisor]: Selected controllable event: EV_search_color
[INFO] [1789490072.814046832] [robot_1.robot_supervisor]: Selected controllable event: EV_approach_object
[INFO] [1789490073.020334160] [robot_1.robot_supervisor]: ############################# VISIBLE: EV_object_visible #############################
[INFO] [1789490073.022276860] [robot_1.robot_supervisor]: Selected controllable event: EV_approach_color
[INFO] [1789490073.313842159] [robot_1.robot_supervisor]: ############################# VISIBLE: EV_object_visible #############################
[INFO] [1789490073.319069396] [robot_1.robot_supervisor]: Selected controllable event: EV_search_object
[INFO] [1789490073.524803189] [robot_1.robot_supervisor]: Selected controllable event: EV_approach_object
[INFO] [1789490073.813017485] [robot_1.robot_supervisor]: Selected controllable event: EV_move_forward
[INFO] [1789490074.110232532] [robot_1.robot_supervisor]: ############################# VISIBLE: EV_object_visible #############################
[INFO] [1789490074.111033116] [robot_1.robot_supervisor]: Selected controllable event: EV_approach_object
[INFO] [1789490074.319645601] [robot_1.robot_supervisor]: Selected controllable event: EV_approach_color
[INFO] [1789490074.613153787] [robot_1.robot_supervisor]: ############################# VISIBLE: EV_object_visible #############################
[INFO] [1789490074.613863889] [robot_1.robot_supervisor]: Selected controllable event: EV_approach_color
[INFO] [1789490074.914987004] [robot_1.robot_supervisor]: Selected controllable event: EV_approach_object
[INFO] [1789490075.216049197] [robot_1.robot_supervisor]: ############################# VISIBLE: EV_object_visible #############################
[INFO] [1789490075.218836782] [robot_1.robot_supervisor]: Selected controllable event: EV_search_object
[INFO] [1789490075.408910967] [robot_1.robot_supervisor]: Selected controllable event: EV_approach_object
[INFO] [1789490075.620100524] [robot_1.robot_supervisor]: Selected controllable event: EV_approach_object
[INFO] [1789490075.906343098] [robot_1.robot_supervisor]: ############################# VISIBLE: EV_object_visible #############################
[INFO] [1789490075.907099536] [robot_1.robot_supervisor]: Selected controllable event: EV_search_object
[INFO] [1789490076.106823941] [robot_1.robot_supervisor]: Selected controllable event: EV_approach_color
[INFO] [1789490076.336617833] [robot_1.robot_supervisor]: Selected controllable event: EV_move_forward
[INFO] [1789490076.606553357] [robot_1.robot_supervisor]: ############################# VISIBLE: EV_object_visible #############################
[INFO] [1789490076.616573203] [robot_1.robot_supervisor]: Selected controllable event: EV_search_object
[INFO] [1789490076.803823130] [robot_1.robot_supervisor]: Selected controllable event: EV_approach_object
[INFO] [1789490077.021270377] [robot_1.robot_supervisor]: Selected controllable event: EV_approach_object
[INFO] [1789490077.312113786] [robot_1.robot_supervisor]: ############################# VISIBLE: EV_object_visible #############################
[INFO] [1789490077.316114239] [robot_1.robot_supervisor]: Selected controllable event: EV_approach_color
[INFO] [1789490077.615022281] [robot_1.robot_supervisor]: Triggered uncontrollable event: EV_obstacle_left
[INFO] [1789490077.625248534] [robot_1.robot_supervisor]: ############################# REACHED: EV_object_reached #############################
[INFO] [1789490077.629938544] [robot_1.robot_supervisor]: Selected controllable event: EV_u_turn
[INFO] [1789490077.641910823] [robot_1.robot_supervisor]: Starting FULL ROTATE (omega=1.000, have_odom=True, target_rad=3.142, timeout_s=3.500)
[INFO] [1789490081.213348547] [robot_1.robot_supervisor]: FULL ROTATE completed by timeout
[INFO] [1789490081.417196243] [robot_1.robot_supervisor]: ############################# REACHED: EV_object_reached #############################
[INFO] [1789490081.423752271] [robot_1.robot_supervisor]: Selected controllable event: EV_search_color
[INFO] [1789490081.613524238] [robot_1.robot_supervisor]: Selected controllable event: EV_search_object
[INFO] [1789490081.806739967] [robot_1.robot_supervisor]: ############################# REACHED: EV_object_reached #############################
[INFO] [1789490081.812958281] [robot_1.robot_supervisor]: Selected controllable event: EV_move_forward
[INFO] [1789490082.129626506] [robot_1.robot_supervisor]: Selected controllable event: EV_move_forward
[INFO] [1789490082.413730862] [robot_1.robot_supervisor]: ############################# REACHED: EV_object_reached #############################
[INFO] [1789490082.414481416] [robot_1.robot_supervisor]: Selected controllable event: EV_approach_color
[INFO] [1789490082.703573645] [robot_1.robot_supervisor]: Selected controllable event: EV_search_color
[INFO] [1789490082.813267786] [robot_1.robot_supervisor]: Selected controllable event: EV_move_forward
[INFO] [1789490083.105885783] [robot_1.robot_supervisor]: ############################# VISIBLE: EV_object_visible #############################
[INFO] [1789490083.106945916] [robot_1.robot_supervisor]: Selected controllable event: EV_search_color
[INFO] [1789490083.304536784] [robot_1.robot_supervisor]: Selected controllable event: EV_approach_color
[INFO] [1789490083.513828289] [robot_1.robot_supervisor]: ############################# VISIBLE: EV_object_visible #############################
[INFO] [1789490083.519461591] [robot_1.robot_supervisor]: Selected controllable event: EV_search_color
[INFO] [1789490083.718783613] [robot_1.robot_supervisor]: Selected controllable event: EV_move_forward
[INFO] [1789490084.018512744] [robot_1.robot_supervisor]: ############################# VISIBLE: EV_object_visible #############################
[INFO] [1789490084.019238740] [robot_1.robot_supervisor]: Selected controllable event: EV_approach_color
[INFO] [1789490084.312980503] [robot_1.robot_supervisor]: Selected controllable event: EV_search_object
[INFO] [1789490084.506394988] [robot_1.robot_supervisor]: Selected controllable event: EV_approach_object
[INFO] [1789490084.710418825] [robot_1.robot_supervisor]: ############################# VISIBLE: EV_object_visible #############################
[INFO] [1789490084.711216071] [robot_1.robot_supervisor]: Selected controllable event: EV_search_color
[INFO] [1789490084.905546439] [robot_1.robot_supervisor]: Selected controllable event: EV_search_object
[INFO] [1789490085.107680235] [robot_1.robot_supervisor]: Selected controllable event: EV_approach_object
[INFO] [1789490085.313697093] [robot_1.robot_supervisor]: ############################# VISIBLE: EV_object_visible #############################
[INFO] [1789490085.323064325] [robot_1.robot_supervisor]: Selected controllable event: EV_search_color
[INFO] [1789490085.509208245] [robot_1.robot_supervisor]: Selected controllable event: EV_approach_object
[INFO] [1789490085.720078574] [robot_1.robot_supervisor]: Triggered uncontrollable event: EV_obstacle_left
[INFO] [1789490085.725481976] [robot_1.robot_supervisor]: Selected controllable event: EV_u_turn
[INFO] [1789490085.726153658] [robot_1.robot_supervisor]: Starting FULL ROTATE (omega=1.000, have_odom=True, target_rad=3.142, timeout_s=3.500)
[INFO] [1789490089.322588571] [robot_1.robot_supervisor]: FULL ROTATE completed by timeout
[INFO] [1789490089.616279636] [robot_1.robot_supervisor]: ############################# REACHED: EV_object_reached #############################
[INFO] [1789490089.617079535] [robot_1.robot_supervisor]: Selected controllable event: EV_search_object
[INFO] [1789490089.803080066] [robot_1.robot_supervisor]: Selected controllable event: EV_approach_color
[INFO] [1789490090.011610566] [robot_1.robot_supervisor]: ############################# REACHED: EV_object_reached #############################
[INFO] [1789490090.012280835] [robot_1.robot_supervisor]: Selected controllable event: EV_approach_color
[INFO] [1789490090.302871965] [robot_1.robot_supervisor]: ############################# REACHED: EV_object_reached #############################
[INFO] [1789490090.306629473] [robot_1.robot_supervisor]: Selected controllable event: EV_approach_color
[INFO] [1789490090.611483110] [robot_1.robot_supervisor]: Selected controllable event: EV_approach_color
[INFO] [1789490090.909621257] [robot_1.robot_supervisor]: Selected controllable event: EV_search_color
[INFO] [1789490091.112982309] [robot_1.robot_supervisor]: ############################# VISIBLE: EV_object_visible #############################
[INFO] [1789490091.113717757] [robot_1.robot_supervisor]: Selected controllable event: EV_approach_color
[INFO] [1789490091.415569017] [robot_1.robot_supervisor]: ############################# VISIBLE: EV_object_visible #############################
[INFO] [1789490091.416373451] [robot_1.robot_supervisor]: Selected controllable event: EV_move_forward
[INFO] [1789490091.706682645] [robot_1.robot_supervisor]: Selected controllable event: EV_move_forward
[INFO] [1789490091.917188552] [robot_1.robot_supervisor]: ############################# VISIBLE: EV_object_visible #############################
[INFO] [1789490091.918027689] [robot_1.robot_supervisor]: Selected controllable event: EV_search_color
[INFO] [1789490092.119907704] [robot_1.robot_supervisor]: Selected controllable event: EV_move_forward
[INFO] [1789490092.403345467] [robot_1.robot_supervisor]: Selected controllable event: EV_search_object
[INFO] [1789490092.519646726] [robot_1.robot_supervisor]: ############################# VISIBLE: EV_object_visible #############################
[INFO] [1789490092.524676498] [robot_1.robot_supervisor]: Selected controllable event: EV_move_forward
[INFO] [1789490092.816753183] [robot_1.robot_supervisor]: Selected controllable event: EV_approach_color
[INFO] [1789490093.116181727] [robot_1.robot_supervisor]: Selected controllable event: EV_approach_color
[INFO] [1789490093.413145098] [robot_1.robot_supervisor]: ############################# VISIBLE: EV_object_visible #############################
[INFO] [1789490093.413888000] [robot_1.robot_supervisor]: Selected controllable event: EV_search_object
[INFO] [1789490093.624586924] [robot_1.robot_supervisor]: Selected controllable event: EV_approach_object
[INFO] [1789490093.916936538] [robot_1.robot_supervisor]: ############################# VISIBLE: EV_object_visible #############################
[INFO] [1789490093.917621821] [robot_1.robot_supervisor]: Selected controllable event: EV_approach_object
[INFO] [1789490094.224657383] [robot_1.robot_supervisor]: ############################# VISIBLE: EV_object_visible #############################
[INFO] [1789490094.247034612] [robot_1.robot_supervisor]: Selected controllable event: EV_move_forward
[INFO] [1789490094.527327608] [robot_1.robot_supervisor]: Selected controllable event: EV_search_object
[INFO] [1789490094.715259788] [robot_1.robot_supervisor]: Selected controllable event: EV_move_forward
[INFO] [1789490095.015942651] [robot_1.robot_supervisor]: ############################# VISIBLE: EV_object_visible #############################
[INFO] [1789490095.017707268] [robot_1.robot_supervisor]: Selected controllable event: EV_search_color
[INFO] [1789490095.206353907] [robot_1.robot_supervisor]: Selected controllable event: EV_approach_object
[INFO] [1789490095.513838543] [robot_1.robot_supervisor]: ############################# VISIBLE: EV_object_visible #############################
[INFO] [1789490095.514639444] [robot_1.robot_supervisor]: Selected controllable event: EV_search_color
[INFO] [1789490095.714930872] [robot_1.robot_supervisor]: Selected controllable event: EV_move_forward
[INFO] [1789490096.008157929] [robot_1.robot_supervisor]: ############################# VISIBLE: EV_object_visible #############################
[INFO] [1789490096.008844256] [robot_1.robot_supervisor]: Selected controllable event: EV_approach_color
[INFO] [1789490096.313466616] [robot_1.robot_supervisor]: Selected controllable event: EV_search_color
[INFO] [1789490096.508978347] [robot_1.robot_supervisor]: ############################# VISIBLE: EV_object_visible #############################
[INFO] [1789490096.516568305] [robot_1.robot_supervisor]: Selected controllable event: EV_approach_object
[INFO] [1789490096.804927696] [robot_1.robot_supervisor]: Selected controllable event: EV_move_forward
[INFO] [1789490097.107136039] [robot_1.robot_supervisor]: ############################# VISIBLE: EV_object_visible #############################
[INFO] [1789490097.110849306] [robot_1.robot_supervisor]: Selected controllable event: EV_approach_object
[INFO] [1789490097.418218451] [robot_1.robot_supervisor]: Selected controllable event: EV_move_forward
[INFO] [1789490097.703682546] [robot_1.robot_supervisor]: ############################# VISIBLE: EV_object_visible #############################
[INFO] [1789490097.722533350] [robot_1.robot_supervisor]: Selected controllable event: EV_search_object
[INFO] [1789490097.912525582] [robot_1.robot_supervisor]: Selected controllable event: EV_search_color
[INFO] [1789490098.015673471] [robot_1.robot_supervisor]: Selected controllable event: EV_search_object
[INFO] [1789490098.210087314] [robot_1.robot_supervisor]: ############################# VISIBLE: EV_object_visible #############################
[INFO] [1789490098.214327041] [robot_1.robot_supervisor]: Selected controllable event: EV_search_color
[INFO] [1789490098.404787730] [robot_1.robot_supervisor]: Selected controllable event: EV_approach_object
[INFO] [1789490098.724210437] [robot_1.robot_supervisor]: Selected controllable event: EV_search_color
[INFO] [1789490098.906738001] [robot_1.robot_supervisor]: Selected controllable event: EV_search_object
