[INFO] [1789489921.466341516] [robot_0.robot_supervisor]: Loaded initial mission 'balanced_delivery' from explicit YAML S_20260915_182327.yaml
[INFO] [1789489921.609628069] [robot_0.robot_supervisor]: Selected controllable event: EV_search_object
[INFO] [1789489921.819284119] [robot_0.robot_supervisor]: Selected controllable event: EV_move_forward
[INFO] [1789489922.122233632] [robot_0.robot_supervisor]: Selected controllable event: EV_approach_object
[INFO] [1789489922.415186918] [robot_0.robot_supervisor]: Selected controllable event: EV_approach_color
[INFO] [1789489922.616648258] [robot_0.robot_supervisor]: Selected controllable event: EV_approach_object
[INFO] [1789489922.916613095] [robot_0.robot_supervisor]: Selected controllable event: EV_approach_object
[INFO] [1789489923.143651504] [robot_0.robot_supervisor]: Selected controllable event: EV_move_forward
[INFO] [1789489923.413637760] [robot_0.robot_supervisor]: Selected controllable event: EV_search_object
[INFO] [1789489923.615543698] [robot_0.robot_supervisor]: Selected controllable event: EV_approach_object
[INFO] [1789489923.908928571] [robot_0.robot_supervisor]: Selected controllable event: EV_move_forward
[INFO] [1789489924.208751374] [robot_0.robot_supervisor]: Selected controllable event: EV_search_object
[INFO] [1789489924.408694681] [robot_0.robot_supervisor]: Selected controllable event: EV_search_color
[INFO] [1789489924.608731923] [robot_0.robot_supervisor]: Selected controllable event: EV_move_forward
[INFO] [1789489924.908651346] [robot_0.robot_supervisor]: Selected controllable event: EV_approach_color
[INFO] [1789489925.208730089] [robot_0.robot_supervisor]: Selected controllable event: EV_move_forward
[INFO] [1789489925.508336500] [robot_0.robot_supervisor]: Selected controllable event: EV_search_object
[INFO] [1789489925.708652757] [robot_0.robot_supervisor]: Selected controllable event: EV_search_object
[INFO] [1789489925.908746584] [robot_0.robot_supervisor]: Selected controllable event: EV_search_color
[INFO] [1789489926.018977777] [robot_0.robot_supervisor]: Selected controllable event: EV_approach_object
[INFO] [1789489926.312958173] [robot_0.robot_supervisor]: Triggered uncontrollable event: EV_object_not_visible
[INFO] [1789489926.313704660] [robot_0.robot_supervisor]: Selected controllable event: EV_approach_object
[INFO] [1789489926.527509611] [robot_0.robot_supervisor]: Selected controllable event: EV_search_object
[INFO] [1789489926.719791173] [robot_0.robot_supervisor]: ############################# VISIBLE: EV_object_visible #############################
[INFO] [1789489926.722741147] [robot_0.robot_supervisor]: Selected controllable event: EV_search_object
[INFO] [1789489926.908638734] [robot_0.robot_supervisor]: Selected controllable event: EV_search_object
[INFO] [1789489927.019681817] [robot_0.robot_supervisor]: Selected controllable event: EV_approach_color
[INFO] [1789489927.326948442] [robot_0.robot_supervisor]: ############################# VISIBLE: EV_object_visible #############################
[INFO] [1789489927.332401812] [robot_0.robot_supervisor]: Selected controllable event: EV_search_color
[INFO] [1789489927.520378458] [robot_0.robot_supervisor]: Selected controllable event: EV_approach_color
[INFO] [1789489927.818326228] [robot_0.robot_supervisor]: Selected controllable event: EV_approach_color
[INFO] [1789489928.123755286] [robot_0.robot_supervisor]: Triggered uncontrollable event: EV_obstacle_left
[INFO] [1789489928.124351127] [robot_0.robot_supervisor]: ############################# VISIBLE: EV_object_visible #############################
[INFO] [1789489928.128479105] [robot_0.robot_supervisor]: Selected controllable event: EV_rotate_clockwise
[INFO] [1789489928.320747397] [robot_0.robot_supervisor]: Triggered uncontrollable event: EV_obstacle_left
[INFO] [1789489928.321521207] [robot_0.robot_supervisor]: Selected controllable event: EV_rotate_clockwise
[INFO] [1789489928.433025586] [robot_0.robot_supervisor]: Triggered uncontrollable event: EV_obstacle_left
[INFO] [1789489928.433730939] [robot_0.robot_supervisor]: Selected controllable event: EV_u_turn
[INFO] [1789489928.434428893] [robot_0.robot_supervisor]: Starting FULL ROTATE (omega=1.000, have_odom=True, target_rad=3.142, timeout_s=3.500)
[INFO] [1789489932.015545286] [robot_0.robot_supervisor]: FULL ROTATE completed by timeout
[INFO] [1789489932.220318873] [robot_0.robot_supervisor]: Triggered uncontrollable event: EV_obstacle_right
[INFO] [1789489932.220998976] [robot_0.robot_supervisor]: ############################# VISIBLE: EV_object_visible #############################
[INFO] [1789489932.221714350] [robot_0.robot_supervisor]: Selected controllable event: EV_rotate_counterclockwise
[WARN] [1789489932.230292330] [robot_0.robot_supervisor]: no translation for 4.7s livelock detected; starting atomic escape (turn_sign=+1)
[INFO] [1789489934.820631841] [robot_0.robot_supervisor]: Zone-livelock escape completed
[INFO] [1789489935.031058664] [robot_0.robot_supervisor]: Triggered uncontrollable event: EV_object_not_visible
[INFO] [1789489935.031874427] [robot_0.robot_supervisor]: Selected controllable event: EV_search_object
[INFO] [1789489935.220613262] [robot_0.robot_supervisor]: ############################# VISIBLE: EV_object_visible #############################
[INFO] [1789489935.221416583] [robot_0.robot_supervisor]: Selected controllable event: EV_approach_object
[INFO] [1789489935.525377800] [robot_0.robot_supervisor]: Selected controllable event: EV_search_object
[INFO] [1789489935.722475922] [robot_0.robot_supervisor]: ############################# VISIBLE: EV_object_visible #############################
[INFO] [1789489935.731157113] [robot_0.robot_supervisor]: Selected controllable event: EV_search_object
[INFO] [1789489935.913793732] [robot_0.robot_supervisor]: Selected controllable event: EV_move_forward
[INFO] [1789489936.117568154] [robot_0.robot_supervisor]: Selected controllable event: EV_search_color
[INFO] [1789489936.317704398] [robot_0.robot_supervisor]: ############################# VISIBLE: EV_object_visible #############################
[INFO] [1789489936.318315351] [robot_0.robot_supervisor]: Selected controllable event: EV_search_object
[INFO] [1789489936.529739298] [robot_0.robot_supervisor]: Selected controllable event: EV_search_color
[INFO] [1789489936.716128937] [robot_0.robot_supervisor]: Selected controllable event: EV_search_color
[INFO] [1789489936.921461469] [robot_0.robot_supervisor]: ############################# VISIBLE: EV_object_visible #############################
[INFO] [1789489936.923474990] [robot_0.robot_supervisor]: Selected controllable event: EV_approach_color
[INFO] [1789489937.218944057] [robot_0.robot_supervisor]: Selected controllable event: EV_search_color
[INFO] [1789489937.325376979] [robot_0.robot_supervisor]: Selected controllable event: EV_approach_color
[INFO] [1789489937.628771241] [robot_0.robot_supervisor]: ############################# VISIBLE: EV_object_visible #############################
[INFO] [1789489937.629472696] [robot_0.robot_supervisor]: Selected controllable event: EV_search_object
[INFO] [1789489937.830462379] [robot_0.robot_supervisor]: Selected controllable event: EV_search_color
[INFO] [1789489938.020644363] [robot_0.robot_supervisor]: ############################# VISIBLE: EV_object_visible #############################
[INFO] [1789489938.021370434] [robot_0.robot_supervisor]: Selected controllable event: EV_approach_color
[INFO] [1789489938.310581371] [robot_0.robot_supervisor]: Selected controllable event: EV_search_color
[INFO] [1789489938.424485429] [robot_0.robot_supervisor]: Selected controllable event: EV_approach_object
[INFO] [1789489938.718256340] [robot_0.robot_supervisor]: ############################# VISIBLE: EV_object_visible #############################
[INFO] [1789489938.719018619] [robot_0.robot_supervisor]: Selected controllable event: EV_approach_object
[INFO] [1789489938.923938287] [robot_0.robot_supervisor]: Selected controllable event: EV_search_object
[INFO] [1789489939.114475735] [robot_0.robot_supervisor]: ############################# VISIBLE: EV_object_visible #############################
[INFO] [1789489939.115286417] [robot_0.robot_supervisor]: Selected controllable event: EV_move_forward
[INFO] [1789489939.411362309] [robot_0.robot_supervisor]: Selected controllable event: EV_search_color
[INFO] [1789489939.548974407] [robot_0.robot_supervisor]: Selected controllable event: EV_search_color
[INFO] [1789489939.712895801] [robot_0.robot_supervisor]: ############################# VISIBLE: EV_object_visible #############################
[INFO] [1789489939.713703028] [robot_0.robot_supervisor]: Selected controllable event: EV_move_forward
[INFO] [1789489939.933955105] [robot_0.robot_supervisor]: Selected controllable event: EV_approach_object
[INFO] [1789489940.219152918] [robot_0.robot_supervisor]: Selected controllable event: EV_search_color
[INFO] [1789489940.321929262] [robot_0.robot_supervisor]: Triggered uncontrollable event: EV_obstacle_left
[INFO] [1789489940.333592312] [robot_0.robot_supervisor]: ############################# VISIBLE: EV_object_visible #############################
[INFO] [1789489940.339496267] [robot_0.robot_supervisor]: Selected controllable event: EV_rotate_clockwise
[INFO] [1789489940.526266184] [robot_0.robot_supervisor]: Triggered uncontrollable event: EV_obstacle_left
[INFO] [1789489940.532070496] [robot_0.robot_supervisor]: Selected controllable event: EV_rotate_clockwise
[INFO] [1789489940.721710765] [robot_0.robot_supervisor]: Triggered uncontrollable event: EV_obstacle_left
[INFO] [1789489940.732528494] [robot_0.robot_supervisor]: Selected controllable event: EV_rotate_clockwise
[INFO] [1789489940.931828833] [robot_0.robot_supervisor]: Triggered uncontrollable event: EV_obstacle_left
[INFO] [1789489940.934013948] [robot_0.robot_supervisor]: ############################# VISIBLE: EV_object_visible #############################
[INFO] [1789489940.938825794] [robot_0.robot_supervisor]: Selected controllable event: EV_rotate_clockwise
[INFO] [1789489941.123922253] [robot_0.robot_supervisor]: Triggered uncontrollable event: EV_obstacle_left
[INFO] [1789489941.124751777] [robot_0.robot_supervisor]: Selected controllable event: EV_u_turn
[INFO] [1789489941.125421581] [robot_0.robot_supervisor]: Starting FULL ROTATE (omega=1.000, have_odom=True, target_rad=3.142, timeout_s=3.500)
[INFO] [1789489944.715455846] [robot_0.robot_supervisor]: FULL ROTATE completed by timeout
[INFO] [1789489944.917661010] [robot_0.robot_supervisor]: Triggered uncontrollable event: EV_obstacle_right
[INFO] [1789489944.934590545] [robot_0.robot_supervisor]: ############################# VISIBLE: EV_object_visible #############################
[INFO] [1789489944.935368262] [robot_0.robot_supervisor]: Selected controllable event: EV_rotate_counterclockwise
[WARN] [1789489944.936041211] [robot_0.robot_supervisor]: no translation for 5.2s livelock detected; starting atomic escape (turn_sign=+1)
[INFO] [1789489947.529177290] [robot_0.robot_supervisor]: Zone-livelock escape completed
[INFO] [1789489947.808686791] [robot_0.robot_supervisor]: ############################# REACHED: EV_object_reached #############################
[INFO] [1789489947.809502503] [robot_0.robot_supervisor]: Selected controllable event: EV_approach_color
[INFO] [1789489948.020369750] [robot_0.robot_supervisor]: ############################# REACHED: EV_object_reached #############################
[INFO] [1789489948.039356244] [robot_0.robot_supervisor]: Selected controllable event: EV_search_object
[INFO] [1789489948.221047831] [robot_0.robot_supervisor]: Selected controllable event: EV_approach_object
[INFO] [1789489948.527222981] [robot_0.robot_supervisor]: ############################# REACHED: EV_object_reached #############################
[INFO] [1789489948.533538077] [robot_0.robot_supervisor]: Selected controllable event: EV_move_forward
[INFO] [1789489948.814707298] [robot_0.robot_supervisor]: Selected controllable event: EV_approach_object
[INFO] [1789489949.125325349] [robot_0.robot_supervisor]: ############################# VISIBLE: EV_object_visible #############################
[INFO] [1789489949.126049319] [robot_0.robot_supervisor]: Selected controllable event: EV_approach_color
[INFO] [1789489949.420441974] [robot_0.robot_supervisor]: Selected controllable event: EV_move_forward
[INFO] [1789489949.722970703] [robot_0.robot_supervisor]: ############################# VISIBLE: EV_object_visible #############################
[INFO] [1789489949.723697221] [robot_0.robot_supervisor]: Selected controllable event: EV_search_color
[INFO] [1789489949.920534765] [robot_0.robot_supervisor]: Selected controllable event: EV_approach_object
[INFO] [1789489950.138078805] [robot_0.robot_supervisor]: ############################# VISIBLE: EV_object_visible #############################
[INFO] [1789489950.138784751] [robot_0.robot_supervisor]: Selected controllable event: EV_move_forward
[INFO] [1789489950.426385368] [robot_0.robot_supervisor]: Selected controllable event: EV_approach_color
[INFO] [1789489950.715099739] [robot_0.robot_supervisor]: ############################# VISIBLE: EV_object_visible #############################
[INFO] [1789489950.715906961] [robot_0.robot_supervisor]: Selected controllable event: EV_search_object
[INFO] [1789489950.829335393] [robot_0.robot_supervisor]: Selected controllable event: EV_approach_color
[INFO] [1789489951.126352790] [robot_0.robot_supervisor]: Selected controllable event: EV_search_object
[INFO] [1789489951.333985237] [robot_0.robot_supervisor]: ############################# VISIBLE: EV_object_visible #############################
[INFO] [1789489951.344360513] [robot_0.robot_supervisor]: Selected controllable event: EV_approach_object
[INFO] [1789489951.615522543] [robot_0.robot_supervisor]: Selected controllable event: EV_approach_object
[INFO] [1789489951.819269183] [robot_0.robot_supervisor]: ############################# VISIBLE: EV_object_visible #############################
[INFO] [1789489951.819885517] [robot_0.robot_supervisor]: Selected controllable event: EV_approach_color
[INFO] [1789489952.025353929] [robot_0.robot_supervisor]: Selected controllable event: EV_move_forward
[INFO] [1789489952.319211980] [robot_0.robot_supervisor]: ############################# VISIBLE: EV_object_visible #############################
[INFO] [1789489952.319813545] [robot_0.robot_supervisor]: Selected controllable event: EV_approach_object
[INFO] [1789489952.521728518] [robot_0.robot_supervisor]: Selected controllable event: EV_approach_color
[INFO] [1789489952.733125005] [robot_0.robot_supervisor]: Selected controllable event: EV_search_object
[INFO] [1789489952.908496482] [robot_0.robot_supervisor]: ############################# VISIBLE: EV_object_visible #############################
[INFO] [1789489952.909229775] [robot_0.robot_supervisor]: Selected controllable event: EV_move_forward
[INFO] [1789489953.110697712] [robot_0.robot_supervisor]: Selected controllable event: EV_search_object
[INFO] [1789489953.217715918] [robot_0.robot_supervisor]: Selected controllable event: EV_search_color
[INFO] [1789489953.328122450] [robot_0.robot_supervisor]: Selected controllable event: EV_search_color
[INFO] [1789489953.509798639] [robot_0.robot_supervisor]: Triggered uncontrollable event: EV_obstacle_front
[INFO] [1789489953.510306999] [robot_0.robot_supervisor]: ############################# VISIBLE: EV_object_visible #############################
[INFO] [1789489953.533780132] [robot_0.robot_supervisor]: Selected controllable event: EV_rotate_counterclockwise
[INFO] [1789489953.716505146] [robot_0.robot_supervisor]: Triggered uncontrollable event: EV_obstacle_front
[INFO] [1789489953.718508656] [robot_0.robot_supervisor]: Selected controllable event: EV_u_turn
[INFO] [1789489953.728726732] [robot_0.robot_supervisor]: Starting FULL ROTATE (omega=1.000, have_odom=True, target_rad=3.142, timeout_s=3.500)
[INFO] [1789489957.014810573] [robot_0.robot_supervisor]: FULL ROTATE completed by odom (accum_rad=3.200)
[INFO] [1789489957.316896613] [robot_0.robot_supervisor]: ############################# VISIBLE: EV_object_visible #############################
[INFO] [1789489957.325761859] [robot_0.robot_supervisor]: Selected controllable event: EV_search_color
[INFO] [1789489957.514844177] [robot_0.robot_supervisor]: ############################# VISIBLE: EV_object_visible #############################
[INFO] [1789489957.519790124] [robot_0.robot_supervisor]: Selected controllable event: EV_approach_object
[INFO] [1789489957.832946659] [robot_0.robot_supervisor]: Selected controllable event: EV_move_forward
[INFO] [1789489958.110443991] [robot_0.robot_supervisor]: ############################# VISIBLE: EV_object_visible #############################
[INFO] [1789489958.111080138] [robot_0.robot_supervisor]: Selected controllable event: EV_move_forward
[INFO] [1789489958.422969830] [robot_0.robot_supervisor]: Selected controllable event: EV_search_object
[INFO] [1789489958.617994178] [robot_0.robot_supervisor]: Triggered uncontrollable event: EV_object_not_visible
[INFO] [1789489958.621440325] [robot_0.robot_supervisor]: Selected controllable event: EV_approach_color
[INFO] [1789489958.928265901] [robot_0.robot_supervisor]: Selected controllable event: EV_move_forward
[INFO] [1789489959.208775136] [robot_0.robot_supervisor]: Triggered uncontrollable event: EV_object_not_visible
[INFO] [1789489959.209538495] [robot_0.robot_supervisor]: Selected controllable event: EV_approach_object
[INFO] [1789489959.522270667] [robot_0.robot_supervisor]: Selected controllable event: EV_search_object
[INFO] [1789489959.632994720] [robot_0.robot_supervisor]: Triggered uncontrollable event: EV_object_not_visible
[INFO] [1789489959.647379489] [robot_0.robot_supervisor]: Selected controllable event: EV_move_forward
[INFO] [1789489959.910389618] [robot_0.robot_supervisor]: Selected controllable event: EV_search_color
[INFO] [1789489960.012631665] [robot_0.robot_supervisor]: Selected controllable event: EV_approach_color
[INFO] [1789489960.214899633] [robot_0.robot_supervisor]: Triggered uncontrollable event: EV_object_not_visible
[INFO] [1789489960.217778940] [robot_0.robot_supervisor]: Selected controllable event: EV_search_color
[INFO] [1789489960.411031671] [robot_0.robot_supervisor]: Selected controllable event: EV_approach_color
[INFO] [1789489960.741561569] [robot_0.robot_supervisor]: Selected controllable event: EV_approach_color
[INFO] [1789489961.012144695] [robot_0.robot_supervisor]: Triggered uncontrollable event: EV_object_not_visible
[INFO] [1789489961.012877517] [robot_0.robot_supervisor]: Selected controllable event: EV_move_forward
[INFO] [1789489961.215777038] [robot_0.robot_supervisor]: Selected controllable event: EV_search_color
[INFO] [1789489961.415958296] [robot_0.robot_supervisor]: Triggered uncontrollable event: EV_object_not_visible
[INFO] [1789489961.419436874] [robot_0.robot_supervisor]: Selected controllable event: EV_approach_object
[INFO] [1789489961.723446808] [robot_0.robot_supervisor]: Selected controllable event: EV_approach_object
[INFO] [1789489962.009074832] [robot_0.robot_supervisor]: Triggered uncontrollable event: EV_object_not_visible
[INFO] [1789489962.011657406] [robot_0.robot_supervisor]: Selected controllable event: EV_approach_color
[INFO] [1789489962.217327302] [robot_0.robot_supervisor]: Selected controllable event: EV_search_object
[INFO] [1789489962.327936910] [robot_0.robot_supervisor]: Selected controllable event: EV_approach_object
[INFO] [1789489962.615404735] [robot_0.robot_supervisor]: Triggered uncontrollable event: EV_object_not_visible
[INFO] [1789489962.616112760] [robot_0.robot_supervisor]: Selected controllable event: EV_approach_color
[INFO] [1789489962.921181922] [robot_0.robot_supervisor]: Selected controllable event: EV_search_object
[INFO] [1789489963.027533863] [robot_0.robot_supervisor]: Selected controllable event: EV_search_color
[INFO] [1789489963.210502090] [robot_0.robot_supervisor]: Triggered uncontrollable event: EV_object_not_visible
[INFO] [1789489963.213313297] [robot_0.robot_supervisor]: Selected controllable event: EV_search_color
[INFO] [1789489963.319132121] [robot_0.robot_supervisor]: Selected controllable event: EV_search_color
[INFO] [1789489963.508691557] [robot_0.robot_supervisor]: Triggered uncontrollable event: EV_object_not_visible
[INFO] [1789489963.509431023] [robot_0.robot_supervisor]: Selected controllable event: EV_approach_color
[INFO] [1789489963.714318665] [robot_0.robot_supervisor]: Selected controllable event: EV_search_object
[INFO] [1789489963.909241415] [robot_0.robot_supervisor]: Selected controllable event: EV_search_color
[INFO] [1789489964.025105355] [robot_0.robot_supervisor]: Selected controllable event: EV_search_color
[INFO] [1789489964.212108291] [robot_0.robot_supervisor]: ############################# VISIBLE: EV_object_visible #############################
[INFO] [1789489964.212808005] [robot_0.robot_supervisor]: Selected controllable event: EV_approach_color
[INFO] [1789489964.521913773] [robot_0.robot_supervisor]: Selected controllable event: EV_search_color
[INFO] [1789489964.711793173] [robot_0.robot_supervisor]: Selected controllable event: EV_approach_object
[INFO] [1789489965.021626679] [robot_0.robot_supervisor]: ############################# VISIBLE: EV_object_visible #############################
[INFO] [1789489965.030943584] [robot_0.robot_supervisor]: Selected controllable event: EV_approach_object
[INFO] [1789489965.315620449] [robot_0.robot_supervisor]: ############################# VISIBLE: EV_object_visible #############################
[INFO] [1789489965.333694732] [robot_0.robot_supervisor]: Selected controllable event: EV_move_forward
[INFO] [1789489965.608559785] [robot_0.robot_supervisor]: Selected controllable event: EV_approach_object
[INFO] [1789489965.822270744] [robot_0.robot_supervisor]: ############################# VISIBLE: EV_object_visible #############################
[INFO] [1789489965.823052405] [robot_0.robot_supervisor]: Selected controllable event: EV_search_color
[INFO] [1789489966.026029092] [robot_0.robot_supervisor]: Selected controllable event: EV_search_object
[INFO] [1789489966.223134902] [robot_0.robot_supervisor]: Selected controllable event: EV_search_color
[INFO] [1789489966.416272992] [robot_0.robot_supervisor]: ############################# VISIBLE: EV_object_visible #############################
[INFO] [1789489966.417034211] [robot_0.robot_supervisor]: Selected controllable event: EV_approach_object
[INFO] [1789489966.726143999] [robot_0.robot_supervisor]: Selected controllable event: EV_search_object
[INFO] [1789489966.912138667] [robot_0.robot_supervisor]: Selected controllable event: EV_move_forward
[INFO] [1789489967.127776566] [robot_0.robot_supervisor]: ############################# VISIBLE: EV_object_visible #############################
[INFO] [1789489967.128528231] [robot_0.robot_supervisor]: Selected controllable event: EV_search_object
[INFO] [1789489967.323602710] [robot_0.robot_supervisor]: Selected controllable event: EV_search_object
[INFO] [1789489967.430717679] [robot_0.robot_supervisor]: ############################# VISIBLE: EV_object_visible #############################
[INFO] [1789489967.439082115] [robot_0.robot_supervisor]: Selected controllable event: EV_move_forward
[INFO] [1789489967.711627886] [robot_0.robot_supervisor]: Selected controllable event: EV_move_forward
[INFO] [1789489967.917843614] [robot_0.robot_supervisor]: Selected controllable event: EV_move_forward
[INFO] [1789489968.121539603] [robot_0.robot_supervisor]: Selected controllable event: EV_move_forward
[INFO] [1789489968.409114717] [robot_0.robot_supervisor]: ############################# VISIBLE: EV_object_visible #############################
[INFO] [1789489968.409807192] [robot_0.robot_supervisor]: Selected controllable event: EV_move_forward
[INFO] [1789489968.618469059] [robot_0.robot_supervisor]: Selected controllable event: EV_search_color
[INFO] [1789489968.810756161] [robot_0.robot_supervisor]: ############################# VISIBLE: EV_object_visible #############################
[INFO] [1789489968.816028535] [robot_0.robot_supervisor]: Selected controllable event: EV_move_forward
[INFO] [1789489969.113415865] [robot_0.robot_supervisor]: Selected controllable event: EV_approach_object
[INFO] [1789489969.321280600] [robot_0.robot_supervisor]: ############################# VISIBLE: EV_object_visible #############################
[INFO] [1789489969.327666469] [robot_0.robot_supervisor]: Selected controllable event: EV_move_forward
[INFO] [1789489969.615958174] [robot_0.robot_supervisor]: Selected controllable event: EV_search_color
[INFO] [1789489969.719150722] [robot_0.robot_supervisor]: Selected controllable event: EV_approach_color
[INFO] [1789489970.029271297] [robot_0.robot_supervisor]: ############################# VISIBLE: EV_object_visible #############################
[INFO] [1789489970.037479881] [robot_0.robot_supervisor]: Selected controllable event: EV_search_color
[INFO] [1789489970.218591610] [robot_0.robot_supervisor]: Selected controllable event: EV_search_color
[INFO] [1789489970.435112250] [robot_0.robot_supervisor]: ############################# VISIBLE: EV_object_visible #############################
[INFO] [1789489970.435781745] [robot_0.robot_supervisor]: Selected controllable event: EV_approach_object
[INFO] [1789489970.712415374] [robot_0.robot_supervisor]: ############################# VISIBLE: EV_object_visible #############################
[INFO] [1789489970.721802420] [robot_0.robot_supervisor]: Selected controllable event: EV_approach_color
[INFO] [1789489971.008918814] [robot_0.robot_supervisor]: Selected controllable event: EV_approach_object
[INFO] [1789489971.218558892] [robot_0.robot_supervisor]: ############################# VISIBLE: EV_object_visible #############################
[INFO] [1789489971.219271752] [robot_0.robot_supervisor]: Selected controllable event: EV_approach_color
[INFO] [1789489971.519328980] [robot_0.robot_supervisor]: Selected controllable event: EV_search_object
[INFO] [1789489971.729377942] [robot_0.robot_supervisor]: ############################# VISIBLE: EV_object_visible #############################
[INFO] [1789489971.737301717] [robot_0.robot_supervisor]: Selected controllable event: EV_approach_object
[INFO] [1789489972.022903188] [robot_0.robot_supervisor]: Selected controllable event: EV_search_object
[INFO] [1789489972.208968837] [robot_0.robot_supervisor]: Triggered uncontrollable event: EV_obstacle_front
[INFO] [1789489972.210372220] [robot_0.robot_supervisor]: ############################# VISIBLE: EV_object_visible #############################
[INFO] [1789489972.212625270] [robot_0.robot_supervisor]: Selected controllable event: EV_u_turn
[INFO] [1789489972.213258437] [robot_0.robot_supervisor]: Starting FULL ROTATE (omega=1.000, have_odom=True, target_rad=3.142, timeout_s=3.500)
[INFO] [1789489975.718879819] [robot_0.robot_supervisor]: FULL ROTATE completed by timeout
[INFO] [1789489975.913355715] [robot_0.robot_supervisor]: ############################# VISIBLE: EV_object_visible #############################
[INFO] [1789489975.914100274] [robot_0.robot_supervisor]: Selected controllable event: EV_move_forward
[INFO] [1789489976.125840382] [robot_0.robot_supervisor]: Selected controllable event: EV_search_object
[INFO] [1789489976.326551125] [robot_0.robot_supervisor]: Selected controllable event: EV_approach_object
[INFO] [1789489976.621471872] [robot_0.robot_supervisor]: ############################# VISIBLE: EV_object_visible #############################
[INFO] [1789489976.622147939] [robot_0.robot_supervisor]: Selected controllable event: EV_search_object
[INFO] [1789489976.808439130] [robot_0.robot_supervisor]: Selected controllable event: EV_move_forward
[INFO] [1789489977.020975461] [robot_0.robot_supervisor]: ############################# VISIBLE: EV_object_visible #############################
[INFO] [1789489977.032653738] [robot_0.robot_supervisor]: Selected controllable event: EV_approach_object
[INFO] [1789489977.318210891] [robot_0.robot_supervisor]: Selected controllable event: EV_approach_color
[INFO] [1789489977.615821203] [robot_0.robot_supervisor]: ############################# VISIBLE: EV_object_visible #############################
[INFO] [1789489977.620701032] [robot_0.robot_supervisor]: Selected controllable event: EV_approach_object
[INFO] [1789489977.918690424] [robot_0.robot_supervisor]: Selected controllable event: EV_approach_color
[INFO] [1789489978.120412130] [robot_0.robot_supervisor]: ############################# VISIBLE: EV_object_visible #############################
[INFO] [1789489978.121109757] [robot_0.robot_supervisor]: Selected controllable event: EV_search_color
[INFO] [1789489978.328096992] [robot_0.robot_supervisor]: Selected controllable event: EV_search_object
[INFO] [1789489978.522189740] [robot_0.robot_supervisor]: Selected controllable event: EV_search_object
[INFO] [1789489978.725578321] [robot_0.robot_supervisor]: ############################# VISIBLE: EV_object_visible #############################
[INFO] [1789489978.732235077] [robot_0.robot_supervisor]: Selected controllable event: EV_approach_object
[INFO] [1789489979.017333842] [robot_0.robot_supervisor]: Selected controllable event: EV_move_forward
[INFO] [1789489979.333108781] [robot_0.robot_supervisor]: ############################# VISIBLE: EV_object_visible #############################
[INFO] [1789489979.333822546] [robot_0.robot_supervisor]: Selected controllable event: EV_search_object
[INFO] [1789489979.519319024] [robot_0.robot_supervisor]: Selected controllable event: EV_approach_color
[INFO] [1789489979.812091838] [robot_0.robot_supervisor]: ############################# VISIBLE: EV_object_visible #############################
[INFO] [1789489979.812795913] [robot_0.robot_supervisor]: Selected controllable event: EV_move_forward
[INFO] [1789489980.125220688] [robot_0.robot_supervisor]: Selected controllable event: EV_approach_object
[INFO] [1789489980.418911349] [robot_0.robot_supervisor]: ############################# VISIBLE: EV_object_visible #############################
[INFO] [1789489980.428455718] [robot_0.robot_supervisor]: Selected controllable event: EV_search_color
[INFO] [1789489980.615199497] [robot_0.robot_supervisor]: Selected controllable event: EV_search_object
[INFO] [1789489980.808457266] [robot_0.robot_supervisor]: ############################# VISIBLE: EV_object_visible #############################
[INFO] [1789489980.809570444] [robot_0.robot_supervisor]: Selected controllable event: EV_approach_color
[INFO] [1789489981.020469336] [robot_0.robot_supervisor]: Selected controllable event: EV_search_color
[INFO] [1789489981.212968388] [robot_0.robot_supervisor]: Selected controllable event: EV_move_forward
[INFO] [1789489981.443772795] [robot_0.robot_supervisor]: ############################# VISIBLE: EV_object_visible #############################
[INFO] [1789489981.445616165] [robot_0.robot_supervisor]: Selected controllable event: EV_approach_color
[INFO] [1789489981.722383054] [robot_0.robot_supervisor]: Selected controllable event: EV_search_object
[INFO] [1789489981.911114798] [robot_0.robot_supervisor]: ############################# VISIBLE: EV_object_visible #############################
[INFO] [1789489981.925398052] [robot_0.robot_supervisor]: Selected controllable event: EV_approach_object
[INFO] [1789489982.224406515] [robot_0.robot_supervisor]: Selected controllable event: EV_search_object
[INFO] [1789489982.413917820] [robot_0.robot_supervisor]: Triggered uncontrollable event: EV_obstacle_right
[INFO] [1789489982.414811435] [robot_0.robot_supervisor]: ############################# REACHED: EV_object_reached #############################
[INFO] [1789489982.415559865] [robot_0.robot_supervisor]: Selected controllable event: EV_rotate_counterclockwise
[INFO] [1789489982.622717985] [robot_0.robot_supervisor]: Triggered uncontrollable event: EV_obstacle_right
[INFO] [1789489982.623468614] [robot_0.robot_supervisor]: Selected controllable event: EV_u_turn
[INFO] [1789489982.624018493] [robot_0.robot_supervisor]: Starting FULL ROTATE (omega=1.000, have_odom=True, target_rad=3.142, timeout_s=3.500)
[INFO] [1789489986.229343177] [robot_0.robot_supervisor]: FULL ROTATE completed by timeout
[INFO] [1789489986.516176704] [robot_0.robot_supervisor]: ############################# REACHED: EV_object_reached #############################
[INFO] [1789489986.525812520] [robot_0.robot_supervisor]: Selected controllable event: EV_approach_object
[INFO] [1789489986.810728861] [robot_0.robot_supervisor]: ############################# REACHED: EV_object_reached #############################
[INFO] [1789489986.813448618] [robot_0.robot_supervisor]: Selected controllable event: EV_search_color
[INFO] [1789489986.928663407] [robot_0.robot_supervisor]: Selected controllable event: EV_approach_color
[INFO] [1789489987.224905638] [robot_0.robot_supervisor]: Selected controllable event: EV_search_object
[INFO] [1789489987.410604938] [robot_0.robot_supervisor]: ############################# VISIBLE: EV_object_visible #############################
[INFO] [1789489987.417333674] [robot_0.robot_supervisor]: Selected controllable event: EV_approach_color
[INFO] [1789489987.627157078] [robot_0.robot_supervisor]: Selected controllable event: EV_search_color
[INFO] [1789489987.828371792] [robot_0.robot_supervisor]: Selected controllable event: EV_approach_object
[INFO] [1789489988.110124447] [robot_0.robot_supervisor]: ############################# VISIBLE: EV_object_visible #############################
[INFO] [1789489988.112425861] [robot_0.robot_supervisor]: Selected controllable event: EV_approach_color
[INFO] [1789489988.321119423] [robot_0.robot_supervisor]: Selected controllable event: EV_approach_color
[INFO] [1789489988.624132268] [robot_0.robot_supervisor]: ############################# VISIBLE: EV_object_visible #############################
[INFO] [1789489988.624910549] [robot_0.robot_supervisor]: Selected controllable event: EV_search_object
[INFO] [1789489988.810211936] [robot_0.robot_supervisor]: Selected controllable event: EV_approach_color
[INFO] [1789489989.019222315] [robot_0.robot_supervisor]: Selected controllable event: EV_approach_color
[INFO] [1789489989.330438185] [robot_0.robot_supervisor]: ############################# VISIBLE: EV_object_visible #############################
[INFO] [1789489989.331134049] [robot_0.robot_supervisor]: Selected controllable event: EV_search_color
[INFO] [1789489989.517174735] [robot_0.robot_supervisor]: Selected controllable event: EV_move_forward
[INFO] [1789489989.810288830] [robot_0.robot_supervisor]: ############################# VISIBLE: EV_object_visible #############################
[INFO] [1789489989.811050444] [robot_0.robot_supervisor]: Selected controllable event: EV_search_object
[INFO] [1789489989.917793143] [robot_0.robot_supervisor]: Selected controllable event: EV_approach_object
[INFO] [1789489990.228974559] [robot_0.robot_supervisor]: ############################# VISIBLE: EV_object_visible #############################
[INFO] [1789489990.229758826] [robot_0.robot_supervisor]: Selected controllable event: EV_search_object
[INFO] [1789489990.416005226] [robot_0.robot_supervisor]: Selected controllable event: EV_search_color
[INFO] [1789489990.518503962] [robot_0.robot_supervisor]: Selected controllable event: EV_search_object
[INFO] [1789489990.715183620] [robot_0.robot_supervisor]: ############################# VISIBLE: EV_object_visible #############################
[INFO] [1789489990.722374770] [robot_0.robot_supervisor]: Selected controllable event: EV_search_object
[INFO] [1789489990.914422221] [robot_0.robot_supervisor]: Selected controllable event: EV_approach_object
[INFO] [1789489991.213525333] [robot_0.robot_supervisor]: Selected controllable event: EV_search_color
[INFO] [1789489991.422173560] [robot_0.robot_supervisor]: ############################# VISIBLE: EV_object_visible #############################
[INFO] [1789489991.422948089] [robot_0.robot_supervisor]: Selected controllable event: EV_move_forward
[INFO] [1789489991.719295803] [robot_0.robot_supervisor]: Selected controllable event: EV_search_object
[INFO] [1789489991.827037699] [robot_0.robot_supervisor]: Selected controllable event: EV_approach_color
[INFO] [1789489992.114020979] [robot_0.robot_supervisor]: ############################# VISIBLE: EV_object_visible #############################
[INFO] [1789489992.118182528] [robot_0.robot_supervisor]: Selected controllable event: EV_search_object
[INFO] [1789489992.321122191] [robot_0.robot_supervisor]: Selected controllable event: EV_approach_color
[INFO] [1789489992.615528733] [robot_0.robot_supervisor]: ############################# VISIBLE: EV_object_visible #############################
[INFO] [1789489992.620500549] [robot_0.robot_supervisor]: Selected controllable event: EV_search_object
[INFO] [1789489992.821457003] [robot_0.robot_supervisor]: Selected controllable event: EV_move_forward
[INFO] [1789489993.113664389] [robot_0.robot_supervisor]: Selected controllable event: EV_move_forward
[INFO] [1789489993.322366283] [robot_0.robot_supervisor]: ############################# VISIBLE: EV_object_visible #############################
[INFO] [1789489993.323084568] [robot_0.robot_supervisor]: Selected controllable event: EV_approach_object
[INFO] [1789489993.551065754] [robot_0.robot_supervisor]: Selected controllable event: EV_approach_color
[INFO] [1789489993.811457292] [robot_0.robot_supervisor]: ############################# VISIBLE: EV_object_visible #############################
[INFO] [1789489993.817510814] [robot_0.robot_supervisor]: Selected controllable event: EV_search_object
[INFO] [1789489993.927551877] [robot_0.robot_supervisor]: Selected controllable event: EV_move_forward
[INFO] [1789489994.213417315] [robot_0.robot_supervisor]: ############################# VISIBLE: EV_object_visible #############################
[INFO] [1789489994.214943822] [robot_0.robot_supervisor]: Selected controllable event: EV_search_color
[INFO] [1789489994.324816506] [robot_0.robot_supervisor]: Selected controllable event: EV_search_color
[INFO] [1789489994.528280647] [robot_0.robot_supervisor]: Selected controllable event: EV_approach_color
[INFO] [1789489994.819905542] [robot_0.robot_supervisor]: Selected controllable event: EV_approach_object
[INFO] [1789489995.026897872] [robot_0.robot_supervisor]: ############################# VISIBLE: EV_object_visible #############################
[INFO] [1789489995.028634718] [robot_0.robot_supervisor]: Selected controllable event: EV_search_color
[INFO] [1789489995.214023741] [robot_0.robot_supervisor]: Selected controllable event: EV_approach_color
[INFO] [1789489995.422064194] [robot_0.robot_supervisor]: ############################# VISIBLE: EV_object_visible #############################
[INFO] [1789489995.427588936] [robot_0.robot_supervisor]: Selected controllable event: EV_move_forward
[INFO] [1789489995.709106504] [robot_0.robot_supervisor]: Selected controllable event: EV_search_object
[INFO] [1789489995.822968389] [robot_0.robot_supervisor]: Selected controllable event: EV_move_forward
[INFO] [1789489996.026176428] [robot_0.robot_supervisor]: Selected controllable event: EV_search_color
[INFO] [1789489996.231564072] [robot_0.robot_supervisor]: ############################# VISIBLE: EV_object_visible #############################
[INFO] [1789489996.232272273] [robot_0.robot_supervisor]: Selected controllable event: EV_approach_color
[INFO] [1789489996.516045844] [robot_0.robot_supervisor]: Selected controllable event: EV_approach_object
[INFO] [1789489996.827507490] [robot_0.robot_supervisor]: ############################# VISIBLE: EV_object_visible #############################
[INFO] [1789489996.828181732] [robot_0.robot_supervisor]: Selected controllable event: EV_move_forward
[INFO] [1789489997.111336437] [robot_0.robot_supervisor]: Selected controllable event: EV_approach_color
[INFO] [1789489997.323788619] [robot_0.robot_supervisor]: ############################# VISIBLE: EV_object_visible #############################
[INFO] [1789489997.330312238] [robot_0.robot_supervisor]: Selected controllable event: EV_search_object
[INFO] [1789489997.509155266] [robot_0.robot_supervisor]: Selected controllable event: EV_approach_object
[INFO] [1789489997.721502236] [robot_0.robot_supervisor]: Selected controllable event: EV_search_color
[INFO] [1789489997.913387987] [robot_0.robot_supervisor]: ############################# VISIBLE: EV_object_visible #############################
[INFO] [1789489997.914070990] [robot_0.robot_supervisor]: Selected controllable event: EV_move_forward
[INFO] [1789489998.115323091] [robot_0.robot_supervisor]: Selected controllable event: EV_search_color
[INFO] [1789489998.221738090] [robot_0.robot_supervisor]: Selected controllable event: EV_approach_object
[INFO] [1789489998.514954883] [robot_0.robot_supervisor]: ############################# VISIBLE: EV_object_visible #############################
[INFO] [1789489998.522269380] [robot_0.robot_supervisor]: Selected controllable event: EV_approach_object
[INFO] [1789489998.812119137] [robot_0.robot_supervisor]: Selected controllable event: EV_search_color
[INFO] [1789489999.012833103] [robot_0.robot_supervisor]: ############################# VISIBLE: EV_object_visible #############################
[INFO] [1789489999.013566319] [robot_0.robot_supervisor]: Selected controllable event: EV_search_color
[INFO] [1789489999.211162976] [robot_0.robot_supervisor]: Selected controllable event: EV_approach_color
[INFO] [1789489999.429947710] [robot_0.robot_supervisor]: Selected controllable event: EV_approach_object
[INFO] [1789489999.729178173] [robot_0.robot_supervisor]: ############################# VISIBLE: EV_object_visible #############################
[INFO] [1789489999.731468106] [robot_0.robot_supervisor]: Selected controllable event: EV_search_object
[INFO] [1789489999.912481064] [robot_0.robot_supervisor]: Selected controllable event: EV_move_forward
[INFO] [1789490000.209279645] [robot_0.robot_supervisor]: Selected controllable event: EV_approach_color
[INFO] [1789490000.421867704] [robot_0.robot_supervisor]: ############################# VISIBLE: EV_object_visible #############################
[INFO] [1789490000.424898037] [robot_0.robot_supervisor]: Selected controllable event: EV_search_color
[INFO] [1789490000.613922490] [robot_0.robot_supervisor]: Selected controllable event: EV_search_color
[INFO] [1789490000.832157107] [robot_0.robot_supervisor]: Selected controllable event: EV_move_forward
[INFO] [1789490001.109544978] [robot_0.robot_supervisor]: Triggered uncontrollable event: EV_obstacle_right
[INFO] [1789490001.110185316] [robot_0.robot_supervisor]: ############################# REACHED: EV_object_reached #############################
[INFO] [1789490001.111049515] [robot_0.robot_supervisor]: Selected controllable event: EV_rotate_counterclockwise
[INFO] [1789490001.223137584] [robot_0.robot_supervisor]: Triggered uncontrollable event: EV_obstacle_right
[INFO] [1789490001.224123541] [robot_0.robot_supervisor]: Selected controllable event: EV_u_turn
[INFO] [1789490001.229918606] [robot_0.robot_supervisor]: Starting FULL ROTATE (omega=1.000, have_odom=True, target_rad=3.142, timeout_s=3.500)
[INFO] [1789490004.824236878] [robot_0.robot_supervisor]: FULL ROTATE completed by timeout
[INFO] [1789490005.112581156] [robot_0.robot_supervisor]: ############################# REACHED: EV_object_reached #############################
[INFO] [1789490005.117811728] [robot_0.robot_supervisor]: Selected controllable event: EV_approach_color
[INFO] [1789490005.428623492] [robot_0.robot_supervisor]: ############################# REACHED: EV_object_reached #############################
[INFO] [1789490005.429432302] [robot_0.robot_supervisor]: Selected controllable event: EV_search_color
[INFO] [1789490005.637689069] [robot_0.robot_supervisor]: Selected controllable event: EV_approach_object
[INFO] [1789490005.917892200] [robot_0.robot_supervisor]: Selected controllable event: EV_search_object
[INFO] [1789490006.127313229] [robot_0.robot_supervisor]: ############################# REACHED: EV_object_reached #############################
[INFO] [1789490006.141447852] [robot_0.robot_supervisor]: Selected controllable event: EV_search_color
[INFO] [1789490006.326147106] [robot_0.robot_supervisor]: Selected controllable event: EV_search_object
[INFO] [1789490006.532385489] [robot_0.robot_supervisor]: Selected controllable event: EV_search_object
[INFO] [1789490006.717371858] [robot_0.robot_supervisor]: Selected controllable event: EV_approach_color
[INFO] [1789490007.033781877] [robot_0.robot_supervisor]: ############################# REACHED: EV_object_reached #############################
[INFO] [1789490007.039139465] [robot_0.robot_supervisor]: Selected controllable event: EV_approach_object
[INFO] [1789490007.339243267] [robot_0.robot_supervisor]: Selected controllable event: EV_move_forward
[INFO] [1789490007.619082549] [robot_0.robot_supervisor]: Triggered uncontrollable event: EV_obstacle_left
[INFO] [1789490007.619657533] [robot_0.robot_supervisor]: ############################# VISIBLE: EV_object_visible #############################
[INFO] [1789490007.623534616] [robot_0.robot_supervisor]: Selected controllable event: EV_u_turn
[INFO] [1789490007.634876325] [robot_0.robot_supervisor]: Starting FULL ROTATE (omega=1.000, have_odom=True, target_rad=3.142, timeout_s=3.500)
[INFO] [1789490011.240120351] [robot_0.robot_supervisor]: FULL ROTATE completed by timeout
[INFO] [1789490011.524887048] [robot_0.robot_supervisor]: ############################# VISIBLE: EV_object_visible #############################
[INFO] [1789490011.525787793] [robot_0.robot_supervisor]: Selected controllable event: EV_search_color
[INFO] [1789490011.713620005] [robot_0.robot_supervisor]: Selected controllable event: EV_approach_color
[INFO] [1789490012.013946227] [robot_0.robot_supervisor]: Selected controllable event: EV_search_color
[INFO] [1789490012.144496617] [robot_0.robot_supervisor]: Selected controllable event: EV_search_object
[INFO] [1789490012.319727482] [robot_0.robot_supervisor]: ############################# VISIBLE: EV_object_visible #############################
[INFO] [1789490012.320726723] [robot_0.robot_supervisor]: Selected controllable event: EV_search_object
[INFO] [1789490012.527543431] [robot_0.robot_supervisor]: Selected controllable event: EV_move_forward
[INFO] [1789490012.810568817] [robot_0.robot_supervisor]: Selected controllable event: EV_approach_object
[INFO] [1789490013.015070365] [robot_0.robot_supervisor]: ############################# VISIBLE: EV_object_visible #############################
[INFO] [1789490013.015914511] [robot_0.robot_supervisor]: Selected controllable event: EV_approach_color
[INFO] [1789490013.221453778] [robot_0.robot_supervisor]: Selected controllable event: EV_approach_color
[INFO] [1789490013.528682751] [robot_0.robot_supervisor]: Triggered uncontrollable event: EV_obstacle_right
[INFO] [1789490013.533347728] [robot_0.robot_supervisor]: ############################# REACHED: EV_object_reached #############################
[INFO] [1789490013.534023181] [robot_0.robot_supervisor]: Selected controllable event: EV_u_turn
[INFO] [1789490013.635141720] [robot_0.robot_supervisor]: Triggered uncontrollable event: EV_obstacle_right
[INFO] [1789490013.635894110] [robot_0.robot_supervisor]: Selected controllable event: EV_rotate_counterclockwise
[INFO] [1789490013.820934627] [robot_0.robot_supervisor]: Triggered uncontrollable event: EV_obstacle_right
[INFO] [1789490013.821623227] [robot_0.robot_supervisor]: Selected controllable event: EV_u_turn
[INFO] [1789490013.822253288] [robot_0.robot_supervisor]: Starting FULL ROTATE (omega=1.000, have_odom=True, target_rad=3.142, timeout_s=3.500)
[INFO] [1789490017.410588580] [robot_0.robot_supervisor]: FULL ROTATE completed by timeout
[INFO] [1789490017.611579075] [robot_0.robot_supervisor]: ############################# REACHED: EV_object_reached #############################
[INFO] [1789490017.612373517] [robot_0.robot_supervisor]: Selected controllable event: EV_search_color
[INFO] [1789490017.821112805] [robot_0.robot_supervisor]: Selected controllable event: EV_move_forward
[INFO] [1789490018.110907634] [robot_0.robot_supervisor]: ############################# REACHED: EV_object_reached #############################
[INFO] [1789490018.112300387] [robot_0.robot_supervisor]: Selected controllable event: EV_search_object
[INFO] [1789490018.224336127] [robot_0.robot_supervisor]: Selected controllable event: EV_search_object
[INFO] [1789490018.427216527] [robot_0.robot_supervisor]: Selected controllable event: EV_search_color
[INFO] [1789490018.608846406] [robot_0.robot_supervisor]: Selected controllable event: EV_approach_color
[INFO] [1789490018.927990460] [robot_0.robot_supervisor]: ############################# REACHED: EV_object_reached #############################
[INFO] [1789490018.928727929] [robot_0.robot_supervisor]: Selected controllable event: EV_search_color
[INFO] [1789490019.133077594] [robot_0.robot_supervisor]: Selected controllable event: EV_search_color
[INFO] [1789490019.320184506] [robot_0.robot_supervisor]: ############################# VISIBLE: EV_object_visible #############################
[INFO] [1789490019.326150379] [robot_0.robot_supervisor]: Selected controllable event: EV_search_color
[INFO] [1789490019.515628911] [robot_0.robot_supervisor]: Selected controllable event: EV_approach_object
[INFO] [1789490019.741814421] [robot_0.robot_supervisor]: Selected controllable event: EV_approach_color
[INFO] [1789490020.029265416] [robot_0.robot_supervisor]: ############################# VISIBLE: EV_object_visible #############################
[INFO] [1789490020.034266040] [robot_0.robot_supervisor]: Selected controllable event: EV_approach_object
[INFO] [1789490020.315617325] [robot_0.robot_supervisor]: Triggered uncontrollable event: EV_obstacle_left
[INFO] [1789490020.318605183] [robot_0.robot_supervisor]: ############################# VISIBLE: EV_object_visible #############################
[INFO] [1789490020.324161833] [robot_0.robot_supervisor]: Selected controllable event: EV_u_turn
[INFO] [1789490020.330700768] [robot_0.robot_supervisor]: Starting FULL ROTATE (omega=1.000, have_odom=True, target_rad=3.142, timeout_s=3.500)
[INFO] [1789490023.922329302] [robot_0.robot_supervisor]: FULL ROTATE completed by timeout
[INFO] [1789490024.215520010] [robot_0.robot_supervisor]: ############################# VISIBLE: EV_object_visible #############################
[INFO] [1789490024.216240393] [robot_0.robot_supervisor]: Selected controllable event: EV_search_object
[INFO] [1789490024.412634844] [robot_0.robot_supervisor]: ############################# VISIBLE: EV_object_visible #############################
[INFO] [1789490024.413377647] [robot_0.robot_supervisor]: Selected controllable event: EV_approach_object
[INFO] [1789490024.711042866] [robot_0.robot_supervisor]: Selected controllable event: EV_approach_color
[INFO] [1789490024.918475796] [robot_0.robot_supervisor]: ############################# VISIBLE: EV_object_visible #############################
[INFO] [1789490024.921441188] [robot_0.robot_supervisor]: Selected controllable event: EV_approach_color
[INFO] [1789490025.212768479] [robot_0.robot_supervisor]: Selected controllable event: EV_search_color
[INFO] [1789490025.419776891] [robot_0.robot_supervisor]: Selected controllable event: EV_search_color
[INFO] [1789490025.521275706] [robot_0.robot_supervisor]: ############################# VISIBLE: EV_object_visible #############################
[INFO] [1789490025.521982413] [robot_0.robot_supervisor]: Selected controllable event: EV_move_forward
[INFO] [1789490025.810200605] [robot_0.robot_supervisor]: Selected controllable event: EV_approach_color
[INFO] [1789490026.117993232] [robot_0.robot_supervisor]: ############################# REACHED: EV_object_reached #############################
[INFO] [1789490026.127617367] [robot_0.robot_supervisor]: Selected controllable event: EV_approach_color
[INFO] [1789490026.416487420] [robot_0.robot_supervisor]: Selected controllable event: EV_move_forward
[INFO] [1789490026.624344397] [robot_0.robot_supervisor]: Triggered uncontrollable event: EV_obstacle_right
[INFO] [1789490026.624864390] [robot_0.robot_supervisor]: ############################# REACHED: EV_object_reached #############################
[INFO] [1789490026.625527108] [robot_0.robot_supervisor]: Selected controllable event: EV_u_turn
[INFO] [1789490026.626097354] [robot_0.robot_supervisor]: Starting FULL ROTATE (omega=1.000, have_odom=True, target_rad=3.142, timeout_s=3.500)
[INFO] [1789490030.217261872] [robot_0.robot_supervisor]: FULL ROTATE completed by timeout
[INFO] [1789490030.434632549] [robot_0.robot_supervisor]: ############################# REACHED: EV_object_reached #############################
[INFO] [1789490030.451806944] [robot_0.robot_supervisor]: Selected controllable event: EV_search_object
[INFO] [1789490030.614522851] [robot_0.robot_supervisor]: Selected controllable event: EV_search_object
[INFO] [1789490030.819804985] [robot_0.robot_supervisor]: ############################# REACHED: EV_object_reached #############################
[INFO] [1789490030.827207951] [robot_0.robot_supervisor]: Selected controllable event: EV_search_color
[INFO] [1789490031.019086638] [robot_0.robot_supervisor]: Selected controllable event: EV_approach_color
[INFO] [1789490031.227364480] [robot_0.robot_supervisor]: Selected controllable event: EV_approach_object
[INFO] [1789490031.512167296] [robot_0.robot_supervisor]: ############################# REACHED: EV_object_reached #############################
[INFO] [1789490031.512847022] [robot_0.robot_supervisor]: Selected controllable event: EV_search_color
[INFO] [1789490031.722610009] [robot_0.robot_supervisor]: Selected controllable event: EV_approach_color
[INFO] [1789490032.024222819] [robot_0.robot_supervisor]: ############################# REACHED: EV_object_reached #############################
[INFO] [1789490032.025121311] [robot_0.robot_supervisor]: Selected controllable event: EV_search_object
[INFO] [1789490032.220723806] [robot_0.robot_supervisor]: Selected controllable event: EV_move_forward
[INFO] [1789490032.513345504] [robot_0.robot_supervisor]: Triggered uncontrollable event: EV_obstacle_left
[INFO] [1789490032.520647535] [robot_0.robot_supervisor]: Selected controllable event: EV_u_turn
[INFO] [1789490032.619810701] [robot_0.robot_supervisor]: Triggered uncontrollable event: EV_obstacle_left
[INFO] [1789490032.626607875] [robot_0.robot_supervisor]: ############################# REACHED: EV_object_reached #############################
[INFO] [1789490032.627309565] [robot_0.robot_supervisor]: Selected controllable event: EV_rotate_clockwise
[WARN] [1789490032.633407188] [robot_0.robot_supervisor]: no translation for 6.2s livelock detected; starting atomic escape (turn_sign=-1)
[INFO] [1789490035.118463861] [robot_0.robot_supervisor]: Zone-livelock escape completed
[INFO] [1789490035.408837997] [robot_0.robot_supervisor]: ############################# REACHED: EV_object_reached #############################
[INFO] [1789490035.429259230] [robot_0.robot_supervisor]: Selected controllable event: EV_approach_color
[INFO] [1789490035.718642275] [robot_0.robot_supervisor]: Selected controllable event: EV_approach_color
[INFO] [1789490036.020262113] [robot_0.robot_supervisor]: ############################# REACHED: EV_object_reached #############################
[INFO] [1789490036.021172072] [robot_0.robot_supervisor]: Selected controllable event: EV_move_forward
[INFO] [1789490036.310208848] [robot_0.robot_supervisor]: Selected controllable event: EV_approach_color
[INFO] [1789490036.527186993] [robot_0.robot_supervisor]: Selected controllable event: EV_move_forward
[INFO] [1789490036.734778412] [robot_0.robot_supervisor]: ############################# VISIBLE: EV_object_visible #############################
[INFO] [1789490036.735658839] [robot_0.robot_supervisor]: Selected controllable event: EV_approach_color
[INFO] [1789490037.032571788] [robot_0.robot_supervisor]: Selected controllable event: EV_search_color
[INFO] [1789490037.214062452] [robot_0.robot_supervisor]: Selected controllable event: EV_approach_object
[INFO] [1789490037.423183724] [robot_0.robot_supervisor]: ############################# VISIBLE: EV_object_visible #############################
[INFO] [1789490037.423918195] [robot_0.robot_supervisor]: Selected controllable event: EV_move_forward
[INFO] [1789490037.714096565] [robot_0.robot_supervisor]: Selected controllable event: EV_move_forward
[INFO] [1789490037.924352787] [robot_0.robot_supervisor]: Selected controllable event: EV_approach_object
[INFO] [1789490038.210627061] [robot_0.robot_supervisor]: ############################# VISIBLE: EV_object_visible #############################
[INFO] [1789490038.211322044] [robot_0.robot_supervisor]: Selected controllable event: EV_move_forward
[INFO] [1789490038.426075067] [robot_0.robot_supervisor]: Selected controllable event: EV_search_color
[INFO] [1789490038.617630647] [robot_0.robot_supervisor]: ############################# VISIBLE: EV_object_visible #############################
[INFO] [1789490038.618412817] [robot_0.robot_supervisor]: Selected controllable event: EV_move_forward
[INFO] [1789490038.929733888] [robot_0.robot_supervisor]: Selected controllable event: EV_approach_object
[INFO] [1789490039.213375165] [robot_0.robot_supervisor]: ############################# VISIBLE: EV_object_visible #############################
[INFO] [1789490039.220631760] [robot_0.robot_supervisor]: Selected controllable event: EV_approach_color
[INFO] [1789490039.533841083] [robot_0.robot_supervisor]: Selected controllable event: EV_approach_object
[INFO] [1789490039.821583817] [robot_0.robot_supervisor]: Selected controllable event: EV_move_forward
[INFO] [1789490040.114675251] [robot_0.robot_supervisor]: ############################# VISIBLE: EV_object_visible #############################
[INFO] [1789490040.129890745] [robot_0.robot_supervisor]: Selected controllable event: EV_search_color
[INFO] [1789490040.316315394] [robot_0.robot_supervisor]: ############################# VISIBLE: EV_object_visible #############################
[INFO] [1789490040.317934618] [robot_0.robot_supervisor]: Selected controllable event: EV_approach_color
[INFO] [1789490040.612271608] [robot_0.robot_supervisor]: Selected controllable event: EV_search_color
[INFO] [1789490040.734473427] [robot_0.robot_supervisor]: Selected controllable event: EV_approach_object
[INFO] [1789490041.009253225] [robot_0.robot_supervisor]: ############################# VISIBLE: EV_object_visible #############################
[INFO] [1789490041.012073444] [robot_0.robot_supervisor]: Selected controllable event: EV_search_color
[INFO] [1789490041.114631847] [robot_0.robot_supervisor]: Selected controllable event: EV_approach_color
[INFO] [1789490041.321372891] [robot_0.robot_supervisor]: Selected controllable event: EV_search_color
[INFO] [1789490041.515589497] [robot_0.robot_supervisor]: ############################# VISIBLE: EV_object_visible #############################
[INFO] [1789490041.523719292] [robot_0.robot_supervisor]: Selected controllable event: EV_search_color
[INFO] [1789490041.710878150] [robot_0.robot_supervisor]: Selected controllable event: EV_move_forward
[INFO] [1789490041.916334272] [robot_0.robot_supervisor]: Selected controllable event: EV_search_color
[INFO] [1789490042.114748903] [robot_0.robot_supervisor]: ############################# VISIBLE: EV_object_visible #############################
[INFO] [1789490042.115427309] [robot_0.robot_supervisor]: Selected controllable event: EV_search_object
[INFO] [1789490042.334261727] [robot_0.robot_supervisor]: Selected controllable event: EV_approach_object
[INFO] [1789490042.611698471] [robot_0.robot_supervisor]: ############################# VISIBLE: EV_object_visible #############################
[INFO] [1789490042.618966324] [robot_0.robot_supervisor]: Selected controllable event: EV_approach_color
[INFO] [1789490042.929097327] [robot_0.robot_supervisor]: Selected controllable event: EV_search_color
[INFO] [1789490043.127123690] [robot_0.robot_supervisor]: ############################# VISIBLE: EV_object_visible #############################
[INFO] [1789490043.129928864] [robot_0.robot_supervisor]: Selected controllable event: EV_search_color
[INFO] [1789490043.313190443] [robot_0.robot_supervisor]: Selected controllable event: EV_search_object
[INFO] [1789490043.415030235] [robot_0.robot_supervisor]: Selected controllable event: EV_approach_color
[INFO] [1789490043.721218608] [robot_0.robot_supervisor]: ############################# VISIBLE: EV_object_visible #############################
[INFO] [1789490043.722014865] [robot_0.robot_supervisor]: Selected controllable event: EV_move_forward
[INFO] [1789490044.009552663] [robot_0.robot_supervisor]: Selected controllable event: EV_approach_object
[INFO] [1789490044.225064922] [robot_0.robot_supervisor]: ############################# VISIBLE: EV_object_visible #############################
[INFO] [1789490044.229098958] [robot_0.robot_supervisor]: Selected controllable event: EV_approach_object
[INFO] [1789490044.434115778] [robot_0.robot_supervisor]: Selected controllable event: EV_search_color
[INFO] [1789490044.627901155] [robot_0.robot_supervisor]: Selected controllable event: EV_move_forward
[INFO] [1789490044.925380037] [robot_0.robot_supervisor]: ############################# VISIBLE: EV_object_visible #############################
[INFO] [1789490044.926112603] [robot_0.robot_supervisor]: Selected controllable event: EV_search_color
[INFO] [1789490045.126398702] [robot_0.robot_supervisor]: Selected controllable event: EV_search_object
[INFO] [1789490045.317708317] [robot_0.robot_supervisor]: ############################# VISIBLE: EV_object_visible #############################
[INFO] [1789490045.318413102] [robot_0.robot_supervisor]: Selected controllable event: EV_approach_color
[INFO] [1789490045.616479068] [robot_0.robot_supervisor]: Selected controllable event: EV_move_forward
[INFO] [1789490045.930662956] [robot_0.robot_supervisor]: Triggered uncontrollable event: EV_obstacle_left
[INFO] [1789490045.939779720] [robot_0.robot_supervisor]: ############################# VISIBLE: EV_object_visible #############################
[INFO] [1789490045.940567579] [robot_0.robot_supervisor]: Selected controllable event: EV_u_turn
[INFO] [1789490045.946459618] [robot_0.robot_supervisor]: Starting FULL ROTATE (omega=1.000, have_odom=True, target_rad=3.142, timeout_s=3.500)
[INFO] [1789490049.529168169] [robot_0.robot_supervisor]: FULL ROTATE completed by timeout
[INFO] [1789490049.826280840] [robot_0.robot_supervisor]: ############################# VISIBLE: EV_object_visible #############################
[INFO] [1789490049.827071395] [robot_0.robot_supervisor]: Selected controllable event: EV_move_forward
[INFO] [1789490050.112808543] [robot_0.robot_supervisor]: ############################# VISIBLE: EV_object_visible #############################
[INFO] [1789490050.113506338] [robot_0.robot_supervisor]: Selected controllable event: EV_search_color
[INFO] [1789490050.228652000] [robot_0.robot_supervisor]: Selected controllable event: EV_move_forward
[INFO] [1789490050.517421214] [robot_0.robot_supervisor]: Selected controllable event: EV_search_color
[INFO] [1789490050.624350779] [robot_0.robot_supervisor]: Selected controllable event: EV_approach_object
[INFO] [1789490050.916842613] [robot_0.robot_supervisor]: ############################# VISIBLE: EV_object_visible #############################
[INFO] [1789490050.917486267] [robot_0.robot_supervisor]: Selected controllable event: EV_approach_object
[INFO] [1789490051.216919793] [robot_0.robot_supervisor]: ############################# VISIBLE: EV_object_visible #############################
[INFO] [1789490051.217607565] [robot_0.robot_supervisor]: Selected controllable event: EV_move_forward
[INFO] [1789490051.515143990] [robot_0.robot_supervisor]: Selected controllable event: EV_approach_object
[INFO] [1789490051.816398421] [robot_0.robot_supervisor]: Triggered uncontrollable event: EV_object_not_visible
[INFO] [1789490051.817092814] [robot_0.robot_supervisor]: Selected controllable event: EV_approach_object
[INFO] [1789490052.018881319] [robot_0.robot_supervisor]: Selected controllable event: EV_approach_color
[INFO] [1789490052.221840537] [robot_0.robot_supervisor]: Selected controllable event: EV_search_object
[INFO] [1789490052.430110643] [robot_0.robot_supervisor]: Triggered uncontrollable event: EV_object_not_visible
[INFO] [1789490052.430795102] [robot_0.robot_supervisor]: Selected controllable event: EV_approach_object
[INFO] [1789490052.712774614] [robot_0.robot_supervisor]: Selected controllable event: EV_search_object
[INFO] [1789490052.827185644] [robot_0.robot_supervisor]: Selected controllable event: EV_move_forward
[INFO] [1789490053.115588163] [robot_0.robot_supervisor]: Triggered uncontrollable event: EV_object_not_visible
[INFO] [1789490053.116277609] [robot_0.robot_supervisor]: Selected controllable event: EV_search_color
[INFO] [1789490053.332050942] [robot_0.robot_supervisor]: Selected controllable event: EV_approach_object
[INFO] [1789490053.615533560] [robot_0.robot_supervisor]: Triggered uncontrollable event: EV_object_not_visible
[INFO] [1789490053.617392395] [robot_0.robot_supervisor]: Selected controllable event: EV_approach_object
[INFO] [1789490053.826022594] [robot_0.robot_supervisor]: Selected controllable event: EV_search_object
[INFO] [1789490054.016868777] [robot_0.robot_supervisor]: Triggered uncontrollable event: EV_object_not_visible
[INFO] [1789490054.020450571] [robot_0.robot_supervisor]: Selected controllable event: EV_search_object
[INFO] [1789490054.209816917] [robot_0.robot_supervisor]: Selected controllable event: EV_search_object
[INFO] [1789490054.311777103] [robot_0.robot_supervisor]: Selected controllable event: EV_search_color
[INFO] [1789490054.524476123] [robot_0.robot_supervisor]: Triggered uncontrollable event: EV_object_not_visible
[INFO] [1789490054.525151241] [robot_0.robot_supervisor]: Selected controllable event: EV_move_forward
[INFO] [1789490054.811726493] [robot_0.robot_supervisor]: Selected controllable event: EV_move_forward
[INFO] [1789490055.109001577] [robot_0.robot_supervisor]: Triggered uncontrollable event: EV_object_not_visible
[INFO] [1789490055.112411866] [robot_0.robot_supervisor]: Selected controllable event: EV_search_color
[INFO] [1789490055.319862684] [robot_0.robot_supervisor]: Selected controllable event: EV_approach_object
[INFO] [1789490055.622959327] [robot_0.robot_supervisor]: Triggered uncontrollable event: EV_object_not_visible
[INFO] [1789490055.623552527] [robot_0.robot_supervisor]: Selected controllable event: EV_approach_object
[INFO] [1789490055.921893539] [robot_0.robot_supervisor]: Selected controllable event: EV_search_object
[INFO] [1789490056.119305835] [robot_0.robot_supervisor]: Triggered uncontrollable event: EV_object_not_visible
[INFO] [1789490056.120050750] [robot_0.robot_supervisor]: Selected controllable event: EV_approach_color
[INFO] [1789490056.420094742] [robot_0.robot_supervisor]: Selected controllable event: EV_search_color
[INFO] [1789490056.618824396] [robot_0.robot_supervisor]: Triggered uncontrollable event: EV_object_not_visible
[INFO] [1789490056.619506725] [robot_0.robot_supervisor]: Selected controllable event: EV_search_object
[INFO] [1789490056.731346483] [robot_0.robot_supervisor]: Selected controllable event: EV_search_color
[INFO] [1789490056.915970074] [robot_0.robot_supervisor]: Selected controllable event: EV_search_object
[INFO] [1789490057.023725972] [robot_0.robot_supervisor]: Triggered uncontrollable event: EV_object_not_visible
[INFO] [1789490057.029193560] [robot_0.robot_supervisor]: Selected controllable event: EV_search_color
[INFO] [1789490057.227999116] [robot_0.robot_supervisor]: Selected controllable event: EV_search_color
[INFO] [1789490057.418358405] [robot_0.robot_supervisor]: Selected controllable event: EV_approach_color
[INFO] [1789490057.710076793] [robot_0.robot_supervisor]: Triggered uncontrollable event: EV_object_not_visible
[INFO] [1789490057.710726935] [robot_0.robot_supervisor]: Selected controllable event: EV_search_color
[INFO] [1789490057.819978201] [robot_0.robot_supervisor]: Selected controllable event: EV_move_forward
[INFO] [1789490058.111784357] [robot_0.robot_supervisor]: ############################# VISIBLE: EV_object_visible #############################
[INFO] [1789490058.118342575] [robot_0.robot_supervisor]: Selected controllable event: EV_move_forward
[INFO] [1789490058.421154060] [robot_0.robot_supervisor]: Selected controllable event: EV_approach_object
[INFO] [1789490058.626002744] [robot_0.robot_supervisor]: ############################# VISIBLE: EV_object_visible #############################
[INFO] [1789490058.626696506] [robot_0.robot_supervisor]: Selected controllable event: EV_approach_color
[INFO] [1789490058.913471648] [robot_0.robot_supervisor]: Selected controllable event: EV_approach_object
[INFO] [1789490059.212037051] [robot_0.robot_supervisor]: ############################# VISIBLE: EV_object_visible #############################
[INFO] [1789490059.212718799] [robot_0.robot_supervisor]: Selected controllable event: EV_approach_color
[INFO] [1789490059.426940536] [robot_0.robot_supervisor]: Selected controllable event: EV_approach_color
[INFO] [1789490059.716419633] [robot_0.robot_supervisor]: ############################# VISIBLE: EV_object_visible #############################
[INFO] [1789490059.723515259] [robot_0.robot_supervisor]: Selected controllable event: EV_move_forward
[INFO] [1789490060.010295177] [robot_0.robot_supervisor]: Selected controllable event: EV_approach_color
[INFO] [1789490060.224003836] [robot_0.robot_supervisor]: ############################# VISIBLE: EV_object_visible #############################
[INFO] [1789490060.224747044] [robot_0.robot_supervisor]: Selected controllable event: EV_approach_object
[INFO] [1789490060.517464025] [robot_0.robot_supervisor]: Selected controllable event: EV_approach_color
[INFO] [1789490060.822532243] [robot_0.robot_supervisor]: ############################# VISIBLE: EV_object_visible #############################
[INFO] [1789490060.823288350] [robot_0.robot_supervisor]: Selected controllable event: EV_approach_color
[INFO] [1789490061.123917621] [robot_0.robot_supervisor]: Selected controllable event: EV_approach_object
[INFO] [1789490061.417563072] [robot_0.robot_supervisor]: ############################# VISIBLE: EV_object_visible #############################
[INFO] [1789490061.418370971] [robot_0.robot_supervisor]: Selected controllable event: EV_approach_color
[INFO] [1789490061.709085689] [robot_0.robot_supervisor]: Selected controllable event: EV_search_object
[INFO] [1789490061.810881969] [robot_0.robot_supervisor]: Selected controllable event: EV_approach_color
[INFO] [1789490062.110361522] [robot_0.robot_supervisor]: ############################# VISIBLE: EV_object_visible #############################
[INFO] [1789490062.111120890] [robot_0.robot_supervisor]: Selected controllable event: EV_approach_color
[INFO] [1789490062.415283791] [robot_0.robot_supervisor]: ############################# VISIBLE: EV_object_visible #############################
[INFO] [1789490062.416968196] [robot_0.robot_supervisor]: Selected controllable event: EV_approach_color
[INFO] [1789490062.720786311] [robot_0.robot_supervisor]: Selected controllable event: EV_move_forward
[INFO] [1789490062.921979154] [robot_0.robot_supervisor]: Selected controllable event: EV_search_color
[INFO] [1789490063.124735763] [robot_0.robot_supervisor]: ############################# VISIBLE: EV_object_visible #############################
[INFO] [1789490063.126591361] [robot_0.robot_supervisor]: Selected controllable event: EV_approach_object
[INFO] [1789490063.431968537] [robot_0.robot_supervisor]: Selected controllable event: EV_search_object
[INFO] [1789490063.623771877] [robot_0.robot_supervisor]: ############################# REACHED: EV_object_reached #############################
[INFO] [1789490063.636370718] [robot_0.robot_supervisor]: Selected controllable event: EV_search_color
[INFO] [1789490063.825386693] [robot_0.robot_supervisor]: Selected controllable event: EV_approach_color
[INFO] [1789490064.116113918] [robot_0.robot_supervisor]: Selected controllable event: EV_approach_object
[INFO] [1789490064.413353551] [robot_0.robot_supervisor]: ############################# REACHED: EV_object_reached #############################
[INFO] [1789490064.429215091] [robot_0.robot_supervisor]: Selected controllable event: EV_approach_color
[INFO] [1789490064.716137239] [robot_0.robot_supervisor]: Triggered uncontrollable event: EV_obstacle_right
[INFO] [1789490064.716688068] [robot_0.robot_supervisor]: ############################# REACHED: EV_object_reached #############################
[INFO] [1789490064.722450323] [robot_0.robot_supervisor]: Selected controllable event: EV_u_turn
[INFO] [1789490064.733964719] [robot_0.robot_supervisor]: Starting FULL ROTATE (omega=1.000, have_odom=True, target_rad=3.142, timeout_s=3.500)
[INFO] [1789490068.312365932] [robot_0.robot_supervisor]: FULL ROTATE completed by timeout
[INFO] [1789490068.527123796] [robot_0.robot_supervisor]: ############################# REACHED: EV_object_reached #############################
[INFO] [1789490068.527910438] [robot_0.robot_supervisor]: Selected controllable event: EV_approach_object
[INFO] [1789490068.828918764] [robot_0.robot_supervisor]: ############################# REACHED: EV_object_reached #############################
[INFO] [1789490068.835709939] [robot_0.robot_supervisor]: Selected controllable event: EV_approach_object
[INFO] [1789490069.114684292] [robot_0.robot_supervisor]: Selected controllable event: EV_search_object
[INFO] [1789490069.228074868] [robot_0.robot_supervisor]: Selected controllable event: EV_search_object
[INFO] [1789490069.418601781] [robot_0.robot_supervisor]: ############################# REACHED: EV_object_reached #############################
[INFO] [1789490069.422744559] [robot_0.robot_supervisor]: Selected controllable event: EV_search_object
[INFO] [1789490069.534351873] [robot_0.robot_supervisor]: Selected controllable event: EV_approach_color
[INFO] [1789490069.824143947] [robot_0.robot_supervisor]: Selected controllable event: EV_approach_color
[INFO] [1789490070.123897019] [robot_0.robot_supervisor]: ############################# REACHED: EV_object_reached #############################
[INFO] [1789490070.124609265] [robot_0.robot_supervisor]: Selected controllable event: EV_move_forward
[INFO] [1789490070.412295397] [robot_0.robot_supervisor]: Selected controllable event: EV_approach_object
[INFO] [1789490070.618688878] [robot_0.robot_supervisor]: ############################# VISIBLE: EV_object_visible #############################
[INFO] [1789490070.619408397] [robot_0.robot_supervisor]: Selected controllable event: EV_search_color
[INFO] [1789490070.840036596] [robot_0.robot_supervisor]: Selected controllable event: EV_move_forward
[INFO] [1789490071.117100577] [robot_0.robot_supervisor]: ############################# VISIBLE: EV_object_visible #############################
[INFO] [1789490071.118304507] [robot_0.robot_supervisor]: Selected controllable event: EV_move_forward
[INFO] [1789490071.410279193] [robot_0.robot_supervisor]: Selected controllable event: EV_approach_color
[INFO] [1789490071.619023170] [robot_0.robot_supervisor]: ############################# VISIBLE: EV_object_visible #############################
[INFO] [1789490071.619752697] [robot_0.robot_supervisor]: Selected controllable event: EV_approach_color
[INFO] [1789490071.918983646] [robot_0.robot_supervisor]: Selected controllable event: EV_move_forward
[INFO] [1789490072.209131463] [robot_0.robot_supervisor]: ############################# VISIBLE: EV_object_visible #############################
[INFO] [1789490072.212414276] [robot_0.robot_supervisor]: Selected controllable event: EV_search_color
[INFO] [1789490072.408694522] [robot_0.robot_supervisor]: Selected controllable event: EV_approach_object
[INFO] [1789490072.623670953] [robot_0.robot_supervisor]: Selected controllable event: EV_search_object
[INFO] [1789490072.812072406] [robot_0.robot_supervisor]: Selected controllable event: EV_move_forward
[INFO] [1789490073.029396740] [robot_0.robot_supervisor]: ############################# VISIBLE: EV_object_visible #############################
[INFO] [1789490073.030086515] [robot_0.robot_supervisor]: Selected controllable event: EV_move_forward
[INFO] [1789490073.314752261] [robot_0.robot_supervisor]: ############################# VISIBLE: EV_object_visible #############################
[INFO] [1789490073.315541838] [robot_0.robot_supervisor]: Selected controllable event: EV_search_object
[INFO] [1789490073.519020871] [robot_0.robot_supervisor]: Selected controllable event: EV_move_forward
[INFO] [1789490073.825374569] [robot_0.robot_supervisor]: Selected controllable event: EV_move_forward
[INFO] [1789490074.126159173] [robot_0.robot_supervisor]: ############################# VISIBLE: EV_object_visible #############################
[INFO] [1789490074.136384945] [robot_0.robot_supervisor]: Selected controllable event: EV_move_forward
[INFO] [1789490074.439293235] [robot_0.robot_supervisor]: Selected controllable event: EV_approach_color
[INFO] [1789490074.732998155] [robot_0.robot_supervisor]: ############################# VISIBLE: EV_object_visible #############################
[INFO] [1789490074.733718738] [robot_0.robot_supervisor]: Selected controllable event: EV_move_forward
[INFO] [1789490075.015355281] [robot_0.robot_supervisor]: Selected controllable event: EV_move_forward
[INFO] [1789490075.223611076] [robot_0.robot_supervisor]: ############################# VISIBLE: EV_object_visible #############################
[INFO] [1789490075.224431009] [robot_0.robot_supervisor]: Selected controllable event: EV_search_color
[INFO] [1789490075.421235598] [robot_0.robot_supervisor]: Selected controllable event: EV_move_forward
[INFO] [1789490075.710964299] [robot_0.robot_supervisor]: Selected controllable event: EV_search_color
[INFO] [1789490075.823563092] [robot_0.robot_supervisor]: ############################# VISIBLE: EV_object_visible #############################
[INFO] [1789490075.824391212] [robot_0.robot_supervisor]: Selected controllable event: EV_approach_object
[INFO] [1789490076.119592130] [robot_0.robot_supervisor]: Selected controllable event: EV_search_color
[INFO] [1789490076.323585383] [robot_0.robot_supervisor]: Selected controllable event: EV_search_object
[INFO] [1789490076.529899513] [robot_0.robot_supervisor]: ############################# VISIBLE: EV_object_visible #############################
[INFO] [1789490076.530606016] [robot_0.robot_supervisor]: Selected controllable event: EV_approach_color
[INFO] [1789490076.815985378] [robot_0.robot_supervisor]: Selected controllable event: EV_approach_object
[INFO] [1789490077.119088171] [robot_0.robot_supervisor]: ############################# VISIBLE: EV_object_visible #############################
[INFO] [1789490077.121067742] [robot_0.robot_supervisor]: Selected controllable event: EV_approach_color
[INFO] [1789490077.330101196] [robot_0.robot_supervisor]: Selected controllable event: EV_approach_color
[INFO] [1789490077.615935308] [robot_0.robot_supervisor]: Selected controllable event: EV_move_forward
[INFO] [1789490077.816943179] [robot_0.robot_supervisor]: ############################# VISIBLE: EV_object_visible #############################
[INFO] [1789490077.817621219] [robot_0.robot_supervisor]: Selected controllable event: EV_search_object
[INFO] [1789490077.921446258] [robot_0.robot_supervisor]: Selected controllable event: EV_approach_object
[INFO] [1789490078.242827538] [robot_0.robot_supervisor]: Selected controllable event: EV_search_object
[INFO] [1789490078.425637424] [robot_0.robot_supervisor]: ############################# VISIBLE: EV_object_visible #############################
[INFO] [1789490078.426287779] [robot_0.robot_supervisor]: Selected controllable event: EV_move_forward
[INFO] [1789490078.637440401] [robot_0.robot_supervisor]: Selected controllable event: EV_search_object
[INFO] [1789490078.819636429] [robot_0.robot_supervisor]: ############################# VISIBLE: EV_object_visible #############################
[INFO] [1789490078.822182969] [robot_0.robot_supervisor]: Selected controllable event: EV_move_forward
[INFO] [1789490079.124663027] [robot_0.robot_supervisor]: Selected controllable event: EV_approach_color
[INFO] [1789490079.422959255] [robot_0.robot_supervisor]: ############################# VISIBLE: EV_object_visible #############################
[INFO] [1789490079.423875455] [robot_0.robot_supervisor]: Selected controllable event: EV_search_color
[INFO] [1789490079.613985964] [robot_0.robot_supervisor]: Selected controllable event: EV_move_forward
[INFO] [1789490079.918204904] [robot_0.robot_supervisor]: Selected controllable event: EV_search_color
[INFO] [1789490080.120464597] [robot_0.robot_supervisor]: ############################# VISIBLE: EV_object_visible #############################
[INFO] [1789490080.123515685] [robot_0.robot_supervisor]: Selected controllable event: EV_search_object
[INFO] [1789490080.321197074] [robot_0.robot_supervisor]: Selected controllable event: EV_approach_object
[INFO] [1789490080.614410557] [robot_0.robot_supervisor]: ############################# VISIBLE: EV_object_visible #############################
[INFO] [1789490080.625247574] [robot_0.robot_supervisor]: Selected controllable event: EV_move_forward
[INFO] [1789490080.926047681] [robot_0.robot_supervisor]: Selected controllable event: EV_approach_color
[INFO] [1789490081.229111803] [robot_0.robot_supervisor]: ############################# VISIBLE: EV_object_visible #############################
[INFO] [1789490081.229858673] [robot_0.robot_supervisor]: Selected controllable event: EV_approach_object
[INFO] [1789490081.531872794] [robot_0.robot_supervisor]: Selected controllable event: EV_approach_color
[INFO] [1789490081.816281120] [robot_0.robot_supervisor]: ############################# REACHED: EV_object_reached #############################
[INFO] [1789490081.819305923] [robot_0.robot_supervisor]: Selected controllable event: EV_search_color
[INFO] [1789490082.012887807] [robot_0.robot_supervisor]: Selected controllable event: EV_search_object
[INFO] [1789490082.227562175] [robot_0.robot_supervisor]: Selected controllable event: EV_approach_color
[INFO] [1789490082.515636334] [robot_0.robot_supervisor]: Triggered uncontrollable event: EV_obstacle_right
[INFO] [1789490082.516177567] [robot_0.robot_supervisor]: ############################# REACHED: EV_object_reached #############################
[INFO] [1789490082.516837849] [robot_0.robot_supervisor]: Selected controllable event: EV_rotate_counterclockwise
[INFO] [1789490082.722209918] [robot_0.robot_supervisor]: Triggered uncontrollable event: EV_obstacle_right
[INFO] [1789490082.724308503] [robot_0.robot_supervisor]: Selected controllable event: EV_rotate_counterclockwise
[INFO] [1789490082.914215661] [robot_0.robot_supervisor]: Triggered uncontrollable event: EV_obstacle_right
[INFO] [1789490082.919252023] [robot_0.robot_supervisor]: Selected controllable event: EV_u_turn
[INFO] [1789490082.923185758] [robot_0.robot_supervisor]: Starting FULL ROTATE (omega=1.000, have_odom=True, target_rad=3.142, timeout_s=3.500)
[INFO] [1789490086.512061563] [robot_0.robot_supervisor]: FULL ROTATE completed by timeout
[INFO] [1789490086.718626283] [robot_0.robot_supervisor]: ############################# REACHED: EV_object_reached #############################
[INFO] [1789490086.719290021] [robot_0.robot_supervisor]: Selected controllable event: EV_approach_color
[INFO] [1789490086.928212622] [robot_0.robot_supervisor]: Selected controllable event: EV_search_color
[INFO] [1789490087.110203564] [robot_0.robot_supervisor]: ############################# REACHED: EV_object_reached #############################
[INFO] [1789490087.110927356] [robot_0.robot_supervisor]: Selected controllable event: EV_search_color
[INFO] [1789490087.317482439] [robot_0.robot_supervisor]: Selected controllable event: EV_move_forward
[INFO] [1789490087.614672820] [robot_0.robot_supervisor]: ############################# REACHED: EV_object_reached #############################
[INFO] [1789490087.634249963] [robot_0.robot_supervisor]: Selected controllable event: EV_move_forward
[INFO] [1789490087.916612486] [robot_0.robot_supervisor]: Selected controllable event: EV_search_color
[INFO] [1789490088.118645766] [robot_0.robot_supervisor]: Selected controllable event: EV_search_object
[INFO] [1789490088.321177475] [robot_0.robot_supervisor]: ############################# VISIBLE: EV_object_visible #############################
[INFO] [1789490088.322655061] [robot_0.robot_supervisor]: Selected controllable event: EV_approach_color
[INFO] [1789490088.610146558] [robot_0.robot_supervisor]: Selected controllable event: EV_search_color
[INFO] [1789490088.811073150] [robot_0.robot_supervisor]: ############################# VISIBLE: EV_object_visible #############################
[INFO] [1789490088.811785533] [robot_0.robot_supervisor]: Selected controllable event: EV_search_color
[INFO] [1789490088.918498878] [robot_0.robot_supervisor]: Selected controllable event: EV_search_object
[INFO] [1789490089.126142913] [robot_0.robot_supervisor]: Selected controllable event: EV_search_color
[INFO] [1789490089.322073979] [robot_0.robot_supervisor]: Selected controllable event: EV_move_forward
[INFO] [1789490089.634823898] [robot_0.robot_supervisor]: ############################# VISIBLE: EV_object_visible #############################
[INFO] [1789490089.635613257] [robot_0.robot_supervisor]: Selected controllable event: EV_search_object
[INFO] [1789490089.812222897] [robot_0.robot_supervisor]: Selected controllable event: EV_search_object
[INFO] [1789490090.010636360] [robot_0.robot_supervisor]: ############################# VISIBLE: EV_object_visible #############################
[INFO] [1789490090.011424495] [robot_0.robot_supervisor]: Selected controllable event: EV_move_forward
[INFO] [1789490090.312216122] [robot_0.robot_supervisor]: Triggered uncontrollable event: EV_obstacle_right
[INFO] [1789490090.312762983] [robot_0.robot_supervisor]: ############################# REACHED: EV_object_reached #############################
[INFO] [1789490090.313396396] [robot_0.robot_supervisor]: Selected controllable event: EV_rotate_counterclockwise
[INFO] [1789490090.420521595] [robot_0.robot_supervisor]: Triggered uncontrollable event: EV_obstacle_right
[INFO] [1789490090.421218275] [robot_0.robot_supervisor]: Selected controllable event: EV_rotate_counterclockwise
[INFO] [1789490090.621721439] [robot_0.robot_supervisor]: Triggered uncontrollable event: EV_obstacle_right
[INFO] [1789490090.622468423] [robot_0.robot_supervisor]: Selected controllable event: EV_rotate_counterclockwise
[INFO] [1789490090.827254717] [robot_0.robot_supervisor]: Triggered uncontrollable event: EV_obstacle_right
[INFO] [1789490090.837413643] [robot_0.robot_supervisor]: Selected controllable event: EV_u_turn
[INFO] [1789490090.838042280] [robot_0.robot_supervisor]: Starting FULL ROTATE (omega=1.000, have_odom=True, target_rad=3.142, timeout_s=3.500)
[INFO] [1789490094.416565850] [robot_0.robot_supervisor]: FULL ROTATE completed by timeout
[INFO] [1789490094.628603527] [robot_0.robot_supervisor]: ############################# REACHED: EV_object_reached #############################
[INFO] [1789490094.629309259] [robot_0.robot_supervisor]: Selected controllable event: EV_approach_color
[INFO] [1789490094.913915831] [robot_0.robot_supervisor]: ############################# REACHED: EV_object_reached #############################
[INFO] [1789490094.914614920] [robot_0.robot_supervisor]: Selected controllable event: EV_move_forward
[INFO] [1789490095.213263388] [robot_0.robot_supervisor]: Selected controllable event: EV_search_object
[INFO] [1789490095.319939571] [robot_0.robot_supervisor]: ############################# VISIBLE: EV_object_visible #############################
[INFO] [1789490095.320716652] [robot_0.robot_supervisor]: Selected controllable event: EV_approach_object
[INFO] [1789490095.614289252] [robot_0.robot_supervisor]: Selected controllable event: EV_approach_object
[INFO] [1789490095.829979873] [robot_0.robot_supervisor]: Selected controllable event: EV_search_object
[INFO] [1789490096.019356942] [robot_0.robot_supervisor]: ############################# VISIBLE: EV_object_visible #############################
[INFO] [1789490096.020160686] [robot_0.robot_supervisor]: Selected controllable event: EV_approach_object
[INFO] [1789490096.314688535] [robot_0.robot_supervisor]: Selected controllable event: EV_move_forward
[INFO] [1789490096.610131670] [robot_0.robot_supervisor]: ############################# VISIBLE: EV_object_visible #############################
[INFO] [1789490096.617259744] [robot_0.robot_supervisor]: Selected controllable event: EV_move_forward
[INFO] [1789490096.924869554] [robot_0.robot_supervisor]: Selected controllable event: EV_search_object
[INFO] [1789490097.118374087] [robot_0.robot_supervisor]: Selected controllable event: EV_search_object
[INFO] [1789490097.316855595] [robot_0.robot_supervisor]: ############################# VISIBLE: EV_object_visible #############################
[INFO] [1789490097.319977851] [robot_0.robot_supervisor]: Selected controllable event: EV_search_object
[INFO] [1789490097.529951833] [robot_0.robot_supervisor]: Selected controllable event: EV_approach_color
[INFO] [1789490097.811987236] [robot_0.robot_supervisor]: ############################# VISIBLE: EV_object_visible #############################
[INFO] [1789490097.818424940] [robot_0.robot_supervisor]: Selected controllable event: EV_move_forward
[INFO] [1789490098.112006743] [robot_0.robot_supervisor]: Selected controllable event: EV_approach_object
[INFO] [1789490098.315529103] [robot_0.robot_supervisor]: ############################# VISIBLE: EV_object_visible #############################
[INFO] [1789490098.317915031] [robot_0.robot_supervisor]: Selected controllable event: EV_approach_color
[INFO] [1789490098.629692396] [robot_0.robot_supervisor]: Selected controllable event: EV_search_object
[INFO] [1789490098.840284130] [robot_0.robot_supervisor]: Selected controllable event: EV_search_object
