[1.012s] Invoking command in '/home/ecem/sct_ws/src/llm_sct/leo_image_processing': PYTHONPATH=/home/ecem/sct_ws/src/llm_sct/build/leo_image_processing/prefix_override:/usr/lib/python3/dist-packages/colcon_core/task/python/colcon_distutils_commands:/home/ecem/sct_ws/src/llm_sct/install/leo_image_processing/lib/python3.10/site-packages:${PYTHONPATH} /usr/bin/python3 -W ignore:setup.py install is deprecated -W ignore:easy_install command is deprecated setup.py egg_info --egg-base ../build/leo_image_processing build --build-base /home/ecem/sct_ws/src/llm_sct/build/leo_image_processing/build install --record /home/ecem/sct_ws/src/llm_sct/build/leo_image_processing/install.log --single-version-externally-managed install_data
[1.192s] running egg_info
[1.192s] writing ../build/leo_image_processing/leo_image_processing.egg-info/PKG-INFO
[1.193s] writing dependency_links to ../build/leo_image_processing/leo_image_processing.egg-info/dependency_links.txt
[1.193s] writing entry points to ../build/leo_image_processing/leo_image_processing.egg-info/entry_points.txt
[1.193s] writing requirements to ../build/leo_image_processing/leo_image_processing.egg-info/requires.txt
[1.193s] writing top-level names to ../build/leo_image_processing/leo_image_processing.egg-info/top_level.txt
[1.194s] reading manifest file '../build/leo_image_processing/leo_image_processing.egg-info/SOURCES.txt'
[1.194s] writing manifest file '../build/leo_image_processing/leo_image_processing.egg-info/SOURCES.txt'
[1.194s] running build
[1.194s] running build_py
[1.194s] running install
[1.194s] running install_lib
[1.195s] running install_data
[1.195s] running install_egg_info
[1.196s] removing '/home/ecem/sct_ws/src/llm_sct/install/leo_image_processing/lib/python3.10/site-packages/leo_image_processing-0.0.0-py3.10.egg-info' (and everything under it)
[1.196s] Copying ../build/leo_image_processing/leo_image_processing.egg-info to /home/ecem/sct_ws/src/llm_sct/install/leo_image_processing/lib/python3.10/site-packages/leo_image_processing-0.0.0-py3.10.egg-info
[1.197s] running install_scripts
[1.211s] Installing image_processor script to /home/ecem/sct_ws/src/llm_sct/install/leo_image_processing/lib/leo_image_processing
[1.211s] writing list of installed files to '/home/ecem/sct_ws/src/llm_sct/build/leo_image_processing/install.log'
[1.233s] Invoked command in '/home/ecem/sct_ws/src/llm_sct/leo_image_processing' returned '0': PYTHONPATH=/home/ecem/sct_ws/src/llm_sct/build/leo_image_processing/prefix_override:/usr/lib/python3/dist-packages/colcon_core/task/python/colcon_distutils_commands:/home/ecem/sct_ws/src/llm_sct/install/leo_image_processing/lib/python3.10/site-packages:${PYTHONPATH} /usr/bin/python3 -W ignore:setup.py install is deprecated -W ignore:easy_install command is deprecated setup.py egg_info --egg-base ../build/leo_image_processing build --build-base /home/ecem/sct_ws/src/llm_sct/build/leo_image_processing/build install --record /home/ecem/sct_ws/src/llm_sct/build/leo_image_processing/install.log --single-version-externally-managed install_data
