1788359480.8832436 [INFO] [launch]: All log files can be found below /home/ecem/sct_ws/src/llm_sct/new_results/baseline/batch_logs/ros_patrolling/2026-09-02-16-31-20-882549-ecem-pc-17
1788359480.8833475 [INFO] [launch]: Default logging verbosity is set to INFO
1788359481.6248050 [INFO] [ign gazebo-1]: process started with pid [103]
1788359481.6250465 [INFO] [image_bridge-2]: process started with pid [106]
1788359481.6251633 [ERROR] [image_bridge-2]: process has died [pid 106, exit code -6, cmd '/opt/ros/humble/lib/ros_gz_image/image_bridge /top_view_camera/image --ros-args -r __node:=top_view_image_bridge'].
1788359481.6252961 [INFO] [simulation_video_recorder-3]: process started with pid [110]
1788359481.6253927 [INFO] [coverage_counter-4]: process started with pid [115]
1788359481.6254818 [INFO] [bump_counter-5]: process started with pid [117]
1788359481.6255739 [INFO] [parameter_bridge-6]: process started with pid [119]
1788359481.6256611 [ERROR] [parameter_bridge-6]: process has died [pid 119, exit code -6, cmd '/opt/ros/humble/lib/ros_gz_bridge/parameter_bridge /robot_0/cmd_vel@geometry_msgs/msg/Twist]ignition.msgs.Twist /robot_0/odom@nav_msgs/msg/Odometry[ignition.msgs.Odometry /robot_0/tf@tf2_msgs/msg/TFMessage[ignition.msgs.Pose_V /robot_0/joint_states@sensor_msgs/msg/JointState[ignition.msgs.Model /robot_0/depth_camera/depth_image@sensor_msgs/msg/Image[ignition.msgs.Image /robot_0/depth_camera/camera_info@sensor_msgs/msg/CameraInfo[ignition.msgs.CameraInfo /world/random_world/model/robot_0/link/robot_0/base_footprint/sensor/contact_sensor/contact@ros_gz_interfaces/msg/Contacts[ignition.msgs.Contacts /robot_1/cmd_vel@geometry_msgs/msg/Twist]ignition.msgs.Twist /robot_1/odom@nav_msgs/msg/Odometry[ignition.msgs.Odometry /robot_1/tf@tf2_msgs/msg/TFMessage[ignition.msgs.Pose_V /robot_1/joint_states@sensor_msgs/msg/JointState[ignition.msgs.Model /robot_1/depth_camera/depth_image@sensor_msgs/msg/Image[ignition.msgs.Image /robot_1/depth_camera/camera_info@sensor_msgs/msg/CameraInfo[ignition.msgs.CameraInfo /world/random_world/model/robot_1/link/robot_1/base_footprint/sensor/contact_sensor/contact@ros_gz_interfaces/msg/Contacts[ignition.msgs.Contacts /robot_2/cmd_vel@geometry_msgs/msg/Twist]ignition.msgs.Twist /robot_2/odom@nav_msgs/msg/Odometry[ignition.msgs.Odometry /robot_2/tf@tf2_msgs/msg/TFMessage[ignition.msgs.Pose_V /robot_2/joint_states@sensor_msgs/msg/JointState[ignition.msgs.Model /robot_2/depth_camera/depth_image@sensor_msgs/msg/Image[ignition.msgs.Image /robot_2/depth_camera/camera_info@sensor_msgs/msg/CameraInfo[ignition.msgs.CameraInfo /world/random_world/model/robot_2/link/robot_2/base_footprint/sensor/contact_sensor/contact@ros_gz_interfaces/msg/Contacts[ignition.msgs.Contacts /world/random_world/dynamic_pose/info@tf2_msgs/msg/TFMessage[ignition.msgs.Pose_V /world/random_world/create@ros_gz_interfaces/srv/SpawnEntity /world/random_world/remove@ros_gz_interfaces/srv/DeleteEntity /world/random_world/set_pose@ros_gz_interfaces/srv/SetEntityPose --ros-args -r __node:=all_robots_bridge --params-file /tmp/launch_params_xxtxl82f -r /robot_0/tf:=/tf -r /robot_1/tf:=/tf -r /robot_2/tf:=/tf'].
1788359481.6257589 [INFO] [robot_state_publisher-7]: process started with pid [124]
1788359481.6258426 [ERROR] [robot_state_publisher-7]: process has died [pid 124, exit code -6, cmd '/opt/ros/humble/lib/robot_state_publisher/robot_state_publisher --ros-args -r __ns:=/robot_0 --params-file /tmp/launch_params_9aql20y0 -r joint_states:=/robot_0/joint_states -r tf:=/tf -r tf_static:=/tf_static'].
1788359481.6259236 [INFO] [create-8]: process started with pid [129]
1788359481.6260037 [ERROR] [create-8]: process has died [pid 129, exit code -6, cmd '/opt/ros/humble/lib/ros_gz_sim/create -name robot_0 -x -3.3126183031934424 -y 1.9000431833815643 -z 0.1 -Y 2.523358596291448 -topic /robot_0/robot_description --ros-args -r __ns:=/robot_0'].
1788359481.6260781 [INFO] [static_transform_publisher-9]: process started with pid [131]
1788359481.6261537 [ERROR] [static_transform_publisher-9]: process has died [pid 131, exit code -6, cmd '/opt/ros/humble/lib/tf2_ros/static_transform_publisher -3.3126183031934424 1.9000431833815643 0.0 2.523358596291448 0.0 0.0 odom robot_0/odom --ros-args -r __node:=robot_0_spawn_offset_tf'].
1788359481.6262443 [INFO] [image_bridge-10]: process started with pid [134]
1788359481.6263211 [ERROR] [image_bridge-10]: process has died [pid 134, exit code -6, cmd '/opt/ros/humble/lib/ros_gz_image/image_bridge /robot_0/depth_camera/image --ros-args -r __node:=robot_0_rgb_image_bridge'].
1788359481.6264009 [INFO] [robot_state_publisher-11]: process started with pid [141]
1788359481.6264803 [ERROR] [robot_state_publisher-11]: process has died [pid 141, exit code -6, cmd '/opt/ros/humble/lib/robot_state_publisher/robot_state_publisher --ros-args -r __ns:=/robot_1 --params-file /tmp/launch_params_sf14692q -r joint_states:=/robot_1/joint_states -r tf:=/tf -r tf_static:=/tf_static'].
1788359481.6265688 [INFO] [create-12]: process started with pid [147]
1788359481.6266465 [ERROR] [create-12]: process has died [pid 147, exit code -6, cmd '/opt/ros/humble/lib/ros_gz_sim/create -name robot_1 -x 0.26533302039306506 -y 2.9363324810219584 -z 0.1 -Y 1.5508969216599278 -topic /robot_1/robot_description --ros-args -r __ns:=/robot_1'].
1788359481.6267250 [INFO] [static_transform_publisher-13]: process started with pid [149]
1788359481.6268022 [ERROR] [static_transform_publisher-13]: process has died [pid 149, exit code -6, cmd '/opt/ros/humble/lib/tf2_ros/static_transform_publisher 0.26533302039306506 2.9363324810219584 0.0 1.5508969216599278 0.0 0.0 odom robot_1/odom --ros-args -r __node:=robot_1_spawn_offset_tf'].
1788359481.6268809 [INFO] [image_bridge-14]: process started with pid [151]
1788359481.6269498 [INFO] [robot_state_publisher-15]: process started with pid [167]
1788359481.6270142 [INFO] [create-16]: process started with pid [169]
1788359481.6270764 [INFO] [static_transform_publisher-17]: process started with pid [172]
1788359481.6271389 [INFO] [image_bridge-18]: process started with pid [183]
1788359481.6272082 [INFO] [parameter_bridge-19]: process started with pid [192]
1788359481.6749425 [INFO] [robot_supervisor-20]: process started with pid [200]
1788359481.6751478 [INFO] [stuck_recovery-21]: process started with pid [202]
1788359481.6994114 [INFO] [robot_supervisor-22]: process started with pid [204]
1788359481.6996307 [INFO] [stuck_recovery-23]: process started with pid [207]
1788359481.7021887 [ERROR] [static_transform_publisher-17]: process has died [pid 172, exit code -6, cmd '/opt/ros/humble/lib/tf2_ros/static_transform_publisher -1.8891920365756305 2.4351863656907806 0.0 3.0952589350777098 0.0 0.0 odom robot_2/odom --ros-args -r __node:=robot_2_spawn_offset_tf'].
1788359481.7329767 [ERROR] [create-16]: process has died [pid 169, exit code -6, cmd '/opt/ros/humble/lib/ros_gz_sim/create -name robot_2 -x -1.8891920365756305 -y 2.4351863656907806 -z 0.1 -Y 3.0952589350777098 -topic /robot_2/robot_description --ros-args -r __ns:=/robot_2'].
1788359481.7331817 [ERROR] [ign gazebo-1]: process has died [pid 103, exit code 255, cmd 'ruby /usr/bin/ign gazebo /tmp/leo_patrolling_no_overhead_camera_3gyikoz9.sdf -s --headless-rendering -r --force-version 6'].
1788359481.7432494 [INFO] [launch]: process[ign gazebo-1] was required: shutting down launched system
1788359481.7521596 [INFO] [stuck_recovery-23]: sending signal 'SIGINT' to process[stuck_recovery-23]
1788359481.7541926 [INFO] [robot_supervisor-24]: process started with pid [211]
1788359481.7543223 [INFO] [stuck_recovery-25]: process started with pid [213]
1788359481.7544110 [ERROR] [robot_state_publisher-15]: process has died [pid 167, exit code -6, cmd '/opt/ros/humble/lib/robot_state_publisher/robot_state_publisher --ros-args -r __ns:=/robot_2 --params-file /tmp/launch_params_y4vno9hu -r joint_states:=/robot_2/joint_states -r tf:=/tf -r tf_static:=/tf_static'].
1788359481.7548392 [INFO] [robot_supervisor-22]: sending signal 'SIGINT' to process[robot_supervisor-22]
1788359481.7572482 [INFO] [stuck_recovery-21]: sending signal 'SIGINT' to process[stuck_recovery-21]
1788359481.7594819 [INFO] [robot_supervisor-20]: sending signal 'SIGINT' to process[robot_supervisor-20]
1788359481.7615526 [INFO] [parameter_bridge-19]: sending signal 'SIGINT' to process[parameter_bridge-19]
1788359481.7639346 [INFO] [image_bridge-18]: sending signal 'SIGINT' to process[image_bridge-18]
1788359481.7654719 [ERROR] [stuck_recovery-23]: process has died [pid 207, exit code -2, cmd '/home/ecem/sct_ws/install/leo_image_processing/lib/leo_image_processing/stuck_recovery --ros-args -r __node:=stuck_recovery -r __ns:=/robot_1 --params-file /tmp/launch_params_5gblfpc8 --params-file /tmp/launch_params_xr8qp8l0 --params-file /tmp/launch_params_wd4t1ro5 --params-file /tmp/launch_params_2wo7kyw7 --params-file /tmp/launch_params_mls46kzk --params-file /tmp/launch_params_l8z28f8l --params-file /tmp/launch_params_h2l2fwuv --params-file /tmp/launch_params_z5v1mdv0 --params-file /tmp/launch_params_1puy9atm --params-file /tmp/launch_params_pd4wrla8 --params-file /tmp/launch_params_2amqgu7x'].
1788359481.7676895 [ERROR] [image_bridge-18]: process has died [pid 183, exit code -6, cmd '/opt/ros/humble/lib/ros_gz_image/image_bridge /robot_2/depth_camera/image --ros-args -r __node:=robot_2_rgb_image_bridge'].
1788359481.7686834 [INFO] [image_bridge-14]: sending signal 'SIGINT' to process[image_bridge-14]
1788359481.7698298 [ERROR] [stuck_recovery-21]: process has died [pid 202, exit code -2, cmd '/home/ecem/sct_ws/install/leo_image_processing/lib/leo_image_processing/stuck_recovery --ros-args -r __node:=stuck_recovery -r __ns:=/robot_0 --params-file /tmp/launch_params_78wtr0x9 --params-file /tmp/launch_params_i3kx5kcp --params-file /tmp/launch_params_d8yxl3se --params-file /tmp/launch_params__s55d402 --params-file /tmp/launch_params_9vs0bb4o --params-file /tmp/launch_params_en_91bfy --params-file /tmp/launch_params_uwa3rbn7 --params-file /tmp/launch_params_mu8v4uf1 --params-file /tmp/launch_params_yki9ghxb --params-file /tmp/launch_params_8f6gcgit --params-file /tmp/launch_params_9ed266wr'].
1788359481.7713747 [INFO] [bump_counter-5]: sending signal 'SIGINT' to process[bump_counter-5]
1788359481.7735770 [INFO] [coverage_counter-4]: sending signal 'SIGINT' to process[coverage_counter-4]
1788359481.7756188 [INFO] [simulation_video_recorder-3]: sending signal 'SIGINT' to process[simulation_video_recorder-3]
1788359481.7759819 [ERROR] [robot_supervisor-20]: process has died [pid 200, exit code -2, cmd '/home/ecem/sct_ws/install/leo_patrolling/lib/leo_patrolling/robot_supervisor --ros-args -r __node:=robot_supervisor -r __ns:=/robot_0 --params-file /tmp/launch_params_js6j4bqf --params-file /tmp/launch_params_q8vheuya --params-file /tmp/launch_params_gb3f1bpt --params-file /tmp/launch_params_lfu614yj --params-file /tmp/launch_params_0yy6rf2f --params-file /tmp/launch_params_vbspvad_ --params-file /tmp/launch_params__zkxb5vg --params-file /tmp/launch_params_q5quyr6a --params-file /tmp/launch_params_ozmtupda -r cmd_vel:=cmd_vel_supervisor'].
1788359481.7771156 [ERROR] [robot_supervisor-22]: process has died [pid 204, exit code -2, cmd '/home/ecem/sct_ws/install/leo_patrolling/lib/leo_patrolling/robot_supervisor --ros-args -r __node:=robot_supervisor -r __ns:=/robot_1 --params-file /tmp/launch_params_d79z9c4u --params-file /tmp/launch_params_iza__lna --params-file /tmp/launch_params_aob5hky4 --params-file /tmp/launch_params_p2462714 --params-file /tmp/launch_params_kjebnf4v --params-file /tmp/launch_params_spo4t8r0 --params-file /tmp/launch_params_vt4fkd6t --params-file /tmp/launch_params_l298viju --params-file /tmp/launch_params_zilheys5 -r cmd_vel:=cmd_vel_supervisor'].
1788359481.7814445 [INFO] [robot_supervisor-24]: sending signal 'SIGINT' to process[robot_supervisor-24]
1788359481.7832258 [INFO] [stuck_recovery-25]: sending signal 'SIGINT' to process[stuck_recovery-25]
1788359481.7878141 [ERROR] [robot_supervisor-24]: process has died [pid 211, exit code -2, cmd '/home/ecem/sct_ws/install/leo_patrolling/lib/leo_patrolling/robot_supervisor --ros-args -r __node:=robot_supervisor -r __ns:=/robot_2 --params-file /tmp/launch_params_ynswyc_i --params-file /tmp/launch_params_rcayval3 --params-file /tmp/launch_params_k6tlr20u --params-file /tmp/launch_params_8ebnoh8k --params-file /tmp/launch_params_llij5f2s --params-file /tmp/launch_params_gimbt6ik --params-file /tmp/launch_params_5q0_xcz6 --params-file /tmp/launch_params_ccmlebtm --params-file /tmp/launch_params_bultyam7 -r cmd_vel:=cmd_vel_supervisor'].
1788359481.7881887 [ERROR] [coverage_counter-4]: process has died [pid 115, exit code 1, cmd '/home/ecem/sct_ws/install/evaluation/lib/evaluation/coverage_counter --ros-args -r __node:=coverage_counter --params-file /tmp/launch_params_l39fyhc3 --params-file /tmp/launch_params_i0t5tv8z --params-file /tmp/launch_params_80odkave --params-file /tmp/launch_params_r_u0wpwd --params-file /tmp/launch_params_95lbx5n6 --params-file /tmp/launch_params_a4pykg2w --params-file /tmp/launch_params_7qhn4xxl --params-file /tmp/launch_params_unagazi9 --params-file /tmp/launch_params_kak4vkvv --params-file /tmp/launch_params_0z8kx37r'].
1788359481.7883532 [INFO] [launch]: process[coverage_counter-4] was required: shutting down launched system
1788359481.7890821 [ERROR] [stuck_recovery-25]: process has died [pid 213, exit code -2, cmd '/home/ecem/sct_ws/install/leo_image_processing/lib/leo_image_processing/stuck_recovery --ros-args -r __node:=stuck_recovery -r __ns:=/robot_2 --params-file /tmp/launch_params_rfha472p --params-file /tmp/launch_params_x2k3n8ky --params-file /tmp/launch_params_vubxo2hu --params-file /tmp/launch_params_v5y_9foy --params-file /tmp/launch_params_ablz97yx --params-file /tmp/launch_params_g8z3jozm --params-file /tmp/launch_params_sz5umlbv --params-file /tmp/launch_params_72hsgtnw --params-file /tmp/launch_params_pq3txpc1 --params-file /tmp/launch_params_ub6np3e6 --params-file /tmp/launch_params_clwxpbjd'].
1788359481.8048251 [ERROR] [image_bridge-14]: process has died [pid 151, exit code -6, cmd '/opt/ros/humble/lib/ros_gz_image/image_bridge /robot_1/depth_camera/image --ros-args -r __node:=robot_1_rgb_image_bridge'].
1788359481.8051615 [ERROR] [bump_counter-5]: process has died [pid 117, exit code -2, cmd '/home/ecem/sct_ws/install/evaluation/lib/evaluation/bump_counter --ros-args -r __node:=bump_counter --params-file /tmp/launch_params_02xm300z --params-file /tmp/launch_params_1fhqf6rn --params-file /tmp/launch_params_kh1uh6_g --params-file /tmp/launch_params_p1zey28y --params-file /tmp/launch_params_144tl6zd --params-file /tmp/launch_params_j1404m84 --params-file /tmp/launch_params_ubbd30da --params-file /tmp/launch_params_gxbigq1n'].
1788359481.8129442 [ERROR] [parameter_bridge-19]: process has died [pid 192, exit code -6, cmd '/opt/ros/humble/lib/ros_gz_bridge/parameter_bridge /clock@rosgraph_msgs/msg/Clock[ignition.msgs.Clock /world/random_world/set_pose@ros_gz_interfaces/srv/SetEntityPose --ros-args -r __node:=clock_bridge --params-file /tmp/launch_params_q4ffx__v'].
1788359481.8814027 [ERROR] [simulation_video_recorder-3]: process has died [pid 110, exit code 1, cmd '/home/ecem/sct_ws/install/evaluation/lib/evaluation/simulation_video_recorder --ros-args -r __node:=simulation_video_recorder --params-file /tmp/launch_params_0fk4g8pv --params-file /tmp/launch_params_w7qw6d18 --params-file /tmp/launch_params_tde23_wd --params-file /tmp/launch_params_mpvgnmze --params-file /tmp/launch_params_9xwdy54l --params-file /tmp/launch_params_fwb9dui8 --params-file /tmp/launch_params_4_ma_3fi'].
