1789489726.6597528 [INFO] [launch]: All log files can be found below /home/ecem/sct_ws/src/llm_sct/RESULTS_LAST/baseline/delivery_stack_xml/batch_logs/ros_slot1/2026-09-15-18-28-46-659031-ecem-pc-72994
1789489726.6598439 [INFO] [launch]: Default logging verbosity is set to INFO
1789489727.4577198 [INFO] [ign gazebo-1]: process started with pid [73010]
1789489727.4579353 [INFO] [image_bridge-2]: process started with pid [73015]
1789489727.4580333 [INFO] [simulation_video_recorder-3]: process started with pid [73018]
1789489727.4581096 [INFO] [coverage_counter-4]: process started with pid [73021]
1789489727.4581742 [INFO] [bump_counter-5]: process started with pid [73024]
1789489727.4582405 [INFO] [parameter_bridge-6]: process started with pid [73044]
1789489727.4583066 [INFO] [robot_state_publisher-7]: process started with pid [73060]
1789489727.4583688 [INFO] [create-8]: process started with pid [73084]
1789489727.4584253 [INFO] [static_transform_publisher-9]: process started with pid [73092]
1789489727.4584830 [INFO] [image_bridge-10]: process started with pid [73119]
1789489727.4585400 [INFO] [robot_state_publisher-11]: process started with pid [73154]
1789489727.4585974 [INFO] [create-12]: process started with pid [73168]
1789489727.4586535 [INFO] [static_transform_publisher-13]: process started with pid [73191]
1789489727.4587100 [INFO] [image_bridge-14]: process started with pid [73211]
1789489727.4587641 [INFO] [robot_state_publisher-15]: process started with pid [73244]
1789489727.4588211 [INFO] [create-16]: process started with pid [73293]
1789489727.4720197 [INFO] [static_transform_publisher-17]: process started with pid [73329]
1789489727.4721544 [INFO] [image_bridge-18]: process started with pid [73383]
1789489727.4722171 [INFO] [parameter_bridge-19]: process started with pid [73407]
1789489729.4016447 [INFO] [create-8]: process has finished cleanly [pid 73084]
1789489729.4134002 [INFO] [balanced_delivery_supervisor-20]: process started with pid [74509]
1789489729.4135747 [INFO] [stuck_recovery-21]: process started with pid [74514]
1789489729.5132396 [INFO] [create-16]: process has finished cleanly [pid 73293]
1789489729.5134182 [INFO] [create-12]: process has finished cleanly [pid 73168]
1789489729.6056511 [INFO] [balanced_delivery_supervisor-22]: process started with pid [74529]
1789489729.6058378 [INFO] [stuck_recovery-23]: process started with pid [74537]
1789489729.6061656 [INFO] [balanced_delivery_supervisor-24]: process started with pid [74551]
1789489729.6062534 [INFO] [stuck_recovery-25]: process started with pid [74556]
1789489731.4233000 [INFO] [image_processor-26]: process started with pid [74917]
1789489731.4234886 [INFO] [color_detector-27]: process started with pid [74921]
1789489731.6050994 [INFO] [image_processor-28]: process started with pid [74952]
1789489731.6052120 [INFO] [color_detector-29]: process started with pid [74965]
1789489731.6622818 [INFO] [image_processor-30]: process started with pid [74970]
1789489731.6624198 [INFO] [color_detector-31]: process started with pid [74974]
1789489909.1973860 [INFO] [coverage_counter-4]: process has finished cleanly [pid 73021]
1789489909.1983559 [INFO] [launch]: process[coverage_counter-4] was required: shutting down launched system
1789489909.5563428 [INFO] [color_detector-31]: sending signal 'SIGINT' to process[color_detector-31]
1789489909.6692936 [INFO] [image_processor-30]: sending signal 'SIGINT' to process[image_processor-30]
1789489909.8056953 [INFO] [color_detector-29]: sending signal 'SIGINT' to process[color_detector-29]
1789489909.9475548 [INFO] [image_processor-28]: sending signal 'SIGINT' to process[image_processor-28]
1789489910.2188780 [INFO] [color_detector-27]: sending signal 'SIGINT' to process[color_detector-27]
1789489910.2290394 [INFO] [image_processor-26]: sending signal 'SIGINT' to process[image_processor-26]
1789489910.3760614 [INFO] [stuck_recovery-25]: sending signal 'SIGINT' to process[stuck_recovery-25]
1789489910.4367123 [INFO] [balanced_delivery_supervisor-24]: sending signal 'SIGINT' to process[balanced_delivery_supervisor-24]
1789489910.5950520 [INFO] [stuck_recovery-23]: sending signal 'SIGINT' to process[stuck_recovery-23]
1789489910.6512694 [INFO] [balanced_delivery_supervisor-22]: sending signal 'SIGINT' to process[balanced_delivery_supervisor-22]
1789489910.7650533 [INFO] [stuck_recovery-21]: sending signal 'SIGINT' to process[stuck_recovery-21]
1789489910.8484223 [INFO] [balanced_delivery_supervisor-20]: sending signal 'SIGINT' to process[balanced_delivery_supervisor-20]
1789489910.9558239 [INFO] [parameter_bridge-19]: sending signal 'SIGINT' to process[parameter_bridge-19]
1789489910.9924872 [INFO] [image_bridge-18]: sending signal 'SIGINT' to process[image_bridge-18]
1789489911.0768230 [INFO] [static_transform_publisher-17]: sending signal 'SIGINT' to process[static_transform_publisher-17]
1789489911.1264575 [INFO] [parameter_bridge-19]: process has finished cleanly [pid 73407]
1789489911.1580098 [INFO] [robot_state_publisher-15]: sending signal 'SIGINT' to process[robot_state_publisher-15]
1789489911.2490292 [INFO] [image_bridge-14]: sending signal 'SIGINT' to process[image_bridge-14]
1789489911.3334708 [INFO] [static_transform_publisher-13]: sending signal 'SIGINT' to process[static_transform_publisher-13]
1789489911.4168041 [INFO] [robot_state_publisher-11]: sending signal 'SIGINT' to process[robot_state_publisher-11]
1789489911.5023007 [INFO] [image_bridge-10]: sending signal 'SIGINT' to process[image_bridge-10]
1789489911.5889592 [INFO] [static_transform_publisher-9]: sending signal 'SIGINT' to process[static_transform_publisher-9]
1789489911.6334486 [ERROR] [color_detector-29]: process has died [pid 74965, exit code 1, cmd '/home/ecem/sct_ws/install/leo_image_processing/lib/leo_image_processing/color_detector --ros-args -r __node:=target_detector -r __ns:=/robot_2 --params-file /tmp/launch_params_jd6ohvtn --params-file /tmp/launch_params_4qdz26qo --params-file /tmp/launch_params_thktyb0z --params-file /tmp/launch_params_qtka2n01 --params-file /tmp/launch_params_p8unwz5_ --params-file /tmp/launch_params_k4_b_kxa'].
1789489911.6821566 [INFO] [robot_state_publisher-7]: sending signal 'SIGINT' to process[robot_state_publisher-7]
1789489911.7619600 [INFO] [parameter_bridge-6]: sending signal 'SIGINT' to process[parameter_bridge-6]
1789489911.8220603 [INFO] [bump_counter-5]: sending signal 'SIGINT' to process[bump_counter-5]
1789489911.9088087 [INFO] [simulation_video_recorder-3]: sending signal 'SIGINT' to process[simulation_video_recorder-3]
1789489911.9246521 [INFO] [parameter_bridge-6]: process has finished cleanly [pid 73044]
1789489912.0042872 [INFO] [image_bridge-2]: sending signal 'SIGINT' to process[image_bridge-2]
1789489912.1380632 [INFO] [ign gazebo-1]: sending signal 'SIGINT' to process[ign gazebo-1]
1789489912.1552932 [ERROR] [image_processor-30]: process has died [pid 74970, exit code 1, cmd '/home/ecem/sct_ws/install/leo_image_processing/lib/leo_image_processing/image_processor --ros-args -r __node:=image_processor -r __ns:=/robot_1 --params-file /tmp/launch_params_5eypd4c9 --params-file /tmp/launch_params_t9lby2nd --params-file /tmp/launch_params_xddacjux'].
1789489912.1570768 [ERROR] [color_detector-31]: process has died [pid 74974, exit code 1, cmd '/home/ecem/sct_ws/install/leo_image_processing/lib/leo_image_processing/color_detector --ros-args -r __node:=target_detector -r __ns:=/robot_1 --params-file /tmp/launch_params_a0wrmpqx --params-file /tmp/launch_params_clg63os8 --params-file /tmp/launch_params_5hnehimn --params-file /tmp/launch_params_wns4rxrb --params-file /tmp/launch_params_rkscfnqh --params-file /tmp/launch_params_bjib4du5'].
1789489912.2051163 [INFO] [static_transform_publisher-17]: process has finished cleanly [pid 73329]
1789489912.2274959 [INFO] [image_bridge-18]: process has finished cleanly [pid 73383]
1789489912.2277353 [ERROR] [image_processor-28]: process has died [pid 74952, exit code 1, cmd '/home/ecem/sct_ws/install/leo_image_processing/lib/leo_image_processing/image_processor --ros-args -r __node:=image_processor -r __ns:=/robot_2 --params-file /tmp/launch_params_5tt_wx47 --params-file /tmp/launch_params_snoxn7ey --params-file /tmp/launch_params_s9zxkhoi'].
1789489912.2552245 [INFO] [robot_state_publisher-15]: process has finished cleanly [pid 73244]
1789489912.4183805 [INFO] [static_transform_publisher-13]: process has finished cleanly [pid 73191]
1789489912.4185736 [INFO] [image_bridge-14]: process has finished cleanly [pid 73211]
1789489912.5005531 [INFO] [robot_state_publisher-11]: process has finished cleanly [pid 73154]
1789489912.5673749 [ERROR] [image_processor-26]: process has died [pid 74917, exit code 1, cmd '/home/ecem/sct_ws/install/leo_image_processing/lib/leo_image_processing/image_processor --ros-args -r __node:=image_processor -r __ns:=/robot_0 --params-file /tmp/launch_params__y2u8m3s --params-file /tmp/launch_params_k6zwphp5 --params-file /tmp/launch_params_6_vt1ha7'].
1789489912.6609151 [INFO] [image_bridge-10]: process has finished cleanly [pid 73119]
1789489912.6663125 [INFO] [static_transform_publisher-9]: process has finished cleanly [pid 73092]
1789489912.7002192 [ERROR] [color_detector-27]: process has died [pid 74921, exit code 1, cmd '/home/ecem/sct_ws/install/leo_image_processing/lib/leo_image_processing/color_detector --ros-args -r __node:=target_detector -r __ns:=/robot_0 --params-file /tmp/launch_params_7rswpan1 --params-file /tmp/launch_params_emojvrq5 --params-file /tmp/launch_params_r0lg7t5t --params-file /tmp/launch_params_n6og55wr --params-file /tmp/launch_params_zmzffmal --params-file /tmp/launch_params_0urnffu3'].
1789489912.7458122 [ERROR] [stuck_recovery-25]: process has died [pid 74556, exit code 1, cmd '/home/ecem/sct_ws/install/leo_image_processing/lib/leo_image_processing/stuck_recovery --ros-args -r __node:=stuck_recovery -r __ns:=/robot_1 --params-file /tmp/launch_params_wil_czxr --params-file /tmp/launch_params_7qm704_p --params-file /tmp/launch_params_nyn48ugm --params-file /tmp/launch_params_lxdcm8bp --params-file /tmp/launch_params_uexyl25v --params-file /tmp/launch_params_4es6ejnk --params-file /tmp/launch_params_s1gtorke --params-file /tmp/launch_params_0f_4pzqz --params-file /tmp/launch_params_6nok5yjk --params-file /tmp/launch_params_nu65j1cp'].
1789489912.7664602 [INFO] [robot_state_publisher-7]: process has finished cleanly [pid 73060]
1789489912.8325160 [ERROR] [balanced_delivery_supervisor-24]: process has died [pid 74551, exit code 1, cmd '/home/ecem/sct_ws/install/leo_delivery/lib/leo_delivery/balanced_delivery_supervisor --ros-args -r __node:=robot_supervisor -r __ns:=/robot_1 --params-file /tmp/launch_params_38_7yjn2 --params-file /tmp/launch_params_ab1ymdle --params-file /tmp/launch_params_1u6_jl4j --params-file /tmp/launch_params_2dool12l --params-file /tmp/launch_params_cqw8g_3l --params-file /tmp/launch_params_vtn89ujy --params-file /tmp/launch_params_k9k3f2wn --params-file /tmp/launch_params_6c9ahw2r --params-file /tmp/launch_params_l8abppev -r cmd_vel:=cmd_vel_supervisor'].
1789489912.8567059 [ERROR] [stuck_recovery-23]: process has died [pid 74537, exit code 1, cmd '/home/ecem/sct_ws/install/leo_image_processing/lib/leo_image_processing/stuck_recovery --ros-args -r __node:=stuck_recovery -r __ns:=/robot_2 --params-file /tmp/launch_params_cvne741k --params-file /tmp/launch_params_pqy3vje9 --params-file /tmp/launch_params_s4wty9t2 --params-file /tmp/launch_params_p1cinalu --params-file /tmp/launch_params_1cvw3769 --params-file /tmp/launch_params_4s9r98ym --params-file /tmp/launch_params_07yq8jim --params-file /tmp/launch_params_olyoftz8 --params-file /tmp/launch_params_u7ph544y --params-file /tmp/launch_params_kz9jk1nn'].
1789489912.8575568 [ERROR] [stuck_recovery-21]: process has died [pid 74514, exit code 1, cmd '/home/ecem/sct_ws/install/leo_image_processing/lib/leo_image_processing/stuck_recovery --ros-args -r __node:=stuck_recovery -r __ns:=/robot_0 --params-file /tmp/launch_params_jds71ggs --params-file /tmp/launch_params_e25qmwiq --params-file /tmp/launch_params_ue3_d17h --params-file /tmp/launch_params_9s3yxtyh --params-file /tmp/launch_params_p9py31qc --params-file /tmp/launch_params_hnfw81ff --params-file /tmp/launch_params_byfdt8qv --params-file /tmp/launch_params_04nyd7cs --params-file /tmp/launch_params_34mv9mmv --params-file /tmp/launch_params_mg_879gh'].
1789489912.8867238 [ERROR] [balanced_delivery_supervisor-22]: process has died [pid 74529, exit code 1, cmd '/home/ecem/sct_ws/install/leo_delivery/lib/leo_delivery/balanced_delivery_supervisor --ros-args -r __node:=robot_supervisor -r __ns:=/robot_2 --params-file /tmp/launch_params_px7ww3dp --params-file /tmp/launch_params_zwtgekix --params-file /tmp/launch_params_p1c3frcj --params-file /tmp/launch_params_hinjd1qs --params-file /tmp/launch_params_mlvf5cwd --params-file /tmp/launch_params_74xsk1bd --params-file /tmp/launch_params_k8wb6nrq --params-file /tmp/launch_params_b3v23z90 --params-file /tmp/launch_params_vn64uuv0 -r cmd_vel:=cmd_vel_supervisor'].
1789489912.8992214 [ERROR] [balanced_delivery_supervisor-20]: process has died [pid 74509, exit code 1, cmd '/home/ecem/sct_ws/install/leo_delivery/lib/leo_delivery/balanced_delivery_supervisor --ros-args -r __node:=robot_supervisor -r __ns:=/robot_0 --params-file /tmp/launch_params_vmzd2liv --params-file /tmp/launch_params_xh1sinhr --params-file /tmp/launch_params_c35gwl7j --params-file /tmp/launch_params_cfkzm_9j --params-file /tmp/launch_params_58muwnu0 --params-file /tmp/launch_params_zp7utrfs --params-file /tmp/launch_params_83k39eo6 --params-file /tmp/launch_params_2q_pux1v --params-file /tmp/launch_params_nloghayl -r cmd_vel:=cmd_vel_supervisor'].
1789489913.1164095 [INFO] [image_bridge-2]: process has finished cleanly [pid 73015]
1789489913.1433814 [ERROR] [bump_counter-5]: process has died [pid 73024, exit code 1, cmd '/home/ecem/sct_ws/install/evaluation/lib/evaluation/bump_counter --ros-args -r __node:=bump_counter --params-file /tmp/launch_params_0xbbavvh --params-file /tmp/launch_params_9ruxqoh5 --params-file /tmp/launch_params_9nhactam --params-file /tmp/launch_params_dzw4mx2_ --params-file /tmp/launch_params_i1ecz28x --params-file /tmp/launch_params_v5j4m08g --params-file /tmp/launch_params_ypc3ikkh --params-file /tmp/launch_params_4cj52xsf'].
1789489913.1495025 [INFO] [simulation_video_recorder-3]: process has finished cleanly [pid 73018]
1789489914.5425189 [ERROR] [ign gazebo-1]: process[ign gazebo-1] failed to terminate '5' seconds after receiving 'SIGINT', escalating to 'SIGTERM'
1789489914.5477488 [INFO] [ign gazebo-1]: sending signal 'SIGTERM' to process[ign gazebo-1]
1789489914.5486741 [ERROR] [ign gazebo-1]: process has died [pid 73010, exit code -15, cmd 'ruby /usr/bin/ign gazebo /tmp/leo_delivery_no_overhead_camera_a1u77flc.sdf -s --headless-rendering -r -z 200 --force-version 6'].
1789489914.5491705 [INFO] [launch]: process[ign gazebo-1] was required: shutting down launched system
