[INFO] [launch]: All log files can be found below /home/ecem/sct_ws/src/llm_sct/RESULTS_LAST/baseline/balanced_delivery/batch_logs/ros_slot0/2026-09-15-18-04-36-611580-ecem-pc-466
[INFO] [launch]: Default logging verbosity is set to INFO
[leo_delivery] randomized task layout with seed 1010
[spawn_multi_robots] run_id=run_20260915_180436_977658951 random_seed=1010 
[INFO] [ign gazebo-1]: process started with pid [498]
[INFO] [image_bridge-2]: process started with pid [502]
[INFO] [simulation_video_recorder-3]: process started with pid [509]
[INFO] [coverage_counter-4]: process started with pid [517]
[INFO] [bump_counter-5]: process started with pid [519]
[INFO] [parameter_bridge-6]: process started with pid [523]
[INFO] [robot_state_publisher-7]: process started with pid [537]
[INFO] [create-8]: process started with pid [542]
[INFO] [static_transform_publisher-9]: process started with pid [551]
[INFO] [image_bridge-10]: process started with pid [560]
[INFO] [robot_state_publisher-11]: process started with pid [573]
[ERROR] [robot_state_publisher-11]: process has died [pid 573, exit code -6, cmd '/opt/ros/humble/lib/robot_state_publisher/robot_state_publisher --ros-args -r __ns:=/robot_1 --params-file /tmp/launch_params_n8pxlona -r joint_states:=/robot_1/joint_states -r tf:=/tf -r tf_static:=/tf_static'].
[INFO] [create-12]: process started with pid [583]
[INFO] [static_transform_publisher-13]: process started with pid [596]
[ERROR] [static_transform_publisher-13]: process has died [pid 596, exit code -6, cmd '/opt/ros/humble/lib/tf2_ros/static_transform_publisher -2.0796377947487654 1.1992956060364741 0.0 -2.2051915382430587 0.0 0.0 odom robot_1/odom --ros-args -r __node:=robot_1_spawn_offset_tf'].
[INFO] [image_bridge-14]: process started with pid [610]
[INFO] [robot_state_publisher-15]: process started with pid [620]
[ERROR] [robot_state_publisher-15]: process has died [pid 620, exit code -6, cmd '/opt/ros/humble/lib/robot_state_publisher/robot_state_publisher --ros-args -r __ns:=/robot_2 --params-file /tmp/launch_params_cty2equ1 -r joint_states:=/robot_2/joint_states -r tf:=/tf -r tf_static:=/tf_static'].
[INFO] [create-16]: process started with pid [628]
[INFO] [static_transform_publisher-17]: process started with pid [634]
[INFO] [image_bridge-18]: process started with pid [648]
[INFO] [parameter_bridge-19]: process started with pid [655]
[ERROR] [robot_state_publisher-7]: process has died [pid 537, exit code -6, cmd '/opt/ros/humble/lib/robot_state_publisher/robot_state_publisher --ros-args -r __ns:=/robot_0 --params-file /tmp/launch_params_1zap_u64 -r joint_states:=/robot_0/joint_states -r tf:=/tf -r tf_static:=/tf_static'].
[ERROR] [static_transform_publisher-9]: process has died [pid 551, exit code -6, cmd '/opt/ros/humble/lib/tf2_ros/static_transform_publisher 1.6080290859438304 -2.764435858377044 0.0 0.26961197079695065 0.0 0.0 odom robot_0/odom --ros-args -r __node:=robot_0_spawn_offset_tf'].
[image_bridge-2] 1789488277.333023 [71] image_brid: failed to enumerate interfaces for "udp": -1
[image_bridge-2] [ERROR] [1789488277.333064813] [rmw_cyclonedds_cpp]: rmw_create_node: failed to create domain, error Error
[image_bridge-2] 
[image_bridge-2] >>> [rcutils|error_handling.c:108] rcutils_set_error_state()
[image_bridge-2] This error state is being overwritten:
[image_bridge-2] 
[image_bridge-2]   'error not set, at ./src/rcl/node.c:263'
[image_bridge-2] 
[image_bridge-2] with this new error message:
[image_bridge-2] 
[image_bridge-2]   'rcl node's rmw handle is invalid, at ./src/rcl/node.c:415'
[image_bridge-2] 
[image_bridge-2] rcutils_reset_error() should be called after error handling to avoid this.
[image_bridge-2] <<<
[image_bridge-2] [ERROR] [1789488277.333143391] [rcl]: Failed to fini publisher for node: 1
[image_bridge-2] terminate called after throwing an instance of 'rclcpp::exceptions::RCLError'
[image_bridge-2]   what():  failed to initialize rcl node: rcl node's rmw handle is invalid, at ./src/rcl/node.c:415
[robot_state_publisher-7] 1789488277.191782 [71] robot_stat: failed to enumerate interfaces for "udp": -1
[robot_state_publisher-7] [ERROR] [1789488277.191800909] [rmw_cyclonedds_cpp]: rmw_create_node: failed to create domain, error Error
[robot_state_publisher-7] 
[robot_state_publisher-7] >>> [rcutils|error_handling.c:108] rcutils_set_error_state()
[robot_state_publisher-7] This error state is being overwritten:
[robot_state_publisher-7] 
[robot_state_publisher-7]   'error not set, at ./src/rcl/node.c:263'
[robot_state_publisher-7] 
[robot_state_publisher-7] with this new error message:
[robot_state_publisher-7] 
[robot_state_publisher-7]   'rcl node's rmw handle is invalid, at ./src/rcl/node.c:415'
[robot_state_publisher-7] 
[robot_state_publisher-7] rcutils_reset_error() should be called after error handling to avoid this.
[robot_state_publisher-7] <<<
[robot_state_publisher-7] [ERROR] [1789488277.191830693] [rcl]: Failed to fini publisher for node: 1
[robot_state_publisher-7] terminate called after throwing an instance of 'rclcpp::exceptions::RCLError'
[robot_state_publisher-7]   what():  failed to initialize rcl node: rcl node's rmw handle is invalid, at ./src/rcl/node.c:415
[create-8] 1789488277.266958 [71]     create: failed to enumerate interfaces for "udp": -1
[create-8] [ERROR] [1789488277.266986960] [rmw_cyclonedds_cpp]: rmw_create_node: failed to create domain, error Error
[create-8] 
[create-8] >>> [rcutils|error_handling.c:108] rcutils_set_error_state()
[create-8] This error state is being overwritten:
[create-8] 
[create-8]   'error not set, at ./src/rcl/node.c:263'
[create-8] 
[create-8] with this new error message:
[create-8] 
[create-8]   'rcl node's rmw handle is invalid, at ./src/rcl/node.c:415'
[create-8] 
[create-8] rcutils_reset_error() should be called after error handling to avoid this.
[create-8] <<<
[create-8] [ERROR] [1789488277.267035158] [rcl]: Failed to fini publisher for node: 1
[create-8] terminate called after throwing an instance of 'rclcpp::exceptions::RCLError'
[create-8]   what():  failed to initialize rcl node: rcl node's rmw handle is invalid, at ./src/rcl/node.c:415
[static_transform_publisher-9] [WARN] [1789488277.215881874] []: Old-style arguments are deprecated; see --help for new-style arguments
[static_transform_publisher-9] 1789488277.216383 [71] static_tra: failed to enumerate interfaces for "udp": -1
[static_transform_publisher-9] [ERROR] [1789488277.216400695] [rmw_cyclonedds_cpp]: rmw_create_node: failed to create domain, error Error
[static_transform_publisher-9] 
[static_transform_publisher-9] >>> [rcutils|error_handling.c:108] rcutils_set_error_state()
[static_transform_publisher-9] This error state is being overwritten:
[static_transform_publisher-9] 
[static_transform_publisher-9]   'error not set, at ./src/rcl/node.c:263'
[static_transform_publisher-9] 
[static_transform_publisher-9] with this new error message:
[static_transform_publisher-9] 
[static_transform_publisher-9]   'rcl node's rmw handle is invalid, at ./src/rcl/node.c:415'
[static_transform_publisher-9] 
[static_transform_publisher-9] rcutils_reset_error() should be called after error handling to avoid this.
[static_transform_publisher-9] <<<
[static_transform_publisher-9] [ERROR] [1789488277.216416092] [rcl]: Failed to fini publisher for node: 1
[static_transform_publisher-9] terminate called after throwing an instance of 'rclcpp::exceptions::RCLError'
[static_transform_publisher-9]   what():  failed to initialize rcl node: rcl node's rmw handle is invalid, at ./src/rcl/node.c:415
[robot_state_publisher-11] 1789488277.244786 [71] robot_stat: failed to enumerate interfaces for "udp": -1
[robot_state_publisher-11] [ERROR] [1789488277.244812747] [rmw_cyclonedds_cpp]: rmw_create_node: failed to create domain, error Error
[robot_state_publisher-11] 
[robot_state_publisher-11] >>> [rcutils|error_handling.c:108] rcutils_set_error_state()
[robot_state_publisher-11] This error state is being overwritten:
[robot_state_publisher-11] 
[robot_state_publisher-11]   'error not set, at ./src/rcl/node.c:263'
[robot_state_publisher-11] 
[robot_state_publisher-11] with this new error message:
[robot_state_publisher-11] 
[robot_state_publisher-11]   'rcl node's rmw handle is invalid, at ./src/rcl/node.c:415'
[robot_state_publisher-11] 
[robot_state_publisher-11] rcutils_reset_error() should be called after error handling to avoid this.
[robot_state_publisher-11] <<<
[robot_state_publisher-11] [ERROR] [1789488277.253908430] [rcl]: Failed to fini publisher for node: 1
[robot_state_publisher-11] terminate called after throwing an instance of 'rclcpp::exceptions::RCLError'
[robot_state_publisher-11]   what():  failed to initialize rcl node: rcl node's rmw handle is invalid, at ./src/rcl/node.c:415
[static_transform_publisher-13] [WARN] [1789488277.283441150] []: Old-style arguments are deprecated; see --help for new-style arguments
[static_transform_publisher-13] 1789488277.295101 [71] static_tra: failed to enumerate interfaces for "udp": -1
[static_transform_publisher-13] [ERROR] [1789488277.295151861] [rmw_cyclonedds_cpp]: rmw_create_node: failed to create domain, error Error
[static_transform_publisher-13] 
[static_transform_publisher-13] >>> [rcutils|error_handling.c:108] rcutils_set_error_state()
[static_transform_publisher-13] This error state is being overwritten:
[static_transform_publisher-13] 
[static_transform_publisher-13]   'error not set, at ./src/rcl/node.c:263'
[static_transform_publisher-13] 
[static_transform_publisher-13] with this new error message:
[static_transform_publisher-13] 
[static_transform_publisher-13]   'rcl node's rmw handle is invalid, at ./src/rcl/node.c:415'
[static_transform_publisher-13] 
[static_transform_publisher-13] rcutils_reset_error() should be called after error handling to avoid this.
[static_transform_publisher-13] <<<
[static_transform_publisher-13] [ERROR] [1789488277.295204178] [rcl]: Failed to fini publisher for node: 1
[static_transform_publisher-13] terminate called after throwing an instance of 'rclcpp::exceptions::RCLError'
[static_transform_publisher-13]   what():  failed to initialize rcl node: rcl node's rmw handle is invalid, at ./src/rcl/node.c:415
[robot_state_publisher-15] 1789488277.369994 [71] robot_stat: failed to enumerate interfaces for "udp": -1
[robot_state_publisher-15] [ERROR] [1789488277.370040332] [rmw_cyclonedds_cpp]: rmw_create_node: failed to create domain, error Error
[robot_state_publisher-15] 
[robot_state_publisher-15] >>> [rcutils|error_handling.c:108] rcutils_set_error_state()
[robot_state_publisher-15] This error state is being overwritten:
[robot_state_publisher-15] 
[robot_state_publisher-15]   'error not set, at ./src/rcl/node.c:263'
[robot_state_publisher-15] 
[robot_state_publisher-15] with this new error message:
[robot_state_publisher-15] 
[robot_state_publisher-15]   'rcl node's rmw handle is invalid, at ./src/rcl/node.c:415'
[robot_state_publisher-15] 
[robot_state_publisher-15] rcutils_reset_error() should be called after error handling to avoid this.
[robot_state_publisher-15] <<<
[robot_state_publisher-15] [ERROR] [1789488277.370110921] [rcl]: Failed to fini publisher for node: 1
[robot_state_publisher-15] terminate called after throwing an instance of 'rclcpp::exceptions::RCLError'
[robot_state_publisher-15]   what():  failed to initialize rcl node: rcl node's rmw handle is invalid, at ./src/rcl/node.c:415
[static_transform_publisher-17] [WARN] [1789488277.382587474] []: Old-style arguments are deprecated; see --help for new-style arguments
[static_transform_publisher-17] 1789488277.388284 [71] static_tra: failed to enumerate interfaces for "udp": -1
[static_transform_publisher-17] [ERROR] [1789488277.388322656] [rmw_cyclonedds_cpp]: rmw_create_node: failed to create domain, error Error
[static_transform_publisher-17] 
[static_transform_publisher-17] >>> [rcutils|error_handling.c:108] rcutils_set_error_state()
[static_transform_publisher-17] This error state is being overwritten:
[static_transform_publisher-17] 
[static_transform_publisher-17]   'error not set, at ./src/rcl/node.c:263'
[static_transform_publisher-17] 
[static_transform_publisher-17] with this new error message:
[static_transform_publisher-17] 
[static_transform_publisher-17]   'rcl node's rmw handle is invalid, at ./src/rcl/node.c:415'
[static_transform_publisher-17] 
[static_transform_publisher-17] rcutils_reset_error() should be called after error handling to avoid this.
[static_transform_publisher-17] <<<
[static_transform_publisher-17] [ERROR] [1789488277.388367932] [rcl]: Failed to fini publisher for node: 1
[static_transform_publisher-17] terminate called after throwing an instance of 'rclcpp::exceptions::RCLError'
[static_transform_publisher-17]   what():  failed to initialize rcl node: rcl node's rmw handle is invalid, at ./src/rcl/node.c:415
[ERROR] [create-8]: process has died [pid 542, exit code -6, cmd '/opt/ros/humble/lib/ros_gz_sim/create -name robot_0 -x 1.6080290859438304 -y -2.764435858377044 -z 0.1 -Y 0.26961197079695065 -topic /robot_0/robot_description --ros-args -r __ns:=/robot_0'].
[create-12] 1789488277.414917 [71]     create: failed to enumerate interfaces for "udp": -1
[create-12] [ERROR] [1789488277.414956692] [rmw_cyclonedds_cpp]: rmw_create_node: failed to create domain, error Error
[create-12] 
[create-12] >>> [rcutils|error_handling.c:108] rcutils_set_error_state()
[create-12] This error state is being overwritten:
[create-12] 
[create-12]   'error not set, at ./src/rcl/node.c:263'
[create-12] 
[create-12] with this new error message:
[create-12] 
[create-12]   'rcl node's rmw handle is invalid, at ./src/rcl/node.c:415'
[create-12] 
[create-12] rcutils_reset_error() should be called after error handling to avoid this.
[create-12] <<<
[create-12] [ERROR] [1789488277.415026809] [rcl]: Failed to fini publisher for node: 1
[create-12] terminate called after throwing an instance of 'rclcpp::exceptions::RCLError'
[create-12]   what():  failed to initialize rcl node: rcl node's rmw handle is invalid, at ./src/rcl/node.c:415
[parameter_bridge-6] 1789488277.425722 [71] parameter_: failed to enumerate interfaces for "udp": -1
[parameter_bridge-6] [ERROR] [1789488277.425769931] [rmw_cyclonedds_cpp]: rmw_create_node: failed to create domain, error Error
[parameter_bridge-6] 
[parameter_bridge-6] >>> [rcutils|error_handling.c:108] rcutils_set_error_state()
[parameter_bridge-6] This error state is being overwritten:
[parameter_bridge-6] 
[parameter_bridge-6]   'error not set, at ./src/rcl/node.c:263'
[parameter_bridge-6] 
[parameter_bridge-6] with this new error message:
[parameter_bridge-6] 
[parameter_bridge-6]   'rcl node's rmw handle is invalid, at ./src/rcl/node.c:415'
[parameter_bridge-6] 
[parameter_bridge-6] rcutils_reset_error() should be called after error handling to avoid this.
[parameter_bridge-6] <<<
[parameter_bridge-6] [ERROR] [1789488277.425843879] [rcl]: Failed to fini publisher for node: 1
[parameter_bridge-6] terminate called after throwing an instance of 'rclcpp::exceptions::RCLError'
[parameter_bridge-6]   what():  failed to initialize rcl node: rcl node's rmw handle is invalid, at ./src/rcl/node.c:415
[create-16] 1789488277.524714 [71]     create: failed to enumerate interfaces for "udp": -1
[create-16] [ERROR] [1789488277.524759142] [rmw_cyclonedds_cpp]: rmw_create_node: failed to create domain, error Error
[create-16] 
[create-16] >>> [rcutils|error_handling.c:108] rcutils_set_error_state()
[create-16] This error state is being overwritten:
[create-16] 
[create-16]   'error not set, at ./src/rcl/node.c:263'
[create-16] 
[create-16] with this new error message:
[create-16] 
[create-16]   'rcl node's rmw handle is invalid, at ./src/rcl/node.c:415'
[create-16] 
[create-16] rcutils_reset_error() should be called after error handling to avoid this.
[create-16] <<<
[create-16] [ERROR] [1789488277.524836123] [rcl]: Failed to fini publisher for node: 1
[create-16] terminate called after throwing an instance of 'rclcpp::exceptions::RCLError'
[create-16]   what():  failed to initialize rcl node: rcl node's rmw handle is invalid, at ./src/rcl/node.c:415
[ERROR] [create-16]: process has died [pid 628, exit code -6, cmd '/opt/ros/humble/lib/ros_gz_sim/create -name robot_2 -x 0.03625888782518194 -y -1.8618034072002125 -z 0.1 -Y 1.0213779695706053 -topic /robot_2/robot_description --ros-args -r __ns:=/robot_2'].
[ERROR] [image_bridge-2]: process has died [pid 502, exit code -6, cmd '/opt/ros/humble/lib/ros_gz_image/image_bridge /top_view_camera/image --ros-args -r __node:=top_view_image_bridge'].
[ERROR] [static_transform_publisher-17]: process has died [pid 634, exit code -6, cmd '/opt/ros/humble/lib/tf2_ros/static_transform_publisher 0.03625888782518194 -1.8618034072002125 0.0 1.0213779695706053 0.0 0.0 odom robot_2/odom --ros-args -r __node:=robot_2_spawn_offset_tf'].
[ERROR] [parameter_bridge-6]: process has died [pid 523, exit code -6, cmd '/opt/ros/humble/lib/ros_gz_bridge/parameter_bridge /robot_0/cmd_vel@geometry_msgs/msg/Twist]ignition.msgs.Twist /robot_0/odom@nav_msgs/msg/Odometry[ignition.msgs.Odometry /robot_0/tf@tf2_msgs/msg/TFMessage[ignition.msgs.Pose_V /robot_0/joint_states@sensor_msgs/msg/JointState[ignition.msgs.Model /robot_0/depth_camera/depth_image@sensor_msgs/msg/Image[ignition.msgs.Image /robot_0/depth_camera/camera_info@sensor_msgs/msg/CameraInfo[ignition.msgs.CameraInfo /world/random_world/model/robot_0/link/robot_0/base_footprint/sensor/contact_sensor/contact@ros_gz_interfaces/msg/Contacts[ignition.msgs.Contacts /robot_1/cmd_vel@geometry_msgs/msg/Twist]ignition.msgs.Twist /robot_1/odom@nav_msgs/msg/Odometry[ignition.msgs.Odometry /robot_1/tf@tf2_msgs/msg/TFMessage[ignition.msgs.Pose_V /robot_1/joint_states@sensor_msgs/msg/JointState[ignition.msgs.Model /robot_1/depth_camera/depth_image@sensor_msgs/msg/Image[ignition.msgs.Image /robot_1/depth_camera/camera_info@sensor_msgs/msg/CameraInfo[ignition.msgs.CameraInfo /world/random_world/model/robot_1/link/robot_1/base_footprint/sensor/contact_sensor/contact@ros_gz_interfaces/msg/Contacts[ignition.msgs.Contacts /robot_2/cmd_vel@geometry_msgs/msg/Twist]ignition.msgs.Twist /robot_2/odom@nav_msgs/msg/Odometry[ignition.msgs.Odometry /robot_2/tf@tf2_msgs/msg/TFMessage[ignition.msgs.Pose_V /robot_2/joint_states@sensor_msgs/msg/JointState[ignition.msgs.Model /robot_2/depth_camera/depth_image@sensor_msgs/msg/Image[ignition.msgs.Image /robot_2/depth_camera/camera_info@sensor_msgs/msg/CameraInfo[ignition.msgs.CameraInfo /world/random_world/model/robot_2/link/robot_2/base_footprint/sensor/contact_sensor/contact@ros_gz_interfaces/msg/Contacts[ignition.msgs.Contacts /world/random_world/dynamic_pose/info@tf2_msgs/msg/TFMessage[ignition.msgs.Pose_V /world/random_world/create@ros_gz_interfaces/srv/SpawnEntity /world/random_world/remove@ros_gz_interfaces/srv/DeleteEntity /world/random_world/set_pose@ros_gz_interfaces/srv/SetEntityPose --ros-args -r __node:=all_robots_bridge --params-file /tmp/launch_params_w6s94hrp -r /robot_0/tf:=/tf -r /robot_1/tf:=/tf -r /robot_2/tf:=/tf'].
[ERROR] [create-12]: process has died [pid 583, exit code -6, cmd '/opt/ros/humble/lib/ros_gz_sim/create -name robot_1 -x -2.0796377947487654 -y 1.1992956060364741 -z 0.1 -Y -2.2051915382430587 -topic /robot_1/robot_description --ros-args -r __ns:=/robot_1'].
[image_bridge-10] 1789488277.533980 [71] image_brid: failed to enumerate interfaces for "udp": -1
[image_bridge-10] [ERROR] [1789488277.534024618] [rmw_cyclonedds_cpp]: rmw_create_node: failed to create domain, error Error
[image_bridge-10] 
[image_bridge-10] >>> [rcutils|error_handling.c:108] rcutils_set_error_state()
[image_bridge-10] This error state is being overwritten:
[image_bridge-10] 
[image_bridge-10]   'error not set, at ./src/rcl/node.c:263'
[image_bridge-10] 
[image_bridge-10] with this new error message:
[image_bridge-10] 
[image_bridge-10]   'rcl node's rmw handle is invalid, at ./src/rcl/node.c:415'
[image_bridge-10] 
[image_bridge-10] rcutils_reset_error() should be called after error handling to avoid this.
[image_bridge-10] <<<
[image_bridge-10] [ERROR] [1789488277.534097941] [rcl]: Failed to fini publisher for node: 1
[image_bridge-10] terminate called after throwing an instance of 'rclcpp::exceptions::RCLError'
[image_bridge-10]   what():  failed to initialize rcl node: rcl node's rmw handle is invalid, at ./src/rcl/node.c:415
[INFO] [balanced_delivery_supervisor-20]: process started with pid [697]
[INFO] [stuck_recovery-21]: process started with pid [702]
[image_bridge-14] 1789488277.626439 [71] image_brid: failed to enumerate interfaces for "udp": -1
[image_bridge-14] [ERROR] [1789488277.626500136] [rmw_cyclonedds_cpp]: rmw_create_node: failed to create domain, error Error
[image_bridge-14] 
[image_bridge-14] >>> [rcutils|error_handling.c:108] rcutils_set_error_state()
[image_bridge-14] This error state is being overwritten:
[image_bridge-14] 
[image_bridge-14]   'error not set, at ./src/rcl/node.c:263'
[image_bridge-14] 
[image_bridge-14] with this new error message:
[image_bridge-14] 
[image_bridge-14]   'rcl node's rmw handle is invalid, at ./src/rcl/node.c:415'
[image_bridge-14] 
[image_bridge-14] rcutils_reset_error() should be called after error handling to avoid this.
[image_bridge-14] <<<
[image_bridge-14] [ERROR] [1789488277.626575169] [rcl]: Failed to fini publisher for node: 1
[image_bridge-14] terminate called after throwing an instance of 'rclcpp::exceptions::RCLError'
[image_bridge-14]   what():  failed to initialize rcl node: rcl node's rmw handle is invalid, at ./src/rcl/node.c:415
[ERROR] [image_bridge-10]: process has died [pid 560, exit code -6, cmd '/opt/ros/humble/lib/ros_gz_image/image_bridge /robot_0/depth_camera/image --ros-args -r __node:=robot_0_rgb_image_bridge'].
[ERROR] [image_bridge-14]: process has died [pid 610, exit code -6, cmd '/opt/ros/humble/lib/ros_gz_image/image_bridge /robot_1/depth_camera/image --ros-args -r __node:=robot_1_rgb_image_bridge'].
[INFO] [balanced_delivery_supervisor-22]: process started with pid [718]
[INFO] [stuck_recovery-23]: process started with pid [721]
[ERROR] [image_bridge-18]: process has died [pid 648, exit code -6, cmd '/opt/ros/humble/lib/ros_gz_image/image_bridge /robot_2/depth_camera/image --ros-args -r __node:=robot_2_rgb_image_bridge'].
[ERROR] [parameter_bridge-19]: process has died [pid 655, exit code -6, cmd '/opt/ros/humble/lib/ros_gz_bridge/parameter_bridge /clock@rosgraph_msgs/msg/Clock[ignition.msgs.Clock --ros-args -r __node:=clock_bridge --params-file /tmp/launch_params_4ru7xwsu'].
[INFO] [balanced_delivery_supervisor-24]: process started with pid [732]
[INFO] [stuck_recovery-25]: process started with pid [735]
[parameter_bridge-19] 1789488277.727494 [71] parameter_: failed to enumerate interfaces for "udp": -1
[parameter_bridge-19] [ERROR] [1789488277.727545867] [rmw_cyclonedds_cpp]: rmw_create_node: failed to create domain, error Error
[parameter_bridge-19] 
[parameter_bridge-19] >>> [rcutils|error_handling.c:108] rcutils_set_error_state()
[parameter_bridge-19] This error state is being overwritten:
[parameter_bridge-19] 
[parameter_bridge-19]   'error not set, at ./src/rcl/node.c:263'
[parameter_bridge-19] 
[parameter_bridge-19] with this new error message:
[parameter_bridge-19] 
[parameter_bridge-19]   'rcl node's rmw handle is invalid, at ./src/rcl/node.c:415'
[parameter_bridge-19] 
[parameter_bridge-19] rcutils_reset_error() should be called after error handling to avoid this.
[parameter_bridge-19] <<<
[parameter_bridge-19] [ERROR] [1789488277.727630467] [rcl]: Failed to fini publisher for node: 1
[parameter_bridge-19] terminate called after throwing an instance of 'rclcpp::exceptions::RCLError'
[parameter_bridge-19]   what():  failed to initialize rcl node: rcl node's rmw handle is invalid, at ./src/rcl/node.c:415
[image_bridge-18] 1789488277.743491 [71] image_brid: failed to enumerate interfaces for "udp": -1
[image_bridge-18] [ERROR] [1789488277.743545441] [rmw_cyclonedds_cpp]: rmw_create_node: failed to create domain, error Error
[image_bridge-18] 
[image_bridge-18] >>> [rcutils|error_handling.c:108] rcutils_set_error_state()
[image_bridge-18] This error state is being overwritten:
[image_bridge-18] 
[image_bridge-18]   'error not set, at ./src/rcl/node.c:263'
[image_bridge-18] 
[image_bridge-18] with this new error message:
[image_bridge-18] 
[image_bridge-18]   'rcl node's rmw handle is invalid, at ./src/rcl/node.c:415'
[image_bridge-18] 
[image_bridge-18] rcutils_reset_error() should be called after error handling to avoid this.
[image_bridge-18] <<<
[image_bridge-18] [ERROR] [1789488277.743633132] [rcl]: Failed to fini publisher for node: 1
[image_bridge-18] terminate called after throwing an instance of 'rclcpp::exceptions::RCLError'
[image_bridge-18]   what():  failed to initialize rcl node: rcl node's rmw handle is invalid, at ./src/rcl/node.c:415
[ign gazebo-1] Failed to create directory [/home/ecem/.ignition/gazebo/log/2026-09-15T18:04:38.454001063]: Read-only file system
[ign gazebo-1] Failed to generate log directories. No log file will be generated.Error opening log file: /home/ecem/.ignition/auto_default.log
[ign gazebo-1] error in getifaddrs: Unknown error -1
[ERROR] [ign gazebo-1]: process has died [pid 498, exit code 255, cmd 'ruby /usr/bin/ign gazebo /tmp/leo_delivery_no_overhead_camera__d54rk8o.sdf -s --headless-rendering -r -z 200 --force-version 6'].
[INFO] [launch]: process[ign gazebo-1] was required: shutting down launched system
[INFO] [stuck_recovery-25]: sending signal 'SIGINT' to process[stuck_recovery-25]
[INFO] [balanced_delivery_supervisor-24]: sending signal 'SIGINT' to process[balanced_delivery_supervisor-24]
[INFO] [stuck_recovery-23]: sending signal 'SIGINT' to process[stuck_recovery-23]
[INFO] [balanced_delivery_supervisor-22]: sending signal 'SIGINT' to process[balanced_delivery_supervisor-22]
[ERROR] [stuck_recovery-25]: process has died [pid 735, exit code -2, cmd '/home/ecem/sct_ws/install/leo_image_processing/lib/leo_image_processing/stuck_recovery --ros-args -r __node:=stuck_recovery -r __ns:=/robot_1 --params-file /tmp/launch_params_eu5bjndk --params-file /tmp/launch_params_ka215mw4 --params-file /tmp/launch_params_k7x3jcmw --params-file /tmp/launch_params_l6pbly34 --params-file /tmp/launch_params_iris75pd --params-file /tmp/launch_params_d7m9s5sz --params-file /tmp/launch_params_ngtmb_k9 --params-file /tmp/launch_params_hi_xl95r --params-file /tmp/launch_params_msjbb027 --params-file /tmp/launch_params_hqkzm6ev'].
[INFO] [stuck_recovery-21]: sending signal 'SIGINT' to process[stuck_recovery-21]
[ERROR] [balanced_delivery_supervisor-24]: process has died [pid 732, exit code -2, cmd '/home/ecem/sct_ws/install/leo_delivery/lib/leo_delivery/balanced_delivery_supervisor --ros-args -r __node:=robot_supervisor -r __ns:=/robot_1 --params-file /tmp/launch_params__6p3190u --params-file /tmp/launch_params__td0nznd --params-file /tmp/launch_params_8nn7ja9g --params-file /tmp/launch_params__j2evew4 --params-file /tmp/launch_params_urv9kuk0 --params-file /tmp/launch_params_idf4az4t --params-file /tmp/launch_params_me7t_b_v --params-file /tmp/launch_params__tttzwc5 --params-file /tmp/launch_params_j5hor70m -r cmd_vel:=cmd_vel_supervisor'].
[INFO] [balanced_delivery_supervisor-20]: sending signal 'SIGINT' to process[balanced_delivery_supervisor-20]
[ERROR] [stuck_recovery-23]: process has died [pid 721, exit code -2, cmd '/home/ecem/sct_ws/install/leo_image_processing/lib/leo_image_processing/stuck_recovery --ros-args -r __node:=stuck_recovery -r __ns:=/robot_2 --params-file /tmp/launch_params_whkathda --params-file /tmp/launch_params_0r7gddvf --params-file /tmp/launch_params_a42_yft2 --params-file /tmp/launch_params_utne_eag --params-file /tmp/launch_params_24z30ud8 --params-file /tmp/launch_params_mbnvdyzx --params-file /tmp/launch_params_iy8d36jo --params-file /tmp/launch_params_vcbl49iy --params-file /tmp/launch_params_0wgunlqj --params-file /tmp/launch_params_0v2tfd6d'].
[INFO] [bump_counter-5]: sending signal 'SIGINT' to process[bump_counter-5]
[INFO] [coverage_counter-4]: sending signal 'SIGINT' to process[coverage_counter-4]
[ERROR] [balanced_delivery_supervisor-22]: process has died [pid 718, exit code -2, cmd '/home/ecem/sct_ws/install/leo_delivery/lib/leo_delivery/balanced_delivery_supervisor --ros-args -r __node:=robot_supervisor -r __ns:=/robot_2 --params-file /tmp/launch_params_s36kxy13 --params-file /tmp/launch_params_fe9xd__6 --params-file /tmp/launch_params_w6ik7nrs --params-file /tmp/launch_params_7qrtrb0a --params-file /tmp/launch_params_o0nc8rxw --params-file /tmp/launch_params_wkti5e5a --params-file /tmp/launch_params_14m7qohl --params-file /tmp/launch_params_y4krizy2 --params-file /tmp/launch_params_05c9gfkz -r cmd_vel:=cmd_vel_supervisor'].
[ERROR] [stuck_recovery-21]: process has died [pid 702, exit code -2, cmd '/home/ecem/sct_ws/install/leo_image_processing/lib/leo_image_processing/stuck_recovery --ros-args -r __node:=stuck_recovery -r __ns:=/robot_0 --params-file /tmp/launch_params_otmy557f --params-file /tmp/launch_params_0dpvpa29 --params-file /tmp/launch_params_i3kwca3v --params-file /tmp/launch_params_c7_jngqq --params-file /tmp/launch_params_wnsfomy5 --params-file /tmp/launch_params_a9s7m6jj --params-file /tmp/launch_params_zuqele79 --params-file /tmp/launch_params_gw5pvn6z --params-file /tmp/launch_params_2aoxg9cx --params-file /tmp/launch_params__op77sbv'].
[INFO] [simulation_video_recorder-3]: sending signal 'SIGINT' to process[simulation_video_recorder-3]
[stuck_recovery-25] Traceback (most recent call last):
[stuck_recovery-25]   File "/home/ecem/sct_ws/install/leo_image_processing/lib/leo_image_processing/stuck_recovery", line 10, in <module>
[stuck_recovery-25]     from importlib.metadata import distribution
[stuck_recovery-25]   File "/usr/lib/python3.10/importlib/metadata/__init__.py", line 17, in <module>
[stuck_recovery-25]     from . import _adapters, _meta
[stuck_recovery-25]   File "/usr/lib/python3.10/importlib/metadata/_meta.py", line 1, in <module>
[stuck_recovery-25]     from typing import Any, Dict, Iterator, List, Protocol, TypeVar, Union
[stuck_recovery-25]   File "/usr/lib/python3.10/typing.py", line 2134, in <module>
[stuck_recovery-25]     List = _alias(list, 1, inst=False, name='List')
[stuck_recovery-25]   File "/usr/lib/python3.10/typing.py", line 1134, in __init__
[stuck_recovery-25]     self.__doc__ = f'A generic version of {origin.__qualname__}.'
[stuck_recovery-25]   File "/usr/lib/python3.10/typing.py", line 986, in __setattr__
[stuck_recovery-25]     def __setattr__(self, attr, val):
[stuck_recovery-25] KeyboardInterrupt
[balanced_delivery_supervisor-24] Traceback (most recent call last):
[balanced_delivery_supervisor-24]   File "/home/ecem/sct_ws/install/leo_delivery/lib/leo_delivery/balanced_delivery_supervisor", line 33, in <module>
[balanced_delivery_supervisor-24]     sys.exit(load_entry_point('leo-delivery==0.0.0', 'console_scripts', 'balanced_delivery_supervisor')())
[balanced_delivery_supervisor-24]   File "/home/ecem/sct_ws/install/leo_delivery/lib/leo_delivery/balanced_delivery_supervisor", line 25, in importlib_load_entry_point
[balanced_delivery_supervisor-24]     return next(matches).load()
[balanced_delivery_supervisor-24]   File "/usr/lib/python3.10/importlib/metadata/__init__.py", line 171, in load
[balanced_delivery_supervisor-24]     module = import_module(match.group('module'))
[balanced_delivery_supervisor-24]   File "/usr/lib/python3.10/importlib/__init__.py", line 126, in import_module
[balanced_delivery_supervisor-24]     return _bootstrap._gcd_import(name[level:], package, level)
[balanced_delivery_supervisor-24]   File "<frozen importlib._bootstrap>", line 1050, in _gcd_import
[balanced_delivery_supervisor-24]   File "<frozen importlib._bootstrap>", line 1027, in _find_and_load
[balanced_delivery_supervisor-24]   File "<frozen importlib._bootstrap>", line 1006, in _find_and_load_unlocked
[balanced_delivery_supervisor-24]   File "<frozen importlib._bootstrap>", line 688, in _load_unlocked
[balanced_delivery_supervisor-24]   File "<frozen importlib._bootstrap_external>", line 883, in exec_module
[balanced_delivery_supervisor-24]   File "<frozen importlib._bootstrap>", line 241, in _call_with_frames_removed
[balanced_delivery_supervisor-24]   File "/home/ecem/sct_ws/install/leo_delivery/lib/python3.10/site-packages/leo_delivery/balanced_delivery_supervisor.py", line 5, in <module>
[balanced_delivery_supervisor-24]     import xml.etree.ElementTree as ET
[balanced_delivery_supervisor-24]   File "<frozen importlib._bootstrap>", line 1027, in _find_and_load
[balanced_delivery_supervisor-24]   File "<frozen importlib._bootstrap>", line 1006, in _find_and_load_unlocked
[balanced_delivery_supervisor-24]   File "<frozen importlib._bootstrap>", line 688, in _load_unlocked
[balanced_delivery_supervisor-24]   File "<frozen importlib._bootstrap_external>", line 879, in exec_module
[balanced_delivery_supervisor-24]   File "<frozen importlib._bootstrap_external>", line 1012, in get_code
[balanced_delivery_supervisor-24]   File "<frozen importlib._bootstrap_external>", line 672, in _compile_bytecode
[balanced_delivery_supervisor-24] KeyboardInterrupt
[stuck_recovery-23] Traceback (most recent call last):
[stuck_recovery-23]   File "/home/ecem/sct_ws/install/leo_image_processing/lib/leo_image_processing/stuck_recovery", line 33, in <module>
[stuck_recovery-23]     sys.exit(load_entry_point('leo-image-processing==0.0.0', 'console_scripts', 'stuck_recovery')())
[stuck_recovery-23]   File "/home/ecem/sct_ws/install/leo_image_processing/lib/leo_image_processing/stuck_recovery", line 25, in importlib_load_entry_point
[stuck_recovery-23]     return next(matches).load()
[stuck_recovery-23]   File "/usr/lib/python3.10/importlib/metadata/__init__.py", line 171, in load
[stuck_recovery-23]     module = import_module(match.group('module'))
[stuck_recovery-23]   File "/usr/lib/python3.10/importlib/__init__.py", line 126, in import_module
[stuck_recovery-23]     return _bootstrap._gcd_import(name[level:], package, level)
[stuck_recovery-23]   File "<frozen importlib._bootstrap>", line 1050, in _gcd_import
[stuck_recovery-23]   File "<frozen importlib._bootstrap>", line 1027, in _find_and_load
[stuck_recovery-23]   File "<frozen importlib._bootstrap>", line 1006, in _find_and_load_unlocked
[stuck_recovery-23]   File "<frozen importlib._bootstrap>", line 688, in _load_unlocked
[stuck_recovery-23]   File "<frozen importlib._bootstrap_external>", line 883, in exec_module
[stuck_recovery-23]   File "<frozen importlib._bootstrap>", line 241, in _call_with_frames_removed
[stuck_recovery-23]   File "/home/ecem/sct_ws/install/leo_image_processing/lib/python3.10/site-packages/stuck_recovery.py", line 7, in <module>
[stuck_recovery-23]     import rclpy
[stuck_recovery-23]   File "/opt/ros/humble/local/lib/python3.10/dist-packages/rclpy/__init__.py", line 48, in <module>
[stuck_recovery-23]     from rclpy.parameter import Parameter
[stuck_recovery-23]   File "/opt/ros/humble/local/lib/python3.10/dist-packages/rclpy/parameter.py", line 18, in <module>
[stuck_recovery-23]     from rcl_interfaces.msg import Parameter as ParameterMsg
[stuck_recovery-23]   File "/opt/ros/humble/local/lib/python3.10/dist-packages/rcl_interfaces/msg/__init__.py", line 5, in <module>
[stuck_recovery-23]     from rcl_interfaces.msg._parameter import Parameter  # noqa: F401
[stuck_recovery-23] KeyboardInterrupt
[balanced_delivery_supervisor-22] Traceback (most recent call last):
[balanced_delivery_supervisor-22]   File "/home/ecem/sct_ws/install/leo_delivery/lib/leo_delivery/balanced_delivery_supervisor", line 33, in <module>
[balanced_delivery_supervisor-22]     sys.exit(load_entry_point('leo-delivery==0.0.0', 'console_scripts', 'balanced_delivery_supervisor')())
[balanced_delivery_supervisor-22]   File "/home/ecem/sct_ws/install/leo_delivery/lib/leo_delivery/balanced_delivery_supervisor", line 25, in importlib_load_entry_point
[balanced_delivery_supervisor-22]     return next(matches).load()
[balanced_delivery_supervisor-22]   File "/usr/lib/python3.10/importlib/metadata/__init__.py", line 171, in load
[balanced_delivery_supervisor-22]     module = import_module(match.group('module'))
[balanced_delivery_supervisor-22]   File "/usr/lib/python3.10/importlib/__init__.py", line 126, in import_module
[balanced_delivery_supervisor-22]     return _bootstrap._gcd_import(name[level:], package, level)
[balanced_delivery_supervisor-22]   File "<frozen importlib._bootstrap>", line 1050, in _gcd_import
[balanced_delivery_supervisor-22]   File "<frozen importlib._bootstrap>", line 1027, in _find_and_load
[balanced_delivery_supervisor-22]   File "<frozen importlib._bootstrap>", line 1006, in _find_and_load_unlocked
[balanced_delivery_supervisor-22]   File "<frozen importlib._bootstrap>", line 688, in _load_unlocked
[balanced_delivery_supervisor-22]   File "<frozen importlib._bootstrap_external>", line 883, in exec_module
[balanced_delivery_supervisor-22]   File "<frozen importlib._bootstrap>", line 241, in _call_with_frames_removed
[balanced_delivery_supervisor-22]   File "/home/ecem/sct_ws/install/leo_delivery/lib/python3.10/site-packages/leo_delivery/balanced_delivery_supervisor.py", line 7, in <module>
[balanced_delivery_supervisor-22]     import rclpy
[balanced_delivery_supervisor-22]   File "/opt/ros/humble/local/lib/python3.10/dist-packages/rclpy/__init__.py", line 48, in <module>
[balanced_delivery_supervisor-22]     from rclpy.parameter import Parameter
[balanced_delivery_supervisor-22]   File "/opt/ros/humble/local/lib/python3.10/dist-packages/rclpy/parameter.py", line 18, in <module>
[balanced_delivery_supervisor-22]     from rcl_interfaces.msg import Parameter as ParameterMsg
[balanced_delivery_supervisor-22]   File "/opt/ros/humble/local/lib/python3.10/dist-packages/rcl_interfaces/msg/__init__.py", line 7, in <module>
[balanced_delivery_supervisor-22]     from rcl_interfaces.msg._parameter_event import ParameterEvent  # noqa: F401
[balanced_delivery_supervisor-22] KeyboardInterrupt
[coverage_counter-4] 1789488278.713565 [71] coverage_c: failed to enumerate interfaces for "udp": -1
[coverage_counter-4] [ERROR] [1789488278.713628118] [rmw_cyclonedds_cpp]: rmw_create_node: failed to create domain, error Error
[coverage_counter-4] 
[coverage_counter-4] >>> [rcutils|error_handling.c:108] rcutils_set_error_state()
[coverage_counter-4] This error state is being overwritten:
[coverage_counter-4] 
[coverage_counter-4]   'error not set, at ./src/rcl/node.c:263'
[coverage_counter-4] 
[coverage_counter-4] with this new error message:
[coverage_counter-4] 
[coverage_counter-4]   'rcl node's rmw handle is invalid, at ./src/rcl/node.c:415'
[coverage_counter-4] 
[coverage_counter-4] rcutils_reset_error() should be called after error handling to avoid this.
[coverage_counter-4] <<<
[coverage_counter-4] [ERROR] [1789488278.713674772] [rcl]: Failed to fini publisher for node: 1
[stuck_recovery-21] Traceback (most recent call last):
[stuck_recovery-21]   File "/home/ecem/sct_ws/install/leo_image_processing/lib/leo_image_processing/stuck_recovery", line 33, in <module>
[stuck_recovery-21]     sys.exit(load_entry_point('leo-image-processing==0.0.0', 'console_scripts', 'stuck_recovery')())
[stuck_recovery-21]   File "/home/ecem/sct_ws/install/leo_image_processing/lib/leo_image_processing/stuck_recovery", line 25, in importlib_load_entry_point
[stuck_recovery-21]     return next(matches).load()
[stuck_recovery-21]   File "/usr/lib/python3.10/importlib/metadata/__init__.py", line 171, in load
[stuck_recovery-21]     module = import_module(match.group('module'))
[stuck_recovery-21]   File "/usr/lib/python3.10/importlib/__init__.py", line 126, in import_module
[stuck_recovery-21]     return _bootstrap._gcd_import(name[level:], package, level)
[stuck_recovery-21]   File "<frozen importlib._bootstrap>", line 1050, in _gcd_import
[stuck_recovery-21]   File "<frozen importlib._bootstrap>", line 1027, in _find_and_load
[stuck_recovery-21]   File "<frozen importlib._bootstrap>", line 1006, in _find_and_load_unlocked
[stuck_recovery-21]   File "<frozen importlib._bootstrap>", line 688, in _load_unlocked
[stuck_recovery-21]   File "<frozen importlib._bootstrap_external>", line 883, in exec_module
[stuck_recovery-21]   File "<frozen importlib._bootstrap>", line 241, in _call_with_frames_removed
[stuck_recovery-21]   File "/home/ecem/sct_ws/install/leo_image_processing/lib/python3.10/site-packages/stuck_recovery.py", line 8, in <module>
[stuck_recovery-21]     from geometry_msgs.msg import Twist
[stuck_recovery-21]   File "/opt/ros/humble/local/lib/python3.10/dist-packages/geometry_msgs/msg/__init__.py", line 3, in <module>
[stuck_recovery-21]     from geometry_msgs.msg._accel_with_covariance import AccelWithCovariance  # noqa: F401
[stuck_recovery-21]   File "/opt/ros/humble/local/lib/python3.10/dist-packages/geometry_msgs/msg/_accel_with_covariance.py", line 13, in <module>
[stuck_recovery-21]     import numpy  # noqa: E402, I100
[stuck_recovery-21]   File "/home/ecem/.local/lib/python3.10/site-packages/numpy/__init__.py", line 114, in <module>
[stuck_recovery-21]     from numpy.__config__ import show_config
[stuck_recovery-21]   File "/home/ecem/.local/lib/python3.10/site-packages/numpy/__config__.py", line 4, in <module>
[stuck_recovery-21]     from numpy._core._multiarray_umath import (
[stuck_recovery-21]   File "/home/ecem/.local/lib/python3.10/site-packages/numpy/_core/__init__.py", line 23, in <module>
[stuck_recovery-21]     from . import multiarray
[stuck_recovery-21]   File "/home/ecem/.local/lib/python3.10/site-packages/numpy/_core/multiarray.py", line 10, in <module>
[stuck_recovery-21]     from . import overrides
[stuck_recovery-21]   File "/home/ecem/.local/lib/python3.10/site-packages/numpy/_core/overrides.py", line 7, in <module>
[stuck_recovery-21]     from numpy._core._multiarray_umath import (
[stuck_recovery-21] KeyboardInterrupt
[balanced_delivery_supervisor-20] Traceback (most recent call last):
[balanced_delivery_supervisor-20]   File "/home/ecem/sct_ws/install/leo_delivery/lib/leo_delivery/balanced_delivery_supervisor", line 33, in <module>
[balanced_delivery_supervisor-20]     sys.exit(load_entry_point('leo-delivery==0.0.0', 'console_scripts', 'balanced_delivery_supervisor')())
[balanced_delivery_supervisor-20]   File "/home/ecem/sct_ws/install/leo_delivery/lib/leo_delivery/balanced_delivery_supervisor", line 25, in importlib_load_entry_point
[balanced_delivery_supervisor-20]     return next(matches).load()
[balanced_delivery_supervisor-20]   File "/usr/lib/python3.10/importlib/metadata/__init__.py", line 171, in load
[balanced_delivery_supervisor-20]     module = import_module(match.group('module'))
[balanced_delivery_supervisor-20]   File "/usr/lib/python3.10/importlib/__init__.py", line 126, in import_module
[balanced_delivery_supervisor-20]     return _bootstrap._gcd_import(name[level:], package, level)
[balanced_delivery_supervisor-20]   File "<frozen importlib._bootstrap>", line 1050, in _gcd_import
[balanced_delivery_supervisor-20]   File "<frozen importlib._bootstrap>", line 1027, in _find_and_load
[balanced_delivery_supervisor-20]   File "<frozen importlib._bootstrap>", line 1006, in _find_and_load_unlocked
[balanced_delivery_supervisor-20]   File "<frozen importlib._bootstrap>", line 688, in _load_unlocked
[balanced_delivery_supervisor-20]   File "<frozen importlib._bootstrap_external>", line 883, in exec_module
[balanced_delivery_supervisor-20]   File "<frozen importlib._bootstrap>", line 241, in _call_with_frames_removed
[balanced_delivery_supervisor-20]   File "/home/ecem/sct_ws/install/leo_delivery/lib/python3.10/site-packages/leo_delivery/balanced_delivery_supervisor.py", line 8, in <module>
[balanced_delivery_supervisor-20]     from ros_gz_interfaces.msg import Entity
[balanced_delivery_supervisor-20]   File "/opt/ros/humble/local/lib/python3.10/dist-packages/ros_gz_interfaces/msg/__init__.py", line 15, in <module>
[balanced_delivery_supervisor-20]     from ros_gz_interfaces.msg._string_vec import StringVec  # noqa: F401
[balanced_delivery_supervisor-20] KeyboardInterrupt
[ERROR] [balanced_delivery_supervisor-20]: process has died [pid 697, exit code -2, cmd '/home/ecem/sct_ws/install/leo_delivery/lib/leo_delivery/balanced_delivery_supervisor --ros-args -r __node:=robot_supervisor -r __ns:=/robot_0 --params-file /tmp/launch_params_pxyh15is --params-file /tmp/launch_params_0y2t_exa --params-file /tmp/launch_params_elg0b7bu --params-file /tmp/launch_params_0dy85kmd --params-file /tmp/launch_params_ph_hcacw --params-file /tmp/launch_params_k9hrwr20 --params-file /tmp/launch_params_xiu_n2vc --params-file /tmp/launch_params_za95z5x3 --params-file /tmp/launch_params_iqd83_pz -r cmd_vel:=cmd_vel_supervisor'].
[bump_counter-5] Traceback (most recent call last):
[bump_counter-5]   File "/home/ecem/sct_ws/install/evaluation/lib/evaluation/bump_counter", line 33, in <module>
[bump_counter-5]     sys.exit(load_entry_point('evaluation==0.0.0', 'console_scripts', 'bump_counter')())
[bump_counter-5]   File "/home/ecem/sct_ws/install/evaluation/lib/evaluation/bump_counter", line 25, in importlib_load_entry_point
[bump_counter-5]     return next(matches).load()
[bump_counter-5]   File "/usr/lib/python3.10/importlib/metadata/__init__.py", line 171, in load
[bump_counter-5]     module = import_module(match.group('module'))
[bump_counter-5]   File "/usr/lib/python3.10/importlib/__init__.py", line 126, in import_module
[bump_counter-5]     return _bootstrap._gcd_import(name[level:], package, level)
[bump_counter-5]   File "<frozen importlib._bootstrap>", line 1050, in _gcd_import
[bump_counter-5]   File "<frozen importlib._bootstrap>", line 1027, in _find_and_load
[bump_counter-5]   File "<frozen importlib._bootstrap>", line 1006, in _find_and_load_unlocked
[bump_counter-5]   File "<frozen importlib._bootstrap>", line 688, in _load_unlocked
[bump_counter-5]   File "<frozen importlib._bootstrap_external>", line 883, in exec_module
[bump_counter-5]   File "<frozen importlib._bootstrap>", line 241, in _call_with_frames_removed
[bump_counter-5]   File "/home/ecem/sct_ws/install/evaluation/lib/python3.10/site-packages/evaluation/bump_counter.py", line 44, in <module>
[bump_counter-5]     from rclpy.node import Node
[bump_counter-5]   File "/opt/ros/humble/local/lib/python3.10/dist-packages/rclpy/node.py", line 64, in <module>
[bump_counter-5]     from rclpy.parameter_service import ParameterService
[bump_counter-5]   File "/opt/ros/humble/local/lib/python3.10/dist-packages/rclpy/parameter_service.py", line 18, in <module>
[bump_counter-5]     from rcl_interfaces.srv import DescribeParameters, GetParameters, GetParameterTypes
[bump_counter-5]   File "/opt/ros/humble/local/lib/python3.10/dist-packages/rcl_interfaces/srv/__init__.py", line 3, in <module>
[bump_counter-5]     from rcl_interfaces.srv._get_parameters import GetParameters  # noqa: F401
[bump_counter-5] KeyboardInterrupt
[coverage_counter-4] Traceback (most recent call last):
[coverage_counter-4]   File "/home/ecem/sct_ws/install/evaluation/lib/evaluation/coverage_counter", line 33, in <module>
[coverage_counter-4]     sys.exit(load_entry_point('evaluation==0.0.0', 'console_scripts', 'coverage_counter')())
[coverage_counter-4]   File "/home/ecem/sct_ws/install/evaluation/lib/python3.10/site-packages/evaluation/coverage_counter.py", line 980, in main
[coverage_counter-4]     node = CoverageCounter()
[coverage_counter-4]   File "/home/ecem/sct_ws/install/evaluation/lib/python3.10/site-packages/evaluation/coverage_counter.py", line 46, in __init__
[coverage_counter-4]     super().__init__("coverage_counter")
[coverage_counter-4]   File "/opt/ros/humble/local/lib/python3.10/dist-packages/rclpy/node.py", line 175, in __init__
[coverage_counter-4]     self.__node = _rclpy.Node(
[coverage_counter-4] rclpy._rclpy_pybind11.RCLError: error creating node: rcl node's rmw handle is invalid, at ./src/rcl/node.c:415
[coverage_counter-4] Error in sys.excepthook:
[coverage_counter-4] Traceback (most recent call last):
[coverage_counter-4]   File "/usr/lib/python3/dist-packages/apport_python_hook.py", line 72, in apport_excepthook
[coverage_counter-4]     from apport.fileutils import likely_packaged, get_recent_crashes
[coverage_counter-4]   File "/usr/lib/python3/dist-packages/apport/__init__.py", line 5, in <module>
[coverage_counter-4]     from apport.report import Report
[coverage_counter-4]   File "/usr/lib/python3/dist-packages/apport/report.py", line 30, in <module>
[coverage_counter-4]     import problem_report
[coverage_counter-4]   File "/usr/lib/python3/dist-packages/problem_report.py", line 19, in <module>
[simulation_video_recorder-3] Traceback (most recent call last):
[simulation_video_recorder-3]   File "/home/ecem/sct_ws/install/evaluation/lib/evaluation/simulation_video_recorder", line 33, in <module>
[simulation_video_recorder-3]     sys.exit(load_entry_point('evaluation==0.0.0', 'console_scripts', 'simulation_video_recorder')())
[simulation_video_recorder-3]   File "/home/ecem/sct_ws/install/evaluation/lib/evaluation/simulation_video_recorder", line 25, in importlib_load_entry_point
[simulation_video_recorder-3]     return next(matches).load()
[simulation_video_recorder-3]   File "/usr/lib/python3.10/importlib/metadata/__init__.py", line 171, in load
[simulation_video_recorder-3]     module = import_module(match.group('module'))
[simulation_video_recorder-3]   File "/usr/lib/python3.10/importlib/__init__.py", line 126, in import_module
[simulation_video_recorder-3]     return _bootstrap._gcd_import(name[level:], package, level)
[simulation_video_recorder-3]   File "<frozen importlib._bootstrap>", line 1050, in _gcd_import
[simulation_video_recorder-3]   File "<frozen importlib._bootstrap>", line 1027, in _find_and_load
[simulation_video_recorder-3]   File "<frozen importlib._bootstrap>", line 1006, in _find_and_load_unlocked
[simulation_video_recorder-3]   File "<frozen importlib._bootstrap>", line 688, in _load_unlocked
[simulation_video_recorder-3]   File "<frozen importlib._bootstrap_external>", line 883, in exec_module
[simulation_video_recorder-3]   File "<frozen importlib._bootstrap>", line 241, in _call_with_frames_removed
[simulation_video_recorder-3]   File "/home/ecem/sct_ws/install/evaluation/lib/python3.10/site-packages/evaluation/simulation_video_recorder.py", line 8, in <module>
[simulation_video_recorder-3]     from rclpy.executors import ExternalShutdownException
[simulation_video_recorder-3]   File "/opt/ros/humble/local/lib/python3.10/dist-packages/rclpy/executors.py", line 15, in <module>
[simulation_video_recorder-3]     from concurrent.futures import ThreadPoolExecutor
[simulation_video_recorder-3]   File "<frozen importlib._bootstrap>", line 1075, in _handle_fromlist
[coverage_counter-4]     from email.mime.text import MIMEText
[coverage_counter-4]   File "/usr/lib/python3.10/email/mime/text.py", line 10, in <module>
[coverage_counter-4]     from email.mime.nonmultipart import MIMENonMultipart
[coverage_counter-4]   File "<frozen importlib._bootstrap>", line 1022, in _find_and_load
[coverage_counter-4] KeyboardInterrupt
[coverage_counter-4] 
[coverage_counter-4] Original exception was:
[coverage_counter-4] Traceback (most recent call last):
[coverage_counter-4]   File "/home/ecem/sct_ws/install/evaluation/lib/evaluation/coverage_counter", line 33, in <module>
[coverage_counter-4]     sys.exit(load_entry_point('evaluation==0.0.0', 'console_scripts', 'coverage_counter')())
[coverage_counter-4]   File "/home/ecem/sct_ws/install/evaluation/lib/python3.10/site-packages/evaluation/coverage_counter.py", line 980, in main
[coverage_counter-4]     node = CoverageCounter()
[coverage_counter-4]   File "/home/ecem/sct_ws/install/evaluation/lib/python3.10/site-packages/evaluation/coverage_counter.py", line 46, in __init__
[coverage_counter-4]     super().__init__("coverage_counter")
[coverage_counter-4]   File "/opt/ros/humble/local/lib/python3.10/dist-packages/rclpy/node.py", line 175, in __init__
[coverage_counter-4]     self.__node = _rclpy.Node(
[coverage_counter-4] rclpy._rclpy_pybind11.RCLError: error creating node: rcl node's rmw handle is invalid, at ./src/rcl/node.c:415
[simulation_video_recorder-3]   File "/usr/lib/python3.10/concurrent/futures/__init__.py", line 49, in __getattr__
[simulation_video_recorder-3]     from .thread import ThreadPoolExecutor as te
[simulation_video_recorder-3]   File "/usr/lib/python3.10/concurrent/futures/thread.py", line 10, in <module>
[simulation_video_recorder-3]     import queue
[simulation_video_recorder-3]   File "<frozen importlib._bootstrap>", line 1027, in _find_and_load
[simulation_video_recorder-3]   File "<frozen importlib._bootstrap>", line 1002, in _find_and_load_unlocked
[simulation_video_recorder-3]   File "<frozen importlib._bootstrap>", line 945, in _find_spec
[simulation_video_recorder-3]   File "<frozen importlib._bootstrap_external>", line 1439, in find_spec
[simulation_video_recorder-3]   File "<frozen importlib._bootstrap_external>", line 1411, in _get_spec
[simulation_video_recorder-3]   File "<frozen importlib._bootstrap_external>", line 1572, in find_spec
[simulation_video_recorder-3]   File "<frozen importlib._bootstrap_external>", line 126, in _path_join
[simulation_video_recorder-3] KeyboardInterrupt
[ERROR] [coverage_counter-4]: process has died [pid 517, exit code 1, cmd '/home/ecem/sct_ws/install/evaluation/lib/evaluation/coverage_counter --ros-args -r __node:=coverage_counter --params-file /tmp/launch_params_k7b98fmz --params-file /tmp/launch_params_b06xatk7 --params-file /tmp/launch_params_tzy216z3 --params-file /tmp/launch_params_cs_ed5_h --params-file /tmp/launch_params_jjpc8boa --params-file /tmp/launch_params_njc9vjgx --params-file /tmp/launch_params_dz0f5soy --params-file /tmp/launch_params_fbzlqxsz --params-file /tmp/launch_params_p4yo7ugc'].
[INFO] [launch]: process[coverage_counter-4] was required: shutting down launched system
[ERROR] [bump_counter-5]: process has died [pid 519, exit code -2, cmd '/home/ecem/sct_ws/install/evaluation/lib/evaluation/bump_counter --ros-args -r __node:=bump_counter --params-file /tmp/launch_params_g13hm5wa --params-file /tmp/launch_params_egcw6wi0 --params-file /tmp/launch_params_k4aozc7c --params-file /tmp/launch_params_2nv3676v --params-file /tmp/launch_params_atqumpr_ --params-file /tmp/launch_params_n2g0qx0p --params-file /tmp/launch_params_kdmn_n43 --params-file /tmp/launch_params_pzzf0hzk'].
[ERROR] [simulation_video_recorder-3]: process has died [pid 509, exit code -2, cmd '/home/ecem/sct_ws/install/evaluation/lib/evaluation/simulation_video_recorder --ros-args -r __node:=simulation_video_recorder --params-file /tmp/launch_params_3cyav7v3 --params-file /tmp/launch_params_4xo0ve2i --params-file /tmp/launch_params_tr0lz7rd --params-file /tmp/launch_params_xg2f3aln --params-file /tmp/launch_params_9y2dhc3v --params-file /tmp/launch_params_4hyfo6_3 --params-file /tmp/launch_params_pec__n3e'].
