[INFO] [1789488315.509525959] [robot_0.robot_supervisor]: Loaded initial mission 'balanced_delivery' from explicit YAML supervisor.yaml
[INFO] [1789488316.008684480] [robot_0.robot_supervisor]: Selected controllable event: EV_search_object
[INFO] [1789488316.175848736] [robot_0.robot_supervisor]: Selected controllable event: EV_search_object
[INFO] [1789488316.366747749] [robot_0.robot_supervisor]: Selected controllable event: EV_move_forward
[INFO] [1789488316.582523703] [robot_0.robot_supervisor]: Selected controllable event: EV_search_object
[INFO] [1789488316.768606699] [robot_0.robot_supervisor]: Selected controllable event: EV_search_object
[INFO] [1789488316.963090913] [robot_0.robot_supervisor]: Selected controllable event: EV_search_object
[INFO] [1789488317.160516072] [robot_0.robot_supervisor]: Selected controllable event: EV_search_object
[INFO] [1789488317.360224073] [robot_0.robot_supervisor]: Selected controllable event: EV_move_forward
[INFO] [1789488317.660211526] [robot_0.robot_supervisor]: Selected controllable event: EV_search_object
[INFO] [1789488317.868538329] [robot_0.robot_supervisor]: Selected controllable event: EV_move_forward
[INFO] [1789488318.160200281] [robot_0.robot_supervisor]: Selected controllable event: EV_search_object
[INFO] [1789488318.360115075] [robot_0.robot_supervisor]: Selected controllable event: EV_search_object
[INFO] [1789488318.560178071] [robot_0.robot_supervisor]: Selected controllable event: EV_move_forward
[INFO] [1789488318.763671780] [robot_0.robot_supervisor]: Selected controllable event: EV_search_object
[INFO] [1789488318.960387206] [robot_0.robot_supervisor]: Selected controllable event: EV_search_object
[INFO] [1789488319.160106217] [robot_0.robot_supervisor]: Selected controllable event: EV_move_forward
[INFO] [1789488319.460180673] [robot_0.robot_supervisor]: Selected controllable event: EV_move_forward
[INFO] [1789488319.760153356] [robot_0.robot_supervisor]: Selected controllable event: EV_move_forward
[INFO] [1789488320.060434746] [robot_0.robot_supervisor]: Selected controllable event: EV_search_object
[INFO] [1789488320.260188832] [robot_0.robot_supervisor]: Selected controllable event: EV_move_forward
[INFO] [1789488320.560096449] [robot_0.robot_supervisor]: Selected controllable event: EV_move_forward
[INFO] [1789488320.861456925] [robot_0.robot_supervisor]: Selected controllable event: EV_move_forward
[INFO] [1789488321.184643956] [robot_0.robot_supervisor]: Selected controllable event: EV_search_object
[INFO] [1789488321.369591253] [robot_0.robot_supervisor]: Triggered uncontrollable event: EV_object_not_visible
[INFO] [1789488321.370820480] [robot_0.robot_supervisor]: Selected controllable event: EV_search_object
[INFO] [1789488321.560342894] [robot_0.robot_supervisor]: Selected controllable event: EV_move_forward
[INFO] [1789488321.788300051] [robot_0.robot_supervisor]: Selected controllable event: EV_move_forward
[INFO] [1789488322.090868294] [robot_0.robot_supervisor]: Selected controllable event: EV_search_object
[INFO] [1789488322.298221723] [robot_0.robot_supervisor]: Triggered uncontrollable event: EV_obstacle_left
[INFO] [1789488322.299419721] [robot_0.robot_supervisor]: Selected controllable event: EV_u_turn
[INFO] [1789488322.300356337] [robot_0.robot_supervisor]: Starting FULL ROTATE (omega=1.000, have_odom=True, target_rad=3.142, timeout_s=3.500)
[INFO] [1789488325.885711176] [robot_0.robot_supervisor]: FULL ROTATE completed by timeout
[INFO] [1789488326.070536208] [robot_0.robot_supervisor]: ############################# REACHED: EV_object_reached #############################
[INFO] [1789488326.083286930] [robot_0.robot_supervisor]: Triggered uncontrollable event: EV_obstacle_right
[INFO] [1789488326.084192873] [robot_0.robot_supervisor]: Selected controllable event: EV_u_turn
[INFO] [1789488326.159857517] [robot_0.robot_supervisor]: Triggered uncontrollable event: EV_obstacle_right
[INFO] [1789488326.160813581] [robot_0.robot_supervisor]: Selected controllable event: EV_u_turn
[INFO] [1789488326.273960902] [robot_0.robot_supervisor]: Triggered uncontrollable event: EV_obstacle_right
[INFO] [1789488326.283792777] [robot_0.robot_supervisor]: Selected controllable event: EV_pick_up_object
[INFO] [1789488326.405748170] [robot_0.robot_supervisor]: Cargo 'robot_0_carried_generic_box' placed on robot.
[INFO] [1789488326.572267211] [robot_0.robot_supervisor]: Triggered uncontrollable event: EV_zone_a_visible
[INFO] [1789488326.572974567] [robot_0.robot_supervisor]: Triggered uncontrollable event: EV_zone_b_not_visible
[INFO] [1789488326.581417877] [robot_0.robot_supervisor]: Selected controllable event: EV_approach_zone
[INFO] [1789488326.896209380] [robot_0.robot_supervisor]: Selected controllable event: EV_approach_zone
[INFO] [1789488327.185804762] [robot_0.robot_supervisor]: Selected controllable event: EV_approach_zone
[INFO] [1789488327.482012479] [robot_0.robot_supervisor]: Selected controllable event: EV_move_forward
[INFO] [1789488327.781992717] [robot_0.robot_supervisor]: Triggered uncontrollable event: EV_zone_a_visible
[INFO] [1789488327.783015338] [robot_0.robot_supervisor]: Triggered uncontrollable event: EV_zone_b_not_visible
[INFO] [1789488327.783968555] [robot_0.robot_supervisor]: Selected controllable event: EV_move_forward
[INFO] [1789488328.076902009] [robot_0.robot_supervisor]: Selected controllable event: EV_approach_zone
[INFO] [1789488328.382644992] [robot_0.robot_supervisor]: Selected controllable event: EV_approach_zone
[INFO] [1789488328.682562222] [robot_0.robot_supervisor]: Triggered uncontrollable event: EV_zone_a_visible
[INFO] [1789488328.706780641] [robot_0.robot_supervisor]: Triggered uncontrollable event: EV_zone_b_not_visible
[INFO] [1789488328.710654395] [robot_0.robot_supervisor]: Selected controllable event: EV_move_forward
[INFO] [1789488328.998155740] [robot_0.robot_supervisor]: Selected controllable event: EV_move_forward
[INFO] [1789488329.295730093] [robot_0.robot_supervisor]: Selected controllable event: EV_move_forward
[INFO] [1789488329.579646271] [robot_0.robot_supervisor]: Triggered uncontrollable event: EV_zone_a_visible
[INFO] [1789488329.590446654] [robot_0.robot_supervisor]: Selected controllable event: EV_approach_zone
[INFO] [1789488329.885396173] [robot_0.robot_supervisor]: Triggered uncontrollable event: EV_zone_b_not_visible
[INFO] [1789488329.886397299] [robot_0.robot_supervisor]: Selected controllable event: EV_move_forward
[INFO] [1789488330.177346530] [robot_0.robot_supervisor]: Selected controllable event: EV_move_forward
[INFO] [1789488330.403998408] [robot_0.robot_supervisor]: Selected controllable event: EV_approach_zone
[INFO] [1789488330.706390717] [robot_0.robot_supervisor]: Triggered uncontrollable event: EV_zone_a_visible
[INFO] [1789488330.723563861] [robot_0.robot_supervisor]: Selected controllable event: EV_move_forward
[INFO] [1789488330.986920899] [robot_0.robot_supervisor]: Triggered uncontrollable event: EV_zone_b_reached
[INFO] [1789488331.001057779] [robot_0.robot_supervisor]: Selected controllable event: EV_approach_zone
[INFO] [1789488331.261960176] [robot_0.robot_supervisor]: Selected controllable event: EV_approach_zone
[INFO] [1789488331.499511951] [robot_0.robot_supervisor]: Selected controllable event: EV_approach_zone
[INFO] [1789488331.764929045] [robot_0.robot_supervisor]: Triggered uncontrollable event: EV_zone_a_visible
[INFO] [1789488331.786898502] [robot_0.robot_supervisor]: Selected controllable event: EV_move_forward
[INFO] [1789488331.989106879] [robot_0.robot_supervisor]: Triggered uncontrollable event: EV_zone_b_reached
[INFO] [1789488332.002388041] [robot_0.robot_supervisor]: Selected controllable event: EV_approach_zone
[INFO] [1789488332.265727319] [robot_0.robot_supervisor]: Selected controllable event: EV_approach_zone
[INFO] [1789488332.590266085] [robot_0.robot_supervisor]: Triggered uncontrollable event: EV_zone_a_visible
[INFO] [1789488332.591315578] [robot_0.robot_supervisor]: Selected controllable event: EV_move_forward
[INFO] [1789488332.883968377] [robot_0.robot_supervisor]: Triggered uncontrollable event: EV_zone_b_reached
[INFO] [1789488332.904774301] [robot_0.robot_supervisor]: Selected controllable event: EV_move_forward
[INFO] [1789488333.198570093] [robot_0.robot_supervisor]: Selected controllable event: EV_move_forward
[INFO] [1789488333.400223680] [robot_0.robot_supervisor]: Selected controllable event: EV_approach_zone
[INFO] [1789488333.697094382] [robot_0.robot_supervisor]: Triggered uncontrollable event: EV_zone_a_visible
[INFO] [1789488333.698002859] [robot_0.robot_supervisor]: Triggered uncontrollable event: EV_zone_b_reached
[INFO] [1789488333.720877247] [robot_0.robot_supervisor]: Selected controllable event: EV_move_forward
[INFO] [1789488333.983758328] [robot_0.robot_supervisor]: Selected controllable event: EV_approach_zone
[INFO] [1789488334.298229130] [robot_0.robot_supervisor]: Selected controllable event: EV_move_forward
[INFO] [1789488334.594404037] [robot_0.robot_supervisor]: Triggered uncontrollable event: EV_zone_a_visible
[INFO] [1789488334.606968374] [robot_0.robot_supervisor]: Selected controllable event: EV_move_forward
[INFO] [1789488334.872679752] [robot_0.robot_supervisor]: Triggered uncontrollable event: EV_zone_b_reached
[INFO] [1789488334.886115996] [robot_0.robot_supervisor]: Selected controllable event: EV_approach_zone
[INFO] [1789488335.101341263] [robot_0.robot_supervisor]: Selected controllable event: EV_approach_zone
[INFO] [1789488335.314504923] [robot_0.robot_supervisor]: Selected controllable event: EV_approach_zone
[INFO] [1789488335.589205105] [robot_0.robot_supervisor]: Triggered uncontrollable event: EV_zone_a_visible
[INFO] [1789488335.593765597] [robot_0.robot_supervisor]: Triggered uncontrollable event: EV_zone_b_not_visible
[INFO] [1789488335.608231048] [robot_0.robot_supervisor]: Selected controllable event: EV_approach_zone
[INFO] [1789488335.875655658] [robot_0.robot_supervisor]: Selected controllable event: EV_approach_zone
[INFO] [1789488336.092823643] [robot_0.robot_supervisor]: Selected controllable event: EV_move_forward
[INFO] [1789488336.387887979] [robot_0.robot_supervisor]: Selected controllable event: EV_move_forward
[INFO] [1789488336.594518881] [robot_0.robot_supervisor]: Triggered uncontrollable event: EV_zone_a_visible
[INFO] [1789488336.595376086] [robot_0.robot_supervisor]: Triggered uncontrollable event: EV_zone_b_not_visible
[INFO] [1789488336.619160497] [robot_0.robot_supervisor]: Selected controllable event: EV_approach_zone
[INFO] [1789488336.895303472] [robot_0.robot_supervisor]: Selected controllable event: EV_move_forward
[INFO] [1789488337.193209497] [robot_0.robot_supervisor]: Selected controllable event: EV_move_forward
[INFO] [1789488337.469148820] [robot_0.robot_supervisor]: Triggered uncontrollable event: EV_zone_a_visible
[INFO] [1789488337.485700425] [robot_0.robot_supervisor]: Selected controllable event: EV_approach_zone
[INFO] [1789488337.687177422] [robot_0.robot_supervisor]: Triggered uncontrollable event: EV_zone_b_not_visible
[INFO] [1789488337.707383611] [robot_0.robot_supervisor]: Selected controllable event: EV_move_forward
[INFO] [1789488337.988389467] [robot_0.robot_supervisor]: Selected controllable event: EV_move_forward
[INFO] [1789488338.210297901] [robot_0.robot_supervisor]: Selected controllable event: EV_approach_zone
[INFO] [1789488338.482021454] [robot_0.robot_supervisor]: Triggered uncontrollable event: EV_zone_b_not_visible
[INFO] [1789488338.482819973] [robot_0.robot_supervisor]: Triggered uncontrollable event: EV_zone_a_reached
[INFO] [1789488338.503440230] [robot_0.robot_supervisor]: Selected controllable event: EV_move_forward
[INFO] [1789488338.704942580] [robot_0.robot_supervisor]: Selected controllable event: EV_search_zone
[INFO] [1789488338.875040883] [robot_0.robot_supervisor]: Selected controllable event: EV_move_forward
[INFO] [1789488339.077865315] [robot_0.robot_supervisor]: Selected controllable event: EV_search_zone
[INFO] [1789488339.194597450] [robot_0.robot_supervisor]: Selected controllable event: EV_search_zone
[INFO] [1789488339.372918078] [robot_0.robot_supervisor]: Triggered uncontrollable event: EV_obstacle_front
[INFO] [1789488339.373714293] [robot_0.robot_supervisor]: Triggered uncontrollable event: EV_zone_a_reached
[INFO] [1789488339.389781605] [robot_0.robot_supervisor]: Selected controllable event: EV_rotate_clockwise
[INFO] [1789488339.603405092] [robot_0.robot_supervisor]: Triggered uncontrollable event: EV_obstacle_front
[INFO] [1789488339.613563356] [robot_0.robot_supervisor]: Triggered uncontrollable event: EV_zone_b_not_visible
[INFO] [1789488339.617116921] [robot_0.robot_supervisor]: Selected controllable event: EV_rotate_counterclockwise
[INFO] [1789488339.774199351] [robot_0.robot_supervisor]: Triggered uncontrollable event: EV_obstacle_front
[INFO] [1789488339.775149197] [robot_0.robot_supervisor]: Selected controllable event: EV_rotate_clockwise
[INFO] [1789488339.890530150] [robot_0.robot_supervisor]: Triggered uncontrollable event: EV_obstacle_front
[INFO] [1789488339.891459450] [robot_0.robot_supervisor]: Selected controllable event: EV_rotate_clockwise
[INFO] [1789488340.108031008] [robot_0.robot_supervisor]: Triggered uncontrollable event: EV_obstacle_front
[INFO] [1789488340.108748992] [robot_0.robot_supervisor]: Selected controllable event: EV_rotate_clockwise
[INFO] [1789488340.270445776] [robot_0.robot_supervisor]: Triggered uncontrollable event: EV_obstacle_front
[INFO] [1789488340.293310109] [robot_0.robot_supervisor]: Selected controllable event: EV_move_backward
[INFO] [1789488340.583577725] [robot_0.robot_supervisor]: Triggered uncontrollable event: EV_obstacle_front
[INFO] [1789488340.584475126] [robot_0.robot_supervisor]: Triggered uncontrollable event: EV_zone_b_not_visible
[INFO] [1789488340.602011423] [robot_0.robot_supervisor]: Triggered uncontrollable event: EV_zone_a_reached
[INFO] [1789488340.603180206] [robot_0.robot_supervisor]: Selected controllable event: EV_rotate_counterclockwise
[WARN] [1789488340.604216103] [robot_0.robot_supervisor]: alternating turn command (displacement_m=0.036) livelock detected; starting atomic escape (turn_sign=+1)
[INFO] [1789488343.089901665] [robot_0.robot_supervisor]: Zone-livelock escape completed
[INFO] [1789488343.303981557] [robot_0.robot_supervisor]: Triggered uncontrollable event: EV_obstacle_right
[INFO] [1789488343.304951741] [robot_0.robot_supervisor]: Triggered uncontrollable event: EV_zone_b_not_visible
[INFO] [1789488343.305709768] [robot_0.robot_supervisor]: Triggered uncontrollable event: EV_zone_a_reached
[INFO] [1789488343.328844496] [robot_0.robot_supervisor]: Selected controllable event: EV_u_turn
[INFO] [1789488343.329926406] [robot_0.robot_supervisor]: Starting FULL ROTATE (omega=1.000, have_odom=True, target_rad=3.142, timeout_s=3.500)
[INFO] [1789488346.878690766] [robot_0.robot_supervisor]: FULL ROTATE completed by timeout
[INFO] [1789488347.083347033] [robot_0.robot_supervisor]: Triggered uncontrollable event: EV_zone_b_visible
[INFO] [1789488347.084178162] [robot_0.robot_supervisor]: Triggered uncontrollable event: EV_zone_a_reached
[INFO] [1789488347.113670923] [robot_0.robot_supervisor]: Selected controllable event: EV_approach_zone
[INFO] [1789488347.371182985] [robot_0.robot_supervisor]: Triggered uncontrollable event: EV_zone_a_reached
[INFO] [1789488347.374534126] [robot_0.robot_supervisor]: Selected controllable event: EV_approach_zone
[INFO] [1789488347.599654808] [robot_0.robot_supervisor]: Triggered uncontrollable event: EV_zone_b_visible
[INFO] [1789488347.611519098] [robot_0.robot_supervisor]: Selected controllable event: EV_move_forward
[INFO] [1789488347.883192900] [robot_0.robot_supervisor]: Selected controllable event: EV_move_forward
[INFO] [1789488348.227207181] [robot_0.robot_supervisor]: Selected controllable event: EV_approach_zone
[INFO] [1789488348.506259986] [robot_0.robot_supervisor]: Triggered uncontrollable event: EV_zone_a_reached
[INFO] [1789488348.512587723] [robot_0.robot_supervisor]: Selected controllable event: EV_move_forward
[INFO] [1789488348.789431667] [robot_0.robot_supervisor]: Triggered uncontrollable event: EV_zone_b_visible
[INFO] [1789488348.799253497] [robot_0.robot_supervisor]: Selected controllable event: EV_approach_zone
[INFO] [1789488349.014136272] [robot_0.robot_supervisor]: Selected controllable event: EV_move_forward
[INFO] [1789488349.219564003] [robot_0.robot_supervisor]: Selected controllable event: EV_move_forward
[INFO] [1789488349.493358063] [robot_0.robot_supervisor]: Selected controllable event: EV_move_forward
[INFO] [1789488349.793502503] [robot_0.robot_supervisor]: Triggered uncontrollable event: EV_zone_b_visible
[INFO] [1789488349.805743075] [robot_0.robot_supervisor]: Triggered uncontrollable event: EV_zone_a_not_visible
[INFO] [1789488349.813796531] [robot_0.robot_supervisor]: Selected controllable event: EV_move_forward
[INFO] [1789488350.076862650] [robot_0.robot_supervisor]: Selected controllable event: EV_approach_zone
[INFO] [1789488350.382477544] [robot_0.robot_supervisor]: Selected controllable event: EV_move_forward
[INFO] [1789488350.690312282] [robot_0.robot_supervisor]: Triggered uncontrollable event: EV_zone_a_not_visible
[INFO] [1789488350.691209081] [robot_0.robot_supervisor]: Triggered uncontrollable event: EV_zone_b_reached
[INFO] [1789488350.705402356] [robot_0.robot_supervisor]: Selected controllable event: EV_move_forward
[INFO] [1789488351.003615197] [robot_0.robot_supervisor]: DELIVERED zone_b; balance=zone_b_has_extra
[INFO] [1789488351.012896217] [robot_0.robot_supervisor]: Selected controllable event: EV_drop_zone_b
[INFO] [1789488351.073200942] [robot_0.robot_supervisor]: Delivered cargo 'robot_0_carried_generic_box' removed.
[INFO] [1789488351.096608226] [robot_0.robot_supervisor]: Selected controllable event: EV_move_forward
[INFO] [1789488351.401367905] [robot_0.robot_supervisor]: Selected controllable event: EV_search_object
[INFO] [1789488351.596483818] [robot_0.robot_supervisor]: ############################# VISIBLE: EV_object_visible #############################
[INFO] [1789488351.597378776] [robot_0.robot_supervisor]: Triggered uncontrollable event: EV_obstacle_right
[INFO] [1789488351.598476811] [robot_0.robot_supervisor]: Selected controllable event: EV_rotate_counterclockwise
[INFO] [1789488351.794062287] [robot_0.robot_supervisor]: Triggered uncontrollable event: EV_obstacle_right
[INFO] [1789488351.795166703] [robot_0.robot_supervisor]: Selected controllable event: EV_rotate_counterclockwise
[INFO] [1789488351.908941914] [robot_0.robot_supervisor]: Triggered uncontrollable event: EV_obstacle_right
[INFO] [1789488351.910032012] [robot_0.robot_supervisor]: Selected controllable event: EV_rotate_counterclockwise
[INFO] [1789488352.081896810] [robot_0.robot_supervisor]: Triggered uncontrollable event: EV_obstacle_right
[INFO] [1789488352.096153254] [robot_0.robot_supervisor]: Selected controllable event: EV_u_turn
[INFO] [1789488352.097252176] [robot_0.robot_supervisor]: Starting FULL ROTATE (omega=1.000, have_odom=True, target_rad=3.142, timeout_s=3.500)
[INFO] [1789488355.689792960] [robot_0.robot_supervisor]: FULL ROTATE completed by timeout
[INFO] [1789488355.985669553] [robot_0.robot_supervisor]: ############################# VISIBLE: EV_object_visible #############################
[INFO] [1789488355.986559244] [robot_0.robot_supervisor]: Selected controllable event: EV_publish_delivered_zone_b
[INFO] [1789488356.099039293] [robot_0.robot_supervisor]: Selected controllable event: EV_approach_object
[INFO] [1789488356.375633606] [robot_0.robot_supervisor]: Selected controllable event: EV_move_forward
[INFO] [1789488356.594425234] [robot_0.robot_supervisor]: ############################# VISIBLE: EV_object_visible #############################
[INFO] [1789488356.595502410] [robot_0.robot_supervisor]: Selected controllable event: EV_move_forward
[INFO] [1789488356.882880370] [robot_0.robot_supervisor]: Selected controllable event: EV_move_forward
[INFO] [1789488357.094754040] [robot_0.robot_supervisor]: Selected controllable event: EV_approach_object
[INFO] [1789488357.388400818] [robot_0.robot_supervisor]: ############################# REACHED: EV_object_reached #############################
[INFO] [1789488357.389500070] [robot_0.robot_supervisor]: Selected controllable event: EV_move_forward
[INFO] [1789488357.677239583] [robot_0.robot_supervisor]: Selected controllable event: EV_pick_up_object
[INFO] [1789488357.718975980] [robot_0.robot_supervisor]: Cargo 'robot_0_carried_generic_box' placed on robot.
[INFO] [1789488357.963482501] [robot_0.robot_supervisor]: Selected controllable event: EV_move_forward
[INFO] [1789488358.186909151] [robot_0.robot_supervisor]: Selected controllable event: EV_move_forward
[INFO] [1789488358.476021255] [robot_0.robot_supervisor]: Triggered uncontrollable event: EV_zone_a_not_visible
[INFO] [1789488358.477185226] [robot_0.robot_supervisor]: Triggered uncontrollable event: EV_zone_b_reached
[INFO] [1789488358.478145891] [robot_0.robot_supervisor]: Selected controllable event: EV_search_zone
[INFO] [1789488358.593280292] [robot_0.robot_supervisor]: Selected controllable event: EV_search_zone
[INFO] [1789488358.792489114] [robot_0.robot_supervisor]: Selected controllable event: EV_move_forward
[INFO] [1789488359.086168200] [robot_0.robot_supervisor]: Selected controllable event: EV_search_zone
[INFO] [1789488359.192469603] [robot_0.robot_supervisor]: Selected controllable event: EV_move_forward
[INFO] [1789488359.483092496] [robot_0.robot_supervisor]: Triggered uncontrollable event: EV_zone_a_not_visible
[INFO] [1789488359.483809933] [robot_0.robot_supervisor]: Triggered uncontrollable event: EV_zone_b_not_visible
[INFO] [1789488359.484769413] [robot_0.robot_supervisor]: Selected controllable event: EV_search_zone
[INFO] [1789488359.692703755] [robot_0.robot_supervisor]: Selected controllable event: EV_move_forward
[INFO] [1789488359.977026441] [robot_0.robot_supervisor]: Triggered uncontrollable event: EV_zone_a_not_visible
[INFO] [1789488359.986276573] [robot_0.robot_supervisor]: Selected controllable event: EV_move_forward
[INFO] [1789488360.277608061] [robot_0.robot_supervisor]: Triggered uncontrollable event: EV_zone_b_not_visible
[INFO] [1789488360.278571729] [robot_0.robot_supervisor]: Selected controllable event: EV_search_zone
[INFO] [1789488360.402963331] [robot_0.robot_supervisor]: Selected controllable event: EV_move_forward
[INFO] [1789488360.697317934] [robot_0.robot_supervisor]: Selected controllable event: EV_search_zone
[INFO] [1789488360.865602468] [robot_0.robot_supervisor]: Triggered uncontrollable event: EV_zone_a_not_visible
[INFO] [1789488360.866580439] [robot_0.robot_supervisor]: Selected controllable event: EV_search_zone
[INFO] [1789488360.989173506] [robot_0.robot_supervisor]: Triggered uncontrollable event: EV_zone_b_not_visible
[INFO] [1789488361.006907215] [robot_0.robot_supervisor]: Selected controllable event: EV_search_zone
[INFO] [1789488361.196392997] [robot_0.robot_supervisor]: Selected controllable event: EV_move_forward
[INFO] [1789488361.402421412] [robot_0.robot_supervisor]: Selected controllable event: EV_move_forward
[INFO] [1789488361.681630502] [robot_0.robot_supervisor]: Triggered uncontrollable event: EV_zone_a_not_visible
[INFO] [1789488361.682555336] [robot_0.robot_supervisor]: Selected controllable event: EV_search_zone
[INFO] [1789488361.788261812] [robot_0.robot_supervisor]: Triggered uncontrollable event: EV_zone_b_not_visible
[INFO] [1789488361.807333762] [robot_0.robot_supervisor]: Selected controllable event: EV_search_zone
[INFO] [1789488361.997269882] [robot_0.robot_supervisor]: Selected controllable event: EV_search_zone
[INFO] [1789488362.119298999] [robot_0.robot_supervisor]: Selected controllable event: EV_move_forward
[INFO] [1789488362.366577099] [robot_0.robot_supervisor]: Selected controllable event: EV_search_zone
[INFO] [1789488362.498689002] [robot_0.robot_supervisor]: Selected controllable event: EV_search_zone
[INFO] [1789488362.702436732] [robot_0.robot_supervisor]: Triggered uncontrollable event: EV_zone_a_not_visible
[INFO] [1789488362.705563114] [robot_0.robot_supervisor]: Triggered uncontrollable event: EV_zone_b_not_visible
[INFO] [1789488362.715718556] [robot_0.robot_supervisor]: Selected controllable event: EV_search_zone
[INFO] [1789488362.910160219] [robot_0.robot_supervisor]: Selected controllable event: EV_search_zone
[INFO] [1789488363.090163570] [robot_0.robot_supervisor]: Selected controllable event: EV_search_zone
[INFO] [1789488363.305628600] [robot_0.robot_supervisor]: Selected controllable event: EV_move_forward
[INFO] [1789488363.606341198] [robot_0.robot_supervisor]: Triggered uncontrollable event: EV_zone_a_not_visible
[INFO] [1789488363.607125531] [robot_0.robot_supervisor]: Triggered uncontrollable event: EV_zone_b_not_visible
[INFO] [1789488363.618042476] [robot_0.robot_supervisor]: Selected controllable event: EV_move_forward
[INFO] [1789488363.889830787] [robot_0.robot_supervisor]: Selected controllable event: EV_search_zone
[INFO] [1789488364.003704855] [robot_0.robot_supervisor]: Selected controllable event: EV_search_zone
[INFO] [1789488364.190566791] [robot_0.robot_supervisor]: Selected controllable event: EV_search_zone
[INFO] [1789488364.395654251] [robot_0.robot_supervisor]: Triggered uncontrollable event: EV_zone_a_not_visible
[INFO] [1789488364.403230192] [robot_0.robot_supervisor]: Selected controllable event: EV_search_zone
[INFO] [1789488364.607013539] [robot_0.robot_supervisor]: Triggered uncontrollable event: EV_zone_b_not_visible
[INFO] [1789488364.610269380] [robot_0.robot_supervisor]: Selected controllable event: EV_move_forward
[INFO] [1789488364.895091963] [robot_0.robot_supervisor]: Selected controllable event: EV_move_forward
[INFO] [1789488365.111479475] [robot_0.robot_supervisor]: Selected controllable event: EV_search_zone
[INFO] [1789488365.299038398] [robot_0.robot_supervisor]: Triggered uncontrollable event: EV_zone_a_not_visible
[INFO] [1789488365.299849020] [robot_0.robot_supervisor]: Triggered uncontrollable event: EV_zone_b_not_visible
[INFO] [1789488365.321996394] [robot_0.robot_supervisor]: Selected controllable event: EV_search_zone
[INFO] [1789488365.476368254] [robot_0.robot_supervisor]: Selected controllable event: EV_search_zone
[INFO] [1789488365.592036046] [robot_0.robot_supervisor]: Selected controllable event: EV_move_forward
[INFO] [1789488365.794480799] [robot_0.robot_supervisor]: Selected controllable event: EV_search_zone
[INFO] [1789488365.987117567] [robot_0.robot_supervisor]: Selected controllable event: EV_search_zone
[INFO] [1789488366.200179417] [robot_0.robot_supervisor]: Triggered uncontrollable event: EV_zone_a_visible
[INFO] [1789488366.201218309] [robot_0.robot_supervisor]: Selected controllable event: EV_move_forward
[INFO] [1789488366.479509416] [robot_0.robot_supervisor]: Triggered uncontrollable event: EV_zone_b_not_visible
[INFO] [1789488366.488497266] [robot_0.robot_supervisor]: Selected controllable event: EV_approach_zone
[INFO] [1789488366.779520050] [robot_0.robot_supervisor]: Selected controllable event: EV_approach_zone
[INFO] [1789488367.001998303] [robot_0.robot_supervisor]: Triggered uncontrollable event: EV_zone_a_visible
[INFO] [1789488367.002999690] [robot_0.robot_supervisor]: Selected controllable event: EV_approach_zone
[INFO] [1789488367.295708294] [robot_0.robot_supervisor]: Triggered uncontrollable event: EV_zone_b_not_visible
[INFO] [1789488367.296674677] [robot_0.robot_supervisor]: Selected controllable event: EV_approach_zone
[INFO] [1789488367.605239076] [robot_0.robot_supervisor]: Selected controllable event: EV_move_forward
[INFO] [1789488367.868403164] [robot_0.robot_supervisor]: Triggered uncontrollable event: EV_zone_a_visible
[INFO] [1789488367.885495473] [robot_0.robot_supervisor]: Selected controllable event: EV_move_forward
[INFO] [1789488368.087140412] [robot_0.robot_supervisor]: Triggered uncontrollable event: EV_zone_b_not_visible
[INFO] [1789488368.088089793] [robot_0.robot_supervisor]: Selected controllable event: EV_approach_zone
[INFO] [1789488368.300039816] [robot_0.robot_supervisor]: Selected controllable event: EV_move_forward
[INFO] [1789488368.582802317] [robot_0.robot_supervisor]: Selected controllable event: EV_move_forward
[INFO] [1789488368.868279135] [robot_0.robot_supervisor]: Selected controllable event: EV_move_forward
[INFO] [1789488369.092029108] [robot_0.robot_supervisor]: Triggered uncontrollable event: EV_zone_b_not_visible
[INFO] [1789488369.092730774] [robot_0.robot_supervisor]: Triggered uncontrollable event: EV_zone_a_reached
[INFO] [1789488369.093658049] [robot_0.robot_supervisor]: Selected controllable event: EV_move_forward
[INFO] [1789488369.391094510] [robot_0.robot_supervisor]: Selected controllable event: EV_search_zone
[INFO] [1789488369.501600578] [robot_0.robot_supervisor]: Selected controllable event: EV_move_forward
[INFO] [1789488369.795513797] [robot_0.robot_supervisor]: Triggered uncontrollable event: EV_zone_b_not_visible
[INFO] [1789488369.807848733] [robot_0.robot_supervisor]: Triggered uncontrollable event: EV_zone_a_reached
[INFO] [1789488369.808894625] [robot_0.robot_supervisor]: Selected controllable event: EV_search_zone
[INFO] [1789488370.004948320] [robot_0.robot_supervisor]: Selected controllable event: EV_search_zone
[INFO] [1789488370.198269719] [robot_0.robot_supervisor]: Selected controllable event: EV_move_forward
[INFO] [1789488370.489017467] [robot_0.robot_supervisor]: Selected controllable event: EV_move_forward
[INFO] [1789488370.691148241] [robot_0.robot_supervisor]: Triggered uncontrollable event: EV_obstacle_front
[INFO] [1789488370.695701775] [robot_0.robot_supervisor]: Triggered uncontrollable event: EV_zone_b_not_visible
[INFO] [1789488370.706157438] [robot_0.robot_supervisor]: Triggered uncontrollable event: EV_zone_a_reached
[INFO] [1789488370.707092318] [robot_0.robot_supervisor]: Selected controllable event: EV_move_backward
[INFO] [1789488370.964903084] [robot_0.robot_supervisor]: Triggered uncontrollable event: EV_obstacle_front
[INFO] [1789488370.965811998] [robot_0.robot_supervisor]: Selected controllable event: EV_rotate_counterclockwise
[INFO] [1789488371.170889395] [robot_0.robot_supervisor]: Triggered uncontrollable event: EV_obstacle_front
[INFO] [1789488371.190072892] [robot_0.robot_supervisor]: Selected controllable event: EV_u_turn
[INFO] [1789488371.191065825] [robot_0.robot_supervisor]: Starting FULL ROTATE (omega=1.000, have_odom=True, target_rad=3.142, timeout_s=3.500)
[INFO] [1789488374.782609792] [robot_0.robot_supervisor]: FULL ROTATE completed by timeout
[INFO] [1789488375.078512869] [robot_0.robot_supervisor]: Triggered uncontrollable event: EV_zone_b_not_visible
[INFO] [1789488375.100512636] [robot_0.robot_supervisor]: Triggered uncontrollable event: EV_zone_a_reached
[INFO] [1789488375.106935457] [robot_0.robot_supervisor]: Selected controllable event: EV_search_zone
[INFO] [1789488375.270975406] [robot_0.robot_supervisor]: Selected controllable event: EV_search_zone
[INFO] [1789488375.392956954] [robot_0.robot_supervisor]: Triggered uncontrollable event: EV_zone_b_visible
[INFO] [1789488375.396397605] [robot_0.robot_supervisor]: Triggered uncontrollable event: EV_zone_a_reached
[INFO] [1789488375.405094964] [robot_0.robot_supervisor]: Selected controllable event: EV_move_forward
[INFO] [1789488375.671084229] [robot_0.robot_supervisor]: Selected controllable event: EV_move_forward
[INFO] [1789488375.972756427] [robot_0.robot_supervisor]: Selected controllable event: EV_move_forward
[INFO] [1789488376.178122349] [robot_0.robot_supervisor]: Selected controllable event: EV_move_forward
[INFO] [1789488376.499420919] [robot_0.robot_supervisor]: Triggered uncontrollable event: EV_zone_b_visible
[INFO] [1789488376.502092429] [robot_0.robot_supervisor]: Triggered uncontrollable event: EV_zone_a_reached
[INFO] [1789488376.511625789] [robot_0.robot_supervisor]: Selected controllable event: EV_approach_zone
[INFO] [1789488376.797131741] [robot_0.robot_supervisor]: Selected controllable event: EV_approach_zone
[INFO] [1789488377.094331734] [robot_0.robot_supervisor]: Selected controllable event: EV_approach_zone
[INFO] [1789488377.388256196] [robot_0.robot_supervisor]: Triggered uncontrollable event: EV_zone_b_visible
[INFO] [1789488377.388957672] [robot_0.robot_supervisor]: Triggered uncontrollable event: EV_zone_a_reached
[INFO] [1789488377.408931185] [robot_0.robot_supervisor]: Selected controllable event: EV_approach_zone
[INFO] [1789488377.670184586] [robot_0.robot_supervisor]: Selected controllable event: EV_move_forward
[INFO] [1789488377.895154481] [robot_0.robot_supervisor]: Selected controllable event: EV_approach_zone
[INFO] [1789488378.190281509] [robot_0.robot_supervisor]: Triggered uncontrollable event: EV_zone_b_visible
[INFO] [1789488378.191040175] [robot_0.robot_supervisor]: Triggered uncontrollable event: EV_zone_a_reached
[INFO] [1789488378.194568231] [robot_0.robot_supervisor]: Selected controllable event: EV_approach_zone
[INFO] [1789488378.491253831] [robot_0.robot_supervisor]: Selected controllable event: EV_approach_zone
[INFO] [1789488378.713462259] [robot_0.robot_supervisor]: Selected controllable event: EV_approach_zone
[INFO] [1789488378.992479339] [robot_0.robot_supervisor]: Triggered uncontrollable event: EV_zone_b_visible
[INFO] [1789488378.993191876] [robot_0.robot_supervisor]: Triggered uncontrollable event: EV_zone_a_reached
[INFO] [1789488379.013195462] [robot_0.robot_supervisor]: Selected controllable event: EV_approach_zone
[INFO] [1789488379.284376628] [robot_0.robot_supervisor]: Selected controllable event: EV_approach_zone
[INFO] [1789488379.501099572] [robot_0.robot_supervisor]: Selected controllable event: EV_approach_zone
[INFO] [1789488379.797297751] [robot_0.robot_supervisor]: Selected controllable event: EV_move_forward
[INFO] [1789488380.083975719] [robot_0.robot_supervisor]: Triggered uncontrollable event: EV_zone_b_visible
[INFO] [1789488380.084771807] [robot_0.robot_supervisor]: Triggered uncontrollable event: EV_zone_a_not_visible
[INFO] [1789488380.085811795] [robot_0.robot_supervisor]: Selected controllable event: EV_approach_zone
[INFO] [1789488380.371273060] [robot_0.robot_supervisor]: Selected controllable event: EV_approach_zone
[INFO] [1789488380.593643151] [robot_0.robot_supervisor]: Triggered uncontrollable event: EV_zone_a_not_visible
[INFO] [1789488380.594556321] [robot_0.robot_supervisor]: Triggered uncontrollable event: EV_zone_b_reached
[INFO] [1789488380.595501259] [robot_0.robot_supervisor]: Selected controllable event: EV_search_zone
[INFO] [1789488380.788689056] [robot_0.robot_supervisor]: Selected controllable event: EV_search_zone
[INFO] [1789488380.981668292] [robot_0.robot_supervisor]: Selected controllable event: EV_move_forward
[INFO] [1789488381.204255475] [robot_0.robot_supervisor]: Selected controllable event: EV_move_forward
[INFO] [1789488381.489792605] [robot_0.robot_supervisor]: Triggered uncontrollable event: EV_zone_a_not_visible
[INFO] [1789488381.490530887] [robot_0.robot_supervisor]: Triggered uncontrollable event: EV_zone_b_reached
[INFO] [1789488381.508828858] [robot_0.robot_supervisor]: Selected controllable event: EV_move_forward
[INFO] [1789488381.784794826] [robot_0.robot_supervisor]: Selected controllable event: EV_move_forward
[INFO] [1789488382.073190496] [robot_0.robot_supervisor]: Selected controllable event: EV_move_forward
[INFO] [1789488382.391870174] [robot_0.robot_supervisor]: Triggered uncontrollable event: EV_zone_a_not_visible
[INFO] [1789488382.392841685] [robot_0.robot_supervisor]: Triggered uncontrollable event: EV_zone_b_reached
[INFO] [1789488382.393522369] [robot_0.robot_supervisor]: Triggered uncontrollable event: EV_obstacle_front
[INFO] [1789488382.394309683] [robot_0.robot_supervisor]: Selected controllable event: EV_rotate_clockwise
[INFO] [1789488382.590981821] [robot_0.robot_supervisor]: Triggered uncontrollable event: EV_obstacle_front
[INFO] [1789488382.592023243] [robot_0.robot_supervisor]: Selected controllable event: EV_u_turn
[INFO] [1789488382.592802853] [robot_0.robot_supervisor]: Starting FULL ROTATE (omega=1.000, have_odom=True, target_rad=3.142, timeout_s=3.500)
[INFO] [1789488386.193358121] [robot_0.robot_supervisor]: FULL ROTATE completed by timeout
[INFO] [1789488386.478418819] [robot_0.robot_supervisor]: Triggered uncontrollable event: EV_zone_a_not_visible
[INFO] [1789488386.479318815] [robot_0.robot_supervisor]: Triggered uncontrollable event: EV_zone_b_reached
[INFO] [1789488386.496879197] [robot_0.robot_supervisor]: Selected controllable event: EV_move_forward
[INFO] [1789488386.779337635] [robot_0.robot_supervisor]: Triggered uncontrollable event: EV_zone_a_not_visible
[INFO] [1789488386.785766806] [robot_0.robot_supervisor]: Triggered uncontrollable event: EV_zone_b_reached
[INFO] [1789488386.792308871] [robot_0.robot_supervisor]: Selected controllable event: EV_move_forward
[INFO] [1789488387.078078335] [robot_0.robot_supervisor]: Selected controllable event: EV_move_forward
[INFO] [1789488387.281983600] [robot_0.robot_supervisor]: Selected controllable event: EV_move_forward
[INFO] [1789488387.489125691] [robot_0.robot_supervisor]: Selected controllable event: EV_move_forward
[INFO] [1789488387.779538628] [robot_0.robot_supervisor]: Triggered uncontrollable event: EV_zone_a_not_visible
[INFO] [1789488387.780365666] [robot_0.robot_supervisor]: Triggered uncontrollable event: EV_zone_b_reached
[INFO] [1789488387.802448952] [robot_0.robot_supervisor]: Selected controllable event: EV_search_zone
[INFO] [1789488387.969068173] [robot_0.robot_supervisor]: Selected controllable event: EV_move_forward
[INFO] [1789488388.198388100] [robot_0.robot_supervisor]: Selected controllable event: EV_move_forward
[INFO] [1789488388.467067995] [robot_0.robot_supervisor]: Triggered uncontrollable event: EV_zone_a_not_visible
[INFO] [1789488388.481725264] [robot_0.robot_supervisor]: Selected controllable event: EV_search_zone
[INFO] [1789488388.597686927] [robot_0.robot_supervisor]: Triggered uncontrollable event: EV_zone_b_reached
[INFO] [1789488388.598723731] [robot_0.robot_supervisor]: Selected controllable event: EV_search_zone
[INFO] [1789488388.769235855] [robot_0.robot_supervisor]: Selected controllable event: EV_move_forward
[INFO] [1789488388.984878307] [robot_0.robot_supervisor]: Selected controllable event: EV_search_zone
[INFO] [1789488389.163707390] [robot_0.robot_supervisor]: Selected controllable event: EV_move_forward
[INFO] [1789488389.372982380] [robot_0.robot_supervisor]: Triggered uncontrollable event: EV_zone_a_not_visible
[INFO] [1789488389.384647450] [robot_0.robot_supervisor]: Selected controllable event: EV_search_zone
[INFO] [1789488389.579210319] [robot_0.robot_supervisor]: Triggered uncontrollable event: EV_zone_b_reached
[INFO] [1789488389.582119522] [robot_0.robot_supervisor]: Selected controllable event: EV_move_forward
[INFO] [1789488389.789745295] [robot_0.robot_supervisor]: Selected controllable event: EV_move_forward
[INFO] [1789488390.078875025] [robot_0.robot_supervisor]: Triggered uncontrollable event: EV_zone_a_not_visible
[INFO] [1789488390.084713562] [robot_0.robot_supervisor]: Selected controllable event: EV_search_zone
[INFO] [1789488390.279983036] [robot_0.robot_supervisor]: Triggered uncontrollable event: EV_zone_b_reached
[INFO] [1789488390.290083310] [robot_0.robot_supervisor]: Selected controllable event: EV_move_forward
[INFO] [1789488390.597348016] [robot_0.robot_supervisor]: Selected controllable event: EV_search_zone
[INFO] [1789488390.826113935] [robot_0.robot_supervisor]: Selected controllable event: EV_move_forward
[INFO] [1789488391.093624632] [robot_0.robot_supervisor]: Triggered uncontrollable event: EV_zone_a_not_visible
[INFO] [1789488391.102295440] [robot_0.robot_supervisor]: Selected controllable event: EV_move_forward
[INFO] [1789488391.413221077] [robot_0.robot_supervisor]: Triggered uncontrollable event: EV_zone_b_reached
[INFO] [1789488391.421629006] [robot_0.robot_supervisor]: Selected controllable event: EV_move_forward
[INFO] [1789488391.705830403] [robot_0.robot_supervisor]: Selected controllable event: EV_search_zone
[INFO] [1789488391.906230727] [robot_0.robot_supervisor]: Selected controllable event: EV_move_forward
[INFO] [1789488392.187685879] [robot_0.robot_supervisor]: Triggered uncontrollable event: EV_zone_a_not_visible
[INFO] [1789488392.188840473] [robot_0.robot_supervisor]: Selected controllable event: EV_move_forward
[INFO] [1789488392.499629601] [robot_0.robot_supervisor]: Triggered uncontrollable event: EV_zone_b_not_visible
[INFO] [1789488392.500587080] [robot_0.robot_supervisor]: Selected controllable event: EV_search_zone
[INFO] [1789488392.692256530] [robot_0.robot_supervisor]: Selected controllable event: EV_search_zone
[INFO] [1789488392.796326016] [robot_0.robot_supervisor]: Selected controllable event: EV_move_forward
[INFO] [1789488393.081242538] [robot_0.robot_supervisor]: Triggered uncontrollable event: EV_zone_a_not_visible
[INFO] [1789488393.088954958] [robot_0.robot_supervisor]: Triggered uncontrollable event: EV_zone_b_not_visible
[INFO] [1789488393.089984823] [robot_0.robot_supervisor]: Selected controllable event: EV_search_zone
[INFO] [1789488393.287948903] [robot_0.robot_supervisor]: Selected controllable event: EV_move_forward
[INFO] [1789488393.582522623] [robot_0.robot_supervisor]: Selected controllable event: EV_move_forward
[INFO] [1789488393.795680933] [robot_0.robot_supervisor]: Selected controllable event: EV_move_forward
[INFO] [1789488394.098121528] [robot_0.robot_supervisor]: Triggered uncontrollable event: EV_zone_a_not_visible
[INFO] [1789488394.112219052] [robot_0.robot_supervisor]: Triggered uncontrollable event: EV_zone_b_not_visible
[INFO] [1789488394.122739697] [robot_0.robot_supervisor]: Selected controllable event: EV_search_zone
[INFO] [1789488394.277475486] [robot_0.robot_supervisor]: Selected controllable event: EV_search_zone
[INFO] [1789488394.411386953] [robot_0.robot_supervisor]: Selected controllable event: EV_move_forward
[INFO] [1789488394.695013044] [robot_0.robot_supervisor]: Selected controllable event: EV_search_zone
[INFO] [1789488394.890100706] [robot_0.robot_supervisor]: Triggered uncontrollable event: EV_zone_a_not_visible
[INFO] [1789488394.895161135] [robot_0.robot_supervisor]: Triggered uncontrollable event: EV_zone_b_not_visible
[INFO] [1789488394.914268831] [robot_0.robot_supervisor]: Selected controllable event: EV_move_forward
[INFO] [1789488395.202011728] [robot_0.robot_supervisor]: Selected controllable event: EV_move_forward
[INFO] [1789488395.477169953] [robot_0.robot_supervisor]: Selected controllable event: EV_search_zone
[INFO] [1789488395.593534631] [robot_0.robot_supervisor]: Selected controllable event: EV_move_forward
[INFO] [1789488395.881531306] [robot_0.robot_supervisor]: Triggered uncontrollable event: EV_zone_a_not_visible
[INFO] [1789488395.882354905] [robot_0.robot_supervisor]: Triggered uncontrollable event: EV_zone_b_not_visible
[INFO] [1789488395.903785913] [robot_0.robot_supervisor]: Selected controllable event: EV_move_forward
[INFO] [1789488396.168557827] [robot_0.robot_supervisor]: Selected controllable event: EV_search_zone
[INFO] [1789488396.281944512] [robot_0.robot_supervisor]: Selected controllable event: EV_move_forward
[INFO] [1789488396.627257590] [robot_0.robot_supervisor]: Selected controllable event: EV_move_forward
[INFO] [1789488396.875133811] [robot_0.robot_supervisor]: Triggered uncontrollable event: EV_zone_a_not_visible
[INFO] [1789488396.880740184] [robot_0.robot_supervisor]: Selected controllable event: EV_move_forward
[INFO] [1789488397.199400010] [robot_0.robot_supervisor]: Triggered uncontrollable event: EV_zone_b_not_visible
[INFO] [1789488397.213287478] [robot_0.robot_supervisor]: Selected controllable event: EV_move_forward
[INFO] [1789488397.503886879] [robot_0.robot_supervisor]: Selected controllable event: EV_search_zone
[INFO] [1789488397.697335715] [robot_0.robot_supervisor]: Selected controllable event: EV_move_forward
[INFO] [1789488397.904818969] [robot_0.robot_supervisor]: Triggered uncontrollable event: EV_zone_a_not_visible
[INFO] [1789488397.905959973] [robot_0.robot_supervisor]: Selected controllable event: EV_move_forward
[INFO] [1789488398.199428307] [robot_0.robot_supervisor]: Triggered uncontrollable event: EV_zone_b_not_visible
[INFO] [1789488398.202739626] [robot_0.robot_supervisor]: Selected controllable event: EV_move_forward
[INFO] [1789488398.485252555] [robot_0.robot_supervisor]: Selected controllable event: EV_search_zone
[INFO] [1789488398.593042924] [robot_0.robot_supervisor]: Selected controllable event: EV_move_forward
[INFO] [1789488398.885339558] [robot_0.robot_supervisor]: Triggered uncontrollable event: EV_zone_a_not_visible
[INFO] [1789488398.902884162] [robot_0.robot_supervisor]: Triggered uncontrollable event: EV_zone_b_not_visible
[INFO] [1789488398.903891732] [robot_0.robot_supervisor]: Selected controllable event: EV_search_zone
[INFO] [1789488399.072546477] [robot_0.robot_supervisor]: Selected controllable event: EV_move_forward
[INFO] [1789488399.388890416] [robot_0.robot_supervisor]: Selected controllable event: EV_search_zone
[INFO] [1789488399.601253505] [robot_0.robot_supervisor]: Selected controllable event: EV_move_forward
[INFO] [1789488399.896454505] [robot_0.robot_supervisor]: Triggered uncontrollable event: EV_zone_a_not_visible
[INFO] [1789488399.904920322] [robot_0.robot_supervisor]: Triggered uncontrollable event: EV_zone_b_not_visible
[INFO] [1789488399.912383688] [robot_0.robot_supervisor]: Selected controllable event: EV_move_forward
[INFO] [1789488400.206614343] [robot_0.robot_supervisor]: Selected controllable event: EV_move_forward
[INFO] [1789488400.494463961] [robot_0.robot_supervisor]: Selected controllable event: EV_search_zone
[INFO] [1789488400.675845886] [robot_0.robot_supervisor]: Triggered uncontrollable event: EV_zone_a_not_visible
[INFO] [1789488400.684329812] [robot_0.robot_supervisor]: Triggered uncontrollable event: EV_zone_b_not_visible
[INFO] [1789488400.689996829] [robot_0.robot_supervisor]: Selected controllable event: EV_search_zone
[INFO] [1789488400.864944981] [robot_0.robot_supervisor]: Selected controllable event: EV_search_zone
[INFO] [1789488400.987620499] [robot_0.robot_supervisor]: Selected controllable event: EV_search_zone
[INFO] [1789488401.094538427] [robot_0.robot_supervisor]: Selected controllable event: EV_move_forward
[INFO] [1789488401.385862568] [robot_0.robot_supervisor]: Selected controllable event: EV_search_zone
[INFO] [1789488401.581662591] [robot_0.robot_supervisor]: Triggered uncontrollable event: EV_zone_a_not_visible
[INFO] [1789488401.586107904] [robot_0.robot_supervisor]: Triggered uncontrollable event: EV_zone_b_not_visible
[INFO] [1789488401.589576098] [robot_0.robot_supervisor]: Selected controllable event: EV_search_zone
[INFO] [1789488401.820890150] [robot_0.robot_supervisor]: Selected controllable event: EV_search_zone
[INFO] [1789488401.973749240] [robot_0.robot_supervisor]: Selected controllable event: EV_search_zone
[INFO] [1789488402.108462046] [robot_0.robot_supervisor]: Selected controllable event: EV_move_forward
[INFO] [1789488402.390966630] [robot_0.robot_supervisor]: Triggered uncontrollable event: EV_zone_a_not_visible
[INFO] [1789488402.391691833] [robot_0.robot_supervisor]: Triggered uncontrollable event: EV_obstacle_right
[INFO] [1789488402.392451585] [robot_0.robot_supervisor]: Triggered uncontrollable event: EV_zone_b_not_visible
[INFO] [1789488402.410679407] [robot_0.robot_supervisor]: Selected controllable event: EV_rotate_counterclockwise
[INFO] [1789488402.597224849] [robot_0.robot_supervisor]: Triggered uncontrollable event: EV_obstacle_right
[INFO] [1789488402.616377405] [robot_0.robot_supervisor]: Selected controllable event: EV_rotate_counterclockwise
[INFO] [1789488402.782250846] [robot_0.robot_supervisor]: Triggered uncontrollable event: EV_obstacle_right
[INFO] [1789488402.783266626] [robot_0.robot_supervisor]: Selected controllable event: EV_rotate_counterclockwise
[INFO] [1789488402.974772512] [robot_0.robot_supervisor]: Triggered uncontrollable event: EV_obstacle_right
[INFO] [1789488402.987768862] [robot_0.robot_supervisor]: Selected controllable event: EV_u_turn
[INFO] [1789488402.988743219] [robot_0.robot_supervisor]: Starting FULL ROTATE (omega=1.000, have_odom=True, target_rad=3.142, timeout_s=3.500)
[INFO] [1789488406.594549060] [robot_0.robot_supervisor]: FULL ROTATE completed by timeout
[INFO] [1789488406.889957331] [robot_0.robot_supervisor]: Triggered uncontrollable event: EV_zone_a_visible
[INFO] [1789488406.890785074] [robot_0.robot_supervisor]: Triggered uncontrollable event: EV_zone_b_not_visible
[INFO] [1789488406.916009074] [robot_0.robot_supervisor]: Selected controllable event: EV_move_forward
[INFO] [1789488407.164356201] [robot_0.robot_supervisor]: Selected controllable event: EV_approach_zone
[INFO] [1789488407.383120006] [robot_0.robot_supervisor]: Triggered uncontrollable event: EV_zone_a_visible
[INFO] [1789488407.383946757] [robot_0.robot_supervisor]: Triggered uncontrollable event: EV_zone_b_not_visible
[INFO] [1789488407.401997991] [robot_0.robot_supervisor]: Selected controllable event: EV_approach_zone
[INFO] [1789488407.717246355] [robot_0.robot_supervisor]: Selected controllable event: EV_move_forward
[INFO] [1789488407.995868979] [robot_0.robot_supervisor]: Selected controllable event: EV_approach_zone
[INFO] [1789488408.287279189] [robot_0.robot_supervisor]: Triggered uncontrollable event: EV_zone_a_visible
[INFO] [1789488408.288114928] [robot_0.robot_supervisor]: Triggered uncontrollable event: EV_zone_b_visible
[INFO] [1789488408.305312695] [robot_0.robot_supervisor]: Selected controllable event: EV_move_forward
[INFO] [1789488408.605617070] [robot_0.robot_supervisor]: Selected controllable event: EV_approach_zone
[INFO] [1789488408.881332177] [robot_0.robot_supervisor]: Selected controllable event: EV_approach_zone
[INFO] [1789488409.087468575] [robot_0.robot_supervisor]: Selected controllable event: EV_move_forward
[INFO] [1789488409.387507353] [robot_0.robot_supervisor]: Triggered uncontrollable event: EV_zone_a_visible
[INFO] [1789488409.388377198] [robot_0.robot_supervisor]: Triggered uncontrollable event: EV_zone_b_visible
[INFO] [1789488409.389271479] [robot_0.robot_supervisor]: Selected controllable event: EV_move_forward
[INFO] [1789488409.702605253] [robot_0.robot_supervisor]: Selected controllable event: EV_move_forward
[INFO] [1789488409.912990608] [robot_0.robot_supervisor]: Selected controllable event: EV_move_forward
[INFO] [1789488410.190631097] [robot_0.robot_supervisor]: Triggered uncontrollable event: EV_zone_a_visible
[INFO] [1789488410.202424690] [robot_0.robot_supervisor]: Triggered uncontrollable event: EV_zone_b_visible
[INFO] [1789488410.211262937] [robot_0.robot_supervisor]: Selected controllable event: EV_move_forward
[INFO] [1789488410.493702717] [robot_0.robot_supervisor]: Selected controllable event: EV_approach_zone
[INFO] [1789488410.778795804] [robot_0.robot_supervisor]: Selected controllable event: EV_approach_zone
[INFO] [1789488410.982791198] [robot_0.robot_supervisor]: Selected controllable event: EV_approach_zone
[INFO] [1789488411.261258255] [robot_0.robot_supervisor]: Triggered uncontrollable event: EV_zone_a_visible
[INFO] [1789488411.286142726] [robot_0.robot_supervisor]: Triggered uncontrollable event: EV_zone_b_visible
[INFO] [1789488411.287247508] [robot_0.robot_supervisor]: Selected controllable event: EV_approach_zone
[INFO] [1789488411.585202922] [robot_0.robot_supervisor]: Selected controllable event: EV_approach_zone
[INFO] [1789488411.807104267] [robot_0.robot_supervisor]: Selected controllable event: EV_move_forward
[INFO] [1789488412.089892478] [robot_0.robot_supervisor]: Triggered uncontrollable event: EV_zone_a_visible
[INFO] [1789488412.093110110] [robot_0.robot_supervisor]: Triggered uncontrollable event: EV_zone_b_visible
[INFO] [1789488412.098418420] [robot_0.robot_supervisor]: Selected controllable event: EV_move_forward
[INFO] [1789488412.391042144] [robot_0.robot_supervisor]: Selected controllable event: EV_move_forward
[INFO] [1789488412.592615672] [robot_0.robot_supervisor]: Selected controllable event: EV_move_forward
[INFO] [1789488412.892278416] [robot_0.robot_supervisor]: Selected controllable event: EV_approach_zone
[INFO] [1789488413.184357137] [robot_0.robot_supervisor]: Triggered uncontrollable event: EV_zone_a_visible
[INFO] [1789488413.185094771] [robot_0.robot_supervisor]: Triggered uncontrollable event: EV_zone_b_visible
[INFO] [1789488413.186027306] [robot_0.robot_supervisor]: Selected controllable event: EV_approach_zone
[INFO] [1789488413.478882603] [robot_0.robot_supervisor]: Selected controllable event: EV_move_forward
[INFO] [1789488413.768494282] [robot_0.robot_supervisor]: Selected controllable event: EV_move_forward
[INFO] [1789488413.981106819] [robot_0.robot_supervisor]: Triggered uncontrollable event: EV_zone_a_visible
[INFO] [1789488413.987181293] [robot_0.robot_supervisor]: Triggered uncontrollable event: EV_zone_b_visible
[INFO] [1789488413.996432228] [robot_0.robot_supervisor]: Selected controllable event: EV_approach_zone
[INFO] [1789488414.295029161] [robot_0.robot_supervisor]: Selected controllable event: EV_move_forward
[INFO] [1789488414.613245214] [robot_0.robot_supervisor]: Selected controllable event: EV_move_forward
[INFO] [1789488414.891885899] [robot_0.robot_supervisor]: Triggered uncontrollable event: EV_zone_a_visible
[INFO] [1789488414.892839995] [robot_0.robot_supervisor]: Triggered uncontrollable event: EV_zone_b_visible
[INFO] [1789488414.893754580] [robot_0.robot_supervisor]: Selected controllable event: EV_approach_zone
[INFO] [1789488415.181255493] [robot_0.robot_supervisor]: Selected controllable event: EV_move_forward
[INFO] [1789488415.499040349] [robot_0.robot_supervisor]: Triggered uncontrollable event: EV_zone_b_visible
[INFO] [1789488415.518030606] [robot_0.robot_supervisor]: Triggered uncontrollable event: EV_zone_a_not_visible
[INFO] [1789488415.519212403] [robot_0.robot_supervisor]: Selected controllable event: EV_approach_zone
[INFO] [1789488415.779906054] [robot_0.robot_supervisor]: Selected controllable event: EV_move_forward
[INFO] [1789488415.990800401] [robot_0.robot_supervisor]: Selected controllable event: EV_approach_zone
[INFO] [1789488416.291522695] [robot_0.robot_supervisor]: Selected controllable event: EV_approach_zone
[INFO] [1789488416.498053410] [robot_0.robot_supervisor]: Triggered uncontrollable event: EV_zone_b_visible
[INFO] [1789488416.498849483] [robot_0.robot_supervisor]: Triggered uncontrollable event: EV_zone_a_not_visible
[INFO] [1789488416.499849480] [robot_0.robot_supervisor]: Selected controllable event: EV_approach_zone
[INFO] [1789488416.780213390] [robot_0.robot_supervisor]: Selected controllable event: EV_move_forward
[INFO] [1789488416.992343289] [robot_0.robot_supervisor]: Selected controllable event: EV_move_forward
[INFO] [1789488417.276638447] [robot_0.robot_supervisor]: Selected controllable event: EV_approach_zone
[INFO] [1789488417.566936141] [robot_0.robot_supervisor]: Triggered uncontrollable event: EV_zone_b_visible
[INFO] [1789488417.567650329] [robot_0.robot_supervisor]: Triggered uncontrollable event: EV_zone_a_not_visible
[INFO] [1789488417.581896541] [robot_0.robot_supervisor]: Selected controllable event: EV_approach_zone
[INFO] [1789488417.900162162] [robot_0.robot_supervisor]: Selected controllable event: EV_approach_zone
[INFO] [1789488418.180344179] [robot_0.robot_supervisor]: Selected controllable event: EV_approach_zone
[INFO] [1789488418.487891483] [robot_0.robot_supervisor]: Triggered uncontrollable event: EV_zone_a_not_visible
[INFO] [1789488418.500285233] [robot_0.robot_supervisor]: Triggered uncontrollable event: EV_zone_b_reached
[INFO] [1789488418.507284824] [robot_0.robot_supervisor]: Selected controllable event: EV_search_zone
[INFO] [1789488418.678529460] [robot_0.robot_supervisor]: Selected controllable event: EV_move_forward
[INFO] [1789488418.910124851] [robot_0.robot_supervisor]: Selected controllable event: EV_search_zone
[INFO] [1789488419.082621887] [robot_0.robot_supervisor]: Selected controllable event: EV_move_forward
[INFO] [1789488419.307510593] [robot_0.robot_supervisor]: Triggered uncontrollable event: EV_zone_a_not_visible
[INFO] [1789488419.310538967] [robot_0.robot_supervisor]: Triggered uncontrollable event: EV_zone_b_reached
[INFO] [1789488419.322140092] [robot_0.robot_supervisor]: Selected controllable event: EV_search_zone
[INFO] [1789488419.480531420] [robot_0.robot_supervisor]: Selected controllable event: EV_move_forward
[INFO] [1789488419.691876930] [robot_0.robot_supervisor]: Selected controllable event: EV_move_forward
[INFO] [1789488419.974622716] [robot_0.robot_supervisor]: Selected controllable event: EV_search_zone
[INFO] [1789488420.094324941] [robot_0.robot_supervisor]: Triggered uncontrollable event: EV_zone_a_not_visible
[INFO] [1789488420.104055266] [robot_0.robot_supervisor]: Triggered uncontrollable event: EV_zone_b_reached
[INFO] [1789488420.104900709] [robot_0.robot_supervisor]: Triggered uncontrollable event: EV_obstacle_front
[INFO] [1789488420.109885957] [robot_0.robot_supervisor]: Selected controllable event: EV_rotate_counterclockwise
[INFO] [1789488420.274367514] [robot_0.robot_supervisor]: Triggered uncontrollable event: EV_obstacle_front
[INFO] [1789488420.288174082] [robot_0.robot_supervisor]: Selected controllable event: EV_rotate_clockwise
[INFO] [1789488420.492253594] [robot_0.robot_supervisor]: Triggered uncontrollable event: EV_obstacle_front
[INFO] [1789488420.493194467] [robot_0.robot_supervisor]: Selected controllable event: EV_u_turn
[INFO] [1789488420.498463062] [robot_0.robot_supervisor]: Starting FULL ROTATE (omega=1.000, have_odom=True, target_rad=3.142, timeout_s=3.500)
[INFO] [1789488424.093822451] [robot_0.robot_supervisor]: FULL ROTATE completed by timeout
[INFO] [1789488424.393226966] [robot_0.robot_supervisor]: Triggered uncontrollable event: EV_zone_a_not_visible
[INFO] [1789488424.393926892] [robot_0.robot_supervisor]: Triggered uncontrollable event: EV_zone_b_reached
[INFO] [1789488424.394740922] [robot_0.robot_supervisor]: Selected controllable event: EV_search_zone
[INFO] [1789488424.585975286] [robot_0.robot_supervisor]: Selected controllable event: EV_move_forward
[INFO] [1789488424.885258567] [robot_0.robot_supervisor]: Selected controllable event: EV_move_forward
[INFO] [1789488425.194256069] [robot_0.robot_supervisor]: Triggered uncontrollable event: EV_zone_a_not_visible
[INFO] [1789488425.211976090] [robot_0.robot_supervisor]: Triggered uncontrollable event: EV_zone_b_reached
[INFO] [1789488425.212938022] [robot_0.robot_supervisor]: Selected controllable event: EV_move_forward
[INFO] [1789488425.486672774] [robot_0.robot_supervisor]: Selected controllable event: EV_move_forward
[INFO] [1789488425.799070127] [robot_0.robot_supervisor]: Selected controllable event: EV_search_zone
[INFO] [1789488425.997520131] [robot_0.robot_supervisor]: Triggered uncontrollable event: EV_zone_a_not_visible
[INFO] [1789488425.998480430] [robot_0.robot_supervisor]: Selected controllable event: EV_move_forward
[INFO] [1789488426.207417765] [robot_0.robot_supervisor]: Triggered uncontrollable event: EV_zone_b_reached
[INFO] [1789488426.208348489] [robot_0.robot_supervisor]: Selected controllable event: EV_move_forward
[INFO] [1789488426.476167713] [robot_0.robot_supervisor]: Selected controllable event: EV_search_zone
[INFO] [1789488426.583186101] [robot_0.robot_supervisor]: Selected controllable event: EV_search_zone
[INFO] [1789488426.785231336] [robot_0.robot_supervisor]: Selected controllable event: EV_search_zone
[INFO] [1789488426.993030591] [robot_0.robot_supervisor]: Triggered uncontrollable event: EV_zone_a_not_visible
[INFO] [1789488427.004070856] [robot_0.robot_supervisor]: Selected controllable event: EV_move_forward
[INFO] [1789488427.292768690] [robot_0.robot_supervisor]: Triggered uncontrollable event: EV_zone_b_reached
[INFO] [1789488427.297865689] [robot_0.robot_supervisor]: Selected controllable event: EV_search_zone
[INFO] [1789488427.485150696] [robot_0.robot_supervisor]: Selected controllable event: EV_move_forward
[INFO] [1789488427.805166393] [robot_0.robot_supervisor]: Selected controllable event: EV_search_zone
[INFO] [1789488428.010746925] [robot_0.robot_supervisor]: Triggered uncontrollable event: EV_zone_a_not_visible
[INFO] [1789488428.020784620] [robot_0.robot_supervisor]: Selected controllable event: EV_search_zone
[INFO] [1789488428.172584147] [robot_0.robot_supervisor]: Triggered uncontrollable event: EV_zone_b_not_visible
[INFO] [1789488428.182219233] [robot_0.robot_supervisor]: Selected controllable event: EV_search_zone
[INFO] [1789488428.391599474] [robot_0.robot_supervisor]: Selected controllable event: EV_search_zone
[INFO] [1789488428.511444962] [robot_0.robot_supervisor]: Selected controllable event: EV_move_forward
[INFO] [1789488428.795270803] [robot_0.robot_supervisor]: Triggered uncontrollable event: EV_zone_a_not_visible
[INFO] [1789488428.804293200] [robot_0.robot_supervisor]: Selected controllable event: EV_search_zone
[INFO] [1789488428.990404719] [robot_0.robot_supervisor]: Triggered uncontrollable event: EV_zone_b_not_visible
[INFO] [1789488428.991364855] [robot_0.robot_supervisor]: Selected controllable event: EV_move_forward
[INFO] [1789488429.289552041] [robot_0.robot_supervisor]: Selected controllable event: EV_search_zone
[INFO] [1789488429.468078540] [robot_0.robot_supervisor]: Selected controllable event: EV_search_zone
[INFO] [1789488429.576496897] [robot_0.robot_supervisor]: Triggered uncontrollable event: EV_zone_a_not_visible
[INFO] [1789488429.577345226] [robot_0.robot_supervisor]: Selected controllable event: EV_search_zone
[INFO] [1789488429.692942671] [robot_0.robot_supervisor]: Triggered uncontrollable event: EV_zone_b_not_visible
[INFO] [1789488429.699589023] [robot_0.robot_supervisor]: Selected controllable event: EV_move_forward
[INFO] [1789488429.982250446] [robot_0.robot_supervisor]: Selected controllable event: EV_move_forward
[INFO] [1789488430.299218181] [robot_0.robot_supervisor]: Selected controllable event: EV_move_forward
[INFO] [1789488430.582427950] [robot_0.robot_supervisor]: Triggered uncontrollable event: EV_zone_a_not_visible
[INFO] [1789488430.583103310] [robot_0.robot_supervisor]: Triggered uncontrollable event: EV_zone_b_not_visible
[INFO] [1789488430.590548964] [robot_0.robot_supervisor]: Selected controllable event: EV_search_zone
[INFO] [1789488430.783089602] [robot_0.robot_supervisor]: Selected controllable event: EV_move_forward
[INFO] [1789488430.986709885] [robot_0.robot_supervisor]: Selected controllable event: EV_search_zone
[INFO] [1789488431.183358458] [robot_0.robot_supervisor]: Selected controllable event: EV_search_zone
[INFO] [1789488431.374517026] [robot_0.robot_supervisor]: Triggered uncontrollable event: EV_zone_a_not_visible
[INFO] [1789488431.375105209] [robot_0.robot_supervisor]: Triggered uncontrollable event: EV_zone_b_not_visible
[INFO] [1789488431.389598733] [robot_0.robot_supervisor]: Selected controllable event: EV_search_zone
[INFO] [1789488431.574420985] [robot_0.robot_supervisor]: Selected controllable event: EV_move_forward
[INFO] [1789488431.891537447] [robot_0.robot_supervisor]: Selected controllable event: EV_move_forward
[INFO] [1789488432.174011917] [robot_0.robot_supervisor]: Triggered uncontrollable event: EV_zone_a_not_visible
[INFO] [1789488432.174703039] [robot_0.robot_supervisor]: Triggered uncontrollable event: EV_zone_b_not_visible
[INFO] [1789488432.175628992] [robot_0.robot_supervisor]: Selected controllable event: EV_search_zone
[INFO] [1789488432.292229463] [robot_0.robot_supervisor]: Selected controllable event: EV_search_zone
[INFO] [1789488432.473295577] [robot_0.robot_supervisor]: Selected controllable event: EV_search_zone
[INFO] [1789488432.593349229] [robot_0.robot_supervisor]: Selected controllable event: EV_search_zone
[INFO] [1789488432.784626124] [robot_0.robot_supervisor]: Selected controllable event: EV_search_zone
[INFO] [1789488432.984368363] [robot_0.robot_supervisor]: Triggered uncontrollable event: EV_zone_a_not_visible
[INFO] [1789488432.985046043] [robot_0.robot_supervisor]: Triggered uncontrollable event: EV_zone_b_not_visible
[INFO] [1789488433.001093825] [robot_0.robot_supervisor]: Selected controllable event: EV_move_forward
[INFO] [1789488433.288948210] [robot_0.robot_supervisor]: Selected controllable event: EV_move_forward
[INFO] [1789488433.569179550] [robot_0.robot_supervisor]: Selected controllable event: EV_search_zone
[INFO] [1789488433.709833874] [robot_0.robot_supervisor]: Selected controllable event: EV_move_forward
[INFO] [1789488433.976782994] [robot_0.robot_supervisor]: Triggered uncontrollable event: EV_zone_a_not_visible
[INFO] [1789488433.977420440] [robot_0.robot_supervisor]: Triggered uncontrollable event: EV_zone_b_not_visible
[INFO] [1789488433.994740494] [robot_0.robot_supervisor]: Selected controllable event: EV_move_forward
[INFO] [1789488434.296770725] [robot_0.robot_supervisor]: Selected controllable event: EV_move_forward
[INFO] [1789488434.592384806] [robot_0.robot_supervisor]: Selected controllable event: EV_search_zone
[INFO] [1789488434.773053095] [robot_0.robot_supervisor]: Triggered uncontrollable event: EV_zone_a_not_visible
[INFO] [1789488434.773738416] [robot_0.robot_supervisor]: Triggered uncontrollable event: EV_zone_b_not_visible
[INFO] [1789488434.795892588] [robot_0.robot_supervisor]: Selected controllable event: EV_move_forward
[INFO] [1789488435.100096233] [robot_0.robot_supervisor]: Selected controllable event: EV_search_zone
[INFO] [1789488435.280732871] [robot_0.robot_supervisor]: Selected controllable event: EV_search_zone
[INFO] [1789488435.475215438] [robot_0.robot_supervisor]: Selected controllable event: EV_move_forward
[INFO] [1789488435.682783266] [robot_0.robot_supervisor]: Triggered uncontrollable event: EV_zone_a_not_visible
[INFO] [1789488435.696280375] [robot_0.robot_supervisor]: Triggered uncontrollable event: EV_zone_b_not_visible
[INFO] [1789488435.707620159] [robot_0.robot_supervisor]: Selected controllable event: EV_search_zone
[INFO] [1789488435.880534385] [robot_0.robot_supervisor]: Selected controllable event: EV_move_forward
[INFO] [1789488436.091645547] [robot_0.robot_supervisor]: Selected controllable event: EV_move_forward
[INFO] [1789488436.403147055] [robot_0.robot_supervisor]: Selected controllable event: EV_move_forward
[INFO] [1789488436.690061235] [robot_0.robot_supervisor]: Triggered uncontrollable event: EV_zone_a_not_visible
[INFO] [1789488436.690840184] [robot_0.robot_supervisor]: Triggered uncontrollable event: EV_zone_b_not_visible
[INFO] [1789488436.691675236] [robot_0.robot_supervisor]: Selected controllable event: EV_search_zone
[INFO] [1789488436.795066727] [robot_0.robot_supervisor]: Selected controllable event: EV_move_forward
[INFO] [1789488437.092164448] [robot_0.robot_supervisor]: Selected controllable event: EV_move_forward
[INFO] [1789488437.379608117] [robot_0.robot_supervisor]: Selected controllable event: EV_search_zone
[INFO] [1789488437.577165837] [robot_0.robot_supervisor]: Triggered uncontrollable event: EV_zone_a_visible
[INFO] [1789488437.584434725] [robot_0.robot_supervisor]: Triggered uncontrollable event: EV_zone_b_not_visible
[INFO] [1789488437.593813746] [robot_0.robot_supervisor]: Selected controllable event: EV_approach_zone
[INFO] [1789488437.874868475] [robot_0.robot_supervisor]: Selected controllable event: EV_move_forward
[INFO] [1789488438.087314337] [robot_0.robot_supervisor]: Selected controllable event: EV_approach_zone
[INFO] [1789488438.368708169] [robot_0.robot_supervisor]: Triggered uncontrollable event: EV_zone_a_visible
[INFO] [1789488438.386560515] [robot_0.robot_supervisor]: Triggered uncontrollable event: EV_zone_b_not_visible
[INFO] [1789488438.396610832] [robot_0.robot_supervisor]: Selected controllable event: EV_approach_zone
[INFO] [1789488438.687203149] [robot_0.robot_supervisor]: Selected controllable event: EV_move_forward
[INFO] [1789488438.902316615] [robot_0.robot_supervisor]: Selected controllable event: EV_move_forward
[INFO] [1789488439.185358830] [robot_0.robot_supervisor]: Triggered uncontrollable event: EV_zone_a_visible
[INFO] [1789488439.186300178] [robot_0.robot_supervisor]: Selected controllable event: EV_approach_zone
[INFO] [1789488439.489377373] [robot_0.robot_supervisor]: Triggered uncontrollable event: EV_zone_b_not_visible
[INFO] [1789488439.500680093] [robot_0.robot_supervisor]: Selected controllable event: EV_approach_zone
[INFO] [1789488439.799635925] [robot_0.robot_supervisor]: Selected controllable event: EV_move_forward
[INFO] [1789488440.070254554] [robot_0.robot_supervisor]: Selected controllable event: EV_move_forward
[INFO] [1789488440.292587620] [robot_0.robot_supervisor]: Triggered uncontrollable event: EV_zone_a_visible
[INFO] [1789488440.293477146] [robot_0.robot_supervisor]: Triggered uncontrollable event: EV_zone_b_not_visible
[INFO] [1789488440.294453340] [robot_0.robot_supervisor]: Selected controllable event: EV_approach_zone
[INFO] [1789488440.576237521] [robot_0.robot_supervisor]: Selected controllable event: EV_approach_zone
[INFO] [1789488440.892320451] [robot_0.robot_supervisor]: Selected controllable event: EV_approach_zone
[INFO] [1789488441.116410106] [robot_0.robot_supervisor]: Selected controllable event: EV_approach_zone
[INFO] [1789488441.381818653] [robot_0.robot_supervisor]: Triggered uncontrollable event: EV_zone_b_not_visible
[INFO] [1789488441.382731746] [robot_0.robot_supervisor]: Triggered uncontrollable event: EV_zone_a_reached
[INFO] [1789488441.383843684] [robot_0.robot_supervisor]: Selected controllable event: EV_move_forward
[INFO] [1789488441.610440102] [robot_0.robot_supervisor]: Selected controllable event: EV_move_forward
[INFO] [1789488441.861790777] [robot_0.robot_supervisor]: Selected controllable event: EV_move_forward
[INFO] [1789488442.081883457] [robot_0.robot_supervisor]: Triggered uncontrollable event: EV_obstacle_front
[INFO] [1789488442.082697624] [robot_0.robot_supervisor]: Triggered uncontrollable event: EV_zone_a_reached
[INFO] [1789488442.106494272] [robot_0.robot_supervisor]: Selected controllable event: EV_move_backward
[INFO] [1789488442.381881761] [robot_0.robot_supervisor]: DELIVERED zone_a; balance=equal
[INFO] [1789488442.382758792] [robot_0.robot_supervisor]: Triggered uncontrollable event: EV_obstacle_front
[INFO] [1789488442.402141477] [robot_0.robot_supervisor]: Triggered uncontrollable event: EV_zone_b_not_visible
[INFO] [1789488442.403018933] [robot_0.robot_supervisor]: Selected controllable event: EV_drop_zone_a
[INFO] [1789488442.472782800] [robot_0.robot_supervisor]: Delivered cargo 'robot_0_carried_generic_box' removed.
[INFO] [1789488442.491202764] [robot_0.robot_supervisor]: Triggered uncontrollable event: EV_obstacle_front
[INFO] [1789488442.492357610] [robot_0.robot_supervisor]: Selected controllable event: EV_move_backward
[INFO] [1789488442.763974861] [robot_0.robot_supervisor]: Triggered uncontrollable event: EV_obstacle_front
[INFO] [1789488442.781316164] [robot_0.robot_supervisor]: Selected controllable event: EV_publish_delivered_zone_a
[INFO] [1789488442.884158570] [robot_0.robot_supervisor]: Triggered uncontrollable event: EV_obstacle_front
[INFO] [1789488442.892169442] [robot_0.robot_supervisor]: Selected controllable event: EV_rotate_clockwise
[INFO] [1789488443.087749654] [robot_0.robot_supervisor]: Triggered uncontrollable event: EV_obstacle_front
[INFO] [1789488443.088879237] [robot_0.robot_supervisor]: Selected controllable event: EV_move_backward
[INFO] [1789488443.399556263] [robot_0.robot_supervisor]: Triggered uncontrollable event: EV_obstacle_front
[INFO] [1789488443.400574453] [robot_0.robot_supervisor]: Selected controllable event: EV_move_backward
[INFO] [1789488443.687830080] [robot_0.robot_supervisor]: Triggered uncontrollable event: EV_obstacle_front
[INFO] [1789488443.688590388] [robot_0.robot_supervisor]: Selected controllable event: EV_rotate_counterclockwise
[INFO] [1789488443.888248903] [robot_0.robot_supervisor]: Triggered uncontrollable event: EV_obstacle_front
[INFO] [1789488443.908499748] [robot_0.robot_supervisor]: Selected controllable event: EV_move_backward
[INFO] [1789488444.178176003] [robot_0.robot_supervisor]: Triggered uncontrollable event: EV_obstacle_front
[INFO] [1789488444.187956528] [robot_0.robot_supervisor]: Selected controllable event: EV_rotate_counterclockwise
[INFO] [1789488444.375765973] [robot_0.robot_supervisor]: Triggered uncontrollable event: EV_obstacle_front
[INFO] [1789488444.389251363] [robot_0.robot_supervisor]: Selected controllable event: EV_rotate_counterclockwise
[INFO] [1789488444.563369632] [robot_0.robot_supervisor]: Triggered uncontrollable event: EV_obstacle_front
[INFO] [1789488444.584045387] [robot_0.robot_supervisor]: Selected controllable event: EV_u_turn
[INFO] [1789488444.584937630] [robot_0.robot_supervisor]: Starting FULL ROTATE (omega=1.000, have_odom=True, target_rad=3.142, timeout_s=3.500)
[INFO] [1789488448.185937075] [robot_0.robot_supervisor]: FULL ROTATE completed by timeout
[INFO] [1789488448.487575218] [robot_0.robot_supervisor]: Selected controllable event: EV_move_forward
[INFO] [1789488448.771737858] [robot_0.robot_supervisor]: Selected controllable event: EV_move_forward
[INFO] [1789488449.064818480] [robot_0.robot_supervisor]: Selected controllable event: EV_move_forward
[INFO] [1789488449.291940039] [robot_0.robot_supervisor]: Selected controllable event: EV_search_object
[INFO] [1789488449.470971207] [robot_0.robot_supervisor]: Selected controllable event: EV_move_forward
[INFO] [1789488449.677196735] [robot_0.robot_supervisor]: Selected controllable event: EV_move_forward
[INFO] [1789488449.975538915] [robot_0.robot_supervisor]: Selected controllable event: EV_search_object
[INFO] [1789488450.173273724] [robot_0.robot_supervisor]: Selected controllable event: EV_search_object
[INFO] [1789488450.289530976] [robot_0.robot_supervisor]: Selected controllable event: EV_search_object
[INFO] [1789488450.476060151] [robot_0.robot_supervisor]: Selected controllable event: EV_move_forward
[INFO] [1789488450.777876321] [robot_0.robot_supervisor]: Selected controllable event: EV_search_object
[INFO] [1789488450.971480346] [robot_0.robot_supervisor]: Selected controllable event: EV_move_forward
[INFO] [1789488451.180466145] [robot_0.robot_supervisor]: Selected controllable event: EV_move_forward
[INFO] [1789488451.493563542] [robot_0.robot_supervisor]: Selected controllable event: EV_move_forward
[INFO] [1789488451.773400721] [robot_0.robot_supervisor]: Selected controllable event: EV_search_object
[INFO] [1789488451.887993273] [robot_0.robot_supervisor]: Selected controllable event: EV_move_forward
[INFO] [1789488452.179031949] [robot_0.robot_supervisor]: Selected controllable event: EV_move_forward
[INFO] [1789488452.484890820] [robot_0.robot_supervisor]: Selected controllable event: EV_move_forward
[INFO] [1789488452.685880204] [robot_0.robot_supervisor]: RECEIVED zone_b; balance=zone_b_has_extra
[INFO] [1789488452.784566180] [robot_0.robot_supervisor]: Triggered uncontrollable event: EV_received_delivered_zone_b
[INFO] [1789488452.785431822] [robot_0.robot_supervisor]: Selected controllable event: EV_search_object
[INFO] [1789488452.966976190] [robot_0.robot_supervisor]: Selected controllable event: EV_search_object
[INFO] [1789488453.092757859] [robot_0.robot_supervisor]: Selected controllable event: EV_move_forward
[INFO] [1789488453.381148659] [robot_0.robot_supervisor]: Selected controllable event: EV_search_object
[INFO] [1789488453.591496074] [robot_0.robot_supervisor]: Selected controllable event: EV_search_object
[INFO] [1789488453.764825412] [robot_0.robot_supervisor]: Selected controllable event: EV_search_object
[INFO] [1789488453.968529517] [robot_0.robot_supervisor]: Selected controllable event: EV_move_forward
[INFO] [1789488454.275954001] [robot_0.robot_supervisor]: Selected controllable event: EV_search_object
[INFO] [1789488454.391743946] [robot_0.robot_supervisor]: Selected controllable event: EV_search_object
[INFO] [1789488454.587820000] [robot_0.robot_supervisor]: Selected controllable event: EV_search_object
[INFO] [1789488454.779231724] [robot_0.robot_supervisor]: Selected controllable event: EV_search_object
[INFO] [1789488454.988369316] [robot_0.robot_supervisor]: Selected controllable event: EV_search_object
[INFO] [1789488455.174221988] [robot_0.robot_supervisor]: Selected controllable event: EV_move_forward
[INFO] [1789488455.492794618] [robot_0.robot_supervisor]: Selected controllable event: EV_search_object
[INFO] [1789488455.682255103] [robot_0.robot_supervisor]: Selected controllable event: EV_search_object
[INFO] [1789488455.869735197] [robot_0.robot_supervisor]: Selected controllable event: EV_search_object
[INFO] [1789488456.075770567] [robot_0.robot_supervisor]: Selected controllable event: EV_search_object
[INFO] [1789488456.278957316] [robot_0.robot_supervisor]: Selected controllable event: EV_search_object
[INFO] [1789488456.486496290] [robot_0.robot_supervisor]: Selected controllable event: EV_move_forward
[INFO] [1789488456.791434305] [robot_0.robot_supervisor]: Selected controllable event: EV_move_forward
[INFO] [1789488457.066990159] [robot_0.robot_supervisor]: Selected controllable event: EV_move_forward
[INFO] [1789488457.366943923] [robot_0.robot_supervisor]: Selected controllable event: EV_search_object
[INFO] [1789488457.487586174] [robot_0.robot_supervisor]: Selected controllable event: EV_search_object
[INFO] [1789488457.669691443] [robot_0.robot_supervisor]: Selected controllable event: EV_search_object
[INFO] [1789488457.883481612] [robot_0.robot_supervisor]: Selected controllable event: EV_search_object
[INFO] [1789488458.065343034] [robot_0.robot_supervisor]: Selected controllable event: EV_move_forward
[INFO] [1789488458.375938904] [robot_0.robot_supervisor]: Selected controllable event: EV_search_object
[INFO] [1789488458.588114863] [robot_0.robot_supervisor]: Selected controllable event: EV_move_forward
[INFO] [1789488458.881444178] [robot_0.robot_supervisor]: Selected controllable event: EV_search_object
[INFO] [1789488458.986245250] [robot_0.robot_supervisor]: Selected controllable event: EV_move_forward
[INFO] [1789488459.264371734] [robot_0.robot_supervisor]: Selected controllable event: EV_move_forward
[INFO] [1789488459.472790115] [robot_0.robot_supervisor]: Selected controllable event: EV_search_object
[INFO] [1789488459.667455615] [robot_0.robot_supervisor]: Selected controllable event: EV_move_forward
[INFO] [1789488459.970802698] [robot_0.robot_supervisor]: Selected controllable event: EV_move_forward
[INFO] [1789488460.293934960] [robot_0.robot_supervisor]: Selected controllable event: EV_search_object
[INFO] [1789488460.470301374] [robot_0.robot_supervisor]: Selected controllable event: EV_move_forward
[INFO] [1789488460.783605944] [robot_0.robot_supervisor]: Selected controllable event: EV_search_object
[INFO] [1789488460.972785841] [robot_0.robot_supervisor]: Selected controllable event: EV_search_object
[INFO] [1789488461.102142651] [robot_0.robot_supervisor]: Selected controllable event: EV_move_forward
[INFO] [1789488461.396147549] [robot_0.robot_supervisor]: Selected controllable event: EV_move_forward
[INFO] [1789488461.706151504] [robot_0.robot_supervisor]: Selected controllable event: EV_search_object
[INFO] [1789488461.876035233] [robot_0.robot_supervisor]: Selected controllable event: EV_search_object
[INFO] [1789488461.980822087] [robot_0.robot_supervisor]: Selected controllable event: EV_search_object
[INFO] [1789488462.199647586] [robot_0.robot_supervisor]: Selected controllable event: EV_move_forward
[INFO] [1789488462.489403163] [robot_0.robot_supervisor]: Selected controllable event: EV_move_forward
[INFO] [1789488462.781232489] [robot_0.robot_supervisor]: Selected controllable event: EV_move_forward
[INFO] [1789488463.066839435] [robot_0.robot_supervisor]: Selected controllable event: EV_search_object
[INFO] [1789488463.267963680] [robot_0.robot_supervisor]: Selected controllable event: EV_move_forward
[INFO] [1789488463.597094343] [robot_0.robot_supervisor]: Selected controllable event: EV_move_forward
[INFO] [1789488463.892687918] [robot_0.robot_supervisor]: Triggered uncontrollable event: EV_obstacle_right
[INFO] [1789488463.907614790] [robot_0.robot_supervisor]: Selected controllable event: EV_rotate_counterclockwise
[INFO] [1789488464.068441022] [robot_0.robot_supervisor]: Triggered uncontrollable event: EV_obstacle_right
[INFO] [1789488464.069404592] [robot_0.robot_supervisor]: Selected controllable event: EV_rotate_counterclockwise
[INFO] [1789488464.193700464] [robot_0.robot_supervisor]: Triggered uncontrollable event: EV_obstacle_right
[INFO] [1789488464.194859232] [robot_0.robot_supervisor]: Selected controllable event: EV_rotate_counterclockwise
[INFO] [1789488464.375074170] [robot_0.robot_supervisor]: Triggered uncontrollable event: EV_obstacle_right
[INFO] [1789488464.375774018] [robot_0.robot_supervisor]: Selected controllable event: EV_u_turn
[INFO] [1789488464.376499678] [robot_0.robot_supervisor]: Starting FULL ROTATE (omega=1.000, have_odom=True, target_rad=3.142, timeout_s=3.500)
[INFO] [1789488467.891006032] [robot_0.robot_supervisor]: FULL ROTATE completed by timeout
[INFO] [1789488468.187936389] [robot_0.robot_supervisor]: Selected controllable event: EV_move_forward
[INFO] [1789488468.471219590] [robot_0.robot_supervisor]: Selected controllable event: EV_move_forward
[INFO] [1789488468.690670396] [robot_0.robot_supervisor]: Selected controllable event: EV_search_object
[INFO] [1789488468.873271028] [robot_0.robot_supervisor]: Selected controllable event: EV_search_object
[INFO] [1789488469.080993000] [robot_0.robot_supervisor]: Selected controllable event: EV_move_forward
[INFO] [1789488469.393878593] [robot_0.robot_supervisor]: Selected controllable event: EV_search_object
[INFO] [1789488469.576143956] [robot_0.robot_supervisor]: Selected controllable event: EV_search_object
[INFO] [1789488469.781100543] [robot_0.robot_supervisor]: Triggered uncontrollable event: EV_obstacle_left
[INFO] [1789488469.787348891] [robot_0.robot_supervisor]: Selected controllable event: EV_u_turn
[INFO] [1789488469.893846871] [robot_0.robot_supervisor]: Triggered uncontrollable event: EV_obstacle_left
[INFO] [1789488469.907544825] [robot_0.robot_supervisor]: Selected controllable event: EV_rotate_clockwise
[INFO] [1789488470.078400797] [robot_0.robot_supervisor]: Triggered uncontrollable event: EV_obstacle_left
[INFO] [1789488470.087881322] [robot_0.robot_supervisor]: Selected controllable event: EV_rotate_clockwise
[INFO] [1789488470.293595729] [robot_0.robot_supervisor]: Triggered uncontrollable event: EV_obstacle_left
[INFO] [1789488470.294569119] [robot_0.robot_supervisor]: Selected controllable event: EV_rotate_clockwise
[INFO] [1789488470.492954809] [robot_0.robot_supervisor]: Triggered uncontrollable event: EV_obstacle_left
[INFO] [1789488470.493882657] [robot_0.robot_supervisor]: Selected controllable event: EV_rotate_clockwise
[INFO] [1789488470.677097399] [robot_0.robot_supervisor]: Triggered uncontrollable event: EV_obstacle_left
[INFO] [1789488470.681663687] [robot_0.robot_supervisor]: Selected controllable event: EV_u_turn
[INFO] [1789488470.689319137] [robot_0.robot_supervisor]: Starting FULL ROTATE (omega=1.000, have_odom=True, target_rad=3.142, timeout_s=3.500)
[INFO] [1789488474.273498901] [robot_0.robot_supervisor]: FULL ROTATE completed by timeout
[INFO] [1789488474.584444751] [robot_0.robot_supervisor]: Triggered uncontrollable event: EV_obstacle_right
[INFO] [1789488474.605931454] [robot_0.robot_supervisor]: Selected controllable event: EV_u_turn
[INFO] [1789488474.687566333] [robot_0.robot_supervisor]: Triggered uncontrollable event: EV_obstacle_right
[INFO] [1789488474.688645500] [robot_0.robot_supervisor]: Selected controllable event: EV_u_turn
[INFO] [1789488474.779760210] [robot_0.robot_supervisor]: Triggered uncontrollable event: EV_obstacle_right
[INFO] [1789488474.785506579] [robot_0.robot_supervisor]: Selected controllable event: EV_u_turn
[INFO] [1789488474.865442189] [robot_0.robot_supervisor]: Triggered uncontrollable event: EV_obstacle_right
[INFO] [1789488474.891768115] [robot_0.robot_supervisor]: Selected controllable event: EV_u_turn
[INFO] [1789488474.980278486] [robot_0.robot_supervisor]: Triggered uncontrollable event: EV_obstacle_right
[INFO] [1789488474.996991301] [robot_0.robot_supervisor]: Selected controllable event: EV_u_turn
[INFO] [1789488475.091532381] [robot_0.robot_supervisor]: Triggered uncontrollable event: EV_obstacle_right
[INFO] [1789488475.096220289] [robot_0.robot_supervisor]: Selected controllable event: EV_rotate_counterclockwise
[WARN] [1789488475.108940797] [robot_0.robot_supervisor]: no translation for 5.2s livelock detected; starting atomic escape (turn_sign=+1)
[INFO] [1789488477.682302197] [robot_0.robot_supervisor]: Zone-livelock escape completed
[INFO] [1789488477.995443573] [robot_0.robot_supervisor]: Selected controllable event: EV_move_forward
[INFO] [1789488478.269350128] [robot_0.robot_supervisor]: Triggered uncontrollable event: EV_obstacle_left
[INFO] [1789488478.274636987] [robot_0.robot_supervisor]: Selected controllable event: EV_u_turn
[INFO] [1789488478.279496811] [robot_0.robot_supervisor]: Starting FULL ROTATE (omega=1.000, have_odom=True, target_rad=3.142, timeout_s=3.500)
[INFO] [1789488481.781919156] [robot_0.robot_supervisor]: FULL ROTATE completed by timeout
[INFO] [1789488481.972026523] [robot_0.robot_supervisor]: Selected controllable event: EV_move_forward
[INFO] [1789488482.297019748] [robot_0.robot_supervisor]: Selected controllable event: EV_move_forward
[INFO] [1789488482.582008748] [robot_0.robot_supervisor]: Selected controllable event: EV_search_object
[INFO] [1789488482.780225278] [robot_0.robot_supervisor]: Selected controllable event: EV_move_forward
[INFO] [1789488483.076772082] [robot_0.robot_supervisor]: Selected controllable event: EV_search_object
[INFO] [1789488483.278122926] [robot_0.robot_supervisor]: Selected controllable event: EV_move_forward
[INFO] [1789488483.485192146] [robot_0.robot_supervisor]: Selected controllable event: EV_move_forward
[INFO] [1789488483.794327554] [robot_0.robot_supervisor]: Selected controllable event: EV_search_object
[INFO] [1789488483.986063772] [robot_0.robot_supervisor]: Selected controllable event: EV_move_forward
[INFO] [1789488484.305717573] [robot_0.robot_supervisor]: Selected controllable event: EV_move_forward
[INFO] [1789488484.576950262] [robot_0.robot_supervisor]: Selected controllable event: EV_move_forward
[INFO] [1789488484.870916984] [robot_0.robot_supervisor]: Selected controllable event: EV_search_object
[INFO] [1789488484.976109164] [robot_0.robot_supervisor]: Selected controllable event: EV_search_object
[INFO] [1789488485.174182255] [robot_0.robot_supervisor]: Selected controllable event: EV_move_forward
[INFO] [1789488485.472043800] [robot_0.robot_supervisor]: Selected controllable event: EV_search_object
[INFO] [1789488485.679362339] [robot_0.robot_supervisor]: Selected controllable event: EV_search_object
[INFO] [1789488485.875076721] [robot_0.robot_supervisor]: Selected controllable event: EV_move_forward
[INFO] [1789488486.079531677] [robot_0.robot_supervisor]: Selected controllable event: EV_search_object
[INFO] [1789488486.195525358] [robot_0.robot_supervisor]: Triggered uncontrollable event: EV_obstacle_left
[INFO] [1789488486.196435373] [robot_0.robot_supervisor]: Selected controllable event: EV_u_turn
[INFO] [1789488486.214379747] [robot_0.robot_supervisor]: Starting FULL ROTATE (omega=1.000, have_odom=True, target_rad=3.142, timeout_s=3.500)
