[INFO] [1789488314.557356349] [robot_1.robot_supervisor]: Loaded initial mission 'balanced_delivery' from explicit YAML supervisor.yaml
[INFO] [1789488314.794385904] [robot_1.robot_supervisor]: Selected controllable event: EV_search_object
[INFO] [1789488314.940948475] [robot_1.robot_supervisor]: Selected controllable event: EV_move_forward
[INFO] [1789488315.188994670] [robot_1.robot_supervisor]: Selected controllable event: EV_move_forward
[INFO] [1789488315.436721166] [robot_1.robot_supervisor]: Selected controllable event: EV_move_forward
[INFO] [1789488315.672168986] [robot_1.robot_supervisor]: Selected controllable event: EV_search_object
[INFO] [1789488315.856451156] [robot_1.robot_supervisor]: Selected controllable event: EV_move_forward
[INFO] [1789488316.147117851] [robot_1.robot_supervisor]: Selected controllable event: EV_move_forward
[INFO] [1789488316.447754012] [robot_1.robot_supervisor]: Selected controllable event: EV_search_object
[INFO] [1789488316.646055407] [robot_1.robot_supervisor]: Selected controllable event: EV_move_forward
[INFO] [1789488316.932963026] [robot_1.robot_supervisor]: Selected controllable event: EV_move_forward
[INFO] [1789488317.232599462] [robot_1.robot_supervisor]: Selected controllable event: EV_move_forward
[INFO] [1789488317.532412602] [robot_1.robot_supervisor]: Selected controllable event: EV_move_forward
[INFO] [1789488317.832570918] [robot_1.robot_supervisor]: Selected controllable event: EV_move_forward
[INFO] [1789488318.132818165] [robot_1.robot_supervisor]: Selected controllable event: EV_move_forward
[INFO] [1789488318.433023944] [robot_1.robot_supervisor]: Selected controllable event: EV_move_forward
[INFO] [1789488318.732734380] [robot_1.robot_supervisor]: Selected controllable event: EV_move_forward
[INFO] [1789488319.034465989] [robot_1.robot_supervisor]: Selected controllable event: EV_search_object
[INFO] [1789488319.233242074] [robot_1.robot_supervisor]: Selected controllable event: EV_search_object
[INFO] [1789488319.432838977] [robot_1.robot_supervisor]: Selected controllable event: EV_search_object
[INFO] [1789488319.632742046] [robot_1.robot_supervisor]: Selected controllable event: EV_move_forward
[INFO] [1789488319.932666325] [robot_1.robot_supervisor]: Selected controllable event: EV_move_forward
[INFO] [1789488320.233191373] [robot_1.robot_supervisor]: Selected controllable event: EV_search_object
[INFO] [1789488320.432666345] [robot_1.robot_supervisor]: Selected controllable event: EV_move_forward
[INFO] [1789488320.732752997] [robot_1.robot_supervisor]: Selected controllable event: EV_search_object
[INFO] [1789488320.932724591] [robot_1.robot_supervisor]: Selected controllable event: EV_move_forward
[INFO] [1789488321.240693936] [robot_1.robot_supervisor]: Triggered uncontrollable event: EV_object_not_visible
[INFO] [1789488321.255522788] [robot_1.robot_supervisor]: Selected controllable event: EV_search_object
[INFO] [1789488321.470451450] [robot_1.robot_supervisor]: Selected controllable event: EV_move_forward
[INFO] [1789488321.752191656] [robot_1.robot_supervisor]: Selected controllable event: EV_move_forward
[INFO] [1789488321.965559974] [robot_1.robot_supervisor]: Selected controllable event: EV_move_forward
[INFO] [1789488322.235668873] [robot_1.robot_supervisor]: ############################# VISIBLE: EV_object_visible #############################
[INFO] [1789488322.236745925] [robot_1.robot_supervisor]: Selected controllable event: EV_move_forward
[INFO] [1789488322.552001888] [robot_1.robot_supervisor]: Selected controllable event: EV_move_forward
[INFO] [1789488322.838295191] [robot_1.robot_supervisor]: Selected controllable event: EV_move_forward
[INFO] [1789488323.045646002] [robot_1.robot_supervisor]: Selected controllable event: EV_approach_object
[INFO] [1789488323.253145709] [robot_1.robot_supervisor]: ############################# VISIBLE: EV_object_visible #############################
[INFO] [1789488323.259858013] [robot_1.robot_supervisor]: Selected controllable event: EV_approach_object
[INFO] [1789488323.546532076] [robot_1.robot_supervisor]: Selected controllable event: EV_move_forward
[INFO] [1789488323.872845590] [robot_1.robot_supervisor]: Selected controllable event: EV_move_forward
[INFO] [1789488324.142178326] [robot_1.robot_supervisor]: ############################# VISIBLE: EV_object_visible #############################
[INFO] [1789488324.152979880] [robot_1.robot_supervisor]: Selected controllable event: EV_move_forward
[INFO] [1789488324.447620184] [robot_1.robot_supervisor]: Selected controllable event: EV_move_forward
[INFO] [1789488324.663943936] [robot_1.robot_supervisor]: Selected controllable event: EV_move_forward
[INFO] [1789488324.953691245] [robot_1.robot_supervisor]: Selected controllable event: EV_approach_object
[INFO] [1789488325.241684172] [robot_1.robot_supervisor]: ############################# VISIBLE: EV_object_visible #############################
[INFO] [1789488325.250920293] [robot_1.robot_supervisor]: Selected controllable event: EV_approach_object
[INFO] [1789488325.538835015] [robot_1.robot_supervisor]: Selected controllable event: EV_move_forward
[INFO] [1789488325.851335135] [robot_1.robot_supervisor]: ############################# VISIBLE: EV_object_visible #############################
[INFO] [1789488325.857498755] [robot_1.robot_supervisor]: Selected controllable event: EV_approach_object
[INFO] [1789488326.136574307] [robot_1.robot_supervisor]: Selected controllable event: EV_approach_object
[INFO] [1789488326.437009735] [robot_1.robot_supervisor]: Selected controllable event: EV_move_forward
[INFO] [1789488326.648425889] [robot_1.robot_supervisor]: ############################# VISIBLE: EV_object_visible #############################
[INFO] [1789488326.649503053] [robot_1.robot_supervisor]: Selected controllable event: EV_approach_object
[INFO] [1789488326.943447883] [robot_1.robot_supervisor]: Selected controllable event: EV_approach_object
[INFO] [1789488327.263138285] [robot_1.robot_supervisor]: Selected controllable event: EV_approach_object
[INFO] [1789488327.566395556] [robot_1.robot_supervisor]: Selected controllable event: EV_move_forward
[INFO] [1789488327.845673180] [robot_1.robot_supervisor]: ############################# VISIBLE: EV_object_visible #############################
[INFO] [1789488327.846849341] [robot_1.robot_supervisor]: Selected controllable event: EV_approach_object
[INFO] [1789488328.136621136] [robot_1.robot_supervisor]: Selected controllable event: EV_move_forward
[INFO] [1789488328.357232111] [robot_1.robot_supervisor]: Selected controllable event: EV_approach_object
[INFO] [1789488328.668305495] [robot_1.robot_supervisor]: ############################# VISIBLE: EV_object_visible #############################
[INFO] [1789488328.672411340] [robot_1.robot_supervisor]: Selected controllable event: EV_move_forward
[INFO] [1789488328.941070634] [robot_1.robot_supervisor]: Selected controllable event: EV_approach_object
[INFO] [1789488329.239316869] [robot_1.robot_supervisor]: Selected controllable event: EV_move_forward
[INFO] [1789488329.473340585] [robot_1.robot_supervisor]: Selected controllable event: EV_move_forward
[INFO] [1789488329.750503074] [robot_1.robot_supervisor]: ############################# VISIBLE: EV_object_visible #############################
[INFO] [1789488329.767579618] [robot_1.robot_supervisor]: Selected controllable event: EV_move_forward
[INFO] [1789488330.035635963] [robot_1.robot_supervisor]: Selected controllable event: EV_move_forward
[INFO] [1789488330.366918825] [robot_1.robot_supervisor]: Selected controllable event: EV_move_forward
[INFO] [1789488330.660222654] [robot_1.robot_supervisor]: ############################# REACHED: EV_object_reached #############################
[INFO] [1789488330.666371740] [robot_1.robot_supervisor]: Selected controllable event: EV_pick_up_object
[INFO] [1789488330.702801040] [robot_1.robot_supervisor]: Cargo 'robot_1_carried_generic_box' placed on robot.
[INFO] [1789488330.939635528] [robot_1.robot_supervisor]: Selected controllable event: EV_move_forward
[INFO] [1789488331.160203984] [robot_1.robot_supervisor]: Selected controllable event: EV_move_forward
[INFO] [1789488331.464545617] [robot_1.robot_supervisor]: Selected controllable event: EV_search_zone
[INFO] [1789488331.645925977] [robot_1.robot_supervisor]: Triggered uncontrollable event: EV_zone_a_visible
[INFO] [1789488331.655041116] [robot_1.robot_supervisor]: Selected controllable event: EV_approach_zone
[INFO] [1789488331.950055723] [robot_1.robot_supervisor]: Triggered uncontrollable event: EV_zone_b_visible
[INFO] [1789488331.956595620] [robot_1.robot_supervisor]: Selected controllable event: EV_approach_zone
[INFO] [1789488332.249035123] [robot_1.robot_supervisor]: Selected controllable event: EV_approach_zone
[INFO] [1789488332.461202256] [robot_1.robot_supervisor]: Selected controllable event: EV_move_forward
[INFO] [1789488332.669164339] [robot_1.robot_supervisor]: Triggered uncontrollable event: EV_zone_a_visible
[INFO] [1789488332.678385528] [robot_1.robot_supervisor]: Triggered uncontrollable event: EV_zone_b_visible
[INFO] [1789488332.688582476] [robot_1.robot_supervisor]: Selected controllable event: EV_approach_zone
[INFO] [1789488332.951904816] [robot_1.robot_supervisor]: Selected controllable event: EV_move_forward
[INFO] [1789488333.169381799] [robot_1.robot_supervisor]: Selected controllable event: EV_move_forward
[INFO] [1789488333.478739139] [robot_1.robot_supervisor]: Selected controllable event: EV_approach_zone
[INFO] [1789488333.747527400] [robot_1.robot_supervisor]: Triggered uncontrollable event: EV_zone_a_visible
[INFO] [1789488333.750775335] [robot_1.robot_supervisor]: Triggered uncontrollable event: EV_zone_b_visible
[INFO] [1789488333.765992858] [robot_1.robot_supervisor]: Selected controllable event: EV_approach_zone
[INFO] [1789488334.063771339] [robot_1.robot_supervisor]: Selected controllable event: EV_approach_zone
[INFO] [1789488334.386949765] [robot_1.robot_supervisor]: Selected controllable event: EV_move_forward
[INFO] [1789488334.642314999] [robot_1.robot_supervisor]: Triggered uncontrollable event: EV_zone_a_visible
[INFO] [1789488334.647780955] [robot_1.robot_supervisor]: Triggered uncontrollable event: EV_zone_b_visible
[INFO] [1789488334.648770372] [robot_1.robot_supervisor]: Selected controllable event: EV_move_forward
[INFO] [1789488334.940992765] [robot_1.robot_supervisor]: Selected controllable event: EV_move_forward
[INFO] [1789488335.146386020] [robot_1.robot_supervisor]: Selected controllable event: EV_approach_zone
[INFO] [1789488335.392431427] [robot_1.robot_supervisor]: Selected controllable event: EV_move_forward
[INFO] [1789488335.641794197] [robot_1.robot_supervisor]: Triggered uncontrollable event: EV_zone_a_visible
[INFO] [1789488335.642513177] [robot_1.robot_supervisor]: Triggered uncontrollable event: EV_zone_b_visible
[INFO] [1789488335.652805718] [robot_1.robot_supervisor]: Selected controllable event: EV_move_forward
[INFO] [1789488335.861115043] [robot_1.robot_supervisor]: Selected controllable event: EV_move_forward
[INFO] [1789488336.149954442] [robot_1.robot_supervisor]: Selected controllable event: EV_approach_zone
[INFO] [1789488336.446347947] [robot_1.robot_supervisor]: Triggered uncontrollable event: EV_zone_a_visible
[INFO] [1789488336.450450969] [robot_1.robot_supervisor]: Triggered uncontrollable event: EV_zone_b_visible
[INFO] [1789488336.453845454] [robot_1.robot_supervisor]: Selected controllable event: EV_approach_zone
[INFO] [1789488336.754115494] [robot_1.robot_supervisor]: Selected controllable event: EV_approach_zone
[INFO] [1789488336.972727134] [robot_1.robot_supervisor]: Selected controllable event: EV_approach_zone
[INFO] [1789488337.254338577] [robot_1.robot_supervisor]: Selected controllable event: EV_move_forward
[INFO] [1789488337.590720476] [robot_1.robot_supervisor]: Triggered uncontrollable event: EV_zone_a_visible
[INFO] [1789488337.591715561] [robot_1.robot_supervisor]: Triggered uncontrollable event: EV_zone_b_visible
[INFO] [1789488337.592784562] [robot_1.robot_supervisor]: Selected controllable event: EV_approach_zone
[INFO] [1789488337.864773556] [robot_1.robot_supervisor]: Selected controllable event: EV_move_forward
[INFO] [1789488338.167945766] [robot_1.robot_supervisor]: Selected controllable event: EV_move_forward
[INFO] [1789488338.446647616] [robot_1.robot_supervisor]: Triggered uncontrollable event: EV_zone_a_visible
[INFO] [1789488338.451599142] [robot_1.robot_supervisor]: Triggered uncontrollable event: EV_zone_b_visible
[INFO] [1789488338.462651633] [robot_1.robot_supervisor]: Selected controllable event: EV_approach_zone
[INFO] [1789488338.764093491] [robot_1.robot_supervisor]: Selected controllable event: EV_move_forward
[INFO] [1789488339.070015594] [robot_1.robot_supervisor]: Selected controllable event: EV_approach_zone
[INFO] [1789488339.344794893] [robot_1.robot_supervisor]: Triggered uncontrollable event: EV_zone_a_visible
[INFO] [1789488339.345657497] [robot_1.robot_supervisor]: Triggered uncontrollable event: EV_zone_b_visible
[INFO] [1789488339.362292217] [robot_1.robot_supervisor]: Selected controllable event: EV_move_forward
[INFO] [1789488339.667156630] [robot_1.robot_supervisor]: Selected controllable event: EV_move_forward
[INFO] [1789488339.946863620] [robot_1.robot_supervisor]: Selected controllable event: EV_approach_zone
[INFO] [1789488340.165093448] [robot_1.robot_supervisor]: Selected controllable event: EV_approach_zone
[INFO] [1789488340.460211766] [robot_1.robot_supervisor]: Triggered uncontrollable event: EV_zone_a_visible
[INFO] [1789488340.463415184] [robot_1.robot_supervisor]: Triggered uncontrollable event: EV_zone_b_visible
[INFO] [1789488340.484619876] [robot_1.robot_supervisor]: Selected controllable event: EV_move_forward
[INFO] [1789488340.739102566] [robot_1.robot_supervisor]: Selected controllable event: EV_move_forward
[INFO] [1789488340.990257348] [robot_1.robot_supervisor]: Selected controllable event: EV_approach_zone
[INFO] [1789488341.275391707] [robot_1.robot_supervisor]: Triggered uncontrollable event: EV_zone_a_visible
[INFO] [1789488341.298178458] [robot_1.robot_supervisor]: Selected controllable event: EV_move_forward
[INFO] [1789488341.571106014] [robot_1.robot_supervisor]: Triggered uncontrollable event: EV_zone_b_visible
[INFO] [1789488341.572653986] [robot_1.robot_supervisor]: Selected controllable event: EV_approach_zone
[INFO] [1789488341.862610303] [robot_1.robot_supervisor]: Selected controllable event: EV_approach_zone
[INFO] [1789488342.185871520] [robot_1.robot_supervisor]: Selected controllable event: EV_move_forward
[INFO] [1789488342.442459792] [robot_1.robot_supervisor]: Triggered uncontrollable event: EV_zone_a_visible
[INFO] [1789488342.457777193] [robot_1.robot_supervisor]: Selected controllable event: EV_move_forward
[INFO] [1789488342.683966266] [robot_1.robot_supervisor]: Triggered uncontrollable event: EV_zone_b_visible
[INFO] [1789488342.685412705] [robot_1.robot_supervisor]: Selected controllable event: EV_move_forward
[INFO] [1789488342.970467811] [robot_1.robot_supervisor]: Selected controllable event: EV_move_forward
[INFO] [1789488343.273780269] [robot_1.robot_supervisor]: Selected controllable event: EV_move_forward
[INFO] [1789488343.561511454] [robot_1.robot_supervisor]: Triggered uncontrollable event: EV_zone_a_visible
[INFO] [1789488343.562517197] [robot_1.robot_supervisor]: Triggered uncontrollable event: EV_zone_b_visible
[INFO] [1789488343.578554480] [robot_1.robot_supervisor]: Selected controllable event: EV_move_forward
[INFO] [1789488343.867186697] [robot_1.robot_supervisor]: Selected controllable event: EV_approach_zone
[INFO] [1789488344.166699817] [robot_1.robot_supervisor]: Selected controllable event: EV_approach_zone
[INFO] [1789488344.448781875] [robot_1.robot_supervisor]: Selected controllable event: EV_approach_zone
[INFO] [1789488344.752222747] [robot_1.robot_supervisor]: Triggered uncontrollable event: EV_zone_a_visible
[INFO] [1789488344.764741579] [robot_1.robot_supervisor]: Triggered uncontrollable event: EV_zone_b_visible
[INFO] [1789488344.769312738] [robot_1.robot_supervisor]: Selected controllable event: EV_move_forward
[INFO] [1789488345.052691106] [robot_1.robot_supervisor]: Selected controllable event: EV_approach_zone
[INFO] [1789488345.272969765] [robot_1.robot_supervisor]: Selected controllable event: EV_approach_zone
[INFO] [1789488345.491608291] [robot_1.robot_supervisor]: Triggered uncontrollable event: EV_zone_a_visible
[INFO] [1789488345.499254878] [robot_1.robot_supervisor]: Selected controllable event: EV_approach_zone
[INFO] [1789488345.756565602] [robot_1.robot_supervisor]: Triggered uncontrollable event: EV_zone_b_visible
[INFO] [1789488345.757597528] [robot_1.robot_supervisor]: Selected controllable event: EV_move_forward
[INFO] [1789488346.040293988] [robot_1.robot_supervisor]: Selected controllable event: EV_approach_zone
[INFO] [1789488346.362113596] [robot_1.robot_supervisor]: Selected controllable event: EV_move_forward
[INFO] [1789488346.674824983] [robot_1.robot_supervisor]: Triggered uncontrollable event: EV_zone_a_visible
[INFO] [1789488346.675657565] [robot_1.robot_supervisor]: Triggered uncontrollable event: EV_zone_b_visible
[INFO] [1789488346.691275775] [robot_1.robot_supervisor]: Selected controllable event: EV_approach_zone
[INFO] [1789488346.956897754] [robot_1.robot_supervisor]: Selected controllable event: EV_move_forward
[INFO] [1789488347.275724827] [robot_1.robot_supervisor]: Selected controllable event: EV_move_forward
[INFO] [1789488347.574819770] [robot_1.robot_supervisor]: Triggered uncontrollable event: EV_zone_a_visible
[INFO] [1789488347.584975902] [robot_1.robot_supervisor]: Triggered uncontrollable event: EV_zone_b_visible
[INFO] [1789488347.586311476] [robot_1.robot_supervisor]: Selected controllable event: EV_move_forward
[INFO] [1789488347.864905019] [robot_1.robot_supervisor]: Selected controllable event: EV_approach_zone
[INFO] [1789488348.181423956] [robot_1.robot_supervisor]: Selected controllable event: EV_move_forward
[INFO] [1789488348.450933726] [robot_1.robot_supervisor]: Triggered uncontrollable event: EV_zone_a_visible
[INFO] [1789488348.467107992] [robot_1.robot_supervisor]: Selected controllable event: EV_move_forward
[INFO] [1789488348.685807549] [robot_1.robot_supervisor]: Triggered uncontrollable event: EV_zone_b_visible
[INFO] [1789488348.692880565] [robot_1.robot_supervisor]: Selected controllable event: EV_approach_zone
[INFO] [1789488348.955928515] [robot_1.robot_supervisor]: Selected controllable event: EV_approach_zone
[INFO] [1789488349.160515966] [robot_1.robot_supervisor]: Selected controllable event: EV_move_forward
[INFO] [1789488349.458992077] [robot_1.robot_supervisor]: Selected controllable event: EV_move_forward
[INFO] [1789488349.764097438] [robot_1.robot_supervisor]: Triggered uncontrollable event: EV_zone_a_visible
[INFO] [1789488349.764962526] [robot_1.robot_supervisor]: Triggered uncontrollable event: EV_zone_b_visible
[INFO] [1789488349.765995263] [robot_1.robot_supervisor]: Selected controllable event: EV_move_forward
[INFO] [1789488350.072906538] [robot_1.robot_supervisor]: Selected controllable event: EV_move_forward
[INFO] [1789488350.382534110] [robot_1.robot_supervisor]: Selected controllable event: EV_move_forward
[INFO] [1789488350.660439937] [robot_1.robot_supervisor]: Triggered uncontrollable event: EV_zone_a_visible
[INFO] [1789488350.661223378] [robot_1.robot_supervisor]: Triggered uncontrollable event: EV_zone_b_visible
[INFO] [1789488350.673696010] [robot_1.robot_supervisor]: Selected controllable event: EV_approach_zone
[INFO] [1789488350.961577291] [robot_1.robot_supervisor]: Selected controllable event: EV_approach_zone
[INFO] [1789488351.042547726] [robot_1.robot_supervisor]: RECEIVED zone_b; balance=zone_b_has_extra
[INFO] [1789488351.265338089] [robot_1.robot_supervisor]: Triggered uncontrollable event: EV_received_delivered_zone_b
[INFO] [1789488351.272707999] [robot_1.robot_supervisor]: Selected controllable event: EV_move_forward
[INFO] [1789488351.549248346] [robot_1.robot_supervisor]: Triggered uncontrollable event: EV_zone_a_visible
[INFO] [1789488351.550113035] [robot_1.robot_supervisor]: Triggered uncontrollable event: EV_zone_b_visible
[INFO] [1789488351.573222217] [robot_1.robot_supervisor]: Selected controllable event: EV_approach_zone
[INFO] [1789488351.871776235] [robot_1.robot_supervisor]: Selected controllable event: EV_move_forward
[INFO] [1789488352.173149941] [robot_1.robot_supervisor]: Selected controllable event: EV_approach_zone
[INFO] [1789488352.396344609] [robot_1.robot_supervisor]: Selected controllable event: EV_move_forward
[INFO] [1789488352.661973535] [robot_1.robot_supervisor]: Triggered uncontrollable event: EV_zone_a_visible
[INFO] [1789488352.664083805] [robot_1.robot_supervisor]: Triggered uncontrollable event: EV_zone_b_visible
[INFO] [1789488352.673253065] [robot_1.robot_supervisor]: Selected controllable event: EV_approach_zone
[INFO] [1789488352.952608414] [robot_1.robot_supervisor]: Selected controllable event: EV_move_forward
[INFO] [1789488353.270747074] [robot_1.robot_supervisor]: Selected controllable event: EV_approach_zone
[INFO] [1789488353.547215150] [robot_1.robot_supervisor]: Triggered uncontrollable event: EV_zone_a_visible
[INFO] [1789488353.550662562] [robot_1.robot_supervisor]: Triggered uncontrollable event: EV_zone_b_reached
[INFO] [1789488353.558240257] [robot_1.robot_supervisor]: Selected controllable event: EV_approach_zone
[INFO] [1789488353.877315981] [robot_1.robot_supervisor]: Selected controllable event: EV_move_forward
[INFO] [1789488354.157558026] [robot_1.robot_supervisor]: Selected controllable event: EV_approach_zone
[INFO] [1789488354.366490953] [robot_1.robot_supervisor]: Triggered uncontrollable event: EV_obstacle_front
[INFO] [1789488354.373795070] [robot_1.robot_supervisor]: Selected controllable event: EV_rotate_clockwise
[INFO] [1789488354.563573703] [robot_1.robot_supervisor]: Triggered uncontrollable event: EV_zone_a_visible
[INFO] [1789488354.568095281] [robot_1.robot_supervisor]: Triggered uncontrollable event: EV_zone_b_reached
[INFO] [1789488354.581494689] [robot_1.robot_supervisor]: Triggered uncontrollable event: EV_obstacle_front
[INFO] [1789488354.582967101] [robot_1.robot_supervisor]: Selected controllable event: EV_move_backward
[INFO] [1789488354.857184754] [robot_1.robot_supervisor]: Triggered uncontrollable event: EV_obstacle_front
[INFO] [1789488354.858391422] [robot_1.robot_supervisor]: Selected controllable event: EV_move_backward
[INFO] [1789488355.161476050] [robot_1.robot_supervisor]: Triggered uncontrollable event: EV_obstacle_front
[INFO] [1789488355.169685810] [robot_1.robot_supervisor]: Selected controllable event: EV_move_backward
[INFO] [1789488355.466666183] [robot_1.robot_supervisor]: Triggered uncontrollable event: EV_zone_a_visible
[INFO] [1789488355.467472516] [robot_1.robot_supervisor]: Triggered uncontrollable event: EV_obstacle_front
[INFO] [1789488355.491432930] [robot_1.robot_supervisor]: Selected controllable event: EV_rotate_clockwise
[INFO] [1789488355.653126082] [robot_1.robot_supervisor]: Triggered uncontrollable event: EV_zone_b_reached
[INFO] [1789488355.676576137] [robot_1.robot_supervisor]: Triggered uncontrollable event: EV_obstacle_front
[INFO] [1789488355.677679354] [robot_1.robot_supervisor]: Selected controllable event: EV_rotate_clockwise
[INFO] [1789488355.839664048] [robot_1.robot_supervisor]: Triggered uncontrollable event: EV_obstacle_front
[INFO] [1789488355.851179476] [robot_1.robot_supervisor]: Selected controllable event: EV_rotate_clockwise
[INFO] [1789488355.962429131] [robot_1.robot_supervisor]: Triggered uncontrollable event: EV_obstacle_front
[INFO] [1789488355.963398291] [robot_1.robot_supervisor]: Selected controllable event: EV_u_turn
[INFO] [1789488355.979774133] [robot_1.robot_supervisor]: Starting FULL ROTATE (omega=1.000, have_odom=True, target_rad=3.142, timeout_s=3.500)
[INFO] [1789488359.571829688] [robot_1.robot_supervisor]: FULL ROTATE completed by timeout
[INFO] [1789488359.780459881] [robot_1.robot_supervisor]: Triggered uncontrollable event: EV_zone_a_visible
[INFO] [1789488359.781284047] [robot_1.robot_supervisor]: Triggered uncontrollable event: EV_zone_b_reached
[INFO] [1789488359.802650173] [robot_1.robot_supervisor]: Selected controllable event: EV_approach_zone
[INFO] [1789488360.063329144] [robot_1.robot_supervisor]: Triggered uncontrollable event: EV_zone_a_visible
[INFO] [1789488360.064062237] [robot_1.robot_supervisor]: Triggered uncontrollable event: EV_zone_b_reached
[INFO] [1789488360.064988281] [robot_1.robot_supervisor]: Selected controllable event: EV_move_forward
[INFO] [1789488360.366271646] [robot_1.robot_supervisor]: Selected controllable event: EV_move_forward
[INFO] [1789488360.658524288] [robot_1.robot_supervisor]: Selected controllable event: EV_approach_zone
[INFO] [1789488360.954155555] [robot_1.robot_supervisor]: Triggered uncontrollable event: EV_zone_a_visible
[INFO] [1789488360.959355629] [robot_1.robot_supervisor]: Triggered uncontrollable event: EV_zone_b_reached
[INFO] [1789488360.960234726] [robot_1.robot_supervisor]: Selected controllable event: EV_approach_zone
[INFO] [1789488361.252714950] [robot_1.robot_supervisor]: Selected controllable event: EV_move_forward
[INFO] [1789488361.559429418] [robot_1.robot_supervisor]: Selected controllable event: EV_move_forward
[INFO] [1789488361.870555031] [robot_1.robot_supervisor]: Triggered uncontrollable event: EV_zone_a_not_visible
[INFO] [1789488361.871282820] [robot_1.robot_supervisor]: Triggered uncontrollable event: EV_zone_b_reached
[INFO] [1789488361.896422146] [robot_1.robot_supervisor]: Selected controllable event: EV_search_zone
[INFO] [1789488362.067626597] [robot_1.robot_supervisor]: Selected controllable event: EV_move_forward
[INFO] [1789488362.382636274] [robot_1.robot_supervisor]: Selected controllable event: EV_move_forward
[INFO] [1789488362.659440854] [robot_1.robot_supervisor]: Triggered uncontrollable event: EV_zone_a_not_visible
[INFO] [1789488362.667018005] [robot_1.robot_supervisor]: Triggered uncontrollable event: EV_zone_b_reached
[INFO] [1789488362.687574495] [robot_1.robot_supervisor]: Selected controllable event: EV_search_zone
[INFO] [1789488362.850504451] [robot_1.robot_supervisor]: Selected controllable event: EV_search_zone
[INFO] [1789488362.965681026] [robot_1.robot_supervisor]: Selected controllable event: EV_move_forward
[INFO] [1789488363.263722469] [robot_1.robot_supervisor]: Selected controllable event: EV_move_forward
[INFO] [1789488363.544870272] [robot_1.robot_supervisor]: Triggered uncontrollable event: EV_zone_a_not_visible
[INFO] [1789488363.556353423] [robot_1.robot_supervisor]: Triggered uncontrollable event: EV_zone_b_reached
[INFO] [1789488363.562769293] [robot_1.robot_supervisor]: Selected controllable event: EV_search_zone
[INFO] [1789488363.769383969] [robot_1.robot_supervisor]: Selected controllable event: EV_move_forward
[INFO] [1789488364.071478911] [robot_1.robot_supervisor]: Selected controllable event: EV_move_forward
[INFO] [1789488364.363597073] [robot_1.robot_supervisor]: Triggered uncontrollable event: EV_zone_a_not_visible
[INFO] [1789488364.364281840] [robot_1.robot_supervisor]: Triggered uncontrollable event: EV_zone_b_reached
[INFO] [1789488364.366206966] [robot_1.robot_supervisor]: Selected controllable event: EV_search_zone
[INFO] [1789488364.544953556] [robot_1.robot_supervisor]: Selected controllable event: EV_move_forward
[INFO] [1789488364.764952526] [robot_1.robot_supervisor]: Selected controllable event: EV_search_zone
[INFO] [1789488364.954826689] [robot_1.robot_supervisor]: Selected controllable event: EV_move_forward
[INFO] [1789488365.158004972] [robot_1.robot_supervisor]: Triggered uncontrollable event: EV_zone_a_not_visible
[INFO] [1789488365.158979623] [robot_1.robot_supervisor]: Selected controllable event: EV_move_forward
[INFO] [1789488365.441324778] [robot_1.robot_supervisor]: Triggered uncontrollable event: EV_zone_b_reached
[INFO] [1789488365.442415543] [robot_1.robot_supervisor]: Selected controllable event: EV_search_zone
[INFO] [1789488365.560192202] [robot_1.robot_supervisor]: Selected controllable event: EV_move_forward
[INFO] [1789488365.764038827] [robot_1.robot_supervisor]: Selected controllable event: EV_search_zone
[INFO] [1789488365.958769561] [robot_1.robot_supervisor]: Selected controllable event: EV_move_forward
[INFO] [1789488366.248082642] [robot_1.robot_supervisor]: Triggered uncontrollable event: EV_zone_a_not_visible
[INFO] [1789488366.257497957] [robot_1.robot_supervisor]: Triggered uncontrollable event: EV_zone_b_reached
[INFO] [1789488366.262839975] [robot_1.robot_supervisor]: Selected controllable event: EV_search_zone
[INFO] [1789488366.460458221] [robot_1.robot_supervisor]: Selected controllable event: EV_search_zone
[INFO] [1789488366.670526214] [robot_1.robot_supervisor]: Selected controllable event: EV_search_zone
[INFO] [1789488366.773620428] [robot_1.robot_supervisor]: Selected controllable event: EV_search_zone
[INFO] [1789488366.972571815] [robot_1.robot_supervisor]: Selected controllable event: EV_move_forward
[INFO] [1789488367.265431317] [robot_1.robot_supervisor]: Triggered uncontrollable event: EV_zone_a_not_visible
[INFO] [1789488367.274970564] [robot_1.robot_supervisor]: Triggered uncontrollable event: EV_zone_b_reached
[INFO] [1789488367.275898591] [robot_1.robot_supervisor]: Selected controllable event: EV_move_forward
[INFO] [1789488367.561475285] [robot_1.robot_supervisor]: Selected controllable event: EV_search_zone
[INFO] [1789488367.669295617] [robot_1.robot_supervisor]: Selected controllable event: EV_move_forward
[INFO] [1789488367.964927473] [robot_1.robot_supervisor]: Triggered uncontrollable event: EV_zone_a_not_visible
[INFO] [1789488367.965701663] [robot_1.robot_supervisor]: Triggered uncontrollable event: EV_zone_b_reached
[INFO] [1789488367.966674476] [robot_1.robot_supervisor]: Selected controllable event: EV_move_forward
[INFO] [1789488368.265712173] [robot_1.robot_supervisor]: Selected controllable event: EV_move_forward
[INFO] [1789488368.567694763] [robot_1.robot_supervisor]: Selected controllable event: EV_move_forward
[INFO] [1789488368.850368921] [robot_1.robot_supervisor]: Triggered uncontrollable event: EV_zone_a_not_visible
[INFO] [1789488368.864723121] [robot_1.robot_supervisor]: Selected controllable event: EV_search_zone
[INFO] [1789488369.060966372] [robot_1.robot_supervisor]: Triggered uncontrollable event: EV_zone_b_reached
[INFO] [1789488369.061976581] [robot_1.robot_supervisor]: Selected controllable event: EV_move_forward
[INFO] [1789488369.266401588] [robot_1.robot_supervisor]: Selected controllable event: EV_search_zone
[INFO] [1789488369.461287864] [robot_1.robot_supervisor]: Selected controllable event: EV_search_zone
[INFO] [1789488369.572695686] [robot_1.robot_supervisor]: Selected controllable event: EV_search_zone
[INFO] [1789488369.763870976] [robot_1.robot_supervisor]: Triggered uncontrollable event: EV_zone_a_not_visible
[INFO] [1789488369.764724968] [robot_1.robot_supervisor]: Triggered uncontrollable event: EV_zone_b_reached
[INFO] [1789488369.781006032] [robot_1.robot_supervisor]: Selected controllable event: EV_move_forward
[INFO] [1789488370.046579487] [robot_1.robot_supervisor]: Selected controllable event: EV_move_forward
[INFO] [1789488370.346422257] [robot_1.robot_supervisor]: Selected controllable event: EV_search_zone
[INFO] [1789488370.474833746] [robot_1.robot_supervisor]: Selected controllable event: EV_search_zone
[INFO] [1789488370.651312898] [robot_1.robot_supervisor]: Triggered uncontrollable event: EV_zone_a_not_visible
[INFO] [1789488370.660731582] [robot_1.robot_supervisor]: Triggered uncontrollable event: EV_zone_b_reached
[INFO] [1789488370.661670177] [robot_1.robot_supervisor]: Selected controllable event: EV_search_zone
[INFO] [1789488370.854784113] [robot_1.robot_supervisor]: Selected controllable event: EV_move_forward
[INFO] [1789488371.159079135] [robot_1.robot_supervisor]: Selected controllable event: EV_move_forward
[INFO] [1789488371.449822633] [robot_1.robot_supervisor]: Triggered uncontrollable event: EV_zone_a_not_visible
[INFO] [1789488371.452974155] [robot_1.robot_supervisor]: Triggered uncontrollable event: EV_zone_b_reached
[INFO] [1789488371.459625371] [robot_1.robot_supervisor]: Selected controllable event: EV_move_forward
[INFO] [1789488371.759174754] [robot_1.robot_supervisor]: Selected controllable event: EV_move_forward
[INFO] [1789488372.057160539] [robot_1.robot_supervisor]: Selected controllable event: EV_search_zone
[INFO] [1789488372.175340221] [robot_1.robot_supervisor]: Selected controllable event: EV_move_forward
[INFO] [1789488372.458682436] [robot_1.robot_supervisor]: Triggered uncontrollable event: EV_zone_a_not_visible
[INFO] [1789488372.459556007] [robot_1.robot_supervisor]: Triggered uncontrollable event: EV_zone_b_reached
[INFO] [1789488372.460586565] [robot_1.robot_supervisor]: Selected controllable event: EV_search_zone
[INFO] [1789488372.681516481] [robot_1.robot_supervisor]: Selected controllable event: EV_search_zone
[INFO] [1789488372.860703542] [robot_1.robot_supervisor]: Selected controllable event: EV_search_zone
[INFO] [1789488372.984360377] [robot_1.robot_supervisor]: Selected controllable event: EV_search_zone
[INFO] [1789488373.159567593] [robot_1.robot_supervisor]: Selected controllable event: EV_search_zone
[INFO] [1789488373.363039682] [robot_1.robot_supervisor]: Triggered uncontrollable event: EV_zone_a_not_visible
[INFO] [1789488373.367842303] [robot_1.robot_supervisor]: Triggered uncontrollable event: EV_zone_b_reached
[INFO] [1789488373.384492125] [robot_1.robot_supervisor]: Selected controllable event: EV_move_forward
[INFO] [1789488373.666277669] [robot_1.robot_supervisor]: Selected controllable event: EV_move_forward
[INFO] [1789488373.974311334] [robot_1.robot_supervisor]: Selected controllable event: EV_move_forward
[INFO] [1789488374.271701712] [robot_1.robot_supervisor]: Triggered uncontrollable event: EV_zone_a_not_visible
[INFO] [1789488374.295779283] [robot_1.robot_supervisor]: Selected controllable event: EV_search_zone
[INFO] [1789488374.475238324] [robot_1.robot_supervisor]: Triggered uncontrollable event: EV_zone_b_reached
[INFO] [1789488374.496414785] [robot_1.robot_supervisor]: Selected controllable event: EV_search_zone
[INFO] [1789488374.667712289] [robot_1.robot_supervisor]: Selected controllable event: EV_search_zone
[INFO] [1789488374.847498650] [robot_1.robot_supervisor]: Selected controllable event: EV_search_zone
[INFO] [1789488375.048352709] [robot_1.robot_supervisor]: Selected controllable event: EV_move_forward
[INFO] [1789488375.349202261] [robot_1.robot_supervisor]: Triggered uncontrollable event: EV_zone_a_not_visible
[INFO] [1789488375.350068575] [robot_1.robot_supervisor]: Triggered uncontrollable event: EV_zone_b_reached
[INFO] [1789488375.374053263] [robot_1.robot_supervisor]: Selected controllable event: EV_move_forward
[INFO] [1789488375.668942136] [robot_1.robot_supervisor]: Selected controllable event: EV_move_forward
[INFO] [1789488375.940185076] [robot_1.robot_supervisor]: Selected controllable event: EV_search_zone
[INFO] [1789488376.147034817] [robot_1.robot_supervisor]: Selected controllable event: EV_move_forward
[INFO] [1789488376.351811059] [robot_1.robot_supervisor]: Triggered uncontrollable event: EV_zone_a_visible
[INFO] [1789488376.352598118] [robot_1.robot_supervisor]: Triggered uncontrollable event: EV_zone_b_reached
[INFO] [1789488376.353488080] [robot_1.robot_supervisor]: Selected controllable event: EV_move_forward
[INFO] [1789488376.650808383] [robot_1.robot_supervisor]: Selected controllable event: EV_approach_zone
[INFO] [1789488376.944310421] [robot_1.robot_supervisor]: Selected controllable event: EV_move_forward
[INFO] [1789488377.245501677] [robot_1.robot_supervisor]: Triggered uncontrollable event: EV_zone_a_visible
[INFO] [1789488377.246211233] [robot_1.robot_supervisor]: Triggered uncontrollable event: EV_zone_b_reached
[INFO] [1789488377.264931543] [robot_1.robot_supervisor]: Selected controllable event: EV_approach_zone
[INFO] [1789488377.571226869] [robot_1.robot_supervisor]: Selected controllable event: EV_move_forward
[INFO] [1789488377.775788118] [robot_1.robot_supervisor]: Selected controllable event: EV_approach_zone
[INFO] [1789488377.982748016] [robot_1.robot_supervisor]: Triggered uncontrollable event: EV_zone_a_visible
[INFO] [1789488377.983434975] [robot_1.robot_supervisor]: Triggered uncontrollable event: EV_zone_b_reached
[INFO] [1789488378.002148157] [robot_1.robot_supervisor]: Selected controllable event: EV_move_forward
[INFO] [1789488378.247202537] [robot_1.robot_supervisor]: Selected controllable event: EV_move_forward
[INFO] [1789488378.461110942] [robot_1.robot_supervisor]: Selected controllable event: EV_approach_zone
[INFO] [1789488378.663873462] [robot_1.robot_supervisor]: Selected controllable event: EV_move_forward
[INFO] [1789488378.957375199] [robot_1.robot_supervisor]: Triggered uncontrollable event: EV_zone_a_visible
[INFO] [1789488378.958038545] [robot_1.robot_supervisor]: Triggered uncontrollable event: EV_zone_b_reached
[INFO] [1789488378.974616274] [robot_1.robot_supervisor]: Selected controllable event: EV_move_forward
[INFO] [1789488379.264821281] [robot_1.robot_supervisor]: Selected controllable event: EV_approach_zone
[INFO] [1789488379.556219663] [robot_1.robot_supervisor]: Selected controllable event: EV_approach_zone
[INFO] [1789488379.770973058] [robot_1.robot_supervisor]: Triggered uncontrollable event: EV_zone_a_visible
[INFO] [1789488379.798139045] [robot_1.robot_supervisor]: Selected controllable event: EV_move_forward
[INFO] [1789488380.072503315] [robot_1.robot_supervisor]: Triggered uncontrollable event: EV_zone_b_reached
[INFO] [1789488380.073377722] [robot_1.robot_supervisor]: Selected controllable event: EV_move_forward
[INFO] [1789488380.341764218] [robot_1.robot_supervisor]: Selected controllable event: EV_approach_zone
[INFO] [1789488380.562123943] [robot_1.robot_supervisor]: Triggered uncontrollable event: EV_zone_a_visible
[INFO] [1789488380.562848965] [robot_1.robot_supervisor]: Triggered uncontrollable event: EV_zone_b_reached
[INFO] [1789488380.563818605] [robot_1.robot_supervisor]: Selected controllable event: EV_approach_zone
[INFO] [1789488380.852315741] [robot_1.robot_supervisor]: Selected controllable event: EV_approach_zone
[INFO] [1789488381.177598398] [robot_1.robot_supervisor]: Selected controllable event: EV_move_forward
[INFO] [1789488381.457588212] [robot_1.robot_supervisor]: Triggered uncontrollable event: EV_zone_a_visible
[INFO] [1789488381.458476894] [robot_1.robot_supervisor]: Triggered uncontrollable event: EV_zone_b_reached
[INFO] [1789488381.459423483] [robot_1.robot_supervisor]: Selected controllable event: EV_approach_zone
[INFO] [1789488381.757525581] [robot_1.robot_supervisor]: Selected controllable event: EV_approach_zone
[INFO] [1789488382.043710370] [robot_1.robot_supervisor]: Selected controllable event: EV_approach_zone
[INFO] [1789488382.259701993] [robot_1.robot_supervisor]: Triggered uncontrollable event: EV_zone_a_visible
[INFO] [1789488382.260426144] [robot_1.robot_supervisor]: Triggered uncontrollable event: EV_zone_b_reached
[INFO] [1789488382.261294209] [robot_1.robot_supervisor]: Selected controllable event: EV_move_forward
[INFO] [1789488382.544113185] [robot_1.robot_supervisor]: Selected controllable event: EV_move_forward
[INFO] [1789488382.762536241] [robot_1.robot_supervisor]: Selected controllable event: EV_approach_zone
[INFO] [1789488383.074735298] [robot_1.robot_supervisor]: Triggered uncontrollable event: EV_zone_a_visible
[INFO] [1789488383.084243337] [robot_1.robot_supervisor]: Selected controllable event: EV_move_forward
[INFO] [1789488383.359922541] [robot_1.robot_supervisor]: Triggered uncontrollable event: EV_zone_b_reached
[INFO] [1789488383.367916092] [robot_1.robot_supervisor]: Selected controllable event: EV_approach_zone
[INFO] [1789488383.644689182] [robot_1.robot_supervisor]: Selected controllable event: EV_move_forward
[INFO] [1789488383.847819837] [robot_1.robot_supervisor]: Triggered uncontrollable event: EV_obstacle_left
[INFO] [1789488383.860531937] [robot_1.robot_supervisor]: Selected controllable event: EV_rotate_clockwise
[INFO] [1789488384.045963506] [robot_1.robot_supervisor]: Triggered uncontrollable event: EV_zone_a_visible
[INFO] [1789488384.046688249] [robot_1.robot_supervisor]: Triggered uncontrollable event: EV_obstacle_left
[INFO] [1789488384.057091083] [robot_1.robot_supervisor]: Triggered uncontrollable event: EV_zone_b_not_visible
[INFO] [1789488384.063394913] [robot_1.robot_supervisor]: Selected controllable event: EV_u_turn
[INFO] [1789488384.072618484] [robot_1.robot_supervisor]: Starting FULL ROTATE (omega=1.000, have_odom=True, target_rad=3.142, timeout_s=3.500)
[INFO] [1789488387.645804173] [robot_1.robot_supervisor]: FULL ROTATE completed by timeout
[INFO] [1789488387.960398421] [robot_1.robot_supervisor]: Triggered uncontrollable event: EV_zone_a_visible
[INFO] [1789488387.961134580] [robot_1.robot_supervisor]: Triggered uncontrollable event: EV_obstacle_right
[INFO] [1789488387.961891886] [robot_1.robot_supervisor]: Triggered uncontrollable event: EV_zone_b_not_visible
[INFO] [1789488387.962738508] [robot_1.robot_supervisor]: Selected controllable event: EV_u_turn
[INFO] [1789488388.058736788] [robot_1.robot_supervisor]: Triggered uncontrollable event: EV_obstacle_right
[INFO] [1789488388.059597373] [robot_1.robot_supervisor]: Selected controllable event: EV_u_turn
[INFO] [1789488388.157117694] [robot_1.robot_supervisor]: Triggered uncontrollable event: EV_obstacle_right
[INFO] [1789488388.158111278] [robot_1.robot_supervisor]: Selected controllable event: EV_u_turn
[INFO] [1789488388.272687012] [robot_1.robot_supervisor]: Triggered uncontrollable event: EV_obstacle_right
[INFO] [1789488388.273637562] [robot_1.robot_supervisor]: Selected controllable event: EV_u_turn
[INFO] [1789488388.340305180] [robot_1.robot_supervisor]: Triggered uncontrollable event: EV_zone_a_visible
[INFO] [1789488388.366377033] [robot_1.robot_supervisor]: Triggered uncontrollable event: EV_obstacle_right
[INFO] [1789488388.372355996] [robot_1.robot_supervisor]: Selected controllable event: EV_u_turn
[INFO] [1789488388.442356916] [robot_1.robot_supervisor]: Triggered uncontrollable event: EV_obstacle_right
[INFO] [1789488388.448798282] [robot_1.robot_supervisor]: Triggered uncontrollable event: EV_zone_b_not_visible
[INFO] [1789488388.462722920] [robot_1.robot_supervisor]: Selected controllable event: EV_rotate_counterclockwise
[WARN] [1789488388.467969823] [robot_1.robot_supervisor]: no translation for 4.8s livelock detected; starting atomic escape (turn_sign=+1)
[INFO] [1789488391.043908599] [robot_1.robot_supervisor]: Zone-livelock escape completed
[INFO] [1789488391.242185554] [robot_1.robot_supervisor]: Triggered uncontrollable event: EV_zone_a_not_visible
[INFO] [1789488391.246402099] [robot_1.robot_supervisor]: Triggered uncontrollable event: EV_zone_b_reached
[INFO] [1789488391.259865826] [robot_1.robot_supervisor]: Selected controllable event: EV_search_zone
[INFO] [1789488391.465037142] [robot_1.robot_supervisor]: Selected controllable event: EV_move_forward
[INFO] [1789488391.755150176] [robot_1.robot_supervisor]: Selected controllable event: EV_move_forward
[INFO] [1789488392.058596051] [robot_1.robot_supervisor]: Triggered uncontrollable event: EV_zone_a_not_visible
[INFO] [1789488392.059446404] [robot_1.robot_supervisor]: Triggered uncontrollable event: EV_zone_b_reached
[INFO] [1789488392.086592595] [robot_1.robot_supervisor]: Selected controllable event: EV_search_zone
[INFO] [1789488392.240176943] [robot_1.robot_supervisor]: Selected controllable event: EV_search_zone
[INFO] [1789488392.349663255] [robot_1.robot_supervisor]: Selected controllable event: EV_search_zone
[INFO] [1789488392.553983462] [robot_1.robot_supervisor]: Selected controllable event: EV_search_zone
[INFO] [1789488392.660977300] [robot_1.robot_supervisor]: Selected controllable event: EV_search_zone
[INFO] [1789488392.857919663] [robot_1.robot_supervisor]: Selected controllable event: EV_search_zone
[INFO] [1789488393.052396636] [robot_1.robot_supervisor]: Triggered uncontrollable event: EV_zone_a_not_visible
[INFO] [1789488393.063161368] [robot_1.robot_supervisor]: Triggered uncontrollable event: EV_zone_b_reached
[INFO] [1789488393.072761272] [robot_1.robot_supervisor]: Selected controllable event: EV_move_forward
[INFO] [1789488393.373732639] [robot_1.robot_supervisor]: Selected controllable event: EV_search_zone
[INFO] [1789488393.577505925] [robot_1.robot_supervisor]: Selected controllable event: EV_search_zone
[INFO] [1789488393.704691075] [robot_1.robot_supervisor]: Selected controllable event: EV_search_zone
[INFO] [1789488393.871658773] [robot_1.robot_supervisor]: Triggered uncontrollable event: EV_zone_a_not_visible
[INFO] [1789488393.880662465] [robot_1.robot_supervisor]: Triggered uncontrollable event: EV_zone_b_reached
[INFO] [1789488393.888070692] [robot_1.robot_supervisor]: Selected controllable event: EV_move_forward
[INFO] [1789488394.170896346] [robot_1.robot_supervisor]: Selected controllable event: EV_search_zone
[INFO] [1789488394.371590539] [robot_1.robot_supervisor]: Selected controllable event: EV_search_zone
[INFO] [1789488394.575584422] [robot_1.robot_supervisor]: Selected controllable event: EV_search_zone
[INFO] [1789488394.775526580] [robot_1.robot_supervisor]: Triggered uncontrollable event: EV_zone_a_not_visible
[INFO] [1789488394.776690253] [robot_1.robot_supervisor]: Selected controllable event: EV_search_zone
[INFO] [1789488394.940623679] [robot_1.robot_supervisor]: Triggered uncontrollable event: EV_zone_b_reached
[INFO] [1789488394.941553330] [robot_1.robot_supervisor]: Selected controllable event: EV_move_forward
[INFO] [1789488395.149720286] [robot_1.robot_supervisor]: Selected controllable event: EV_move_forward
[INFO] [1789488395.357799776] [robot_1.robot_supervisor]: Selected controllable event: EV_move_forward
[INFO] [1789488395.586265645] [robot_1.robot_supervisor]: Selected controllable event: EV_move_forward
[INFO] [1789488395.855628643] [robot_1.robot_supervisor]: Triggered uncontrollable event: EV_zone_a_not_visible
[INFO] [1789488395.856437063] [robot_1.robot_supervisor]: Triggered uncontrollable event: EV_obstacle_right
[INFO] [1789488395.867291140] [robot_1.robot_supervisor]: Triggered uncontrollable event: EV_zone_b_reached
[INFO] [1789488395.876911282] [robot_1.robot_supervisor]: Selected controllable event: EV_rotate_counterclockwise
[INFO] [1789488396.053639159] [robot_1.robot_supervisor]: Triggered uncontrollable event: EV_obstacle_right
[INFO] [1789488396.059534812] [robot_1.robot_supervisor]: Selected controllable event: EV_u_turn
[INFO] [1789488396.067667327] [robot_1.robot_supervisor]: Starting FULL ROTATE (omega=1.000, have_odom=True, target_rad=3.142, timeout_s=3.500)
[INFO] [1789488399.566835573] [robot_1.robot_supervisor]: FULL ROTATE completed by timeout
[INFO] [1789488399.852264938] [robot_1.robot_supervisor]: Triggered uncontrollable event: EV_zone_a_not_visible
[INFO] [1789488399.853016698] [robot_1.robot_supervisor]: Triggered uncontrollable event: EV_zone_b_not_visible
[INFO] [1789488399.870118261] [robot_1.robot_supervisor]: Selected controllable event: EV_move_forward
[INFO] [1789488400.151620572] [robot_1.robot_supervisor]: Selected controllable event: EV_move_forward
[INFO] [1789488400.372115344] [robot_1.robot_supervisor]: Selected controllable event: EV_search_zone
[INFO] [1789488400.557813354] [robot_1.robot_supervisor]: Triggered uncontrollable event: EV_zone_a_not_visible
[INFO] [1789488400.566318719] [robot_1.robot_supervisor]: Triggered uncontrollable event: EV_zone_b_not_visible
[INFO] [1789488400.569760582] [robot_1.robot_supervisor]: Selected controllable event: EV_search_zone
[INFO] [1789488400.760840616] [robot_1.robot_supervisor]: Selected controllable event: EV_move_forward
[INFO] [1789488401.053178419] [robot_1.robot_supervisor]: Selected controllable event: EV_search_zone
[INFO] [1789488401.179288687] [robot_1.robot_supervisor]: Selected controllable event: EV_move_forward
[INFO] [1789488401.453946341] [robot_1.robot_supervisor]: Triggered uncontrollable event: EV_zone_a_not_visible
[INFO] [1789488401.459615081] [robot_1.robot_supervisor]: Triggered uncontrollable event: EV_zone_b_reached
[INFO] [1789488401.467996692] [robot_1.robot_supervisor]: Selected controllable event: EV_move_forward
[INFO] [1789488401.743702142] [robot_1.robot_supervisor]: Selected controllable event: EV_search_zone
[INFO] [1789488401.877282004] [robot_1.robot_supervisor]: Selected controllable event: EV_move_forward
[INFO] [1789488402.156504607] [robot_1.robot_supervisor]: Selected controllable event: EV_search_zone
[INFO] [1789488402.360355633] [robot_1.robot_supervisor]: Triggered uncontrollable event: EV_zone_a_not_visible
[INFO] [1789488402.366021320] [robot_1.robot_supervisor]: Triggered uncontrollable event: EV_zone_b_reached
[INFO] [1789488402.377639482] [robot_1.robot_supervisor]: Selected controllable event: EV_move_forward
[INFO] [1789488402.654678283] [robot_1.robot_supervisor]: Selected controllable event: EV_move_forward
[INFO] [1789488402.964822988] [robot_1.robot_supervisor]: Selected controllable event: EV_move_forward
[INFO] [1789488403.237141635] [robot_1.robot_supervisor]: Triggered uncontrollable event: EV_zone_a_not_visible
[INFO] [1789488403.253043134] [robot_1.robot_supervisor]: Selected controllable event: EV_search_zone
[INFO] [1789488403.450108867] [robot_1.robot_supervisor]: Triggered uncontrollable event: EV_zone_b_reached
[INFO] [1789488403.459421690] [robot_1.robot_supervisor]: Selected controllable event: EV_move_forward
[INFO] [1789488403.764772266] [robot_1.robot_supervisor]: Selected controllable event: EV_move_forward
[INFO] [1789488404.074393278] [robot_1.robot_supervisor]: Selected controllable event: EV_move_forward
[INFO] [1789488404.350636187] [robot_1.robot_supervisor]: Triggered uncontrollable event: EV_zone_a_not_visible
[INFO] [1789488404.351399272] [robot_1.robot_supervisor]: Triggered uncontrollable event: EV_zone_b_reached
[INFO] [1789488404.368598378] [robot_1.robot_supervisor]: Selected controllable event: EV_search_zone
[INFO] [1789488404.559823957] [robot_1.robot_supervisor]: Selected controllable event: EV_move_forward
[INFO] [1789488404.882045135] [robot_1.robot_supervisor]: Selected controllable event: EV_search_zone
[INFO] [1789488405.061911310] [robot_1.robot_supervisor]: Triggered uncontrollable event: EV_zone_a_not_visible
[INFO] [1789488405.063003865] [robot_1.robot_supervisor]: Selected controllable event: EV_move_forward
[INFO] [1789488405.351554655] [robot_1.robot_supervisor]: Triggered uncontrollable event: EV_zone_b_reached
[INFO] [1789488405.352530454] [robot_1.robot_supervisor]: Selected controllable event: EV_search_zone
[INFO] [1789488405.577849852] [robot_1.robot_supervisor]: Selected controllable event: EV_move_forward
[INFO] [1789488405.835234803] [robot_1.robot_supervisor]: Selected controllable event: EV_move_forward
[INFO] [1789488406.049702175] [robot_1.robot_supervisor]: Selected controllable event: EV_search_zone
[INFO] [1789488406.151303394] [robot_1.robot_supervisor]: Selected controllable event: EV_move_forward
[INFO] [1789488406.478261995] [robot_1.robot_supervisor]: Triggered uncontrollable event: EV_zone_a_not_visible
[INFO] [1789488406.483043310] [robot_1.robot_supervisor]: Triggered uncontrollable event: EV_zone_b_reached
[INFO] [1789488406.490653018] [robot_1.robot_supervisor]: Selected controllable event: EV_search_zone
[INFO] [1789488406.670923572] [robot_1.robot_supervisor]: Selected controllable event: EV_move_forward
[INFO] [1789488406.948353273] [robot_1.robot_supervisor]: Selected controllable event: EV_search_zone
[INFO] [1789488407.072645359] [robot_1.robot_supervisor]: Selected controllable event: EV_search_zone
[INFO] [1789488407.263969713] [robot_1.robot_supervisor]: Triggered uncontrollable event: EV_zone_a_not_visible
[INFO] [1789488407.271905819] [robot_1.robot_supervisor]: Triggered uncontrollable event: EV_zone_b_reached
[INFO] [1789488407.287760033] [robot_1.robot_supervisor]: Selected controllable event: EV_search_zone
[INFO] [1789488407.439325579] [robot_1.robot_supervisor]: Selected controllable event: EV_search_zone
[INFO] [1789488407.556127921] [robot_1.robot_supervisor]: Selected controllable event: EV_move_forward
[INFO] [1789488407.768207089] [robot_1.robot_supervisor]: Selected controllable event: EV_move_forward
[INFO] [1789488408.067549305] [robot_1.robot_supervisor]: Selected controllable event: EV_search_zone
[INFO] [1789488408.254082320] [robot_1.robot_supervisor]: Triggered uncontrollable event: EV_zone_a_not_visible
[INFO] [1789488408.257295023] [robot_1.robot_supervisor]: Triggered uncontrollable event: EV_zone_b_reached
[INFO] [1789488408.262698693] [robot_1.robot_supervisor]: Selected controllable event: EV_search_zone
[INFO] [1789488408.445542415] [robot_1.robot_supervisor]: Selected controllable event: EV_search_zone
[INFO] [1789488408.556251916] [robot_1.robot_supervisor]: Selected controllable event: EV_move_forward
[INFO] [1789488408.777431999] [robot_1.robot_supervisor]: Selected controllable event: EV_move_forward
[INFO] [1789488409.057351791] [robot_1.robot_supervisor]: Selected controllable event: EV_move_forward
[INFO] [1789488409.266694874] [robot_1.robot_supervisor]: Triggered uncontrollable event: EV_zone_a_not_visible
[INFO] [1789488409.272242865] [robot_1.robot_supervisor]: Triggered uncontrollable event: EV_zone_b_reached
[INFO] [1789488409.274330180] [robot_1.robot_supervisor]: Selected controllable event: EV_search_zone
[INFO] [1789488409.447922116] [robot_1.robot_supervisor]: Selected controllable event: EV_move_forward
[INFO] [1789488409.777844469] [robot_1.robot_supervisor]: Selected controllable event: EV_search_zone
[INFO] [1789488409.954025722] [robot_1.robot_supervisor]: Selected controllable event: EV_search_zone
[INFO] [1789488410.166352338] [robot_1.robot_supervisor]: Triggered uncontrollable event: EV_zone_a_not_visible
[INFO] [1789488410.166990121] [robot_1.robot_supervisor]: Triggered uncontrollable event: EV_zone_b_not_visible
[INFO] [1789488410.180731439] [robot_1.robot_supervisor]: Selected controllable event: EV_search_zone
[INFO] [1789488410.372550132] [robot_1.robot_supervisor]: Selected controllable event: EV_search_zone
[INFO] [1789488410.544927822] [robot_1.robot_supervisor]: Selected controllable event: EV_search_zone
[INFO] [1789488410.653858214] [robot_1.robot_supervisor]: Selected controllable event: EV_move_forward
[INFO] [1789488410.868750702] [robot_1.robot_supervisor]: Selected controllable event: EV_search_zone
[INFO] [1789488411.044581583] [robot_1.robot_supervisor]: Triggered uncontrollable event: EV_zone_a_not_visible
[INFO] [1789488411.051050395] [robot_1.robot_supervisor]: Triggered uncontrollable event: EV_zone_b_not_visible
[INFO] [1789488411.061578879] [robot_1.robot_supervisor]: Selected controllable event: EV_move_forward
[INFO] [1789488411.272556332] [robot_1.robot_supervisor]: Selected controllable event: EV_search_zone
[INFO] [1789488411.454470762] [robot_1.robot_supervisor]: Selected controllable event: EV_search_zone
[INFO] [1789488411.664376186] [robot_1.robot_supervisor]: Selected controllable event: EV_search_zone
[INFO] [1789488411.849970519] [robot_1.robot_supervisor]: Selected controllable event: EV_move_forward
[INFO] [1789488412.164997137] [robot_1.robot_supervisor]: Triggered uncontrollable event: EV_zone_a_not_visible
[INFO] [1789488412.165866230] [robot_1.robot_supervisor]: Triggered uncontrollable event: EV_zone_b_not_visible
[INFO] [1789488412.166709510] [robot_1.robot_supervisor]: Selected controllable event: EV_move_forward
[INFO] [1789488412.450896747] [robot_1.robot_supervisor]: Selected controllable event: EV_search_zone
[INFO] [1789488412.663603030] [robot_1.robot_supervisor]: Selected controllable event: EV_move_forward
[INFO] [1789488412.865009316] [robot_1.robot_supervisor]: Selected controllable event: EV_move_forward
[INFO] [1789488413.153054398] [robot_1.robot_supervisor]: Triggered uncontrollable event: EV_zone_a_not_visible
[INFO] [1789488413.157073139] [robot_1.robot_supervisor]: Triggered uncontrollable event: EV_zone_b_not_visible
[INFO] [1789488413.168384090] [robot_1.robot_supervisor]: Selected controllable event: EV_search_zone
[INFO] [1789488413.353874414] [robot_1.robot_supervisor]: Selected controllable event: EV_move_forward
[INFO] [1789488413.653880620] [robot_1.robot_supervisor]: Selected controllable event: EV_search_zone
[INFO] [1789488413.773288683] [robot_1.robot_supervisor]: Triggered uncontrollable event: EV_zone_a_not_visible
[INFO] [1789488413.787104572] [robot_1.robot_supervisor]: Selected controllable event: EV_search_zone
[INFO] [1789488413.955184724] [robot_1.robot_supervisor]: Triggered uncontrollable event: EV_zone_b_not_visible
[INFO] [1789488413.956154252] [robot_1.robot_supervisor]: Selected controllable event: EV_search_zone
[INFO] [1789488414.159698996] [robot_1.robot_supervisor]: Selected controllable event: EV_move_forward
[INFO] [1789488414.468315148] [robot_1.robot_supervisor]: Selected controllable event: EV_search_zone
[INFO] [1789488414.663727964] [robot_1.robot_supervisor]: Triggered uncontrollable event: EV_zone_a_not_visible
[INFO] [1789488414.664431826] [robot_1.robot_supervisor]: Triggered uncontrollable event: EV_zone_b_not_visible
[INFO] [1789488414.681344438] [robot_1.robot_supervisor]: Selected controllable event: EV_move_forward
[INFO] [1789488414.959044064] [robot_1.robot_supervisor]: Selected controllable event: EV_search_zone
[INFO] [1789488415.154084159] [robot_1.robot_supervisor]: Selected controllable event: EV_move_forward
[INFO] [1789488415.360816255] [robot_1.robot_supervisor]: Triggered uncontrollable event: EV_zone_a_not_visible
[INFO] [1789488415.381972666] [robot_1.robot_supervisor]: Selected controllable event: EV_move_forward
[INFO] [1789488415.656449071] [robot_1.robot_supervisor]: Triggered uncontrollable event: EV_zone_b_not_visible
[INFO] [1789488415.657600575] [robot_1.robot_supervisor]: Selected controllable event: EV_search_zone
[INFO] [1789488415.869342640] [robot_1.robot_supervisor]: Selected controllable event: EV_search_zone
[INFO] [1789488416.054788725] [robot_1.robot_supervisor]: Selected controllable event: EV_search_zone
[INFO] [1789488416.259737551] [robot_1.robot_supervisor]: Selected controllable event: EV_search_zone
[INFO] [1789488416.378682704] [robot_1.robot_supervisor]: Triggered uncontrollable event: EV_zone_a_not_visible
[INFO] [1789488416.379586552] [robot_1.robot_supervisor]: Selected controllable event: EV_move_forward
[INFO] [1789488416.644428080] [robot_1.robot_supervisor]: Triggered uncontrollable event: EV_zone_b_not_visible
[INFO] [1789488416.657747523] [robot_1.robot_supervisor]: Selected controllable event: EV_move_forward
[INFO] [1789488416.868093660] [robot_1.robot_supervisor]: Selected controllable event: EV_search_zone
[INFO] [1789488417.048793551] [robot_1.robot_supervisor]: Selected controllable event: EV_search_zone
[INFO] [1789488417.265297538] [robot_1.robot_supervisor]: Selected controllable event: EV_search_zone
[INFO] [1789488417.455130653] [robot_1.robot_supervisor]: Triggered uncontrollable event: EV_zone_a_not_visible
[INFO] [1789488417.455896362] [robot_1.robot_supervisor]: Triggered uncontrollable event: EV_zone_b_not_visible
[INFO] [1789488417.456870050] [robot_1.robot_supervisor]: Selected controllable event: EV_search_zone
[INFO] [1789488417.658323996] [robot_1.robot_supervisor]: Selected controllable event: EV_move_forward
[INFO] [1789488417.871578236] [robot_1.robot_supervisor]: Selected controllable event: EV_move_forward
[INFO] [1789488418.135671263] [robot_1.robot_supervisor]: Selected controllable event: EV_move_forward
[INFO] [1789488418.437844005] [robot_1.robot_supervisor]: Triggered uncontrollable event: EV_zone_a_not_visible
[INFO] [1789488418.448217433] [robot_1.robot_supervisor]: Triggered uncontrollable event: EV_zone_b_not_visible
[INFO] [1789488418.449118721] [robot_1.robot_supervisor]: Selected controllable event: EV_move_forward
[INFO] [1789488418.672440818] [robot_1.robot_supervisor]: Selected controllable event: EV_search_zone
[INFO] [1789488418.865367746] [robot_1.robot_supervisor]: Selected controllable event: EV_move_forward
[INFO] [1789488419.160917544] [robot_1.robot_supervisor]: Triggered uncontrollable event: EV_zone_a_visible
[INFO] [1789488419.169873270] [robot_1.robot_supervisor]: Triggered uncontrollable event: EV_zone_b_not_visible
[INFO] [1789488419.177250433] [robot_1.robot_supervisor]: Selected controllable event: EV_approach_zone
[INFO] [1789488419.462269982] [robot_1.robot_supervisor]: Selected controllable event: EV_move_forward
[INFO] [1789488419.746427903] [robot_1.robot_supervisor]: Selected controllable event: EV_move_forward
[INFO] [1789488420.038085142] [robot_1.robot_supervisor]: Triggered uncontrollable event: EV_zone_a_visible
[INFO] [1789488420.038711695] [robot_1.robot_supervisor]: Triggered uncontrollable event: EV_zone_b_not_visible
[INFO] [1789488420.057322898] [robot_1.robot_supervisor]: Selected controllable event: EV_move_forward
[INFO] [1789488420.354503089] [robot_1.robot_supervisor]: Selected controllable event: EV_approach_zone
[INFO] [1789488420.670649496] [robot_1.robot_supervisor]: Selected controllable event: EV_move_forward
[INFO] [1789488420.961115324] [robot_1.robot_supervisor]: Triggered uncontrollable event: EV_zone_a_visible
[INFO] [1789488420.968895274] [robot_1.robot_supervisor]: Triggered uncontrollable event: EV_obstacle_left
[INFO] [1789488420.969571566] [robot_1.robot_supervisor]: Triggered uncontrollable event: EV_zone_b_not_visible
[INFO] [1789488420.981330913] [robot_1.robot_supervisor]: Selected controllable event: EV_u_turn
[INFO] [1789488420.985450139] [robot_1.robot_supervisor]: Starting FULL ROTATE (omega=1.000, have_odom=True, target_rad=3.142, timeout_s=3.500)
[INFO] [1789488424.544194240] [robot_1.robot_supervisor]: FULL ROTATE completed by timeout
[INFO] [1789488424.765898253] [robot_1.robot_supervisor]: Triggered uncontrollable event: EV_zone_a_visible
[INFO] [1789488424.766700455] [robot_1.robot_supervisor]: Triggered uncontrollable event: EV_obstacle_right
[INFO] [1789488424.767435137] [robot_1.robot_supervisor]: Triggered uncontrollable event: EV_zone_b_not_visible
[INFO] [1789488424.788169926] [robot_1.robot_supervisor]: Selected controllable event: EV_rotate_counterclockwise
[WARN] [1789488424.789054993] [robot_1.robot_supervisor]: no translation for 4.1s livelock detected; starting atomic escape (turn_sign=+1)
[INFO] [1789488427.349202521] [robot_1.robot_supervisor]: Zone-livelock escape completed
[INFO] [1789488427.550066763] [robot_1.robot_supervisor]: Triggered uncontrollable event: EV_zone_a_visible
[INFO] [1789488427.550797632] [robot_1.robot_supervisor]: Triggered uncontrollable event: EV_zone_a_not_visible
[INFO] [1789488427.560254382] [robot_1.robot_supervisor]: Triggered uncontrollable event: EV_zone_b_not_visible
[INFO] [1789488427.567006228] [robot_1.robot_supervisor]: Selected controllable event: EV_search_zone
[INFO] [1789488427.779161766] [robot_1.robot_supervisor]: Selected controllable event: EV_search_zone
[INFO] [1789488427.963798398] [robot_1.robot_supervisor]: Triggered uncontrollable event: EV_zone_a_not_visible
[INFO] [1789488427.964777556] [robot_1.robot_supervisor]: Selected controllable event: EV_move_forward
[INFO] [1789488428.261429720] [robot_1.robot_supervisor]: Triggered uncontrollable event: EV_zone_b_not_visible
[INFO] [1789488428.262465059] [robot_1.robot_supervisor]: Selected controllable event: EV_search_zone
[INFO] [1789488428.440790312] [robot_1.robot_supervisor]: Selected controllable event: EV_move_forward
[INFO] [1789488428.646648626] [robot_1.robot_supervisor]: Selected controllable event: EV_move_forward
[INFO] [1789488428.868607054] [robot_1.robot_supervisor]: Triggered uncontrollable event: EV_zone_a_not_visible
[INFO] [1789488428.887783124] [robot_1.robot_supervisor]: Triggered uncontrollable event: EV_zone_b_not_visible
[INFO] [1789488428.888833921] [robot_1.robot_supervisor]: Selected controllable event: EV_move_forward
[INFO] [1789488429.156983051] [robot_1.robot_supervisor]: Selected controllable event: EV_search_zone
[INFO] [1789488429.345936221] [robot_1.robot_supervisor]: Selected controllable event: EV_search_zone
[INFO] [1789488429.459780418] [robot_1.robot_supervisor]: Selected controllable event: EV_search_zone
[INFO] [1789488429.661427544] [robot_1.robot_supervisor]: Triggered uncontrollable event: EV_zone_a_not_visible
[INFO] [1789488429.662148051] [robot_1.robot_supervisor]: Triggered uncontrollable event: EV_zone_b_not_visible
[INFO] [1789488429.666309902] [robot_1.robot_supervisor]: Selected controllable event: EV_move_forward
[INFO] [1789488429.948443156] [robot_1.robot_supervisor]: Selected controllable event: EV_search_zone
[INFO] [1789488430.172933245] [robot_1.robot_supervisor]: Selected controllable event: EV_search_zone
[INFO] [1789488430.362844921] [robot_1.robot_supervisor]: Triggered uncontrollable event: EV_zone_a_not_visible
[INFO] [1789488430.370443490] [robot_1.robot_supervisor]: Selected controllable event: EV_move_forward
[INFO] [1789488430.651480179] [robot_1.robot_supervisor]: Triggered uncontrollable event: EV_zone_b_not_visible
[INFO] [1789488430.665534425] [robot_1.robot_supervisor]: Selected controllable event: EV_search_zone
[INFO] [1789488430.869296319] [robot_1.robot_supervisor]: Selected controllable event: EV_search_zone
[INFO] [1789488431.037208431] [robot_1.robot_supervisor]: Selected controllable event: EV_search_zone
[INFO] [1789488431.139393384] [robot_1.robot_supervisor]: Selected controllable event: EV_search_zone
[INFO] [1789488431.269137732] [robot_1.robot_supervisor]: Triggered uncontrollable event: EV_zone_a_not_visible
[INFO] [1789488431.269848915] [robot_1.robot_supervisor]: Triggered uncontrollable event: EV_zone_b_not_visible
[INFO] [1789488431.270715886] [robot_1.robot_supervisor]: Selected controllable event: EV_move_forward
[INFO] [1789488431.556134676] [robot_1.robot_supervisor]: Selected controllable event: EV_move_forward
[INFO] [1789488431.835021465] [robot_1.robot_supervisor]: Selected controllable event: EV_search_zone
[INFO] [1789488431.956171704] [robot_1.robot_supervisor]: Triggered uncontrollable event: EV_zone_a_not_visible
[INFO] [1789488431.960941665] [robot_1.robot_supervisor]: Selected controllable event: EV_move_forward
[INFO] [1789488432.242842466] [robot_1.robot_supervisor]: Triggered uncontrollable event: EV_zone_b_not_visible
[INFO] [1789488432.257432776] [robot_1.robot_supervisor]: Selected controllable event: EV_move_forward
[INFO] [1789488432.564935236] [robot_1.robot_supervisor]: Selected controllable event: EV_move_forward
[INFO] [1789488432.847151998] [robot_1.robot_supervisor]: Triggered uncontrollable event: EV_zone_a_not_visible
[INFO] [1789488432.849219827] [robot_1.robot_supervisor]: Selected controllable event: EV_move_forward
[INFO] [1789488433.063690720] [robot_1.robot_supervisor]: Triggered uncontrollable event: EV_zone_b_not_visible
[INFO] [1789488433.064585062] [robot_1.robot_supervisor]: Selected controllable event: EV_search_zone
[INFO] [1789488433.244945930] [robot_1.robot_supervisor]: Selected controllable event: EV_search_zone
[INFO] [1789488433.363362400] [robot_1.robot_supervisor]: Selected controllable event: EV_search_zone
[INFO] [1789488433.540157568] [robot_1.robot_supervisor]: Selected controllable event: EV_search_zone
[INFO] [1789488433.661764125] [robot_1.robot_supervisor]: Selected controllable event: EV_search_zone
[INFO] [1789488433.852948081] [robot_1.robot_supervisor]: Triggered uncontrollable event: EV_zone_a_not_visible
[INFO] [1789488433.873877992] [robot_1.robot_supervisor]: Triggered uncontrollable event: EV_zone_b_not_visible
[INFO] [1789488433.874674486] [robot_1.robot_supervisor]: Selected controllable event: EV_search_zone
[INFO] [1789488434.057244301] [robot_1.robot_supervisor]: Selected controllable event: EV_move_forward
[INFO] [1789488434.363387730] [robot_1.robot_supervisor]: Selected controllable event: EV_search_zone
[INFO] [1789488434.473675397] [robot_1.robot_supervisor]: Selected controllable event: EV_move_forward
[INFO] [1789488434.746296467] [robot_1.robot_supervisor]: Triggered uncontrollable event: EV_zone_a_not_visible
[INFO] [1789488434.747106309] [robot_1.robot_supervisor]: Triggered uncontrollable event: EV_obstacle_right
[INFO] [1789488434.768819303] [robot_1.robot_supervisor]: Triggered uncontrollable event: EV_zone_b_not_visible
[INFO] [1789488434.769845909] [robot_1.robot_supervisor]: Selected controllable event: EV_rotate_counterclockwise
[INFO] [1789488434.954242153] [robot_1.robot_supervisor]: Triggered uncontrollable event: EV_obstacle_right
[INFO] [1789488434.955206618] [robot_1.robot_supervisor]: Selected controllable event: EV_u_turn
[INFO] [1789488434.971572847] [robot_1.robot_supervisor]: Starting FULL ROTATE (omega=1.000, have_odom=True, target_rad=3.142, timeout_s=3.500)
[INFO] [1789488438.467562357] [robot_1.robot_supervisor]: FULL ROTATE completed by timeout
[INFO] [1789488438.759010821] [robot_1.robot_supervisor]: Triggered uncontrollable event: EV_zone_a_not_visible
[INFO] [1789488438.759813521] [robot_1.robot_supervisor]: Triggered uncontrollable event: EV_zone_b_not_visible
[INFO] [1789488438.760708288] [robot_1.robot_supervisor]: Selected controllable event: EV_search_zone
[INFO] [1789488438.966053441] [robot_1.robot_supervisor]: Selected controllable event: EV_search_zone
[INFO] [1789488439.152748220] [robot_1.robot_supervisor]: Selected controllable event: EV_search_zone
[INFO] [1789488439.255255387] [robot_1.robot_supervisor]: Triggered uncontrollable event: EV_zone_a_not_visible
[INFO] [1789488439.275166767] [robot_1.robot_supervisor]: Triggered uncontrollable event: EV_zone_b_not_visible
[INFO] [1789488439.276167401] [robot_1.robot_supervisor]: Selected controllable event: EV_move_forward
[INFO] [1789488439.542271835] [robot_1.robot_supervisor]: Selected controllable event: EV_move_forward
[INFO] [1789488439.833125057] [robot_1.robot_supervisor]: Selected controllable event: EV_move_forward
[INFO] [1789488440.065891390] [robot_1.robot_supervisor]: Selected controllable event: EV_search_zone
[INFO] [1789488440.236271677] [robot_1.robot_supervisor]: Triggered uncontrollable event: EV_zone_a_not_visible
[INFO] [1789488440.263004910] [robot_1.robot_supervisor]: Triggered uncontrollable event: EV_zone_b_not_visible
[INFO] [1789488440.263936955] [robot_1.robot_supervisor]: Selected controllable event: EV_search_zone
[INFO] [1789488440.438118253] [robot_1.robot_supervisor]: Selected controllable event: EV_move_forward
[INFO] [1789488440.648730329] [robot_1.robot_supervisor]: Selected controllable event: EV_move_forward
[INFO] [1789488440.967478472] [robot_1.robot_supervisor]: Selected controllable event: EV_move_forward
[INFO] [1789488441.272345726] [robot_1.robot_supervisor]: Triggered uncontrollable event: EV_zone_a_not_visible
[INFO] [1789488441.273199532] [robot_1.robot_supervisor]: Triggered uncontrollable event: EV_obstacle_right
[INFO] [1789488441.273932115] [robot_1.robot_supervisor]: Triggered uncontrollable event: EV_zone_b_not_visible
[INFO] [1789488441.299146434] [robot_1.robot_supervisor]: Selected controllable event: EV_rotate_counterclockwise
[INFO] [1789488441.454150555] [robot_1.robot_supervisor]: Triggered uncontrollable event: EV_obstacle_right
[INFO] [1789488441.455118797] [robot_1.robot_supervisor]: Selected controllable event: EV_rotate_counterclockwise
[INFO] [1789488441.561756869] [robot_1.robot_supervisor]: Triggered uncontrollable event: EV_obstacle_right
[INFO] [1789488441.562793590] [robot_1.robot_supervisor]: Selected controllable event: EV_u_turn
[INFO] [1789488441.563729603] [robot_1.robot_supervisor]: Starting FULL ROTATE (omega=1.000, have_odom=True, target_rad=3.142, timeout_s=3.500)
[INFO] [1789488442.428114584] [robot_1.robot_supervisor]: RECEIVED zone_a; balance=equal
[INFO] [1789488445.144246277] [robot_1.robot_supervisor]: FULL ROTATE completed by timeout
[INFO] [1789488445.465362679] [robot_1.robot_supervisor]: Triggered uncontrollable event: EV_zone_a_not_visible
[INFO] [1789488445.466183826] [robot_1.robot_supervisor]: Triggered uncontrollable event: EV_received_delivered_zone_a
[INFO] [1789488445.466770933] [robot_1.robot_supervisor]: Triggered uncontrollable event: EV_zone_b_not_visible
[INFO] [1789488445.467797983] [robot_1.robot_supervisor]: Selected controllable event: EV_move_forward
[INFO] [1789488445.756214753] [robot_1.robot_supervisor]: Triggered uncontrollable event: EV_zone_a_not_visible
[INFO] [1789488445.757208192] [robot_1.robot_supervisor]: Selected controllable event: EV_move_forward
[INFO] [1789488446.066669747] [robot_1.robot_supervisor]: Triggered uncontrollable event: EV_zone_b_visible
[INFO] [1789488446.067648045] [robot_1.robot_supervisor]: Selected controllable event: EV_move_forward
[INFO] [1789488446.348483385] [robot_1.robot_supervisor]: Selected controllable event: EV_approach_zone
[INFO] [1789488446.578574173] [robot_1.robot_supervisor]: Selected controllable event: EV_move_forward
[INFO] [1789488446.864295422] [robot_1.robot_supervisor]: Triggered uncontrollable event: EV_zone_b_visible
[INFO] [1789488446.867840319] [robot_1.robot_supervisor]: Triggered uncontrollable event: EV_zone_a_not_visible
[INFO] [1789488446.869943766] [robot_1.robot_supervisor]: Selected controllable event: EV_approach_zone
[INFO] [1789488447.152780657] [robot_1.robot_supervisor]: Selected controllable event: EV_approach_zone
[INFO] [1789488447.460651347] [robot_1.robot_supervisor]: Triggered uncontrollable event: EV_zone_b_visible
[INFO] [1789488447.463725657] [robot_1.robot_supervisor]: Triggered uncontrollable event: EV_zone_a_not_visible
[INFO] [1789488447.470350352] [robot_1.robot_supervisor]: Selected controllable event: EV_move_forward
[INFO] [1789488447.749125122] [robot_1.robot_supervisor]: Selected controllable event: EV_approach_zone
[INFO] [1789488448.078927238] [robot_1.robot_supervisor]: Selected controllable event: EV_approach_zone
[INFO] [1789488448.348230974] [robot_1.robot_supervisor]: Triggered uncontrollable event: EV_zone_b_visible
[INFO] [1789488448.348886094] [robot_1.robot_supervisor]: Triggered uncontrollable event: EV_zone_a_not_visible
[INFO] [1789488448.349713790] [robot_1.robot_supervisor]: Selected controllable event: EV_move_forward
[INFO] [1789488448.653005036] [robot_1.robot_supervisor]: Selected controllable event: EV_move_forward
[INFO] [1789488448.864986112] [robot_1.robot_supervisor]: Selected controllable event: EV_approach_zone
[INFO] [1789488449.160550180] [robot_1.robot_supervisor]: Triggered uncontrollable event: EV_zone_b_visible
[INFO] [1789488449.161243884] [robot_1.robot_supervisor]: Triggered uncontrollable event: EV_zone_a_not_visible
[INFO] [1789488449.162061572] [robot_1.robot_supervisor]: Selected controllable event: EV_move_forward
[INFO] [1789488449.451805341] [robot_1.robot_supervisor]: Selected controllable event: EV_approach_zone
[INFO] [1789488449.767842151] [robot_1.robot_supervisor]: Selected controllable event: EV_move_forward
[INFO] [1789488450.041184459] [robot_1.robot_supervisor]: Triggered uncontrollable event: EV_zone_b_visible
[INFO] [1789488450.041821323] [robot_1.robot_supervisor]: Triggered uncontrollable event: EV_zone_a_not_visible
[INFO] [1789488450.042662079] [robot_1.robot_supervisor]: Selected controllable event: EV_approach_zone
[INFO] [1789488450.250489168] [robot_1.robot_supervisor]: Selected controllable event: EV_approach_zone
[INFO] [1789488450.453373437] [robot_1.robot_supervisor]: Selected controllable event: EV_approach_zone
[INFO] [1789488450.666020902] [robot_1.robot_supervisor]: Selected controllable event: EV_approach_zone
[INFO] [1789488450.954575904] [robot_1.robot_supervisor]: Triggered uncontrollable event: EV_zone_b_visible
[INFO] [1789488450.964935234] [robot_1.robot_supervisor]: Triggered uncontrollable event: EV_zone_a_not_visible
[INFO] [1789488450.975229965] [robot_1.robot_supervisor]: Selected controllable event: EV_move_forward
[INFO] [1789488451.248346660] [robot_1.robot_supervisor]: Selected controllable event: EV_move_forward
[INFO] [1789488451.557411505] [robot_1.robot_supervisor]: Selected controllable event: EV_approach_zone
[INFO] [1789488451.849030473] [robot_1.robot_supervisor]: Triggered uncontrollable event: EV_zone_b_visible
[INFO] [1789488451.849712502] [robot_1.robot_supervisor]: Triggered uncontrollable event: EV_zone_a_not_visible
[INFO] [1789488451.863207686] [robot_1.robot_supervisor]: Selected controllable event: EV_move_forward
[INFO] [1789488452.142887488] [robot_1.robot_supervisor]: Selected controllable event: EV_move_forward
[INFO] [1789488452.362524038] [robot_1.robot_supervisor]: Selected controllable event: EV_move_forward
[INFO] [1789488452.669086229] [robot_1.robot_supervisor]: DELIVERED zone_b; balance=zone_b_has_extra
[INFO] [1789488452.674229954] [robot_1.robot_supervisor]: Triggered uncontrollable event: EV_zone_a_not_visible
[INFO] [1789488452.682078415] [robot_1.robot_supervisor]: Triggered uncontrollable event: EV_zone_b_reached
[INFO] [1789488452.685043676] [robot_1.robot_supervisor]: Selected controllable event: EV_drop_zone_b
[INFO] [1789488452.737327692] [robot_1.robot_supervisor]: Delivered cargo 'robot_1_carried_generic_box' removed.
[INFO] [1789488452.758958356] [robot_1.robot_supervisor]: Selected controllable event: EV_search_object
[INFO] [1789488452.953318539] [robot_1.robot_supervisor]: Selected controllable event: EV_search_object
[INFO] [1789488453.145890928] [robot_1.robot_supervisor]: Selected controllable event: EV_publish_delivered_zone_b
[INFO] [1789488453.249220080] [robot_1.robot_supervisor]: Selected controllable event: EV_search_object
[INFO] [1789488453.353211116] [robot_1.robot_supervisor]: ############################# VISIBLE: EV_object_visible #############################
[INFO] [1789488453.353957425] [robot_1.robot_supervisor]: Triggered uncontrollable event: EV_obstacle_front
[INFO] [1789488453.354765282] [robot_1.robot_supervisor]: Selected controllable event: EV_move_backward
[INFO] [1789488453.655183090] [robot_1.robot_supervisor]: Triggered uncontrollable event: EV_obstacle_front
[INFO] [1789488453.662644760] [robot_1.robot_supervisor]: Selected controllable event: EV_move_backward
[INFO] [1789488453.941622040] [robot_1.robot_supervisor]: Selected controllable event: EV_move_forward
[INFO] [1789488454.232287021] [robot_1.robot_supervisor]: ############################# VISIBLE: EV_object_visible #############################
[INFO] [1789488454.258344092] [robot_1.robot_supervisor]: Selected controllable event: EV_move_forward
[INFO] [1789488454.539564044] [robot_1.robot_supervisor]: Selected controllable event: EV_approach_object
[INFO] [1789488454.764197657] [robot_1.robot_supervisor]: ############################# VISIBLE: EV_object_visible #############################
[INFO] [1789488454.764858828] [robot_1.robot_supervisor]: Triggered uncontrollable event: EV_obstacle_left
[INFO] [1789488454.765620581] [robot_1.robot_supervisor]: Selected controllable event: EV_u_turn
[INFO] [1789488454.775603005] [robot_1.robot_supervisor]: Starting FULL ROTATE (omega=1.000, have_odom=True, target_rad=3.142, timeout_s=3.500)
[INFO] [1789488458.335759239] [robot_1.robot_supervisor]: FULL ROTATE completed by timeout
[INFO] [1789488458.541665657] [robot_1.robot_supervisor]: ############################# VISIBLE: EV_object_visible #############################
[INFO] [1789488458.542548639] [robot_1.robot_supervisor]: Selected controllable event: EV_approach_object
[INFO] [1789488458.768079045] [robot_1.robot_supervisor]: ############################# VISIBLE: EV_object_visible #############################
[INFO] [1789488458.773375338] [robot_1.robot_supervisor]: Selected controllable event: EV_approach_object
[INFO] [1789488459.047157463] [robot_1.robot_supervisor]: Selected controllable event: EV_approach_object
[INFO] [1789488459.361619753] [robot_1.robot_supervisor]: Selected controllable event: EV_approach_object
[INFO] [1789488459.659708173] [robot_1.robot_supervisor]: ############################# VISIBLE: EV_object_visible #############################
[INFO] [1789488459.677155180] [robot_1.robot_supervisor]: Selected controllable event: EV_move_forward
[INFO] [1789488459.951941537] [robot_1.robot_supervisor]: Selected controllable event: EV_approach_object
[INFO] [1789488460.260374698] [robot_1.robot_supervisor]: Triggered uncontrollable event: EV_object_not_visible
[INFO] [1789488460.263004045] [robot_1.robot_supervisor]: Selected controllable event: EV_search_object
[INFO] [1789488460.470811463] [robot_1.robot_supervisor]: Selected controllable event: EV_move_forward
[INFO] [1789488460.758586246] [robot_1.robot_supervisor]: Selected controllable event: EV_search_object
[INFO] [1789488460.946815954] [robot_1.robot_supervisor]: Selected controllable event: EV_search_object
[INFO] [1789488461.141791009] [robot_1.robot_supervisor]: Triggered uncontrollable event: EV_object_not_visible
[INFO] [1789488461.145143447] [robot_1.robot_supervisor]: Selected controllable event: EV_move_forward
[INFO] [1789488461.457033966] [robot_1.robot_supervisor]: Selected controllable event: EV_search_object
[INFO] [1789488461.639694943] [robot_1.robot_supervisor]: Selected controllable event: EV_search_object
[INFO] [1789488461.767629314] [robot_1.robot_supervisor]: Selected controllable event: EV_search_object
[INFO] [1789488461.941074670] [robot_1.robot_supervisor]: Triggered uncontrollable event: EV_object_not_visible
[INFO] [1789488461.960537072] [robot_1.robot_supervisor]: Selected controllable event: EV_move_forward
[INFO] [1789488462.239014446] [robot_1.robot_supervisor]: Selected controllable event: EV_move_forward
[INFO] [1789488462.468221350] [robot_1.robot_supervisor]: Selected controllable event: EV_search_object
[INFO] [1789488462.638962731] [robot_1.robot_supervisor]: Selected controllable event: EV_search_object
[INFO] [1789488462.754521723] [robot_1.robot_supervisor]: Selected controllable event: EV_search_object
[INFO] [1789488462.958143219] [robot_1.robot_supervisor]: Triggered uncontrollable event: EV_object_not_visible
[INFO] [1789488462.963221766] [robot_1.robot_supervisor]: Selected controllable event: EV_search_object
[INFO] [1789488463.136657769] [robot_1.robot_supervisor]: Selected controllable event: EV_move_forward
[INFO] [1789488463.475411162] [robot_1.robot_supervisor]: Selected controllable event: EV_search_object
[INFO] [1789488463.668422711] [robot_1.robot_supervisor]: Triggered uncontrollable event: EV_obstacle_right
[INFO] [1789488463.669410602] [robot_1.robot_supervisor]: Selected controllable event: EV_rotate_counterclockwise
[INFO] [1789488463.865783286] [robot_1.robot_supervisor]: Triggered uncontrollable event: EV_obstacle_right
[INFO] [1789488463.881986682] [robot_1.robot_supervisor]: Triggered uncontrollable event: EV_object_not_visible
[INFO] [1789488463.883090807] [robot_1.robot_supervisor]: Selected controllable event: EV_u_turn
[INFO] [1789488463.895277745] [robot_1.robot_supervisor]: Starting FULL ROTATE (omega=1.000, have_odom=True, target_rad=3.142, timeout_s=3.500)
[INFO] [1789488467.457901856] [robot_1.robot_supervisor]: FULL ROTATE completed by timeout
[INFO] [1789488467.667217069] [robot_1.robot_supervisor]: ############################# VISIBLE: EV_object_visible #############################
[INFO] [1789488467.668260106] [robot_1.robot_supervisor]: Selected controllable event: EV_approach_object
[INFO] [1789488467.945269291] [robot_1.robot_supervisor]: ############################# VISIBLE: EV_object_visible #############################
[INFO] [1789488467.963664951] [robot_1.robot_supervisor]: Selected controllable event: EV_approach_object
[INFO] [1789488468.242438972] [robot_1.robot_supervisor]: Selected controllable event: EV_move_forward
[INFO] [1789488468.467180880] [robot_1.robot_supervisor]: Selected controllable event: EV_approach_object
[INFO] [1789488468.771556789] [robot_1.robot_supervisor]: ############################# VISIBLE: EV_object_visible #############################
[INFO] [1789488468.772598878] [robot_1.robot_supervisor]: Selected controllable event: EV_move_forward
[INFO] [1789488469.046168313] [robot_1.robot_supervisor]: Selected controllable event: EV_approach_object
[INFO] [1789488469.344109686] [robot_1.robot_supervisor]: Selected controllable event: EV_move_forward
[INFO] [1789488469.566480351] [robot_1.robot_supervisor]: Selected controllable event: EV_approach_object
[INFO] [1789488469.843742731] [robot_1.robot_supervisor]: Triggered uncontrollable event: EV_object_not_visible
[INFO] [1789488469.844769379] [robot_1.robot_supervisor]: Selected controllable event: EV_search_object
[INFO] [1789488470.066399931] [robot_1.robot_supervisor]: Selected controllable event: EV_search_object
[INFO] [1789488470.254611840] [robot_1.robot_supervisor]: Selected controllable event: EV_move_forward
[INFO] [1789488470.554073161] [robot_1.robot_supervisor]: Selected controllable event: EV_move_forward
[INFO] [1789488470.854696657] [robot_1.robot_supervisor]: Triggered uncontrollable event: EV_object_not_visible
[INFO] [1789488470.870405764] [robot_1.robot_supervisor]: Selected controllable event: EV_move_forward
[INFO] [1789488471.149048775] [robot_1.robot_supervisor]: Selected controllable event: EV_move_forward
[INFO] [1789488471.471699366] [robot_1.robot_supervisor]: Selected controllable event: EV_move_forward
[INFO] [1789488471.740768441] [robot_1.robot_supervisor]: Triggered uncontrollable event: EV_object_not_visible
[INFO] [1789488471.750784295] [robot_1.robot_supervisor]: Selected controllable event: EV_move_forward
[INFO] [1789488472.042282645] [robot_1.robot_supervisor]: Selected controllable event: EV_move_forward
[INFO] [1789488472.358376742] [robot_1.robot_supervisor]: Selected controllable event: EV_move_forward
[INFO] [1789488472.676613211] [robot_1.robot_supervisor]: Triggered uncontrollable event: EV_object_not_visible
[INFO] [1789488472.677760979] [robot_1.robot_supervisor]: Selected controllable event: EV_move_forward
[INFO] [1789488472.944770251] [robot_1.robot_supervisor]: Selected controllable event: EV_move_forward
[INFO] [1789488473.163609036] [robot_1.robot_supervisor]: Selected controllable event: EV_move_forward
[INFO] [1789488473.464898720] [robot_1.robot_supervisor]: Triggered uncontrollable event: EV_obstacle_left
[INFO] [1789488473.496102845] [robot_1.robot_supervisor]: Selected controllable event: EV_rotate_clockwise
[INFO] [1789488473.658843237] [robot_1.robot_supervisor]: Triggered uncontrollable event: EV_obstacle_left
[INFO] [1789488473.660849476] [robot_1.robot_supervisor]: Triggered uncontrollable event: EV_object_not_visible
[INFO] [1789488473.666339702] [robot_1.robot_supervisor]: Selected controllable event: EV_u_turn
[INFO] [1789488473.676696523] [robot_1.robot_supervisor]: Starting FULL ROTATE (omega=1.000, have_odom=True, target_rad=3.142, timeout_s=3.500)
[INFO] [1789488477.249497276] [robot_1.robot_supervisor]: FULL ROTATE completed by timeout
[INFO] [1789488477.542017159] [robot_1.robot_supervisor]: Triggered uncontrollable event: EV_obstacle_right
[INFO] [1789488477.553624387] [robot_1.robot_supervisor]: Triggered uncontrollable event: EV_object_not_visible
[INFO] [1789488477.555878727] [robot_1.robot_supervisor]: Selected controllable event: EV_u_turn
[INFO] [1789488477.661061415] [robot_1.robot_supervisor]: Triggered uncontrollable event: EV_obstacle_right
[INFO] [1789488477.662081837] [robot_1.robot_supervisor]: Selected controllable event: EV_rotate_counterclockwise
[WARN] [1789488477.684505962] [robot_1.robot_supervisor]: no translation for 4.5s livelock detected; starting atomic escape (turn_sign=+1)
[INFO] [1789488480.143531094] [robot_1.robot_supervisor]: Zone-livelock escape completed
[INFO] [1789488480.436333281] [robot_1.robot_supervisor]: Triggered uncontrollable event: EV_object_not_visible
[INFO] [1789488480.442408008] [robot_1.robot_supervisor]: Selected controllable event: EV_search_object
[INFO] [1789488480.646976586] [robot_1.robot_supervisor]: Selected controllable event: EV_search_object
[INFO] [1789488480.762145345] [robot_1.robot_supervisor]: Selected controllable event: EV_search_object
[INFO] [1789488480.966080353] [robot_1.robot_supervisor]: Triggered uncontrollable event: EV_object_not_visible
[INFO] [1789488480.980346953] [robot_1.robot_supervisor]: Selected controllable event: EV_move_forward
[INFO] [1789488481.263255520] [robot_1.robot_supervisor]: Selected controllable event: EV_move_forward
[INFO] [1789488481.554110853] [robot_1.robot_supervisor]: Selected controllable event: EV_move_forward
[INFO] [1789488481.772658702] [robot_1.robot_supervisor]: Triggered uncontrollable event: EV_object_not_visible
[INFO] [1789488481.793317428] [robot_1.robot_supervisor]: Selected controllable event: EV_search_object
[INFO] [1789488481.947514413] [robot_1.robot_supervisor]: Selected controllable event: EV_move_forward
[INFO] [1789488482.265452024] [robot_1.robot_supervisor]: Selected controllable event: EV_move_forward
[INFO] [1789488482.585492366] [robot_1.robot_supervisor]: Selected controllable event: EV_move_forward
[INFO] [1789488482.855208815] [robot_1.robot_supervisor]: Triggered uncontrollable event: EV_object_not_visible
[INFO] [1789488482.860060152] [robot_1.robot_supervisor]: Selected controllable event: EV_move_forward
[INFO] [1789488483.164140215] [robot_1.robot_supervisor]: Selected controllable event: EV_search_object
[INFO] [1789488483.347371634] [robot_1.robot_supervisor]: Selected controllable event: EV_search_object
[INFO] [1789488483.560189515] [robot_1.robot_supervisor]: Selected controllable event: EV_search_object
[INFO] [1789488483.753290711] [robot_1.robot_supervisor]: Triggered uncontrollable event: EV_object_not_visible
[INFO] [1789488483.766594569] [robot_1.robot_supervisor]: Selected controllable event: EV_move_forward
[INFO] [1789488484.056284212] [robot_1.robot_supervisor]: Selected controllable event: EV_search_object
[INFO] [1789488484.254719285] [robot_1.robot_supervisor]: Selected controllable event: EV_move_forward
[INFO] [1789488484.555368197] [robot_1.robot_supervisor]: Selected controllable event: EV_search_object
[INFO] [1789488484.751295677] [robot_1.robot_supervisor]: Triggered uncontrollable event: EV_object_not_visible
[INFO] [1789488484.757040147] [robot_1.robot_supervisor]: Selected controllable event: EV_move_forward
[INFO] [1789488485.045790847] [robot_1.robot_supervisor]: Selected controllable event: EV_search_object
[INFO] [1789488485.165163257] [robot_1.robot_supervisor]: Selected controllable event: EV_move_forward
[INFO] [1789488485.454924789] [robot_1.robot_supervisor]: Triggered uncontrollable event: EV_object_not_visible
[INFO] [1789488485.466110637] [robot_1.robot_supervisor]: Selected controllable event: EV_search_object
[INFO] [1789488485.646810266] [robot_1.robot_supervisor]: Selected controllable event: EV_search_object
[INFO] [1789488485.835441432] [robot_1.robot_supervisor]: Selected controllable event: EV_search_object
[INFO] [1789488486.064221268] [robot_1.robot_supervisor]: Selected controllable event: EV_search_object
[INFO] [1789488486.236500927] [robot_1.robot_supervisor]: Triggered uncontrollable event: EV_object_not_visible
[INFO] [1789488486.246413832] [robot_1.robot_supervisor]: Selected controllable event: EV_search_object
[INFO] [1789488486.371149128] [robot_1.robot_supervisor]: Selected controllable event: EV_search_object
[INFO] [1789488486.539104840] [robot_1.robot_supervisor]: Selected controllable event: EV_search_object
[INFO] [1789488486.647594042] [robot_1.robot_supervisor]: Selected controllable event: EV_search_object
[INFO] [1789488486.755491937] [robot_1.robot_supervisor]: Selected controllable event: EV_move_forward
[INFO] [1789488487.073509895] [robot_1.robot_supervisor]: Triggered uncontrollable event: EV_object_not_visible
[INFO] [1789488487.074408252] [robot_1.robot_supervisor]: Selected controllable event: EV_search_object
[INFO] [1789488487.242736741] [robot_1.robot_supervisor]: Selected controllable event: EV_move_forward
[INFO] [1789488487.564594978] [robot_1.robot_supervisor]: Selected controllable event: EV_move_forward
[INFO] [1789488487.845683455] [robot_1.robot_supervisor]: Triggered uncontrollable event: EV_obstacle_right
[INFO] [1789488487.846419241] [robot_1.robot_supervisor]: Triggered uncontrollable event: EV_object_not_visible
[INFO] [1789488487.856725783] [robot_1.robot_supervisor]: Selected controllable event: EV_rotate_counterclockwise
[INFO] [1789488488.042510316] [robot_1.robot_supervisor]: Triggered uncontrollable event: EV_obstacle_right
[INFO] [1789488488.047521849] [robot_1.robot_supervisor]: Selected controllable event: EV_rotate_counterclockwise
[INFO] [1789488488.262685002] [robot_1.robot_supervisor]: Triggered uncontrollable event: EV_obstacle_right
[INFO] [1789488488.263504188] [robot_1.robot_supervisor]: Selected controllable event: EV_u_turn
[INFO] [1789488488.264294331] [robot_1.robot_supervisor]: Starting FULL ROTATE (omega=1.000, have_odom=True, target_rad=3.142, timeout_s=3.500)
