[INFO] [1789488316.237685503] [robot_1.robot_supervisor]: Loaded initial mission 'balanced_delivery' from explicit YAML supervisor.yaml
[INFO] [1789488316.664737472] [robot_1.robot_supervisor]: Selected controllable event: EV_search_object
[INFO] [1789488316.808840105] [robot_1.robot_supervisor]: Selected controllable event: EV_search_object
[INFO] [1789488317.028009519] [robot_1.robot_supervisor]: Selected controllable event: EV_move_forward
[INFO] [1789488317.318009024] [robot_1.robot_supervisor]: Selected controllable event: EV_search_object
[INFO] [1789488317.509527298] [robot_1.robot_supervisor]: Selected controllable event: EV_search_object
[INFO] [1789488317.708523380] [robot_1.robot_supervisor]: Selected controllable event: EV_search_object
[INFO] [1789488317.906080836] [robot_1.robot_supervisor]: Selected controllable event: EV_search_object
[INFO] [1789488318.107203899] [robot_1.robot_supervisor]: Selected controllable event: EV_move_forward
[INFO] [1789488318.405580673] [robot_1.robot_supervisor]: Selected controllable event: EV_search_object
[INFO] [1789488318.509192218] [robot_1.robot_supervisor]: Selected controllable event: EV_move_forward
[INFO] [1789488318.808438004] [robot_1.robot_supervisor]: Selected controllable event: EV_search_object
[INFO] [1789488319.005553787] [robot_1.robot_supervisor]: Selected controllable event: EV_search_object
[INFO] [1789488319.108712171] [robot_1.robot_supervisor]: Selected controllable event: EV_move_forward
[INFO] [1789488319.408911304] [robot_1.robot_supervisor]: Selected controllable event: EV_search_object
[INFO] [1789488319.607073067] [robot_1.robot_supervisor]: Selected controllable event: EV_search_object
[INFO] [1789488319.709321913] [robot_1.robot_supervisor]: Selected controllable event: EV_move_forward
[INFO] [1789488320.007832557] [robot_1.robot_supervisor]: Selected controllable event: EV_move_forward
[INFO] [1789488320.310169769] [robot_1.robot_supervisor]: Selected controllable event: EV_move_forward
[INFO] [1789488320.606436361] [robot_1.robot_supervisor]: Selected controllable event: EV_search_object
[INFO] [1789488320.811509472] [robot_1.robot_supervisor]: Selected controllable event: EV_move_forward
[INFO] [1789488321.108723332] [robot_1.robot_supervisor]: Selected controllable event: EV_move_forward
[INFO] [1789488321.422934295] [robot_1.robot_supervisor]: ############################# REACHED: EV_object_reached #############################
[INFO] [1789488321.423920110] [robot_1.robot_supervisor]: Triggered uncontrollable event: EV_obstacle_left
[INFO] [1789488321.429026935] [robot_1.robot_supervisor]: Selected controllable event: EV_pick_up_object
[INFO] [1789488321.531160156] [robot_1.robot_supervisor]: Cargo 'robot_1_carried_generic_box' placed on robot.
[INFO] [1789488321.647246173] [robot_1.robot_supervisor]: Triggered uncontrollable event: EV_obstacle_left
[INFO] [1789488321.650661984] [robot_1.robot_supervisor]: Selected controllable event: EV_rotate_clockwise
[WARN] [1789488321.662145532] [robot_1.robot_supervisor]: no translation for 5.0s livelock detected; starting atomic escape (turn_sign=-1)
[INFO] [1789488324.143629311] [robot_1.robot_supervisor]: Zone-livelock escape completed
[INFO] [1789488324.412087251] [robot_1.robot_supervisor]: Triggered uncontrollable event: EV_zone_a_not_visible
[INFO] [1789488324.412825968] [robot_1.robot_supervisor]: Triggered uncontrollable event: EV_zone_b_not_visible
[INFO] [1789488324.428484593] [robot_1.robot_supervisor]: Selected controllable event: EV_move_forward
[INFO] [1789488324.647430980] [robot_1.robot_supervisor]: Triggered uncontrollable event: EV_zone_a_not_visible
[INFO] [1789488324.657395319] [robot_1.robot_supervisor]: Triggered uncontrollable event: EV_zone_b_not_visible
[INFO] [1789488324.658530499] [robot_1.robot_supervisor]: Selected controllable event: EV_search_zone
[INFO] [1789488324.842291008] [robot_1.robot_supervisor]: Selected controllable event: EV_search_zone
[INFO] [1789488325.020482058] [robot_1.robot_supervisor]: Selected controllable event: EV_move_forward
[INFO] [1789488325.340481002] [robot_1.robot_supervisor]: Triggered uncontrollable event: EV_zone_a_not_visible
[INFO] [1789488325.341437902] [robot_1.robot_supervisor]: Selected controllable event: EV_search_zone
[INFO] [1789488325.537007937] [robot_1.robot_supervisor]: Triggered uncontrollable event: EV_zone_b_not_visible
[INFO] [1789488325.549252755] [robot_1.robot_supervisor]: Selected controllable event: EV_move_forward
[INFO] [1789488325.841699898] [robot_1.robot_supervisor]: Selected controllable event: EV_move_forward
[INFO] [1789488326.144554702] [robot_1.robot_supervisor]: Selected controllable event: EV_search_zone
[INFO] [1789488326.340423235] [robot_1.robot_supervisor]: Triggered uncontrollable event: EV_zone_a_not_visible
[INFO] [1789488326.341449218] [robot_1.robot_supervisor]: Triggered uncontrollable event: EV_zone_b_not_visible
[INFO] [1789488326.351370241] [robot_1.robot_supervisor]: Selected controllable event: EV_move_forward
[INFO] [1789488326.632088534] [robot_1.robot_supervisor]: Selected controllable event: EV_move_forward
[INFO] [1789488326.844453114] [robot_1.robot_supervisor]: Selected controllable event: EV_move_forward
[INFO] [1789488327.130868067] [robot_1.robot_supervisor]: Selected controllable event: EV_search_zone
[INFO] [1789488327.313042136] [robot_1.robot_supervisor]: Triggered uncontrollable event: EV_zone_a_not_visible
[INFO] [1789488327.328448056] [robot_1.robot_supervisor]: Triggered uncontrollable event: EV_zone_b_not_visible
[INFO] [1789488327.330624253] [robot_1.robot_supervisor]: Selected controllable event: EV_search_zone
[INFO] [1789488327.538697187] [robot_1.robot_supervisor]: Selected controllable event: EV_move_forward
[INFO] [1789488327.836325167] [robot_1.robot_supervisor]: Selected controllable event: EV_move_forward
[INFO] [1789488328.105612754] [robot_1.robot_supervisor]: Triggered uncontrollable event: EV_zone_a_not_visible
[INFO] [1789488328.106549861] [robot_1.robot_supervisor]: Triggered uncontrollable event: EV_zone_b_not_visible
[INFO] [1789488328.124756344] [robot_1.robot_supervisor]: Selected controllable event: EV_search_zone
[INFO] [1789488328.334295202] [robot_1.robot_supervisor]: Selected controllable event: EV_search_zone
[INFO] [1789488328.447938068] [robot_1.robot_supervisor]: Selected controllable event: EV_search_zone
[INFO] [1789488328.626708166] [robot_1.robot_supervisor]: Selected controllable event: EV_move_forward
[INFO] [1789488328.933737078] [robot_1.robot_supervisor]: Selected controllable event: EV_search_zone
[INFO] [1789488329.044597922] [robot_1.robot_supervisor]: Selected controllable event: EV_search_zone
[INFO] [1789488329.223249898] [robot_1.robot_supervisor]: Triggered uncontrollable event: EV_zone_a_not_visible
[INFO] [1789488329.224076429] [robot_1.robot_supervisor]: Triggered uncontrollable event: EV_zone_b_not_visible
[INFO] [1789488329.240412414] [robot_1.robot_supervisor]: Selected controllable event: EV_move_forward
[INFO] [1789488329.446473320] [robot_1.robot_supervisor]: Selected controllable event: EV_search_zone
[INFO] [1789488329.631672418] [robot_1.robot_supervisor]: Selected controllable event: EV_move_forward
[INFO] [1789488329.908872627] [robot_1.robot_supervisor]: Selected controllable event: EV_move_forward
[INFO] [1789488330.147469713] [robot_1.robot_supervisor]: Triggered uncontrollable event: EV_zone_a_not_visible
[INFO] [1789488330.148269178] [robot_1.robot_supervisor]: Triggered uncontrollable event: EV_zone_b_not_visible
[INFO] [1789488330.170799683] [robot_1.robot_supervisor]: Selected controllable event: EV_move_forward
[INFO] [1789488330.427271162] [robot_1.robot_supervisor]: Selected controllable event: EV_search_zone
[INFO] [1789488330.629523164] [robot_1.robot_supervisor]: Selected controllable event: EV_move_forward
[INFO] [1789488330.930629716] [robot_1.robot_supervisor]: Selected controllable event: EV_move_forward
[INFO] [1789488331.205150551] [robot_1.robot_supervisor]: Triggered uncontrollable event: EV_zone_a_not_visible
[INFO] [1789488331.205849423] [robot_1.robot_supervisor]: Triggered uncontrollable event: EV_zone_b_not_visible
[INFO] [1789488331.221948065] [robot_1.robot_supervisor]: Selected controllable event: EV_search_zone
[INFO] [1789488331.424754381] [robot_1.robot_supervisor]: Selected controllable event: EV_search_zone
[INFO] [1789488331.528717033] [robot_1.robot_supervisor]: Selected controllable event: EV_search_zone
[INFO] [1789488331.727200383] [robot_1.robot_supervisor]: Selected controllable event: EV_move_forward
[INFO] [1789488331.933174762] [robot_1.robot_supervisor]: Selected controllable event: EV_search_zone
[INFO] [1789488332.034725238] [robot_1.robot_supervisor]: Triggered uncontrollable event: EV_zone_a_not_visible
[INFO] [1789488332.035696426] [robot_1.robot_supervisor]: Selected controllable event: EV_move_forward
[INFO] [1789488332.332973064] [robot_1.robot_supervisor]: Triggered uncontrollable event: EV_zone_b_not_visible
[INFO] [1789488332.347441090] [robot_1.robot_supervisor]: Selected controllable event: EV_search_zone
[INFO] [1789488332.529919328] [robot_1.robot_supervisor]: Selected controllable event: EV_search_zone
[INFO] [1789488332.730932623] [robot_1.robot_supervisor]: Selected controllable event: EV_move_forward
[INFO] [1789488333.020034637] [robot_1.robot_supervisor]: Triggered uncontrollable event: EV_zone_a_not_visible
[INFO] [1789488333.020834577] [robot_1.robot_supervisor]: Triggered uncontrollable event: EV_zone_b_not_visible
[INFO] [1789488333.041778913] [robot_1.robot_supervisor]: Selected controllable event: EV_move_forward
[INFO] [1789488333.344724003] [robot_1.robot_supervisor]: Selected controllable event: EV_move_forward
[INFO] [1789488333.639235004] [robot_1.robot_supervisor]: Selected controllable event: EV_move_forward
[INFO] [1789488333.846446241] [robot_1.robot_supervisor]: Selected controllable event: EV_move_forward
[INFO] [1789488334.145105538] [robot_1.robot_supervisor]: Triggered uncontrollable event: EV_zone_b_visible
[INFO] [1789488334.150750048] [robot_1.robot_supervisor]: Triggered uncontrollable event: EV_zone_a_not_visible
[INFO] [1789488334.166029022] [robot_1.robot_supervisor]: Selected controllable event: EV_move_forward
[INFO] [1789488334.428127264] [robot_1.robot_supervisor]: Selected controllable event: EV_move_forward
[INFO] [1789488334.731799586] [robot_1.robot_supervisor]: Selected controllable event: EV_approach_zone
[INFO] [1789488334.939427103] [robot_1.robot_supervisor]: Triggered uncontrollable event: EV_zone_b_visible
[INFO] [1789488334.943593481] [robot_1.robot_supervisor]: Triggered uncontrollable event: EV_zone_a_not_visible
[INFO] [1789488334.951161242] [robot_1.robot_supervisor]: Selected controllable event: EV_move_forward
[INFO] [1789488335.218552699] [robot_1.robot_supervisor]: Selected controllable event: EV_move_forward
[INFO] [1789488335.434860243] [robot_1.robot_supervisor]: Selected controllable event: EV_approach_zone
[INFO] [1789488335.759453534] [robot_1.robot_supervisor]: Triggered uncontrollable event: EV_obstacle_left
[INFO] [1789488335.775300663] [robot_1.robot_supervisor]: Selected controllable event: EV_u_turn
[INFO] [1789488335.779290293] [robot_1.robot_supervisor]: Starting FULL ROTATE (omega=1.000, have_odom=True, target_rad=3.142, timeout_s=3.500)
[INFO] [1789488339.343916596] [robot_1.robot_supervisor]: FULL ROTATE completed by timeout
[INFO] [1789488339.532988308] [robot_1.robot_supervisor]: Triggered uncontrollable event: EV_zone_b_visible
[INFO] [1789488339.538849538] [robot_1.robot_supervisor]: Triggered uncontrollable event: EV_zone_a_not_visible
[INFO] [1789488339.539665023] [robot_1.robot_supervisor]: Triggered uncontrollable event: EV_obstacle_right
[INFO] [1789488339.540575795] [robot_1.robot_supervisor]: Selected controllable event: EV_u_turn
[INFO] [1789488339.625472845] [robot_1.robot_supervisor]: Triggered uncontrollable event: EV_zone_b_visible
[INFO] [1789488339.626255124] [robot_1.robot_supervisor]: Triggered uncontrollable event: EV_obstacle_right
[INFO] [1789488339.627111719] [robot_1.robot_supervisor]: Selected controllable event: EV_rotate_counterclockwise
[WARN] [1789488339.649576671] [robot_1.robot_supervisor]: no translation for 4.4s livelock detected; starting atomic escape (turn_sign=+1)
[INFO] [1789488342.229546218] [robot_1.robot_supervisor]: Zone-livelock escape completed
[INFO] [1789488342.552541048] [robot_1.robot_supervisor]: Triggered uncontrollable event: EV_zone_b_visible
[INFO] [1789488342.553467784] [robot_1.robot_supervisor]: Triggered uncontrollable event: EV_zone_a_not_visible
[INFO] [1789488342.554343279] [robot_1.robot_supervisor]: Triggered uncontrollable event: EV_zone_b_not_visible
[INFO] [1789488342.578794078] [robot_1.robot_supervisor]: Selected controllable event: EV_move_forward
[INFO] [1789488342.832845531] [robot_1.robot_supervisor]: Triggered uncontrollable event: EV_zone_a_not_visible
[INFO] [1789488342.838564344] [robot_1.robot_supervisor]: Triggered uncontrollable event: EV_zone_b_not_visible
[INFO] [1789488342.846934244] [robot_1.robot_supervisor]: Selected controllable event: EV_move_forward
[INFO] [1789488343.135845360] [robot_1.robot_supervisor]: Selected controllable event: EV_search_zone
[INFO] [1789488343.315700796] [robot_1.robot_supervisor]: Selected controllable event: EV_search_zone
[INFO] [1789488343.535490368] [robot_1.robot_supervisor]: Selected controllable event: EV_move_forward
[INFO] [1789488343.831443131] [robot_1.robot_supervisor]: Selected controllable event: EV_move_forward
[INFO] [1789488344.156968949] [robot_1.robot_supervisor]: Triggered uncontrollable event: EV_zone_a_not_visible
[INFO] [1789488344.157828324] [robot_1.robot_supervisor]: Triggered uncontrollable event: EV_zone_b_not_visible
[INFO] [1789488344.174090221] [robot_1.robot_supervisor]: Selected controllable event: EV_move_forward
[INFO] [1789488344.432980696] [robot_1.robot_supervisor]: Selected controllable event: EV_move_forward
[INFO] [1789488344.727096268] [robot_1.robot_supervisor]: Selected controllable event: EV_move_forward
[INFO] [1789488344.935292797] [robot_1.robot_supervisor]: Selected controllable event: EV_search_zone
[INFO] [1789488345.134256968] [robot_1.robot_supervisor]: Triggered uncontrollable event: EV_zone_a_not_visible
[INFO] [1789488345.143343002] [robot_1.robot_supervisor]: Selected controllable event: EV_move_forward
[INFO] [1789488345.434886727] [robot_1.robot_supervisor]: Triggered uncontrollable event: EV_zone_b_not_visible
[INFO] [1789488345.455902389] [robot_1.robot_supervisor]: Selected controllable event: EV_search_zone
[INFO] [1789488345.644270575] [robot_1.robot_supervisor]: Selected controllable event: EV_move_forward
[INFO] [1789488345.914351704] [robot_1.robot_supervisor]: Selected controllable event: EV_move_forward
[INFO] [1789488346.133774427] [robot_1.robot_supervisor]: Selected controllable event: EV_search_zone
[INFO] [1789488346.252976156] [robot_1.robot_supervisor]: Triggered uncontrollable event: EV_zone_a_not_visible
[INFO] [1789488346.253689209] [robot_1.robot_supervisor]: Triggered uncontrollable event: EV_zone_b_not_visible
[INFO] [1789488346.274384283] [robot_1.robot_supervisor]: Selected controllable event: EV_search_zone
[INFO] [1789488346.410967142] [robot_1.robot_supervisor]: Selected controllable event: EV_move_forward
[INFO] [1789488346.729305522] [robot_1.robot_supervisor]: Selected controllable event: EV_search_zone
[INFO] [1789488346.951900866] [robot_1.robot_supervisor]: Selected controllable event: EV_move_forward
[INFO] [1789488347.213675847] [robot_1.robot_supervisor]: Triggered uncontrollable event: EV_zone_a_not_visible
[INFO] [1789488347.214633903] [robot_1.robot_supervisor]: Triggered uncontrollable event: EV_zone_b_not_visible
[INFO] [1789488347.232152888] [robot_1.robot_supervisor]: Selected controllable event: EV_search_zone
[INFO] [1789488347.436193874] [robot_1.robot_supervisor]: Selected controllable event: EV_search_zone
[INFO] [1789488347.563549704] [robot_1.robot_supervisor]: Selected controllable event: EV_search_zone
[INFO] [1789488347.724769551] [robot_1.robot_supervisor]: Selected controllable event: EV_search_zone
[INFO] [1789488347.926551525] [robot_1.robot_supervisor]: Selected controllable event: EV_move_forward
[INFO] [1789488348.147676452] [robot_1.robot_supervisor]: Selected controllable event: EV_search_zone
[INFO] [1789488348.343377418] [robot_1.robot_supervisor]: Triggered uncontrollable event: EV_zone_a_not_visible
[INFO] [1789488348.350756675] [robot_1.robot_supervisor]: Selected controllable event: EV_move_forward
[INFO] [1789488348.631125525] [robot_1.robot_supervisor]: Triggered uncontrollable event: EV_zone_b_not_visible
[INFO] [1789488348.647974655] [robot_1.robot_supervisor]: Selected controllable event: EV_search_zone
[INFO] [1789488348.814557644] [robot_1.robot_supervisor]: Selected controllable event: EV_move_forward
[INFO] [1789488349.016816860] [robot_1.robot_supervisor]: Selected controllable event: EV_move_forward
[INFO] [1789488349.252817237] [robot_1.robot_supervisor]: Selected controllable event: EV_move_forward
[INFO] [1789488349.526230332] [robot_1.robot_supervisor]: Triggered uncontrollable event: EV_zone_a_not_visible
[INFO] [1789488349.548969703] [robot_1.robot_supervisor]: Triggered uncontrollable event: EV_zone_b_not_visible
[INFO] [1789488349.550108076] [robot_1.robot_supervisor]: Selected controllable event: EV_move_forward
[INFO] [1789488349.823183064] [robot_1.robot_supervisor]: Selected controllable event: EV_search_zone
[INFO] [1789488349.932961470] [robot_1.robot_supervisor]: Selected controllable event: EV_search_zone
[INFO] [1789488350.046442222] [robot_1.robot_supervisor]: Selected controllable event: EV_move_forward
[INFO] [1789488350.354570406] [robot_1.robot_supervisor]: Triggered uncontrollable event: EV_zone_a_not_visible
[INFO] [1789488350.363166680] [robot_1.robot_supervisor]: Selected controllable event: EV_move_forward
[INFO] [1789488350.645878292] [robot_1.robot_supervisor]: Triggered uncontrollable event: EV_zone_b_not_visible
[INFO] [1789488350.657196553] [robot_1.robot_supervisor]: Selected controllable event: EV_move_forward
[INFO] [1789488350.921084932] [robot_1.robot_supervisor]: Selected controllable event: EV_search_zone
[INFO] [1789488351.036419906] [robot_1.robot_supervisor]: Selected controllable event: EV_move_forward
[INFO] [1789488351.245019510] [robot_1.robot_supervisor]: Selected controllable event: EV_search_zone
[INFO] [1789488351.440926438] [robot_1.robot_supervisor]: Triggered uncontrollable event: EV_zone_a_not_visible
[INFO] [1789488351.441772258] [robot_1.robot_supervisor]: Triggered uncontrollable event: EV_zone_b_not_visible
[INFO] [1789488351.461546780] [robot_1.robot_supervisor]: Selected controllable event: EV_move_forward
[INFO] [1789488351.722236286] [robot_1.robot_supervisor]: Selected controllable event: EV_move_forward
[INFO] [1789488351.924046197] [robot_1.robot_supervisor]: Selected controllable event: EV_search_zone
[INFO] [1789488352.029726442] [robot_1.robot_supervisor]: Selected controllable event: EV_search_zone
[INFO] [1789488352.242182741] [robot_1.robot_supervisor]: Selected controllable event: EV_move_forward
[INFO] [1789488352.535102541] [robot_1.robot_supervisor]: Triggered uncontrollable event: EV_zone_a_not_visible
[INFO] [1789488352.536051151] [robot_1.robot_supervisor]: Triggered uncontrollable event: EV_zone_b_not_visible
[INFO] [1789488352.537083355] [robot_1.robot_supervisor]: Selected controllable event: EV_search_zone
[INFO] [1789488352.660145363] [robot_1.robot_supervisor]: Selected controllable event: EV_move_forward
[INFO] [1789488352.920811032] [robot_1.robot_supervisor]: Selected controllable event: EV_search_zone
[INFO] [1789488353.033309059] [robot_1.robot_supervisor]: Selected controllable event: EV_move_forward
[INFO] [1789488353.312370913] [robot_1.robot_supervisor]: Triggered uncontrollable event: EV_zone_a_not_visible
[INFO] [1789488353.313351348] [robot_1.robot_supervisor]: Selected controllable event: EV_move_forward
[INFO] [1789488353.533224149] [robot_1.robot_supervisor]: Triggered uncontrollable event: EV_zone_b_not_visible
[INFO] [1789488353.542155043] [robot_1.robot_supervisor]: Selected controllable event: EV_search_zone
[INFO] [1789488353.754159419] [robot_1.robot_supervisor]: Selected controllable event: EV_move_forward
[INFO] [1789488354.042647210] [robot_1.robot_supervisor]: Selected controllable event: EV_search_zone
[INFO] [1789488354.256708537] [robot_1.robot_supervisor]: Selected controllable event: EV_search_zone
[INFO] [1789488354.434942644] [robot_1.robot_supervisor]: Triggered uncontrollable event: EV_zone_a_not_visible
[INFO] [1789488354.441468173] [robot_1.robot_supervisor]: Triggered uncontrollable event: EV_zone_b_not_visible
[INFO] [1789488354.448178161] [robot_1.robot_supervisor]: Selected controllable event: EV_search_zone
[INFO] [1789488354.655829425] [robot_1.robot_supervisor]: Selected controllable event: EV_move_forward
[INFO] [1789488354.928696739] [robot_1.robot_supervisor]: Selected controllable event: EV_move_forward
[INFO] [1789488355.141013759] [robot_1.robot_supervisor]: Selected controllable event: EV_search_zone
[INFO] [1789488355.333499151] [robot_1.robot_supervisor]: Triggered uncontrollable event: EV_zone_a_not_visible
[INFO] [1789488355.346975188] [robot_1.robot_supervisor]: Triggered uncontrollable event: EV_zone_b_not_visible
[INFO] [1789488355.348135007] [robot_1.robot_supervisor]: Selected controllable event: EV_search_zone
[INFO] [1789488355.543123530] [robot_1.robot_supervisor]: Selected controllable event: EV_search_zone
[INFO] [1789488355.738341122] [robot_1.robot_supervisor]: Selected controllable event: EV_move_forward
[INFO] [1789488356.031431405] [robot_1.robot_supervisor]: Selected controllable event: EV_search_zone
[INFO] [1789488356.244276332] [robot_1.robot_supervisor]: Triggered uncontrollable event: EV_zone_a_not_visible
[INFO] [1789488356.245339678] [robot_1.robot_supervisor]: Selected controllable event: EV_search_zone
[INFO] [1789488356.422805398] [robot_1.robot_supervisor]: Triggered uncontrollable event: EV_zone_b_not_visible
[INFO] [1789488356.423840170] [robot_1.robot_supervisor]: Selected controllable event: EV_search_zone
[INFO] [1789488356.535317427] [robot_1.robot_supervisor]: Selected controllable event: EV_search_zone
[INFO] [1789488356.723107721] [robot_1.robot_supervisor]: Selected controllable event: EV_search_zone
[INFO] [1789488356.831394896] [robot_1.robot_supervisor]: Selected controllable event: EV_move_forward
[INFO] [1789488357.130499220] [robot_1.robot_supervisor]: Triggered uncontrollable event: EV_zone_a_not_visible
[INFO] [1789488357.147428757] [robot_1.robot_supervisor]: Selected controllable event: EV_move_forward
[INFO] [1789488357.430594074] [robot_1.robot_supervisor]: Triggered uncontrollable event: EV_zone_b_not_visible
[INFO] [1789488357.431553248] [robot_1.robot_supervisor]: Selected controllable event: EV_search_zone
[INFO] [1789488357.636703366] [robot_1.robot_supervisor]: Selected controllable event: EV_search_zone
[INFO] [1789488357.827203740] [robot_1.robot_supervisor]: Selected controllable event: EV_search_zone
[INFO] [1789488357.941419400] [robot_1.robot_supervisor]: Selected controllable event: EV_search_zone
[INFO] [1789488358.137019648] [robot_1.robot_supervisor]: Triggered uncontrollable event: EV_obstacle_right
[INFO] [1789488358.138073953] [robot_1.robot_supervisor]: Selected controllable event: EV_rotate_counterclockwise
[INFO] [1789488358.251249389] [robot_1.robot_supervisor]: Triggered uncontrollable event: EV_zone_a_not_visible
[INFO] [1789488358.264730683] [robot_1.robot_supervisor]: Triggered uncontrollable event: EV_obstacle_right
[INFO] [1789488358.279398171] [robot_1.robot_supervisor]: Selected controllable event: EV_rotate_counterclockwise
[INFO] [1789488358.421352673] [robot_1.robot_supervisor]: Triggered uncontrollable event: EV_obstacle_right
[INFO] [1789488358.429901259] [robot_1.robot_supervisor]: Triggered uncontrollable event: EV_zone_b_not_visible
[INFO] [1789488358.435109846] [robot_1.robot_supervisor]: Selected controllable event: EV_u_turn
[INFO] [1789488358.451088441] [robot_1.robot_supervisor]: Starting FULL ROTATE (omega=1.000, have_odom=True, target_rad=3.142, timeout_s=3.500)
[INFO] [1789488362.035413619] [robot_1.robot_supervisor]: FULL ROTATE completed by timeout
[INFO] [1789488362.335701657] [robot_1.robot_supervisor]: Triggered uncontrollable event: EV_zone_a_not_visible
[INFO] [1789488362.336717212] [robot_1.robot_supervisor]: Triggered uncontrollable event: EV_zone_b_not_visible
[INFO] [1789488362.337719965] [robot_1.robot_supervisor]: Selected controllable event: EV_search_zone
[INFO] [1789488362.543786342] [robot_1.robot_supervisor]: Selected controllable event: EV_search_zone
[INFO] [1789488362.651986598] [robot_1.robot_supervisor]: Selected controllable event: EV_move_forward
[INFO] [1789488362.926437064] [robot_1.robot_supervisor]: Triggered uncontrollable event: EV_zone_a_not_visible
[INFO] [1789488362.927349718] [robot_1.robot_supervisor]: Triggered uncontrollable event: EV_zone_b_not_visible
[INFO] [1789488362.932396678] [robot_1.robot_supervisor]: Selected controllable event: EV_search_zone
[INFO] [1789488363.046380377] [robot_1.robot_supervisor]: Selected controllable event: EV_search_zone
[INFO] [1789488363.221504127] [robot_1.robot_supervisor]: Selected controllable event: EV_search_zone
[INFO] [1789488363.332240005] [robot_1.robot_supervisor]: Selected controllable event: EV_move_forward
[INFO] [1789488363.644223120] [robot_1.robot_supervisor]: Selected controllable event: EV_move_forward
[INFO] [1789488363.930905749] [robot_1.robot_supervisor]: Triggered uncontrollable event: EV_zone_a_not_visible
[INFO] [1789488363.931698980] [robot_1.robot_supervisor]: Triggered uncontrollable event: EV_zone_b_not_visible
[INFO] [1789488363.938975391] [robot_1.robot_supervisor]: Selected controllable event: EV_move_forward
[INFO] [1789488364.245398548] [robot_1.robot_supervisor]: Selected controllable event: EV_move_forward
[INFO] [1789488364.532378422] [robot_1.robot_supervisor]: Triggered uncontrollable event: EV_obstacle_right
[INFO] [1789488364.533413977] [robot_1.robot_supervisor]: Selected controllable event: EV_u_turn
[INFO] [1789488364.555502844] [robot_1.robot_supervisor]: Starting FULL ROTATE (omega=1.000, have_odom=True, target_rad=3.142, timeout_s=3.500)
[INFO] [1789488368.132139563] [robot_1.robot_supervisor]: FULL ROTATE completed by timeout
[INFO] [1789488368.424693772] [robot_1.robot_supervisor]: Triggered uncontrollable event: EV_zone_a_not_visible
[INFO] [1789488368.425451124] [robot_1.robot_supervisor]: Triggered uncontrollable event: EV_zone_b_not_visible
[INFO] [1789488368.426453021] [robot_1.robot_supervisor]: Selected controllable event: EV_search_zone
[INFO] [1789488368.528339208] [robot_1.robot_supervisor]: Selected controllable event: EV_move_forward
[INFO] [1789488368.838543574] [robot_1.robot_supervisor]: Selected controllable event: EV_search_zone
[INFO] [1789488369.026075351] [robot_1.robot_supervisor]: Selected controllable event: EV_search_zone
[INFO] [1789488369.208641101] [robot_1.robot_supervisor]: Triggered uncontrollable event: EV_zone_a_not_visible
[INFO] [1789488369.226674504] [robot_1.robot_supervisor]: Triggered uncontrollable event: EV_zone_b_not_visible
[INFO] [1789488369.227690691] [robot_1.robot_supervisor]: Selected controllable event: EV_search_zone
[INFO] [1789488369.341447670] [robot_1.robot_supervisor]: Selected controllable event: EV_move_forward
[INFO] [1789488369.624744826] [robot_1.robot_supervisor]: Selected controllable event: EV_move_forward
[INFO] [1789488369.920843381] [robot_1.robot_supervisor]: Selected controllable event: EV_search_zone
[INFO] [1789488370.047215809] [robot_1.robot_supervisor]: Selected controllable event: EV_search_zone
[INFO] [1789488370.232981248] [robot_1.robot_supervisor]: Triggered uncontrollable event: EV_zone_a_not_visible
[INFO] [1789488370.233741506] [robot_1.robot_supervisor]: Triggered uncontrollable event: EV_zone_b_not_visible
[INFO] [1789488370.260117272] [robot_1.robot_supervisor]: Selected controllable event: EV_move_forward
[INFO] [1789488370.543310545] [robot_1.robot_supervisor]: Selected controllable event: EV_move_forward
[INFO] [1789488370.825361127] [robot_1.robot_supervisor]: Selected controllable event: EV_search_zone
[INFO] [1789488371.044415962] [robot_1.robot_supervisor]: Selected controllable event: EV_move_forward
[INFO] [1789488371.330154238] [robot_1.robot_supervisor]: Triggered uncontrollable event: EV_zone_a_not_visible
[INFO] [1789488371.335398854] [robot_1.robot_supervisor]: Triggered uncontrollable event: EV_zone_b_not_visible
[INFO] [1789488371.345231969] [robot_1.robot_supervisor]: Selected controllable event: EV_search_zone
[INFO] [1789488371.552315525] [robot_1.robot_supervisor]: Selected controllable event: EV_search_zone
[INFO] [1789488371.732635850] [robot_1.robot_supervisor]: Selected controllable event: EV_search_zone
[INFO] [1789488371.941738776] [robot_1.robot_supervisor]: Selected controllable event: EV_search_zone
[INFO] [1789488372.152471603] [robot_1.robot_supervisor]: Triggered uncontrollable event: EV_zone_a_not_visible
[INFO] [1789488372.153575053] [robot_1.robot_supervisor]: Selected controllable event: EV_search_zone
[INFO] [1789488372.333380969] [robot_1.robot_supervisor]: Triggered uncontrollable event: EV_zone_b_not_visible
[INFO] [1789488372.334444876] [robot_1.robot_supervisor]: Selected controllable event: EV_search_zone
[INFO] [1789488372.542539317] [robot_1.robot_supervisor]: Selected controllable event: EV_search_zone
[INFO] [1789488372.705462580] [robot_1.robot_supervisor]: Selected controllable event: EV_move_forward
[INFO] [1789488372.952546686] [robot_1.robot_supervisor]: Selected controllable event: EV_move_forward
[INFO] [1789488373.164653400] [robot_1.robot_supervisor]: Triggered uncontrollable event: EV_obstacle_right
[INFO] [1789488373.167225881] [robot_1.robot_supervisor]: Selected controllable event: EV_rotate_counterclockwise
[INFO] [1789488373.331365536] [robot_1.robot_supervisor]: Triggered uncontrollable event: EV_zone_a_not_visible
[INFO] [1789488373.352663161] [robot_1.robot_supervisor]: Triggered uncontrollable event: EV_obstacle_right
[INFO] [1789488373.354939392] [robot_1.robot_supervisor]: Triggered uncontrollable event: EV_zone_b_not_visible
[INFO] [1789488373.356050427] [robot_1.robot_supervisor]: Selected controllable event: EV_rotate_counterclockwise
[INFO] [1789488373.518431643] [robot_1.robot_supervisor]: Triggered uncontrollable event: EV_obstacle_right
[INFO] [1789488373.531584095] [robot_1.robot_supervisor]: Selected controllable event: EV_u_turn
[INFO] [1789488373.532577555] [robot_1.robot_supervisor]: Starting FULL ROTATE (omega=1.000, have_odom=True, target_rad=3.142, timeout_s=3.500)
[INFO] [1789488377.132323388] [robot_1.robot_supervisor]: FULL ROTATE completed by timeout
[INFO] [1789488377.337281671] [robot_1.robot_supervisor]: Triggered uncontrollable event: EV_zone_a_not_visible
[INFO] [1789488377.342349586] [robot_1.robot_supervisor]: Triggered uncontrollable event: EV_zone_b_not_visible
[INFO] [1789488377.352455979] [robot_1.robot_supervisor]: Selected controllable event: EV_move_forward
[INFO] [1789488377.612166917] [robot_1.robot_supervisor]: Selected controllable event: EV_move_forward
[INFO] [1789488377.835627072] [robot_1.robot_supervisor]: Triggered uncontrollable event: EV_zone_a_not_visible
[INFO] [1789488377.841732595] [robot_1.robot_supervisor]: Triggered uncontrollable event: EV_zone_b_not_visible
[INFO] [1789488377.842818925] [robot_1.robot_supervisor]: Selected controllable event: EV_move_forward
[INFO] [1789488378.130669775] [robot_1.robot_supervisor]: Selected controllable event: EV_move_forward
[INFO] [1789488378.337771772] [robot_1.robot_supervisor]: Selected controllable event: EV_move_forward
[INFO] [1789488378.641429917] [robot_1.robot_supervisor]: Triggered uncontrollable event: EV_zone_a_not_visible
[INFO] [1789488378.650748649] [robot_1.robot_supervisor]: Selected controllable event: EV_move_forward
[INFO] [1789488378.937571503] [robot_1.robot_supervisor]: Triggered uncontrollable event: EV_zone_b_not_visible
[INFO] [1789488378.938502700] [robot_1.robot_supervisor]: Selected controllable event: EV_move_forward
[INFO] [1789488379.244338635] [robot_1.robot_supervisor]: Selected controllable event: EV_search_zone
[INFO] [1789488379.426460738] [robot_1.robot_supervisor]: Selected controllable event: EV_move_forward
[INFO] [1789488379.646398893] [robot_1.robot_supervisor]: Triggered uncontrollable event: EV_zone_a_not_visible
[INFO] [1789488379.647422266] [robot_1.robot_supervisor]: Selected controllable event: EV_move_forward
[INFO] [1789488379.920395178] [robot_1.robot_supervisor]: Triggered uncontrollable event: EV_zone_b_not_visible
[INFO] [1789488379.921348922] [robot_1.robot_supervisor]: Selected controllable event: EV_search_zone
[INFO] [1789488380.043486115] [robot_1.robot_supervisor]: Selected controllable event: EV_search_zone
[INFO] [1789488380.231895318] [robot_1.robot_supervisor]: Selected controllable event: EV_move_forward
[INFO] [1789488380.535257113] [robot_1.robot_supervisor]: Triggered uncontrollable event: EV_zone_a_not_visible
[INFO] [1789488380.536377386] [robot_1.robot_supervisor]: Triggered uncontrollable event: EV_zone_b_not_visible
[INFO] [1789488380.541869923] [robot_1.robot_supervisor]: Selected controllable event: EV_move_forward
[INFO] [1789488380.823951215] [robot_1.robot_supervisor]: Selected controllable event: EV_move_forward
[INFO] [1789488381.127651248] [robot_1.robot_supervisor]: Selected controllable event: EV_move_forward
[INFO] [1789488381.349113124] [robot_1.robot_supervisor]: Triggered uncontrollable event: EV_zone_a_not_visible
[INFO] [1789488381.350143192] [robot_1.robot_supervisor]: Selected controllable event: EV_move_forward
[INFO] [1789488381.627904474] [robot_1.robot_supervisor]: Triggered uncontrollable event: EV_zone_b_not_visible
[INFO] [1789488381.645539105] [robot_1.robot_supervisor]: Selected controllable event: EV_move_forward
[INFO] [1789488381.937428733] [robot_1.robot_supervisor]: Selected controllable event: EV_search_zone
[INFO] [1789488382.122242798] [robot_1.robot_supervisor]: Selected controllable event: EV_move_forward
[INFO] [1789488382.423903056] [robot_1.robot_supervisor]: Triggered uncontrollable event: EV_zone_a_not_visible
[INFO] [1789488382.424792934] [robot_1.robot_supervisor]: Triggered uncontrollable event: EV_zone_b_not_visible
[INFO] [1789488382.425808177] [robot_1.robot_supervisor]: Selected controllable event: EV_move_forward
[INFO] [1789488382.743112666] [robot_1.robot_supervisor]: Selected controllable event: EV_move_forward
[INFO] [1789488383.027438297] [robot_1.robot_supervisor]: Selected controllable event: EV_move_forward
[INFO] [1789488383.242978206] [robot_1.robot_supervisor]: Triggered uncontrollable event: EV_zone_a_not_visible
[INFO] [1789488383.243749907] [robot_1.robot_supervisor]: Triggered uncontrollable event: EV_zone_b_not_visible
[INFO] [1789488383.256150228] [robot_1.robot_supervisor]: Selected controllable event: EV_move_forward
[INFO] [1789488383.543046965] [robot_1.robot_supervisor]: Selected controllable event: EV_search_zone
[INFO] [1789488383.724672910] [robot_1.robot_supervisor]: Selected controllable event: EV_move_forward
[INFO] [1789488383.941891368] [robot_1.robot_supervisor]: Triggered uncontrollable event: EV_zone_a_not_visible
[INFO] [1789488383.942891615] [robot_1.robot_supervisor]: Selected controllable event: EV_move_forward
[INFO] [1789488384.223538654] [robot_1.robot_supervisor]: Triggered uncontrollable event: EV_zone_b_not_visible
[INFO] [1789488384.224365193] [robot_1.robot_supervisor]: Selected controllable event: EV_search_zone
[INFO] [1789488384.439008578] [robot_1.robot_supervisor]: Selected controllable event: EV_search_zone
[INFO] [1789488384.621336249] [robot_1.robot_supervisor]: Selected controllable event: EV_move_forward
[INFO] [1789488384.923064749] [robot_1.robot_supervisor]: Triggered uncontrollable event: EV_zone_a_not_visible
[INFO] [1789488384.923866240] [robot_1.robot_supervisor]: Triggered uncontrollable event: EV_zone_b_not_visible
[INFO] [1789488384.924746038] [robot_1.robot_supervisor]: Selected controllable event: EV_search_zone
[INFO] [1789488385.119173562] [robot_1.robot_supervisor]: Selected controllable event: EV_move_forward
[INFO] [1789488385.330512622] [robot_1.robot_supervisor]: Selected controllable event: EV_search_zone
[INFO] [1789488385.434610900] [robot_1.robot_supervisor]: Selected controllable event: EV_move_forward
[INFO] [1789488385.729336289] [robot_1.robot_supervisor]: Triggered uncontrollable event: EV_zone_a_not_visible
[INFO] [1789488385.750331143] [robot_1.robot_supervisor]: Triggered uncontrollable event: EV_obstacle_right
[INFO] [1789488385.759495864] [robot_1.robot_supervisor]: Selected controllable event: EV_rotate_counterclockwise
[INFO] [1789488385.934553659] [robot_1.robot_supervisor]: Triggered uncontrollable event: EV_obstacle_right
[INFO] [1789488385.935346968] [robot_1.robot_supervisor]: Triggered uncontrollable event: EV_zone_b_not_visible
[INFO] [1789488385.936269746] [robot_1.robot_supervisor]: Selected controllable event: EV_u_turn
[INFO] [1789488385.952127828] [robot_1.robot_supervisor]: Starting FULL ROTATE (omega=1.000, have_odom=True, target_rad=3.142, timeout_s=3.500)
[INFO] [1789488389.524523653] [robot_1.robot_supervisor]: FULL ROTATE completed by timeout
[INFO] [1789488389.827560841] [robot_1.robot_supervisor]: Triggered uncontrollable event: EV_zone_a_not_visible
[INFO] [1789488389.828439662] [robot_1.robot_supervisor]: Triggered uncontrollable event: EV_zone_b_not_visible
[INFO] [1789488389.854606984] [robot_1.robot_supervisor]: Selected controllable event: EV_move_forward
[INFO] [1789488390.161335870] [robot_1.robot_supervisor]: Selected controllable event: EV_search_zone
[INFO] [1789488390.336004091] [robot_1.robot_supervisor]: Triggered uncontrollable event: EV_zone_a_visible
[INFO] [1789488390.336831181] [robot_1.robot_supervisor]: Triggered uncontrollable event: EV_zone_b_not_visible
[INFO] [1789488390.364166538] [robot_1.robot_supervisor]: Selected controllable event: EV_approach_zone
[INFO] [1789488390.630593926] [robot_1.robot_supervisor]: Selected controllable event: EV_approach_zone
[INFO] [1789488390.842174524] [robot_1.robot_supervisor]: Selected controllable event: EV_approach_zone
[INFO] [1789488391.151074817] [robot_1.robot_supervisor]: Selected controllable event: EV_move_forward
[INFO] [1789488391.444668165] [robot_1.robot_supervisor]: Triggered uncontrollable event: EV_zone_a_visible
[INFO] [1789488391.445516719] [robot_1.robot_supervisor]: Triggered uncontrollable event: EV_zone_b_visible
[INFO] [1789488391.446593406] [robot_1.robot_supervisor]: Selected controllable event: EV_approach_zone
[INFO] [1789488391.731181567] [robot_1.robot_supervisor]: Selected controllable event: EV_approach_zone
[INFO] [1789488392.021906674] [robot_1.robot_supervisor]: Selected controllable event: EV_move_forward
[INFO] [1789488392.236519300] [robot_1.robot_supervisor]: Triggered uncontrollable event: EV_zone_a_visible
[INFO] [1789488392.237357863] [robot_1.robot_supervisor]: Triggered uncontrollable event: EV_zone_b_visible
[INFO] [1789488392.263488202] [robot_1.robot_supervisor]: Selected controllable event: EV_move_forward
[INFO] [1789488392.533396489] [robot_1.robot_supervisor]: Selected controllable event: EV_approach_zone
[INFO] [1789488392.811931887] [robot_1.robot_supervisor]: Selected controllable event: EV_move_forward
[INFO] [1789488393.041370853] [robot_1.robot_supervisor]: Selected controllable event: EV_approach_zone
[INFO] [1789488393.326676775] [robot_1.robot_supervisor]: Triggered uncontrollable event: EV_zone_a_visible
[INFO] [1789488393.327480152] [robot_1.robot_supervisor]: Triggered uncontrollable event: EV_zone_b_visible
[INFO] [1789488393.328368471] [robot_1.robot_supervisor]: Selected controllable event: EV_approach_zone
[INFO] [1789488393.609614076] [robot_1.robot_supervisor]: Selected controllable event: EV_approach_zone
[INFO] [1789488393.828324421] [robot_1.robot_supervisor]: Selected controllable event: EV_move_forward
[INFO] [1789488394.117304442] [robot_1.robot_supervisor]: Triggered uncontrollable event: EV_zone_a_visible
[INFO] [1789488394.118103786] [robot_1.robot_supervisor]: Triggered uncontrollable event: EV_zone_b_visible
[INFO] [1789488394.152423471] [robot_1.robot_supervisor]: Selected controllable event: EV_move_forward
[INFO] [1789488394.424167983] [robot_1.robot_supervisor]: Selected controllable event: EV_approach_zone
[INFO] [1789488394.722545290] [robot_1.robot_supervisor]: Selected controllable event: EV_move_forward
[INFO] [1789488394.941068117] [robot_1.robot_supervisor]: Selected controllable event: EV_approach_zone
[INFO] [1789488395.242118390] [robot_1.robot_supervisor]: Triggered uncontrollable event: EV_zone_a_visible
[INFO] [1789488395.242986900] [robot_1.robot_supervisor]: Triggered uncontrollable event: EV_zone_b_visible
[INFO] [1789488395.263386839] [robot_1.robot_supervisor]: Selected controllable event: EV_approach_zone
[INFO] [1789488395.544924163] [robot_1.robot_supervisor]: Selected controllable event: EV_move_forward
[INFO] [1789488395.840812213] [robot_1.robot_supervisor]: Selected controllable event: EV_approach_zone
[INFO] [1789488396.151563260] [robot_1.robot_supervisor]: Triggered uncontrollable event: EV_zone_a_visible
[INFO] [1789488396.152342571] [robot_1.robot_supervisor]: Triggered uncontrollable event: EV_zone_b_visible
[INFO] [1789488396.168736222] [robot_1.robot_supervisor]: Selected controllable event: EV_approach_zone
[INFO] [1789488396.433715115] [robot_1.robot_supervisor]: Selected controllable event: EV_move_forward
[INFO] [1789488396.731612066] [robot_1.robot_supervisor]: Selected controllable event: EV_approach_zone
[INFO] [1789488397.036576290] [robot_1.robot_supervisor]: Selected controllable event: EV_approach_zone
[INFO] [1789488397.337180686] [robot_1.robot_supervisor]: Triggered uncontrollable event: EV_zone_a_visible
[INFO] [1789488397.337991844] [robot_1.robot_supervisor]: Triggered uncontrollable event: EV_zone_b_visible
[INFO] [1789488397.354057211] [robot_1.robot_supervisor]: Selected controllable event: EV_approach_zone
[INFO] [1789488397.629373561] [robot_1.robot_supervisor]: Selected controllable event: EV_approach_zone
[INFO] [1789488397.940716347] [robot_1.robot_supervisor]: Selected controllable event: EV_move_forward
[INFO] [1789488398.226047501] [robot_1.robot_supervisor]: Triggered uncontrollable event: EV_zone_a_visible
[INFO] [1789488398.237968699] [robot_1.robot_supervisor]: Triggered uncontrollable event: EV_zone_b_visible
[INFO] [1789488398.239143229] [robot_1.robot_supervisor]: Selected controllable event: EV_approach_zone
[INFO] [1789488398.544535608] [robot_1.robot_supervisor]: Selected controllable event: EV_approach_zone
[INFO] [1789488398.852543971] [robot_1.robot_supervisor]: Selected controllable event: EV_approach_zone
[INFO] [1789488399.132140705] [robot_1.robot_supervisor]: Triggered uncontrollable event: EV_zone_a_visible
[INFO] [1789488399.140561648] [robot_1.robot_supervisor]: Triggered uncontrollable event: EV_zone_b_visible
[INFO] [1789488399.147619497] [robot_1.robot_supervisor]: Selected controllable event: EV_move_forward
[INFO] [1789488399.425438891] [robot_1.robot_supervisor]: Selected controllable event: EV_approach_zone
[INFO] [1789488399.637536127] [robot_1.robot_supervisor]: Selected controllable event: EV_move_forward
[INFO] [1789488399.932383737] [robot_1.robot_supervisor]: Triggered uncontrollable event: EV_zone_a_visible
[INFO] [1789488399.935871287] [robot_1.robot_supervisor]: Selected controllable event: EV_approach_zone
[INFO] [1789488400.238327212] [robot_1.robot_supervisor]: Triggered uncontrollable event: EV_zone_b_visible
[INFO] [1789488400.246542554] [robot_1.robot_supervisor]: Selected controllable event: EV_move_forward
[INFO] [1789488400.513977488] [robot_1.robot_supervisor]: Selected controllable event: EV_approach_zone
[INFO] [1789488400.735581981] [robot_1.robot_supervisor]: Selected controllable event: EV_approach_zone
[INFO] [1789488401.038967316] [robot_1.robot_supervisor]: Triggered uncontrollable event: EV_zone_a_visible
[INFO] [1789488401.039756487] [robot_1.robot_supervisor]: Triggered uncontrollable event: EV_zone_b_visible
[INFO] [1789488401.040688674] [robot_1.robot_supervisor]: Selected controllable event: EV_approach_zone
[INFO] [1789488401.331611824] [robot_1.robot_supervisor]: Selected controllable event: EV_move_forward
[INFO] [1789488401.635078248] [robot_1.robot_supervisor]: Selected controllable event: EV_move_forward
[INFO] [1789488401.921230722] [robot_1.robot_supervisor]: Triggered uncontrollable event: EV_zone_a_visible
[INFO] [1789488401.925360036] [robot_1.robot_supervisor]: Triggered uncontrollable event: EV_zone_b_visible
[INFO] [1789488401.929474030] [robot_1.robot_supervisor]: Selected controllable event: EV_move_forward
[INFO] [1789488402.135118002] [robot_1.robot_supervisor]: Selected controllable event: EV_move_forward
[INFO] [1789488402.434050115] [robot_1.robot_supervisor]: Selected controllable event: EV_approach_zone
[INFO] [1789488402.751609895] [robot_1.robot_supervisor]: Triggered uncontrollable event: EV_zone_a_visible
[INFO] [1789488402.759388581] [robot_1.robot_supervisor]: Selected controllable event: EV_move_forward
[INFO] [1789488403.033227415] [robot_1.robot_supervisor]: Triggered uncontrollable event: EV_zone_b_visible
[INFO] [1789488403.038520563] [robot_1.robot_supervisor]: Selected controllable event: EV_move_forward
[INFO] [1789488403.340472435] [robot_1.robot_supervisor]: Selected controllable event: EV_move_forward
[INFO] [1789488403.616886241] [robot_1.robot_supervisor]: Selected controllable event: EV_move_forward
[INFO] [1789488403.910924386] [robot_1.robot_supervisor]: Triggered uncontrollable event: EV_zone_a_visible
[INFO] [1789488403.911686163] [robot_1.robot_supervisor]: Triggered uncontrollable event: EV_zone_b_visible
[INFO] [1789488403.932549558] [robot_1.robot_supervisor]: Selected controllable event: EV_approach_zone
[INFO] [1789488404.223845099] [robot_1.robot_supervisor]: Selected controllable event: EV_approach_zone
[INFO] [1789488404.435828037] [robot_1.robot_supervisor]: Selected controllable event: EV_approach_zone
[INFO] [1789488404.653192283] [robot_1.robot_supervisor]: Triggered uncontrollable event: EV_zone_a_visible
[INFO] [1789488404.666989610] [robot_1.robot_supervisor]: Selected controllable event: EV_approach_zone
[INFO] [1789488404.919997761] [robot_1.robot_supervisor]: Triggered uncontrollable event: EV_zone_b_visible
[INFO] [1789488404.937187988] [robot_1.robot_supervisor]: Selected controllable event: EV_move_forward
[INFO] [1789488405.240281918] [robot_1.robot_supervisor]: Selected controllable event: EV_move_forward
[INFO] [1789488405.529473269] [robot_1.robot_supervisor]: Selected controllable event: EV_approach_zone
[INFO] [1789488405.739487100] [robot_1.robot_supervisor]: Triggered uncontrollable event: EV_zone_a_visible
[INFO] [1789488405.748263336] [robot_1.robot_supervisor]: Triggered uncontrollable event: EV_zone_b_visible
[INFO] [1789488405.749355027] [robot_1.robot_supervisor]: Selected controllable event: EV_approach_zone
[INFO] [1789488406.020049789] [robot_1.robot_supervisor]: Selected controllable event: EV_move_forward
[INFO] [1789488406.243642796] [robot_1.robot_supervisor]: Selected controllable event: EV_approach_zone
[INFO] [1789488406.449423909] [robot_1.robot_supervisor]: Selected controllable event: EV_move_forward
[INFO] [1789488406.733164023] [robot_1.robot_supervisor]: Triggered uncontrollable event: EV_zone_a_visible
[INFO] [1789488406.737358718] [robot_1.robot_supervisor]: Triggered uncontrollable event: EV_zone_b_visible
[INFO] [1789488406.748309796] [robot_1.robot_supervisor]: Selected controllable event: EV_approach_zone
[INFO] [1789488407.028834693] [robot_1.robot_supervisor]: Selected controllable event: EV_approach_zone
[INFO] [1789488407.317269198] [robot_1.robot_supervisor]: Selected controllable event: EV_move_forward
[INFO] [1789488407.519147638] [robot_1.robot_supervisor]: Selected controllable event: EV_move_forward
[INFO] [1789488407.745039622] [robot_1.robot_supervisor]: Triggered uncontrollable event: EV_zone_a_visible
[INFO] [1789488407.751125832] [robot_1.robot_supervisor]: Triggered uncontrollable event: EV_zone_b_visible
[INFO] [1789488407.757924493] [robot_1.robot_supervisor]: Selected controllable event: EV_move_forward
[INFO] [1789488408.024362482] [robot_1.robot_supervisor]: Selected controllable event: EV_move_forward
[INFO] [1789488408.240662597] [robot_1.robot_supervisor]: Selected controllable event: EV_move_forward
[INFO] [1789488408.541617990] [robot_1.robot_supervisor]: Selected controllable event: EV_approach_zone
[INFO] [1789488408.758728921] [robot_1.robot_supervisor]: Triggered uncontrollable event: EV_zone_a_visible
[INFO] [1789488408.759635269] [robot_1.robot_supervisor]: Triggered uncontrollable event: EV_zone_b_visible
[INFO] [1789488408.767843982] [robot_1.robot_supervisor]: Selected controllable event: EV_approach_zone
[INFO] [1789488409.023345481] [robot_1.robot_supervisor]: Selected controllable event: EV_approach_zone
[INFO] [1789488409.240140212] [robot_1.robot_supervisor]: Selected controllable event: EV_approach_zone
[INFO] [1789488409.521455159] [robot_1.robot_supervisor]: Selected controllable event: EV_approach_zone
[INFO] [1789488409.822572777] [robot_1.robot_supervisor]: Triggered uncontrollable event: EV_zone_a_visible
[INFO] [1789488409.823456310] [robot_1.robot_supervisor]: Triggered uncontrollable event: EV_zone_b_visible
[INFO] [1789488409.824307047] [robot_1.robot_supervisor]: Selected controllable event: EV_move_forward
[INFO] [1789488410.035065296] [robot_1.robot_supervisor]: Selected controllable event: EV_move_forward
[INFO] [1789488410.329191110] [robot_1.robot_supervisor]: Selected controllable event: EV_move_forward
[INFO] [1789488410.541381029] [robot_1.robot_supervisor]: Triggered uncontrollable event: EV_obstacle_right
[INFO] [1789488410.553315871] [robot_1.robot_supervisor]: Selected controllable event: EV_u_turn
[INFO] [1789488410.566579935] [robot_1.robot_supervisor]: Starting FULL ROTATE (omega=1.000, have_odom=True, target_rad=3.142, timeout_s=3.500)
[INFO] [1789488414.118603210] [robot_1.robot_supervisor]: FULL ROTATE completed by timeout
[INFO] [1789488414.437360210] [robot_1.robot_supervisor]: Triggered uncontrollable event: EV_zone_a_visible
[INFO] [1789488414.439306317] [robot_1.robot_supervisor]: Triggered uncontrollable event: EV_zone_b_visible
[INFO] [1789488414.444700817] [robot_1.robot_supervisor]: Selected controllable event: EV_approach_zone
[INFO] [1789488414.737944212] [robot_1.robot_supervisor]: Selected controllable event: EV_approach_zone
[INFO] [1789488415.059527759] [robot_1.robot_supervisor]: Selected controllable event: EV_move_forward
[INFO] [1789488415.333543605] [robot_1.robot_supervisor]: Triggered uncontrollable event: EV_zone_a_visible
[INFO] [1789488415.334320590] [robot_1.robot_supervisor]: Triggered uncontrollable event: EV_zone_b_visible
[INFO] [1789488415.335176606] [robot_1.robot_supervisor]: Selected controllable event: EV_move_forward
[INFO] [1789488415.554512733] [robot_1.robot_supervisor]: Selected controllable event: EV_approach_zone
[INFO] [1789488415.863903183] [robot_1.robot_supervisor]: Selected controllable event: EV_move_forward
[INFO] [1789488416.127139606] [robot_1.robot_supervisor]: Triggered uncontrollable event: EV_zone_b_visible
[INFO] [1789488416.127904000] [robot_1.robot_supervisor]: Triggered uncontrollable event: EV_zone_a_not_visible
[INFO] [1789488416.129019857] [robot_1.robot_supervisor]: Selected controllable event: EV_move_forward
[INFO] [1789488416.342999805] [robot_1.robot_supervisor]: Selected controllable event: EV_approach_zone
[INFO] [1789488416.614084107] [robot_1.robot_supervisor]: Selected controllable event: EV_move_forward
[INFO] [1789488416.828195382] [robot_1.robot_supervisor]: Selected controllable event: EV_approach_zone
[INFO] [1789488417.135282003] [robot_1.robot_supervisor]: Triggered uncontrollable event: EV_zone_a_not_visible
[INFO] [1789488417.141269097] [robot_1.robot_supervisor]: Triggered uncontrollable event: EV_obstacle_left
[INFO] [1789488417.144751627] [robot_1.robot_supervisor]: Triggered uncontrollable event: EV_zone_b_not_visible
[INFO] [1789488417.153633999] [robot_1.robot_supervisor]: Selected controllable event: EV_u_turn
[INFO] [1789488417.156843874] [robot_1.robot_supervisor]: Starting FULL ROTATE (omega=1.000, have_odom=True, target_rad=3.142, timeout_s=3.500)
[INFO] [1789488420.717992130] [robot_1.robot_supervisor]: FULL ROTATE completed by timeout
[INFO] [1789488420.919907161] [robot_1.robot_supervisor]: Triggered uncontrollable event: EV_zone_a_not_visible
[INFO] [1789488420.920656250] [robot_1.robot_supervisor]: Triggered uncontrollable event: EV_obstacle_right
[INFO] [1789488420.937674205] [robot_1.robot_supervisor]: Triggered uncontrollable event: EV_zone_b_not_visible
[INFO] [1789488420.938557334] [robot_1.robot_supervisor]: Selected controllable event: EV_rotate_counterclockwise
[WARN] [1789488420.939367647] [robot_1.robot_supervisor]: no translation for 4.1s livelock detected; starting atomic escape (turn_sign=+1)
[INFO] [1789488423.426528350] [robot_1.robot_supervisor]: Zone-livelock escape completed
[INFO] [1789488423.628967111] [robot_1.robot_supervisor]: Triggered uncontrollable event: EV_zone_a_not_visible
[INFO] [1789488423.636248452] [robot_1.robot_supervisor]: Triggered uncontrollable event: EV_zone_b_not_visible
[INFO] [1789488423.643194005] [robot_1.robot_supervisor]: Selected controllable event: EV_move_forward
[INFO] [1789488423.934739362] [robot_1.robot_supervisor]: Triggered uncontrollable event: EV_zone_a_not_visible
[INFO] [1789488423.935775730] [robot_1.robot_supervisor]: Selected controllable event: EV_move_forward
[INFO] [1789488424.224182542] [robot_1.robot_supervisor]: Triggered uncontrollable event: EV_zone_b_not_visible
[INFO] [1789488424.232501948] [robot_1.robot_supervisor]: Selected controllable event: EV_search_zone
[INFO] [1789488424.440685445] [robot_1.robot_supervisor]: Selected controllable event: EV_search_zone
[INFO] [1789488424.621317991] [robot_1.robot_supervisor]: Selected controllable event: EV_move_forward
[INFO] [1789488424.853588526] [robot_1.robot_supervisor]: Triggered uncontrollable event: EV_zone_a_not_visible
[INFO] [1789488424.854435483] [robot_1.robot_supervisor]: Selected controllable event: EV_move_forward
[INFO] [1789488425.127640270] [robot_1.robot_supervisor]: Triggered uncontrollable event: EV_zone_b_not_visible
[INFO] [1789488425.136663781] [robot_1.robot_supervisor]: Selected controllable event: EV_move_forward
[INFO] [1789488425.419379252] [robot_1.robot_supervisor]: Selected controllable event: EV_move_forward
[INFO] [1789488425.637253151] [robot_1.robot_supervisor]: Triggered uncontrollable event: EV_zone_a_not_visible
[INFO] [1789488425.638008136] [robot_1.robot_supervisor]: Triggered uncontrollable event: EV_zone_b_not_visible
[INFO] [1789488425.638901778] [robot_1.robot_supervisor]: Selected controllable event: EV_search_zone
[INFO] [1789488425.760367383] [robot_1.robot_supervisor]: RECEIVED zone_a; balance=zone_a_has_extra
[INFO] [1789488425.817071653] [robot_1.robot_supervisor]: Triggered uncontrollable event: EV_received_delivered_zone_a
[INFO] [1789488425.824983112] [robot_1.robot_supervisor]: Selected controllable event: EV_move_forward
[INFO] [1789488426.133803843] [robot_1.robot_supervisor]: Selected controllable event: EV_search_zone
[INFO] [1789488426.327586194] [robot_1.robot_supervisor]: Selected controllable event: EV_move_forward
[INFO] [1789488426.613822744] [robot_1.robot_supervisor]: Triggered uncontrollable event: EV_zone_a_not_visible
[INFO] [1789488426.620572938] [robot_1.robot_supervisor]: Triggered uncontrollable event: EV_zone_b_not_visible
[INFO] [1789488426.624769817] [robot_1.robot_supervisor]: Selected controllable event: EV_search_zone
[INFO] [1789488426.744001114] [robot_1.robot_supervisor]: Selected controllable event: EV_move_forward
[INFO] [1789488427.017434195] [robot_1.robot_supervisor]: Selected controllable event: EV_move_forward
[INFO] [1789488427.236943881] [robot_1.robot_supervisor]: Selected controllable event: EV_search_zone
[INFO] [1789488427.339348251] [robot_1.robot_supervisor]: Selected controllable event: EV_move_forward
[INFO] [1789488427.637861040] [robot_1.robot_supervisor]: Triggered uncontrollable event: EV_zone_a_not_visible
[INFO] [1789488427.638696043] [robot_1.robot_supervisor]: Triggered uncontrollable event: EV_zone_b_not_visible
[INFO] [1789488427.659663169] [robot_1.robot_supervisor]: Selected controllable event: EV_move_forward
[INFO] [1789488427.920181838] [robot_1.robot_supervisor]: Selected controllable event: EV_search_zone
[INFO] [1789488428.127133954] [robot_1.robot_supervisor]: Selected controllable event: EV_search_zone
[INFO] [1789488428.319765577] [robot_1.robot_supervisor]: Triggered uncontrollable event: EV_obstacle_left
[INFO] [1789488428.320710727] [robot_1.robot_supervisor]: Selected controllable event: EV_rotate_clockwise
[INFO] [1789488428.425497613] [robot_1.robot_supervisor]: Triggered uncontrollable event: EV_zone_a_not_visible
[INFO] [1789488428.433811699] [robot_1.robot_supervisor]: Triggered uncontrollable event: EV_obstacle_left
[INFO] [1789488428.447555075] [robot_1.robot_supervisor]: Triggered uncontrollable event: EV_zone_b_not_visible
[INFO] [1789488428.452329551] [robot_1.robot_supervisor]: Selected controllable event: EV_rotate_clockwise
[INFO] [1789488428.621487043] [robot_1.robot_supervisor]: Triggered uncontrollable event: EV_obstacle_left
[INFO] [1789488428.628817273] [robot_1.robot_supervisor]: Selected controllable event: EV_rotate_clockwise
[INFO] [1789488428.818370844] [robot_1.robot_supervisor]: Triggered uncontrollable event: EV_obstacle_left
[INFO] [1789488428.820448569] [robot_1.robot_supervisor]: Selected controllable event: EV_rotate_clockwise
[INFO] [1789488429.030010135] [robot_1.robot_supervisor]: Triggered uncontrollable event: EV_obstacle_left
[INFO] [1789488429.040776441] [robot_1.robot_supervisor]: Selected controllable event: EV_u_turn
[INFO] [1789488429.041578297] [robot_1.robot_supervisor]: Starting FULL ROTATE (omega=1.000, have_odom=True, target_rad=3.142, timeout_s=3.500)
[INFO] [1789488432.630697673] [robot_1.robot_supervisor]: FULL ROTATE completed by timeout
[INFO] [1789488432.826633555] [robot_1.robot_supervisor]: Triggered uncontrollable event: EV_zone_a_not_visible
[INFO] [1789488432.831809079] [robot_1.robot_supervisor]: Triggered uncontrollable event: EV_obstacle_right
[INFO] [1789488432.832477702] [robot_1.robot_supervisor]: Triggered uncontrollable event: EV_zone_b_not_visible
[INFO] [1789488432.843151903] [robot_1.robot_supervisor]: Selected controllable event: EV_rotate_counterclockwise
[WARN] [1789488432.846188361] [robot_1.robot_supervisor]: no translation for 4.9s livelock detected; starting atomic escape (turn_sign=+1)
[INFO] [1789488435.440598006] [robot_1.robot_supervisor]: Zone-livelock escape completed
[INFO] [1789488435.744875314] [robot_1.robot_supervisor]: Triggered uncontrollable event: EV_zone_a_not_visible
[INFO] [1789488435.745821984] [robot_1.robot_supervisor]: Triggered uncontrollable event: EV_zone_b_not_visible
[INFO] [1789488435.758667457] [robot_1.robot_supervisor]: Selected controllable event: EV_move_forward
[INFO] [1789488436.027392608] [robot_1.robot_supervisor]: Triggered uncontrollable event: EV_zone_a_visible
[INFO] [1789488436.028431497] [robot_1.robot_supervisor]: Selected controllable event: EV_move_forward
[INFO] [1789488436.240116126] [robot_1.robot_supervisor]: Triggered uncontrollable event: EV_zone_b_not_visible
[INFO] [1789488436.241187292] [robot_1.robot_supervisor]: Selected controllable event: EV_move_forward
[INFO] [1789488436.543960096] [robot_1.robot_supervisor]: Selected controllable event: EV_move_forward
[INFO] [1789488436.835292852] [robot_1.robot_supervisor]: Selected controllable event: EV_approach_zone
[INFO] [1789488437.120364761] [robot_1.robot_supervisor]: Triggered uncontrollable event: EV_zone_a_visible
[INFO] [1789488437.121180262] [robot_1.robot_supervisor]: Triggered uncontrollable event: EV_zone_b_visible
[INFO] [1789488437.132637929] [robot_1.robot_supervisor]: Selected controllable event: EV_move_forward
[INFO] [1789488437.423140041] [robot_1.robot_supervisor]: Selected controllable event: EV_approach_zone
[INFO] [1789488437.740360924] [robot_1.robot_supervisor]: Triggered uncontrollable event: EV_zone_a_visible
[INFO] [1789488437.750285359] [robot_1.robot_supervisor]: Selected controllable event: EV_move_forward
[INFO] [1789488438.030110556] [robot_1.robot_supervisor]: Triggered uncontrollable event: EV_zone_b_visible
[INFO] [1789488438.039596403] [robot_1.robot_supervisor]: Selected controllable event: EV_move_forward
[INFO] [1789488438.327193154] [robot_1.robot_supervisor]: Selected controllable event: EV_move_forward
[INFO] [1789488438.634629885] [robot_1.robot_supervisor]: Triggered uncontrollable event: EV_zone_a_visible
[INFO] [1789488438.663192390] [robot_1.robot_supervisor]: Selected controllable event: EV_move_forward
[INFO] [1789488438.923600176] [robot_1.robot_supervisor]: Triggered uncontrollable event: EV_zone_b_visible
[INFO] [1789488438.930730449] [robot_1.robot_supervisor]: Selected controllable event: EV_approach_zone
[INFO] [1789488439.232081311] [robot_1.robot_supervisor]: Selected controllable event: EV_move_forward
[INFO] [1789488439.523651566] [robot_1.robot_supervisor]: Triggered uncontrollable event: EV_obstacle_right
[INFO] [1789488439.547013697] [robot_1.robot_supervisor]: Selected controllable event: EV_rotate_counterclockwise
[INFO] [1789488439.727789178] [robot_1.robot_supervisor]: Triggered uncontrollable event: EV_zone_a_visible
[INFO] [1789488439.733079508] [robot_1.robot_supervisor]: Triggered uncontrollable event: EV_zone_b_visible
[INFO] [1789488439.739154566] [robot_1.robot_supervisor]: Triggered uncontrollable event: EV_obstacle_right
[INFO] [1789488439.744080577] [robot_1.robot_supervisor]: Selected controllable event: EV_u_turn
[INFO] [1789488439.752289996] [robot_1.robot_supervisor]: Starting FULL ROTATE (omega=1.000, have_odom=True, target_rad=3.142, timeout_s=3.500)
[INFO] [1789488443.349387929] [robot_1.robot_supervisor]: FULL ROTATE completed by timeout
[INFO] [1789488443.624090018] [robot_1.robot_supervisor]: Triggered uncontrollable event: EV_zone_a_visible
[INFO] [1789488443.647089824] [robot_1.robot_supervisor]: Triggered uncontrollable event: EV_zone_b_visible
[INFO] [1789488443.648153945] [robot_1.robot_supervisor]: Selected controllable event: EV_move_forward
[INFO] [1789488443.937081136] [robot_1.robot_supervisor]: Selected controllable event: EV_move_forward
[INFO] [1789488444.154687065] [robot_1.robot_supervisor]: Triggered uncontrollable event: EV_zone_a_visible
[INFO] [1789488444.155829064] [robot_1.robot_supervisor]: Selected controllable event: EV_approach_zone
[INFO] [1789488444.426127911] [robot_1.robot_supervisor]: Triggered uncontrollable event: EV_zone_b_visible
[INFO] [1789488444.430157577] [robot_1.robot_supervisor]: Selected controllable event: EV_approach_zone
[INFO] [1789488444.742465926] [robot_1.robot_supervisor]: Selected controllable event: EV_approach_zone
[INFO] [1789488445.013337784] [robot_1.robot_supervisor]: Selected controllable event: EV_move_forward
[INFO] [1789488445.324057438] [robot_1.robot_supervisor]: Triggered uncontrollable event: EV_zone_b_visible
[INFO] [1789488445.330857588] [robot_1.robot_supervisor]: Triggered uncontrollable event: EV_zone_a_not_visible
[INFO] [1789488445.336637424] [robot_1.robot_supervisor]: Selected controllable event: EV_approach_zone
[INFO] [1789488445.626668637] [robot_1.robot_supervisor]: Selected controllable event: EV_move_forward
[INFO] [1789488445.927332110] [robot_1.robot_supervisor]: Selected controllable event: EV_move_forward
[INFO] [1789488446.151205624] [robot_1.robot_supervisor]: Selected controllable event: EV_move_forward
[INFO] [1789488446.439740951] [robot_1.robot_supervisor]: Triggered uncontrollable event: EV_zone_a_not_visible
[INFO] [1789488446.442767654] [robot_1.robot_supervisor]: Triggered uncontrollable event: EV_zone_b_not_visible
[INFO] [1789488446.454485406] [robot_1.robot_supervisor]: Selected controllable event: EV_move_forward
[INFO] [1789488446.725748262] [robot_1.robot_supervisor]: Selected controllable event: EV_move_forward
[INFO] [1789488446.933519417] [robot_1.robot_supervisor]: Selected controllable event: EV_search_zone
[INFO] [1789488447.135236290] [robot_1.robot_supervisor]: Selected controllable event: EV_search_zone
[INFO] [1789488447.270194030] [robot_1.robot_supervisor]: Triggered uncontrollable event: EV_zone_a_not_visible
[INFO] [1789488447.271170102] [robot_1.robot_supervisor]: Selected controllable event: EV_search_zone
[INFO] [1789488447.411318295] [robot_1.robot_supervisor]: Triggered uncontrollable event: EV_zone_b_not_visible
[INFO] [1789488447.421383137] [robot_1.robot_supervisor]: Selected controllable event: EV_search_zone
[INFO] [1789488447.643965335] [robot_1.robot_supervisor]: Selected controllable event: EV_search_zone
[INFO] [1789488447.836140934] [robot_1.robot_supervisor]: Selected controllable event: EV_move_forward
[INFO] [1789488448.115434502] [robot_1.robot_supervisor]: Triggered uncontrollable event: EV_zone_a_not_visible
[INFO] [1789488448.123790273] [robot_1.robot_supervisor]: Triggered uncontrollable event: EV_zone_b_not_visible
[INFO] [1789488448.131662925] [robot_1.robot_supervisor]: Selected controllable event: EV_move_forward
[INFO] [1789488448.427833901] [robot_1.robot_supervisor]: Selected controllable event: EV_search_zone
[INFO] [1789488448.620530912] [robot_1.robot_supervisor]: Selected controllable event: EV_move_forward
[INFO] [1789488448.929525315] [robot_1.robot_supervisor]: Triggered uncontrollable event: EV_zone_a_not_visible
[INFO] [1789488448.935418304] [robot_1.robot_supervisor]: Triggered uncontrollable event: EV_zone_b_not_visible
[INFO] [1789488448.939955651] [robot_1.robot_supervisor]: Selected controllable event: EV_move_forward
[INFO] [1789488449.217259573] [robot_1.robot_supervisor]: Selected controllable event: EV_move_forward
[INFO] [1789488449.422911311] [robot_1.robot_supervisor]: Selected controllable event: EV_search_zone
[INFO] [1789488449.525965471] [robot_1.robot_supervisor]: Selected controllable event: EV_move_forward
[INFO] [1789488449.743368828] [robot_1.robot_supervisor]: Triggered uncontrollable event: EV_zone_a_not_visible
[INFO] [1789488449.763561279] [robot_1.robot_supervisor]: Selected controllable event: EV_search_zone
[INFO] [1789488449.926413523] [robot_1.robot_supervisor]: Triggered uncontrollable event: EV_zone_b_not_visible
[INFO] [1789488449.931768175] [robot_1.robot_supervisor]: Selected controllable event: EV_search_zone
[INFO] [1789488450.039798202] [robot_1.robot_supervisor]: Selected controllable event: EV_move_forward
[INFO] [1789488450.314521089] [robot_1.robot_supervisor]: Selected controllable event: EV_search_zone
[INFO] [1789488450.532301125] [robot_1.robot_supervisor]: Triggered uncontrollable event: EV_zone_a_not_visible
[INFO] [1789488450.533101354] [robot_1.robot_supervisor]: Triggered uncontrollable event: EV_zone_b_not_visible
[INFO] [1789488450.560207567] [robot_1.robot_supervisor]: Selected controllable event: EV_move_forward
[INFO] [1789488450.825446040] [robot_1.robot_supervisor]: Selected controllable event: EV_move_forward
[INFO] [1789488451.043612061] [robot_1.robot_supervisor]: Selected controllable event: EV_move_forward
[INFO] [1789488451.335248555] [robot_1.robot_supervisor]: Selected controllable event: EV_search_zone
[INFO] [1789488451.530210013] [robot_1.robot_supervisor]: Triggered uncontrollable event: EV_zone_a_not_visible
[INFO] [1789488451.535808124] [robot_1.robot_supervisor]: Triggered uncontrollable event: EV_zone_b_not_visible
[INFO] [1789488451.536748870] [robot_1.robot_supervisor]: Selected controllable event: EV_move_forward
[INFO] [1789488451.839577725] [robot_1.robot_supervisor]: Selected controllable event: EV_move_forward
[INFO] [1789488452.135018929] [robot_1.robot_supervisor]: Selected controllable event: EV_search_zone
[INFO] [1789488452.339975547] [robot_1.robot_supervisor]: Triggered uncontrollable event: EV_zone_a_not_visible
[INFO] [1789488452.346393187] [robot_1.robot_supervisor]: Triggered uncontrollable event: EV_zone_b_not_visible
[INFO] [1789488452.348600526] [robot_1.robot_supervisor]: Selected controllable event: EV_move_forward
[INFO] [1789488452.631031467] [robot_1.robot_supervisor]: Selected controllable event: EV_search_zone
[INFO] [1789488452.806516438] [robot_1.robot_supervisor]: Selected controllable event: EV_move_forward
[INFO] [1789488453.029060785] [robot_1.robot_supervisor]: Triggered uncontrollable event: EV_zone_a_not_visible
[INFO] [1789488453.029872520] [robot_1.robot_supervisor]: Selected controllable event: EV_move_forward
[INFO] [1789488453.314500876] [robot_1.robot_supervisor]: Triggered uncontrollable event: EV_zone_b_not_visible
[INFO] [1789488453.329037856] [robot_1.robot_supervisor]: Selected controllable event: EV_search_zone
[INFO] [1789488453.536559007] [robot_1.robot_supervisor]: Selected controllable event: EV_search_zone
[INFO] [1789488453.732378072] [robot_1.robot_supervisor]: Selected controllable event: EV_move_forward
[INFO] [1789488454.031190714] [robot_1.robot_supervisor]: Triggered uncontrollable event: EV_zone_a_not_visible
[INFO] [1789488454.031870117] [robot_1.robot_supervisor]: Triggered uncontrollable event: EV_zone_b_not_visible
[INFO] [1789488454.032587266] [robot_1.robot_supervisor]: Selected controllable event: EV_move_forward
[INFO] [1789488454.333588489] [robot_1.robot_supervisor]: Selected controllable event: EV_search_zone
[INFO] [1789488454.526955418] [robot_1.robot_supervisor]: Selected controllable event: EV_search_zone
[INFO] [1789488454.724362344] [robot_1.robot_supervisor]: Triggered uncontrollable event: EV_zone_a_not_visible
[INFO] [1789488454.724999517] [robot_1.robot_supervisor]: Triggered uncontrollable event: EV_zone_b_not_visible
[INFO] [1789488454.725821827] [robot_1.robot_supervisor]: Selected controllable event: EV_move_forward
[INFO] [1789488455.029000519] [robot_1.robot_supervisor]: Selected controllable event: EV_move_forward
[INFO] [1789488455.320179399] [robot_1.robot_supervisor]: Selected controllable event: EV_move_forward
[INFO] [1789488455.624441391] [robot_1.robot_supervisor]: Triggered uncontrollable event: EV_zone_a_not_visible
[INFO] [1789488455.625224885] [robot_1.robot_supervisor]: Triggered uncontrollable event: EV_zone_b_not_visible
[INFO] [1789488455.626055360] [robot_1.robot_supervisor]: Selected controllable event: EV_move_forward
[INFO] [1789488455.939635942] [robot_1.robot_supervisor]: Selected controllable event: EV_move_forward
[INFO] [1789488456.228043034] [robot_1.robot_supervisor]: Triggered uncontrollable event: EV_zone_a_not_visible
[INFO] [1789488456.228683998] [robot_1.robot_supervisor]: Triggered uncontrollable event: EV_zone_b_not_visible
[INFO] [1789488456.235598581] [robot_1.robot_supervisor]: Selected controllable event: EV_search_zone
[INFO] [1789488456.427543324] [robot_1.robot_supervisor]: Selected controllable event: EV_move_forward
[INFO] [1789488456.647391828] [robot_1.robot_supervisor]: Selected controllable event: EV_search_zone
[INFO] [1789488456.815342646] [robot_1.robot_supervisor]: Selected controllable event: EV_move_forward
[INFO] [1789488457.016739382] [robot_1.robot_supervisor]: Triggered uncontrollable event: EV_zone_a_not_visible
[INFO] [1789488457.017423141] [robot_1.robot_supervisor]: Triggered uncontrollable event: EV_zone_b_not_visible
[INFO] [1789488457.018343580] [robot_1.robot_supervisor]: Selected controllable event: EV_search_zone
[INFO] [1789488457.130950783] [robot_1.robot_supervisor]: Selected controllable event: EV_search_zone
[INFO] [1789488457.331865963] [robot_1.robot_supervisor]: Selected controllable event: EV_move_forward
[INFO] [1789488457.635472272] [robot_1.robot_supervisor]: Selected controllable event: EV_search_zone
[INFO] [1789488457.829911734] [robot_1.robot_supervisor]: Triggered uncontrollable event: EV_zone_a_not_visible
[INFO] [1789488457.830720377] [robot_1.robot_supervisor]: Triggered uncontrollable event: EV_zone_b_not_visible
[INFO] [1789488457.835016144] [robot_1.robot_supervisor]: Selected controllable event: EV_move_forward
[INFO] [1789488458.127330092] [robot_1.robot_supervisor]: Selected controllable event: EV_move_forward
[INFO] [1789488458.407943817] [robot_1.robot_supervisor]: Selected controllable event: EV_search_zone
[INFO] [1789488458.624763824] [robot_1.robot_supervisor]: Triggered uncontrollable event: EV_zone_b_visible
[INFO] [1789488458.625511137] [robot_1.robot_supervisor]: Triggered uncontrollable event: EV_zone_a_not_visible
[INFO] [1789488458.626348904] [robot_1.robot_supervisor]: Selected controllable event: EV_move_forward
[INFO] [1789488458.847954414] [robot_1.robot_supervisor]: Selected controllable event: EV_move_forward
[INFO] [1789488459.104973962] [robot_1.robot_supervisor]: Selected controllable event: EV_move_forward
[INFO] [1789488459.335384518] [robot_1.robot_supervisor]: Triggered uncontrollable event: EV_zone_b_visible
[INFO] [1789488459.338361808] [robot_1.robot_supervisor]: Triggered uncontrollable event: EV_zone_a_not_visible
[INFO] [1789488459.343674580] [robot_1.robot_supervisor]: Selected controllable event: EV_approach_zone
[INFO] [1789488459.631511220] [robot_1.robot_supervisor]: Selected controllable event: EV_move_forward
[INFO] [1789488459.955098554] [robot_1.robot_supervisor]: Selected controllable event: EV_move_forward
[INFO] [1789488460.241000245] [robot_1.robot_supervisor]: Triggered uncontrollable event: EV_zone_b_visible
[INFO] [1789488460.248920038] [robot_1.robot_supervisor]: Triggered uncontrollable event: EV_zone_a_not_visible
[INFO] [1789488460.256908377] [robot_1.robot_supervisor]: Selected controllable event: EV_approach_zone
[INFO] [1789488460.535772720] [robot_1.robot_supervisor]: Selected controllable event: EV_approach_zone
[INFO] [1789488460.850201584] [robot_1.robot_supervisor]: Selected controllable event: EV_approach_zone
[INFO] [1789488461.138933774] [robot_1.robot_supervisor]: Triggered uncontrollable event: EV_zone_a_not_visible
[INFO] [1789488461.149604374] [robot_1.robot_supervisor]: Triggered uncontrollable event: EV_obstacle_right
[INFO] [1789488461.150468802] [robot_1.robot_supervisor]: Triggered uncontrollable event: EV_zone_b_reached
[INFO] [1789488461.151406092] [robot_1.robot_supervisor]: Selected controllable event: EV_u_turn
[INFO] [1789488461.152209745] [robot_1.robot_supervisor]: Starting FULL ROTATE (omega=1.000, have_odom=True, target_rad=3.142, timeout_s=3.500)
[INFO] [1789488464.714625066] [robot_1.robot_supervisor]: FULL ROTATE completed by timeout
[INFO] [1789488464.918464304] [robot_1.robot_supervisor]: Triggered uncontrollable event: EV_zone_a_not_visible
[INFO] [1789488464.919228992] [robot_1.robot_supervisor]: Triggered uncontrollable event: EV_zone_b_reached
[INFO] [1789488464.940048027] [robot_1.robot_supervisor]: Selected controllable event: EV_move_forward
[INFO] [1789488465.241395202] [robot_1.robot_supervisor]: DELIVERED zone_b; balance=equal
[INFO] [1789488465.242359460] [robot_1.robot_supervisor]: Selected controllable event: EV_drop_zone_b
[INFO] [1789488465.325492383] [robot_1.robot_supervisor]: Delivered cargo 'robot_1_carried_generic_box' removed.
[INFO] [1789488465.327739349] [robot_1.robot_supervisor]: Selected controllable event: EV_move_forward
[INFO] [1789488465.635898811] [robot_1.robot_supervisor]: ############################# REACHED: EV_object_reached #############################
[INFO] [1789488465.642283398] [robot_1.robot_supervisor]: Selected controllable event: EV_move_forward
[INFO] [1789488465.859434101] [robot_1.robot_supervisor]: Selected controllable event: EV_move_forward
[INFO] [1789488466.157963806] [robot_1.robot_supervisor]: Selected controllable event: EV_publish_delivered_zone_b
[INFO] [1789488466.238453758] [robot_1.robot_supervisor]: Selected controllable event: EV_pick_up_object
[INFO] [1789488466.285902859] [robot_1.robot_supervisor]: Cargo 'robot_1_carried_generic_box' placed on robot.
[INFO] [1789488466.521680465] [robot_1.robot_supervisor]: Triggered uncontrollable event: EV_zone_a_not_visible
[INFO] [1789488466.522445074] [robot_1.robot_supervisor]: Triggered uncontrollable event: EV_zone_b_reached
[INFO] [1789488466.538431513] [robot_1.robot_supervisor]: Selected controllable event: EV_search_zone
[INFO] [1789488466.728473924] [robot_1.robot_supervisor]: Selected controllable event: EV_search_zone
[INFO] [1789488466.933360208] [robot_1.robot_supervisor]: Selected controllable event: EV_move_forward
[INFO] [1789488467.253135331] [robot_1.robot_supervisor]: Selected controllable event: EV_move_forward
[INFO] [1789488467.531817576] [robot_1.robot_supervisor]: Triggered uncontrollable event: EV_zone_a_not_visible
[INFO] [1789488467.533944503] [robot_1.robot_supervisor]: Triggered uncontrollable event: EV_zone_b_reached
[INFO] [1789488467.545720565] [robot_1.robot_supervisor]: Selected controllable event: EV_search_zone
[INFO] [1789488467.751366015] [robot_1.robot_supervisor]: Selected controllable event: EV_move_forward
[INFO] [1789488468.023303124] [robot_1.robot_supervisor]: Selected controllable event: EV_move_forward
[INFO] [1789488468.248028682] [robot_1.robot_supervisor]: Selected controllable event: EV_move_forward
[INFO] [1789488468.536301143] [robot_1.robot_supervisor]: Triggered uncontrollable event: EV_zone_a_not_visible
[INFO] [1789488468.545757077] [robot_1.robot_supervisor]: Triggered uncontrollable event: EV_zone_b_reached
[INFO] [1789488468.560102311] [robot_1.robot_supervisor]: Selected controllable event: EV_search_zone
[INFO] [1789488468.723655148] [robot_1.robot_supervisor]: Selected controllable event: EV_move_forward
[INFO] [1789488469.040217827] [robot_1.robot_supervisor]: Selected controllable event: EV_move_forward
[INFO] [1789488469.319527408] [robot_1.robot_supervisor]: Triggered uncontrollable event: EV_zone_a_not_visible
[INFO] [1789488469.320412124] [robot_1.robot_supervisor]: Triggered uncontrollable event: EV_zone_b_not_visible
[INFO] [1789488469.331406763] [robot_1.robot_supervisor]: Selected controllable event: EV_move_forward
[INFO] [1789488469.538916050] [robot_1.robot_supervisor]: Selected controllable event: EV_move_forward
[INFO] [1789488469.816676583] [robot_1.robot_supervisor]: Selected controllable event: EV_move_forward
[INFO] [1789488470.120255698] [robot_1.robot_supervisor]: Triggered uncontrollable event: EV_zone_a_not_visible
[INFO] [1789488470.134299434] [robot_1.robot_supervisor]: Triggered uncontrollable event: EV_obstacle_left
[INFO] [1789488470.135239676] [robot_1.robot_supervisor]: Selected controllable event: EV_u_turn
[INFO] [1789488470.136062828] [robot_1.robot_supervisor]: Starting FULL ROTATE (omega=1.000, have_odom=True, target_rad=3.142, timeout_s=3.500)
[INFO] [1789488473.736331205] [robot_1.robot_supervisor]: FULL ROTATE completed by timeout
[INFO] [1789488474.041753451] [robot_1.robot_supervisor]: Triggered uncontrollable event: EV_zone_a_not_visible
[INFO] [1789488474.057838772] [robot_1.robot_supervisor]: Triggered uncontrollable event: EV_obstacle_right
[INFO] [1789488474.058681715] [robot_1.robot_supervisor]: Triggered uncontrollable event: EV_zone_b_not_visible
[INFO] [1789488474.059668132] [robot_1.robot_supervisor]: Selected controllable event: EV_rotate_counterclockwise
[WARN] [1789488474.080439520] [robot_1.robot_supervisor]: no translation for 4.2s livelock detected; starting atomic escape (turn_sign=+1)
[INFO] [1789488476.526959582] [robot_1.robot_supervisor]: Zone-livelock escape completed
[INFO] [1789488476.751218516] [robot_1.robot_supervisor]: Triggered uncontrollable event: EV_zone_a_not_visible
[INFO] [1789488476.752137117] [robot_1.robot_supervisor]: Triggered uncontrollable event: EV_zone_b_not_visible
[INFO] [1789488476.775257640] [robot_1.robot_supervisor]: Selected controllable event: EV_move_forward
[INFO] [1789488477.022570719] [robot_1.robot_supervisor]: Selected controllable event: EV_move_forward
[INFO] [1789488477.354948514] [robot_1.robot_supervisor]: Selected controllable event: EV_move_forward
[INFO] [1789488477.646477411] [robot_1.robot_supervisor]: Selected controllable event: EV_move_forward
[INFO] [1789488477.926911402] [robot_1.robot_supervisor]: Triggered uncontrollable event: EV_zone_a_not_visible
[INFO] [1789488477.927673139] [robot_1.robot_supervisor]: Triggered uncontrollable event: EV_zone_b_not_visible
[INFO] [1789488477.928604026] [robot_1.robot_supervisor]: Selected controllable event: EV_search_zone
[INFO] [1789488478.135825139] [robot_1.robot_supervisor]: Selected controllable event: EV_search_zone
[INFO] [1789488478.252403162] [robot_1.robot_supervisor]: Selected controllable event: EV_search_zone
[INFO] [1789488478.425230808] [robot_1.robot_supervisor]: Selected controllable event: EV_move_forward
[INFO] [1789488478.646612969] [robot_1.robot_supervisor]: Selected controllable event: EV_move_forward
[INFO] [1789488478.928592594] [robot_1.robot_supervisor]: Triggered uncontrollable event: EV_zone_a_not_visible
[INFO] [1789488478.929419658] [robot_1.robot_supervisor]: Triggered uncontrollable event: EV_zone_b_not_visible
[INFO] [1789488478.944902687] [robot_1.robot_supervisor]: Selected controllable event: EV_move_forward
[INFO] [1789488479.230303134] [robot_1.robot_supervisor]: Selected controllable event: EV_move_forward
[INFO] [1789488479.513407073] [robot_1.robot_supervisor]: Selected controllable event: EV_search_zone
[INFO] [1789488479.651549856] [robot_1.robot_supervisor]: Triggered uncontrollable event: EV_zone_a_not_visible
[INFO] [1789488479.661954281] [robot_1.robot_supervisor]: Selected controllable event: EV_move_forward
[INFO] [1789488479.947803755] [robot_1.robot_supervisor]: Triggered uncontrollable event: EV_zone_b_not_visible
[INFO] [1789488479.954738571] [robot_1.robot_supervisor]: Selected controllable event: EV_search_zone
[INFO] [1789488480.125729367] [robot_1.robot_supervisor]: Selected controllable event: EV_move_forward
[INFO] [1789488480.430829846] [robot_1.robot_supervisor]: Selected controllable event: EV_search_zone
[INFO] [1789488480.650768252] [robot_1.robot_supervisor]: Triggered uncontrollable event: EV_zone_a_not_visible
[INFO] [1789488480.657286127] [robot_1.robot_supervisor]: Triggered uncontrollable event: EV_zone_b_not_visible
[INFO] [1789488480.663659314] [robot_1.robot_supervisor]: Selected controllable event: EV_search_zone
[INFO] [1789488480.826910442] [robot_1.robot_supervisor]: Selected controllable event: EV_move_forward
[INFO] [1789488481.135990212] [robot_1.robot_supervisor]: Selected controllable event: EV_search_zone
[INFO] [1789488481.325858803] [robot_1.robot_supervisor]: Selected controllable event: EV_search_zone
[INFO] [1789488481.532312420] [robot_1.robot_supervisor]: Triggered uncontrollable event: EV_zone_a_not_visible
[INFO] [1789488481.542266193] [robot_1.robot_supervisor]: Triggered uncontrollable event: EV_zone_b_not_visible
[INFO] [1789488481.549075407] [robot_1.robot_supervisor]: Selected controllable event: EV_move_forward
[INFO] [1789488481.829258205] [robot_1.robot_supervisor]: Selected controllable event: EV_search_zone
[INFO] [1789488482.022314476] [robot_1.robot_supervisor]: Selected controllable event: EV_move_forward
[INFO] [1789488482.331664345] [robot_1.robot_supervisor]: Selected controllable event: EV_move_forward
[INFO] [1789488482.629378367] [robot_1.robot_supervisor]: Triggered uncontrollable event: EV_zone_a_not_visible
[INFO] [1789488482.641318170] [robot_1.robot_supervisor]: Triggered uncontrollable event: EV_zone_b_not_visible
[INFO] [1789488482.642640828] [robot_1.robot_supervisor]: Selected controllable event: EV_search_zone
[INFO] [1789488482.846694009] [robot_1.robot_supervisor]: Selected controllable event: EV_search_zone
[INFO] [1789488483.025783160] [robot_1.robot_supervisor]: Selected controllable event: EV_move_forward
[INFO] [1789488483.258235772] [robot_1.robot_supervisor]: Selected controllable event: EV_move_forward
[INFO] [1789488483.521546904] [robot_1.robot_supervisor]: Triggered uncontrollable event: EV_zone_a_not_visible
[INFO] [1789488483.539141799] [robot_1.robot_supervisor]: Triggered uncontrollable event: EV_obstacle_right
[INFO] [1789488483.540245039] [robot_1.robot_supervisor]: Selected controllable event: EV_rotate_counterclockwise
[INFO] [1789488483.725561924] [robot_1.robot_supervisor]: Triggered uncontrollable event: EV_obstacle_right
[INFO] [1789488483.726372004] [robot_1.robot_supervisor]: Triggered uncontrollable event: EV_zone_b_not_visible
[INFO] [1789488483.727322127] [robot_1.robot_supervisor]: Selected controllable event: EV_u_turn
[INFO] [1789488483.747939613] [robot_1.robot_supervisor]: Starting FULL ROTATE (omega=1.000, have_odom=True, target_rad=3.142, timeout_s=3.500)
[INFO] [1789488487.333198640] [robot_1.robot_supervisor]: FULL ROTATE completed by timeout
[INFO] [1789488487.627469358] [robot_1.robot_supervisor]: Triggered uncontrollable event: EV_zone_a_not_visible
[INFO] [1789488487.638731387] [robot_1.robot_supervisor]: Triggered uncontrollable event: EV_zone_b_not_visible
[INFO] [1789488487.639642824] [robot_1.robot_supervisor]: Selected controllable event: EV_search_zone
[INFO] [1789488487.742970651] [robot_1.robot_supervisor]: Triggered uncontrollable event: EV_zone_a_not_visible
[INFO] [1789488487.749526248] [robot_1.robot_supervisor]: Selected controllable event: EV_search_zone
[INFO] [1789488487.928186135] [robot_1.robot_supervisor]: Triggered uncontrollable event: EV_zone_b_not_visible
[INFO] [1789488487.933249849] [robot_1.robot_supervisor]: Selected controllable event: EV_move_forward
[INFO] [1789488488.223779316] [robot_1.robot_supervisor]: Selected controllable event: EV_search_zone
[INFO] [1789488488.433308536] [robot_1.robot_supervisor]: Selected controllable event: EV_search_zone
[INFO] [1789488488.636059817] [robot_1.robot_supervisor]: Triggered uncontrollable event: EV_zone_b_visible
[INFO] [1789488488.642650947] [robot_1.robot_supervisor]: Triggered uncontrollable event: EV_zone_a_not_visible
[INFO] [1789488488.655787776] [robot_1.robot_supervisor]: Selected controllable event: EV_approach_zone
[INFO] [1789488488.935239079] [robot_1.robot_supervisor]: Selected controllable event: EV_approach_zone
[INFO] [1789488489.216304837] [robot_1.robot_supervisor]: Selected controllable event: EV_approach_zone
