[INFO] [1789488316.082456787] [robot_0.robot_supervisor]: Loaded initial mission 'balanced_delivery' from explicit YAML supervisor.yaml
[INFO] [1789488316.584643131] [robot_0.robot_supervisor]: Selected controllable event: EV_search_object
[INFO] [1789488316.723488182] [robot_0.robot_supervisor]: Selected controllable event: EV_move_forward
[INFO] [1789488317.061662261] [robot_0.robot_supervisor]: Selected controllable event: EV_move_forward
[INFO] [1789488317.329322753] [robot_0.robot_supervisor]: Selected controllable event: EV_move_forward
[INFO] [1789488317.614419424] [robot_0.robot_supervisor]: Selected controllable event: EV_search_object
[INFO] [1789488317.814728505] [robot_0.robot_supervisor]: Selected controllable event: EV_search_object
[INFO] [1789488318.019273443] [robot_0.robot_supervisor]: Selected controllable event: EV_move_forward
[INFO] [1789488318.314625786] [robot_0.robot_supervisor]: Selected controllable event: EV_move_forward
[INFO] [1789488318.518848683] [robot_0.robot_supervisor]: Selected controllable event: EV_search_object
[INFO] [1789488318.714761150] [robot_0.robot_supervisor]: Selected controllable event: EV_move_forward
[INFO] [1789488319.014801512] [robot_0.robot_supervisor]: Selected controllable event: EV_move_forward
[INFO] [1789488319.316881115] [robot_0.robot_supervisor]: Selected controllable event: EV_move_forward
[INFO] [1789488319.617193783] [robot_0.robot_supervisor]: Selected controllable event: EV_move_forward
[INFO] [1789488319.914611642] [robot_0.robot_supervisor]: Selected controllable event: EV_search_object
[INFO] [1789488320.114628736] [robot_0.robot_supervisor]: Selected controllable event: EV_move_forward
[INFO] [1789488320.324533241] [robot_0.robot_supervisor]: Selected controllable event: EV_move_forward
[INFO] [1789488320.618361596] [robot_0.robot_supervisor]: Selected controllable event: EV_move_forward
[INFO] [1789488320.916763231] [robot_0.robot_supervisor]: Selected controllable event: EV_search_object
[INFO] [1789488321.116154902] [robot_0.robot_supervisor]: Selected controllable event: EV_search_object
[INFO] [1789488321.316992013] [robot_0.robot_supervisor]: Selected controllable event: EV_search_object
[INFO] [1789488321.430183472] [robot_0.robot_supervisor]: ############################# REACHED: EV_object_reached #############################
[INFO] [1789488321.431347766] [robot_0.robot_supervisor]: Selected controllable event: EV_pick_up_object
[INFO] [1789488321.536139491] [robot_0.robot_supervisor]: Cargo 'robot_0_carried_generic_box' placed on robot.
[INFO] [1789488321.648544956] [robot_0.robot_supervisor]: Selected controllable event: EV_move_forward
[INFO] [1789488321.947793675] [robot_0.robot_supervisor]: Selected controllable event: EV_move_forward
[INFO] [1789488322.263602796] [robot_0.robot_supervisor]: Selected controllable event: EV_search_zone
[INFO] [1789488322.471414696] [robot_0.robot_supervisor]: Selected controllable event: EV_search_zone
[INFO] [1789488322.673067508] [robot_0.robot_supervisor]: Selected controllable event: EV_move_forward
[INFO] [1789488322.954367320] [robot_0.robot_supervisor]: Triggered uncontrollable event: EV_zone_a_not_visible
[INFO] [1789488322.962419406] [robot_0.robot_supervisor]: Triggered uncontrollable event: EV_zone_b_not_visible
[INFO] [1789488322.972038252] [robot_0.robot_supervisor]: Selected controllable event: EV_search_zone
[INFO] [1789488323.150933124] [robot_0.robot_supervisor]: Selected controllable event: EV_search_zone
[INFO] [1789488323.370661740] [robot_0.robot_supervisor]: Selected controllable event: EV_move_forward
[INFO] [1789488323.640356207] [robot_0.robot_supervisor]: Triggered uncontrollable event: EV_zone_a_not_visible
[INFO] [1789488323.657737269] [robot_0.robot_supervisor]: Selected controllable event: EV_move_forward
[INFO] [1789488323.943085537] [robot_0.robot_supervisor]: Triggered uncontrollable event: EV_zone_b_not_visible
[INFO] [1789488323.944070424] [robot_0.robot_supervisor]: Selected controllable event: EV_search_zone
[INFO] [1789488324.146618819] [robot_0.robot_supervisor]: Selected controllable event: EV_move_forward
[INFO] [1789488324.424164828] [robot_0.robot_supervisor]: Selected controllable event: EV_search_zone
[INFO] [1789488324.661244834] [robot_0.robot_supervisor]: Triggered uncontrollable event: EV_zone_a_not_visible
[INFO] [1789488324.662032792] [robot_0.robot_supervisor]: Triggered uncontrollable event: EV_obstacle_left
[INFO] [1789488324.662642721] [robot_0.robot_supervisor]: Triggered uncontrollable event: EV_zone_b_not_visible
[INFO] [1789488324.670905260] [robot_0.robot_supervisor]: Selected controllable event: EV_rotate_clockwise
[INFO] [1789488324.835456870] [robot_0.robot_supervisor]: Triggered uncontrollable event: EV_obstacle_left
[INFO] [1789488324.845701816] [robot_0.robot_supervisor]: Selected controllable event: EV_u_turn
[INFO] [1789488324.846492916] [robot_0.robot_supervisor]: Starting FULL ROTATE (omega=1.000, have_odom=True, target_rad=3.142, timeout_s=3.500)
[INFO] [1789488328.352727252] [robot_0.robot_supervisor]: FULL ROTATE completed by timeout
[INFO] [1789488328.635658291] [robot_0.robot_supervisor]: Triggered uncontrollable event: EV_zone_a_not_visible
[INFO] [1789488328.636503825] [robot_0.robot_supervisor]: Triggered uncontrollable event: EV_obstacle_right
[INFO] [1789488328.637254945] [robot_0.robot_supervisor]: Triggered uncontrollable event: EV_zone_b_not_visible
[INFO] [1789488328.656109111] [robot_0.robot_supervisor]: Selected controllable event: EV_u_turn
[INFO] [1789488328.757175479] [robot_0.robot_supervisor]: Triggered uncontrollable event: EV_obstacle_right
[INFO] [1789488328.758894499] [robot_0.robot_supervisor]: Selected controllable event: EV_u_turn
[INFO] [1789488328.831128124] [robot_0.robot_supervisor]: Triggered uncontrollable event: EV_obstacle_right
[INFO] [1789488328.849508345] [robot_0.robot_supervisor]: Selected controllable event: EV_u_turn
[INFO] [1789488328.935136107] [robot_0.robot_supervisor]: Triggered uncontrollable event: EV_obstacle_right
[INFO] [1789488328.936264289] [robot_0.robot_supervisor]: Selected controllable event: EV_u_turn
[INFO] [1789488329.047492855] [robot_0.robot_supervisor]: Triggered uncontrollable event: EV_obstacle_right
[INFO] [1789488329.048467411] [robot_0.robot_supervisor]: Selected controllable event: EV_rotate_counterclockwise
[WARN] [1789488329.049487687] [robot_0.robot_supervisor]: no translation for 4.6s livelock detected; starting atomic escape (turn_sign=+1)
[INFO] [1789488331.556739888] [robot_0.robot_supervisor]: Zone-livelock escape completed
[INFO] [1789488331.751509893] [robot_0.robot_supervisor]: Triggered uncontrollable event: EV_zone_a_visible
[INFO] [1789488331.754156761] [robot_0.robot_supervisor]: Triggered uncontrollable event: EV_zone_b_not_visible
[INFO] [1789488331.765309676] [robot_0.robot_supervisor]: Selected controllable event: EV_move_forward
[INFO] [1789488332.043719064] [robot_0.robot_supervisor]: Triggered uncontrollable event: EV_zone_a_visible
[INFO] [1789488332.055697153] [robot_0.robot_supervisor]: Selected controllable event: EV_approach_zone
[INFO] [1789488332.333372671] [robot_0.robot_supervisor]: Triggered uncontrollable event: EV_zone_b_visible
[INFO] [1789488332.346463108] [robot_0.robot_supervisor]: Selected controllable event: EV_move_forward
[INFO] [1789488332.657225396] [robot_0.robot_supervisor]: Selected controllable event: EV_approach_zone
[INFO] [1789488332.940454670] [robot_0.robot_supervisor]: Triggered uncontrollable event: EV_zone_a_visible
[INFO] [1789488332.947160301] [robot_0.robot_supervisor]: Selected controllable event: EV_approach_zone
[INFO] [1789488333.242197726] [robot_0.robot_supervisor]: Triggered uncontrollable event: EV_zone_b_visible
[INFO] [1789488333.245479263] [robot_0.robot_supervisor]: Selected controllable event: EV_move_forward
[INFO] [1789488333.560231601] [robot_0.robot_supervisor]: Selected controllable event: EV_move_forward
[INFO] [1789488333.836475751] [robot_0.robot_supervisor]: Selected controllable event: EV_move_forward
[INFO] [1789488334.049170802] [robot_0.robot_supervisor]: Triggered uncontrollable event: EV_zone_a_visible
[INFO] [1789488334.064116233] [robot_0.robot_supervisor]: Triggered uncontrollable event: EV_zone_b_visible
[INFO] [1789488334.075751768] [robot_0.robot_supervisor]: Selected controllable event: EV_move_forward
[INFO] [1789488334.334202523] [robot_0.robot_supervisor]: Selected controllable event: EV_move_forward
[INFO] [1789488334.554436697] [robot_0.robot_supervisor]: Selected controllable event: EV_move_forward
[INFO] [1789488334.847903091] [robot_0.robot_supervisor]: Selected controllable event: EV_move_forward
[INFO] [1789488335.152444877] [robot_0.robot_supervisor]: Triggered uncontrollable event: EV_zone_a_visible
[INFO] [1789488335.164383001] [robot_0.robot_supervisor]: Triggered uncontrollable event: EV_zone_b_visible
[INFO] [1789488335.165433328] [robot_0.robot_supervisor]: Selected controllable event: EV_move_forward
[INFO] [1789488335.427952621] [robot_0.robot_supervisor]: Selected controllable event: EV_move_forward
[INFO] [1789488335.727824817] [robot_0.robot_supervisor]: Selected controllable event: EV_move_forward
[INFO] [1789488335.947800882] [robot_0.robot_supervisor]: Triggered uncontrollable event: EV_zone_a_visible
[INFO] [1789488335.948507055] [robot_0.robot_supervisor]: Triggered uncontrollable event: EV_zone_b_visible
[INFO] [1789488335.949490072] [robot_0.robot_supervisor]: Selected controllable event: EV_move_forward
[INFO] [1789488336.222265030] [robot_0.robot_supervisor]: Selected controllable event: EV_move_forward
[INFO] [1789488336.446179164] [robot_0.robot_supervisor]: Selected controllable event: EV_approach_zone
[INFO] [1789488336.657169317] [robot_0.robot_supervisor]: Selected controllable event: EV_approach_zone
[INFO] [1789488336.947501881] [robot_0.robot_supervisor]: Triggered uncontrollable event: EV_zone_a_visible
[INFO] [1789488336.964813256] [robot_0.robot_supervisor]: Triggered uncontrollable event: EV_zone_b_visible
[INFO] [1789488336.965858581] [robot_0.robot_supervisor]: Selected controllable event: EV_approach_zone
[INFO] [1789488337.230309610] [robot_0.robot_supervisor]: Selected controllable event: EV_approach_zone
[INFO] [1789488337.442287397] [robot_0.robot_supervisor]: Selected controllable event: EV_move_forward
[INFO] [1789488337.754948734] [robot_0.robot_supervisor]: Triggered uncontrollable event: EV_zone_a_visible
[INFO] [1789488337.767590793] [robot_0.robot_supervisor]: Triggered uncontrollable event: EV_zone_b_visible
[INFO] [1789488337.770780711] [robot_0.robot_supervisor]: Selected controllable event: EV_approach_zone
[INFO] [1789488338.020444883] [robot_0.robot_supervisor]: Selected controllable event: EV_move_forward
[INFO] [1789488338.235516583] [robot_0.robot_supervisor]: Selected controllable event: EV_approach_zone
[INFO] [1789488338.563589658] [robot_0.robot_supervisor]: Selected controllable event: EV_move_forward
[INFO] [1789488338.839324158] [robot_0.robot_supervisor]: Triggered uncontrollable event: EV_zone_a_visible
[INFO] [1789488338.840093719] [robot_0.robot_supervisor]: Triggered uncontrollable event: EV_zone_b_visible
[INFO] [1789488338.858386671] [robot_0.robot_supervisor]: Selected controllable event: EV_approach_zone
[INFO] [1789488339.122144425] [robot_0.robot_supervisor]: Selected controllable event: EV_move_forward
[INFO] [1789488339.360184697] [robot_0.robot_supervisor]: Selected controllable event: EV_move_forward
[INFO] [1789488339.632007683] [robot_0.robot_supervisor]: Triggered uncontrollable event: EV_zone_a_visible
[INFO] [1789488339.632705668] [robot_0.robot_supervisor]: Triggered uncontrollable event: EV_zone_b_visible
[INFO] [1789488339.644558178] [robot_0.robot_supervisor]: Selected controllable event: EV_move_forward
[INFO] [1789488339.919178259] [robot_0.robot_supervisor]: Selected controllable event: EV_approach_zone
[INFO] [1789488340.149306205] [robot_0.robot_supervisor]: Selected controllable event: EV_approach_zone
[INFO] [1789488340.461516919] [robot_0.robot_supervisor]: Selected controllable event: EV_approach_zone
[INFO] [1789488340.725621534] [robot_0.robot_supervisor]: Triggered uncontrollable event: EV_zone_a_visible
[INFO] [1789488340.726515185] [robot_0.robot_supervisor]: Triggered uncontrollable event: EV_zone_b_visible
[INFO] [1789488340.748001061] [robot_0.robot_supervisor]: Selected controllable event: EV_move_forward
[INFO] [1789488341.058715118] [robot_0.robot_supervisor]: Selected controllable event: EV_approach_zone
[INFO] [1789488341.343336667] [robot_0.robot_supervisor]: Selected controllable event: EV_approach_zone
[INFO] [1789488341.610526032] [robot_0.robot_supervisor]: Selected controllable event: EV_move_forward
[INFO] [1789488341.864450898] [robot_0.robot_supervisor]: Triggered uncontrollable event: EV_zone_a_visible
[INFO] [1789488341.865359081] [robot_0.robot_supervisor]: Triggered uncontrollable event: EV_zone_b_visible
[INFO] [1789488341.866467812] [robot_0.robot_supervisor]: Selected controllable event: EV_move_forward
[INFO] [1789488342.136691876] [robot_0.robot_supervisor]: Selected controllable event: EV_approach_zone
[INFO] [1789488342.429591682] [robot_0.robot_supervisor]: Selected controllable event: EV_approach_zone
[INFO] [1789488342.669245490] [robot_0.robot_supervisor]: Selected controllable event: EV_move_forward
[INFO] [1789488342.933458135] [robot_0.robot_supervisor]: Triggered uncontrollable event: EV_zone_a_visible
[INFO] [1789488342.950926776] [robot_0.robot_supervisor]: Triggered uncontrollable event: EV_zone_b_visible
[INFO] [1789488342.952146239] [robot_0.robot_supervisor]: Selected controllable event: EV_approach_zone
[INFO] [1789488343.262531989] [robot_0.robot_supervisor]: Selected controllable event: EV_move_forward
[INFO] [1789488343.560467068] [robot_0.robot_supervisor]: Selected controllable event: EV_move_forward
[INFO] [1789488343.833373492] [robot_0.robot_supervisor]: Selected controllable event: EV_approach_zone
[INFO] [1789488344.060664164] [robot_0.robot_supervisor]: Selected controllable event: EV_move_forward
[INFO] [1789488344.340687974] [robot_0.robot_supervisor]: Triggered uncontrollable event: EV_zone_a_visible
[INFO] [1789488344.341536787] [robot_0.robot_supervisor]: Triggered uncontrollable event: EV_zone_b_visible
[INFO] [1789488344.342595872] [robot_0.robot_supervisor]: Selected controllable event: EV_move_forward
[INFO] [1789488344.669838570] [robot_0.robot_supervisor]: Selected controllable event: EV_move_forward
[INFO] [1789488344.941294251] [robot_0.robot_supervisor]: Selected controllable event: EV_approach_zone
[INFO] [1789488345.247793465] [robot_0.robot_supervisor]: Triggered uncontrollable event: EV_zone_a_visible
[INFO] [1789488345.255229632] [robot_0.robot_supervisor]: Selected controllable event: EV_approach_zone
[INFO] [1789488345.540360406] [robot_0.robot_supervisor]: Triggered uncontrollable event: EV_zone_b_visible
[INFO] [1789488345.541345212] [robot_0.robot_supervisor]: Selected controllable event: EV_approach_zone
[INFO] [1789488345.744411223] [robot_0.robot_supervisor]: Selected controllable event: EV_approach_zone
[INFO] [1789488345.974732521] [robot_0.robot_supervisor]: Selected controllable event: EV_approach_zone
[INFO] [1789488346.234223894] [robot_0.robot_supervisor]: Triggered uncontrollable event: EV_zone_a_visible
[INFO] [1789488346.235225630] [robot_0.robot_supervisor]: Selected controllable event: EV_approach_zone
[INFO] [1789488346.465462708] [robot_0.robot_supervisor]: Triggered uncontrollable event: EV_zone_b_visible
[INFO] [1789488346.466561564] [robot_0.robot_supervisor]: Selected controllable event: EV_move_forward
[INFO] [1789488346.750907916] [robot_0.robot_supervisor]: Selected controllable event: EV_move_forward
[INFO] [1789488347.043438233] [robot_0.robot_supervisor]: Selected controllable event: EV_approach_zone
[INFO] [1789488347.332622143] [robot_0.robot_supervisor]: Triggered uncontrollable event: EV_zone_a_visible
[INFO] [1789488347.345154235] [robot_0.robot_supervisor]: Triggered uncontrollable event: EV_zone_b_visible
[INFO] [1789488347.346283086] [robot_0.robot_supervisor]: Selected controllable event: EV_move_forward
[INFO] [1789488347.563686884] [robot_0.robot_supervisor]: Selected controllable event: EV_move_forward
[INFO] [1789488347.861921270] [robot_0.robot_supervisor]: Selected controllable event: EV_approach_zone
[INFO] [1789488348.152484331] [robot_0.robot_supervisor]: Selected controllable event: EV_approach_zone
[INFO] [1789488348.452242543] [robot_0.robot_supervisor]: Triggered uncontrollable event: EV_zone_a_visible
[INFO] [1789488348.457917577] [robot_0.robot_supervisor]: Triggered uncontrollable event: EV_zone_b_visible
[INFO] [1789488348.470418121] [robot_0.robot_supervisor]: Selected controllable event: EV_move_forward
[INFO] [1789488348.742671246] [robot_0.robot_supervisor]: Selected controllable event: EV_approach_zone
[INFO] [1789488349.044798466] [robot_0.robot_supervisor]: Selected controllable event: EV_approach_zone
[INFO] [1789488349.247765123] [robot_0.robot_supervisor]: Selected controllable event: EV_approach_zone
[INFO] [1789488349.561287219] [robot_0.robot_supervisor]: Triggered uncontrollable event: EV_zone_a_visible
[INFO] [1789488349.582494880] [robot_0.robot_supervisor]: Selected controllable event: EV_approach_zone
[INFO] [1789488349.831837027] [robot_0.robot_supervisor]: Triggered uncontrollable event: EV_zone_b_visible
[INFO] [1789488349.852955690] [robot_0.robot_supervisor]: Selected controllable event: EV_move_forward
[INFO] [1789488350.127761485] [robot_0.robot_supervisor]: Selected controllable event: EV_approach_zone
[INFO] [1789488350.365973082] [robot_0.robot_supervisor]: Selected controllable event: EV_approach_zone
[INFO] [1789488350.652931549] [robot_0.robot_supervisor]: Triggered uncontrollable event: EV_zone_a_visible
[INFO] [1789488350.653835545] [robot_0.robot_supervisor]: Triggered uncontrollable event: EV_zone_b_visible
[INFO] [1789488350.654957745] [robot_0.robot_supervisor]: Selected controllable event: EV_move_forward
[INFO] [1789488350.967006691] [robot_0.robot_supervisor]: Selected controllable event: EV_approach_zone
[INFO] [1789488351.178723922] [robot_0.robot_supervisor]: Selected controllable event: EV_move_forward
[INFO] [1789488351.439348813] [robot_0.robot_supervisor]: Triggered uncontrollable event: EV_zone_a_visible
[INFO] [1789488351.454962726] [robot_0.robot_supervisor]: Triggered uncontrollable event: EV_zone_b_visible
[INFO] [1789488351.456019350] [robot_0.robot_supervisor]: Selected controllable event: EV_approach_zone
[INFO] [1789488351.736724157] [robot_0.robot_supervisor]: Selected controllable event: EV_move_forward
[INFO] [1789488352.051992250] [robot_0.robot_supervisor]: Selected controllable event: EV_move_forward
[INFO] [1789488352.262383377] [robot_0.robot_supervisor]: Selected controllable event: EV_move_forward
[INFO] [1789488352.544735080] [robot_0.robot_supervisor]: Triggered uncontrollable event: EV_zone_a_visible
[INFO] [1789488352.545542714] [robot_0.robot_supervisor]: Triggered uncontrollable event: EV_zone_b_visible
[INFO] [1789488352.546548907] [robot_0.robot_supervisor]: Selected controllable event: EV_move_forward
[INFO] [1789488352.850349647] [robot_0.robot_supervisor]: Selected controllable event: EV_move_forward
[INFO] [1789488353.152163257] [robot_0.robot_supervisor]: Selected controllable event: EV_approach_zone
[INFO] [1789488353.357241376] [robot_0.robot_supervisor]: Triggered uncontrollable event: EV_zone_a_visible
[INFO] [1789488353.369356015] [robot_0.robot_supervisor]: Selected controllable event: EV_approach_zone
[INFO] [1789488353.661587515] [robot_0.robot_supervisor]: Triggered uncontrollable event: EV_zone_b_visible
[INFO] [1789488353.663419876] [robot_0.robot_supervisor]: Selected controllable event: EV_approach_zone
[INFO] [1789488353.941113520] [robot_0.robot_supervisor]: Selected controllable event: EV_approach_zone
[INFO] [1789488354.220123162] [robot_0.robot_supervisor]: Selected controllable event: EV_move_forward
[INFO] [1789488354.446597144] [robot_0.robot_supervisor]: Triggered uncontrollable event: EV_zone_a_visible
[INFO] [1789488354.455077082] [robot_0.robot_supervisor]: Triggered uncontrollable event: EV_zone_b_visible
[INFO] [1789488354.459961355] [robot_0.robot_supervisor]: Selected controllable event: EV_move_forward
[INFO] [1789488354.766791353] [robot_0.robot_supervisor]: Selected controllable event: EV_approach_zone
[INFO] [1789488355.041377380] [robot_0.robot_supervisor]: Selected controllable event: EV_move_forward
[INFO] [1789488355.269600137] [robot_0.robot_supervisor]: Selected controllable event: EV_approach_zone
[INFO] [1789488355.550107696] [robot_0.robot_supervisor]: Triggered uncontrollable event: EV_zone_a_visible
[INFO] [1789488355.553789377] [robot_0.robot_supervisor]: Triggered uncontrollable event: EV_zone_b_visible
[INFO] [1789488355.566770174] [robot_0.robot_supervisor]: Selected controllable event: EV_move_forward
[INFO] [1789488355.834255308] [robot_0.robot_supervisor]: Selected controllable event: EV_move_forward
[INFO] [1789488356.063095044] [robot_0.robot_supervisor]: Selected controllable event: EV_move_forward
[INFO] [1789488356.350117396] [robot_0.robot_supervisor]: Triggered uncontrollable event: EV_zone_a_not_visible
[INFO] [1789488356.351245461] [robot_0.robot_supervisor]: Triggered uncontrollable event: EV_obstacle_left
[INFO] [1789488356.362926363] [robot_0.robot_supervisor]: Selected controllable event: EV_u_turn
[INFO] [1789488356.363937607] [robot_0.robot_supervisor]: Starting FULL ROTATE (omega=1.000, have_odom=True, target_rad=3.142, timeout_s=3.500)
[INFO] [1789488359.939429458] [robot_0.robot_supervisor]: FULL ROTATE completed by timeout
[INFO] [1789488360.237247973] [robot_0.robot_supervisor]: Triggered uncontrollable event: EV_zone_b_visible
[INFO] [1789488360.247135889] [robot_0.robot_supervisor]: Triggered uncontrollable event: EV_zone_a_not_visible
[INFO] [1789488360.254009742] [robot_0.robot_supervisor]: Triggered uncontrollable event: EV_obstacle_right
[INFO] [1789488360.255944365] [robot_0.robot_supervisor]: Selected controllable event: EV_u_turn
[INFO] [1789488360.346897895] [robot_0.robot_supervisor]: Triggered uncontrollable event: EV_obstacle_right
[INFO] [1789488360.351724541] [robot_0.robot_supervisor]: Selected controllable event: EV_u_turn
[INFO] [1789488360.424148428] [robot_0.robot_supervisor]: Triggered uncontrollable event: EV_obstacle_right
[INFO] [1789488360.428482126] [robot_0.robot_supervisor]: Selected controllable event: EV_rotate_counterclockwise
[WARN] [1789488360.432625368] [robot_0.robot_supervisor]: no translation for 4.4s livelock detected; starting atomic escape (turn_sign=+1)
[INFO] [1789488363.035080969] [robot_0.robot_supervisor]: Zone-livelock escape completed
[INFO] [1789488363.236194941] [robot_0.robot_supervisor]: Triggered uncontrollable event: EV_zone_b_visible
[INFO] [1789488363.239362117] [robot_0.robot_supervisor]: Triggered uncontrollable event: EV_zone_a_not_visible
[INFO] [1789488363.250943208] [robot_0.robot_supervisor]: Triggered uncontrollable event: EV_zone_b_not_visible
[INFO] [1789488363.256967269] [robot_0.robot_supervisor]: Selected controllable event: EV_move_forward
[INFO] [1789488363.539881381] [robot_0.robot_supervisor]: Selected controllable event: EV_move_forward
[INFO] [1789488363.759314177] [robot_0.robot_supervisor]: Triggered uncontrollable event: EV_zone_a_not_visible
[INFO] [1789488363.773347369] [robot_0.robot_supervisor]: Selected controllable event: EV_move_forward
[INFO] [1789488364.027119142] [robot_0.robot_supervisor]: Triggered uncontrollable event: EV_zone_b_not_visible
[INFO] [1789488364.032548925] [robot_0.robot_supervisor]: Selected controllable event: EV_search_zone
[INFO] [1789488364.234286130] [robot_0.robot_supervisor]: Selected controllable event: EV_move_forward
[INFO] [1789488364.566080712] [robot_0.robot_supervisor]: Selected controllable event: EV_move_forward
[INFO] [1789488364.845083907] [robot_0.robot_supervisor]: Triggered uncontrollable event: EV_zone_a_not_visible
[INFO] [1789488364.845881003] [robot_0.robot_supervisor]: Triggered uncontrollable event: EV_zone_b_not_visible
[INFO] [1789488364.858660428] [robot_0.robot_supervisor]: Selected controllable event: EV_search_zone
[INFO] [1789488365.048539770] [robot_0.robot_supervisor]: Selected controllable event: EV_move_forward
[INFO] [1789488365.348455324] [robot_0.robot_supervisor]: Selected controllable event: EV_move_forward
[INFO] [1789488365.627632773] [robot_0.robot_supervisor]: Triggered uncontrollable event: EV_zone_a_not_visible
[INFO] [1789488365.634943781] [robot_0.robot_supervisor]: Triggered uncontrollable event: EV_zone_b_not_visible
[INFO] [1789488365.646358705] [robot_0.robot_supervisor]: Selected controllable event: EV_search_zone
[INFO] [1789488365.851302343] [robot_0.robot_supervisor]: Selected controllable event: EV_search_zone
[INFO] [1789488366.023325692] [robot_0.robot_supervisor]: Selected controllable event: EV_move_forward
[INFO] [1789488366.267440733] [robot_0.robot_supervisor]: Selected controllable event: EV_move_forward
[INFO] [1789488366.541176376] [robot_0.robot_supervisor]: Selected controllable event: EV_search_zone
[INFO] [1789488366.650787043] [robot_0.robot_supervisor]: Triggered uncontrollable event: EV_zone_a_not_visible
[INFO] [1789488366.655654086] [robot_0.robot_supervisor]: Selected controllable event: EV_search_zone
[INFO] [1789488366.818620507] [robot_0.robot_supervisor]: Triggered uncontrollable event: EV_zone_b_not_visible
[INFO] [1789488366.843783894] [robot_0.robot_supervisor]: Selected controllable event: EV_move_forward
[INFO] [1789488367.131936682] [robot_0.robot_supervisor]: Selected controllable event: EV_search_zone
[INFO] [1789488367.244037124] [robot_0.robot_supervisor]: Selected controllable event: EV_move_forward
[INFO] [1789488367.548707391] [robot_0.robot_supervisor]: Triggered uncontrollable event: EV_zone_a_not_visible
[INFO] [1789488367.549520612] [robot_0.robot_supervisor]: Triggered uncontrollable event: EV_zone_b_not_visible
[INFO] [1789488367.569475288] [robot_0.robot_supervisor]: Selected controllable event: EV_move_forward
[INFO] [1789488367.835449281] [robot_0.robot_supervisor]: Selected controllable event: EV_search_zone
[INFO] [1789488368.047436537] [robot_0.robot_supervisor]: Selected controllable event: EV_search_zone
[INFO] [1789488368.243779406] [robot_0.robot_supervisor]: Selected controllable event: EV_move_forward
[INFO] [1789488368.549864543] [robot_0.robot_supervisor]: Triggered uncontrollable event: EV_zone_a_not_visible
[INFO] [1789488368.556764354] [robot_0.robot_supervisor]: Triggered uncontrollable event: EV_zone_b_not_visible
[INFO] [1789488368.564652916] [robot_0.robot_supervisor]: Selected controllable event: EV_move_forward
[INFO] [1789488368.849136258] [robot_0.robot_supervisor]: Selected controllable event: EV_search_zone
[INFO] [1789488369.017021166] [robot_0.robot_supervisor]: Selected controllable event: EV_search_zone
[INFO] [1789488369.150153029] [robot_0.robot_supervisor]: Selected controllable event: EV_move_forward
[INFO] [1789488369.442047103] [robot_0.robot_supervisor]: Triggered uncontrollable event: EV_zone_a_not_visible
[INFO] [1789488369.442967352] [robot_0.robot_supervisor]: Triggered uncontrollable event: EV_zone_b_not_visible
[INFO] [1789488369.449313174] [robot_0.robot_supervisor]: Selected controllable event: EV_move_forward
[INFO] [1789488369.724692288] [robot_0.robot_supervisor]: Selected controllable event: EV_search_zone
[INFO] [1789488369.856060787] [robot_0.robot_supervisor]: Selected controllable event: EV_move_forward
[INFO] [1789488370.127172604] [robot_0.robot_supervisor]: Selected controllable event: EV_search_zone
[INFO] [1789488370.348533387] [robot_0.robot_supervisor]: Triggered uncontrollable event: EV_zone_a_not_visible
[INFO] [1789488370.349323289] [robot_0.robot_supervisor]: Triggered uncontrollable event: EV_zone_b_not_visible
[INFO] [1789488370.360275049] [robot_0.robot_supervisor]: Selected controllable event: EV_search_zone
[INFO] [1789488370.540560209] [robot_0.robot_supervisor]: Selected controllable event: EV_search_zone
[INFO] [1789488370.646480411] [robot_0.robot_supervisor]: Selected controllable event: EV_search_zone
[INFO] [1789488370.841738960] [robot_0.robot_supervisor]: Selected controllable event: EV_move_forward
[INFO] [1789488371.146218734] [robot_0.robot_supervisor]: Selected controllable event: EV_move_forward
[INFO] [1789488371.415327120] [robot_0.robot_supervisor]: Triggered uncontrollable event: EV_zone_a_not_visible
[INFO] [1789488371.442258427] [robot_0.robot_supervisor]: Triggered uncontrollable event: EV_zone_b_not_visible
[INFO] [1789488371.443440811] [robot_0.robot_supervisor]: Selected controllable event: EV_move_forward
[INFO] [1789488371.730269829] [robot_0.robot_supervisor]: Selected controllable event: EV_move_forward
[INFO] [1789488371.958568506] [robot_0.robot_supervisor]: Selected controllable event: EV_search_zone
[INFO] [1789488372.145742267] [robot_0.robot_supervisor]: Selected controllable event: EV_move_forward
[INFO] [1789488372.453472015] [robot_0.robot_supervisor]: Triggered uncontrollable event: EV_zone_a_not_visible
[INFO] [1789488372.460880797] [robot_0.robot_supervisor]: Triggered uncontrollable event: EV_zone_b_not_visible
[INFO] [1789488372.461828530] [robot_0.robot_supervisor]: Selected controllable event: EV_search_zone
[INFO] [1789488372.660464761] [robot_0.robot_supervisor]: Selected controllable event: EV_search_zone
[INFO] [1789488372.848728210] [robot_0.robot_supervisor]: Selected controllable event: EV_move_forward
[INFO] [1789488373.161122641] [robot_0.robot_supervisor]: Selected controllable event: EV_move_forward
[INFO] [1789488373.455287667] [robot_0.robot_supervisor]: Triggered uncontrollable event: EV_zone_a_not_visible
[INFO] [1789488373.458748844] [robot_0.robot_supervisor]: Triggered uncontrollable event: EV_zone_b_not_visible
[INFO] [1789488373.474472043] [robot_0.robot_supervisor]: Selected controllable event: EV_move_forward
[INFO] [1789488373.747885351] [robot_0.robot_supervisor]: Selected controllable event: EV_search_zone
[INFO] [1789488373.962690713] [robot_0.robot_supervisor]: Selected controllable event: EV_move_forward
[INFO] [1789488374.235972783] [robot_0.robot_supervisor]: Triggered uncontrollable event: EV_zone_a_not_visible
[INFO] [1789488374.248640932] [robot_0.robot_supervisor]: Triggered uncontrollable event: EV_zone_b_not_visible
[INFO] [1789488374.249649076] [robot_0.robot_supervisor]: Selected controllable event: EV_search_zone
[INFO] [1789488374.456231130] [robot_0.robot_supervisor]: Selected controllable event: EV_move_forward
[INFO] [1789488374.741524618] [robot_0.robot_supervisor]: Selected controllable event: EV_move_forward
[INFO] [1789488374.965170904] [robot_0.robot_supervisor]: Selected controllable event: EV_search_zone
[INFO] [1789488375.133734383] [robot_0.robot_supervisor]: Triggered uncontrollable event: EV_zone_a_not_visible
[INFO] [1789488375.134563147] [robot_0.robot_supervisor]: Selected controllable event: EV_search_zone
[INFO] [1789488375.250077391] [robot_0.robot_supervisor]: Triggered uncontrollable event: EV_zone_b_not_visible
[INFO] [1789488375.261437733] [robot_0.robot_supervisor]: Selected controllable event: EV_move_forward
[INFO] [1789488375.544221609] [robot_0.robot_supervisor]: Selected controllable event: EV_move_forward
[INFO] [1789488375.865211392] [robot_0.robot_supervisor]: Selected controllable event: EV_search_zone
[INFO] [1789488376.033553809] [robot_0.robot_supervisor]: Triggered uncontrollable event: EV_zone_a_not_visible
[INFO] [1789488376.038783476] [robot_0.robot_supervisor]: Triggered uncontrollable event: EV_zone_b_not_visible
[INFO] [1789488376.045226957] [robot_0.robot_supervisor]: Selected controllable event: EV_move_forward
[INFO] [1789488376.332037573] [robot_0.robot_supervisor]: Selected controllable event: EV_move_forward
[INFO] [1789488376.638291240] [robot_0.robot_supervisor]: Selected controllable event: EV_search_zone
[INFO] [1789488376.837118818] [robot_0.robot_supervisor]: Triggered uncontrollable event: EV_zone_a_not_visible
[INFO] [1789488376.838052180] [robot_0.robot_supervisor]: Selected controllable event: EV_search_zone
[INFO] [1789488377.042580867] [robot_0.robot_supervisor]: Triggered uncontrollable event: EV_zone_b_not_visible
[INFO] [1789488377.043460809] [robot_0.robot_supervisor]: Selected controllable event: EV_search_zone
[INFO] [1789488377.247180886] [robot_0.robot_supervisor]: Selected controllable event: EV_move_forward
[INFO] [1789488377.540161338] [robot_0.robot_supervisor]: Selected controllable event: EV_search_zone
[INFO] [1789488377.748475140] [robot_0.robot_supervisor]: Selected controllable event: EV_search_zone
[INFO] [1789488377.941289433] [robot_0.robot_supervisor]: Triggered uncontrollable event: EV_zone_a_not_visible
[INFO] [1789488377.941957918] [robot_0.robot_supervisor]: Triggered uncontrollable event: EV_zone_b_not_visible
[INFO] [1789488377.956688972] [robot_0.robot_supervisor]: Selected controllable event: EV_move_forward
[INFO] [1789488378.235202296] [robot_0.robot_supervisor]: Selected controllable event: EV_move_forward
[INFO] [1789488378.443575569] [robot_0.robot_supervisor]: Selected controllable event: EV_search_zone
[INFO] [1789488378.560818218] [robot_0.robot_supervisor]: Selected controllable event: EV_move_forward
[INFO] [1789488378.835739052] [robot_0.robot_supervisor]: Triggered uncontrollable event: EV_zone_a_not_visible
[INFO] [1789488378.836595296] [robot_0.robot_supervisor]: Triggered uncontrollable event: EV_obstacle_left
[INFO] [1789488378.837250829] [robot_0.robot_supervisor]: Triggered uncontrollable event: EV_zone_b_not_visible
[INFO] [1789488378.838070899] [robot_0.robot_supervisor]: Selected controllable event: EV_u_turn
[INFO] [1789488378.838840477] [robot_0.robot_supervisor]: Starting FULL ROTATE (omega=1.000, have_odom=True, target_rad=3.142, timeout_s=3.500)
[INFO] [1789488382.453605053] [robot_0.robot_supervisor]: FULL ROTATE completed by timeout
[INFO] [1789488382.734978463] [robot_0.robot_supervisor]: Triggered uncontrollable event: EV_zone_a_visible
[INFO] [1789488382.751328556] [robot_0.robot_supervisor]: Triggered uncontrollable event: EV_obstacle_right
[INFO] [1789488382.752113071] [robot_0.robot_supervisor]: Triggered uncontrollable event: EV_zone_b_not_visible
[INFO] [1789488382.752992980] [robot_0.robot_supervisor]: Selected controllable event: EV_rotate_counterclockwise
[INFO] [1789488382.949579471] [robot_0.robot_supervisor]: Triggered uncontrollable event: EV_obstacle_right
[INFO] [1789488382.950583156] [robot_0.robot_supervisor]: Selected controllable event: EV_u_turn
[INFO] [1789488383.036374540] [robot_0.robot_supervisor]: Triggered uncontrollable event: EV_obstacle_right
[INFO] [1789488383.052819746] [robot_0.robot_supervisor]: Selected controllable event: EV_u_turn
[INFO] [1789488383.145156985] [robot_0.robot_supervisor]: Triggered uncontrollable event: EV_zone_a_visible
[INFO] [1789488383.150848022] [robot_0.robot_supervisor]: Selected controllable event: EV_move_forward
[INFO] [1789488383.446750891] [robot_0.robot_supervisor]: Triggered uncontrollable event: EV_zone_b_visible
[INFO] [1789488383.455958821] [robot_0.robot_supervisor]: Selected controllable event: EV_move_forward
[INFO] [1789488383.724024969] [robot_0.robot_supervisor]: Selected controllable event: EV_approach_zone
[INFO] [1789488384.030552407] [robot_0.robot_supervisor]: Triggered uncontrollable event: EV_zone_a_visible
[INFO] [1789488384.038710806] [robot_0.robot_supervisor]: Triggered uncontrollable event: EV_zone_b_visible
[INFO] [1789488384.042471454] [robot_0.robot_supervisor]: Selected controllable event: EV_approach_zone
[INFO] [1789488384.334295570] [robot_0.robot_supervisor]: Selected controllable event: EV_move_forward
[INFO] [1789488384.639135291] [robot_0.robot_supervisor]: Selected controllable event: EV_move_forward
[INFO] [1789488384.937793143] [robot_0.robot_supervisor]: Triggered uncontrollable event: EV_zone_a_visible
[INFO] [1789488384.945401316] [robot_0.robot_supervisor]: Triggered uncontrollable event: EV_zone_b_visible
[INFO] [1789488384.962265148] [robot_0.robot_supervisor]: Selected controllable event: EV_move_forward
[INFO] [1789488385.243132680] [robot_0.robot_supervisor]: Selected controllable event: EV_move_forward
[INFO] [1789488385.534175519] [robot_0.robot_supervisor]: Selected controllable event: EV_approach_zone
[INFO] [1789488385.851058991] [robot_0.robot_supervisor]: Triggered uncontrollable event: EV_zone_a_visible
[INFO] [1789488385.856158041] [robot_0.robot_supervisor]: Triggered uncontrollable event: EV_zone_b_visible
[INFO] [1789488385.866765827] [robot_0.robot_supervisor]: Selected controllable event: EV_approach_zone
[INFO] [1789488386.137225377] [robot_0.robot_supervisor]: Selected controllable event: EV_move_forward
[INFO] [1789488386.342240404] [robot_0.robot_supervisor]: Selected controllable event: EV_move_forward
[INFO] [1789488386.630443956] [robot_0.robot_supervisor]: Selected controllable event: EV_move_forward
[INFO] [1789488386.940655161] [robot_0.robot_supervisor]: Triggered uncontrollable event: EV_zone_a_visible
[INFO] [1789488386.941364531] [robot_0.robot_supervisor]: Triggered uncontrollable event: EV_zone_b_visible
[INFO] [1789488386.959842546] [robot_0.robot_supervisor]: Selected controllable event: EV_move_forward
[INFO] [1789488387.239231026] [robot_0.robot_supervisor]: Selected controllable event: EV_approach_zone
[INFO] [1789488387.533810056] [robot_0.robot_supervisor]: Selected controllable event: EV_approach_zone
[INFO] [1789488387.760106547] [robot_0.robot_supervisor]: Triggered uncontrollable event: EV_zone_b_visible
[INFO] [1789488387.760843288] [robot_0.robot_supervisor]: Triggered uncontrollable event: EV_zone_a_not_visible
[INFO] [1789488387.777843392] [robot_0.robot_supervisor]: Selected controllable event: EV_approach_zone
[INFO] [1789488388.034442285] [robot_0.robot_supervisor]: Selected controllable event: EV_move_forward
[INFO] [1789488388.242492754] [robot_0.robot_supervisor]: Selected controllable event: EV_move_forward
[INFO] [1789488388.553732942] [robot_0.robot_supervisor]: Selected controllable event: EV_move_forward
[INFO] [1789488388.851156460] [robot_0.robot_supervisor]: Triggered uncontrollable event: EV_zone_b_visible
[INFO] [1789488388.851888529] [robot_0.robot_supervisor]: Triggered uncontrollable event: EV_zone_a_not_visible
[INFO] [1789488388.855124227] [robot_0.robot_supervisor]: Selected controllable event: EV_move_forward
[INFO] [1789488389.129672799] [robot_0.robot_supervisor]: Selected controllable event: EV_move_forward
[INFO] [1789488389.349826137] [robot_0.robot_supervisor]: Triggered uncontrollable event: EV_zone_a_not_visible
[INFO] [1789488389.350508727] [robot_0.robot_supervisor]: Triggered uncontrollable event: EV_obstacle_left
[INFO] [1789488389.351364154] [robot_0.robot_supervisor]: Selected controllable event: EV_u_turn
[INFO] [1789488389.368432836] [robot_0.robot_supervisor]: Starting FULL ROTATE (omega=1.000, have_odom=True, target_rad=3.142, timeout_s=3.500)
[INFO] [1789488392.933975071] [robot_0.robot_supervisor]: FULL ROTATE completed by timeout
[INFO] [1789488393.237518283] [robot_0.robot_supervisor]: Triggered uncontrollable event: EV_zone_b_visible
[INFO] [1789488393.238229780] [robot_0.robot_supervisor]: Triggered uncontrollable event: EV_zone_a_not_visible
[INFO] [1789488393.239138727] [robot_0.robot_supervisor]: Selected controllable event: EV_move_forward
[INFO] [1789488393.534820594] [robot_0.robot_supervisor]: Triggered uncontrollable event: EV_zone_b_visible
[INFO] [1789488393.535782482] [robot_0.robot_supervisor]: Selected controllable event: EV_move_forward
[INFO] [1789488393.842267965] [robot_0.robot_supervisor]: Selected controllable event: EV_approach_zone
[INFO] [1789488394.052646108] [robot_0.robot_supervisor]: Selected controllable event: EV_approach_zone
[INFO] [1789488394.353194896] [robot_0.robot_supervisor]: Triggered uncontrollable event: EV_zone_b_visible
[INFO] [1789488394.353964399] [robot_0.robot_supervisor]: Triggered uncontrollable event: EV_zone_a_not_visible
[INFO] [1789488394.369504289] [robot_0.robot_supervisor]: Selected controllable event: EV_move_forward
[INFO] [1789488394.657659318] [robot_0.robot_supervisor]: Selected controllable event: EV_move_forward
[INFO] [1789488394.933253424] [robot_0.robot_supervisor]: Selected controllable event: EV_approach_zone
[INFO] [1789488395.255883621] [robot_0.robot_supervisor]: Selected controllable event: EV_move_forward
[INFO] [1789488395.537692458] [robot_0.robot_supervisor]: Triggered uncontrollable event: EV_zone_b_visible
[INFO] [1789488395.538600491] [robot_0.robot_supervisor]: Triggered uncontrollable event: EV_zone_a_not_visible
[INFO] [1789488395.543012523] [robot_0.robot_supervisor]: Selected controllable event: EV_approach_zone
[INFO] [1789488395.849728663] [robot_0.robot_supervisor]: Selected controllable event: EV_move_forward
[INFO] [1789488396.128700136] [robot_0.robot_supervisor]: Triggered uncontrollable event: EV_zone_a_not_visible
[INFO] [1789488396.137274837] [robot_0.robot_supervisor]: Triggered uncontrollable event: EV_zone_b_not_visible
[INFO] [1789488396.158134137] [robot_0.robot_supervisor]: Selected controllable event: EV_search_zone
[INFO] [1789488396.353830795] [robot_0.robot_supervisor]: Selected controllable event: EV_search_zone
[INFO] [1789488396.534110286] [robot_0.robot_supervisor]: Selected controllable event: EV_search_zone
[INFO] [1789488396.656525663] [robot_0.robot_supervisor]: Selected controllable event: EV_search_zone
[INFO] [1789488396.849159011] [robot_0.robot_supervisor]: Selected controllable event: EV_move_forward
[INFO] [1789488397.064109151] [robot_0.robot_supervisor]: Selected controllable event: EV_search_zone
[INFO] [1789488397.243137644] [robot_0.robot_supervisor]: Triggered uncontrollable event: EV_zone_a_not_visible
[INFO] [1789488397.248479255] [robot_0.robot_supervisor]: Triggered uncontrollable event: EV_zone_b_not_visible
[INFO] [1789488397.255977102] [robot_0.robot_supervisor]: Selected controllable event: EV_move_forward
[INFO] [1789488397.536888034] [robot_0.robot_supervisor]: Selected controllable event: EV_search_zone
[INFO] [1789488397.664468351] [robot_0.robot_supervisor]: Selected controllable event: EV_move_forward
[INFO] [1789488397.958627630] [robot_0.robot_supervisor]: Selected controllable event: EV_move_forward
[INFO] [1789488398.256291679] [robot_0.robot_supervisor]: Triggered uncontrollable event: EV_zone_a_not_visible
[INFO] [1789488398.257447449] [robot_0.robot_supervisor]: Selected controllable event: EV_move_forward
[INFO] [1789488398.561131314] [robot_0.robot_supervisor]: Triggered uncontrollable event: EV_zone_b_not_visible
[INFO] [1789488398.563548747] [robot_0.robot_supervisor]: Selected controllable event: EV_move_forward
[INFO] [1789488398.835351650] [robot_0.robot_supervisor]: Selected controllable event: EV_move_forward
[INFO] [1789488399.053746909] [robot_0.robot_supervisor]: Selected controllable event: EV_move_forward
[INFO] [1789488399.326733981] [robot_0.robot_supervisor]: Triggered uncontrollable event: EV_zone_a_not_visible
[INFO] [1789488399.327462801] [robot_0.robot_supervisor]: Triggered uncontrollable event: EV_zone_b_not_visible
[INFO] [1789488399.342443726] [robot_0.robot_supervisor]: Selected controllable event: EV_search_zone
[INFO] [1789488399.544153390] [robot_0.robot_supervisor]: Selected controllable event: EV_search_zone
[INFO] [1789488399.648133711] [robot_0.robot_supervisor]: Selected controllable event: EV_search_zone
[INFO] [1789488399.865372320] [robot_0.robot_supervisor]: Selected controllable event: EV_search_zone
[INFO] [1789488400.073808876] [robot_0.robot_supervisor]: Triggered uncontrollable event: EV_zone_a_not_visible
[INFO] [1789488400.074665672] [robot_0.robot_supervisor]: Triggered uncontrollable event: EV_zone_b_not_visible
[INFO] [1789488400.075497101] [robot_0.robot_supervisor]: Selected controllable event: EV_search_zone
[INFO] [1789488400.239150677] [robot_0.robot_supervisor]: Selected controllable event: EV_search_zone
[INFO] [1789488400.435761270] [robot_0.robot_supervisor]: Selected controllable event: EV_search_zone
[INFO] [1789488400.648092852] [robot_0.robot_supervisor]: Selected controllable event: EV_move_forward
[INFO] [1789488400.929291367] [robot_0.robot_supervisor]: Triggered uncontrollable event: EV_zone_a_not_visible
[INFO] [1789488400.946387185] [robot_0.robot_supervisor]: Selected controllable event: EV_search_zone
[INFO] [1789488401.143449603] [robot_0.robot_supervisor]: Triggered uncontrollable event: EV_zone_b_not_visible
[INFO] [1789488401.148004351] [robot_0.robot_supervisor]: Selected controllable event: EV_move_forward
[INFO] [1789488401.431079035] [robot_0.robot_supervisor]: Selected controllable event: EV_move_forward
[INFO] [1789488401.653247521] [robot_0.robot_supervisor]: Selected controllable event: EV_move_forward
[INFO] [1789488401.927365979] [robot_0.robot_supervisor]: Triggered uncontrollable event: EV_zone_a_not_visible
[INFO] [1789488401.933921993] [robot_0.robot_supervisor]: Selected controllable event: EV_move_forward
[INFO] [1789488402.242578440] [robot_0.robot_supervisor]: Triggered uncontrollable event: EV_zone_b_not_visible
[INFO] [1789488402.252126641] [robot_0.robot_supervisor]: Selected controllable event: EV_search_zone
[INFO] [1789488402.421555217] [robot_0.robot_supervisor]: Selected controllable event: EV_move_forward
[INFO] [1789488402.668744444] [robot_0.robot_supervisor]: Selected controllable event: EV_search_zone
[INFO] [1789488402.858679804] [robot_0.robot_supervisor]: Triggered uncontrollable event: EV_zone_a_not_visible
[INFO] [1789488402.872014302] [robot_0.robot_supervisor]: Triggered uncontrollable event: EV_zone_b_not_visible
[INFO] [1789488402.876886472] [robot_0.robot_supervisor]: Selected controllable event: EV_move_forward
[INFO] [1789488403.137907620] [robot_0.robot_supervisor]: Selected controllable event: EV_search_zone
[INFO] [1789488403.321481834] [robot_0.robot_supervisor]: Selected controllable event: EV_search_zone
[INFO] [1789488403.533248233] [robot_0.robot_supervisor]: Selected controllable event: EV_search_zone
[INFO] [1789488403.661170223] [robot_0.robot_supervisor]: Selected controllable event: EV_move_forward
[INFO] [1789488403.947335215] [robot_0.robot_supervisor]: Triggered uncontrollable event: EV_zone_a_not_visible
[INFO] [1789488403.948195928] [robot_0.robot_supervisor]: Triggered uncontrollable event: EV_zone_b_not_visible
[INFO] [1789488403.949146582] [robot_0.robot_supervisor]: Selected controllable event: EV_move_forward
[INFO] [1789488404.244999232] [robot_0.robot_supervisor]: Selected controllable event: EV_search_zone
[INFO] [1789488404.441925847] [robot_0.robot_supervisor]: Selected controllable event: EV_search_zone
[INFO] [1789488404.571482549] [robot_0.robot_supervisor]: Selected controllable event: EV_search_zone
[INFO] [1789488404.743619390] [robot_0.robot_supervisor]: Triggered uncontrollable event: EV_zone_a_not_visible
[INFO] [1789488404.752425231] [robot_0.robot_supervisor]: Triggered uncontrollable event: EV_zone_b_not_visible
[INFO] [1789488404.759230083] [robot_0.robot_supervisor]: Selected controllable event: EV_move_forward
[INFO] [1789488405.031266393] [robot_0.robot_supervisor]: Selected controllable event: EV_move_forward
[INFO] [1789488405.332262391] [robot_0.robot_supervisor]: Selected controllable event: EV_search_zone
[INFO] [1789488405.456380087] [robot_0.robot_supervisor]: Selected controllable event: EV_search_zone
[INFO] [1789488405.558468576] [robot_0.robot_supervisor]: Selected controllable event: EV_move_forward
[INFO] [1789488405.767341332] [robot_0.robot_supervisor]: Triggered uncontrollable event: EV_zone_a_not_visible
[INFO] [1789488405.768255680] [robot_0.robot_supervisor]: Triggered uncontrollable event: EV_zone_b_not_visible
[INFO] [1789488405.783810182] [robot_0.robot_supervisor]: Selected controllable event: EV_search_zone
[INFO] [1789488405.927005683] [robot_0.robot_supervisor]: Selected controllable event: EV_search_zone
[INFO] [1789488406.040726734] [robot_0.robot_supervisor]: Selected controllable event: EV_move_forward
[INFO] [1789488406.275436237] [robot_0.robot_supervisor]: Selected controllable event: EV_search_zone
[INFO] [1789488406.465841980] [robot_0.robot_supervisor]: Selected controllable event: EV_move_forward
[INFO] [1789488406.753120764] [robot_0.robot_supervisor]: Triggered uncontrollable event: EV_zone_a_not_visible
[INFO] [1789488406.758600241] [robot_0.robot_supervisor]: Selected controllable event: EV_search_zone
[INFO] [1789488406.933451596] [robot_0.robot_supervisor]: Triggered uncontrollable event: EV_zone_b_not_visible
[INFO] [1789488406.934601189] [robot_0.robot_supervisor]: Selected controllable event: EV_move_forward
[INFO] [1789488407.157566100] [robot_0.robot_supervisor]: Selected controllable event: EV_search_zone
[INFO] [1789488407.324830443] [robot_0.robot_supervisor]: Selected controllable event: EV_move_forward
[INFO] [1789488407.560060340] [robot_0.robot_supervisor]: Selected controllable event: EV_move_forward
[INFO] [1789488407.839503805] [robot_0.robot_supervisor]: Triggered uncontrollable event: EV_zone_a_not_visible
[INFO] [1789488407.840304869] [robot_0.robot_supervisor]: Triggered uncontrollable event: EV_zone_b_not_visible
[INFO] [1789488407.841192740] [robot_0.robot_supervisor]: Selected controllable event: EV_move_forward
[INFO] [1789488408.141596512] [robot_0.robot_supervisor]: Selected controllable event: EV_move_forward
[INFO] [1789488408.350130505] [robot_0.robot_supervisor]: Selected controllable event: EV_search_zone
[INFO] [1789488408.565771086] [robot_0.robot_supervisor]: Selected controllable event: EV_search_zone
[INFO] [1789488408.748923966] [robot_0.robot_supervisor]: Triggered uncontrollable event: EV_zone_a_not_visible
[INFO] [1789488408.749783498] [robot_0.robot_supervisor]: Triggered uncontrollable event: EV_zone_b_not_visible
[INFO] [1789488408.774930315] [robot_0.robot_supervisor]: Selected controllable event: EV_move_forward
[INFO] [1789488409.041881178] [robot_0.robot_supervisor]: Selected controllable event: EV_move_forward
[INFO] [1789488409.334275466] [robot_0.robot_supervisor]: Selected controllable event: EV_move_forward
[INFO] [1789488409.553873082] [robot_0.robot_supervisor]: Selected controllable event: EV_search_zone
[INFO] [1789488409.665371167] [robot_0.robot_supervisor]: Selected controllable event: EV_search_zone
[INFO] [1789488409.845177325] [robot_0.robot_supervisor]: Triggered uncontrollable event: EV_zone_a_not_visible
[INFO] [1789488409.846105661] [robot_0.robot_supervisor]: Triggered uncontrollable event: EV_zone_b_not_visible
[INFO] [1789488409.869773255] [robot_0.robot_supervisor]: Selected controllable event: EV_search_zone
[INFO] [1789488410.053010518] [robot_0.robot_supervisor]: Selected controllable event: EV_move_forward
[INFO] [1789488410.318873750] [robot_0.robot_supervisor]: Selected controllable event: EV_move_forward
[INFO] [1789488410.545847746] [robot_0.robot_supervisor]: Selected controllable event: EV_search_zone
[INFO] [1789488410.739442110] [robot_0.robot_supervisor]: Triggered uncontrollable event: EV_zone_a_not_visible
[INFO] [1789488410.740141093] [robot_0.robot_supervisor]: Triggered uncontrollable event: EV_zone_b_not_visible
[INFO] [1789488410.741034312] [robot_0.robot_supervisor]: Selected controllable event: EV_move_forward
[INFO] [1789488411.052164774] [robot_0.robot_supervisor]: Selected controllable event: EV_search_zone
[INFO] [1789488411.220409239] [robot_0.robot_supervisor]: Selected controllable event: EV_move_forward
[INFO] [1789488411.453203650] [robot_0.robot_supervisor]: Selected controllable event: EV_search_zone
[INFO] [1789488411.642084506] [robot_0.robot_supervisor]: Triggered uncontrollable event: EV_zone_a_not_visible
[INFO] [1789488411.642828676] [robot_0.robot_supervisor]: Triggered uncontrollable event: EV_zone_b_not_visible
[INFO] [1789488411.643878217] [robot_0.robot_supervisor]: Selected controllable event: EV_search_zone
[INFO] [1789488411.748939943] [robot_0.robot_supervisor]: Selected controllable event: EV_search_zone
[INFO] [1789488411.955372593] [robot_0.robot_supervisor]: Selected controllable event: EV_move_forward
[INFO] [1789488412.234011048] [robot_0.robot_supervisor]: Selected controllable event: EV_search_zone
[INFO] [1789488412.370420909] [robot_0.robot_supervisor]: Selected controllable event: EV_move_forward
[INFO] [1789488412.633189822] [robot_0.robot_supervisor]: Triggered uncontrollable event: EV_zone_a_not_visible
[INFO] [1789488412.645148612] [robot_0.robot_supervisor]: Triggered uncontrollable event: EV_zone_b_not_visible
[INFO] [1789488412.649306492] [robot_0.robot_supervisor]: Selected controllable event: EV_move_forward
[INFO] [1789488412.947550322] [robot_0.robot_supervisor]: Selected controllable event: EV_search_zone
[INFO] [1789488413.140050378] [robot_0.robot_supervisor]: Selected controllable event: EV_search_zone
[INFO] [1789488413.350826687] [robot_0.robot_supervisor]: Triggered uncontrollable event: EV_zone_a_not_visible
[INFO] [1789488413.351582624] [robot_0.robot_supervisor]: Triggered uncontrollable event: EV_zone_b_not_visible
[INFO] [1789488413.358638927] [robot_0.robot_supervisor]: Selected controllable event: EV_search_zone
[INFO] [1789488413.531963262] [robot_0.robot_supervisor]: Selected controllable event: EV_search_zone
[INFO] [1789488413.742452934] [robot_0.robot_supervisor]: Selected controllable event: EV_move_forward
[INFO] [1789488414.041842690] [robot_0.robot_supervisor]: Selected controllable event: EV_move_forward
[INFO] [1789488414.262612699] [robot_0.robot_supervisor]: Selected controllable event: EV_search_zone
[INFO] [1789488414.443487536] [robot_0.robot_supervisor]: Triggered uncontrollable event: EV_zone_a_not_visible
[INFO] [1789488414.449697963] [robot_0.robot_supervisor]: Triggered uncontrollable event: EV_zone_b_not_visible
[INFO] [1789488414.459766430] [robot_0.robot_supervisor]: Selected controllable event: EV_move_forward
[INFO] [1789488414.745412335] [robot_0.robot_supervisor]: Selected controllable event: EV_move_forward
[INFO] [1789488415.055840755] [robot_0.robot_supervisor]: Selected controllable event: EV_search_zone
[INFO] [1789488415.165166205] [robot_0.robot_supervisor]: Selected controllable event: EV_move_forward
[INFO] [1789488415.448146120] [robot_0.robot_supervisor]: Triggered uncontrollable event: EV_zone_a_not_visible
[INFO] [1789488415.468176491] [robot_0.robot_supervisor]: Triggered uncontrollable event: EV_zone_b_not_visible
[INFO] [1789488415.469360960] [robot_0.robot_supervisor]: Selected controllable event: EV_move_forward
[INFO] [1789488415.749509743] [robot_0.robot_supervisor]: Selected controllable event: EV_move_forward
[INFO] [1789488416.072878889] [robot_0.robot_supervisor]: Selected controllable event: EV_move_forward
[INFO] [1789488416.351152219] [robot_0.robot_supervisor]: Triggered uncontrollable event: EV_zone_a_not_visible
[INFO] [1789488416.351986569] [robot_0.robot_supervisor]: Triggered uncontrollable event: EV_zone_b_not_visible
[INFO] [1789488416.368286059] [robot_0.robot_supervisor]: Selected controllable event: EV_move_forward
[INFO] [1789488416.640212086] [robot_0.robot_supervisor]: Selected controllable event: EV_search_zone
[INFO] [1789488416.829412047] [robot_0.robot_supervisor]: Selected controllable event: EV_search_zone
[INFO] [1789488416.943048533] [robot_0.robot_supervisor]: Triggered uncontrollable event: EV_obstacle_left
[INFO] [1789488416.943969128] [robot_0.robot_supervisor]: Selected controllable event: EV_u_turn
[INFO] [1789488416.944734799] [robot_0.robot_supervisor]: Starting FULL ROTATE (omega=1.000, have_odom=True, target_rad=3.142, timeout_s=3.500)
[INFO] [1789488420.468628049] [robot_0.robot_supervisor]: FULL ROTATE completed by timeout
[INFO] [1789488420.740968244] [robot_0.robot_supervisor]: Triggered uncontrollable event: EV_zone_a_visible
[INFO] [1789488420.747437366] [robot_0.robot_supervisor]: Triggered uncontrollable event: EV_zone_b_visible
[INFO] [1789488420.753086370] [robot_0.robot_supervisor]: Selected controllable event: EV_approach_zone
[INFO] [1789488421.046666149] [robot_0.robot_supervisor]: Selected controllable event: EV_approach_zone
[INFO] [1789488421.337712571] [robot_0.robot_supervisor]: Selected controllable event: EV_move_forward
[INFO] [1789488421.636895226] [robot_0.robot_supervisor]: Triggered uncontrollable event: EV_zone_a_visible
[INFO] [1789488421.637629652] [robot_0.robot_supervisor]: Triggered uncontrollable event: EV_zone_b_visible
[INFO] [1789488421.638523976] [robot_0.robot_supervisor]: Selected controllable event: EV_move_forward
[INFO] [1789488421.854532037] [robot_0.robot_supervisor]: Selected controllable event: EV_approach_zone
[INFO] [1789488422.135845439] [robot_0.robot_supervisor]: Selected controllable event: EV_move_forward
[INFO] [1789488422.348284548] [robot_0.robot_supervisor]: Triggered uncontrollable event: EV_zone_a_visible
[INFO] [1789488422.349155116] [robot_0.robot_supervisor]: Triggered uncontrollable event: EV_zone_b_visible
[INFO] [1789488422.350055991] [robot_0.robot_supervisor]: Selected controllable event: EV_move_forward
[INFO] [1789488422.629421664] [robot_0.robot_supervisor]: Selected controllable event: EV_move_forward
[INFO] [1789488422.930747169] [robot_0.robot_supervisor]: Selected controllable event: EV_approach_zone
[INFO] [1789488423.248722272] [robot_0.robot_supervisor]: Triggered uncontrollable event: EV_zone_a_visible
[INFO] [1789488423.253846511] [robot_0.robot_supervisor]: Triggered uncontrollable event: EV_zone_b_visible
[INFO] [1789488423.260805646] [robot_0.robot_supervisor]: Selected controllable event: EV_move_forward
[INFO] [1789488423.531524257] [robot_0.robot_supervisor]: Selected controllable event: EV_move_forward
[INFO] [1789488423.760342046] [robot_0.robot_supervisor]: Selected controllable event: EV_approach_zone
[INFO] [1789488424.032527653] [robot_0.robot_supervisor]: Triggered uncontrollable event: EV_zone_a_visible
[INFO] [1789488424.042729041] [robot_0.robot_supervisor]: Selected controllable event: EV_approach_zone
[INFO] [1789488424.346438774] [robot_0.robot_supervisor]: Triggered uncontrollable event: EV_zone_b_visible
[INFO] [1789488424.349287109] [robot_0.robot_supervisor]: Selected controllable event: EV_move_forward
[INFO] [1789488424.666706431] [robot_0.robot_supervisor]: Selected controllable event: EV_move_forward
[INFO] [1789488424.958293384] [robot_0.robot_supervisor]: Selected controllable event: EV_approach_zone
[INFO] [1789488425.246128143] [robot_0.robot_supervisor]: Triggered uncontrollable event: EV_zone_b_visible
[INFO] [1789488425.248396658] [robot_0.robot_supervisor]: Triggered uncontrollable event: EV_zone_a_not_visible
[INFO] [1789488425.258222487] [robot_0.robot_supervisor]: Selected controllable event: EV_move_forward
[INFO] [1789488425.562788968] [robot_0.robot_supervisor]: Selected controllable event: EV_approach_zone
[INFO] [1789488425.757013286] [robot_0.robot_supervisor]: RECEIVED zone_a; balance=zone_a_has_extra
[INFO] [1789488425.853701381] [robot_0.robot_supervisor]: Triggered uncontrollable event: EV_zone_b_visible
[INFO] [1789488425.854439908] [robot_0.robot_supervisor]: Triggered uncontrollable event: EV_zone_a_not_visible
[INFO] [1789488425.855111325] [robot_0.robot_supervisor]: Triggered uncontrollable event: EV_received_delivered_zone_a
[INFO] [1789488425.870778223] [robot_0.robot_supervisor]: Selected controllable event: EV_approach_zone
[INFO] [1789488426.144990374] [robot_0.robot_supervisor]: Selected controllable event: EV_approach_zone
[INFO] [1789488426.355018198] [robot_0.robot_supervisor]: Selected controllable event: EV_approach_zone
[INFO] [1789488426.642250208] [robot_0.robot_supervisor]: Triggered uncontrollable event: EV_zone_a_visible
[INFO] [1789488426.658227064] [robot_0.robot_supervisor]: Triggered uncontrollable event: EV_zone_b_visible
[INFO] [1789488426.665041711] [robot_0.robot_supervisor]: Selected controllable event: EV_approach_zone
[INFO] [1789488426.939224017] [robot_0.robot_supervisor]: Selected controllable event: EV_approach_zone
[INFO] [1789488427.228266059] [robot_0.robot_supervisor]: Selected controllable event: EV_move_forward
[INFO] [1789488427.556553177] [robot_0.robot_supervisor]: Selected controllable event: EV_approach_zone
[INFO] [1789488427.846427417] [robot_0.robot_supervisor]: Triggered uncontrollable event: EV_zone_a_visible
[INFO] [1789488427.851655158] [robot_0.robot_supervisor]: Triggered uncontrollable event: EV_zone_b_visible
[INFO] [1789488427.859117060] [robot_0.robot_supervisor]: Selected controllable event: EV_move_forward
[INFO] [1789488428.143338687] [robot_0.robot_supervisor]: Selected controllable event: EV_approach_zone
[INFO] [1789488428.433499443] [robot_0.robot_supervisor]: Selected controllable event: EV_move_forward
[INFO] [1789488428.730542882] [robot_0.robot_supervisor]: Triggered uncontrollable event: EV_zone_a_visible
[INFO] [1789488428.739169975] [robot_0.robot_supervisor]: Triggered uncontrollable event: EV_zone_b_visible
[INFO] [1789488428.740082445] [robot_0.robot_supervisor]: Selected controllable event: EV_approach_zone
[INFO] [1789488429.059120522] [robot_0.robot_supervisor]: Selected controllable event: EV_approach_zone
[INFO] [1789488429.326103007] [robot_0.robot_supervisor]: Triggered uncontrollable event: EV_zone_a_visible
[INFO] [1789488429.344971405] [robot_0.robot_supervisor]: Selected controllable event: EV_approach_zone
[INFO] [1789488429.643313731] [robot_0.robot_supervisor]: Triggered uncontrollable event: EV_zone_b_visible
[INFO] [1789488429.644412239] [robot_0.robot_supervisor]: Selected controllable event: EV_approach_zone
[INFO] [1789488429.929775268] [robot_0.robot_supervisor]: Selected controllable event: EV_move_forward
[INFO] [1789488430.152374673] [robot_0.robot_supervisor]: Triggered uncontrollable event: EV_zone_a_visible
[INFO] [1789488430.153174602] [robot_0.robot_supervisor]: Triggered uncontrollable event: EV_obstacle_right
[INFO] [1789488430.154067651] [robot_0.robot_supervisor]: Selected controllable event: EV_rotate_counterclockwise
[INFO] [1789488430.336159243] [robot_0.robot_supervisor]: Triggered uncontrollable event: EV_zone_b_visible
[INFO] [1789488430.336839254] [robot_0.robot_supervisor]: Triggered uncontrollable event: EV_obstacle_right
[INFO] [1789488430.346046537] [robot_0.robot_supervisor]: Selected controllable event: EV_u_turn
[INFO] [1789488430.352662540] [robot_0.robot_supervisor]: Starting FULL ROTATE (omega=1.000, have_odom=True, target_rad=3.142, timeout_s=3.500)
[INFO] [1789488433.945078029] [robot_0.robot_supervisor]: FULL ROTATE completed by timeout
[INFO] [1789488434.160213832] [robot_0.robot_supervisor]: Triggered uncontrollable event: EV_zone_b_visible
[INFO] [1789488434.164317732] [robot_0.robot_supervisor]: Triggered uncontrollable event: EV_zone_a_not_visible
[INFO] [1789488434.175284967] [robot_0.robot_supervisor]: Selected controllable event: EV_move_forward
[INFO] [1789488434.444762408] [robot_0.robot_supervisor]: Triggered uncontrollable event: EV_zone_b_visible
[INFO] [1789488434.445612708] [robot_0.robot_supervisor]: Triggered uncontrollable event: EV_zone_a_not_visible
[INFO] [1789488434.446579196] [robot_0.robot_supervisor]: Selected controllable event: EV_approach_zone
[INFO] [1789488434.730215411] [robot_0.robot_supervisor]: Selected controllable event: EV_approach_zone
[INFO] [1789488434.950706910] [robot_0.robot_supervisor]: Selected controllable event: EV_approach_zone
[INFO] [1789488435.232818456] [robot_0.robot_supervisor]: Triggered uncontrollable event: EV_zone_b_visible
[INFO] [1789488435.235355018] [robot_0.robot_supervisor]: Triggered uncontrollable event: EV_zone_a_not_visible
[INFO] [1789488435.245543134] [robot_0.robot_supervisor]: Selected controllable event: EV_move_forward
[INFO] [1789488435.533088245] [robot_0.robot_supervisor]: Selected controllable event: EV_approach_zone
[INFO] [1789488435.862556729] [robot_0.robot_supervisor]: Selected controllable event: EV_approach_zone
[INFO] [1789488436.146957227] [robot_0.robot_supervisor]: Triggered uncontrollable event: EV_zone_a_not_visible
[INFO] [1789488436.158000779] [robot_0.robot_supervisor]: Triggered uncontrollable event: EV_zone_b_not_visible
[INFO] [1789488436.161033473] [robot_0.robot_supervisor]: Selected controllable event: EV_search_zone
[INFO] [1789488436.346335847] [robot_0.robot_supervisor]: Selected controllable event: EV_move_forward
[INFO] [1789488436.633728062] [robot_0.robot_supervisor]: Selected controllable event: EV_search_zone
[INFO] [1789488436.745680189] [robot_0.robot_supervisor]: Selected controllable event: EV_move_forward
[INFO] [1789488437.054647461] [robot_0.robot_supervisor]: Triggered uncontrollable event: EV_zone_a_not_visible
[INFO] [1789488437.055559966] [robot_0.robot_supervisor]: Selected controllable event: EV_move_forward
[INFO] [1789488437.322487998] [robot_0.robot_supervisor]: Triggered uncontrollable event: EV_zone_b_not_visible
[INFO] [1789488437.338647226] [robot_0.robot_supervisor]: Selected controllable event: EV_move_forward
[INFO] [1789488437.658157347] [robot_0.robot_supervisor]: Selected controllable event: EV_move_forward
[INFO] [1789488437.943647647] [robot_0.robot_supervisor]: Triggered uncontrollable event: EV_zone_a_not_visible
[INFO] [1789488437.944386421] [robot_0.robot_supervisor]: Triggered uncontrollable event: EV_zone_b_not_visible
[INFO] [1789488437.963898905] [robot_0.robot_supervisor]: Selected controllable event: EV_move_forward
[INFO] [1789488438.239037615] [robot_0.robot_supervisor]: Selected controllable event: EV_move_forward
[INFO] [1789488438.539717049] [robot_0.robot_supervisor]: Selected controllable event: EV_move_forward
[INFO] [1789488438.760284213] [robot_0.robot_supervisor]: Triggered uncontrollable event: EV_zone_a_not_visible
[INFO] [1789488438.778753940] [robot_0.robot_supervisor]: Selected controllable event: EV_move_forward
[INFO] [1789488439.057269188] [robot_0.robot_supervisor]: Triggered uncontrollable event: EV_zone_b_not_visible
[INFO] [1789488439.058249610] [robot_0.robot_supervisor]: Selected controllable event: EV_move_forward
[INFO] [1789488439.334034809] [robot_0.robot_supervisor]: Selected controllable event: EV_move_forward
[INFO] [1789488439.551576840] [robot_0.robot_supervisor]: Selected controllable event: EV_move_forward
[INFO] [1789488439.841282091] [robot_0.robot_supervisor]: Triggered uncontrollable event: EV_zone_a_not_visible
[INFO] [1789488439.845342327] [robot_0.robot_supervisor]: Triggered uncontrollable event: EV_obstacle_right
[INFO] [1789488439.853744549] [robot_0.robot_supervisor]: Triggered uncontrollable event: EV_zone_b_not_visible
[INFO] [1789488439.864606011] [robot_0.robot_supervisor]: Selected controllable event: EV_u_turn
[INFO] [1789488439.872197523] [robot_0.robot_supervisor]: Starting FULL ROTATE (omega=1.000, have_odom=True, target_rad=3.142, timeout_s=3.500)
[INFO] [1789488443.448766380] [robot_0.robot_supervisor]: FULL ROTATE completed by timeout
[INFO] [1789488443.629201187] [robot_0.robot_supervisor]: Triggered uncontrollable event: EV_zone_a_not_visible
[INFO] [1789488443.643160530] [robot_0.robot_supervisor]: Triggered uncontrollable event: EV_zone_b_not_visible
[INFO] [1789488443.644352495] [robot_0.robot_supervisor]: Selected controllable event: EV_move_forward
[INFO] [1789488443.850823686] [robot_0.robot_supervisor]: Selected controllable event: EV_move_forward
[INFO] [1789488444.133384297] [robot_0.robot_supervisor]: Selected controllable event: EV_search_zone
[INFO] [1789488444.262385335] [robot_0.robot_supervisor]: Triggered uncontrollable event: EV_zone_a_not_visible
[INFO] [1789488444.280984928] [robot_0.robot_supervisor]: Selected controllable event: EV_search_zone
[INFO] [1789488444.442305718] [robot_0.robot_supervisor]: Triggered uncontrollable event: EV_zone_b_not_visible
[INFO] [1789488444.463549045] [robot_0.robot_supervisor]: Selected controllable event: EV_move_forward
[INFO] [1789488444.733427859] [robot_0.robot_supervisor]: Selected controllable event: EV_search_zone
[INFO] [1789488444.947567044] [robot_0.robot_supervisor]: Selected controllable event: EV_move_forward
[INFO] [1789488445.255204795] [robot_0.robot_supervisor]: Triggered uncontrollable event: EV_zone_a_not_visible
[INFO] [1789488445.256054202] [robot_0.robot_supervisor]: Selected controllable event: EV_move_forward
[INFO] [1789488445.546054757] [robot_0.robot_supervisor]: Triggered uncontrollable event: EV_zone_b_not_visible
[INFO] [1789488445.547085640] [robot_0.robot_supervisor]: Selected controllable event: EV_move_forward
[INFO] [1789488445.841493309] [robot_0.robot_supervisor]: Selected controllable event: EV_search_zone
[INFO] [1789488446.040150890] [robot_0.robot_supervisor]: Selected controllable event: EV_search_zone
[INFO] [1789488446.231260526] [robot_0.robot_supervisor]: Selected controllable event: EV_move_forward
[INFO] [1789488446.441142340] [robot_0.robot_supervisor]: Triggered uncontrollable event: EV_zone_a_not_visible
[INFO] [1789488446.441948812] [robot_0.robot_supervisor]: Triggered uncontrollable event: EV_zone_b_not_visible
[INFO] [1789488446.460931129] [robot_0.robot_supervisor]: Selected controllable event: EV_search_zone
[INFO] [1789488446.648429180] [robot_0.robot_supervisor]: Selected controllable event: EV_move_forward
[INFO] [1789488446.935758582] [robot_0.robot_supervisor]: Selected controllable event: EV_search_zone
[INFO] [1789488447.151145711] [robot_0.robot_supervisor]: Selected controllable event: EV_search_zone
[INFO] [1789488447.346715125] [robot_0.robot_supervisor]: Triggered uncontrollable event: EV_zone_a_not_visible
[INFO] [1789488447.347551253] [robot_0.robot_supervisor]: Selected controllable event: EV_search_zone
[INFO] [1789488447.541154870] [robot_0.robot_supervisor]: Triggered uncontrollable event: EV_zone_b_not_visible
[INFO] [1789488447.542106798] [robot_0.robot_supervisor]: Selected controllable event: EV_search_zone
[INFO] [1789488447.767696960] [robot_0.robot_supervisor]: Selected controllable event: EV_search_zone
[INFO] [1789488447.923716287] [robot_0.robot_supervisor]: Selected controllable event: EV_move_forward
[INFO] [1789488448.144100581] [robot_0.robot_supervisor]: Triggered uncontrollable event: EV_zone_a_not_visible
[INFO] [1789488448.144787772] [robot_0.robot_supervisor]: Triggered uncontrollable event: EV_zone_b_not_visible
[INFO] [1789488448.145706049] [robot_0.robot_supervisor]: Selected controllable event: EV_move_forward
[INFO] [1789488448.416548855] [robot_0.robot_supervisor]: Selected controllable event: EV_search_zone
[INFO] [1789488448.623813359] [robot_0.robot_supervisor]: Selected controllable event: EV_move_forward
[INFO] [1789488448.855554478] [robot_0.robot_supervisor]: Selected controllable event: EV_move_forward
[INFO] [1789488449.131910139] [robot_0.robot_supervisor]: Triggered uncontrollable event: EV_zone_a_not_visible
[INFO] [1789488449.132536140] [robot_0.robot_supervisor]: Triggered uncontrollable event: EV_zone_b_not_visible
[INFO] [1789488449.133324895] [robot_0.robot_supervisor]: Selected controllable event: EV_move_forward
[INFO] [1789488449.424735709] [robot_0.robot_supervisor]: Selected controllable event: EV_move_forward
[INFO] [1789488449.643652782] [robot_0.robot_supervisor]: Selected controllable event: EV_move_forward
[INFO] [1789488449.933388735] [robot_0.robot_supervisor]: Triggered uncontrollable event: EV_zone_a_not_visible
[INFO] [1789488449.934109217] [robot_0.robot_supervisor]: Triggered uncontrollable event: EV_zone_b_not_visible
[INFO] [1789488449.950190280] [robot_0.robot_supervisor]: Selected controllable event: EV_search_zone
[INFO] [1789488450.137633727] [robot_0.robot_supervisor]: Selected controllable event: EV_move_forward
[INFO] [1789488450.423607880] [robot_0.robot_supervisor]: Selected controllable event: EV_move_forward
[INFO] [1789488450.644776011] [robot_0.robot_supervisor]: Triggered uncontrollable event: EV_zone_a_not_visible
[INFO] [1789488450.653911134] [robot_0.robot_supervisor]: Triggered uncontrollable event: EV_zone_b_not_visible
[INFO] [1789488450.662956449] [robot_0.robot_supervisor]: Selected controllable event: EV_search_zone
[INFO] [1789488450.854809218] [robot_0.robot_supervisor]: Selected controllable event: EV_move_forward
[INFO] [1789488451.137225942] [robot_0.robot_supervisor]: Selected controllable event: EV_search_zone
[INFO] [1789488451.340461233] [robot_0.robot_supervisor]: Selected controllable event: EV_search_zone
[INFO] [1789488451.557482749] [robot_0.robot_supervisor]: Triggered uncontrollable event: EV_zone_a_not_visible
[INFO] [1789488451.558199687] [robot_0.robot_supervisor]: Triggered uncontrollable event: EV_zone_b_not_visible
[INFO] [1789488451.564682224] [robot_0.robot_supervisor]: Selected controllable event: EV_search_zone
[INFO] [1789488451.740699153] [robot_0.robot_supervisor]: Selected controllable event: EV_search_zone
[INFO] [1789488451.941905332] [robot_0.robot_supervisor]: Selected controllable event: EV_search_zone
[INFO] [1789488452.143328668] [robot_0.robot_supervisor]: Selected controllable event: EV_move_forward
[INFO] [1789488452.348244878] [robot_0.robot_supervisor]: Triggered uncontrollable event: EV_zone_a_not_visible
[INFO] [1789488452.361202274] [robot_0.robot_supervisor]: Triggered uncontrollable event: EV_zone_b_not_visible
[INFO] [1789488452.362070451] [robot_0.robot_supervisor]: Selected controllable event: EV_search_zone
[INFO] [1789488452.553362674] [robot_0.robot_supervisor]: Selected controllable event: EV_search_zone
[INFO] [1789488452.737891328] [robot_0.robot_supervisor]: Selected controllable event: EV_search_zone
[INFO] [1789488452.844956381] [robot_0.robot_supervisor]: Selected controllable event: EV_search_zone
[INFO] [1789488453.030334598] [robot_0.robot_supervisor]: Selected controllable event: EV_move_forward
[INFO] [1789488453.236568903] [robot_0.robot_supervisor]: Triggered uncontrollable event: EV_zone_a_not_visible
[INFO] [1789488453.243962148] [robot_0.robot_supervisor]: Triggered uncontrollable event: EV_zone_b_not_visible
[INFO] [1789488453.244963787] [robot_0.robot_supervisor]: Selected controllable event: EV_move_forward
[INFO] [1789488453.543249529] [robot_0.robot_supervisor]: Selected controllable event: EV_move_forward
[INFO] [1789488453.838174052] [robot_0.robot_supervisor]: Selected controllable event: EV_search_zone
[INFO] [1789488454.021091468] [robot_0.robot_supervisor]: Triggered uncontrollable event: EV_zone_a_visible
[INFO] [1789488454.021790007] [robot_0.robot_supervisor]: Triggered uncontrollable event: EV_zone_b_not_visible
[INFO] [1789488454.022624260] [robot_0.robot_supervisor]: Selected controllable event: EV_approach_zone
[INFO] [1789488454.325491063] [robot_0.robot_supervisor]: Selected controllable event: EV_approach_zone
[INFO] [1789488454.543117793] [robot_0.robot_supervisor]: Selected controllable event: EV_move_forward
[INFO] [1789488454.845776423] [robot_0.robot_supervisor]: Triggered uncontrollable event: EV_zone_a_visible
[INFO] [1789488454.853446615] [robot_0.robot_supervisor]: Triggered uncontrollable event: EV_zone_b_not_visible
[INFO] [1789488454.864709069] [robot_0.robot_supervisor]: Selected controllable event: EV_move_forward
[INFO] [1789488455.140135280] [robot_0.robot_supervisor]: Selected controllable event: EV_approach_zone
[INFO] [1789488455.353341516] [robot_0.robot_supervisor]: Selected controllable event: EV_move_forward
[INFO] [1789488455.638683493] [robot_0.robot_supervisor]: Triggered uncontrollable event: EV_zone_a_visible
[INFO] [1789488455.639331005] [robot_0.robot_supervisor]: Triggered uncontrollable event: EV_obstacle_right
[INFO] [1789488455.639932325] [robot_0.robot_supervisor]: Triggered uncontrollable event: EV_zone_b_not_visible
[INFO] [1789488455.640717621] [robot_0.robot_supervisor]: Selected controllable event: EV_rotate_counterclockwise
[INFO] [1789488455.856895327] [robot_0.robot_supervisor]: Triggered uncontrollable event: EV_obstacle_right
[INFO] [1789488455.857692485] [robot_0.robot_supervisor]: Selected controllable event: EV_rotate_counterclockwise
[INFO] [1789488456.053415179] [robot_0.robot_supervisor]: Triggered uncontrollable event: EV_obstacle_right
[INFO] [1789488456.060592811] [robot_0.robot_supervisor]: Selected controllable event: EV_rotate_counterclockwise
[INFO] [1789488456.233997514] [robot_0.robot_supervisor]: Triggered uncontrollable event: EV_obstacle_right
[INFO] [1789488456.234926205] [robot_0.robot_supervisor]: Selected controllable event: EV_rotate_counterclockwise
[INFO] [1789488456.429295599] [robot_0.robot_supervisor]: Triggered uncontrollable event: EV_zone_a_visible
[INFO] [1789488456.429900982] [robot_0.robot_supervisor]: Triggered uncontrollable event: EV_obstacle_right
[INFO] [1789488456.430542503] [robot_0.robot_supervisor]: Triggered uncontrollable event: EV_zone_b_not_visible
[INFO] [1789488456.447598384] [robot_0.robot_supervisor]: Selected controllable event: EV_rotate_counterclockwise
[INFO] [1789488456.636472542] [robot_0.robot_supervisor]: Triggered uncontrollable event: EV_obstacle_right
[INFO] [1789488456.637364041] [robot_0.robot_supervisor]: Selected controllable event: EV_u_turn
[INFO] [1789488456.638083072] [robot_0.robot_supervisor]: Starting FULL ROTATE (omega=1.000, have_odom=True, target_rad=3.142, timeout_s=3.500)
[INFO] [1789488460.142138193] [robot_0.robot_supervisor]: FULL ROTATE completed by timeout
[INFO] [1789488460.345708021] [robot_0.robot_supervisor]: Triggered uncontrollable event: EV_zone_a_visible
[INFO] [1789488460.346429180] [robot_0.robot_supervisor]: Triggered uncontrollable event: EV_zone_b_visible
[INFO] [1789488460.368029701] [robot_0.robot_supervisor]: Selected controllable event: EV_move_forward
[INFO] [1789488460.637156356] [robot_0.robot_supervisor]: Selected controllable event: EV_approach_zone
[INFO] [1789488460.946337044] [robot_0.robot_supervisor]: Selected controllable event: EV_move_forward
[INFO] [1789488461.240174133] [robot_0.robot_supervisor]: Triggered uncontrollable event: EV_zone_b_visible
[INFO] [1789488461.251267738] [robot_0.robot_supervisor]: Triggered uncontrollable event: EV_zone_a_not_visible
[INFO] [1789488461.252202565] [robot_0.robot_supervisor]: Selected controllable event: EV_move_forward
[INFO] [1789488461.526112171] [robot_0.robot_supervisor]: Selected controllable event: EV_approach_zone
[INFO] [1789488461.825963446] [robot_0.robot_supervisor]: Selected controllable event: EV_move_forward
[INFO] [1789488462.117624199] [robot_0.robot_supervisor]: Triggered uncontrollable event: EV_zone_b_visible
[INFO] [1789488462.129424674] [robot_0.robot_supervisor]: Triggered uncontrollable event: EV_zone_a_not_visible
[INFO] [1789488462.130313010] [robot_0.robot_supervisor]: Selected controllable event: EV_approach_zone
[INFO] [1789488462.346542432] [robot_0.robot_supervisor]: Selected controllable event: EV_approach_zone
[INFO] [1789488462.555735381] [robot_0.robot_supervisor]: Selected controllable event: EV_move_forward
[INFO] [1789488462.843237834] [robot_0.robot_supervisor]: Triggered uncontrollable event: EV_zone_a_not_visible
[INFO] [1789488462.848240293] [robot_0.robot_supervisor]: Triggered uncontrollable event: EV_zone_b_not_visible
[INFO] [1789488462.855989049] [robot_0.robot_supervisor]: Selected controllable event: EV_move_forward
[INFO] [1789488463.146178721] [robot_0.robot_supervisor]: Selected controllable event: EV_move_forward
[INFO] [1789488463.436118234] [robot_0.robot_supervisor]: Selected controllable event: EV_search_zone
[INFO] [1789488463.553176960] [robot_0.robot_supervisor]: Selected controllable event: EV_search_zone
[INFO] [1789488463.730992151] [robot_0.robot_supervisor]: Triggered uncontrollable event: EV_zone_a_not_visible
[INFO] [1789488463.745840259] [robot_0.robot_supervisor]: Triggered uncontrollable event: EV_zone_b_not_visible
[INFO] [1789488463.746914915] [robot_0.robot_supervisor]: Selected controllable event: EV_move_forward
[INFO] [1789488464.052481100] [robot_0.robot_supervisor]: Selected controllable event: EV_search_zone
[INFO] [1789488464.250487301] [robot_0.robot_supervisor]: Selected controllable event: EV_search_zone
[INFO] [1789488464.449224037] [robot_0.robot_supervisor]: Selected controllable event: EV_search_zone
[INFO] [1789488464.659830327] [robot_0.robot_supervisor]: Triggered uncontrollable event: EV_zone_a_not_visible
[INFO] [1789488464.664688954] [robot_0.robot_supervisor]: Triggered uncontrollable event: EV_zone_b_not_visible
[INFO] [1789488464.665637941] [robot_0.robot_supervisor]: Selected controllable event: EV_move_forward
[INFO] [1789488464.945074569] [robot_0.robot_supervisor]: Selected controllable event: EV_move_forward
[INFO] [1789488465.255616029] [robot_0.robot_supervisor]: Selected controllable event: EV_move_forward
[INFO] [1789488465.295043658] [robot_0.robot_supervisor]: RECEIVED zone_b; balance=equal
[INFO] [1789488465.542209343] [robot_0.robot_supervisor]: Triggered uncontrollable event: EV_zone_a_not_visible
[INFO] [1789488465.561556533] [robot_0.robot_supervisor]: Triggered uncontrollable event: EV_zone_b_not_visible
[INFO] [1789488465.562377174] [robot_0.robot_supervisor]: Triggered uncontrollable event: EV_received_delivered_zone_b
[INFO] [1789488465.566792125] [robot_0.robot_supervisor]: Selected controllable event: EV_move_forward
[INFO] [1789488465.830457833] [robot_0.robot_supervisor]: Selected controllable event: EV_move_forward
[INFO] [1789488466.048045094] [robot_0.robot_supervisor]: Selected controllable event: EV_move_forward
[INFO] [1789488466.316779711] [robot_0.robot_supervisor]: Triggered uncontrollable event: EV_zone_a_not_visible
[INFO] [1789488466.318676453] [robot_0.robot_supervisor]: Triggered uncontrollable event: EV_zone_b_not_visible
[INFO] [1789488466.319680945] [robot_0.robot_supervisor]: Selected controllable event: EV_search_zone
[INFO] [1789488466.443775511] [robot_0.robot_supervisor]: Selected controllable event: EV_move_forward
[INFO] [1789488466.727430651] [robot_0.robot_supervisor]: Selected controllable event: EV_search_zone
[INFO] [1789488466.935148125] [robot_0.robot_supervisor]: Selected controllable event: EV_search_zone
[INFO] [1789488467.162697634] [robot_0.robot_supervisor]: Selected controllable event: EV_move_forward
[INFO] [1789488467.448291497] [robot_0.robot_supervisor]: Selected controllable event: EV_search_zone
[INFO] [1789488467.651782580] [robot_0.robot_supervisor]: Triggered uncontrollable event: EV_zone_a_not_visible
[INFO] [1789488467.652660665] [robot_0.robot_supervisor]: Triggered uncontrollable event: EV_zone_b_not_visible
[INFO] [1789488467.668655950] [robot_0.robot_supervisor]: Selected controllable event: EV_search_zone
[INFO] [1789488467.839453018] [robot_0.robot_supervisor]: Selected controllable event: EV_search_zone
[INFO] [1789488467.947229317] [robot_0.robot_supervisor]: Selected controllable event: EV_search_zone
[INFO] [1789488468.148633737] [robot_0.robot_supervisor]: Selected controllable event: EV_move_forward
[INFO] [1789488468.462654621] [robot_0.robot_supervisor]: Triggered uncontrollable event: EV_zone_a_not_visible
[INFO] [1789488468.472445469] [robot_0.robot_supervisor]: Selected controllable event: EV_move_forward
[INFO] [1789488468.754215710] [robot_0.robot_supervisor]: Triggered uncontrollable event: EV_zone_b_not_visible
[INFO] [1789488468.755255994] [robot_0.robot_supervisor]: Selected controllable event: EV_move_forward
[INFO] [1789488469.033928017] [robot_0.robot_supervisor]: Selected controllable event: EV_move_forward
[INFO] [1789488469.261618535] [robot_0.robot_supervisor]: Selected controllable event: EV_search_zone
[INFO] [1789488469.442073063] [robot_0.robot_supervisor]: Triggered uncontrollable event: EV_zone_a_not_visible
[INFO] [1789488469.465070584] [robot_0.robot_supervisor]: Triggered uncontrollable event: EV_zone_b_not_visible
[INFO] [1789488469.466268991] [robot_0.robot_supervisor]: Selected controllable event: EV_move_forward
[INFO] [1789488469.734403364] [robot_0.robot_supervisor]: Selected controllable event: EV_move_forward
[INFO] [1789488469.954591619] [robot_0.robot_supervisor]: Selected controllable event: EV_move_forward
[INFO] [1789488470.242605254] [robot_0.robot_supervisor]: Triggered uncontrollable event: EV_zone_a_not_visible
[INFO] [1789488470.243370076] [robot_0.robot_supervisor]: Triggered uncontrollable event: EV_obstacle_right
[INFO] [1789488470.244286934] [robot_0.robot_supervisor]: Selected controllable event: EV_rotate_counterclockwise
[INFO] [1789488470.426471439] [robot_0.robot_supervisor]: Triggered uncontrollable event: EV_obstacle_right
[INFO] [1789488470.441845202] [robot_0.robot_supervisor]: Triggered uncontrollable event: EV_zone_b_not_visible
[INFO] [1789488470.442834799] [robot_0.robot_supervisor]: Selected controllable event: EV_rotate_counterclockwise
[INFO] [1789488470.550442749] [robot_0.robot_supervisor]: Triggered uncontrollable event: EV_obstacle_right
[INFO] [1789488470.551611281] [robot_0.robot_supervisor]: Selected controllable event: EV_rotate_counterclockwise
[INFO] [1789488470.750165092] [robot_0.robot_supervisor]: Triggered uncontrollable event: EV_obstacle_right
[INFO] [1789488470.751167428] [robot_0.robot_supervisor]: Selected controllable event: EV_rotate_counterclockwise
[INFO] [1789488470.932061252] [robot_0.robot_supervisor]: Triggered uncontrollable event: EV_obstacle_right
[INFO] [1789488470.948207999] [robot_0.robot_supervisor]: Selected controllable event: EV_rotate_counterclockwise
[INFO] [1789488471.073616835] [robot_0.robot_supervisor]: Triggered uncontrollable event: EV_zone_a_not_visible
[INFO] [1789488471.074544138] [robot_0.robot_supervisor]: Triggered uncontrollable event: EV_obstacle_right
[INFO] [1789488471.089662463] [robot_0.robot_supervisor]: Selected controllable event: EV_u_turn
[INFO] [1789488471.090646645] [robot_0.robot_supervisor]: Starting FULL ROTATE (omega=1.000, have_odom=True, target_rad=3.142, timeout_s=3.500)
[INFO] [1789488474.648081542] [robot_0.robot_supervisor]: FULL ROTATE completed by timeout
[INFO] [1789488474.861824953] [robot_0.robot_supervisor]: Triggered uncontrollable event: EV_zone_a_not_visible
[INFO] [1789488474.876213392] [robot_0.robot_supervisor]: Triggered uncontrollable event: EV_zone_b_not_visible
[INFO] [1789488474.889566555] [robot_0.robot_supervisor]: Selected controllable event: EV_move_forward
[INFO] [1789488475.140499415] [robot_0.robot_supervisor]: Selected controllable event: EV_search_zone
[INFO] [1789488475.330998138] [robot_0.robot_supervisor]: Selected controllable event: EV_move_forward
[INFO] [1789488475.640559819] [robot_0.robot_supervisor]: Selected controllable event: EV_search_zone
[INFO] [1789488475.764346595] [robot_0.robot_supervisor]: Selected controllable event: EV_move_forward
[INFO] [1789488476.044088760] [robot_0.robot_supervisor]: Triggered uncontrollable event: EV_zone_a_not_visible
[INFO] [1789488476.055876010] [robot_0.robot_supervisor]: Triggered uncontrollable event: EV_zone_b_not_visible
[INFO] [1789488476.067217710] [robot_0.robot_supervisor]: Selected controllable event: EV_move_forward
[INFO] [1789488476.350373636] [robot_0.robot_supervisor]: Selected controllable event: EV_search_zone
[INFO] [1789488476.563931884] [robot_0.robot_supervisor]: Selected controllable event: EV_search_zone
[INFO] [1789488476.744140197] [robot_0.robot_supervisor]: Selected controllable event: EV_search_zone
[INFO] [1789488476.928617917] [robot_0.robot_supervisor]: Triggered uncontrollable event: EV_zone_a_visible
[INFO] [1789488476.937513217] [robot_0.robot_supervisor]: Triggered uncontrollable event: EV_zone_b_not_visible
[INFO] [1789488476.938577263] [robot_0.robot_supervisor]: Selected controllable event: EV_approach_zone
[INFO] [1789488477.142516090] [robot_0.robot_supervisor]: Selected controllable event: EV_move_forward
[INFO] [1789488477.449057545] [robot_0.robot_supervisor]: Selected controllable event: EV_approach_zone
[INFO] [1789488477.755069116] [robot_0.robot_supervisor]: Selected controllable event: EV_move_forward
[INFO] [1789488478.038248908] [robot_0.robot_supervisor]: Triggered uncontrollable event: EV_zone_a_visible
[INFO] [1789488478.041811882] [robot_0.robot_supervisor]: Triggered uncontrollable event: EV_zone_b_not_visible
[INFO] [1789488478.049233861] [robot_0.robot_supervisor]: Selected controllable event: EV_move_forward
[INFO] [1789488478.354158233] [robot_0.robot_supervisor]: Selected controllable event: EV_approach_zone
[INFO] [1789488478.634252673] [robot_0.robot_supervisor]: Selected controllable event: EV_approach_zone
[INFO] [1789488478.949023516] [robot_0.robot_supervisor]: Triggered uncontrollable event: EV_zone_a_visible
[INFO] [1789488478.949758264] [robot_0.robot_supervisor]: Triggered uncontrollable event: EV_zone_b_not_visible
[INFO] [1789488478.967140318] [robot_0.robot_supervisor]: Selected controllable event: EV_approach_zone
[INFO] [1789488479.244102690] [robot_0.robot_supervisor]: Selected controllable event: EV_move_forward
[INFO] [1789488479.546456439] [robot_0.robot_supervisor]: Selected controllable event: EV_approach_zone
[INFO] [1789488479.748126316] [robot_0.robot_supervisor]: Triggered uncontrollable event: EV_zone_a_visible
[INFO] [1789488479.748836542] [robot_0.robot_supervisor]: Triggered uncontrollable event: EV_zone_b_not_visible
[INFO] [1789488479.749663439] [robot_0.robot_supervisor]: Selected controllable event: EV_approach_zone
[INFO] [1789488480.051061546] [robot_0.robot_supervisor]: Selected controllable event: EV_approach_zone
[INFO] [1789488480.332447306] [robot_0.robot_supervisor]: Selected controllable event: EV_approach_zone
[INFO] [1789488480.549555947] [robot_0.robot_supervisor]: Triggered uncontrollable event: EV_zone_a_visible
[INFO] [1789488480.550491255] [robot_0.robot_supervisor]: Selected controllable event: EV_approach_zone
[INFO] [1789488480.854704063] [robot_0.robot_supervisor]: Triggered uncontrollable event: EV_zone_b_visible
[INFO] [1789488480.855760368] [robot_0.robot_supervisor]: Selected controllable event: EV_move_forward
[INFO] [1789488481.150044080] [robot_0.robot_supervisor]: Selected controllable event: EV_approach_zone
[INFO] [1789488481.355336631] [robot_0.robot_supervisor]: Selected controllable event: EV_move_forward
[INFO] [1789488481.660581457] [robot_0.robot_supervisor]: Triggered uncontrollable event: EV_zone_a_visible
[INFO] [1789488481.661344913] [robot_0.robot_supervisor]: Triggered uncontrollable event: EV_zone_b_visible
[INFO] [1789488481.662262031] [robot_0.robot_supervisor]: Selected controllable event: EV_move_forward
[INFO] [1789488481.931676496] [robot_0.robot_supervisor]: Selected controllable event: EV_approach_zone
[INFO] [1789488482.235974756] [robot_0.robot_supervisor]: Selected controllable event: EV_move_forward
[INFO] [1789488482.453457052] [robot_0.robot_supervisor]: Selected controllable event: EV_approach_zone
[INFO] [1789488482.746512467] [robot_0.robot_supervisor]: Triggered uncontrollable event: EV_zone_a_visible
[INFO] [1789488482.749992671] [robot_0.robot_supervisor]: Triggered uncontrollable event: EV_zone_b_visible
[INFO] [1789488482.751078591] [robot_0.robot_supervisor]: Selected controllable event: EV_move_forward
[INFO] [1789488483.053463738] [robot_0.robot_supervisor]: Selected controllable event: EV_move_forward
[INFO] [1789488483.344364895] [robot_0.robot_supervisor]: Selected controllable event: EV_approach_zone
[INFO] [1789488483.628913306] [robot_0.robot_supervisor]: Triggered uncontrollable event: EV_zone_a_visible
[INFO] [1789488483.629968011] [robot_0.robot_supervisor]: Selected controllable event: EV_move_forward
[INFO] [1789488483.846242376] [robot_0.robot_supervisor]: Triggered uncontrollable event: EV_zone_b_visible
[INFO] [1789488483.847242697] [robot_0.robot_supervisor]: Selected controllable event: EV_approach_zone
[INFO] [1789488484.132597357] [robot_0.robot_supervisor]: Selected controllable event: EV_approach_zone
[INFO] [1789488484.338515795] [robot_0.robot_supervisor]: Selected controllable event: EV_approach_zone
[INFO] [1789488484.560559905] [robot_0.robot_supervisor]: Selected controllable event: EV_move_forward
[INFO] [1789488484.824006164] [robot_0.robot_supervisor]: Triggered uncontrollable event: EV_zone_a_visible
[INFO] [1789488484.824804174] [robot_0.robot_supervisor]: Triggered uncontrollable event: EV_zone_b_visible
[INFO] [1789488484.835376106] [robot_0.robot_supervisor]: Selected controllable event: EV_move_forward
[INFO] [1789488485.131966745] [robot_0.robot_supervisor]: Selected controllable event: EV_approach_zone
[INFO] [1789488485.442555681] [robot_0.robot_supervisor]: Triggered uncontrollable event: EV_zone_a_visible
[INFO] [1789488485.443343792] [robot_0.robot_supervisor]: Triggered uncontrollable event: EV_zone_b_visible
[INFO] [1789488485.453589461] [robot_0.robot_supervisor]: Selected controllable event: EV_approach_zone
[INFO] [1789488485.749858207] [robot_0.robot_supervisor]: Selected controllable event: EV_approach_zone
[INFO] [1789488486.034470976] [robot_0.robot_supervisor]: Selected controllable event: EV_approach_zone
[INFO] [1789488486.335130636] [robot_0.robot_supervisor]: Triggered uncontrollable event: EV_zone_a_visible
[INFO] [1789488486.336049988] [robot_0.robot_supervisor]: Selected controllable event: EV_approach_zone
[INFO] [1789488486.635338165] [robot_0.robot_supervisor]: Triggered uncontrollable event: EV_zone_b_visible
[INFO] [1789488486.636257858] [robot_0.robot_supervisor]: Selected controllable event: EV_approach_zone
[INFO] [1789488486.859752644] [robot_0.robot_supervisor]: Selected controllable event: EV_move_forward
[INFO] [1789488487.142804724] [robot_0.robot_supervisor]: Triggered uncontrollable event: EV_zone_a_visible
[INFO] [1789488487.157796502] [robot_0.robot_supervisor]: Triggered uncontrollable event: EV_zone_b_visible
[INFO] [1789488487.158643209] [robot_0.robot_supervisor]: Selected controllable event: EV_move_forward
[INFO] [1789488487.437276672] [robot_0.robot_supervisor]: Selected controllable event: EV_approach_zone
[INFO] [1789488487.668429817] [robot_0.robot_supervisor]: Selected controllable event: EV_move_forward
[INFO] [1789488487.934170079] [robot_0.robot_supervisor]: Triggered uncontrollable event: EV_zone_a_visible
[INFO] [1789488487.934821682] [robot_0.robot_supervisor]: Triggered uncontrollable event: EV_zone_b_visible
[INFO] [1789488487.935616048] [robot_0.robot_supervisor]: Selected controllable event: EV_move_forward
[INFO] [1789488488.236729584] [robot_0.robot_supervisor]: Selected controllable event: EV_move_forward
[INFO] [1789488488.550103500] [robot_0.robot_supervisor]: Selected controllable event: EV_move_forward
[INFO] [1789488488.878321331] [robot_0.robot_supervisor]: Triggered uncontrollable event: EV_zone_a_visible
[INFO] [1789488488.893387038] [robot_0.robot_supervisor]: Triggered uncontrollable event: EV_zone_b_visible
[INFO] [1789488488.902642845] [robot_0.robot_supervisor]: Selected controllable event: EV_move_forward
[INFO] [1789488489.145696553] [robot_0.robot_supervisor]: Selected controllable event: EV_approach_zone
[INFO] [1789488489.439855975] [robot_0.robot_supervisor]: Selected controllable event: EV_approach_zone
