[INFO] [1789488315.556827370] [robot_1.robot_supervisor]: Loaded initial mission 'balanced_delivery' from explicit YAML supervisor.yaml
[INFO] [1789488316.061499745] [robot_1.robot_supervisor]: Selected controllable event: EV_move_forward
[INFO] [1789488316.291093483] [robot_1.robot_supervisor]: Selected controllable event: EV_move_forward
[INFO] [1789488316.500268887] [robot_1.robot_supervisor]: Selected controllable event: EV_search_object
[INFO] [1789488316.729033404] [robot_1.robot_supervisor]: Selected controllable event: EV_move_forward
[INFO] [1789488317.003647878] [robot_1.robot_supervisor]: Selected controllable event: EV_move_forward
[INFO] [1789488317.297771901] [robot_1.robot_supervisor]: Selected controllable event: EV_move_forward
[INFO] [1789488317.579579157] [robot_1.robot_supervisor]: Selected controllable event: EV_move_forward
[INFO] [1789488317.879496914] [robot_1.robot_supervisor]: Selected controllable event: EV_move_forward
[INFO] [1789488318.180683672] [robot_1.robot_supervisor]: Selected controllable event: EV_search_object
[INFO] [1789488318.379762873] [robot_1.robot_supervisor]: Selected controllable event: EV_search_object
[INFO] [1789488318.579766991] [robot_1.robot_supervisor]: Selected controllable event: EV_move_forward
[INFO] [1789488318.879822421] [robot_1.robot_supervisor]: Selected controllable event: EV_move_forward
[INFO] [1789488319.180176403] [robot_1.robot_supervisor]: Selected controllable event: EV_search_object
[INFO] [1789488319.380021169] [robot_1.robot_supervisor]: Selected controllable event: EV_move_forward
[INFO] [1789488319.679848718] [robot_1.robot_supervisor]: Selected controllable event: EV_move_forward
[INFO] [1789488319.979796522] [robot_1.robot_supervisor]: Selected controllable event: EV_move_forward
[INFO] [1789488320.280145089] [robot_1.robot_supervisor]: Selected controllable event: EV_move_forward
[INFO] [1789488320.579780990] [robot_1.robot_supervisor]: Selected controllable event: EV_move_forward
[INFO] [1789488320.880370461] [robot_1.robot_supervisor]: Selected controllable event: EV_search_object
[INFO] [1789488321.080249346] [robot_1.robot_supervisor]: Selected controllable event: EV_search_object
[INFO] [1789488321.279788259] [robot_1.robot_supervisor]: Selected controllable event: EV_search_object
[INFO] [1789488321.392385893] [robot_1.robot_supervisor]: ############################# REACHED: EV_object_reached #############################
[INFO] [1789488321.393619347] [robot_1.robot_supervisor]: Selected controllable event: EV_move_forward
[INFO] [1789488321.713225326] [robot_1.robot_supervisor]: Selected controllable event: EV_pick_up_object
[INFO] [1789488321.753440267] [robot_1.robot_supervisor]: Cargo 'robot_1_carried_generic_box' placed on robot.
[INFO] [1789488322.009821368] [robot_1.robot_supervisor]: Selected controllable event: EV_search_zone
[INFO] [1789488322.194109416] [robot_1.robot_supervisor]: Selected controllable event: EV_move_forward
[INFO] [1789488322.416557652] [robot_1.robot_supervisor]: Selected controllable event: EV_move_forward
[INFO] [1789488322.710107056] [robot_1.robot_supervisor]: Selected controllable event: EV_search_zone
[INFO] [1789488322.911667649] [robot_1.robot_supervisor]: Triggered uncontrollable event: EV_zone_a_not_visible
[INFO] [1789488322.921263342] [robot_1.robot_supervisor]: Triggered uncontrollable event: EV_zone_b_reached
[INFO] [1789488322.923491424] [robot_1.robot_supervisor]: Selected controllable event: EV_search_zone
[INFO] [1789488323.111696307] [robot_1.robot_supervisor]: Selected controllable event: EV_search_zone
[INFO] [1789488323.330904445] [robot_1.robot_supervisor]: Selected controllable event: EV_search_zone
[INFO] [1789488323.505490090] [robot_1.robot_supervisor]: Selected controllable event: EV_move_forward
[INFO] [1789488323.812453742] [robot_1.robot_supervisor]: Selected controllable event: EV_search_zone
[INFO] [1789488323.920001443] [robot_1.robot_supervisor]: Triggered uncontrollable event: EV_zone_a_not_visible
[INFO] [1789488323.939259768] [robot_1.robot_supervisor]: Selected controllable event: EV_move_forward
[INFO] [1789488324.195808580] [robot_1.robot_supervisor]: Triggered uncontrollable event: EV_zone_b_reached
[INFO] [1789488324.196925651] [robot_1.robot_supervisor]: Selected controllable event: EV_move_forward
[INFO] [1789488324.412436323] [robot_1.robot_supervisor]: Selected controllable event: EV_move_forward
[INFO] [1789488324.724520723] [robot_1.robot_supervisor]: Selected controllable event: EV_move_forward
[INFO] [1789488325.013348409] [robot_1.robot_supervisor]: Triggered uncontrollable event: EV_zone_a_not_visible
[INFO] [1789488325.014214680] [robot_1.robot_supervisor]: Triggered uncontrollable event: EV_zone_b_reached
[INFO] [1789488325.015144802] [robot_1.robot_supervisor]: Selected controllable event: EV_move_forward
[INFO] [1789488325.316671570] [robot_1.robot_supervisor]: Selected controllable event: EV_search_zone
[INFO] [1789488325.486366957] [robot_1.robot_supervisor]: Selected controllable event: EV_move_forward
[INFO] [1789488325.702281595] [robot_1.robot_supervisor]: Selected controllable event: EV_move_forward
[INFO] [1789488326.001994421] [robot_1.robot_supervisor]: Triggered uncontrollable event: EV_zone_a_not_visible
[INFO] [1789488326.007512984] [robot_1.robot_supervisor]: Selected controllable event: EV_move_forward
[INFO] [1789488326.316166774] [robot_1.robot_supervisor]: Triggered uncontrollable event: EV_zone_b_not_visible
[INFO] [1789488326.323414631] [robot_1.robot_supervisor]: Selected controllable event: EV_search_zone
[INFO] [1789488326.503552824] [robot_1.robot_supervisor]: Selected controllable event: EV_search_zone
[INFO] [1789488326.625934707] [robot_1.robot_supervisor]: Selected controllable event: EV_search_zone
[INFO] [1789488326.809640792] [robot_1.robot_supervisor]: Triggered uncontrollable event: EV_zone_a_not_visible
[INFO] [1789488326.810650882] [robot_1.robot_supervisor]: Selected controllable event: EV_move_forward
[INFO] [1789488327.108898626] [robot_1.robot_supervisor]: Triggered uncontrollable event: EV_zone_b_not_visible
[INFO] [1789488327.110135586] [robot_1.robot_supervisor]: Selected controllable event: EV_move_forward
[INFO] [1789488327.394677554] [robot_1.robot_supervisor]: Selected controllable event: EV_search_zone
[INFO] [1789488327.608562365] [robot_1.robot_supervisor]: Selected controllable event: EV_move_forward
[INFO] [1789488327.918593265] [robot_1.robot_supervisor]: Triggered uncontrollable event: EV_zone_a_not_visible
[INFO] [1789488327.934707394] [robot_1.robot_supervisor]: Triggered uncontrollable event: EV_zone_b_not_visible
[INFO] [1789488327.935754413] [robot_1.robot_supervisor]: Selected controllable event: EV_search_zone
[INFO] [1789488328.098776601] [robot_1.robot_supervisor]: Selected controllable event: EV_search_zone
[INFO] [1789488328.208383072] [robot_1.robot_supervisor]: Selected controllable event: EV_search_zone
[INFO] [1789488328.340613935] [robot_1.robot_supervisor]: Selected controllable event: EV_search_zone
[INFO] [1789488328.530834247] [robot_1.robot_supervisor]: Selected controllable event: EV_move_forward
[INFO] [1789488328.791143355] [robot_1.robot_supervisor]: Selected controllable event: EV_move_forward
[INFO] [1789488329.014084525] [robot_1.robot_supervisor]: Triggered uncontrollable event: EV_zone_a_not_visible
[INFO] [1789488329.019620176] [robot_1.robot_supervisor]: Triggered uncontrollable event: EV_zone_b_not_visible
[INFO] [1789488329.033684017] [robot_1.robot_supervisor]: Selected controllable event: EV_move_forward
[INFO] [1789488329.300896723] [robot_1.robot_supervisor]: Selected controllable event: EV_search_zone
[INFO] [1789488329.513746090] [robot_1.robot_supervisor]: Selected controllable event: EV_search_zone
[INFO] [1789488329.685336179] [robot_1.robot_supervisor]: Selected controllable event: EV_search_zone
[INFO] [1789488329.813673782] [robot_1.robot_supervisor]: Selected controllable event: EV_move_forward
[INFO] [1789488330.101706020] [robot_1.robot_supervisor]: Triggered uncontrollable event: EV_zone_a_not_visible
[INFO] [1789488330.108356237] [robot_1.robot_supervisor]: Triggered uncontrollable event: EV_zone_b_not_visible
[INFO] [1789488330.109348832] [robot_1.robot_supervisor]: Selected controllable event: EV_move_forward
[INFO] [1789488330.415552484] [robot_1.robot_supervisor]: Selected controllable event: EV_search_zone
[INFO] [1789488330.585391193] [robot_1.robot_supervisor]: Selected controllable event: EV_move_forward
[INFO] [1789488330.803393374] [robot_1.robot_supervisor]: Selected controllable event: EV_search_zone
[INFO] [1789488330.923631216] [robot_1.robot_supervisor]: Selected controllable event: EV_move_forward
[INFO] [1789488331.207468973] [robot_1.robot_supervisor]: Triggered uncontrollable event: EV_zone_a_not_visible
[INFO] [1789488331.221369625] [robot_1.robot_supervisor]: Triggered uncontrollable event: EV_zone_b_not_visible
[INFO] [1789488331.222311906] [robot_1.robot_supervisor]: Selected controllable event: EV_search_zone
[INFO] [1789488331.408676308] [robot_1.robot_supervisor]: Selected controllable event: EV_search_zone
[INFO] [1789488331.606661306] [robot_1.robot_supervisor]: Selected controllable event: EV_search_zone
[INFO] [1789488331.722721664] [robot_1.robot_supervisor]: Selected controllable event: EV_move_forward
[INFO] [1789488332.010660051] [robot_1.robot_supervisor]: Triggered uncontrollable event: EV_zone_a_not_visible
[INFO] [1789488332.025511027] [robot_1.robot_supervisor]: Triggered uncontrollable event: EV_zone_b_not_visible
[INFO] [1789488332.026575240] [robot_1.robot_supervisor]: Selected controllable event: EV_search_zone
[INFO] [1789488332.190539989] [robot_1.robot_supervisor]: Selected controllable event: EV_move_forward
[INFO] [1789488332.496354090] [robot_1.robot_supervisor]: Selected controllable event: EV_search_zone
[INFO] [1789488332.704125364] [robot_1.robot_supervisor]: Selected controllable event: EV_search_zone
[INFO] [1789488332.925731581] [robot_1.robot_supervisor]: Selected controllable event: EV_move_forward
[INFO] [1789488333.217147970] [robot_1.robot_supervisor]: Triggered uncontrollable event: EV_zone_a_not_visible
[INFO] [1789488333.238200216] [robot_1.robot_supervisor]: Triggered uncontrollable event: EV_zone_b_not_visible
[INFO] [1789488333.239432484] [robot_1.robot_supervisor]: Selected controllable event: EV_move_forward
[INFO] [1789488333.515773329] [robot_1.robot_supervisor]: Selected controllable event: EV_move_forward
[INFO] [1789488333.831482766] [robot_1.robot_supervisor]: Selected controllable event: EV_move_forward
[INFO] [1789488334.107618998] [robot_1.robot_supervisor]: Selected controllable event: EV_move_forward
[INFO] [1789488334.407409621] [robot_1.robot_supervisor]: Triggered uncontrollable event: EV_zone_a_not_visible
[INFO] [1789488334.431162324] [robot_1.robot_supervisor]: Triggered uncontrollable event: EV_zone_b_not_visible
[INFO] [1789488334.432246987] [robot_1.robot_supervisor]: Selected controllable event: EV_search_zone
[INFO] [1789488334.602952546] [robot_1.robot_supervisor]: Selected controllable event: EV_search_zone
[INFO] [1789488334.816095469] [robot_1.robot_supervisor]: Selected controllable event: EV_move_forward
[INFO] [1789488335.086440959] [robot_1.robot_supervisor]: Selected controllable event: EV_search_zone
[INFO] [1789488335.209809604] [robot_1.robot_supervisor]: Triggered uncontrollable event: EV_zone_a_not_visible
[INFO] [1789488335.210745504] [robot_1.robot_supervisor]: Triggered uncontrollable event: EV_zone_b_not_visible
[INFO] [1789488335.227440684] [robot_1.robot_supervisor]: Selected controllable event: EV_search_zone
[INFO] [1789488335.400520432] [robot_1.robot_supervisor]: Selected controllable event: EV_move_forward
[INFO] [1789488335.691996898] [robot_1.robot_supervisor]: Selected controllable event: EV_move_forward
[INFO] [1789488335.925951845] [robot_1.robot_supervisor]: Selected controllable event: EV_move_forward
[INFO] [1789488336.196224019] [robot_1.robot_supervisor]: Triggered uncontrollable event: EV_zone_a_not_visible
[INFO] [1789488336.209247421] [robot_1.robot_supervisor]: Triggered uncontrollable event: EV_zone_b_not_visible
[INFO] [1789488336.210376412] [robot_1.robot_supervisor]: Selected controllable event: EV_move_forward
[INFO] [1789488336.496457951] [robot_1.robot_supervisor]: Selected controllable event: EV_move_forward
[INFO] [1789488336.712486246] [robot_1.robot_supervisor]: Selected controllable event: EV_move_forward
[INFO] [1789488337.016396721] [robot_1.robot_supervisor]: Selected controllable event: EV_search_zone
[INFO] [1789488337.199616162] [robot_1.robot_supervisor]: Triggered uncontrollable event: EV_zone_a_not_visible
[INFO] [1789488337.212263172] [robot_1.robot_supervisor]: Selected controllable event: EV_search_zone
[INFO] [1789488337.387107026] [robot_1.robot_supervisor]: Triggered uncontrollable event: EV_zone_b_not_visible
[INFO] [1789488337.407922420] [robot_1.robot_supervisor]: Selected controllable event: EV_move_forward
[INFO] [1789488337.633773811] [robot_1.robot_supervisor]: Selected controllable event: EV_search_zone
[INFO] [1789488337.818773510] [robot_1.robot_supervisor]: Selected controllable event: EV_search_zone
[INFO] [1789488338.004096133] [robot_1.robot_supervisor]: Selected controllable event: EV_move_forward
[INFO] [1789488338.222761763] [robot_1.robot_supervisor]: Triggered uncontrollable event: EV_zone_a_not_visible
[INFO] [1789488338.228284513] [robot_1.robot_supervisor]: Selected controllable event: EV_search_zone
[INFO] [1789488338.413186546] [robot_1.robot_supervisor]: Triggered uncontrollable event: EV_zone_b_not_visible
[INFO] [1789488338.420859540] [robot_1.robot_supervisor]: Selected controllable event: EV_move_forward
[INFO] [1789488338.706465997] [robot_1.robot_supervisor]: Selected controllable event: EV_move_forward
[INFO] [1789488339.001249368] [robot_1.robot_supervisor]: Selected controllable event: EV_move_forward
[INFO] [1789488339.220514314] [robot_1.robot_supervisor]: Selected controllable event: EV_move_forward
[INFO] [1789488339.509374693] [robot_1.robot_supervisor]: Triggered uncontrollable event: EV_zone_a_visible
[INFO] [1789488339.517917026] [robot_1.robot_supervisor]: Triggered uncontrollable event: EV_zone_b_not_visible
[INFO] [1789488339.518870278] [robot_1.robot_supervisor]: Selected controllable event: EV_move_forward
[INFO] [1789488339.805032099] [robot_1.robot_supervisor]: Selected controllable event: EV_approach_zone
[INFO] [1789488340.127408792] [robot_1.robot_supervisor]: Selected controllable event: EV_approach_zone
[INFO] [1789488340.416624131] [robot_1.robot_supervisor]: Triggered uncontrollable event: EV_zone_a_visible
[INFO] [1789488340.428385624] [robot_1.robot_supervisor]: Triggered uncontrollable event: EV_zone_b_not_visible
[INFO] [1789488340.439699940] [robot_1.robot_supervisor]: Selected controllable event: EV_approach_zone
[INFO] [1789488340.704937865] [robot_1.robot_supervisor]: Selected controllable event: EV_approach_zone
[INFO] [1789488340.980691452] [robot_1.robot_supervisor]: Selected controllable event: EV_move_forward
[INFO] [1789488341.247723460] [robot_1.robot_supervisor]: Selected controllable event: EV_move_forward
[INFO] [1789488341.518009926] [robot_1.robot_supervisor]: Triggered uncontrollable event: EV_zone_a_visible
[INFO] [1789488341.521326833] [robot_1.robot_supervisor]: Triggered uncontrollable event: EV_zone_b_not_visible
[INFO] [1789488341.536272430] [robot_1.robot_supervisor]: Selected controllable event: EV_move_forward
[INFO] [1789488341.799461076] [robot_1.robot_supervisor]: Selected controllable event: EV_approach_zone
[INFO] [1789488342.015304069] [robot_1.robot_supervisor]: Selected controllable event: EV_move_forward
[INFO] [1789488342.246802779] [robot_1.robot_supervisor]: Selected controllable event: EV_approach_zone
[INFO] [1789488342.505059760] [robot_1.robot_supervisor]: Selected controllable event: EV_move_forward
[INFO] [1789488342.721801035] [robot_1.robot_supervisor]: Triggered uncontrollable event: EV_zone_a_visible
[INFO] [1789488342.722814900] [robot_1.robot_supervisor]: Triggered uncontrollable event: EV_zone_b_not_visible
[INFO] [1789488342.732010567] [robot_1.robot_supervisor]: Selected controllable event: EV_move_forward
[INFO] [1789488343.029075351] [robot_1.robot_supervisor]: Selected controllable event: EV_move_forward
[INFO] [1789488343.309459823] [robot_1.robot_supervisor]: Selected controllable event: EV_move_forward
[INFO] [1789488343.603837644] [robot_1.robot_supervisor]: Selected controllable event: EV_approach_zone
[INFO] [1789488343.813449338] [robot_1.robot_supervisor]: Triggered uncontrollable event: EV_zone_a_visible
[INFO] [1789488343.828829633] [robot_1.robot_supervisor]: Triggered uncontrollable event: EV_zone_b_not_visible
[INFO] [1789488343.832040710] [robot_1.robot_supervisor]: Selected controllable event: EV_move_forward
[INFO] [1789488344.114821849] [robot_1.robot_supervisor]: Selected controllable event: EV_approach_zone
[INFO] [1789488344.411347853] [robot_1.robot_supervisor]: Selected controllable event: EV_approach_zone
[INFO] [1789488344.721979170] [robot_1.robot_supervisor]: Selected controllable event: EV_approach_zone
[INFO] [1789488345.033593965] [robot_1.robot_supervisor]: Triggered uncontrollable event: EV_zone_a_visible
[INFO] [1789488345.034651915] [robot_1.robot_supervisor]: Triggered uncontrollable event: EV_zone_b_not_visible
[INFO] [1789488345.035745144] [robot_1.robot_supervisor]: Selected controllable event: EV_approach_zone
[INFO] [1789488345.312782232] [robot_1.robot_supervisor]: Selected controllable event: EV_move_forward
[INFO] [1789488345.599168688] [robot_1.robot_supervisor]: Selected controllable event: EV_approach_zone
[INFO] [1789488345.917428848] [robot_1.robot_supervisor]: Triggered uncontrollable event: EV_zone_a_visible
[INFO] [1789488345.926903428] [robot_1.robot_supervisor]: Selected controllable event: EV_move_forward
[INFO] [1789488346.181738355] [robot_1.robot_supervisor]: Triggered uncontrollable event: EV_zone_b_not_visible
[INFO] [1789488346.182716676] [robot_1.robot_supervisor]: Selected controllable event: EV_approach_zone
[INFO] [1789488346.523065527] [robot_1.robot_supervisor]: Selected controllable event: EV_move_forward
[INFO] [1789488346.823370298] [robot_1.robot_supervisor]: Selected controllable event: EV_move_forward
[INFO] [1789488347.112087415] [robot_1.robot_supervisor]: Triggered uncontrollable event: EV_zone_a_visible
[INFO] [1789488347.121923628] [robot_1.robot_supervisor]: Triggered uncontrollable event: EV_zone_b_not_visible
[INFO] [1789488347.135663628] [robot_1.robot_supervisor]: Selected controllable event: EV_move_forward
[INFO] [1789488347.400931058] [robot_1.robot_supervisor]: Selected controllable event: EV_approach_zone
[INFO] [1789488347.638505788] [robot_1.robot_supervisor]: Selected controllable event: EV_move_forward
[INFO] [1789488347.897499803] [robot_1.robot_supervisor]: Selected controllable event: EV_move_forward
[INFO] [1789488348.120350900] [robot_1.robot_supervisor]: Triggered uncontrollable event: EV_zone_a_visible
[INFO] [1789488348.132914764] [robot_1.robot_supervisor]: Selected controllable event: EV_move_forward
[INFO] [1789488348.408081074] [robot_1.robot_supervisor]: Triggered uncontrollable event: EV_zone_b_not_visible
[INFO] [1789488348.409210287] [robot_1.robot_supervisor]: Selected controllable event: EV_move_forward
[INFO] [1789488348.700843150] [robot_1.robot_supervisor]: Selected controllable event: EV_approach_zone
[INFO] [1789488348.918674056] [robot_1.robot_supervisor]: Selected controllable event: EV_move_forward
[INFO] [1789488349.193105295] [robot_1.robot_supervisor]: Triggered uncontrollable event: EV_zone_a_visible
[INFO] [1789488349.221635331] [robot_1.robot_supervisor]: Triggered uncontrollable event: EV_zone_b_not_visible
[INFO] [1789488349.222444312] [robot_1.robot_supervisor]: Selected controllable event: EV_approach_zone
[INFO] [1789488349.514878073] [robot_1.robot_supervisor]: Selected controllable event: EV_approach_zone
[INFO] [1789488349.743832429] [robot_1.robot_supervisor]: Selected controllable event: EV_move_forward
[INFO] [1789488350.006668444] [robot_1.robot_supervisor]: Selected controllable event: EV_move_forward
[INFO] [1789488350.227412158] [robot_1.robot_supervisor]: Triggered uncontrollable event: EV_zone_a_visible
[INFO] [1789488350.233779057] [robot_1.robot_supervisor]: Triggered uncontrollable event: EV_zone_b_not_visible
[INFO] [1789488350.247210291] [robot_1.robot_supervisor]: Selected controllable event: EV_move_forward
[INFO] [1789488350.528742130] [robot_1.robot_supervisor]: Selected controllable event: EV_move_forward
[INFO] [1789488350.832721965] [robot_1.robot_supervisor]: Selected controllable event: EV_approach_zone
[INFO] [1789488351.104293992] [robot_1.robot_supervisor]: Triggered uncontrollable event: EV_zone_b_not_visible
[INFO] [1789488351.105333088] [robot_1.robot_supervisor]: Triggered uncontrollable event: EV_zone_a_reached
[INFO] [1789488351.106407157] [robot_1.robot_supervisor]: Selected controllable event: EV_move_forward
[INFO] [1789488351.321167133] [robot_1.robot_supervisor]: DELIVERED zone_a; balance=zone_a_has_extra
[INFO] [1789488351.336247883] [robot_1.robot_supervisor]: Selected controllable event: EV_drop_zone_a
[INFO] [1789488351.389886606] [robot_1.robot_supervisor]: Delivered cargo 'robot_1_carried_generic_box' removed.
[INFO] [1789488351.412306897] [robot_1.robot_supervisor]: Selected controllable event: EV_move_forward
[INFO] [1789488351.696164914] [robot_1.robot_supervisor]: Selected controllable event: EV_publish_delivered_zone_a
[INFO] [1789488351.806819910] [robot_1.robot_supervisor]: Selected controllable event: EV_search_object
[INFO] [1789488352.022508891] [robot_1.robot_supervisor]: Selected controllable event: EV_search_object
[INFO] [1789488352.205111897] [robot_1.robot_supervisor]: ############################# VISIBLE: EV_object_visible #############################
[INFO] [1789488352.212382755] [robot_1.robot_supervisor]: Triggered uncontrollable event: EV_obstacle_front
[INFO] [1789488352.225623863] [robot_1.robot_supervisor]: Selected controllable event: EV_rotate_counterclockwise
[INFO] [1789488352.396316568] [robot_1.robot_supervisor]: Triggered uncontrollable event: EV_obstacle_front
[INFO] [1789488352.412220712] [robot_1.robot_supervisor]: Selected controllable event: EV_u_turn
[INFO] [1789488352.416661313] [robot_1.robot_supervisor]: Starting FULL ROTATE (omega=1.000, have_odom=True, target_rad=3.142, timeout_s=3.500)
[INFO] [1789488355.917764989] [robot_1.robot_supervisor]: FULL ROTATE completed by timeout
[INFO] [1789488356.192556580] [robot_1.robot_supervisor]: ############################# VISIBLE: EV_object_visible #############################
[INFO] [1789488356.212841350] [robot_1.robot_supervisor]: Selected controllable event: EV_approach_object
[INFO] [1789488356.500993126] [robot_1.robot_supervisor]: ############################# VISIBLE: EV_object_visible #############################
[INFO] [1789488356.518282207] [robot_1.robot_supervisor]: Selected controllable event: EV_approach_object
[INFO] [1789488356.797950726] [robot_1.robot_supervisor]: Selected controllable event: EV_move_forward
[INFO] [1789488357.121447589] [robot_1.robot_supervisor]: Selected controllable event: EV_approach_object
[INFO] [1789488357.408663220] [robot_1.robot_supervisor]: ############################# VISIBLE: EV_object_visible #############################
[INFO] [1789488357.417460553] [robot_1.robot_supervisor]: Selected controllable event: EV_approach_object
[INFO] [1789488357.691433163] [robot_1.robot_supervisor]: RECEIVED zone_b; balance=equal
[INFO] [1789488357.716500204] [robot_1.robot_supervisor]: Triggered uncontrollable event: EV_received_delivered_zone_b
[INFO] [1789488357.718429776] [robot_1.robot_supervisor]: Selected controllable event: EV_move_forward
[INFO] [1789488358.006956987] [robot_1.robot_supervisor]: Selected controllable event: EV_move_forward
[INFO] [1789488358.302495416] [robot_1.robot_supervisor]: ############################# VISIBLE: EV_object_visible #############################
[INFO] [1789488358.303533008] [robot_1.robot_supervisor]: Selected controllable event: EV_approach_object
[INFO] [1789488358.605662567] [robot_1.robot_supervisor]: Selected controllable event: EV_move_forward
[INFO] [1789488358.906830971] [robot_1.robot_supervisor]: Selected controllable event: EV_move_forward
[INFO] [1789488359.203825144] [robot_1.robot_supervisor]: ############################# VISIBLE: EV_object_visible #############################
[INFO] [1789488359.219933480] [robot_1.robot_supervisor]: Selected controllable event: EV_approach_object
[INFO] [1789488359.488326181] [robot_1.robot_supervisor]: Selected controllable event: EV_move_forward
[INFO] [1789488359.691768602] [robot_1.robot_supervisor]: Selected controllable event: EV_move_forward
[INFO] [1789488359.995384902] [robot_1.robot_supervisor]: Triggered uncontrollable event: EV_object_not_visible
[INFO] [1789488359.998680614] [robot_1.robot_supervisor]: Selected controllable event: EV_move_forward
[INFO] [1789488360.223927690] [robot_1.robot_supervisor]: Selected controllable event: EV_search_object
[INFO] [1789488360.386751432] [robot_1.robot_supervisor]: Selected controllable event: EV_search_object
[INFO] [1789488360.513077023] [robot_1.robot_supervisor]: Selected controllable event: EV_search_object
[INFO] [1789488360.716921882] [robot_1.robot_supervisor]: Selected controllable event: EV_move_forward
[INFO] [1789488361.001431551] [robot_1.robot_supervisor]: Triggered uncontrollable event: EV_object_not_visible
[INFO] [1789488361.002545768] [robot_1.robot_supervisor]: Selected controllable event: EV_move_forward
[INFO] [1789488361.221279663] [robot_1.robot_supervisor]: Selected controllable event: EV_move_forward
[INFO] [1789488361.498035873] [robot_1.robot_supervisor]: Selected controllable event: EV_search_object
[INFO] [1789488361.702313258] [robot_1.robot_supervisor]: Selected controllable event: EV_move_forward
[INFO] [1789488362.007434621] [robot_1.robot_supervisor]: Triggered uncontrollable event: EV_object_not_visible
[INFO] [1789488362.011734734] [robot_1.robot_supervisor]: Selected controllable event: EV_move_forward
[INFO] [1789488362.317322549] [robot_1.robot_supervisor]: Selected controllable event: EV_move_forward
[INFO] [1789488362.589938593] [robot_1.robot_supervisor]: Selected controllable event: EV_search_object
[INFO] [1789488362.781166380] [robot_1.robot_supervisor]: Selected controllable event: EV_move_forward
[INFO] [1789488363.002485111] [robot_1.robot_supervisor]: Triggered uncontrollable event: EV_object_not_visible
[INFO] [1789488363.014366507] [robot_1.robot_supervisor]: Selected controllable event: EV_search_object
[INFO] [1789488363.209712668] [robot_1.robot_supervisor]: Selected controllable event: EV_move_forward
[INFO] [1789488363.483998307] [robot_1.robot_supervisor]: Selected controllable event: EV_search_object
[INFO] [1789488363.593058231] [robot_1.robot_supervisor]: Selected controllable event: EV_move_forward
[INFO] [1789488363.896718199] [robot_1.robot_supervisor]: Triggered uncontrollable event: EV_object_not_visible
[INFO] [1789488363.910816996] [robot_1.robot_supervisor]: Selected controllable event: EV_move_forward
[INFO] [1789488364.187548151] [robot_1.robot_supervisor]: Selected controllable event: EV_search_object
[INFO] [1789488364.306806528] [robot_1.robot_supervisor]: Selected controllable event: EV_move_forward
[INFO] [1789488364.590974724] [robot_1.robot_supervisor]: Selected controllable event: EV_search_object
[INFO] [1789488364.711803921] [robot_1.robot_supervisor]: Selected controllable event: EV_search_object
[INFO] [1789488364.888849139] [robot_1.robot_supervisor]: ############################# VISIBLE: EV_object_visible #############################
[INFO] [1789488364.889928258] [robot_1.robot_supervisor]: Selected controllable event: EV_move_forward
[INFO] [1789488365.209712215] [robot_1.robot_supervisor]: Selected controllable event: EV_approach_object
[INFO] [1789488365.492135322] [robot_1.robot_supervisor]: Selected controllable event: EV_move_forward
[INFO] [1789488365.702212049] [robot_1.robot_supervisor]: Selected controllable event: EV_move_forward
[INFO] [1789488365.906444228] [robot_1.robot_supervisor]: ############################# VISIBLE: EV_object_visible #############################
[INFO] [1789488365.907538383] [robot_1.robot_supervisor]: Selected controllable event: EV_approach_object
[INFO] [1789488366.192041477] [robot_1.robot_supervisor]: Selected controllable event: EV_move_forward
[INFO] [1789488366.491044311] [robot_1.robot_supervisor]: Selected controllable event: EV_move_forward
[INFO] [1789488366.790976274] [robot_1.robot_supervisor]: Selected controllable event: EV_approach_object
[INFO] [1789488367.100925423] [robot_1.robot_supervisor]: ############################# VISIBLE: EV_object_visible #############################
[INFO] [1789488367.119546116] [robot_1.robot_supervisor]: Selected controllable event: EV_move_forward
[INFO] [1789488367.407485151] [robot_1.robot_supervisor]: Selected controllable event: EV_approach_object
[INFO] [1789488367.701122612] [robot_1.robot_supervisor]: Selected controllable event: EV_approach_object
[INFO] [1789488367.996706490] [robot_1.robot_supervisor]: ############################# VISIBLE: EV_object_visible #############################
[INFO] [1789488367.997639493] [robot_1.robot_supervisor]: Selected controllable event: EV_move_forward
[INFO] [1789488368.305150808] [robot_1.robot_supervisor]: Selected controllable event: EV_move_forward
[INFO] [1789488368.584248655] [robot_1.robot_supervisor]: Selected controllable event: EV_approach_object
[INFO] [1789488368.917675120] [robot_1.robot_supervisor]: ############################# VISIBLE: EV_object_visible #############################
[INFO] [1789488368.939092164] [robot_1.robot_supervisor]: Selected controllable event: EV_approach_object
[INFO] [1789488369.209181562] [robot_1.robot_supervisor]: Selected controllable event: EV_move_forward
[INFO] [1789488369.426247563] [robot_1.robot_supervisor]: Selected controllable event: EV_move_forward
[INFO] [1789488369.702184099] [robot_1.robot_supervisor]: ############################# VISIBLE: EV_object_visible #############################
[INFO] [1789488369.703301477] [robot_1.robot_supervisor]: Selected controllable event: EV_move_forward
[INFO] [1789488370.011658434] [robot_1.robot_supervisor]: Selected controllable event: EV_approach_object
[INFO] [1789488370.285569997] [robot_1.robot_supervisor]: Selected controllable event: EV_approach_object
[INFO] [1789488370.521179438] [robot_1.robot_supervisor]: Selected controllable event: EV_move_forward
[INFO] [1789488370.795175459] [robot_1.robot_supervisor]: ############################# VISIBLE: EV_object_visible #############################
[INFO] [1789488370.796267046] [robot_1.robot_supervisor]: Selected controllable event: EV_move_forward
[INFO] [1789488371.087441237] [robot_1.robot_supervisor]: Selected controllable event: EV_move_forward
[INFO] [1789488371.297431491] [robot_1.robot_supervisor]: Selected controllable event: EV_move_forward
[INFO] [1789488371.511006591] [robot_1.robot_supervisor]: Selected controllable event: EV_approach_object
[INFO] [1789488371.787440974] [robot_1.robot_supervisor]: ############################# VISIBLE: EV_object_visible #############################
[INFO] [1789488371.810875598] [robot_1.robot_supervisor]: Selected controllable event: EV_move_forward
[INFO] [1789488372.111592727] [robot_1.robot_supervisor]: Selected controllable event: EV_move_forward
[INFO] [1789488372.390798975] [robot_1.robot_supervisor]: Selected controllable event: EV_approach_object
[INFO] [1789488372.619580163] [robot_1.robot_supervisor]: Selected controllable event: EV_approach_object
[INFO] [1789488372.800407185] [robot_1.robot_supervisor]: RECEIVED zone_a; balance=zone_a_has_extra
[INFO] [1789488372.897549790] [robot_1.robot_supervisor]: ############################# VISIBLE: EV_object_visible #############################
[INFO] [1789488372.898307370] [robot_1.robot_supervisor]: Triggered uncontrollable event: EV_received_delivered_zone_a
[INFO] [1789488372.912971811] [robot_1.robot_supervisor]: Selected controllable event: EV_move_forward
[INFO] [1789488373.195865948] [robot_1.robot_supervisor]: Selected controllable event: EV_approach_object
[INFO] [1789488373.419509099] [robot_1.robot_supervisor]: Selected controllable event: EV_approach_object
[INFO] [1789488373.699206137] [robot_1.robot_supervisor]: Selected controllable event: EV_move_forward
[INFO] [1789488373.990166483] [robot_1.robot_supervisor]: ############################# VISIBLE: EV_object_visible #############################
[INFO] [1789488374.001668404] [robot_1.robot_supervisor]: Selected controllable event: EV_approach_object
[INFO] [1789488374.285628949] [robot_1.robot_supervisor]: Selected controllable event: EV_move_forward
[INFO] [1789488374.502733913] [robot_1.robot_supervisor]: Selected controllable event: EV_move_forward
[INFO] [1789488374.790935377] [robot_1.robot_supervisor]: Selected controllable event: EV_move_forward
[INFO] [1789488375.013354454] [robot_1.robot_supervisor]: ############################# VISIBLE: EV_object_visible #############################
[INFO] [1789488375.014377757] [robot_1.robot_supervisor]: Selected controllable event: EV_move_forward
[INFO] [1789488375.307480975] [robot_1.robot_supervisor]: Selected controllable event: EV_approach_object
[INFO] [1789488375.607366909] [robot_1.robot_supervisor]: Selected controllable event: EV_approach_object
[INFO] [1789488375.909549345] [robot_1.robot_supervisor]: ############################# VISIBLE: EV_object_visible #############################
[INFO] [1789488375.910568552] [robot_1.robot_supervisor]: Selected controllable event: EV_approach_object
[INFO] [1789488376.186651539] [robot_1.robot_supervisor]: Selected controllable event: EV_move_forward
[INFO] [1789488376.415221089] [robot_1.robot_supervisor]: Selected controllable event: EV_move_forward
[INFO] [1789488376.693721525] [robot_1.robot_supervisor]: ############################# VISIBLE: EV_object_visible #############################
[INFO] [1789488376.694799339] [robot_1.robot_supervisor]: Selected controllable event: EV_approach_object
[INFO] [1789488376.997568144] [robot_1.robot_supervisor]: Selected controllable event: EV_move_forward
[INFO] [1789488377.298017380] [robot_1.robot_supervisor]: Selected controllable event: EV_approach_object
[INFO] [1789488377.500782977] [robot_1.robot_supervisor]: ############################# VISIBLE: EV_object_visible #############################
[INFO] [1789488377.515978316] [robot_1.robot_supervisor]: Selected controllable event: EV_move_forward
[INFO] [1789488377.804115284] [robot_1.robot_supervisor]: Selected controllable event: EV_approach_object
[INFO] [1789488378.092077574] [robot_1.robot_supervisor]: Selected controllable event: EV_approach_object
[INFO] [1789488378.415023349] [robot_1.robot_supervisor]: ############################# VISIBLE: EV_object_visible #############################
[INFO] [1789488378.435070508] [robot_1.robot_supervisor]: Selected controllable event: EV_move_forward
[INFO] [1789488378.688408005] [robot_1.robot_supervisor]: Selected controllable event: EV_move_forward
[INFO] [1789488378.984683094] [robot_1.robot_supervisor]: Selected controllable event: EV_move_forward
[INFO] [1789488379.291376833] [robot_1.robot_supervisor]: ############################# VISIBLE: EV_object_visible #############################
[INFO] [1789488379.310241837] [robot_1.robot_supervisor]: Selected controllable event: EV_move_forward
[INFO] [1789488379.611098710] [robot_1.robot_supervisor]: Selected controllable event: EV_move_forward
[INFO] [1789488379.897606417] [robot_1.robot_supervisor]: Selected controllable event: EV_approach_object
[INFO] [1789488380.114946341] [robot_1.robot_supervisor]: Selected controllable event: EV_move_forward
[INFO] [1789488380.320644113] [robot_1.robot_supervisor]: ############################# REACHED: EV_object_reached #############################
[INFO] [1789488380.335460249] [robot_1.robot_supervisor]: Selected controllable event: EV_pick_up_object
[INFO] [1789488380.379116117] [robot_1.robot_supervisor]: Cargo 'robot_1_carried_generic_box' placed on robot.
[INFO] [1789488380.615259772] [robot_1.robot_supervisor]: Selected controllable event: EV_move_forward
[INFO] [1789488380.933990947] [robot_1.robot_supervisor]: Selected controllable event: EV_search_zone
[INFO] [1789488381.096730724] [robot_1.robot_supervisor]: Triggered uncontrollable event: EV_zone_a_not_visible
[INFO] [1789488381.097879393] [robot_1.robot_supervisor]: Selected controllable event: EV_search_zone
[INFO] [1789488381.204668684] [robot_1.robot_supervisor]: Triggered uncontrollable event: EV_zone_b_not_visible
[INFO] [1789488381.219480184] [robot_1.robot_supervisor]: Selected controllable event: EV_move_forward
[INFO] [1789488381.499220838] [robot_1.robot_supervisor]: Selected controllable event: EV_move_forward
[INFO] [1789488381.713639318] [robot_1.robot_supervisor]: Selected controllable event: EV_move_forward
[INFO] [1789488381.927576383] [robot_1.robot_supervisor]: Selected controllable event: EV_move_forward
[INFO] [1789488382.229904289] [robot_1.robot_supervisor]: Triggered uncontrollable event: EV_zone_a_not_visible
[INFO] [1789488382.238744151] [robot_1.robot_supervisor]: Triggered uncontrollable event: EV_zone_b_not_visible
[INFO] [1789488382.248904176] [robot_1.robot_supervisor]: Selected controllable event: EV_move_forward
[INFO] [1789488382.492899511] [robot_1.robot_supervisor]: Selected controllable event: EV_move_forward
[INFO] [1789488382.702281198] [robot_1.robot_supervisor]: Selected controllable event: EV_search_zone
[INFO] [1789488382.912844492] [robot_1.robot_supervisor]: Selected controllable event: EV_search_zone
[INFO] [1789488383.109147242] [robot_1.robot_supervisor]: Triggered uncontrollable event: EV_zone_a_not_visible
[INFO] [1789488383.114444858] [robot_1.robot_supervisor]: Triggered uncontrollable event: EV_zone_b_not_visible
[INFO] [1789488383.128286316] [robot_1.robot_supervisor]: Selected controllable event: EV_search_zone
[INFO] [1789488383.291965712] [robot_1.robot_supervisor]: Selected controllable event: EV_move_forward
[INFO] [1789488383.498958899] [robot_1.robot_supervisor]: Selected controllable event: EV_move_forward
[INFO] [1789488383.703020916] [robot_1.robot_supervisor]: Selected controllable event: EV_search_zone
[INFO] [1789488383.815473963] [robot_1.robot_supervisor]: Selected controllable event: EV_move_forward
[INFO] [1789488384.099206956] [robot_1.robot_supervisor]: Triggered uncontrollable event: EV_zone_a_not_visible
[INFO] [1789488384.100086778] [robot_1.robot_supervisor]: Triggered uncontrollable event: EV_zone_b_not_visible
[INFO] [1789488384.111898597] [robot_1.robot_supervisor]: Selected controllable event: EV_move_forward
[INFO] [1789488384.401634481] [robot_1.robot_supervisor]: Selected controllable event: EV_search_zone
[INFO] [1789488384.516757329] [robot_1.robot_supervisor]: Selected controllable event: EV_move_forward
[INFO] [1789488384.722226394] [robot_1.robot_supervisor]: Selected controllable event: EV_search_zone
[INFO] [1789488384.911558834] [robot_1.robot_supervisor]: Triggered uncontrollable event: EV_zone_a_not_visible
[INFO] [1789488384.912295749] [robot_1.robot_supervisor]: Triggered uncontrollable event: EV_zone_b_not_visible
[INFO] [1789488384.926284862] [robot_1.robot_supervisor]: Selected controllable event: EV_move_forward
[INFO] [1789488385.217350854] [robot_1.robot_supervisor]: Selected controllable event: EV_move_forward
[INFO] [1789488385.513387814] [robot_1.robot_supervisor]: Selected controllable event: EV_move_forward
[INFO] [1789488385.805525872] [robot_1.robot_supervisor]: Triggered uncontrollable event: EV_zone_a_not_visible
[INFO] [1789488385.811672869] [robot_1.robot_supervisor]: Selected controllable event: EV_move_forward
[INFO] [1789488386.096674383] [robot_1.robot_supervisor]: Triggered uncontrollable event: EV_zone_b_not_visible
[INFO] [1789488386.101222807] [robot_1.robot_supervisor]: Selected controllable event: EV_move_forward
[INFO] [1789488386.313219806] [robot_1.robot_supervisor]: Selected controllable event: EV_search_zone
[INFO] [1789488386.504858708] [robot_1.robot_supervisor]: Selected controllable event: EV_search_zone
[INFO] [1789488386.606867053] [robot_1.robot_supervisor]: Selected controllable event: EV_move_forward
[INFO] [1789488386.894182391] [robot_1.robot_supervisor]: Triggered uncontrollable event: EV_zone_a_not_visible
[INFO] [1789488386.898789033] [robot_1.robot_supervisor]: Triggered uncontrollable event: EV_zone_b_not_visible
[INFO] [1789488386.905631742] [robot_1.robot_supervisor]: Selected controllable event: EV_search_zone
[INFO] [1789488387.101171373] [robot_1.robot_supervisor]: Selected controllable event: EV_move_forward
[INFO] [1789488387.315924082] [robot_1.robot_supervisor]: Selected controllable event: EV_search_zone
[INFO] [1789488387.514960306] [robot_1.robot_supervisor]: Selected controllable event: EV_move_forward
[INFO] [1789488387.820266487] [robot_1.robot_supervisor]: Triggered uncontrollable event: EV_zone_a_not_visible
[INFO] [1789488387.823299046] [robot_1.robot_supervisor]: Triggered uncontrollable event: EV_zone_b_not_visible
[INFO] [1789488387.834042460] [robot_1.robot_supervisor]: Selected controllable event: EV_move_forward
[INFO] [1789488388.112012763] [robot_1.robot_supervisor]: Selected controllable event: EV_move_forward
[INFO] [1789488388.402129702] [robot_1.robot_supervisor]: Selected controllable event: EV_search_zone
[INFO] [1789488388.630704407] [robot_1.robot_supervisor]: Selected controllable event: EV_move_forward
[INFO] [1789488388.893834412] [robot_1.robot_supervisor]: Triggered uncontrollable event: EV_zone_a_not_visible
[INFO] [1789488388.894589591] [robot_1.robot_supervisor]: Triggered uncontrollable event: EV_obstacle_left
[INFO] [1789488388.910406478] [robot_1.robot_supervisor]: Triggered uncontrollable event: EV_zone_b_not_visible
[INFO] [1789488388.911430861] [robot_1.robot_supervisor]: Selected controllable event: EV_rotate_clockwise
[INFO] [1789488389.109181040] [robot_1.robot_supervisor]: Triggered uncontrollable event: EV_obstacle_left
[INFO] [1789488389.110181494] [robot_1.robot_supervisor]: Selected controllable event: EV_rotate_clockwise
[INFO] [1789488389.294943787] [robot_1.robot_supervisor]: Triggered uncontrollable event: EV_obstacle_left
[INFO] [1789488389.295937953] [robot_1.robot_supervisor]: Selected controllable event: EV_rotate_clockwise
[INFO] [1789488389.429842627] [robot_1.robot_supervisor]: Triggered uncontrollable event: EV_obstacle_left
[INFO] [1789488389.430946184] [robot_1.robot_supervisor]: Selected controllable event: EV_rotate_clockwise
[INFO] [1789488389.606868300] [robot_1.robot_supervisor]: Triggered uncontrollable event: EV_zone_a_not_visible
[INFO] [1789488389.609988208] [robot_1.robot_supervisor]: Triggered uncontrollable event: EV_obstacle_left
[INFO] [1789488389.616412367] [robot_1.robot_supervisor]: Selected controllable event: EV_u_turn
[INFO] [1789488389.625766724] [robot_1.robot_supervisor]: Starting FULL ROTATE (omega=1.000, have_odom=True, target_rad=3.142, timeout_s=3.500)
[INFO] [1789488393.218012131] [robot_1.robot_supervisor]: FULL ROTATE completed by timeout
[INFO] [1789488393.485759125] [robot_1.robot_supervisor]: Triggered uncontrollable event: EV_zone_a_not_visible
[INFO] [1789488393.507688467] [robot_1.robot_supervisor]: Triggered uncontrollable event: EV_obstacle_left
[INFO] [1789488393.511971302] [robot_1.robot_supervisor]: Triggered uncontrollable event: EV_zone_b_not_visible
[INFO] [1789488393.523822635] [robot_1.robot_supervisor]: Selected controllable event: EV_u_turn
[INFO] [1789488393.608813387] [robot_1.robot_supervisor]: Triggered uncontrollable event: EV_obstacle_right
[INFO] [1789488393.627404219] [robot_1.robot_supervisor]: Selected controllable event: EV_rotate_counterclockwise
[WARN] [1789488393.628659623] [robot_1.robot_supervisor]: no translation for 4.5s livelock detected; starting atomic escape (turn_sign=+1)
[INFO] [1789488396.115539925] [robot_1.robot_supervisor]: Zone-livelock escape completed
[INFO] [1789488396.421043503] [robot_1.robot_supervisor]: Triggered uncontrollable event: EV_zone_a_not_visible
[INFO] [1789488396.421808154] [robot_1.robot_supervisor]: Triggered uncontrollable event: EV_obstacle_right
[INFO] [1789488396.422649186] [robot_1.robot_supervisor]: Triggered uncontrollable event: EV_zone_b_not_visible
[INFO] [1789488396.443369602] [robot_1.robot_supervisor]: Selected controllable event: EV_rotate_counterclockwise
[INFO] [1789488396.621805246] [robot_1.robot_supervisor]: Selected controllable event: EV_move_forward
[INFO] [1789488396.894239072] [robot_1.robot_supervisor]: Triggered uncontrollable event: EV_zone_a_not_visible
[INFO] [1789488396.895254668] [robot_1.robot_supervisor]: Triggered uncontrollable event: EV_zone_b_not_visible
[INFO] [1789488396.896417788] [robot_1.robot_supervisor]: Selected controllable event: EV_search_zone
[INFO] [1789488397.120463790] [robot_1.robot_supervisor]: Selected controllable event: EV_move_forward
[INFO] [1789488397.400283792] [robot_1.robot_supervisor]: Selected controllable event: EV_search_zone
[INFO] [1789488397.505668418] [robot_1.robot_supervisor]: Selected controllable event: EV_search_zone
[INFO] [1789488397.720043639] [robot_1.robot_supervisor]: Selected controllable event: EV_move_forward
[INFO] [1789488397.994737915] [robot_1.robot_supervisor]: Triggered uncontrollable event: EV_zone_a_not_visible
[INFO] [1789488397.995695635] [robot_1.robot_supervisor]: Triggered uncontrollable event: EV_zone_b_not_visible
[INFO] [1789488398.014952068] [robot_1.robot_supervisor]: Selected controllable event: EV_move_forward
[INFO] [1789488398.296731376] [robot_1.robot_supervisor]: Selected controllable event: EV_search_zone
[INFO] [1789488398.405981488] [robot_1.robot_supervisor]: Selected controllable event: EV_move_forward
[INFO] [1789488398.730346611] [robot_1.robot_supervisor]: Selected controllable event: EV_move_forward
[INFO] [1789488398.998228646] [robot_1.robot_supervisor]: Triggered uncontrollable event: EV_zone_a_not_visible
[INFO] [1789488399.012760109] [robot_1.robot_supervisor]: Triggered uncontrollable event: EV_zone_b_not_visible
[INFO] [1789488399.013822666] [robot_1.robot_supervisor]: Selected controllable event: EV_move_forward
[INFO] [1789488399.303010901] [robot_1.robot_supervisor]: Selected controllable event: EV_move_forward
[INFO] [1789488399.521487916] [robot_1.robot_supervisor]: Selected controllable event: EV_search_zone
[INFO] [1789488399.704017070] [robot_1.robot_supervisor]: Selected controllable event: EV_search_zone
[INFO] [1789488399.823210545] [robot_1.robot_supervisor]: Triggered uncontrollable event: EV_zone_a_not_visible
[INFO] [1789488399.823992357] [robot_1.robot_supervisor]: Triggered uncontrollable event: EV_zone_b_not_visible
[INFO] [1789488399.848682429] [robot_1.robot_supervisor]: Selected controllable event: EV_search_zone
[INFO] [1789488400.020670757] [robot_1.robot_supervisor]: Selected controllable event: EV_search_zone
[INFO] [1789488400.199676119] [robot_1.robot_supervisor]: Selected controllable event: EV_move_forward
[INFO] [1789488400.516558860] [robot_1.robot_supervisor]: Selected controllable event: EV_search_zone
[INFO] [1789488400.702889833] [robot_1.robot_supervisor]: Triggered uncontrollable event: EV_obstacle_right
[INFO] [1789488400.704164949] [robot_1.robot_supervisor]: Selected controllable event: EV_u_turn
[INFO] [1789488400.719708134] [robot_1.robot_supervisor]: Starting FULL ROTATE (omega=1.000, have_odom=True, target_rad=3.142, timeout_s=3.500)
[INFO] [1789488404.205426166] [robot_1.robot_supervisor]: FULL ROTATE completed by timeout
[INFO] [1789488404.508786208] [robot_1.robot_supervisor]: Triggered uncontrollable event: EV_zone_a_not_visible
[INFO] [1789488404.509738675] [robot_1.robot_supervisor]: Triggered uncontrollable event: EV_zone_b_not_visible
[INFO] [1789488404.530967334] [robot_1.robot_supervisor]: Selected controllable event: EV_search_zone
[INFO] [1789488404.706080656] [robot_1.robot_supervisor]: Triggered uncontrollable event: EV_zone_a_not_visible
[INFO] [1789488404.707236858] [robot_1.robot_supervisor]: Selected controllable event: EV_move_forward
[INFO] [1789488404.990210268] [robot_1.robot_supervisor]: Triggered uncontrollable event: EV_zone_b_not_visible
[INFO] [1789488405.000079106] [robot_1.robot_supervisor]: Selected controllable event: EV_search_zone
[INFO] [1789488405.104164099] [robot_1.robot_supervisor]: Selected controllable event: EV_search_zone
[INFO] [1789488405.309586832] [robot_1.robot_supervisor]: Selected controllable event: EV_search_zone
[INFO] [1789488405.436112537] [robot_1.robot_supervisor]: Selected controllable event: EV_search_zone
[INFO] [1789488405.591814142] [robot_1.robot_supervisor]: Triggered uncontrollable event: EV_zone_a_not_visible
[INFO] [1789488405.592936486] [robot_1.robot_supervisor]: Selected controllable event: EV_search_zone
[INFO] [1789488405.723137948] [robot_1.robot_supervisor]: Triggered uncontrollable event: EV_zone_b_not_visible
[INFO] [1789488405.743885113] [robot_1.robot_supervisor]: Selected controllable event: EV_move_forward
[INFO] [1789488405.995700379] [robot_1.robot_supervisor]: Selected controllable event: EV_move_forward
[INFO] [1789488406.207428880] [robot_1.robot_supervisor]: Selected controllable event: EV_search_zone
[INFO] [1789488406.309429907] [robot_1.robot_supervisor]: Selected controllable event: EV_search_zone
[INFO] [1789488406.413725390] [robot_1.robot_supervisor]: Selected controllable event: EV_search_zone
[INFO] [1789488406.606763948] [robot_1.robot_supervisor]: Triggered uncontrollable event: EV_zone_a_not_visible
[INFO] [1789488406.628009232] [robot_1.robot_supervisor]: Selected controllable event: EV_move_forward
[INFO] [1789488406.912337782] [robot_1.robot_supervisor]: Triggered uncontrollable event: EV_zone_b_not_visible
[INFO] [1789488406.913493118] [robot_1.robot_supervisor]: Selected controllable event: EV_move_forward
[INFO] [1789488407.209696054] [robot_1.robot_supervisor]: Selected controllable event: EV_search_zone
[INFO] [1789488407.444025716] [robot_1.robot_supervisor]: Selected controllable event: EV_move_forward
[INFO] [1789488407.717198673] [robot_1.robot_supervisor]: Triggered uncontrollable event: EV_zone_a_not_visible
[INFO] [1789488407.722362245] [robot_1.robot_supervisor]: Triggered uncontrollable event: EV_zone_b_not_visible
[INFO] [1789488407.735333454] [robot_1.robot_supervisor]: Selected controllable event: EV_search_zone
[INFO] [1789488407.910349040] [robot_1.robot_supervisor]: Selected controllable event: EV_move_forward
[INFO] [1789488408.206800480] [robot_1.robot_supervisor]: Selected controllable event: EV_move_forward
[INFO] [1789488408.513928024] [robot_1.robot_supervisor]: Selected controllable event: EV_move_forward
[INFO] [1789488408.731658174] [robot_1.robot_supervisor]: Triggered uncontrollable event: EV_zone_a_not_visible
[INFO] [1789488408.742566159] [robot_1.robot_supervisor]: Triggered uncontrollable event: EV_zone_b_not_visible
[INFO] [1789488408.752068825] [robot_1.robot_supervisor]: Selected controllable event: EV_move_forward
[INFO] [1789488409.001216129] [robot_1.robot_supervisor]: Selected controllable event: EV_search_zone
[INFO] [1789488409.201224928] [robot_1.robot_supervisor]: Selected controllable event: EV_move_forward
[INFO] [1789488409.535155905] [robot_1.robot_supervisor]: Selected controllable event: EV_search_zone
[INFO] [1789488409.711639217] [robot_1.robot_supervisor]: Triggered uncontrollable event: EV_zone_a_not_visible
[INFO] [1789488409.720718833] [robot_1.robot_supervisor]: Triggered uncontrollable event: EV_zone_b_not_visible
[INFO] [1789488409.740834628] [robot_1.robot_supervisor]: Selected controllable event: EV_move_forward
[INFO] [1789488410.025811685] [robot_1.robot_supervisor]: Selected controllable event: EV_move_forward
[INFO] [1789488410.324405411] [robot_1.robot_supervisor]: Selected controllable event: EV_move_forward
[INFO] [1789488410.611075318] [robot_1.robot_supervisor]: Triggered uncontrollable event: EV_zone_a_not_visible
[INFO] [1789488410.612066179] [robot_1.robot_supervisor]: Selected controllable event: EV_search_zone
[INFO] [1789488410.805355306] [robot_1.robot_supervisor]: Triggered uncontrollable event: EV_zone_b_not_visible
[INFO] [1789488410.806473379] [robot_1.robot_supervisor]: Selected controllable event: EV_move_forward
[INFO] [1789488411.091416441] [robot_1.robot_supervisor]: Selected controllable event: EV_move_forward
[INFO] [1789488411.298452372] [robot_1.robot_supervisor]: Selected controllable event: EV_search_zone
[INFO] [1789488411.411427043] [robot_1.robot_supervisor]: Selected controllable event: EV_move_forward
[INFO] [1789488411.718145105] [robot_1.robot_supervisor]: Triggered uncontrollable event: EV_zone_a_not_visible
[INFO] [1789488411.718985395] [robot_1.robot_supervisor]: Triggered uncontrollable event: EV_obstacle_left
[INFO] [1789488411.719693576] [robot_1.robot_supervisor]: Triggered uncontrollable event: EV_zone_b_not_visible
[INFO] [1789488411.739556995] [robot_1.robot_supervisor]: Selected controllable event: EV_u_turn
[INFO] [1789488411.740473789] [robot_1.robot_supervisor]: Starting FULL ROTATE (omega=1.000, have_odom=True, target_rad=3.142, timeout_s=3.500)
[INFO] [1789488415.324766739] [robot_1.robot_supervisor]: FULL ROTATE completed by timeout
[INFO] [1789488415.600251542] [robot_1.robot_supervisor]: Triggered uncontrollable event: EV_zone_a_not_visible
[INFO] [1789488415.613607937] [robot_1.robot_supervisor]: Triggered uncontrollable event: EV_obstacle_right
[INFO] [1789488415.614539996] [robot_1.robot_supervisor]: Triggered uncontrollable event: EV_zone_b_not_visible
[INFO] [1789488415.615643174] [robot_1.robot_supervisor]: Selected controllable event: EV_rotate_counterclockwise
[WARN] [1789488415.637927687] [robot_1.robot_supervisor]: no translation for 4.3s livelock detected; starting atomic escape (turn_sign=+1)
[INFO] [1789488418.124063472] [robot_1.robot_supervisor]: Zone-livelock escape completed
[INFO] [1789488418.406097212] [robot_1.robot_supervisor]: Triggered uncontrollable event: EV_zone_a_visible
[INFO] [1789488418.406863052] [robot_1.robot_supervisor]: Triggered uncontrollable event: EV_zone_b_visible
[INFO] [1789488418.407821549] [robot_1.robot_supervisor]: Selected controllable event: EV_approach_zone
[INFO] [1789488418.714306035] [robot_1.robot_supervisor]: Selected controllable event: EV_approach_zone
[INFO] [1789488418.985840247] [robot_1.robot_supervisor]: Triggered uncontrollable event: EV_zone_a_visible
[INFO] [1789488419.006031504] [robot_1.robot_supervisor]: Triggered uncontrollable event: EV_zone_b_visible
[INFO] [1789488419.007050368] [robot_1.robot_supervisor]: Selected controllable event: EV_approach_zone
[INFO] [1789488419.298878772] [robot_1.robot_supervisor]: Selected controllable event: EV_move_forward
[INFO] [1789488419.512627124] [robot_1.robot_supervisor]: Selected controllable event: EV_move_forward
[INFO] [1789488419.796809759] [robot_1.robot_supervisor]: Selected controllable event: EV_approach_zone
[INFO] [1789488420.016192006] [robot_1.robot_supervisor]: Triggered uncontrollable event: EV_zone_a_visible
[INFO] [1789488420.027657936] [robot_1.robot_supervisor]: Triggered uncontrollable event: EV_zone_b_visible
[INFO] [1789488420.028638598] [robot_1.robot_supervisor]: Selected controllable event: EV_approach_zone
[INFO] [1789488420.318626549] [robot_1.robot_supervisor]: Selected controllable event: EV_move_forward
[INFO] [1789488420.600261673] [robot_1.robot_supervisor]: Selected controllable event: EV_approach_zone
[INFO] [1789488420.894111477] [robot_1.robot_supervisor]: Triggered uncontrollable event: EV_zone_a_visible
[INFO] [1789488420.901603699] [robot_1.robot_supervisor]: Selected controllable event: EV_move_forward
[INFO] [1789488421.114857570] [robot_1.robot_supervisor]: Triggered uncontrollable event: EV_zone_b_visible
[INFO] [1789488421.124222473] [robot_1.robot_supervisor]: Selected controllable event: EV_move_forward
[INFO] [1789488421.400987548] [robot_1.robot_supervisor]: Selected controllable event: EV_move_forward
[INFO] [1789488421.619512863] [robot_1.robot_supervisor]: Selected controllable event: EV_move_forward
[INFO] [1789488421.899497070] [robot_1.robot_supervisor]: Triggered uncontrollable event: EV_zone_a_visible
[INFO] [1789488421.904728202] [robot_1.robot_supervisor]: Triggered uncontrollable event: EV_zone_b_visible
[INFO] [1789488421.905704389] [robot_1.robot_supervisor]: Selected controllable event: EV_move_forward
[INFO] [1789488422.109007771] [robot_1.robot_supervisor]: Selected controllable event: EV_move_forward
[INFO] [1789488422.405261083] [robot_1.robot_supervisor]: Selected controllable event: EV_approach_zone
[INFO] [1789488422.699832448] [robot_1.robot_supervisor]: Triggered uncontrollable event: EV_zone_a_visible
[INFO] [1789488422.700587454] [robot_1.robot_supervisor]: Triggered uncontrollable event: EV_zone_b_visible
[INFO] [1789488422.701480649] [robot_1.robot_supervisor]: Selected controllable event: EV_approach_zone
[INFO] [1789488422.981881098] [robot_1.robot_supervisor]: Selected controllable event: EV_move_forward
[INFO] [1789488423.216088375] [robot_1.robot_supervisor]: Selected controllable event: EV_approach_zone
[INFO] [1789488423.505731181] [robot_1.robot_supervisor]: Selected controllable event: EV_approach_zone
[INFO] [1789488423.799310981] [robot_1.robot_supervisor]: Triggered uncontrollable event: EV_zone_a_visible
[INFO] [1789488423.800168891] [robot_1.robot_supervisor]: Triggered uncontrollable event: EV_zone_b_visible
[INFO] [1789488423.817096059] [robot_1.robot_supervisor]: Selected controllable event: EV_approach_zone
[INFO] [1789488424.118889654] [robot_1.robot_supervisor]: Selected controllable event: EV_approach_zone
[INFO] [1789488424.419569493] [robot_1.robot_supervisor]: Selected controllable event: EV_move_forward
[INFO] [1789488424.716931157] [robot_1.robot_supervisor]: Triggered uncontrollable event: EV_zone_a_visible
[INFO] [1789488424.717622014] [robot_1.robot_supervisor]: Triggered uncontrollable event: EV_zone_b_visible
[INFO] [1789488424.718505877] [robot_1.robot_supervisor]: Selected controllable event: EV_move_forward
[INFO] [1789488425.016377454] [robot_1.robot_supervisor]: Selected controllable event: EV_move_forward
[INFO] [1789488425.319381640] [robot_1.robot_supervisor]: Selected controllable event: EV_approach_zone
[INFO] [1789488425.615441497] [robot_1.robot_supervisor]: Triggered uncontrollable event: EV_zone_a_visible
[INFO] [1789488425.620474546] [robot_1.robot_supervisor]: Triggered uncontrollable event: EV_zone_b_visible
[INFO] [1789488425.637960602] [robot_1.robot_supervisor]: Selected controllable event: EV_approach_zone
[INFO] [1789488425.913762592] [robot_1.robot_supervisor]: Selected controllable event: EV_approach_zone
[INFO] [1789488426.209503872] [robot_1.robot_supervisor]: Selected controllable event: EV_move_forward
[INFO] [1789488426.502291225] [robot_1.robot_supervisor]: Triggered uncontrollable event: EV_zone_a_visible
[INFO] [1789488426.503179604] [robot_1.robot_supervisor]: Triggered uncontrollable event: EV_zone_b_visible
[INFO] [1789488426.511351073] [robot_1.robot_supervisor]: Selected controllable event: EV_approach_zone
[INFO] [1789488426.792607626] [robot_1.robot_supervisor]: Selected controllable event: EV_move_forward
[INFO] [1789488427.012469003] [robot_1.robot_supervisor]: Selected controllable event: EV_approach_zone
[INFO] [1789488427.309223370] [robot_1.robot_supervisor]: Selected controllable event: EV_move_forward
[INFO] [1789488427.616753931] [robot_1.robot_supervisor]: Triggered uncontrollable event: EV_zone_a_visible
[INFO] [1789488427.620741498] [robot_1.robot_supervisor]: Triggered uncontrollable event: EV_zone_b_visible
[INFO] [1789488427.627499500] [robot_1.robot_supervisor]: Selected controllable event: EV_approach_zone
[INFO] [1789488427.923400753] [robot_1.robot_supervisor]: Selected controllable event: EV_approach_zone
[INFO] [1789488428.185232664] [robot_1.robot_supervisor]: Selected controllable event: EV_move_forward
[INFO] [1789488428.402598968] [robot_1.robot_supervisor]: Triggered uncontrollable event: EV_zone_a_visible
[INFO] [1789488428.407094100] [robot_1.robot_supervisor]: Triggered uncontrollable event: EV_zone_b_visible
[INFO] [1789488428.411429426] [robot_1.robot_supervisor]: Selected controllable event: EV_move_forward
[INFO] [1789488428.705324498] [robot_1.robot_supervisor]: Selected controllable event: EV_move_forward
[INFO] [1789488428.912119614] [robot_1.robot_supervisor]: Selected controllable event: EV_move_forward
[INFO] [1789488429.208347016] [robot_1.robot_supervisor]: Selected controllable event: EV_approach_zone
[INFO] [1789488429.496843550] [robot_1.robot_supervisor]: Triggered uncontrollable event: EV_zone_a_visible
[INFO] [1789488429.499758540] [robot_1.robot_supervisor]: Triggered uncontrollable event: EV_zone_b_visible
[INFO] [1789488429.507875986] [robot_1.robot_supervisor]: Selected controllable event: EV_approach_zone
[INFO] [1789488429.800111618] [robot_1.robot_supervisor]: Selected controllable event: EV_approach_zone
[INFO] [1789488430.096127614] [robot_1.robot_supervisor]: Triggered uncontrollable event: EV_zone_a_visible
[INFO] [1789488430.101509853] [robot_1.robot_supervisor]: Selected controllable event: EV_move_forward
[INFO] [1789488430.313266188] [robot_1.robot_supervisor]: Triggered uncontrollable event: EV_zone_b_visible
[INFO] [1789488430.321547524] [robot_1.robot_supervisor]: Selected controllable event: EV_move_forward
[INFO] [1789488430.603251889] [robot_1.robot_supervisor]: Selected controllable event: EV_approach_zone
[INFO] [1789488430.914121007] [robot_1.robot_supervisor]: Selected controllable event: EV_move_forward
[INFO] [1789488431.199957546] [robot_1.robot_supervisor]: Triggered uncontrollable event: EV_zone_a_visible
[INFO] [1789488431.200746957] [robot_1.robot_supervisor]: Triggered uncontrollable event: EV_zone_b_visible
[INFO] [1789488431.201712101] [robot_1.robot_supervisor]: Selected controllable event: EV_approach_zone
[INFO] [1789488431.404312822] [robot_1.robot_supervisor]: Selected controllable event: EV_approach_zone
[INFO] [1789488431.723378834] [robot_1.robot_supervisor]: Selected controllable event: EV_move_forward
[INFO] [1789488432.016638043] [robot_1.robot_supervisor]: Triggered uncontrollable event: EV_zone_a_visible
[INFO] [1789488432.019188691] [robot_1.robot_supervisor]: Triggered uncontrollable event: EV_zone_b_visible
[INFO] [1789488432.033815178] [robot_1.robot_supervisor]: Selected controllable event: EV_approach_zone
[INFO] [1789488432.316117399] [robot_1.robot_supervisor]: Selected controllable event: EV_approach_zone
[INFO] [1789488432.611114074] [robot_1.robot_supervisor]: Selected controllable event: EV_approach_zone
[INFO] [1789488432.908699589] [robot_1.robot_supervisor]: Triggered uncontrollable event: EV_zone_a_visible
[INFO] [1789488432.909491556] [robot_1.robot_supervisor]: Triggered uncontrollable event: EV_zone_b_visible
[INFO] [1789488432.927559785] [robot_1.robot_supervisor]: Selected controllable event: EV_move_forward
[INFO] [1789488433.208086734] [robot_1.robot_supervisor]: Selected controllable event: EV_approach_zone
[INFO] [1789488433.532188880] [robot_1.robot_supervisor]: Selected controllable event: EV_approach_zone
[INFO] [1789488433.796508638] [robot_1.robot_supervisor]: Triggered uncontrollable event: EV_zone_a_visible
[INFO] [1789488433.799429694] [robot_1.robot_supervisor]: Triggered uncontrollable event: EV_zone_b_visible
[INFO] [1789488433.800457742] [robot_1.robot_supervisor]: Selected controllable event: EV_approach_zone
[INFO] [1789488434.002197667] [robot_1.robot_supervisor]: Selected controllable event: EV_approach_zone
[INFO] [1789488434.295189758] [robot_1.robot_supervisor]: Selected controllable event: EV_move_forward
[INFO] [1789488434.521904744] [robot_1.robot_supervisor]: Selected controllable event: EV_approach_zone
[INFO] [1789488434.815517026] [robot_1.robot_supervisor]: Triggered uncontrollable event: EV_zone_a_visible
[INFO] [1789488434.824148432] [robot_1.robot_supervisor]: Triggered uncontrollable event: EV_zone_b_visible
[INFO] [1789488434.825121542] [robot_1.robot_supervisor]: Selected controllable event: EV_approach_zone
[INFO] [1789488435.102726252] [robot_1.robot_supervisor]: Selected controllable event: EV_approach_zone
[INFO] [1789488435.420200404] [robot_1.robot_supervisor]: Selected controllable event: EV_move_forward
[INFO] [1789488435.715067147] [robot_1.robot_supervisor]: Triggered uncontrollable event: EV_zone_a_visible
[INFO] [1789488435.722147856] [robot_1.robot_supervisor]: Selected controllable event: EV_approach_zone
[INFO] [1789488435.997425478] [robot_1.robot_supervisor]: Triggered uncontrollable event: EV_zone_b_visible
[INFO] [1789488435.998529800] [robot_1.robot_supervisor]: Selected controllable event: EV_move_forward
[INFO] [1789488436.298601605] [robot_1.robot_supervisor]: Selected controllable event: EV_move_forward
[INFO] [1789488436.599242782] [robot_1.robot_supervisor]: Selected controllable event: EV_approach_zone
[INFO] [1789488436.912403638] [robot_1.robot_supervisor]: Triggered uncontrollable event: EV_zone_b_visible
[INFO] [1789488436.915329213] [robot_1.robot_supervisor]: Triggered uncontrollable event: EV_obstacle_right
[INFO] [1789488436.923767992] [robot_1.robot_supervisor]: Triggered uncontrollable event: EV_zone_a_reached
[INFO] [1789488436.935738398] [robot_1.robot_supervisor]: Selected controllable event: EV_rotate_counterclockwise
[INFO] [1789488437.080000266] [robot_1.robot_supervisor]: Triggered uncontrollable event: EV_obstacle_right
[INFO] [1789488437.081009827] [robot_1.robot_supervisor]: Selected controllable event: EV_rotate_counterclockwise
[INFO] [1789488437.201108236] [robot_1.robot_supervisor]: Triggered uncontrollable event: EV_obstacle_right
[INFO] [1789488437.202284047] [robot_1.robot_supervisor]: Selected controllable event: EV_u_turn
[INFO] [1789488437.209447075] [robot_1.robot_supervisor]: Starting FULL ROTATE (omega=1.000, have_odom=True, target_rad=3.142, timeout_s=3.500)
[INFO] [1789488440.719478264] [robot_1.robot_supervisor]: FULL ROTATE completed by timeout
[INFO] [1789488441.028945401] [robot_1.robot_supervisor]: Triggered uncontrollable event: EV_zone_b_visible
[INFO] [1789488441.035212934] [robot_1.robot_supervisor]: Triggered uncontrollable event: EV_zone_a_reached
[INFO] [1789488441.040986766] [robot_1.robot_supervisor]: Selected controllable event: EV_approach_zone
[INFO] [1789488441.318077501] [robot_1.robot_supervisor]: Selected controllable event: EV_move_forward
[INFO] [1789488441.589176332] [robot_1.robot_supervisor]: Selected controllable event: EV_move_forward
[INFO] [1789488441.909929765] [robot_1.robot_supervisor]: Triggered uncontrollable event: EV_zone_b_visible
[INFO] [1789488441.926190826] [robot_1.robot_supervisor]: Triggered uncontrollable event: EV_zone_a_reached
[INFO] [1789488441.929407325] [robot_1.robot_supervisor]: Selected controllable event: EV_move_forward
[INFO] [1789488442.198508831] [robot_1.robot_supervisor]: Selected controllable event: EV_move_forward
[INFO] [1789488442.414536636] [robot_1.robot_supervisor]: Selected controllable event: EV_move_forward
[INFO] [1789488442.704296995] [robot_1.robot_supervisor]: Selected controllable event: EV_move_forward
[INFO] [1789488443.035450048] [robot_1.robot_supervisor]: Triggered uncontrollable event: EV_zone_b_visible
[INFO] [1789488443.036313587] [robot_1.robot_supervisor]: Triggered uncontrollable event: EV_zone_a_reached
[INFO] [1789488443.037316409] [robot_1.robot_supervisor]: Selected controllable event: EV_move_forward
[INFO] [1789488443.296395254] [robot_1.robot_supervisor]: Selected controllable event: EV_move_forward
[INFO] [1789488443.512989306] [robot_1.robot_supervisor]: Selected controllable event: EV_approach_zone
[INFO] [1789488443.811888708] [robot_1.robot_supervisor]: Selected controllable event: EV_move_forward
[INFO] [1789488444.103146455] [robot_1.robot_supervisor]: Triggered uncontrollable event: EV_zone_a_not_visible
[INFO] [1789488444.113713377] [robot_1.robot_supervisor]: Triggered uncontrollable event: EV_zone_b_not_visible
[INFO] [1789488444.114771750] [robot_1.robot_supervisor]: Selected controllable event: EV_move_forward
[INFO] [1789488444.402543740] [robot_1.robot_supervisor]: Selected controllable event: EV_search_zone
[INFO] [1789488444.593979583] [robot_1.robot_supervisor]: Selected controllable event: EV_search_zone
[INFO] [1789488444.780988830] [robot_1.robot_supervisor]: Triggered uncontrollable event: EV_zone_a_not_visible
[INFO] [1789488444.796209782] [robot_1.robot_supervisor]: Selected controllable event: EV_search_zone
[INFO] [1789488445.010815760] [robot_1.robot_supervisor]: Triggered uncontrollable event: EV_zone_b_not_visible
[INFO] [1789488445.011775207] [robot_1.robot_supervisor]: Selected controllable event: EV_move_forward
[INFO] [1789488445.224725233] [robot_1.robot_supervisor]: Selected controllable event: EV_search_zone
[INFO] [1789488445.388605157] [robot_1.robot_supervisor]: Selected controllable event: EV_search_zone
[INFO] [1789488445.502193181] [robot_1.robot_supervisor]: Selected controllable event: EV_move_forward
[INFO] [1789488445.794962163] [robot_1.robot_supervisor]: Triggered uncontrollable event: EV_zone_a_not_visible
[INFO] [1789488445.795700496] [robot_1.robot_supervisor]: Triggered uncontrollable event: EV_zone_b_not_visible
[INFO] [1789488445.817894366] [robot_1.robot_supervisor]: Selected controllable event: EV_search_zone
[INFO] [1789488445.996864294] [robot_1.robot_supervisor]: Selected controllable event: EV_search_zone
[INFO] [1789488446.216425525] [robot_1.robot_supervisor]: Selected controllable event: EV_search_zone
[INFO] [1789488446.400831775] [robot_1.robot_supervisor]: Selected controllable event: EV_search_zone
[INFO] [1789488446.519710724] [robot_1.robot_supervisor]: Selected controllable event: EV_move_forward
[INFO] [1789488446.803764776] [robot_1.robot_supervisor]: Triggered uncontrollable event: EV_zone_a_not_visible
[INFO] [1789488446.804639306] [robot_1.robot_supervisor]: Triggered uncontrollable event: EV_zone_b_not_visible
[INFO] [1789488446.824681623] [robot_1.robot_supervisor]: Selected controllable event: EV_search_zone
[INFO] [1789488446.995324686] [robot_1.robot_supervisor]: Selected controllable event: EV_search_zone
[INFO] [1789488447.099009163] [robot_1.robot_supervisor]: Selected controllable event: EV_search_zone
[INFO] [1789488447.324952014] [robot_1.robot_supervisor]: Selected controllable event: EV_search_zone
[INFO] [1789488447.516027927] [robot_1.robot_supervisor]: Triggered uncontrollable event: EV_zone_a_not_visible
[INFO] [1789488447.516774304] [robot_1.robot_supervisor]: Triggered uncontrollable event: EV_zone_b_not_visible
[INFO] [1789488447.517695606] [robot_1.robot_supervisor]: Selected controllable event: EV_move_forward
[INFO] [1789488447.816166159] [robot_1.robot_supervisor]: Selected controllable event: EV_search_zone
[INFO] [1789488448.018539557] [robot_1.robot_supervisor]: Selected controllable event: EV_move_forward
[INFO] [1789488448.285723153] [robot_1.robot_supervisor]: Triggered uncontrollable event: EV_zone_a_not_visible
[INFO] [1789488448.286708502] [robot_1.robot_supervisor]: Selected controllable event: EV_search_zone
[INFO] [1789488448.414767650] [robot_1.robot_supervisor]: Triggered uncontrollable event: EV_zone_b_not_visible
[INFO] [1789488448.423701822] [robot_1.robot_supervisor]: Selected controllable event: EV_move_forward
[INFO] [1789488448.691432894] [robot_1.robot_supervisor]: Selected controllable event: EV_move_forward
[INFO] [1789488448.904754563] [robot_1.robot_supervisor]: Selected controllable event: EV_move_forward
[INFO] [1789488449.199955909] [robot_1.robot_supervisor]: Triggered uncontrollable event: EV_zone_a_not_visible
[INFO] [1789488449.204933673] [robot_1.robot_supervisor]: Selected controllable event: EV_move_forward
[INFO] [1789488449.409781650] [robot_1.robot_supervisor]: Triggered uncontrollable event: EV_zone_b_visible
[INFO] [1789488449.410775322] [robot_1.robot_supervisor]: Selected controllable event: EV_approach_zone
[INFO] [1789488449.699616312] [robot_1.robot_supervisor]: Selected controllable event: EV_approach_zone
[INFO] [1789488450.018860947] [robot_1.robot_supervisor]: Selected controllable event: EV_approach_zone
[INFO] [1789488450.279846398] [robot_1.robot_supervisor]: Triggered uncontrollable event: EV_zone_b_visible
[INFO] [1789488450.299698744] [robot_1.robot_supervisor]: Triggered uncontrollable event: EV_zone_a_not_visible
[INFO] [1789488450.300610039] [robot_1.robot_supervisor]: Selected controllable event: EV_approach_zone
[INFO] [1789488450.522711296] [robot_1.robot_supervisor]: Selected controllable event: EV_approach_zone
[INFO] [1789488450.798700564] [robot_1.robot_supervisor]: Selected controllable event: EV_move_forward
[INFO] [1789488451.017407352] [robot_1.robot_supervisor]: Selected controllable event: EV_approach_zone
[INFO] [1789488451.313491204] [robot_1.robot_supervisor]: Triggered uncontrollable event: EV_zone_b_visible
[INFO] [1789488451.314469826] [robot_1.robot_supervisor]: Triggered uncontrollable event: EV_zone_a_not_visible
[INFO] [1789488451.315373288] [robot_1.robot_supervisor]: Selected controllable event: EV_move_forward
[INFO] [1789488451.617719209] [robot_1.robot_supervisor]: Selected controllable event: EV_approach_zone
[INFO] [1789488451.909466644] [robot_1.robot_supervisor]: Triggered uncontrollable event: EV_zone_a_not_visible
[INFO] [1789488451.910341286] [robot_1.robot_supervisor]: Selected controllable event: EV_move_forward
[INFO] [1789488452.205314704] [robot_1.robot_supervisor]: Triggered uncontrollable event: EV_zone_b_visible
[INFO] [1789488452.206375363] [robot_1.robot_supervisor]: Selected controllable event: EV_approach_zone
[INFO] [1789488452.493212122] [robot_1.robot_supervisor]: Selected controllable event: EV_approach_zone
[INFO] [1789488452.719508443] [robot_1.robot_supervisor]: Selected controllable event: EV_move_forward
[INFO] [1789488453.015496475] [robot_1.robot_supervisor]: Triggered uncontrollable event: EV_zone_b_visible
[INFO] [1789488453.023112395] [robot_1.robot_supervisor]: Triggered uncontrollable event: EV_zone_a_reached
[INFO] [1789488453.030634848] [robot_1.robot_supervisor]: Selected controllable event: EV_approach_zone
[INFO] [1789488453.308732431] [robot_1.robot_supervisor]: Selected controllable event: EV_move_forward
[INFO] [1789488453.597393264] [robot_1.robot_supervisor]: Selected controllable event: EV_approach_zone
[INFO] [1789488453.912696102] [robot_1.robot_supervisor]: Triggered uncontrollable event: EV_zone_b_visible
[INFO] [1789488453.913469641] [robot_1.robot_supervisor]: Triggered uncontrollable event: EV_zone_a_reached
[INFO] [1789488453.930507529] [robot_1.robot_supervisor]: Selected controllable event: EV_approach_zone
[INFO] [1789488454.208101262] [robot_1.robot_supervisor]: Selected controllable event: EV_move_forward
[INFO] [1789488454.521715345] [robot_1.robot_supervisor]: Selected controllable event: EV_approach_zone
[INFO] [1789488454.804896056] [robot_1.robot_supervisor]: Triggered uncontrollable event: EV_zone_b_visible
[INFO] [1789488454.805671799] [robot_1.robot_supervisor]: Triggered uncontrollable event: EV_zone_a_reached
[INFO] [1789488454.806636504] [robot_1.robot_supervisor]: Selected controllable event: EV_move_forward
[INFO] [1789488455.017250436] [robot_1.robot_supervisor]: Selected controllable event: EV_approach_zone
[INFO] [1789488455.322486506] [robot_1.robot_supervisor]: Selected controllable event: EV_approach_zone
[INFO] [1789488455.608657071] [robot_1.robot_supervisor]: Triggered uncontrollable event: EV_zone_b_visible
[INFO] [1789488455.611222664] [robot_1.robot_supervisor]: Triggered uncontrollable event: EV_zone_a_reached
[INFO] [1789488455.625477556] [robot_1.robot_supervisor]: Selected controllable event: EV_move_forward
[INFO] [1789488455.911986118] [robot_1.robot_supervisor]: Selected controllable event: EV_move_forward
[INFO] [1789488456.209073146] [robot_1.robot_supervisor]: Selected controllable event: EV_move_forward
[INFO] [1789488456.512723144] [robot_1.robot_supervisor]: Triggered uncontrollable event: EV_zone_a_reached
[INFO] [1789488456.513688308] [robot_1.robot_supervisor]: Selected controllable event: EV_move_forward
[INFO] [1789488456.792715102] [robot_1.robot_supervisor]: Triggered uncontrollable event: EV_zone_b_visible
[INFO] [1789488456.793774690] [robot_1.robot_supervisor]: Selected controllable event: EV_approach_zone
[INFO] [1789488457.118741048] [robot_1.robot_supervisor]: Selected controllable event: EV_move_forward
[INFO] [1789488457.390657351] [robot_1.robot_supervisor]: Triggered uncontrollable event: EV_zone_b_visible
[INFO] [1789488457.396639908] [robot_1.robot_supervisor]: Triggered uncontrollable event: EV_zone_a_reached
[INFO] [1789488457.405430439] [robot_1.robot_supervisor]: Selected controllable event: EV_approach_zone
[INFO] [1789488457.701356247] [robot_1.robot_supervisor]: Selected controllable event: EV_approach_zone
[INFO] [1789488457.983895374] [robot_1.robot_supervisor]: Selected controllable event: EV_approach_zone
[INFO] [1789488458.213039319] [robot_1.robot_supervisor]: Selected controllable event: EV_approach_zone
[INFO] [1789488458.503169055] [robot_1.robot_supervisor]: Triggered uncontrollable event: EV_zone_b_visible
[INFO] [1789488458.503996195] [robot_1.robot_supervisor]: Triggered uncontrollable event: EV_zone_a_not_visible
[INFO] [1789488458.521074970] [robot_1.robot_supervisor]: Selected controllable event: EV_approach_zone
[INFO] [1789488458.800141446] [robot_1.robot_supervisor]: Selected controllable event: EV_approach_zone
[INFO] [1789488459.130191059] [robot_1.robot_supervisor]: Selected controllable event: EV_move_forward
[INFO] [1789488459.406281165] [robot_1.robot_supervisor]: Triggered uncontrollable event: EV_zone_b_visible
[INFO] [1789488459.407168302] [robot_1.robot_supervisor]: Triggered uncontrollable event: EV_zone_a_not_visible
[INFO] [1789488459.423309013] [robot_1.robot_supervisor]: Selected controllable event: EV_move_forward
[INFO] [1789488459.722977630] [robot_1.robot_supervisor]: Selected controllable event: EV_approach_zone
[INFO] [1789488460.002242280] [robot_1.robot_supervisor]: Selected controllable event: EV_move_forward
[INFO] [1789488460.303762102] [robot_1.robot_supervisor]: DELIVERED zone_b; balance=equal
[INFO] [1789488460.317786928] [robot_1.robot_supervisor]: Triggered uncontrollable event: EV_zone_a_not_visible
[INFO] [1789488460.318511756] [robot_1.robot_supervisor]: Triggered uncontrollable event: EV_zone_b_reached
[INFO] [1789488460.319427349] [robot_1.robot_supervisor]: Selected controllable event: EV_drop_zone_b
[INFO] [1789488460.366807979] [robot_1.robot_supervisor]: Delivered cargo 'robot_1_carried_generic_box' removed.
[INFO] [1789488460.388114656] [robot_1.robot_supervisor]: Selected controllable event: EV_move_forward
[INFO] [1789488460.599292704] [robot_1.robot_supervisor]: Selected controllable event: EV_publish_delivered_zone_b
[INFO] [1789488460.713879764] [robot_1.robot_supervisor]: Selected controllable event: EV_search_object
[INFO] [1789488460.895677866] [robot_1.robot_supervisor]: Selected controllable event: EV_move_forward
[INFO] [1789488461.199472585] [robot_1.robot_supervisor]: Selected controllable event: EV_move_forward
[INFO] [1789488461.492728598] [robot_1.robot_supervisor]: Selected controllable event: EV_search_object
[INFO] [1789488461.685844399] [robot_1.robot_supervisor]: Selected controllable event: EV_search_object
[INFO] [1789488461.816436695] [robot_1.robot_supervisor]: Selected controllable event: EV_search_object
[INFO] [1789488462.003002980] [robot_1.robot_supervisor]: Triggered uncontrollable event: EV_obstacle_front
[INFO] [1789488462.014122257] [robot_1.robot_supervisor]: Selected controllable event: EV_u_turn
[INFO] [1789488462.015057465] [robot_1.robot_supervisor]: Starting FULL ROTATE (omega=1.000, have_odom=True, target_rad=3.142, timeout_s=3.500)
[INFO] [1789488465.596312011] [robot_1.robot_supervisor]: FULL ROTATE completed by timeout
[INFO] [1789488465.799177805] [robot_1.robot_supervisor]: Selected controllable event: EV_search_object
[INFO] [1789488465.992918024] [robot_1.robot_supervisor]: Selected controllable event: EV_search_object
[INFO] [1789488466.198892174] [robot_1.robot_supervisor]: Selected controllable event: EV_move_forward
[INFO] [1789488466.421357121] [robot_1.robot_supervisor]: Selected controllable event: EV_search_object
[INFO] [1789488466.611553901] [robot_1.robot_supervisor]: Selected controllable event: EV_search_object
[INFO] [1789488466.812872068] [robot_1.robot_supervisor]: Selected controllable event: EV_search_object
[INFO] [1789488467.003899771] [robot_1.robot_supervisor]: Selected controllable event: EV_move_forward
[INFO] [1789488467.290816996] [robot_1.robot_supervisor]: Selected controllable event: EV_search_object
[INFO] [1789488467.400461424] [robot_1.robot_supervisor]: Selected controllable event: EV_search_object
[INFO] [1789488467.597420729] [robot_1.robot_supervisor]: Selected controllable event: EV_move_forward
[INFO] [1789488467.896885843] [robot_1.robot_supervisor]: Selected controllable event: EV_move_forward
[INFO] [1789488468.226011158] [robot_1.robot_supervisor]: Selected controllable event: EV_search_object
[INFO] [1789488468.402049709] [robot_1.robot_supervisor]: Selected controllable event: EV_move_forward
[INFO] [1789488468.710006714] [robot_1.robot_supervisor]: Selected controllable event: EV_search_object
[INFO] [1789488468.907399409] [robot_1.robot_supervisor]: Selected controllable event: EV_move_forward
[INFO] [1789488469.211429271] [robot_1.robot_supervisor]: Selected controllable event: EV_search_object
[INFO] [1789488469.397482119] [robot_1.robot_supervisor]: Selected controllable event: EV_search_object
[INFO] [1789488469.596899161] [robot_1.robot_supervisor]: Selected controllable event: EV_move_forward
[INFO] [1789488469.916197655] [robot_1.robot_supervisor]: Selected controllable event: EV_move_forward
[INFO] [1789488470.205063885] [robot_1.robot_supervisor]: Selected controllable event: EV_search_object
[INFO] [1789488470.394927044] [robot_1.robot_supervisor]: Selected controllable event: EV_search_object
[INFO] [1789488470.516196987] [robot_1.robot_supervisor]: Selected controllable event: EV_search_object
[INFO] [1789488470.694419054] [robot_1.robot_supervisor]: Selected controllable event: EV_search_object
[INFO] [1789488470.900774163] [robot_1.robot_supervisor]: Selected controllable event: EV_search_object
[INFO] [1789488471.102547255] [robot_1.robot_supervisor]: Selected controllable event: EV_search_object
[INFO] [1789488471.305152909] [robot_1.robot_supervisor]: Triggered uncontrollable event: EV_obstacle_right
[INFO] [1789488471.318841909] [robot_1.robot_supervisor]: Selected controllable event: EV_rotate_counterclockwise
[INFO] [1789488471.507959647] [robot_1.robot_supervisor]: Triggered uncontrollable event: EV_obstacle_right
[INFO] [1789488471.513472132] [robot_1.robot_supervisor]: Selected controllable event: EV_u_turn
[INFO] [1789488471.519322897] [robot_1.robot_supervisor]: Starting FULL ROTATE (omega=1.000, have_odom=True, target_rad=3.142, timeout_s=3.500)
[INFO] [1789488475.126955917] [robot_1.robot_supervisor]: FULL ROTATE completed by timeout
[INFO] [1789488475.389357776] [robot_1.robot_supervisor]: Selected controllable event: EV_move_forward
[INFO] [1789488475.631330080] [robot_1.robot_supervisor]: Selected controllable event: EV_search_object
[INFO] [1789488475.795574146] [robot_1.robot_supervisor]: Selected controllable event: EV_search_object
[INFO] [1789488475.997708618] [robot_1.robot_supervisor]: Selected controllable event: EV_search_object
[INFO] [1789488476.194535926] [robot_1.robot_supervisor]: Selected controllable event: EV_move_forward
[INFO] [1789488476.416574444] [robot_1.robot_supervisor]: Selected controllable event: EV_search_object
[INFO] [1789488476.624637235] [robot_1.robot_supervisor]: Selected controllable event: EV_search_object
[INFO] [1789488476.796147323] [robot_1.robot_supervisor]: Selected controllable event: EV_search_object
[INFO] [1789488476.902916519] [robot_1.robot_supervisor]: Selected controllable event: EV_search_object
[INFO] [1789488477.120093115] [robot_1.robot_supervisor]: Selected controllable event: EV_search_object
[INFO] [1789488477.293710188] [robot_1.robot_supervisor]: Triggered uncontrollable event: EV_obstacle_right
[INFO] [1789488477.294817261] [robot_1.robot_supervisor]: Selected controllable event: EV_u_turn
[INFO] [1789488477.420123494] [robot_1.robot_supervisor]: Triggered uncontrollable event: EV_obstacle_right
[INFO] [1789488477.448389074] [robot_1.robot_supervisor]: Selected controllable event: EV_u_turn
[INFO] [1789488477.498452538] [robot_1.robot_supervisor]: Triggered uncontrollable event: EV_obstacle_right
[INFO] [1789488477.505303275] [robot_1.robot_supervisor]: Selected controllable event: EV_u_turn
[INFO] [1789488477.589416553] [robot_1.robot_supervisor]: Triggered uncontrollable event: EV_obstacle_right
[INFO] [1789488477.590548301] [robot_1.robot_supervisor]: Selected controllable event: EV_rotate_counterclockwise
[WARN] [1789488477.619030062] [robot_1.robot_supervisor]: no translation for 7.4s livelock detected; starting atomic escape (turn_sign=+1)
[INFO] [1789488480.194362937] [robot_1.robot_supervisor]: Zone-livelock escape completed
[INFO] [1789488480.404955386] [robot_1.robot_supervisor]: Triggered uncontrollable event: EV_obstacle_right
[INFO] [1789488480.410053240] [robot_1.robot_supervisor]: Selected controllable event: EV_u_turn
[INFO] [1789488480.415043328] [robot_1.robot_supervisor]: Starting FULL ROTATE (omega=1.000, have_odom=True, target_rad=3.142, timeout_s=3.500)
[INFO] [1789488483.988935283] [robot_1.robot_supervisor]: FULL ROTATE completed by timeout
[INFO] [1789488484.192843887] [robot_1.robot_supervisor]: Selected controllable event: EV_search_object
[INFO] [1789488484.316643873] [robot_1.robot_supervisor]: Selected controllable event: EV_search_object
[INFO] [1789488484.494617232] [robot_1.robot_supervisor]: Selected controllable event: EV_move_forward
[INFO] [1789488484.784769291] [robot_1.robot_supervisor]: Selected controllable event: EV_move_forward
[INFO] [1789488485.000230656] [robot_1.robot_supervisor]: Selected controllable event: EV_search_object
[INFO] [1789488485.189042548] [robot_1.robot_supervisor]: Selected controllable event: EV_search_object
[INFO] [1789488485.303675715] [robot_1.robot_supervisor]: Selected controllable event: EV_search_object
[INFO] [1789488485.492213985] [robot_1.robot_supervisor]: Selected controllable event: EV_search_object
[INFO] [1789488485.703677367] [robot_1.robot_supervisor]: Selected controllable event: EV_search_object
[INFO] [1789488485.880355747] [robot_1.robot_supervisor]: Selected controllable event: EV_search_object
[INFO] [1789488485.996534801] [robot_1.robot_supervisor]: Selected controllable event: EV_search_object
[INFO] [1789488486.210495046] [robot_1.robot_supervisor]: Selected controllable event: EV_search_object
[INFO] [1789488486.316456582] [robot_1.robot_supervisor]: Selected controllable event: EV_move_forward
[INFO] [1789488486.587011298] [robot_1.robot_supervisor]: Selected controllable event: EV_move_forward
[INFO] [1789488486.804690174] [robot_1.robot_supervisor]: Selected controllable event: EV_move_forward
[INFO] [1789488487.089366582] [robot_1.robot_supervisor]: Selected controllable event: EV_move_forward
[INFO] [1789488487.301806583] [robot_1.robot_supervisor]: Selected controllable event: EV_search_object
[INFO] [1789488487.510308396] [robot_1.robot_supervisor]: Selected controllable event: EV_move_forward
[INFO] [1789488487.789428626] [robot_1.robot_supervisor]: Selected controllable event: EV_search_object
[INFO] [1789488487.896517472] [robot_1.robot_supervisor]: Selected controllable event: EV_search_object
[INFO] [1789488488.098223066] [robot_1.robot_supervisor]: Selected controllable event: EV_search_object
[INFO] [1789488488.308053717] [robot_1.robot_supervisor]: Selected controllable event: EV_search_object
[INFO] [1789488488.507976489] [robot_1.robot_supervisor]: Selected controllable event: EV_search_object
[INFO] [1789488488.684394175] [robot_1.robot_supervisor]: Selected controllable event: EV_search_object
[INFO] [1789488488.821479155] [robot_1.robot_supervisor]: Selected controllable event: EV_move_forward
[INFO] [1789488489.146255789] [robot_1.robot_supervisor]: Selected controllable event: EV_move_forward
[INFO] [1789488489.403563701] [robot_1.robot_supervisor]: Selected controllable event: EV_move_forward
[INFO] [1789488489.690652084] [robot_1.robot_supervisor]: Selected controllable event: EV_search_object
[INFO] [1789488489.821982509] [robot_1.robot_supervisor]: Selected controllable event: EV_search_object
