[INFO] [1789488315.432421048] [robot_0.robot_supervisor]: Loaded initial mission 'balanced_delivery' from explicit YAML supervisor.yaml
[INFO] [1789488315.921420153] [robot_0.robot_supervisor]: Selected controllable event: EV_search_object
[INFO] [1789488316.112626307] [robot_0.robot_supervisor]: Selected controllable event: EV_move_forward
[INFO] [1789488316.325966861] [robot_0.robot_supervisor]: Selected controllable event: EV_move_forward
[INFO] [1789488316.626293922] [robot_0.robot_supervisor]: Selected controllable event: EV_search_object
[INFO] [1789488316.824086922] [robot_0.robot_supervisor]: Selected controllable event: EV_move_forward
[INFO] [1789488317.113943691] [robot_0.robot_supervisor]: Selected controllable event: EV_move_forward
[INFO] [1789488317.324032910] [robot_0.robot_supervisor]: Selected controllable event: EV_search_object
[INFO] [1789488317.503677046] [robot_0.robot_supervisor]: Selected controllable event: EV_move_forward
[INFO] [1789488317.803198292] [robot_0.robot_supervisor]: Selected controllable event: EV_move_forward
[INFO] [1789488318.103238970] [robot_0.robot_supervisor]: Selected controllable event: EV_search_object
[INFO] [1789488318.303403029] [robot_0.robot_supervisor]: Selected controllable event: EV_move_forward
[INFO] [1789488318.603596833] [robot_0.robot_supervisor]: Selected controllable event: EV_move_forward
[INFO] [1789488318.904506051] [robot_0.robot_supervisor]: Selected controllable event: EV_search_object
[INFO] [1789488319.103377024] [robot_0.robot_supervisor]: Selected controllable event: EV_move_forward
[INFO] [1789488319.405025429] [robot_0.robot_supervisor]: Selected controllable event: EV_search_object
[INFO] [1789488319.603987048] [robot_0.robot_supervisor]: Selected controllable event: EV_move_forward
[INFO] [1789488319.905954220] [robot_0.robot_supervisor]: Selected controllable event: EV_search_object
[INFO] [1789488320.103226563] [robot_0.robot_supervisor]: Selected controllable event: EV_move_forward
[INFO] [1789488320.404894629] [robot_0.robot_supervisor]: Selected controllable event: EV_search_object
[INFO] [1789488320.605141427] [robot_0.robot_supervisor]: Selected controllable event: EV_move_forward
[INFO] [1789488320.903443993] [robot_0.robot_supervisor]: Selected controllable event: EV_move_forward
[INFO] [1789488321.203442193] [robot_0.robot_supervisor]: Selected controllable event: EV_search_object
[INFO] [1789488321.305835379] [robot_0.robot_supervisor]: Selected controllable event: EV_search_object
[INFO] [1789488321.430031469] [robot_0.robot_supervisor]: Selected controllable event: EV_move_forward
[INFO] [1789488321.725304106] [robot_0.robot_supervisor]: ############################# REACHED: EV_object_reached #############################
[INFO] [1789488321.739311489] [robot_0.robot_supervisor]: Selected controllable event: EV_pick_up_object
[INFO] [1789488321.754331474] [robot_0.robot_supervisor]: Cargo 'robot_0_carried_generic_box' placed on robot.
[INFO] [1789488322.019095333] [robot_0.robot_supervisor]: Selected controllable event: EV_move_forward
[INFO] [1789488322.343167335] [robot_0.robot_supervisor]: Selected controllable event: EV_search_zone
[INFO] [1789488322.536800775] [robot_0.robot_supervisor]: Selected controllable event: EV_move_forward
[INFO] [1789488322.739093302] [robot_0.robot_supervisor]: Selected controllable event: EV_move_forward
[INFO] [1789488323.017588823] [robot_0.robot_supervisor]: Triggered uncontrollable event: EV_zone_a_not_visible
[INFO] [1789488323.028333731] [robot_0.robot_supervisor]: Triggered uncontrollable event: EV_zone_b_not_visible
[INFO] [1789488323.033124086] [robot_0.robot_supervisor]: Selected controllable event: EV_move_forward
[INFO] [1789488323.339599410] [robot_0.robot_supervisor]: Selected controllable event: EV_move_forward
[INFO] [1789488323.633987445] [robot_0.robot_supervisor]: Selected controllable event: EV_move_forward
[INFO] [1789488323.953179071] [robot_0.robot_supervisor]: Selected controllable event: EV_move_forward
[INFO] [1789488324.233313768] [robot_0.robot_supervisor]: Triggered uncontrollable event: EV_zone_a_not_visible
[INFO] [1789488324.243683501] [robot_0.robot_supervisor]: Triggered uncontrollable event: EV_zone_b_not_visible
[INFO] [1789488324.253047625] [robot_0.robot_supervisor]: Selected controllable event: EV_search_zone
[INFO] [1789488324.433337421] [robot_0.robot_supervisor]: Selected controllable event: EV_move_forward
[INFO] [1789488324.730012845] [robot_0.robot_supervisor]: Selected controllable event: EV_search_zone
[INFO] [1789488324.842463988] [robot_0.robot_supervisor]: Selected controllable event: EV_move_forward
[INFO] [1789488325.113439193] [robot_0.robot_supervisor]: Triggered uncontrollable event: EV_zone_a_not_visible
[INFO] [1789488325.130889431] [robot_0.robot_supervisor]: Triggered uncontrollable event: EV_zone_b_not_visible
[INFO] [1789488325.131953967] [robot_0.robot_supervisor]: Selected controllable event: EV_move_forward
[INFO] [1789488325.340223639] [robot_0.robot_supervisor]: Selected controllable event: EV_move_forward
[INFO] [1789488325.619206928] [robot_0.robot_supervisor]: Selected controllable event: EV_search_zone
[INFO] [1789488325.833546549] [robot_0.robot_supervisor]: Selected controllable event: EV_search_zone
[INFO] [1789488326.036359728] [robot_0.robot_supervisor]: Triggered uncontrollable event: EV_zone_a_not_visible
[INFO] [1789488326.043808682] [robot_0.robot_supervisor]: Selected controllable event: EV_search_zone
[INFO] [1789488326.224122621] [robot_0.robot_supervisor]: Triggered uncontrollable event: EV_zone_b_not_visible
[INFO] [1789488326.228429529] [robot_0.robot_supervisor]: Selected controllable event: EV_move_forward
[INFO] [1789488326.531806178] [robot_0.robot_supervisor]: Selected controllable event: EV_search_zone
[INFO] [1789488326.670138791] [robot_0.robot_supervisor]: Selected controllable event: EV_search_zone
[INFO] [1789488326.822079971] [robot_0.robot_supervisor]: Selected controllable event: EV_search_zone
[INFO] [1789488327.028400285] [robot_0.robot_supervisor]: Triggered uncontrollable event: EV_zone_a_not_visible
[INFO] [1789488327.030940182] [robot_0.robot_supervisor]: Triggered uncontrollable event: EV_zone_b_not_visible
[INFO] [1789488327.032066766] [robot_0.robot_supervisor]: Selected controllable event: EV_move_forward
[INFO] [1789488327.251577686] [robot_0.robot_supervisor]: Selected controllable event: EV_search_zone
[INFO] [1789488327.435255963] [robot_0.robot_supervisor]: Selected controllable event: EV_search_zone
[INFO] [1789488327.681911872] [robot_0.robot_supervisor]: Selected controllable event: EV_search_zone
[INFO] [1789488327.825458136] [robot_0.robot_supervisor]: Selected controllable event: EV_search_zone
[INFO] [1789488328.014863081] [robot_0.robot_supervisor]: Triggered uncontrollable event: EV_zone_a_not_visible
[INFO] [1789488328.025096938] [robot_0.robot_supervisor]: Triggered uncontrollable event: EV_zone_b_not_visible
[INFO] [1789488328.033466011] [robot_0.robot_supervisor]: Selected controllable event: EV_move_forward
[INFO] [1789488328.251052988] [robot_0.robot_supervisor]: Selected controllable event: EV_move_forward
[INFO] [1789488328.528026826] [robot_0.robot_supervisor]: Selected controllable event: EV_move_forward
[INFO] [1789488328.826174289] [robot_0.robot_supervisor]: Selected controllable event: EV_search_zone
[INFO] [1789488329.022113017] [robot_0.robot_supervisor]: Triggered uncontrollable event: EV_zone_a_not_visible
[INFO] [1789488329.023101763] [robot_0.robot_supervisor]: Triggered uncontrollable event: EV_zone_b_not_visible
[INFO] [1789488329.024237423] [robot_0.robot_supervisor]: Selected controllable event: EV_search_zone
[INFO] [1789488329.225729310] [robot_0.robot_supervisor]: Selected controllable event: EV_search_zone
[INFO] [1789488329.347415552] [robot_0.robot_supervisor]: Selected controllable event: EV_move_forward
[INFO] [1789488329.629783535] [robot_0.robot_supervisor]: Selected controllable event: EV_search_zone
[INFO] [1789488329.834249959] [robot_0.robot_supervisor]: Selected controllable event: EV_search_zone
[INFO] [1789488330.030647615] [robot_0.robot_supervisor]: Triggered uncontrollable event: EV_zone_a_not_visible
[INFO] [1789488330.053116636] [robot_0.robot_supervisor]: Triggered uncontrollable event: EV_zone_b_not_visible
[INFO] [1789488330.054179978] [robot_0.robot_supervisor]: Selected controllable event: EV_move_forward
[INFO] [1789488330.337188367] [robot_0.robot_supervisor]: Selected controllable event: EV_move_forward
[INFO] [1789488330.627128728] [robot_0.robot_supervisor]: Selected controllable event: EV_move_forward
[INFO] [1789488330.840461503] [robot_0.robot_supervisor]: Selected controllable event: EV_search_zone
[INFO] [1789488331.023573387] [robot_0.robot_supervisor]: Triggered uncontrollable event: EV_zone_a_not_visible
[INFO] [1789488331.024538309] [robot_0.robot_supervisor]: Selected controllable event: EV_move_forward
[INFO] [1789488331.244631442] [robot_0.robot_supervisor]: Triggered uncontrollable event: EV_zone_b_not_visible
[INFO] [1789488331.245619104] [robot_0.robot_supervisor]: Selected controllable event: EV_move_forward
[INFO] [1789488331.516198347] [robot_0.robot_supervisor]: Selected controllable event: EV_search_zone
[INFO] [1789488331.640175987] [robot_0.robot_supervisor]: Selected controllable event: EV_search_zone
[INFO] [1789488331.845248049] [robot_0.robot_supervisor]: Selected controllable event: EV_move_forward
[INFO] [1789488332.137731172] [robot_0.robot_supervisor]: Triggered uncontrollable event: EV_zone_a_not_visible
[INFO] [1789488332.141723277] [robot_0.robot_supervisor]: Triggered uncontrollable event: EV_zone_b_not_visible
[INFO] [1789488332.158499287] [robot_0.robot_supervisor]: Selected controllable event: EV_move_forward
[INFO] [1789488332.438358350] [robot_0.robot_supervisor]: Selected controllable event: EV_move_forward
[INFO] [1789488332.739909197] [robot_0.robot_supervisor]: Selected controllable event: EV_search_zone
[INFO] [1789488332.844283432] [robot_0.robot_supervisor]: Selected controllable event: EV_search_zone
[INFO] [1789488333.018424217] [robot_0.robot_supervisor]: Selected controllable event: EV_move_forward
[INFO] [1789488333.239798208] [robot_0.robot_supervisor]: Triggered uncontrollable event: EV_zone_a_not_visible
[INFO] [1789488333.241176117] [robot_0.robot_supervisor]: Triggered uncontrollable event: EV_zone_b_not_visible
[INFO] [1789488333.244410863] [robot_0.robot_supervisor]: Selected controllable event: EV_move_forward
[INFO] [1789488333.526395350] [robot_0.robot_supervisor]: Selected controllable event: EV_search_zone
[INFO] [1789488333.644778486] [robot_0.robot_supervisor]: Selected controllable event: EV_search_zone
[INFO] [1789488333.848963920] [robot_0.robot_supervisor]: Selected controllable event: EV_move_forward
[INFO] [1789488334.126068887] [robot_0.robot_supervisor]: Selected controllable event: EV_search_zone
[INFO] [1789488334.310962434] [robot_0.robot_supervisor]: Triggered uncontrollable event: EV_zone_a_not_visible
[INFO] [1789488334.320345785] [robot_0.robot_supervisor]: Triggered uncontrollable event: EV_zone_b_not_visible
[INFO] [1789488334.328747906] [robot_0.robot_supervisor]: Selected controllable event: EV_move_forward
[INFO] [1789488334.542149731] [robot_0.robot_supervisor]: Selected controllable event: EV_move_forward
[INFO] [1789488334.842263975] [robot_0.robot_supervisor]: Selected controllable event: EV_search_zone
[INFO] [1789488335.055845346] [robot_0.robot_supervisor]: Selected controllable event: EV_search_zone
[INFO] [1789488335.232269113] [robot_0.robot_supervisor]: Triggered uncontrollable event: EV_zone_a_not_visible
[INFO] [1789488335.240134464] [robot_0.robot_supervisor]: Selected controllable event: EV_move_forward
[INFO] [1789488335.539352246] [robot_0.robot_supervisor]: Triggered uncontrollable event: EV_zone_b_not_visible
[INFO] [1789488335.544061360] [robot_0.robot_supervisor]: Selected controllable event: EV_move_forward
[INFO] [1789488335.829163650] [robot_0.robot_supervisor]: Selected controllable event: EV_search_zone
[INFO] [1789488335.930926527] [robot_0.robot_supervisor]: Selected controllable event: EV_move_forward
[INFO] [1789488336.233047665] [robot_0.robot_supervisor]: Triggered uncontrollable event: EV_zone_a_not_visible
[INFO] [1789488336.233957129] [robot_0.robot_supervisor]: Triggered uncontrollable event: EV_obstacle_right
[INFO] [1789488336.240230519] [robot_0.robot_supervisor]: Selected controllable event: EV_rotate_counterclockwise
[INFO] [1789488336.414681214] [robot_0.robot_supervisor]: Triggered uncontrollable event: EV_obstacle_right
[INFO] [1789488336.427435601] [robot_0.robot_supervisor]: Triggered uncontrollable event: EV_zone_b_not_visible
[INFO] [1789488336.431768623] [robot_0.robot_supervisor]: Selected controllable event: EV_u_turn
[INFO] [1789488336.437973667] [robot_0.robot_supervisor]: Starting FULL ROTATE (omega=1.000, have_odom=True, target_rad=3.142, timeout_s=3.500)
[INFO] [1789488340.038911598] [robot_0.robot_supervisor]: FULL ROTATE completed by timeout
[INFO] [1789488340.328830100] [robot_0.robot_supervisor]: Triggered uncontrollable event: EV_zone_a_not_visible
[INFO] [1789488340.331597126] [robot_0.robot_supervisor]: Triggered uncontrollable event: EV_zone_b_not_visible
[INFO] [1789488340.343242490] [robot_0.robot_supervisor]: Selected controllable event: EV_search_zone
[INFO] [1789488340.520800551] [robot_0.robot_supervisor]: Selected controllable event: EV_search_zone
[INFO] [1789488340.642187515] [robot_0.robot_supervisor]: Selected controllable event: EV_search_zone
[INFO] [1789488340.825197340] [robot_0.robot_supervisor]: Selected controllable event: EV_move_forward
[INFO] [1789488341.048536288] [robot_0.robot_supervisor]: Selected controllable event: EV_search_zone
[INFO] [1789488341.232934718] [robot_0.robot_supervisor]: Selected controllable event: EV_move_forward
[INFO] [1789488341.436262293] [robot_0.robot_supervisor]: Triggered uncontrollable event: EV_zone_b_visible
[INFO] [1789488341.437355336] [robot_0.robot_supervisor]: Triggered uncontrollable event: EV_zone_a_not_visible
[INFO] [1789488341.457505862] [robot_0.robot_supervisor]: Selected controllable event: EV_move_forward
[INFO] [1789488341.741047865] [robot_0.robot_supervisor]: Selected controllable event: EV_move_forward
[INFO] [1789488342.022513257] [robot_0.robot_supervisor]: Selected controllable event: EV_approach_zone
[INFO] [1789488342.338972367] [robot_0.robot_supervisor]: Selected controllable event: EV_move_forward
[INFO] [1789488342.625505605] [robot_0.robot_supervisor]: Triggered uncontrollable event: EV_zone_a_not_visible
[INFO] [1789488342.640317744] [robot_0.robot_supervisor]: Selected controllable event: EV_move_forward
[INFO] [1789488342.935082933] [robot_0.robot_supervisor]: Triggered uncontrollable event: EV_zone_b_visible
[INFO] [1789488342.936255955] [robot_0.robot_supervisor]: Selected controllable event: EV_approach_zone
[INFO] [1789488343.142101177] [robot_0.robot_supervisor]: Selected controllable event: EV_approach_zone
[INFO] [1789488343.412619978] [robot_0.robot_supervisor]: Selected controllable event: EV_move_forward
[INFO] [1789488343.636372056] [robot_0.robot_supervisor]: Selected controllable event: EV_move_forward
[INFO] [1789488343.841667387] [robot_0.robot_supervisor]: Triggered uncontrollable event: EV_zone_a_visible
[INFO] [1789488343.842817804] [robot_0.robot_supervisor]: Selected controllable event: EV_approach_zone
[INFO] [1789488344.141885302] [robot_0.robot_supervisor]: Triggered uncontrollable event: EV_zone_b_visible
[INFO] [1789488344.142971329] [robot_0.robot_supervisor]: Selected controllable event: EV_approach_zone
[INFO] [1789488344.444294829] [robot_0.robot_supervisor]: Selected controllable event: EV_move_forward
[INFO] [1789488344.645802817] [robot_0.robot_supervisor]: Selected controllable event: EV_move_forward
[INFO] [1789488344.925106922] [robot_0.robot_supervisor]: Triggered uncontrollable event: EV_zone_a_visible
[INFO] [1789488344.942887762] [robot_0.robot_supervisor]: Selected controllable event: EV_move_forward
[INFO] [1789488345.239319996] [robot_0.robot_supervisor]: Triggered uncontrollable event: EV_zone_b_visible
[INFO] [1789488345.247288418] [robot_0.robot_supervisor]: Selected controllable event: EV_approach_zone
[INFO] [1789488345.542557122] [robot_0.robot_supervisor]: Selected controllable event: EV_move_forward
[INFO] [1789488345.808793700] [robot_0.robot_supervisor]: Selected controllable event: EV_approach_zone
[INFO] [1789488346.119585342] [robot_0.robot_supervisor]: Triggered uncontrollable event: EV_zone_a_visible
[INFO] [1789488346.120407613] [robot_0.robot_supervisor]: Triggered uncontrollable event: EV_zone_b_visible
[INFO] [1789488346.134511329] [robot_0.robot_supervisor]: Selected controllable event: EV_approach_zone
[INFO] [1789488346.451695360] [robot_0.robot_supervisor]: Selected controllable event: EV_approach_zone
[INFO] [1789488346.723098391] [robot_0.robot_supervisor]: Selected controllable event: EV_approach_zone
[INFO] [1789488347.029033968] [robot_0.robot_supervisor]: Triggered uncontrollable event: EV_zone_a_visible
[INFO] [1789488347.030110416] [robot_0.robot_supervisor]: Selected controllable event: EV_approach_zone
[INFO] [1789488347.326394732] [robot_0.robot_supervisor]: Triggered uncontrollable event: EV_zone_b_visible
[INFO] [1789488347.337946580] [robot_0.robot_supervisor]: Selected controllable event: EV_move_forward
[INFO] [1789488347.644217954] [robot_0.robot_supervisor]: Selected controllable event: EV_move_forward
[INFO] [1789488347.946356388] [robot_0.robot_supervisor]: Selected controllable event: EV_move_forward
[INFO] [1789488348.241777737] [robot_0.robot_supervisor]: Triggered uncontrollable event: EV_zone_a_visible
[INFO] [1789488348.254988376] [robot_0.robot_supervisor]: Triggered uncontrollable event: EV_zone_b_visible
[INFO] [1789488348.255966570] [robot_0.robot_supervisor]: Selected controllable event: EV_approach_zone
[INFO] [1789488348.533903382] [robot_0.robot_supervisor]: Selected controllable event: EV_move_forward
[INFO] [1789488348.839220938] [robot_0.robot_supervisor]: Selected controllable event: EV_approach_zone
[INFO] [1789488349.042944186] [robot_0.robot_supervisor]: Selected controllable event: EV_move_forward
[INFO] [1789488349.333819056] [robot_0.robot_supervisor]: Triggered uncontrollable event: EV_zone_a_visible
[INFO] [1789488349.334576046] [robot_0.robot_supervisor]: Triggered uncontrollable event: EV_zone_b_visible
[INFO] [1789488349.335688141] [robot_0.robot_supervisor]: Selected controllable event: EV_move_forward
[INFO] [1789488349.544268119] [robot_0.robot_supervisor]: Selected controllable event: EV_approach_zone
[INFO] [1789488349.832334858] [robot_0.robot_supervisor]: Selected controllable event: EV_approach_zone
[INFO] [1789488350.044985014] [robot_0.robot_supervisor]: Selected controllable event: EV_approach_zone
[INFO] [1789488350.321785135] [robot_0.robot_supervisor]: Triggered uncontrollable event: EV_zone_a_visible
[INFO] [1789488350.327204537] [robot_0.robot_supervisor]: Triggered uncontrollable event: EV_zone_b_visible
[INFO] [1789488350.338637403] [robot_0.robot_supervisor]: Selected controllable event: EV_move_forward
[INFO] [1789488350.655376163] [robot_0.robot_supervisor]: Selected controllable event: EV_approach_zone
[INFO] [1789488350.971696129] [robot_0.robot_supervisor]: Selected controllable event: EV_move_forward
[INFO] [1789488351.223405349] [robot_0.robot_supervisor]: Triggered uncontrollable event: EV_zone_a_visible
[INFO] [1789488351.241513057] [robot_0.robot_supervisor]: Triggered uncontrollable event: EV_zone_b_visible
[INFO] [1789488351.242553390] [robot_0.robot_supervisor]: Selected controllable event: EV_approach_zone
[INFO] [1789488351.372002694] [robot_0.robot_supervisor]: RECEIVED zone_a; balance=zone_a_has_extra
[INFO] [1789488351.522720448] [robot_0.robot_supervisor]: Triggered uncontrollable event: EV_received_delivered_zone_a
[INFO] [1789488351.523887714] [robot_0.robot_supervisor]: Selected controllable event: EV_approach_zone
[INFO] [1789488351.745340563] [robot_0.robot_supervisor]: Selected controllable event: EV_move_forward
[INFO] [1789488352.033331241] [robot_0.robot_supervisor]: Selected controllable event: EV_approach_zone
[INFO] [1789488352.331817467] [robot_0.robot_supervisor]: Triggered uncontrollable event: EV_zone_a_visible
[INFO] [1789488352.332818279] [robot_0.robot_supervisor]: Selected controllable event: EV_move_forward
[INFO] [1789488352.617302694] [robot_0.robot_supervisor]: Triggered uncontrollable event: EV_zone_b_visible
[INFO] [1789488352.641619750] [robot_0.robot_supervisor]: Selected controllable event: EV_move_forward
[INFO] [1789488352.932679408] [robot_0.robot_supervisor]: Selected controllable event: EV_move_forward
[INFO] [1789488353.231443655] [robot_0.robot_supervisor]: Selected controllable event: EV_approach_zone
[INFO] [1789488353.529885902] [robot_0.robot_supervisor]: Triggered uncontrollable event: EV_zone_a_visible
[INFO] [1789488353.530713317] [robot_0.robot_supervisor]: Triggered uncontrollable event: EV_zone_b_visible
[INFO] [1789488353.531758271] [robot_0.robot_supervisor]: Selected controllable event: EV_move_forward
[INFO] [1789488353.836503332] [robot_0.robot_supervisor]: Selected controllable event: EV_move_forward
[INFO] [1789488354.148278301] [robot_0.robot_supervisor]: Selected controllable event: EV_approach_zone
[INFO] [1789488354.418023618] [robot_0.robot_supervisor]: Triggered uncontrollable event: EV_zone_a_visible
[INFO] [1789488354.430645193] [robot_0.robot_supervisor]: Selected controllable event: EV_move_forward
[INFO] [1789488354.740372953] [robot_0.robot_supervisor]: Triggered uncontrollable event: EV_zone_b_visible
[INFO] [1789488354.741527791] [robot_0.robot_supervisor]: Selected controllable event: EV_move_forward
[INFO] [1789488354.944684097] [robot_0.robot_supervisor]: Selected controllable event: EV_approach_zone
[INFO] [1789488355.242610521] [robot_0.robot_supervisor]: Selected controllable event: EV_approach_zone
[INFO] [1789488355.539086334] [robot_0.robot_supervisor]: Triggered uncontrollable event: EV_zone_b_visible
[INFO] [1789488355.540080520] [robot_0.robot_supervisor]: Triggered uncontrollable event: EV_zone_a_not_visible
[INFO] [1789488355.541182558] [robot_0.robot_supervisor]: Selected controllable event: EV_move_forward
[INFO] [1789488355.825404448] [robot_0.robot_supervisor]: Selected controllable event: EV_approach_zone
[INFO] [1789488356.113324450] [robot_0.robot_supervisor]: Selected controllable event: EV_approach_zone
[INFO] [1789488356.329558844] [robot_0.robot_supervisor]: Triggered uncontrollable event: EV_zone_a_not_visible
[INFO] [1789488356.342170888] [robot_0.robot_supervisor]: Selected controllable event: EV_approach_zone
[INFO] [1789488356.634933409] [robot_0.robot_supervisor]: Triggered uncontrollable event: EV_zone_b_visible
[INFO] [1789488356.641387944] [robot_0.robot_supervisor]: Selected controllable event: EV_move_forward
[INFO] [1789488356.920336407] [robot_0.robot_supervisor]: Selected controllable event: EV_move_forward
[INFO] [1789488357.227226073] [robot_0.robot_supervisor]: Selected controllable event: EV_move_forward
[INFO] [1789488357.511388512] [robot_0.robot_supervisor]: Triggered uncontrollable event: EV_zone_a_not_visible
[INFO] [1789488357.527210640] [robot_0.robot_supervisor]: Triggered uncontrollable event: EV_obstacle_right
[INFO] [1789488357.528111311] [robot_0.robot_supervisor]: Triggered uncontrollable event: EV_zone_b_reached
[INFO] [1789488357.529088093] [robot_0.robot_supervisor]: Selected controllable event: EV_rotate_counterclockwise
[INFO] [1789488357.643955729] [robot_0.robot_supervisor]: DELIVERED zone_b; balance=equal
[INFO] [1789488357.647530592] [robot_0.robot_supervisor]: Triggered uncontrollable event: EV_obstacle_right
[INFO] [1789488357.663035745] [robot_0.robot_supervisor]: Selected controllable event: EV_drop_zone_b
[INFO] [1789488357.727862027] [robot_0.robot_supervisor]: Delivered cargo 'robot_0_carried_generic_box' removed.
[INFO] [1789488357.730046768] [robot_0.robot_supervisor]: Triggered uncontrollable event: EV_obstacle_right
[INFO] [1789488357.748149620] [robot_0.robot_supervisor]: Selected controllable event: EV_u_turn
[INFO] [1789488357.749010918] [robot_0.robot_supervisor]: Starting FULL ROTATE (omega=1.000, have_odom=True, target_rad=3.142, timeout_s=3.500)
[INFO] [1789488361.332133872] [robot_0.robot_supervisor]: FULL ROTATE completed by timeout
[INFO] [1789488361.618660698] [robot_0.robot_supervisor]: ############################# VISIBLE: EV_object_visible #############################
[INFO] [1789488361.652604909] [robot_0.robot_supervisor]: Selected controllable event: EV_move_forward
[INFO] [1789488361.944576061] [robot_0.robot_supervisor]: ############################# VISIBLE: EV_object_visible #############################
[INFO] [1789488361.959825029] [robot_0.robot_supervisor]: Selected controllable event: EV_move_forward
[INFO] [1789488362.234693068] [robot_0.robot_supervisor]: Selected controllable event: EV_move_forward
[INFO] [1789488362.534220149] [robot_0.robot_supervisor]: Selected controllable event: EV_approach_object
[INFO] [1789488362.830777023] [robot_0.robot_supervisor]: Selected controllable event: EV_move_forward
[INFO] [1789488363.137880250] [robot_0.robot_supervisor]: ############################# VISIBLE: EV_object_visible #############################
[INFO] [1789488363.148684235] [robot_0.robot_supervisor]: Selected controllable event: EV_move_forward
[INFO] [1789488363.443196988] [robot_0.robot_supervisor]: Selected controllable event: EV_publish_delivered_zone_b
[INFO] [1789488363.524399936] [robot_0.robot_supervisor]: Selected controllable event: EV_approach_object
[INFO] [1789488363.738737382] [robot_0.robot_supervisor]: Selected controllable event: EV_move_forward
[INFO] [1789488364.034771556] [robot_0.robot_supervisor]: ############################# VISIBLE: EV_object_visible #############################
[INFO] [1789488364.035809799] [robot_0.robot_supervisor]: Selected controllable event: EV_move_forward
[INFO] [1789488364.325443169] [robot_0.robot_supervisor]: Selected controllable event: EV_approach_object
[INFO] [1789488364.637168799] [robot_0.robot_supervisor]: Selected controllable event: EV_move_forward
[INFO] [1789488364.921784335] [robot_0.robot_supervisor]: ############################# VISIBLE: EV_object_visible #############################
[INFO] [1789488364.940063778] [robot_0.robot_supervisor]: Selected controllable event: EV_move_forward
[INFO] [1789488365.210075467] [robot_0.robot_supervisor]: Selected controllable event: EV_approach_object
[INFO] [1789488365.431255625] [robot_0.robot_supervisor]: Selected controllable event: EV_move_forward
[INFO] [1789488365.710439089] [robot_0.robot_supervisor]: Selected controllable event: EV_approach_object
[INFO] [1789488365.943548161] [robot_0.robot_supervisor]: Selected controllable event: EV_move_forward
[INFO] [1789488366.237896190] [robot_0.robot_supervisor]: ############################# REACHED: EV_object_reached #############################
[INFO] [1789488366.243091827] [robot_0.robot_supervisor]: Selected controllable event: EV_pick_up_object
[INFO] [1789488366.295428388] [robot_0.robot_supervisor]: Cargo 'robot_0_carried_generic_box' placed on robot.
[INFO] [1789488366.537690652] [robot_0.robot_supervisor]: Selected controllable event: EV_move_forward
[INFO] [1789488366.748343169] [robot_0.robot_supervisor]: Selected controllable event: EV_move_forward
[INFO] [1789488367.049457940] [robot_0.robot_supervisor]: Triggered uncontrollable event: EV_zone_a_visible
[INFO] [1789488367.057937696] [robot_0.robot_supervisor]: Triggered uncontrollable event: EV_zone_b_not_visible
[INFO] [1789488367.065506434] [robot_0.robot_supervisor]: Selected controllable event: EV_approach_zone
[INFO] [1789488367.338044995] [robot_0.robot_supervisor]: Selected controllable event: EV_move_forward
[INFO] [1789488367.654671009] [robot_0.robot_supervisor]: Selected controllable event: EV_approach_zone
[INFO] [1789488367.944610488] [robot_0.robot_supervisor]: Triggered uncontrollable event: EV_zone_a_visible
[INFO] [1789488367.945498530] [robot_0.robot_supervisor]: Triggered uncontrollable event: EV_zone_b_not_visible
[INFO] [1789488367.964874814] [robot_0.robot_supervisor]: Selected controllable event: EV_approach_zone
[INFO] [1789488368.245428179] [robot_0.robot_supervisor]: Selected controllable event: EV_approach_zone
[INFO] [1789488368.523939988] [robot_0.robot_supervisor]: Selected controllable event: EV_approach_zone
[INFO] [1789488368.823479975] [robot_0.robot_supervisor]: Selected controllable event: EV_approach_zone
[INFO] [1789488369.035049786] [robot_0.robot_supervisor]: Triggered uncontrollable event: EV_zone_a_visible
[INFO] [1789488369.039321543] [robot_0.robot_supervisor]: Triggered uncontrollable event: EV_zone_b_not_visible
[INFO] [1789488369.043962781] [robot_0.robot_supervisor]: Selected controllable event: EV_approach_zone
[INFO] [1789488369.313257213] [robot_0.robot_supervisor]: Selected controllable event: EV_move_forward
[INFO] [1789488369.534132027] [robot_0.robot_supervisor]: Selected controllable event: EV_move_forward
[INFO] [1789488369.736498308] [robot_0.robot_supervisor]: Triggered uncontrollable event: EV_zone_a_visible
[INFO] [1789488369.737272926] [robot_0.robot_supervisor]: Triggered uncontrollable event: EV_zone_b_not_visible
[INFO] [1789488369.763282066] [robot_0.robot_supervisor]: Selected controllable event: EV_approach_zone
[INFO] [1789488370.038302856] [robot_0.robot_supervisor]: Selected controllable event: EV_approach_zone
[INFO] [1789488370.340222995] [robot_0.robot_supervisor]: Selected controllable event: EV_move_forward
[INFO] [1789488370.630579481] [robot_0.robot_supervisor]: Selected controllable event: EV_move_forward
[INFO] [1789488370.943880790] [robot_0.robot_supervisor]: Triggered uncontrollable event: EV_zone_a_visible
[INFO] [1789488370.948833186] [robot_0.robot_supervisor]: Triggered uncontrollable event: EV_zone_b_not_visible
[INFO] [1789488370.958085579] [robot_0.robot_supervisor]: Selected controllable event: EV_move_forward
[INFO] [1789488371.233999556] [robot_0.robot_supervisor]: Selected controllable event: EV_approach_zone
[INFO] [1789488371.457379720] [robot_0.robot_supervisor]: Selected controllable event: EV_approach_zone
[INFO] [1789488371.724920651] [robot_0.robot_supervisor]: Triggered uncontrollable event: EV_zone_a_visible
[INFO] [1789488371.725885828] [robot_0.robot_supervisor]: Triggered uncontrollable event: EV_zone_b_not_visible
[INFO] [1789488371.726830175] [robot_0.robot_supervisor]: Selected controllable event: EV_move_forward
[INFO] [1789488371.954784048] [robot_0.robot_supervisor]: Selected controllable event: EV_move_forward
[INFO] [1789488372.240314722] [robot_0.robot_supervisor]: Selected controllable event: EV_approach_zone
[INFO] [1789488372.533625537] [robot_0.robot_supervisor]: Selected controllable event: EV_move_forward
[INFO] [1789488372.743219554] [robot_0.robot_supervisor]: DELIVERED zone_a; balance=zone_a_has_extra
[INFO] [1789488372.745330213] [robot_0.robot_supervisor]: Triggered uncontrollable event: EV_zone_a_reached
[INFO] [1789488372.750871573] [robot_0.robot_supervisor]: Selected controllable event: EV_drop_zone_a
[INFO] [1789488372.826440892] [robot_0.robot_supervisor]: Delivered cargo 'robot_0_carried_generic_box' removed.
[INFO] [1789488372.830180086] [robot_0.robot_supervisor]: Selected controllable event: EV_publish_delivered_zone_a
[INFO] [1789488372.919258909] [robot_0.robot_supervisor]: Selected controllable event: EV_search_object
[INFO] [1789488373.119158045] [robot_0.robot_supervisor]: Selected controllable event: EV_move_forward
[INFO] [1789488373.344058646] [robot_0.robot_supervisor]: Selected controllable event: EV_move_forward
[INFO] [1789488373.639030358] [robot_0.robot_supervisor]: Selected controllable event: EV_move_forward
[INFO] [1789488373.934837902] [robot_0.robot_supervisor]: Triggered uncontrollable event: EV_obstacle_front
[INFO] [1789488373.941594839] [robot_0.robot_supervisor]: Selected controllable event: EV_move_backward
[INFO] [1789488374.213611859] [robot_0.robot_supervisor]: Triggered uncontrollable event: EV_obstacle_front
[INFO] [1789488374.223979332] [robot_0.robot_supervisor]: Selected controllable event: EV_move_backward
[INFO] [1789488374.532381877] [robot_0.robot_supervisor]: Triggered uncontrollable event: EV_obstacle_front
[INFO] [1789488374.533440499] [robot_0.robot_supervisor]: Selected controllable event: EV_rotate_clockwise
[INFO] [1789488374.718781762] [robot_0.robot_supervisor]: Triggered uncontrollable event: EV_obstacle_front
[INFO] [1789488374.727889076] [robot_0.robot_supervisor]: Selected controllable event: EV_rotate_clockwise
[INFO] [1789488374.918831290] [robot_0.robot_supervisor]: Triggered uncontrollable event: EV_obstacle_front
[INFO] [1789488374.930717645] [robot_0.robot_supervisor]: Selected controllable event: EV_u_turn
[INFO] [1789488374.931657745] [robot_0.robot_supervisor]: Starting FULL ROTATE (omega=1.000, have_odom=True, target_rad=3.142, timeout_s=3.500)
[INFO] [1789488378.545361168] [robot_0.robot_supervisor]: FULL ROTATE completed by timeout
[INFO] [1789488378.812582610] [robot_0.robot_supervisor]: Selected controllable event: EV_move_forward
[INFO] [1789488379.040644371] [robot_0.robot_supervisor]: Selected controllable event: EV_move_forward
[INFO] [1789488379.331863965] [robot_0.robot_supervisor]: Selected controllable event: EV_move_forward
[INFO] [1789488379.615158946] [robot_0.robot_supervisor]: Selected controllable event: EV_move_forward
[INFO] [1789488379.954429665] [robot_0.robot_supervisor]: Selected controllable event: EV_search_object
[INFO] [1789488380.118687151] [robot_0.robot_supervisor]: Selected controllable event: EV_search_object
[INFO] [1789488380.229485653] [robot_0.robot_supervisor]: Selected controllable event: EV_move_forward
[INFO] [1789488380.537967706] [robot_0.robot_supervisor]: Selected controllable event: EV_search_object
[INFO] [1789488380.734965716] [robot_0.robot_supervisor]: Selected controllable event: EV_search_object
[INFO] [1789488380.942972664] [robot_0.robot_supervisor]: Selected controllable event: EV_move_forward
[INFO] [1789488381.245891784] [robot_0.robot_supervisor]: Selected controllable event: EV_search_object
[INFO] [1789488381.428857763] [robot_0.robot_supervisor]: Selected controllable event: EV_move_forward
[INFO] [1789488381.727926458] [robot_0.robot_supervisor]: Selected controllable event: EV_search_object
[INFO] [1789488381.930922611] [robot_0.robot_supervisor]: Selected controllable event: EV_search_object
[INFO] [1789488382.121410739] [robot_0.robot_supervisor]: Selected controllable event: EV_move_forward
[INFO] [1789488382.424384036] [robot_0.robot_supervisor]: Selected controllable event: EV_move_forward
[INFO] [1789488382.749381142] [robot_0.robot_supervisor]: Selected controllable event: EV_move_forward
[INFO] [1789488383.027095330] [robot_0.robot_supervisor]: Selected controllable event: EV_move_forward
[INFO] [1789488383.242286789] [robot_0.robot_supervisor]: Selected controllable event: EV_search_object
[INFO] [1789488383.419713845] [robot_0.robot_supervisor]: Selected controllable event: EV_move_forward
[INFO] [1789488383.631449258] [robot_0.robot_supervisor]: Selected controllable event: EV_move_forward
[INFO] [1789488383.941662192] [robot_0.robot_supervisor]: Selected controllable event: EV_move_forward
[INFO] [1789488384.241904693] [robot_0.robot_supervisor]: Selected controllable event: EV_move_forward
[INFO] [1789488384.509245717] [robot_0.robot_supervisor]: Selected controllable event: EV_search_object
[INFO] [1789488384.628188156] [robot_0.robot_supervisor]: Selected controllable event: EV_search_object
[INFO] [1789488384.841011833] [robot_0.robot_supervisor]: Selected controllable event: EV_search_object
[INFO] [1789488385.033015435] [robot_0.robot_supervisor]: Selected controllable event: EV_search_object
[INFO] [1789488385.208399957] [robot_0.robot_supervisor]: Selected controllable event: EV_search_object
[INFO] [1789488385.344391530] [robot_0.robot_supervisor]: Selected controllable event: EV_search_object
[INFO] [1789488385.544286542] [robot_0.robot_supervisor]: Selected controllable event: EV_move_forward
[INFO] [1789488385.831993461] [robot_0.robot_supervisor]: Selected controllable event: EV_move_forward
[INFO] [1789488386.141458353] [robot_0.robot_supervisor]: Selected controllable event: EV_search_object
[INFO] [1789488386.332004125] [robot_0.robot_supervisor]: Selected controllable event: EV_move_forward
[INFO] [1789488386.626343083] [robot_0.robot_supervisor]: Selected controllable event: EV_move_forward
[INFO] [1789488386.931883693] [robot_0.robot_supervisor]: Selected controllable event: EV_move_forward
[INFO] [1789488387.208531301] [robot_0.robot_supervisor]: Selected controllable event: EV_move_forward
[INFO] [1789488387.417151364] [robot_0.robot_supervisor]: Selected controllable event: EV_search_object
[INFO] [1789488387.540567145] [robot_0.robot_supervisor]: Selected controllable event: EV_move_forward
[INFO] [1789488387.828925884] [robot_0.robot_supervisor]: Selected controllable event: EV_move_forward
[INFO] [1789488388.116985748] [robot_0.robot_supervisor]: Selected controllable event: EV_move_forward
[INFO] [1789488388.334898145] [robot_0.robot_supervisor]: Selected controllable event: EV_search_object
[INFO] [1789488388.529868942] [robot_0.robot_supervisor]: Selected controllable event: EV_search_object
[INFO] [1789488388.731156797] [robot_0.robot_supervisor]: Selected controllable event: EV_search_object
[INFO] [1789488388.910355686] [robot_0.robot_supervisor]: Selected controllable event: EV_search_object
[INFO] [1789488389.027186957] [robot_0.robot_supervisor]: Selected controllable event: EV_move_forward
[INFO] [1789488389.233141952] [robot_0.robot_supervisor]: Selected controllable event: EV_move_forward
[INFO] [1789488389.511269558] [robot_0.robot_supervisor]: Selected controllable event: EV_search_object
[INFO] [1789488389.635629460] [robot_0.robot_supervisor]: Selected controllable event: EV_search_object
[INFO] [1789488389.812508200] [robot_0.robot_supervisor]: Selected controllable event: EV_move_forward
[INFO] [1789488390.114939954] [robot_0.robot_supervisor]: Selected controllable event: EV_move_forward
[INFO] [1789488390.434903890] [robot_0.robot_supervisor]: Selected controllable event: EV_search_object
[INFO] [1789488390.632930930] [robot_0.robot_supervisor]: Selected controllable event: EV_move_forward
[INFO] [1789488390.860792457] [robot_0.robot_supervisor]: Selected controllable event: EV_move_forward
[INFO] [1789488391.119789100] [robot_0.robot_supervisor]: Selected controllable event: EV_search_object
[INFO] [1789488391.318119835] [robot_0.robot_supervisor]: Selected controllable event: EV_move_forward
[INFO] [1789488391.543602560] [robot_0.robot_supervisor]: Selected controllable event: EV_move_forward
[INFO] [1789488391.839329736] [robot_0.robot_supervisor]: Selected controllable event: EV_search_object
[INFO] [1789488392.030326385] [robot_0.robot_supervisor]: Selected controllable event: EV_move_forward
[INFO] [1789488392.325481859] [robot_0.robot_supervisor]: Selected controllable event: EV_search_object
[INFO] [1789488392.536004526] [robot_0.robot_supervisor]: Selected controllable event: EV_search_object
[INFO] [1789488392.729481962] [robot_0.robot_supervisor]: Selected controllable event: EV_search_object
[INFO] [1789488392.915668352] [robot_0.robot_supervisor]: Selected controllable event: EV_move_forward
[INFO] [1789488393.118193954] [robot_0.robot_supervisor]: Selected controllable event: EV_move_forward
[INFO] [1789488393.425377281] [robot_0.robot_supervisor]: Selected controllable event: EV_search_object
[INFO] [1789488393.629364743] [robot_0.robot_supervisor]: Selected controllable event: EV_search_object
[INFO] [1789488393.827728370] [robot_0.robot_supervisor]: Selected controllable event: EV_move_forward
[INFO] [1789488394.041343446] [robot_0.robot_supervisor]: Selected controllable event: EV_move_forward
[INFO] [1789488394.321534132] [robot_0.robot_supervisor]: Selected controllable event: EV_search_object
[INFO] [1789488394.460474268] [robot_0.robot_supervisor]: Selected controllable event: EV_move_forward
[INFO] [1789488394.745614115] [robot_0.robot_supervisor]: Selected controllable event: EV_move_forward
[INFO] [1789488395.034951943] [robot_0.robot_supervisor]: Selected controllable event: EV_move_forward
[INFO] [1789488395.322168993] [robot_0.robot_supervisor]: Selected controllable event: EV_move_forward
[INFO] [1789488395.530807830] [robot_0.robot_supervisor]: Selected controllable event: EV_move_forward
[INFO] [1789488395.844984390] [robot_0.robot_supervisor]: Selected controllable event: EV_search_object
[INFO] [1789488396.032320507] [robot_0.robot_supervisor]: Selected controllable event: EV_search_object
[INFO] [1789488396.234706224] [robot_0.robot_supervisor]: Selected controllable event: EV_search_object
[INFO] [1789488396.460951647] [robot_0.robot_supervisor]: Selected controllable event: EV_search_object
[INFO] [1789488396.648260092] [robot_0.robot_supervisor]: Selected controllable event: EV_move_forward
[INFO] [1789488396.936506301] [robot_0.robot_supervisor]: Selected controllable event: EV_search_object
[INFO] [1789488397.123570452] [robot_0.robot_supervisor]: Selected controllable event: EV_move_forward
[INFO] [1789488397.419008184] [robot_0.robot_supervisor]: Selected controllable event: EV_search_object
[INFO] [1789488397.640797370] [robot_0.robot_supervisor]: Selected controllable event: EV_move_forward
[INFO] [1789488397.932689059] [robot_0.robot_supervisor]: Selected controllable event: EV_search_object
[INFO] [1789488398.108435772] [robot_0.robot_supervisor]: Selected controllable event: EV_move_forward
[INFO] [1789488398.321360905] [robot_0.robot_supervisor]: Selected controllable event: EV_move_forward
[INFO] [1789488398.642145665] [robot_0.robot_supervisor]: Selected controllable event: EV_search_object
[INFO] [1789488398.825184340] [robot_0.robot_supervisor]: Selected controllable event: EV_move_forward
[INFO] [1789488399.132528362] [robot_0.robot_supervisor]: Selected controllable event: EV_move_forward
[INFO] [1789488399.427258075] [robot_0.robot_supervisor]: Selected controllable event: EV_move_forward
[INFO] [1789488399.726897385] [robot_0.robot_supervisor]: Selected controllable event: EV_search_object
[INFO] [1789488399.905386186] [robot_0.robot_supervisor]: Selected controllable event: EV_search_object
[INFO] [1789488400.038597316] [robot_0.robot_supervisor]: Selected controllable event: EV_search_object
[INFO] [1789488400.227353972] [robot_0.robot_supervisor]: Selected controllable event: EV_search_object
[INFO] [1789488400.426700612] [robot_0.robot_supervisor]: Selected controllable event: EV_search_object
[INFO] [1789488400.619430464] [robot_0.robot_supervisor]: Selected controllable event: EV_search_object
[INFO] [1789488400.834979918] [robot_0.robot_supervisor]: Selected controllable event: EV_search_object
[INFO] [1789488401.015321140] [robot_0.robot_supervisor]: Selected controllable event: EV_move_forward
[INFO] [1789488401.322529379] [robot_0.robot_supervisor]: Selected controllable event: EV_move_forward
[INFO] [1789488401.634112200] [robot_0.robot_supervisor]: Selected controllable event: EV_search_object
[INFO] [1789488401.825278574] [robot_0.robot_supervisor]: Selected controllable event: EV_search_object
[INFO] [1789488402.039898420] [robot_0.robot_supervisor]: Selected controllable event: EV_move_forward
[INFO] [1789488402.346269060] [robot_0.robot_supervisor]: Selected controllable event: EV_move_forward
[INFO] [1789488402.636233512] [robot_0.robot_supervisor]: Selected controllable event: EV_search_object
[INFO] [1789488402.829099709] [robot_0.robot_supervisor]: Selected controllable event: EV_search_object
[INFO] [1789488403.028992349] [robot_0.robot_supervisor]: Selected controllable event: EV_move_forward
[INFO] [1789488403.243376290] [robot_0.robot_supervisor]: Selected controllable event: EV_search_object
[INFO] [1789488403.412719993] [robot_0.robot_supervisor]: Selected controllable event: EV_search_object
[INFO] [1789488403.642625026] [robot_0.robot_supervisor]: Selected controllable event: EV_search_object
[INFO] [1789488403.827636550] [robot_0.robot_supervisor]: Selected controllable event: EV_move_forward
[INFO] [1789488404.162921123] [robot_0.robot_supervisor]: Selected controllable event: EV_search_object
[INFO] [1789488404.327747145] [robot_0.robot_supervisor]: Selected controllable event: EV_move_forward
[INFO] [1789488404.630531352] [robot_0.robot_supervisor]: Selected controllable event: EV_search_object
[INFO] [1789488404.813638576] [robot_0.robot_supervisor]: Selected controllable event: EV_move_forward
[INFO] [1789488405.129547705] [robot_0.robot_supervisor]: Selected controllable event: EV_move_forward
[INFO] [1789488405.429312459] [robot_0.robot_supervisor]: Selected controllable event: EV_move_forward
[INFO] [1789488405.717067762] [robot_0.robot_supervisor]: Selected controllable event: EV_search_object
[INFO] [1789488405.939436747] [robot_0.robot_supervisor]: Selected controllable event: EV_search_object
[INFO] [1789488406.131166711] [robot_0.robot_supervisor]: Selected controllable event: EV_search_object
[INFO] [1789488406.330608821] [robot_0.robot_supervisor]: Selected controllable event: EV_move_forward
[INFO] [1789488406.604558469] [robot_0.robot_supervisor]: Selected controllable event: EV_search_object
[INFO] [1789488406.739620434] [robot_0.robot_supervisor]: Selected controllable event: EV_search_object
[INFO] [1789488406.931839847] [robot_0.robot_supervisor]: Selected controllable event: EV_search_object
[INFO] [1789488407.128274138] [robot_0.robot_supervisor]: Selected controllable event: EV_move_forward
[INFO] [1789488407.332331605] [robot_0.robot_supervisor]: Selected controllable event: EV_move_forward
[INFO] [1789488407.613988300] [robot_0.robot_supervisor]: Selected controllable event: EV_search_object
[INFO] [1789488407.727994995] [robot_0.robot_supervisor]: Selected controllable event: EV_search_object
[INFO] [1789488407.939908972] [robot_0.robot_supervisor]: Selected controllable event: EV_search_object
[INFO] [1789488408.133381817] [robot_0.robot_supervisor]: Selected controllable event: EV_search_object
[INFO] [1789488408.336369272] [robot_0.robot_supervisor]: Selected controllable event: EV_move_forward
[INFO] [1789488408.651094763] [robot_0.robot_supervisor]: Selected controllable event: EV_move_forward
[INFO] [1789488408.920420630] [robot_0.robot_supervisor]: Selected controllable event: EV_move_forward
[INFO] [1789488409.241424984] [robot_0.robot_supervisor]: Selected controllable event: EV_move_forward
[INFO] [1789488409.519523002] [robot_0.robot_supervisor]: Selected controllable event: EV_search_object
[INFO] [1789488409.632724551] [robot_0.robot_supervisor]: Selected controllable event: EV_move_forward
[INFO] [1789488409.920039393] [robot_0.robot_supervisor]: Selected controllable event: EV_search_object
[INFO] [1789488410.039449877] [robot_0.robot_supervisor]: Selected controllable event: EV_search_object
[INFO] [1789488410.241180534] [robot_0.robot_supervisor]: Selected controllable event: EV_search_object
[INFO] [1789488410.446283791] [robot_0.robot_supervisor]: Selected controllable event: EV_search_object
[INFO] [1789488410.614804436] [robot_0.robot_supervisor]: Selected controllable event: EV_search_object
[INFO] [1789488410.731005997] [robot_0.robot_supervisor]: Selected controllable event: EV_search_object
[INFO] [1789488410.926117528] [robot_0.robot_supervisor]: Selected controllable event: EV_move_forward
[INFO] [1789488411.211633933] [robot_0.robot_supervisor]: Selected controllable event: EV_move_forward
[INFO] [1789488411.522561661] [robot_0.robot_supervisor]: Selected controllable event: EV_search_object
[INFO] [1789488411.720281713] [robot_0.robot_supervisor]: Selected controllable event: EV_move_forward
[INFO] [1789488411.935547434] [robot_0.robot_supervisor]: Selected controllable event: EV_search_object
[INFO] [1789488412.106526151] [robot_0.robot_supervisor]: Selected controllable event: EV_move_forward
[INFO] [1789488412.344088401] [robot_0.robot_supervisor]: Selected controllable event: EV_move_forward
[INFO] [1789488412.634970550] [robot_0.robot_supervisor]: Selected controllable event: EV_search_object
[INFO] [1789488412.803824659] [robot_0.robot_supervisor]: Selected controllable event: EV_search_object
[INFO] [1789488412.922652534] [robot_0.robot_supervisor]: Selected controllable event: EV_search_object
[INFO] [1789488413.039457371] [robot_0.robot_supervisor]: Selected controllable event: EV_search_object
[INFO] [1789488413.217192827] [robot_0.robot_supervisor]: Selected controllable event: EV_search_object
[INFO] [1789488413.437481788] [robot_0.robot_supervisor]: Selected controllable event: EV_move_forward
[INFO] [1789488413.720353560] [robot_0.robot_supervisor]: Selected controllable event: EV_search_object
[INFO] [1789488413.919561465] [robot_0.robot_supervisor]: Selected controllable event: EV_search_object
[INFO] [1789488414.121549731] [robot_0.robot_supervisor]: Selected controllable event: EV_move_forward
[INFO] [1789488414.412714547] [robot_0.robot_supervisor]: Selected controllable event: EV_search_object
[INFO] [1789488414.614442838] [robot_0.robot_supervisor]: Selected controllable event: EV_search_object
[INFO] [1789488414.845490429] [robot_0.robot_supervisor]: Selected controllable event: EV_search_object
[INFO] [1789488415.023227902] [robot_0.robot_supervisor]: Selected controllable event: EV_search_object
[INFO] [1789488415.227470224] [robot_0.robot_supervisor]: Selected controllable event: EV_move_forward
[INFO] [1789488415.442546976] [robot_0.robot_supervisor]: Selected controllable event: EV_search_object
[INFO] [1789488415.614261145] [robot_0.robot_supervisor]: Selected controllable event: EV_search_object
[INFO] [1789488415.836960735] [robot_0.robot_supervisor]: Selected controllable event: EV_search_object
[INFO] [1789488415.942315059] [robot_0.robot_supervisor]: Selected controllable event: EV_move_forward
[INFO] [1789488416.228964392] [robot_0.robot_supervisor]: Selected controllable event: EV_move_forward
[INFO] [1789488416.445956752] [robot_0.robot_supervisor]: Selected controllable event: EV_move_forward
[INFO] [1789488416.737601797] [robot_0.robot_supervisor]: Selected controllable event: EV_search_object
[INFO] [1789488416.947797243] [robot_0.robot_supervisor]: Selected controllable event: EV_search_object
[INFO] [1789488417.124235501] [robot_0.robot_supervisor]: Selected controllable event: EV_move_forward
[INFO] [1789488417.330773903] [robot_0.robot_supervisor]: Selected controllable event: EV_search_object
[INFO] [1789488417.439149177] [robot_0.robot_supervisor]: Selected controllable event: EV_move_forward
[INFO] [1789488417.728044545] [robot_0.robot_supervisor]: Selected controllable event: EV_search_object
[INFO] [1789488417.849448065] [robot_0.robot_supervisor]: Selected controllable event: EV_search_object
[INFO] [1789488418.009535924] [robot_0.robot_supervisor]: Selected controllable event: EV_move_forward
[INFO] [1789488418.224031168] [robot_0.robot_supervisor]: Selected controllable event: EV_search_object
[INFO] [1789488418.437477754] [robot_0.robot_supervisor]: Selected controllable event: EV_search_object
[INFO] [1789488418.619670541] [robot_0.robot_supervisor]: Selected controllable event: EV_search_object
[INFO] [1789488418.745185852] [robot_0.robot_supervisor]: Selected controllable event: EV_search_object
[INFO] [1789488418.935448921] [robot_0.robot_supervisor]: Selected controllable event: EV_move_forward
[INFO] [1789488419.220709598] [robot_0.robot_supervisor]: Selected controllable event: EV_move_forward
[INFO] [1789488419.438059979] [robot_0.robot_supervisor]: Selected controllable event: EV_move_forward
[INFO] [1789488419.723919518] [robot_0.robot_supervisor]: Selected controllable event: EV_search_object
[INFO] [1789488419.945097582] [robot_0.robot_supervisor]: Selected controllable event: EV_search_object
[INFO] [1789488420.126839056] [robot_0.robot_supervisor]: Selected controllable event: EV_move_forward
[INFO] [1789488420.345465140] [robot_0.robot_supervisor]: Selected controllable event: EV_move_forward
[INFO] [1789488420.604577021] [robot_0.robot_supervisor]: Selected controllable event: EV_search_object
[INFO] [1789488420.734883589] [robot_0.robot_supervisor]: Selected controllable event: EV_move_forward
[INFO] [1789488421.021515208] [robot_0.robot_supervisor]: Selected controllable event: EV_search_object
[INFO] [1789488421.237953119] [robot_0.robot_supervisor]: Selected controllable event: EV_move_forward
[INFO] [1789488421.511089089] [robot_0.robot_supervisor]: Selected controllable event: EV_move_forward
[INFO] [1789488421.834793170] [robot_0.robot_supervisor]: Selected controllable event: EV_move_forward
[INFO] [1789488422.137432096] [robot_0.robot_supervisor]: Selected controllable event: EV_search_object
[INFO] [1789488422.326397062] [robot_0.robot_supervisor]: Selected controllable event: EV_search_object
[INFO] [1789488422.436184624] [robot_0.robot_supervisor]: Selected controllable event: EV_search_object
[INFO] [1789488422.645083229] [robot_0.robot_supervisor]: Selected controllable event: EV_search_object
[INFO] [1789488422.814485125] [robot_0.robot_supervisor]: Selected controllable event: EV_move_forward
[INFO] [1789488423.104808427] [robot_0.robot_supervisor]: Selected controllable event: EV_move_forward
[INFO] [1789488423.415868789] [robot_0.robot_supervisor]: Selected controllable event: EV_move_forward
[INFO] [1789488423.730866664] [robot_0.robot_supervisor]: Selected controllable event: EV_move_forward
[INFO] [1789488423.934025468] [robot_0.robot_supervisor]: Selected controllable event: EV_move_forward
[INFO] [1789488424.140473518] [robot_0.robot_supervisor]: Selected controllable event: EV_search_object
[INFO] [1789488424.328252366] [robot_0.robot_supervisor]: Selected controllable event: EV_search_object
[INFO] [1789488424.543550183] [robot_0.robot_supervisor]: Selected controllable event: EV_move_forward
[INFO] [1789488424.827896282] [robot_0.robot_supervisor]: Selected controllable event: EV_move_forward
[INFO] [1789488425.129233903] [robot_0.robot_supervisor]: Selected controllable event: EV_move_forward
[INFO] [1789488425.435762742] [robot_0.robot_supervisor]: Selected controllable event: EV_search_object
[INFO] [1789488425.648560430] [robot_0.robot_supervisor]: Selected controllable event: EV_search_object
[INFO] [1789488425.827616450] [robot_0.robot_supervisor]: Selected controllable event: EV_search_object
[INFO] [1789488426.027594669] [robot_0.robot_supervisor]: Selected controllable event: EV_move_forward
[INFO] [1789488426.244367928] [robot_0.robot_supervisor]: Selected controllable event: EV_search_object
[INFO] [1789488426.409421059] [robot_0.robot_supervisor]: Selected controllable event: EV_move_forward
[INFO] [1789488426.636653983] [robot_0.robot_supervisor]: Selected controllable event: EV_search_object
[INFO] [1789488426.824231405] [robot_0.robot_supervisor]: Selected controllable event: EV_move_forward
[INFO] [1789488427.043747943] [robot_0.robot_supervisor]: Selected controllable event: EV_move_forward
[INFO] [1789488427.329119354] [robot_0.robot_supervisor]: Selected controllable event: EV_move_forward
[INFO] [1789488427.620311515] [robot_0.robot_supervisor]: Selected controllable event: EV_search_object
[INFO] [1789488427.823142360] [robot_0.robot_supervisor]: Selected controllable event: EV_move_forward
[INFO] [1789488428.110011409] [robot_0.robot_supervisor]: Selected controllable event: EV_move_forward
[INFO] [1789488428.346049053] [robot_0.robot_supervisor]: Selected controllable event: EV_search_object
[INFO] [1789488428.519967174] [robot_0.robot_supervisor]: Selected controllable event: EV_search_object
[INFO] [1789488428.641044802] [robot_0.robot_supervisor]: Selected controllable event: EV_move_forward
[INFO] [1789488428.915817963] [robot_0.robot_supervisor]: Selected controllable event: EV_search_object
[INFO] [1789488429.145662250] [robot_0.robot_supervisor]: Selected controllable event: EV_search_object
[INFO] [1789488429.335645861] [robot_0.robot_supervisor]: Selected controllable event: EV_move_forward
[INFO] [1789488429.635763177] [robot_0.robot_supervisor]: Selected controllable event: EV_search_object
[INFO] [1789488429.832652856] [robot_0.robot_supervisor]: Selected controllable event: EV_move_forward
[INFO] [1789488430.124829905] [robot_0.robot_supervisor]: Selected controllable event: EV_move_forward
[INFO] [1789488430.335814524] [robot_0.robot_supervisor]: Selected controllable event: EV_search_object
[INFO] [1789488430.523696749] [robot_0.robot_supervisor]: Selected controllable event: EV_move_forward
[INFO] [1789488430.740223609] [robot_0.robot_supervisor]: Selected controllable event: EV_move_forward
[INFO] [1789488431.052933254] [robot_0.robot_supervisor]: Selected controllable event: EV_search_object
[INFO] [1789488431.223699995] [robot_0.robot_supervisor]: Selected controllable event: EV_search_object
[INFO] [1789488431.420366652] [robot_0.robot_supervisor]: Selected controllable event: EV_search_object
[INFO] [1789488431.622545449] [robot_0.robot_supervisor]: Selected controllable event: EV_search_object
[INFO] [1789488431.842148677] [robot_0.robot_supervisor]: Selected controllable event: EV_move_forward
[INFO] [1789488432.114142991] [robot_0.robot_supervisor]: Selected controllable event: EV_move_forward
[INFO] [1789488432.436873814] [robot_0.robot_supervisor]: Selected controllable event: EV_move_forward
[INFO] [1789488432.731137311] [robot_0.robot_supervisor]: Selected controllable event: EV_search_object
[INFO] [1789488432.946405129] [robot_0.robot_supervisor]: Selected controllable event: EV_move_forward
[INFO] [1789488433.223545225] [robot_0.robot_supervisor]: Selected controllable event: EV_search_object
[INFO] [1789488433.435572489] [robot_0.robot_supervisor]: Selected controllable event: EV_move_forward
[INFO] [1789488433.752848234] [robot_0.robot_supervisor]: Selected controllable event: EV_move_forward
[INFO] [1789488434.023036407] [robot_0.robot_supervisor]: Selected controllable event: EV_search_object
[INFO] [1789488434.126277919] [robot_0.robot_supervisor]: Selected controllable event: EV_search_object
[INFO] [1789488434.326418598] [robot_0.robot_supervisor]: Selected controllable event: EV_move_forward
[INFO] [1789488434.605411008] [robot_0.robot_supervisor]: Selected controllable event: EV_search_object
[INFO] [1789488434.831269387] [robot_0.robot_supervisor]: Selected controllable event: EV_move_forward
[INFO] [1789488435.142942236] [robot_0.robot_supervisor]: Selected controllable event: EV_search_object
[INFO] [1789488435.338188770] [robot_0.robot_supervisor]: Selected controllable event: EV_move_forward
[INFO] [1789488435.540923249] [robot_0.robot_supervisor]: Selected controllable event: EV_search_object
[INFO] [1789488435.729004916] [robot_0.robot_supervisor]: Selected controllable event: EV_move_forward
[INFO] [1789488436.012992651] [robot_0.robot_supervisor]: Selected controllable event: EV_search_object
[INFO] [1789488436.230257734] [robot_0.robot_supervisor]: Selected controllable event: EV_move_forward
[INFO] [1789488436.529022578] [robot_0.robot_supervisor]: Selected controllable event: EV_search_object
[INFO] [1789488436.725313357] [robot_0.robot_supervisor]: Selected controllable event: EV_move_forward
[INFO] [1789488437.013836175] [robot_0.robot_supervisor]: Selected controllable event: EV_move_forward
[INFO] [1789488437.335935266] [robot_0.robot_supervisor]: Selected controllable event: EV_search_object
[INFO] [1789488437.539522828] [robot_0.robot_supervisor]: Selected controllable event: EV_move_forward
[INFO] [1789488437.823116007] [robot_0.robot_supervisor]: Selected controllable event: EV_search_object
[INFO] [1789488437.940446203] [robot_0.robot_supervisor]: Selected controllable event: EV_search_object
[INFO] [1789488438.135064153] [robot_0.robot_supervisor]: Selected controllable event: EV_search_object
[INFO] [1789488438.327218964] [robot_0.robot_supervisor]: Selected controllable event: EV_search_object
[INFO] [1789488438.548530919] [robot_0.robot_supervisor]: Selected controllable event: EV_search_object
[INFO] [1789488438.721485290] [robot_0.robot_supervisor]: Selected controllable event: EV_search_object
[INFO] [1789488438.828036664] [robot_0.robot_supervisor]: Selected controllable event: EV_move_forward
[INFO] [1789488439.137264902] [robot_0.robot_supervisor]: Selected controllable event: EV_move_forward
[INFO] [1789488439.445199723] [robot_0.robot_supervisor]: Selected controllable event: EV_move_forward
[INFO] [1789488439.736924413] [robot_0.robot_supervisor]: Triggered uncontrollable event: EV_obstacle_right
[INFO] [1789488439.742568111] [robot_0.robot_supervisor]: Selected controllable event: EV_rotate_counterclockwise
[INFO] [1789488439.931547683] [robot_0.robot_supervisor]: Triggered uncontrollable event: EV_obstacle_right
[INFO] [1789488439.939054585] [robot_0.robot_supervisor]: Selected controllable event: EV_rotate_counterclockwise
[INFO] [1789488440.139664800] [robot_0.robot_supervisor]: Triggered uncontrollable event: EV_obstacle_right
[INFO] [1789488440.147272384] [robot_0.robot_supervisor]: Selected controllable event: EV_rotate_counterclockwise
[INFO] [1789488440.329246358] [robot_0.robot_supervisor]: Triggered uncontrollable event: EV_obstacle_right
[INFO] [1789488440.340430488] [robot_0.robot_supervisor]: Selected controllable event: EV_rotate_counterclockwise
[INFO] [1789488440.516775389] [robot_0.robot_supervisor]: Triggered uncontrollable event: EV_obstacle_right
[INFO] [1789488440.542112994] [robot_0.robot_supervisor]: Selected controllable event: EV_rotate_counterclockwise
[INFO] [1789488440.715747029] [robot_0.robot_supervisor]: Triggered uncontrollable event: EV_obstacle_right
[INFO] [1789488440.722712496] [robot_0.robot_supervisor]: Selected controllable event: EV_u_turn
[INFO] [1789488440.737194259] [robot_0.robot_supervisor]: Starting FULL ROTATE (omega=1.000, have_odom=True, target_rad=3.142, timeout_s=3.500)
[INFO] [1789488444.232811888] [robot_0.robot_supervisor]: FULL ROTATE completed by timeout
[INFO] [1789488444.516744156] [robot_0.robot_supervisor]: Selected controllable event: EV_move_forward
[INFO] [1789488444.815794238] [robot_0.robot_supervisor]: Selected controllable event: EV_move_forward
[INFO] [1789488445.030864057] [robot_0.robot_supervisor]: Selected controllable event: EV_search_object
[INFO] [1789488445.216456864] [robot_0.robot_supervisor]: Selected controllable event: EV_move_forward
[INFO] [1789488445.427134986] [robot_0.robot_supervisor]: Selected controllable event: EV_search_object
[INFO] [1789488445.613449606] [robot_0.robot_supervisor]: Selected controllable event: EV_search_object
[INFO] [1789488445.724635937] [robot_0.robot_supervisor]: Selected controllable event: EV_move_forward
[INFO] [1789488446.013993434] [robot_0.robot_supervisor]: Selected controllable event: EV_search_object
[INFO] [1789488446.124289890] [robot_0.robot_supervisor]: Selected controllable event: EV_search_object
[INFO] [1789488446.312541130] [robot_0.robot_supervisor]: Selected controllable event: EV_move_forward
[INFO] [1789488446.518630739] [robot_0.robot_supervisor]: Selected controllable event: EV_search_object
[INFO] [1789488446.632079555] [robot_0.robot_supervisor]: Selected controllable event: EV_search_object
[INFO] [1789488446.738631260] [robot_0.robot_supervisor]: Selected controllable event: EV_move_forward
[INFO] [1789488447.017879357] [robot_0.robot_supervisor]: Selected controllable event: EV_move_forward
[INFO] [1789488447.345679687] [robot_0.robot_supervisor]: Selected controllable event: EV_move_forward
[INFO] [1789488447.616122402] [robot_0.robot_supervisor]: Selected controllable event: EV_search_object
[INFO] [1789488447.732063790] [robot_0.robot_supervisor]: Selected controllable event: EV_move_forward
[INFO] [1789488448.026360933] [robot_0.robot_supervisor]: Selected controllable event: EV_move_forward
[INFO] [1789488448.328260034] [robot_0.robot_supervisor]: Selected controllable event: EV_search_object
[INFO] [1789488448.522863415] [robot_0.robot_supervisor]: Selected controllable event: EV_search_object
[INFO] [1789488448.744880023] [robot_0.robot_supervisor]: Selected controllable event: EV_search_object
[INFO] [1789488448.930542397] [robot_0.robot_supervisor]: Selected controllable event: EV_search_object
[INFO] [1789488449.121212874] [robot_0.robot_supervisor]: Selected controllable event: EV_move_forward
[INFO] [1789488449.426243415] [robot_0.robot_supervisor]: Selected controllable event: EV_move_forward
[INFO] [1789488449.725229141] [robot_0.robot_supervisor]: Selected controllable event: EV_move_forward
[INFO] [1789488450.014079226] [robot_0.robot_supervisor]: Selected controllable event: EV_search_object
[INFO] [1789488450.223097923] [robot_0.robot_supervisor]: Selected controllable event: EV_search_object
[INFO] [1789488450.329024362] [robot_0.robot_supervisor]: Selected controllable event: EV_move_forward
[INFO] [1789488450.621063242] [robot_0.robot_supervisor]: Selected controllable event: EV_search_object
[INFO] [1789488450.819836857] [robot_0.robot_supervisor]: Selected controllable event: EV_search_object
[INFO] [1789488451.016951051] [robot_0.robot_supervisor]: Selected controllable event: EV_search_object
[INFO] [1789488451.127600700] [robot_0.robot_supervisor]: Selected controllable event: EV_search_object
[INFO] [1789488451.317255736] [robot_0.robot_supervisor]: Selected controllable event: EV_move_forward
[INFO] [1789488451.637270358] [robot_0.robot_supervisor]: Selected controllable event: EV_move_forward
[INFO] [1789488451.844251412] [robot_0.robot_supervisor]: Selected controllable event: EV_move_forward
[INFO] [1789488452.114580687] [robot_0.robot_supervisor]: Selected controllable event: EV_move_forward
[INFO] [1789488452.434344801] [robot_0.robot_supervisor]: Selected controllable event: EV_move_forward
[INFO] [1789488452.641180405] [robot_0.robot_supervisor]: Selected controllable event: EV_move_forward
[INFO] [1789488452.919501034] [robot_0.robot_supervisor]: Selected controllable event: EV_search_object
[INFO] [1789488453.138455419] [robot_0.robot_supervisor]: Selected controllable event: EV_move_forward
[INFO] [1789488453.447386625] [robot_0.robot_supervisor]: Selected controllable event: EV_move_forward
[INFO] [1789488453.730434601] [robot_0.robot_supervisor]: Selected controllable event: EV_move_forward
[INFO] [1789488454.014406841] [robot_0.robot_supervisor]: Selected controllable event: EV_move_forward
[INFO] [1789488454.216708158] [robot_0.robot_supervisor]: Selected controllable event: EV_search_object
[INFO] [1789488454.448270167] [robot_0.robot_supervisor]: Selected controllable event: EV_move_forward
[INFO] [1789488454.738372048] [robot_0.robot_supervisor]: Selected controllable event: EV_move_forward
[INFO] [1789488454.942954035] [robot_0.robot_supervisor]: Selected controllable event: EV_search_object
[INFO] [1789488455.111174280] [robot_0.robot_supervisor]: Selected controllable event: EV_search_object
[INFO] [1789488455.213012812] [robot_0.robot_supervisor]: Selected controllable event: EV_search_object
[INFO] [1789488455.418699014] [robot_0.robot_supervisor]: Selected controllable event: EV_move_forward
[INFO] [1789488455.740380114] [robot_0.robot_supervisor]: Selected controllable event: EV_move_forward
[INFO] [1789488456.031765683] [robot_0.robot_supervisor]: Selected controllable event: EV_search_object
[INFO] [1789488456.227218490] [robot_0.robot_supervisor]: Selected controllable event: EV_search_object
[INFO] [1789488456.333609593] [robot_0.robot_supervisor]: Selected controllable event: EV_move_forward
[INFO] [1789488456.633017263] [robot_0.robot_supervisor]: Selected controllable event: EV_move_forward
[INFO] [1789488456.908243473] [robot_0.robot_supervisor]: Selected controllable event: EV_search_object
[INFO] [1789488457.148811302] [robot_0.robot_supervisor]: Selected controllable event: EV_search_object
[INFO] [1789488457.315281037] [robot_0.robot_supervisor]: Selected controllable event: EV_move_forward
[INFO] [1789488457.526315092] [robot_0.robot_supervisor]: Selected controllable event: EV_search_object
[INFO] [1789488457.730859690] [robot_0.robot_supervisor]: Selected controllable event: EV_move_forward
[INFO] [1789488458.029141330] [robot_0.robot_supervisor]: Selected controllable event: EV_search_object
[INFO] [1789488458.233715522] [robot_0.robot_supervisor]: Selected controllable event: EV_move_forward
[INFO] [1789488458.545783208] [robot_0.robot_supervisor]: Selected controllable event: EV_move_forward
[INFO] [1789488458.822845821] [robot_0.robot_supervisor]: Selected controllable event: EV_move_forward
[INFO] [1789488459.132788203] [robot_0.robot_supervisor]: Triggered uncontrollable event: EV_obstacle_right
[INFO] [1789488459.133701935] [robot_0.robot_supervisor]: Selected controllable event: EV_rotate_counterclockwise
[INFO] [1789488459.325381666] [robot_0.robot_supervisor]: Triggered uncontrollable event: EV_obstacle_right
[INFO] [1789488459.335912308] [robot_0.robot_supervisor]: Selected controllable event: EV_rotate_counterclockwise
[INFO] [1789488459.513903220] [robot_0.robot_supervisor]: Triggered uncontrollable event: EV_obstacle_right
[INFO] [1789488459.524950001] [robot_0.robot_supervisor]: Selected controllable event: EV_rotate_counterclockwise
[INFO] [1789488459.738164951] [robot_0.robot_supervisor]: Triggered uncontrollable event: EV_obstacle_right
[INFO] [1789488459.739175739] [robot_0.robot_supervisor]: Selected controllable event: EV_rotate_counterclockwise
[INFO] [1789488459.931741026] [robot_0.robot_supervisor]: Triggered uncontrollable event: EV_obstacle_right
[INFO] [1789488459.940837133] [robot_0.robot_supervisor]: Selected controllable event: EV_u_turn
[INFO] [1789488459.941669673] [robot_0.robot_supervisor]: Starting FULL ROTATE (omega=1.000, have_odom=True, target_rad=3.142, timeout_s=3.500)
[INFO] [1789488460.346423732] [robot_0.robot_supervisor]: RECEIVED zone_b; balance=equal
[INFO] [1789488463.522083891] [robot_0.robot_supervisor]: FULL ROTATE completed by timeout
[INFO] [1789488463.726087916] [robot_0.robot_supervisor]: Triggered uncontrollable event: EV_received_delivered_zone_b
[INFO] [1789488463.727224338] [robot_0.robot_supervisor]: Selected controllable event: EV_search_object
[INFO] [1789488463.844586283] [robot_0.robot_supervisor]: Selected controllable event: EV_search_object
[INFO] [1789488464.011699506] [robot_0.robot_supervisor]: Selected controllable event: EV_move_forward
[INFO] [1789488464.228100043] [robot_0.robot_supervisor]: Selected controllable event: EV_move_forward
[INFO] [1789488464.434258036] [robot_0.robot_supervisor]: Selected controllable event: EV_move_forward
[INFO] [1789488464.725074104] [robot_0.robot_supervisor]: Selected controllable event: EV_search_object
[INFO] [1789488464.919793771] [robot_0.robot_supervisor]: Selected controllable event: EV_search_object
[INFO] [1789488465.105384722] [robot_0.robot_supervisor]: Selected controllable event: EV_search_object
[INFO] [1789488465.233941294] [robot_0.robot_supervisor]: Selected controllable event: EV_move_forward
[INFO] [1789488465.527293367] [robot_0.robot_supervisor]: Selected controllable event: EV_move_forward
[INFO] [1789488465.806597980] [robot_0.robot_supervisor]: Selected controllable event: EV_move_forward
[INFO] [1789488466.019119436] [robot_0.robot_supervisor]: Selected controllable event: EV_search_object
[INFO] [1789488466.245643421] [robot_0.robot_supervisor]: Selected controllable event: EV_search_object
[INFO] [1789488466.439735279] [robot_0.robot_supervisor]: Selected controllable event: EV_move_forward
[INFO] [1789488466.714831811] [robot_0.robot_supervisor]: Selected controllable event: EV_move_forward
[INFO] [1789488467.038664019] [robot_0.robot_supervisor]: Selected controllable event: EV_search_object
[INFO] [1789488467.237650070] [robot_0.robot_supervisor]: Selected controllable event: EV_search_object
[INFO] [1789488467.445968666] [robot_0.robot_supervisor]: Selected controllable event: EV_search_object
[INFO] [1789488467.622340179] [robot_0.robot_supervisor]: Selected controllable event: EV_search_object
[INFO] [1789488467.817539978] [robot_0.robot_supervisor]: Selected controllable event: EV_search_object
[INFO] [1789488468.018433855] [robot_0.robot_supervisor]: Selected controllable event: EV_move_forward
[INFO] [1789488468.229773752] [robot_0.robot_supervisor]: Selected controllable event: EV_search_object
[INFO] [1789488468.421097370] [robot_0.robot_supervisor]: Selected controllable event: EV_move_forward
[INFO] [1789488468.707386054] [robot_0.robot_supervisor]: Selected controllable event: EV_move_forward
[INFO] [1789488469.036348497] [robot_0.robot_supervisor]: Selected controllable event: EV_search_object
[INFO] [1789488469.154386843] [robot_0.robot_supervisor]: Selected controllable event: EV_move_forward
[INFO] [1789488469.451263642] [robot_0.robot_supervisor]: Selected controllable event: EV_move_forward
[INFO] [1789488469.740681485] [robot_0.robot_supervisor]: Selected controllable event: EV_move_forward
[INFO] [1789488469.944139986] [robot_0.robot_supervisor]: Selected controllable event: EV_search_object
[INFO] [1789488470.127104991] [robot_0.robot_supervisor]: Selected controllable event: EV_search_object
[INFO] [1789488470.333762473] [robot_0.robot_supervisor]: Selected controllable event: EV_move_forward
[INFO] [1789488470.631487018] [robot_0.robot_supervisor]: Selected controllable event: EV_search_object
[INFO] [1789488470.819197125] [robot_0.robot_supervisor]: Selected controllable event: EV_move_forward
[INFO] [1789488471.125361840] [robot_0.robot_supervisor]: Selected controllable event: EV_search_object
[INFO] [1789488471.334318558] [robot_0.robot_supervisor]: Selected controllable event: EV_search_object
[INFO] [1789488471.523681150] [robot_0.robot_supervisor]: Selected controllable event: EV_search_object
[INFO] [1789488471.713815238] [robot_0.robot_supervisor]: Selected controllable event: EV_search_object
[INFO] [1789488471.932279923] [robot_0.robot_supervisor]: Selected controllable event: EV_search_object
[INFO] [1789488472.134178582] [robot_0.robot_supervisor]: Selected controllable event: EV_search_object
[INFO] [1789488472.304819435] [robot_0.robot_supervisor]: Selected controllable event: EV_move_forward
[INFO] [1789488472.548103335] [robot_0.robot_supervisor]: Selected controllable event: EV_move_forward
[INFO] [1789488472.823622026] [robot_0.robot_supervisor]: Selected controllable event: EV_move_forward
[INFO] [1789488473.030397679] [robot_0.robot_supervisor]: Selected controllable event: EV_search_object
[INFO] [1789488473.208727572] [robot_0.robot_supervisor]: Selected controllable event: EV_search_object
[INFO] [1789488473.350946622] [robot_0.robot_supervisor]: Selected controllable event: EV_move_forward
[INFO] [1789488473.638292558] [robot_0.robot_supervisor]: Selected controllable event: EV_move_forward
[INFO] [1789488473.939342288] [robot_0.robot_supervisor]: Selected controllable event: EV_search_object
[INFO] [1789488474.049742784] [robot_0.robot_supervisor]: Selected controllable event: EV_move_forward
[INFO] [1789488474.335888559] [robot_0.robot_supervisor]: Selected controllable event: EV_search_object
[INFO] [1789488474.544845632] [robot_0.robot_supervisor]: Selected controllable event: EV_search_object
[INFO] [1789488474.718716585] [robot_0.robot_supervisor]: Selected controllable event: EV_search_object
[INFO] [1789488474.937649031] [robot_0.robot_supervisor]: Selected controllable event: EV_move_forward
[INFO] [1789488475.232968022] [robot_0.robot_supervisor]: Selected controllable event: EV_move_forward
[INFO] [1789488475.526036822] [robot_0.robot_supervisor]: Selected controllable event: EV_move_forward
[INFO] [1789488475.837379176] [robot_0.robot_supervisor]: Selected controllable event: EV_move_forward
[INFO] [1789488476.110108091] [robot_0.robot_supervisor]: Selected controllable event: EV_move_forward
[INFO] [1789488476.415519772] [robot_0.robot_supervisor]: Selected controllable event: EV_move_forward
[INFO] [1789488476.617608457] [robot_0.robot_supervisor]: Selected controllable event: EV_search_object
[INFO] [1789488476.838533108] [robot_0.robot_supervisor]: Selected controllable event: EV_move_forward
[INFO] [1789488477.124516758] [robot_0.robot_supervisor]: Selected controllable event: EV_move_forward
[INFO] [1789488477.341508171] [robot_0.robot_supervisor]: Selected controllable event: EV_search_object
[INFO] [1789488477.517632090] [robot_0.robot_supervisor]: Selected controllable event: EV_search_object
[INFO] [1789488477.716764733] [robot_0.robot_supervisor]: Selected controllable event: EV_search_object
[INFO] [1789488477.944818996] [robot_0.robot_supervisor]: Selected controllable event: EV_search_object
[INFO] [1789488478.129147856] [robot_0.robot_supervisor]: Selected controllable event: EV_move_forward
[INFO] [1789488478.338018969] [robot_0.robot_supervisor]: Selected controllable event: EV_search_object
[INFO] [1789488478.527836273] [robot_0.robot_supervisor]: Selected controllable event: EV_move_forward
[INFO] [1789488478.848772745] [robot_0.robot_supervisor]: Selected controllable event: EV_move_forward
[INFO] [1789488479.120240310] [robot_0.robot_supervisor]: Selected controllable event: EV_move_forward
[INFO] [1789488479.405445569] [robot_0.robot_supervisor]: Selected controllable event: EV_move_forward
[INFO] [1789488479.735543497] [robot_0.robot_supervisor]: Selected controllable event: EV_search_object
[INFO] [1789488479.934753049] [robot_0.robot_supervisor]: Selected controllable event: EV_search_object
[INFO] [1789488480.136096452] [robot_0.robot_supervisor]: Selected controllable event: EV_move_forward
[INFO] [1789488480.426666527] [robot_0.robot_supervisor]: Selected controllable event: EV_search_object
[INFO] [1789488480.626680328] [robot_0.robot_supervisor]: Selected controllable event: EV_move_forward
[INFO] [1789488480.840088288] [robot_0.robot_supervisor]: Selected controllable event: EV_move_forward
[INFO] [1789488481.138204143] [robot_0.robot_supervisor]: Selected controllable event: EV_search_object
[INFO] [1789488481.323383004] [robot_0.robot_supervisor]: Selected controllable event: EV_move_forward
[INFO] [1789488481.628964995] [robot_0.robot_supervisor]: Selected controllable event: EV_search_object
[INFO] [1789488481.819690554] [robot_0.robot_supervisor]: Selected controllable event: EV_move_forward
[INFO] [1789488482.039073777] [robot_0.robot_supervisor]: Selected controllable event: EV_search_object
[INFO] [1789488482.219938469] [robot_0.robot_supervisor]: Selected controllable event: EV_move_forward
[INFO] [1789488482.446828657] [robot_0.robot_supervisor]: Selected controllable event: EV_move_forward
[INFO] [1789488482.720626540] [robot_0.robot_supervisor]: Selected controllable event: EV_move_forward
[INFO] [1789488483.033747741] [robot_0.robot_supervisor]: Selected controllable event: EV_search_object
[INFO] [1789488483.245683942] [robot_0.robot_supervisor]: Selected controllable event: EV_move_forward
[INFO] [1789488483.539717785] [robot_0.robot_supervisor]: Selected controllable event: EV_move_forward
[INFO] [1789488483.843919345] [robot_0.robot_supervisor]: Selected controllable event: EV_search_object
[INFO] [1789488484.008196495] [robot_0.robot_supervisor]: Selected controllable event: EV_move_forward
[INFO] [1789488484.231624697] [robot_0.robot_supervisor]: Triggered uncontrollable event: EV_obstacle_left
[INFO] [1789488484.241866652] [robot_0.robot_supervisor]: Selected controllable event: EV_u_turn
[INFO] [1789488484.247423895] [robot_0.robot_supervisor]: Starting FULL ROTATE (omega=1.000, have_odom=True, target_rad=3.142, timeout_s=3.500)
[INFO] [1789488487.814486794] [robot_0.robot_supervisor]: FULL ROTATE completed by timeout
[INFO] [1789488488.130051241] [robot_0.robot_supervisor]: Triggered uncontrollable event: EV_obstacle_right
[INFO] [1789488488.138092609] [robot_0.robot_supervisor]: Selected controllable event: EV_u_turn
[INFO] [1789488488.230080027] [robot_0.robot_supervisor]: Triggered uncontrollable event: EV_obstacle_right
[INFO] [1789488488.231153405] [robot_0.robot_supervisor]: Selected controllable event: EV_u_turn
[INFO] [1789488488.304312613] [robot_0.robot_supervisor]: Triggered uncontrollable event: EV_obstacle_right
[INFO] [1789488488.305186412] [robot_0.robot_supervisor]: Selected controllable event: EV_u_turn
[INFO] [1789488488.433209445] [robot_0.robot_supervisor]: Selected controllable event: EV_move_forward
[INFO] [1789488488.704725295] [robot_0.robot_supervisor]: Selected controllable event: EV_search_object
[INFO] [1789488488.827825512] [robot_0.robot_supervisor]: Selected controllable event: EV_move_forward
[INFO] [1789488489.154305717] [robot_0.robot_supervisor]: Selected controllable event: EV_move_forward
[INFO] [1789488489.442590401] [robot_0.robot_supervisor]: Selected controllable event: EV_move_forward
[INFO] [1789488489.726632365] [robot_0.robot_supervisor]: Selected controllable event: EV_search_object
[INFO] [1789488489.857204288] [robot_0.robot_supervisor]: Selected controllable event: EV_move_forward
[INFO] [1789488490.116292792] [robot_0.robot_supervisor]: Selected controllable event: EV_move_forward
