1789488276.6208870 [INFO] [launch]: All log files can be found below /home/ecem/sct_ws/src/llm_sct/RESULTS_LAST/baseline/balanced_delivery/batch_logs/ros_slot5/2026-09-15-18-04-36-612554-ecem-pc-465
1789488276.6210148 [INFO] [launch]: Default logging verbosity is set to INFO
1789488277.3976099 [INFO] [ign gazebo-1]: process started with pid [495]
1789488277.4121144 [INFO] [image_bridge-2]: process started with pid [503]
1789488277.4123542 [ERROR] [image_bridge-2]: process has died [pid 503, exit code -6, cmd '/opt/ros/humble/lib/ros_gz_image/image_bridge /top_view_camera/image --ros-args -r __node:=top_view_image_bridge'].
1789488277.4125521 [INFO] [simulation_video_recorder-3]: process started with pid [513]
1789488277.4126751 [INFO] [coverage_counter-4]: process started with pid [521]
1789488277.4127827 [INFO] [bump_counter-5]: process started with pid [527]
1789488277.4128981 [INFO] [parameter_bridge-6]: process started with pid [532]
1789488277.4130054 [INFO] [robot_state_publisher-7]: process started with pid [536]
1789488277.4131284 [ERROR] [robot_state_publisher-7]: process has died [pid 536, exit code -6, cmd '/opt/ros/humble/lib/robot_state_publisher/robot_state_publisher --ros-args -r __ns:=/robot_0 --params-file /tmp/launch_params_s1p74yhx -r joint_states:=/robot_0/joint_states -r tf:=/tf -r tf_static:=/tf_static'].
1789488277.4132626 [INFO] [create-8]: process started with pid [547]
1789488277.4133785 [ERROR] [create-8]: process has died [pid 547, exit code -6, cmd '/opt/ros/humble/lib/ros_gz_sim/create -name robot_0 -x 1.9787640458248954 -y 0.850086643834818 -z 0.1 -Y -2.2927891771396216 -topic /robot_0/robot_description --ros-args -r __ns:=/robot_0'].
1789488277.4134915 [INFO] [static_transform_publisher-9]: process started with pid [559]
1789488277.4136045 [ERROR] [static_transform_publisher-9]: process has died [pid 559, exit code -6, cmd '/opt/ros/humble/lib/tf2_ros/static_transform_publisher 1.9787640458248954 0.850086643834818 0.0 -2.2927891771396216 0.0 0.0 odom robot_0/odom --ros-args -r __node:=robot_0_spawn_offset_tf'].
1789488277.4137225 [INFO] [image_bridge-10]: process started with pid [570]
1789488277.4138262 [INFO] [robot_state_publisher-11]: process started with pid [576]
1789488277.4139521 [ERROR] [robot_state_publisher-11]: process has died [pid 576, exit code -6, cmd '/opt/ros/humble/lib/robot_state_publisher/robot_state_publisher --ros-args -r __ns:=/robot_1 --params-file /tmp/launch_params_2lnqwb3q -r joint_states:=/robot_1/joint_states -r tf:=/tf -r tf_static:=/tf_static'].
1789488277.4140770 [INFO] [create-12]: process started with pid [584]
1789488277.4142003 [ERROR] [create-12]: process has died [pid 584, exit code -6, cmd '/opt/ros/humble/lib/ros_gz_sim/create -name robot_1 -x 1.0173071977013106 -y -2.0604176280304785 -z 0.1 -Y -0.22105687275017116 -topic /robot_1/robot_description --ros-args -r __ns:=/robot_1'].
1789488277.4143133 [INFO] [static_transform_publisher-13]: process started with pid [594]
1789488277.4144216 [ERROR] [static_transform_publisher-13]: process has died [pid 594, exit code -6, cmd '/opt/ros/humble/lib/tf2_ros/static_transform_publisher 1.0173071977013106 -2.0604176280304785 0.0 -0.22105687275017116 0.0 0.0 odom robot_1/odom --ros-args -r __node:=robot_1_spawn_offset_tf'].
1789488277.4145355 [INFO] [image_bridge-14]: process started with pid [602]
1789488277.4146371 [INFO] [robot_state_publisher-15]: process started with pid [614]
1789488277.4147336 [INFO] [create-16]: process started with pid [627]
1789488277.4148283 [INFO] [static_transform_publisher-17]: process started with pid [636]
1789488277.4275270 [INFO] [image_bridge-18]: process started with pid [645]
1789488277.4277031 [INFO] [parameter_bridge-19]: process started with pid [654]
1789488277.4290280 [ERROR] [robot_state_publisher-15]: process has died [pid 614, exit code -6, cmd '/opt/ros/humble/lib/robot_state_publisher/robot_state_publisher --ros-args -r __ns:=/robot_2 --params-file /tmp/launch_params_zhogba9z -r joint_states:=/robot_2/joint_states -r tf:=/tf -r tf_static:=/tf_static'].
1789488277.6100876 [ERROR] [create-16]: process has died [pid 627, exit code -6, cmd '/opt/ros/humble/lib/ros_gz_sim/create -name robot_2 -x 0.20886982410754218 -y 1.3115294420038874 -z 0.1 -Y -0.45521031053739414 -topic /robot_2/robot_description --ros-args -r __ns:=/robot_2'].
1789488277.6109586 [INFO] [balanced_delivery_supervisor-20]: process started with pid [685]
1789488277.6111889 [INFO] [stuck_recovery-21]: process started with pid [692]
1789488277.6284313 [ERROR] [image_bridge-10]: process has died [pid 570, exit code -6, cmd '/opt/ros/humble/lib/ros_gz_image/image_bridge /robot_0/depth_camera/image --ros-args -r __node:=robot_0_rgb_image_bridge'].
1789488277.8433993 [ERROR] [static_transform_publisher-17]: process has died [pid 636, exit code -6, cmd '/opt/ros/humble/lib/tf2_ros/static_transform_publisher 0.20886982410754218 1.3115294420038874 0.0 -0.45521031053739414 0.0 0.0 odom robot_2/odom --ros-args -r __node:=robot_2_spawn_offset_tf'].
1789488277.8437073 [ERROR] [parameter_bridge-6]: process has died [pid 532, exit code -6, cmd '/opt/ros/humble/lib/ros_gz_bridge/parameter_bridge /robot_0/cmd_vel@geometry_msgs/msg/Twist]ignition.msgs.Twist /robot_0/odom@nav_msgs/msg/Odometry[ignition.msgs.Odometry /robot_0/tf@tf2_msgs/msg/TFMessage[ignition.msgs.Pose_V /robot_0/joint_states@sensor_msgs/msg/JointState[ignition.msgs.Model /robot_0/depth_camera/depth_image@sensor_msgs/msg/Image[ignition.msgs.Image /robot_0/depth_camera/camera_info@sensor_msgs/msg/CameraInfo[ignition.msgs.CameraInfo /world/random_world/model/robot_0/link/robot_0/base_footprint/sensor/contact_sensor/contact@ros_gz_interfaces/msg/Contacts[ignition.msgs.Contacts /robot_1/cmd_vel@geometry_msgs/msg/Twist]ignition.msgs.Twist /robot_1/odom@nav_msgs/msg/Odometry[ignition.msgs.Odometry /robot_1/tf@tf2_msgs/msg/TFMessage[ignition.msgs.Pose_V /robot_1/joint_states@sensor_msgs/msg/JointState[ignition.msgs.Model /robot_1/depth_camera/depth_image@sensor_msgs/msg/Image[ignition.msgs.Image /robot_1/depth_camera/camera_info@sensor_msgs/msg/CameraInfo[ignition.msgs.CameraInfo /world/random_world/model/robot_1/link/robot_1/base_footprint/sensor/contact_sensor/contact@ros_gz_interfaces/msg/Contacts[ignition.msgs.Contacts /robot_2/cmd_vel@geometry_msgs/msg/Twist]ignition.msgs.Twist /robot_2/odom@nav_msgs/msg/Odometry[ignition.msgs.Odometry /robot_2/tf@tf2_msgs/msg/TFMessage[ignition.msgs.Pose_V /robot_2/joint_states@sensor_msgs/msg/JointState[ignition.msgs.Model /robot_2/depth_camera/depth_image@sensor_msgs/msg/Image[ignition.msgs.Image /robot_2/depth_camera/camera_info@sensor_msgs/msg/CameraInfo[ignition.msgs.CameraInfo /world/random_world/model/robot_2/link/robot_2/base_footprint/sensor/contact_sensor/contact@ros_gz_interfaces/msg/Contacts[ignition.msgs.Contacts /world/random_world/dynamic_pose/info@tf2_msgs/msg/TFMessage[ignition.msgs.Pose_V /world/random_world/create@ros_gz_interfaces/srv/SpawnEntity /world/random_world/remove@ros_gz_interfaces/srv/DeleteEntity /world/random_world/set_pose@ros_gz_interfaces/srv/SetEntityPose --ros-args -r __node:=all_robots_bridge --params-file /tmp/launch_params_h_964mej -r /robot_0/tf:=/tf -r /robot_1/tf:=/tf -r /robot_2/tf:=/tf'].
1789488277.8439536 [ERROR] [image_bridge-14]: process has died [pid 602, exit code -6, cmd '/opt/ros/humble/lib/ros_gz_image/image_bridge /robot_1/depth_camera/image --ros-args -r __node:=robot_1_rgb_image_bridge'].
1789488277.8449032 [INFO] [balanced_delivery_supervisor-22]: process started with pid [720]
1789488277.8451369 [INFO] [stuck_recovery-23]: process started with pid [723]
1789488277.9246969 [ERROR] [parameter_bridge-19]: process has died [pid 654, exit code -6, cmd '/opt/ros/humble/lib/ros_gz_bridge/parameter_bridge /clock@rosgraph_msgs/msg/Clock[ignition.msgs.Clock --ros-args -r __node:=clock_bridge --params-file /tmp/launch_params_yskfej7c'].
1789488278.0934458 [ERROR] [image_bridge-18]: process has died [pid 645, exit code -6, cmd '/opt/ros/humble/lib/ros_gz_image/image_bridge /robot_2/depth_camera/image --ros-args -r __node:=robot_2_rgb_image_bridge'].
1789488278.0943584 [INFO] [balanced_delivery_supervisor-24]: process started with pid [737]
1789488278.0946040 [INFO] [stuck_recovery-25]: process started with pid [739]
1789488278.8816652 [ERROR] [ign gazebo-1]: process has died [pid 495, exit code 255, cmd 'ruby /usr/bin/ign gazebo /tmp/leo_delivery_no_overhead_camera_9xkm593f.sdf -s --headless-rendering -r -z 200 --force-version 6'].
1789488278.8822958 [INFO] [launch]: process[ign gazebo-1] was required: shutting down launched system
1789488278.9533558 [INFO] [stuck_recovery-25]: sending signal 'SIGINT' to process[stuck_recovery-25]
1789488278.9889324 [INFO] [balanced_delivery_supervisor-24]: sending signal 'SIGINT' to process[balanced_delivery_supervisor-24]
1789488279.0251215 [INFO] [stuck_recovery-23]: sending signal 'SIGINT' to process[stuck_recovery-23]
1789488279.0611975 [INFO] [balanced_delivery_supervisor-22]: sending signal 'SIGINT' to process[balanced_delivery_supervisor-22]
1789488279.0904477 [INFO] [stuck_recovery-21]: sending signal 'SIGINT' to process[stuck_recovery-21]
1789488279.0946708 [ERROR] [balanced_delivery_supervisor-24]: process has died [pid 737, exit code -2, cmd '/home/ecem/sct_ws/install/leo_delivery/lib/leo_delivery/balanced_delivery_supervisor --ros-args -r __node:=robot_supervisor -r __ns:=/robot_2 --params-file /tmp/launch_params_2tcdsu10 --params-file /tmp/launch_params_ci5xne86 --params-file /tmp/launch_params_io8rs820 --params-file /tmp/launch_params_u9kmhoja --params-file /tmp/launch_params_tcsa3b7h --params-file /tmp/launch_params_p2hp4k2i --params-file /tmp/launch_params_lhpy0615 --params-file /tmp/launch_params_52ky1xne --params-file /tmp/launch_params_pvg4w4ap -r cmd_vel:=cmd_vel_supervisor'].
1789488279.1039782 [ERROR] [stuck_recovery-25]: process has died [pid 739, exit code -2, cmd '/home/ecem/sct_ws/install/leo_image_processing/lib/leo_image_processing/stuck_recovery --ros-args -r __node:=stuck_recovery -r __ns:=/robot_2 --params-file /tmp/launch_params_uzyb1eme --params-file /tmp/launch_params_8ra4lpxy --params-file /tmp/launch_params_cvgf745e --params-file /tmp/launch_params_9l7gaje5 --params-file /tmp/launch_params_km90ku5v --params-file /tmp/launch_params_9kljbbmb --params-file /tmp/launch_params_u_ehhjyp --params-file /tmp/launch_params_yfrf3_pe --params-file /tmp/launch_params_dih71_ef --params-file /tmp/launch_params_7rq1tzct'].
1789488279.1054718 [INFO] [balanced_delivery_supervisor-20]: sending signal 'SIGINT' to process[balanced_delivery_supervisor-20]
1789488279.1283278 [INFO] [bump_counter-5]: sending signal 'SIGINT' to process[bump_counter-5]
1789488279.1464145 [INFO] [coverage_counter-4]: sending signal 'SIGINT' to process[coverage_counter-4]
1789488279.1623757 [INFO] [simulation_video_recorder-3]: sending signal 'SIGINT' to process[simulation_video_recorder-3]
1789488279.1633594 [ERROR] [stuck_recovery-23]: process has died [pid 723, exit code -2, cmd '/home/ecem/sct_ws/install/leo_image_processing/lib/leo_image_processing/stuck_recovery --ros-args -r __node:=stuck_recovery -r __ns:=/robot_1 --params-file /tmp/launch_params_8kebzmtf --params-file /tmp/launch_params_mtiv2uhd --params-file /tmp/launch_params_hmg78svb --params-file /tmp/launch_params_exozr9k_ --params-file /tmp/launch_params_fwjuc2pk --params-file /tmp/launch_params_u386zgjb --params-file /tmp/launch_params_s1axgbtr --params-file /tmp/launch_params_gvbhgpp9 --params-file /tmp/launch_params_6891kr1c --params-file /tmp/launch_params_xzffovay'].
1789488279.1645248 [ERROR] [coverage_counter-4]: process has died [pid 521, exit code -2, cmd '/home/ecem/sct_ws/install/evaluation/lib/evaluation/coverage_counter --ros-args -r __node:=coverage_counter --params-file /tmp/launch_params_uxob_wbq --params-file /tmp/launch_params_r5vbnb_v --params-file /tmp/launch_params_nggfb8f3 --params-file /tmp/launch_params_xlk7580_ --params-file /tmp/launch_params_b3d4_5jf --params-file /tmp/launch_params_8wucmykx --params-file /tmp/launch_params_avo13g52 --params-file /tmp/launch_params_0s8zfeuw --params-file /tmp/launch_params_l5zrr4uk'].
1789488279.1646662 [ERROR] [balanced_delivery_supervisor-22]: process has died [pid 720, exit code -2, cmd '/home/ecem/sct_ws/install/leo_delivery/lib/leo_delivery/balanced_delivery_supervisor --ros-args -r __node:=robot_supervisor -r __ns:=/robot_1 --params-file /tmp/launch_params_uuqrg9kx --params-file /tmp/launch_params_z266d7rg --params-file /tmp/launch_params_mthjzc9h --params-file /tmp/launch_params_jop2fldb --params-file /tmp/launch_params_xmc29i7v --params-file /tmp/launch_params_c_s_8luv --params-file /tmp/launch_params_9at8geem --params-file /tmp/launch_params_2rec_237 --params-file /tmp/launch_params_l4tp48h4 -r cmd_vel:=cmd_vel_supervisor'].
1789488279.1836741 [INFO] [launch]: process[coverage_counter-4] was required: shutting down launched system
1789488279.2079365 [ERROR] [balanced_delivery_supervisor-20]: process has died [pid 685, exit code -2, cmd '/home/ecem/sct_ws/install/leo_delivery/lib/leo_delivery/balanced_delivery_supervisor --ros-args -r __node:=robot_supervisor -r __ns:=/robot_0 --params-file /tmp/launch_params_hgss6g37 --params-file /tmp/launch_params_zysvecnc --params-file /tmp/launch_params_9urh8zr2 --params-file /tmp/launch_params_pdqii1lg --params-file /tmp/launch_params_9bjmg8de --params-file /tmp/launch_params_itv2fy_b --params-file /tmp/launch_params_3wmox52v --params-file /tmp/launch_params_r8uer7id --params-file /tmp/launch_params_v499hxfn -r cmd_vel:=cmd_vel_supervisor'].
1789488279.2082257 [ERROR] [stuck_recovery-21]: process has died [pid 692, exit code -2, cmd '/home/ecem/sct_ws/install/leo_image_processing/lib/leo_image_processing/stuck_recovery --ros-args -r __node:=stuck_recovery -r __ns:=/robot_0 --params-file /tmp/launch_params_an2gdas7 --params-file /tmp/launch_params_qan51qng --params-file /tmp/launch_params_zmdsgro_ --params-file /tmp/launch_params_la2ff1qc --params-file /tmp/launch_params_3e01ud1p --params-file /tmp/launch_params_ttaeq6dz --params-file /tmp/launch_params_yffmawwv --params-file /tmp/launch_params_xz8eu944 --params-file /tmp/launch_params_9uujia7j --params-file /tmp/launch_params_ijxenv94'].
1789488279.2087359 [ERROR] [bump_counter-5]: process has died [pid 527, exit code -2, cmd '/home/ecem/sct_ws/install/evaluation/lib/evaluation/bump_counter --ros-args -r __node:=bump_counter --params-file /tmp/launch_params_hm1r0n96 --params-file /tmp/launch_params_matz3hfi --params-file /tmp/launch_params_y73xat2c --params-file /tmp/launch_params_k04gjlo8 --params-file /tmp/launch_params_zzqygdct --params-file /tmp/launch_params_5vhjc_9b --params-file /tmp/launch_params_9p2nj2cj --params-file /tmp/launch_params_w7ugajrj'].
1789488279.2147686 [ERROR] [simulation_video_recorder-3]: process has died [pid 513, exit code -2, cmd '/home/ecem/sct_ws/install/evaluation/lib/evaluation/simulation_video_recorder --ros-args -r __node:=simulation_video_recorder --params-file /tmp/launch_params_9i6ng2l0 --params-file /tmp/launch_params_p3o6zkrf --params-file /tmp/launch_params_7nsyqzaa --params-file /tmp/launch_params_gddktu22 --params-file /tmp/launch_params_x7jpp_5w --params-file /tmp/launch_params_p_d450kl --params-file /tmp/launch_params_9c8uccme'].
