[0.000000] (-) TimerEvent: {}
[0.000616] (-) JobUnselected: {'identifier': 'evaluation'}
[0.000683] (-) JobUnselected: {'identifier': 'leo'}
[0.000726] (-) JobUnselected: {'identifier': 'leo_description'}
[0.000765] (-) JobUnselected: {'identifier': 'leo_gz_bringup'}
[0.000802] (-) JobUnselected: {'identifier': 'leo_gz_plugins'}
[0.000824] (-) JobUnselected: {'identifier': 'leo_gz_worlds'}
[0.000845] (-) JobUnselected: {'identifier': 'leo_image_processing'}
[0.000866] (-) JobUnselected: {'identifier': 'leo_msgs'}
[0.000886] (-) JobUnselected: {'identifier': 'leo_simulator'}
[0.000906] (-) JobUnselected: {'identifier': 'leo_supervisor_common'}
[0.000927] (-) JobUnselected: {'identifier': 'leo_teleop'}
[0.000951] (leo_delivery) JobQueued: {'identifier': 'leo_delivery', 'dependencies': OrderedDict([('evaluation', '/home/ecem/sct_ws/src/llm_sct/install/evaluation'), ('leo_description', '/home/ecem/sct_ws/src/llm_sct/install/leo_description'), ('leo_gz_plugins', '/home/ecem/sct_ws/src/llm_sct/install/leo_gz_plugins'), ('leo_gz_worlds', '/home/ecem/sct_ws/src/llm_sct/install/leo_gz_worlds'), ('leo_supervisor_common', '/home/ecem/sct_ws/src/llm_sct/install/leo_supervisor_common'), ('leo_image_processing', '/home/ecem/sct_ws/src/llm_sct/install/leo_image_processing'), ('leo_gz_bringup', '/home/ecem/sct_ws/src/llm_sct/install/leo_gz_bringup')])}
[0.001016] (leo_exploration) JobQueued: {'identifier': 'leo_exploration', 'dependencies': OrderedDict([('evaluation', '/home/ecem/sct_ws/src/llm_sct/install/evaluation'), ('leo_description', '/home/ecem/sct_ws/src/llm_sct/install/leo_description'), ('leo_gz_plugins', '/home/ecem/sct_ws/src/llm_sct/install/leo_gz_plugins'), ('leo_gz_worlds', '/home/ecem/sct_ws/src/llm_sct/install/leo_gz_worlds'), ('leo_supervisor_common', '/home/ecem/sct_ws/src/llm_sct/install/leo_supervisor_common'), ('leo_image_processing', '/home/ecem/sct_ws/src/llm_sct/install/leo_image_processing'), ('leo_gz_bringup', '/home/ecem/sct_ws/src/llm_sct/install/leo_gz_bringup')])}
[0.001068] (leo_patrolling) JobQueued: {'identifier': 'leo_patrolling', 'dependencies': OrderedDict([('evaluation', '/home/ecem/sct_ws/src/llm_sct/install/evaluation'), ('leo_description', '/home/ecem/sct_ws/src/llm_sct/install/leo_description'), ('leo_gz_plugins', '/home/ecem/sct_ws/src/llm_sct/install/leo_gz_plugins'), ('leo_gz_worlds', '/home/ecem/sct_ws/src/llm_sct/install/leo_gz_worlds'), ('leo_supervisor_common', '/home/ecem/sct_ws/src/llm_sct/install/leo_supervisor_common'), ('leo_image_processing', '/home/ecem/sct_ws/src/llm_sct/install/leo_image_processing'), ('leo_gz_bringup', '/home/ecem/sct_ws/src/llm_sct/install/leo_gz_bringup')])}
[0.001159] (leo_delivery) JobStarted: {'identifier': 'leo_delivery'}
[0.008781] (leo_delivery) JobEnded: {'identifier': 'leo_delivery', 'rc': 1}
[0.010515] (leo_exploration) JobStarted: {'identifier': 'leo_exploration'}
[0.014232] (leo_exploration) JobEnded: {'identifier': 'leo_exploration', 'rc': 1}
[0.014832] (leo_patrolling) JobStarted: {'identifier': 'leo_patrolling'}
[0.019261] (leo_patrolling) JobEnded: {'identifier': 'leo_patrolling', 'rc': 1}
[0.029607] (-) EventReactorShutdown: {}
