[INFO] [1789489731.225863670] [robot_1.robot_supervisor]: Loaded initial mission 'balanced_delivery' from explicit YAML S_20260915_182327.yaml
[INFO] [1789489731.351324213] [robot_1.robot_supervisor]: Selected controllable event: EV_search_color
[INFO] [1789489731.455739685] [robot_1.robot_supervisor]: Selected controllable event: EV_move_forward
[INFO] [1789489731.660966052] [robot_1.robot_supervisor]: Selected controllable event: EV_approach_color
[INFO] [1789489731.960796757] [robot_1.robot_supervisor]: Selected controllable event: EV_approach_object
[INFO] [1789489732.161805773] [robot_1.robot_supervisor]: Selected controllable event: EV_search_color
[INFO] [1789489732.355184344] [robot_1.robot_supervisor]: Selected controllable event: EV_search_color
[INFO] [1789489732.560077411] [robot_1.robot_supervisor]: Selected controllable event: EV_move_forward
[INFO] [1789489732.852781088] [robot_1.robot_supervisor]: Selected controllable event: EV_search_color
[INFO] [1789489732.961955347] [robot_1.robot_supervisor]: Selected controllable event: EV_search_color
[INFO] [1789489733.167611737] [robot_1.robot_supervisor]: Selected controllable event: EV_search_object
[INFO] [1789489733.354561043] [robot_1.robot_supervisor]: Selected controllable event: EV_approach_color
[INFO] [1789489733.650672372] [robot_1.robot_supervisor]: Selected controllable event: EV_search_object
[INFO] [1789489733.850487140] [robot_1.robot_supervisor]: Selected controllable event: EV_search_color
[INFO] [1789489733.953103399] [robot_1.robot_supervisor]: Selected controllable event: EV_move_forward
[INFO] [1789489734.252405737] [robot_1.robot_supervisor]: Selected controllable event: EV_search_color
[INFO] [1789489734.451407832] [robot_1.robot_supervisor]: Selected controllable event: EV_move_forward
[INFO] [1789489734.653467547] [robot_1.robot_supervisor]: Selected controllable event: EV_search_object
[INFO] [1789489734.851966878] [robot_1.robot_supervisor]: Selected controllable event: EV_approach_color
[INFO] [1789489735.152029039] [robot_1.robot_supervisor]: Selected controllable event: EV_approach_color
[INFO] [1789489735.353649898] [robot_1.robot_supervisor]: Selected controllable event: EV_move_forward
[INFO] [1789489735.651844310] [robot_1.robot_supervisor]: Selected controllable event: EV_move_forward
[INFO] [1789489735.951797701] [robot_1.robot_supervisor]: Selected controllable event: EV_search_object
[INFO] [1789489736.151890602] [robot_1.robot_supervisor]: Selected controllable event: EV_approach_object
[INFO] [1789489736.362484135] [robot_1.robot_supervisor]: Triggered uncontrollable event: EV_obstacle_front
[INFO] [1789489736.362938690] [robot_1.robot_supervisor]: ############################# REACHED: EV_object_reached #############################
[INFO] [1789489736.363498456] [robot_1.robot_supervisor]: Selected controllable event: EV_move_backward
[WARN] [1789489736.364094618] [robot_1.robot_supervisor]: no translation for 5.0s livelock detected; starting atomic escape (turn_sign=-1)
[INFO] [1789489738.964372485] [robot_1.robot_supervisor]: Zone-livelock escape completed
[INFO] [1789489739.252354320] [robot_1.robot_supervisor]: ############################# REACHED: EV_object_reached #############################
[INFO] [1789489739.252962169] [robot_1.robot_supervisor]: Selected controllable event: EV_approach_color
[INFO] [1789489739.460958038] [robot_1.robot_supervisor]: ############################# REACHED: EV_object_reached #############################
[INFO] [1789489739.464976448] [robot_1.robot_supervisor]: Selected controllable event: EV_approach_object
[INFO] [1789489739.769054536] [robot_1.robot_supervisor]: Selected controllable event: EV_move_forward
[INFO] [1789489740.062174805] [robot_1.robot_supervisor]: ############################# REACHED: EV_object_reached #############################
[INFO] [1789489740.062734820] [robot_1.robot_supervisor]: Selected controllable event: EV_move_forward
[INFO] [1789489740.355934906] [robot_1.robot_supervisor]: Selected controllable event: EV_search_object
[INFO] [1789489740.459242535] [robot_1.robot_supervisor]: Selected controllable event: EV_approach_object
[INFO] [1789489740.761382307] [robot_1.robot_supervisor]: ############################# REACHED: EV_object_reached #############################
[INFO] [1789489740.762029670] [robot_1.robot_supervisor]: Selected controllable event: EV_search_color
[INFO] [1789489740.962448494] [robot_1.robot_supervisor]: ############################# REACHED: EV_object_reached #############################
[INFO] [1789489740.964313555] [robot_1.robot_supervisor]: Selected controllable event: EV_approach_color
[INFO] [1789489741.268600542] [robot_1.robot_supervisor]: Selected controllable event: EV_search_object
[INFO] [1789489741.451859654] [robot_1.robot_supervisor]: ############################# REACHED: EV_object_reached #############################
[INFO] [1789489741.452557839] [robot_1.robot_supervisor]: Selected controllable event: EV_move_forward
[INFO] [1789489741.656617921] [robot_1.robot_supervisor]: Selected controllable event: EV_approach_object
[INFO] [1789489741.868874972] [robot_1.robot_supervisor]: ############################# REACHED: EV_object_reached #############################
[INFO] [1789489741.870004845] [robot_1.robot_supervisor]: Selected controllable event: EV_search_color
[INFO] [1789489742.059475161] [robot_1.robot_supervisor]: Selected controllable event: EV_search_object
[INFO] [1789489742.270472717] [robot_1.robot_supervisor]: Selected controllable event: EV_approach_color
[INFO] [1789489742.553631272] [robot_1.robot_supervisor]: ############################# REACHED: EV_object_reached #############################
[INFO] [1789489742.554203225] [robot_1.robot_supervisor]: Selected controllable event: EV_search_color
[INFO] [1789489742.662721658] [robot_1.robot_supervisor]: Selected controllable event: EV_approach_object
[INFO] [1789489742.963574271] [robot_1.robot_supervisor]: ############################# REACHED: EV_object_reached #############################
[INFO] [1789489742.968863956] [robot_1.robot_supervisor]: Selected controllable event: EV_approach_color
[INFO] [1789489743.268431837] [robot_1.robot_supervisor]: Selected controllable event: EV_search_color
[INFO] [1789489743.460202961] [robot_1.robot_supervisor]: ############################# REACHED: EV_object_reached #############################
[INFO] [1789489743.463315552] [robot_1.robot_supervisor]: Selected controllable event: EV_search_color
[INFO] [1789489743.655262958] [robot_1.robot_supervisor]: Selected controllable event: EV_approach_object
[INFO] [1789489743.964453711] [robot_1.robot_supervisor]: ############################# REACHED: EV_object_reached #############################
[INFO] [1789489743.967951776] [robot_1.robot_supervisor]: Selected controllable event: EV_approach_object
[INFO] [1789489744.257047692] [robot_1.robot_supervisor]: ############################# REACHED: EV_object_reached #############################
[INFO] [1789489744.258451960] [robot_1.robot_supervisor]: Selected controllable event: EV_approach_color
[INFO] [1789489744.557751274] [robot_1.robot_supervisor]: Selected controllable event: EV_search_color
[INFO] [1789489744.764562586] [robot_1.robot_supervisor]: ############################# REACHED: EV_object_reached #############################
[INFO] [1789489744.765261431] [robot_1.robot_supervisor]: Selected controllable event: EV_approach_object
[INFO] [1789489745.065958667] [robot_1.robot_supervisor]: Selected controllable event: EV_approach_object
[INFO] [1789489745.366205862] [robot_1.robot_supervisor]: ############################# REACHED: EV_object_reached #############################
[INFO] [1789489745.366952935] [robot_1.robot_supervisor]: Selected controllable event: EV_approach_object
[INFO] [1789489745.658489079] [robot_1.robot_supervisor]: Selected controllable event: EV_move_forward
[INFO] [1789489745.953943203] [robot_1.robot_supervisor]: ############################# REACHED: EV_object_reached #############################
[INFO] [1789489745.961420935] [robot_1.robot_supervisor]: Selected controllable event: EV_move_forward
[INFO] [1789489746.258071208] [robot_1.robot_supervisor]: ############################# REACHED: EV_object_reached #############################
[INFO] [1789489746.259661989] [robot_1.robot_supervisor]: Selected controllable event: EV_approach_color
[INFO] [1789489746.552845449] [robot_1.robot_supervisor]: Selected controllable event: EV_approach_object
[INFO] [1789489746.862074340] [robot_1.robot_supervisor]: ############################# REACHED: EV_object_reached #############################
[INFO] [1789489746.862673382] [robot_1.robot_supervisor]: Selected controllable event: EV_search_object
[INFO] [1789489747.060202653] [robot_1.robot_supervisor]: ############################# REACHED: EV_object_reached #############################
[INFO] [1789489747.060836510] [robot_1.robot_supervisor]: Selected controllable event: EV_search_color
[INFO] [1789489747.252812407] [robot_1.robot_supervisor]: Selected controllable event: EV_approach_object
[INFO] [1789489747.559018356] [robot_1.robot_supervisor]: ############################# REACHED: EV_object_reached #############################
[INFO] [1789489747.559602869] [robot_1.robot_supervisor]: Selected controllable event: EV_approach_color
[INFO] [1789489747.850805809] [robot_1.robot_supervisor]: Selected controllable event: EV_search_color
[INFO] [1789489747.952559064] [robot_1.robot_supervisor]: ############################# REACHED: EV_object_reached #############################
[INFO] [1789489747.953196751] [robot_1.robot_supervisor]: Selected controllable event: EV_approach_color
[INFO] [1789489748.163615287] [robot_1.robot_supervisor]: Selected controllable event: EV_approach_object
[INFO] [1789489748.458589570] [robot_1.robot_supervisor]: ############################# REACHED: EV_object_reached #############################
[INFO] [1789489748.459320087] [robot_1.robot_supervisor]: Selected controllable event: EV_move_forward
[INFO] [1789489748.751758401] [robot_1.robot_supervisor]: Selected controllable event: EV_move_forward
[INFO] [1789489749.053714963] [robot_1.robot_supervisor]: ############################# REACHED: EV_object_reached #############################
[INFO] [1789489749.054300109] [robot_1.robot_supervisor]: Selected controllable event: EV_search_color
[INFO] [1789489749.165341013] [robot_1.robot_supervisor]: Selected controllable event: EV_search_color
[INFO] [1789489749.350350257] [robot_1.robot_supervisor]: ############################# REACHED: EV_object_reached #############################
[INFO] [1789489749.350926621] [robot_1.robot_supervisor]: Selected controllable event: EV_search_object
[INFO] [1789489749.458415340] [robot_1.robot_supervisor]: Selected controllable event: EV_approach_object
[INFO] [1789489749.768077514] [robot_1.robot_supervisor]: Selected controllable event: EV_search_object
[INFO] [1789489749.952392227] [robot_1.robot_supervisor]: ############################# REACHED: EV_object_reached #############################
[INFO] [1789489749.955828153] [robot_1.robot_supervisor]: Selected controllable event: EV_search_color
[INFO] [1789489750.165884474] [robot_1.robot_supervisor]: Selected controllable event: EV_approach_object
[INFO] [1789489750.463159108] [robot_1.robot_supervisor]: ############################# REACHED: EV_object_reached #############################
[INFO] [1789489750.463816401] [robot_1.robot_supervisor]: Selected controllable event: EV_move_forward
[INFO] [1789489750.753459537] [robot_1.robot_supervisor]: ############################# REACHED: EV_object_reached #############################
[INFO] [1789489750.755353654] [robot_1.robot_supervisor]: Selected controllable event: EV_approach_color
[INFO] [1789489751.058453679] [robot_1.robot_supervisor]: Selected controllable event: EV_move_forward
[INFO] [1789489751.358960335] [robot_1.robot_supervisor]: ############################# REACHED: EV_object_reached #############################
[INFO] [1789489751.359572356] [robot_1.robot_supervisor]: Selected controllable event: EV_approach_object
[INFO] [1789489751.654369151] [robot_1.robot_supervisor]: ############################# REACHED: EV_object_reached #############################
[INFO] [1789489751.661645687] [robot_1.robot_supervisor]: Selected controllable event: EV_search_object
[INFO] [1789489751.874114085] [robot_1.robot_supervisor]: Selected controllable event: EV_search_color
[INFO] [1789489752.055226666] [robot_1.robot_supervisor]: ############################# REACHED: EV_object_reached #############################
[INFO] [1789489752.062250941] [robot_1.robot_supervisor]: Selected controllable event: EV_search_color
[INFO] [1789489752.250828200] [robot_1.robot_supervisor]: Selected controllable event: EV_search_color
[INFO] [1789489752.455051999] [robot_1.robot_supervisor]: ############################# REACHED: EV_object_reached #############################
[INFO] [1789489752.455519837] [robot_1.robot_supervisor]: Selected controllable event: EV_approach_color
[INFO] [1789489752.752772269] [robot_1.robot_supervisor]: Selected controllable event: EV_search_color
[INFO] [1789489752.958264004] [robot_1.robot_supervisor]: ############################# REACHED: EV_object_reached #############################
[INFO] [1789489752.962479501] [robot_1.robot_supervisor]: Selected controllable event: EV_move_forward
[INFO] [1789489753.254834238] [robot_1.robot_supervisor]: Selected controllable event: EV_move_forward
[INFO] [1789489753.458645278] [robot_1.robot_supervisor]: ############################# REACHED: EV_object_reached #############################
[INFO] [1789489753.464995016] [robot_1.robot_supervisor]: Selected controllable event: EV_approach_object
[INFO] [1789489753.755908165] [robot_1.robot_supervisor]: ############################# REACHED: EV_object_reached #############################
[INFO] [1789489753.760080534] [robot_1.robot_supervisor]: Selected controllable event: EV_move_forward
[INFO] [1789489754.069386280] [robot_1.robot_supervisor]: Selected controllable event: EV_search_object
[INFO] [1789489754.258797495] [robot_1.robot_supervisor]: ############################# VISIBLE: EV_object_visible #############################
[INFO] [1789489754.259365940] [robot_1.robot_supervisor]: Selected controllable event: EV_move_forward
[INFO] [1789489754.465346501] [robot_1.robot_supervisor]: Selected controllable event: EV_search_color
[INFO] [1789489754.651772163] [robot_1.robot_supervisor]: Triggered uncontrollable event: EV_object_not_visible
[INFO] [1789489754.659759030] [robot_1.robot_supervisor]: Selected controllable event: EV_search_object
[INFO] [1789489754.860770783] [robot_1.robot_supervisor]: Selected controllable event: EV_search_object
[INFO] [1789489755.065457711] [robot_1.robot_supervisor]: Triggered uncontrollable event: EV_object_not_visible
[INFO] [1789489755.068301703] [robot_1.robot_supervisor]: Selected controllable event: EV_approach_color
[INFO] [1789489755.356144995] [robot_1.robot_supervisor]: Selected controllable event: EV_approach_object
[INFO] [1789489755.654628426] [robot_1.robot_supervisor]: Triggered uncontrollable event: EV_object_not_visible
[INFO] [1789489755.655204686] [robot_1.robot_supervisor]: Selected controllable event: EV_approach_object
[INFO] [1789489755.858539236] [robot_1.robot_supervisor]: Selected controllable event: EV_search_color
[INFO] [1789489756.055756022] [robot_1.robot_supervisor]: Triggered uncontrollable event: EV_object_not_visible
[INFO] [1789489756.062103999] [robot_1.robot_supervisor]: Selected controllable event: EV_move_forward
[INFO] [1789489756.361987029] [robot_1.robot_supervisor]: Selected controllable event: EV_search_color
[INFO] [1789489756.468797173] [robot_1.robot_supervisor]: Triggered uncontrollable event: EV_obstacle_right
[INFO] [1789489756.469246286] [robot_1.robot_supervisor]: Triggered uncontrollable event: EV_object_not_visible
[INFO] [1789489756.469790225] [robot_1.robot_supervisor]: Selected controllable event: EV_rotate_counterclockwise
[INFO] [1789489756.653405127] [robot_1.robot_supervisor]: Triggered uncontrollable event: EV_obstacle_right
[INFO] [1789489756.653945362] [robot_1.robot_supervisor]: Selected controllable event: EV_u_turn
[INFO] [1789489756.654413805] [robot_1.robot_supervisor]: Starting FULL ROTATE (omega=1.000, have_odom=True, target_rad=3.142, timeout_s=3.500)
[INFO] [1789489759.751612986] [robot_1.robot_supervisor]: FULL ROTATE completed by odom (accum_rad=3.239)
[INFO] [1789489759.955583454] [robot_1.robot_supervisor]: ############################# VISIBLE: EV_object_visible #############################
[INFO] [1789489759.956174120] [robot_1.robot_supervisor]: Selected controllable event: EV_approach_object
[INFO] [1789489760.158993529] [robot_1.robot_supervisor]: ############################# VISIBLE: EV_object_visible #############################
[INFO] [1789489760.159535562] [robot_1.robot_supervisor]: Selected controllable event: EV_search_color
[INFO] [1789489760.354321100] [robot_1.robot_supervisor]: Selected controllable event: EV_move_forward
[INFO] [1789489760.558001446] [robot_1.robot_supervisor]: ############################# VISIBLE: EV_object_visible #############################
[INFO] [1789489760.564689526] [robot_1.robot_supervisor]: Selected controllable event: EV_approach_color
[INFO] [1789489760.873952294] [robot_1.robot_supervisor]: Selected controllable event: EV_search_color
[INFO] [1789489761.055941217] [robot_1.robot_supervisor]: ############################# VISIBLE: EV_object_visible #############################
[INFO] [1789489761.057350730] [robot_1.robot_supervisor]: Selected controllable event: EV_search_color
[INFO] [1789489761.255389804] [robot_1.robot_supervisor]: Selected controllable event: EV_search_color
[INFO] [1789489761.463276527] [robot_1.robot_supervisor]: ############################# VISIBLE: EV_object_visible #############################
[INFO] [1789489761.463926039] [robot_1.robot_supervisor]: Selected controllable event: EV_approach_object
[INFO] [1789489761.753229112] [robot_1.robot_supervisor]: ############################# VISIBLE: EV_object_visible #############################
[INFO] [1789489761.759230661] [robot_1.robot_supervisor]: Selected controllable event: EV_approach_color
[INFO] [1789489762.069186067] [robot_1.robot_supervisor]: Selected controllable event: EV_search_object
[INFO] [1789489762.252767245] [robot_1.robot_supervisor]: ############################# VISIBLE: EV_object_visible #############################
[INFO] [1789489762.257480090] [robot_1.robot_supervisor]: Selected controllable event: EV_move_forward
[INFO] [1789489762.554997337] [robot_1.robot_supervisor]: Selected controllable event: EV_approach_color
[INFO] [1789489762.757817897] [robot_1.robot_supervisor]: ############################# VISIBLE: EV_object_visible #############################
[INFO] [1789489762.761336033] [robot_1.robot_supervisor]: Selected controllable event: EV_move_forward
[INFO] [1789489763.060259610] [robot_1.robot_supervisor]: Selected controllable event: EV_approach_color
[INFO] [1789489763.370260629] [robot_1.robot_supervisor]: ############################# VISIBLE: EV_object_visible #############################
[INFO] [1789489763.372824044] [robot_1.robot_supervisor]: Selected controllable event: EV_search_object
[INFO] [1789489763.565437981] [robot_1.robot_supervisor]: ############################# VISIBLE: EV_object_visible #############################
[INFO] [1789489763.566100024] [robot_1.robot_supervisor]: Selected controllable event: EV_search_object
[INFO] [1789489763.771095270] [robot_1.robot_supervisor]: Selected controllable event: EV_approach_color
[INFO] [1789489764.060582390] [robot_1.robot_supervisor]: ############################# VISIBLE: EV_object_visible #############################
[INFO] [1789489764.068038646] [robot_1.robot_supervisor]: Selected controllable event: EV_search_object
[INFO] [1789489764.262017874] [robot_1.robot_supervisor]: Selected controllable event: EV_search_color
[INFO] [1789489764.455533274] [robot_1.robot_supervisor]: ############################# VISIBLE: EV_object_visible #############################
[INFO] [1789489764.458136620] [robot_1.robot_supervisor]: Selected controllable event: EV_search_object
[INFO] [1789489764.658945512] [robot_1.robot_supervisor]: Selected controllable event: EV_search_object
[INFO] [1789489764.852363908] [robot_1.robot_supervisor]: Selected controllable event: EV_move_forward
[INFO] [1789489765.066787472] [robot_1.robot_supervisor]: ############################# VISIBLE: EV_object_visible #############################
[INFO] [1789489765.067358138] [robot_1.robot_supervisor]: Selected controllable event: EV_approach_object
[INFO] [1789489765.365088878] [robot_1.robot_supervisor]: Selected controllable event: EV_approach_object
[INFO] [1789489765.665547343] [robot_1.robot_supervisor]: ############################# VISIBLE: EV_object_visible #############################
[INFO] [1789489765.668544482] [robot_1.robot_supervisor]: Selected controllable event: EV_search_color
[INFO] [1789489765.856433680] [robot_1.robot_supervisor]: Selected controllable event: EV_move_forward
[INFO] [1789489766.161416567] [robot_1.robot_supervisor]: Triggered uncontrollable event: EV_obstacle_left
[INFO] [1789489766.161888939] [robot_1.robot_supervisor]: ############################# REACHED: EV_object_reached #############################
[INFO] [1789489766.162406398] [robot_1.robot_supervisor]: Selected controllable event: EV_rotate_clockwise
[INFO] [1789489766.352087076] [robot_1.robot_supervisor]: Triggered uncontrollable event: EV_obstacle_left
[INFO] [1789489766.356294661] [robot_1.robot_supervisor]: Selected controllable event: EV_u_turn
[INFO] [1789489766.356888185] [robot_1.robot_supervisor]: Starting FULL ROTATE (omega=1.000, have_odom=True, target_rad=3.142, timeout_s=3.500)
[INFO] [1789489769.885351126] [robot_1.robot_supervisor]: FULL ROTATE completed by timeout
[INFO] [1789489770.180657755] [robot_1.robot_supervisor]: Triggered uncontrollable event: EV_obstacle_right
[INFO] [1789489770.181531055] [robot_1.robot_supervisor]: ############################# REACHED: EV_object_reached #############################
[INFO] [1789489770.182571421] [robot_1.robot_supervisor]: Selected controllable event: EV_u_turn
[INFO] [1789489770.270987532] [robot_1.robot_supervisor]: Triggered uncontrollable event: EV_obstacle_right
[INFO] [1789489770.272111606] [robot_1.robot_supervisor]: Selected controllable event: EV_rotate_counterclockwise
[WARN] [1789489770.282384304] [robot_1.robot_supervisor]: no translation for 4.6s livelock detected; starting atomic escape (turn_sign=+1)
[INFO] [1789489772.768789296] [robot_1.robot_supervisor]: Zone-livelock escape completed
[INFO] [1789489772.982358139] [robot_1.robot_supervisor]: ############################# REACHED: EV_object_reached #############################
[INFO] [1789489772.995585843] [robot_1.robot_supervisor]: Selected controllable event: EV_approach_color
[INFO] [1789489773.274927007] [robot_1.robot_supervisor]: Selected controllable event: EV_approach_color
[INFO] [1789489773.571985811] [robot_1.robot_supervisor]: ############################# REACHED: EV_object_reached #############################
[INFO] [1789489773.582219960] [robot_1.robot_supervisor]: Selected controllable event: EV_approach_color
[INFO] [1789489773.867441557] [robot_1.robot_supervisor]: Selected controllable event: EV_search_object
[INFO] [1789489774.072116123] [robot_1.robot_supervisor]: Selected controllable event: EV_search_object
[INFO] [1789489774.279159948] [robot_1.robot_supervisor]: Selected controllable event: EV_search_color
[INFO] [1789489774.481576393] [robot_1.robot_supervisor]: ############################# REACHED: EV_object_reached #############################
[INFO] [1789489774.489812714] [robot_1.robot_supervisor]: Selected controllable event: EV_approach_color
[INFO] [1789489774.780094804] [robot_1.robot_supervisor]: Selected controllable event: EV_move_forward
[INFO] [1789489775.068310644] [robot_1.robot_supervisor]: Selected controllable event: EV_approach_color
[INFO] [1789489775.292801073] [robot_1.robot_supervisor]: ############################# REACHED: EV_object_reached #############################
[INFO] [1789489775.304334606] [robot_1.robot_supervisor]: Selected controllable event: EV_approach_object
[INFO] [1789489775.591280097] [robot_1.robot_supervisor]: Selected controllable event: EV_search_color
[INFO] [1789489775.774659214] [robot_1.robot_supervisor]: Selected controllable event: EV_approach_object
[INFO] [1789489775.987543146] [robot_1.robot_supervisor]: Selected controllable event: EV_search_color
[INFO] [1789489776.172727037] [robot_1.robot_supervisor]: Selected controllable event: EV_approach_color
[INFO] [1789489776.479735226] [robot_1.robot_supervisor]: ############################# REACHED: EV_object_reached #############################
[INFO] [1789489776.495760975] [robot_1.robot_supervisor]: Selected controllable event: EV_search_object
[INFO] [1789489776.695929686] [robot_1.robot_supervisor]: Selected controllable event: EV_move_forward
[INFO] [1789489776.970922258] [robot_1.robot_supervisor]: Selected controllable event: EV_approach_object
[INFO] [1789489777.275904220] [robot_1.robot_supervisor]: Selected controllable event: EV_search_color
[INFO] [1789489777.482712549] [robot_1.robot_supervisor]: ############################# REACHED: EV_object_reached #############################
[INFO] [1789489777.502217629] [robot_1.robot_supervisor]: Selected controllable event: EV_search_object
[INFO] [1789489777.697028065] [robot_1.robot_supervisor]: Selected controllable event: EV_search_color
[INFO] [1789489777.880556057] [robot_1.robot_supervisor]: Selected controllable event: EV_search_object
[INFO] [1789489778.083265439] [robot_1.robot_supervisor]: Selected controllable event: EV_move_forward
[INFO] [1789489778.376411252] [robot_1.robot_supervisor]: ############################# REACHED: EV_object_reached #############################
[INFO] [1789489778.377493670] [robot_1.robot_supervisor]: Selected controllable event: EV_approach_color
[INFO] [1789489778.660496452] [robot_1.robot_supervisor]: Selected controllable event: EV_approach_color
[INFO] [1789489778.983623625] [robot_1.robot_supervisor]: Selected controllable event: EV_approach_object
[INFO] [1789489779.262386115] [robot_1.robot_supervisor]: ############################# REACHED: EV_object_reached #############################
[INFO] [1789489779.263347206] [robot_1.robot_supervisor]: Selected controllable event: EV_approach_color
[INFO] [1789489779.572650484] [robot_1.robot_supervisor]: Selected controllable event: EV_search_object
[INFO] [1789489779.759597103] [robot_1.robot_supervisor]: Selected controllable event: EV_search_object
[INFO] [1789489779.899308710] [robot_1.robot_supervisor]: Selected controllable event: EV_approach_object
[INFO] [1789489780.152794034] [robot_1.robot_supervisor]: Triggered uncontrollable event: EV_obstacle_right
[INFO] [1789489780.159555629] [robot_1.robot_supervisor]: ############################# REACHED: EV_object_reached #############################
[INFO] [1789489780.171574796] [robot_1.robot_supervisor]: Selected controllable event: EV_rotate_counterclockwise
[INFO] [1789489780.360969569] [robot_1.robot_supervisor]: Triggered uncontrollable event: EV_obstacle_right
[INFO] [1789489780.374141196] [robot_1.robot_supervisor]: Selected controllable event: EV_rotate_counterclockwise
[INFO] [1789489780.554730473] [robot_1.robot_supervisor]: Triggered uncontrollable event: EV_obstacle_right
[INFO] [1789489780.568417777] [robot_1.robot_supervisor]: Selected controllable event: EV_u_turn
[INFO] [1789489780.569271047] [robot_1.robot_supervisor]: Starting FULL ROTATE (omega=1.000, have_odom=True, target_rad=3.142, timeout_s=3.500)
[INFO] [1789489784.155132159] [robot_1.robot_supervisor]: FULL ROTATE completed by timeout
[INFO] [1789489784.371612099] [robot_1.robot_supervisor]: ############################# REACHED: EV_object_reached #############################
[INFO] [1789489784.376587090] [robot_1.robot_supervisor]: Selected controllable event: EV_approach_object
[INFO] [1789489784.659980458] [robot_1.robot_supervisor]: Selected controllable event: EV_approach_object
[INFO] [1789489784.865963741] [robot_1.robot_supervisor]: Selected controllable event: EV_approach_color
[INFO] [1789489785.160428730] [robot_1.robot_supervisor]: ############################# REACHED: EV_object_reached #############################
[INFO] [1789489785.166093572] [robot_1.robot_supervisor]: Selected controllable event: EV_search_object
[INFO] [1789489785.368772740] [robot_1.robot_supervisor]: Selected controllable event: EV_approach_object
[INFO] [1789489785.673098007] [robot_1.robot_supervisor]: Selected controllable event: EV_approach_object
[INFO] [1789489785.968610761] [robot_1.robot_supervisor]: ############################# REACHED: EV_object_reached #############################
[INFO] [1789489785.988536454] [robot_1.robot_supervisor]: Selected controllable event: EV_approach_object
[INFO] [1789489786.260624977] [robot_1.robot_supervisor]: Selected controllable event: EV_search_object
[INFO] [1789489786.466688136] [robot_1.robot_supervisor]: Selected controllable event: EV_approach_color
[INFO] [1789489786.761968445] [robot_1.robot_supervisor]: ############################# REACHED: EV_object_reached #############################
[INFO] [1789489786.763039243] [robot_1.robot_supervisor]: Selected controllable event: EV_move_forward
[INFO] [1789489786.981636122] [robot_1.robot_supervisor]: Selected controllable event: EV_search_color
[INFO] [1789489787.179896099] [robot_1.robot_supervisor]: Selected controllable event: EV_search_object
[INFO] [1789489787.367316992] [robot_1.robot_supervisor]: Selected controllable event: EV_approach_object
[INFO] [1789489787.673185576] [robot_1.robot_supervisor]: ############################# VISIBLE: EV_object_visible #############################
[INFO] [1789489787.684749765] [robot_1.robot_supervisor]: Selected controllable event: EV_search_object
[INFO] [1789489787.852445576] [robot_1.robot_supervisor]: Selected controllable event: EV_move_forward
[INFO] [1789489788.059739163] [robot_1.robot_supervisor]: Selected controllable event: EV_search_object
[INFO] [1789489788.176134337] [robot_1.robot_supervisor]: Selected controllable event: EV_search_color
[INFO] [1789489788.369426258] [robot_1.robot_supervisor]: ############################# VISIBLE: EV_object_visible #############################
[INFO] [1789489788.372460154] [robot_1.robot_supervisor]: Selected controllable event: EV_approach_color
[INFO] [1789489788.654933330] [robot_1.robot_supervisor]: Selected controllable event: EV_search_object
[INFO] [1789489788.770093323] [robot_1.robot_supervisor]: Selected controllable event: EV_search_object
[INFO] [1789489788.975863266] [robot_1.robot_supervisor]: Selected controllable event: EV_approach_object
[INFO] [1789489789.286817845] [robot_1.robot_supervisor]: Selected controllable event: EV_search_color
[INFO] [1789489789.464012092] [robot_1.robot_supervisor]: ############################# VISIBLE: EV_object_visible #############################
[INFO] [1789489789.485338641] [robot_1.robot_supervisor]: Selected controllable event: EV_approach_object
[INFO] [1789489789.761152156] [robot_1.robot_supervisor]: Selected controllable event: EV_approach_object
[INFO] [1789489789.963454301] [robot_1.robot_supervisor]: Selected controllable event: EV_move_forward
[INFO] [1789489790.186688746] [robot_1.robot_supervisor]: Selected controllable event: EV_approach_object
[INFO] [1789489790.450838125] [robot_1.robot_supervisor]: ############################# VISIBLE: EV_object_visible #############################
[INFO] [1789489790.461323978] [robot_1.robot_supervisor]: Selected controllable event: EV_approach_color
[INFO] [1789489790.665478457] [robot_1.robot_supervisor]: Selected controllable event: EV_search_color
[INFO] [1789489790.880088778] [robot_1.robot_supervisor]: Selected controllable event: EV_search_color
[INFO] [1789489791.053004515] [robot_1.robot_supervisor]: Selected controllable event: EV_approach_color
[INFO] [1789489791.270388293] [robot_1.robot_supervisor]: ############################# VISIBLE: EV_object_visible #############################
[INFO] [1789489791.286594408] [robot_1.robot_supervisor]: Selected controllable event: EV_approach_object
[INFO] [1789489791.558922015] [robot_1.robot_supervisor]: Selected controllable event: EV_approach_object
[INFO] [1789489791.885723535] [robot_1.robot_supervisor]: Selected controllable event: EV_search_color
[INFO] [1789489792.064367433] [robot_1.robot_supervisor]: ############################# VISIBLE: EV_object_visible #############################
[INFO] [1789489792.065330129] [robot_1.robot_supervisor]: Selected controllable event: EV_move_forward
[INFO] [1789489792.351146307] [robot_1.robot_supervisor]: Selected controllable event: EV_move_forward
[INFO] [1789489792.575041612] [robot_1.robot_supervisor]: Selected controllable event: EV_search_object
[INFO] [1789489792.763976459] [robot_1.robot_supervisor]: Selected controllable event: EV_approach_object
[INFO] [1789489793.058239320] [robot_1.robot_supervisor]: ############################# VISIBLE: EV_object_visible #############################
[INFO] [1789489793.059268849] [robot_1.robot_supervisor]: Selected controllable event: EV_search_object
[INFO] [1789489793.164967016] [robot_1.robot_supervisor]: Selected controllable event: EV_search_color
[INFO] [1789489793.353516352] [robot_1.robot_supervisor]: Selected controllable event: EV_move_forward
[INFO] [1789489793.654878415] [robot_1.robot_supervisor]: Selected controllable event: EV_search_color
[INFO] [1789489793.886343575] [robot_1.robot_supervisor]: ############################# VISIBLE: EV_object_visible #############################
[INFO] [1789489793.898786047] [robot_1.robot_supervisor]: Selected controllable event: EV_search_object
[INFO] [1789489794.082146647] [robot_1.robot_supervisor]: Selected controllable event: EV_approach_object
[INFO] [1789489794.374098015] [robot_1.robot_supervisor]: Selected controllable event: EV_approach_color
[INFO] [1789489794.679833251] [robot_1.robot_supervisor]: ############################# VISIBLE: EV_object_visible #############################
[INFO] [1789489794.684425695] [robot_1.robot_supervisor]: Selected controllable event: EV_approach_color
[INFO] [1789489794.978636999] [robot_1.robot_supervisor]: Selected controllable event: EV_approach_object
[INFO] [1789489795.274601331] [robot_1.robot_supervisor]: Selected controllable event: EV_approach_color
[INFO] [1789489795.577991541] [robot_1.robot_supervisor]: Triggered uncontrollable event: EV_object_not_visible
[INFO] [1789489795.579058213] [robot_1.robot_supervisor]: Selected controllable event: EV_search_object
[INFO] [1789489795.759359662] [robot_1.robot_supervisor]: Selected controllable event: EV_approach_object
[INFO] [1789489796.070191422] [robot_1.robot_supervisor]: Selected controllable event: EV_approach_object
[INFO] [1789489796.281612277] [robot_1.robot_supervisor]: Selected controllable event: EV_search_object
[INFO] [1789489796.476697787] [robot_1.robot_supervisor]: Triggered uncontrollable event: EV_object_not_visible
[INFO] [1789489796.488415449] [robot_1.robot_supervisor]: Selected controllable event: EV_approach_object
[INFO] [1789489796.777888502] [robot_1.robot_supervisor]: Selected controllable event: EV_approach_object
[INFO] [1789489797.075466061] [robot_1.robot_supervisor]: Selected controllable event: EV_search_object
[INFO] [1789489797.276964516] [robot_1.robot_supervisor]: Selected controllable event: EV_move_forward
[INFO] [1789489797.580770615] [robot_1.robot_supervisor]: Triggered uncontrollable event: EV_object_not_visible
[INFO] [1789489797.585465436] [robot_1.robot_supervisor]: Selected controllable event: EV_search_color
[INFO] [1789489797.763827895] [robot_1.robot_supervisor]: Selected controllable event: EV_approach_color
[INFO] [1789489798.016257807] [robot_1.robot_supervisor]: Selected controllable event: EV_search_color
[INFO] [1789489798.161726027] [robot_1.robot_supervisor]: Selected controllable event: EV_search_color
[INFO] [1789489798.351502249] [robot_1.robot_supervisor]: Triggered uncontrollable event: EV_object_not_visible
[INFO] [1789489798.373712870] [robot_1.robot_supervisor]: Selected controllable event: EV_approach_object
[INFO] [1789489798.688678824] [robot_1.robot_supervisor]: Selected controllable event: EV_move_forward
[INFO] [1789489798.985827697] [robot_1.robot_supervisor]: Selected controllable event: EV_approach_color
[INFO] [1789489799.264515704] [robot_1.robot_supervisor]: Triggered uncontrollable event: EV_object_not_visible
[INFO] [1789489799.265689853] [robot_1.robot_supervisor]: Selected controllable event: EV_move_forward
[INFO] [1789489799.571523135] [robot_1.robot_supervisor]: Selected controllable event: EV_approach_color
[INFO] [1789489799.851155252] [robot_1.robot_supervisor]: Selected controllable event: EV_approach_color
[INFO] [1789489800.061828058] [robot_1.robot_supervisor]: Selected controllable event: EV_move_forward
[INFO] [1789489800.368393988] [robot_1.robot_supervisor]: Triggered uncontrollable event: EV_object_not_visible
[INFO] [1789489800.369464496] [robot_1.robot_supervisor]: Selected controllable event: EV_approach_color
[INFO] [1789489800.684181699] [robot_1.robot_supervisor]: Selected controllable event: EV_search_color
[INFO] [1789489800.869759596] [robot_1.robot_supervisor]: Selected controllable event: EV_search_color
[INFO] [1789489801.075348899] [robot_1.robot_supervisor]: Triggered uncontrollable event: EV_object_not_visible
[INFO] [1789489801.076424040] [robot_1.robot_supervisor]: Selected controllable event: EV_approach_color
[INFO] [1789489801.369619274] [robot_1.robot_supervisor]: Selected controllable event: EV_search_object
[INFO] [1789489801.595189381] [robot_1.robot_supervisor]: Selected controllable event: EV_move_forward
[INFO] [1789489801.896149910] [robot_1.robot_supervisor]: Selected controllable event: EV_search_color
[INFO] [1789489802.076530060] [robot_1.robot_supervisor]: Triggered uncontrollable event: EV_object_not_visible
[INFO] [1789489802.111139060] [robot_1.robot_supervisor]: Selected controllable event: EV_approach_color
[INFO] [1789489802.383380211] [robot_1.robot_supervisor]: Selected controllable event: EV_search_object
[INFO] [1789489802.562330994] [robot_1.robot_supervisor]: Selected controllable event: EV_move_forward
[INFO] [1789489802.770090943] [robot_1.robot_supervisor]: Selected controllable event: EV_move_forward
[INFO] [1789489802.990171588] [robot_1.robot_supervisor]: Triggered uncontrollable event: EV_object_not_visible
[INFO] [1789489802.996659624] [robot_1.robot_supervisor]: Selected controllable event: EV_search_object
[INFO] [1789489803.177768380] [robot_1.robot_supervisor]: Selected controllable event: EV_approach_color
[INFO] [1789489803.468849504] [robot_1.robot_supervisor]: Selected controllable event: EV_approach_color
[INFO] [1789489803.777832906] [robot_1.robot_supervisor]: Selected controllable event: EV_search_color
[INFO] [1789489803.979954633] [robot_1.robot_supervisor]: Triggered uncontrollable event: EV_object_not_visible
[INFO] [1789489803.980905827] [robot_1.robot_supervisor]: Selected controllable event: EV_search_color
[INFO] [1789489804.173617443] [robot_1.robot_supervisor]: Selected controllable event: EV_search_color
[INFO] [1789489804.382470596] [robot_1.robot_supervisor]: Selected controllable event: EV_search_color
[INFO] [1789489804.582096696] [robot_1.robot_supervisor]: Selected controllable event: EV_search_object
[INFO] [1789489804.769581945] [robot_1.robot_supervisor]: Triggered uncontrollable event: EV_object_not_visible
[INFO] [1789489804.770512411] [robot_1.robot_supervisor]: Selected controllable event: EV_search_color
[INFO] [1789489804.958720625] [robot_1.robot_supervisor]: Selected controllable event: EV_move_forward
[INFO] [1789489805.266380911] [robot_1.robot_supervisor]: Selected controllable event: EV_move_forward
[INFO] [1789489805.478287462] [robot_1.robot_supervisor]: Triggered uncontrollable event: EV_object_not_visible
[INFO] [1789489805.494448145] [robot_1.robot_supervisor]: Selected controllable event: EV_search_color
[INFO] [1789489805.655812562] [robot_1.robot_supervisor]: Selected controllable event: EV_search_color
[INFO] [1789489805.866412320] [robot_1.robot_supervisor]: Selected controllable event: EV_search_color
[INFO] [1789489806.054830101] [robot_1.robot_supervisor]: Selected controllable event: EV_search_color
[INFO] [1789489806.168751168] [robot_1.robot_supervisor]: Selected controllable event: EV_search_object
[INFO] [1789489806.355869934] [robot_1.robot_supervisor]: Triggered uncontrollable event: EV_object_not_visible
[INFO] [1789489806.358912876] [robot_1.robot_supervisor]: Selected controllable event: EV_search_color
[INFO] [1789489806.461676405] [robot_1.robot_supervisor]: Selected controllable event: EV_approach_color
[INFO] [1789489806.773215356] [robot_1.robot_supervisor]: Selected controllable event: EV_move_forward
[INFO] [1789489807.058126871] [robot_1.robot_supervisor]: ############################# VISIBLE: EV_object_visible #############################
[INFO] [1789489807.061243061] [robot_1.robot_supervisor]: Selected controllable event: EV_search_object
[INFO] [1789489807.173681422] [robot_1.robot_supervisor]: Selected controllable event: EV_move_forward
[INFO] [1789489807.470177060] [robot_1.robot_supervisor]: Selected controllable event: EV_approach_object
[INFO] [1789489807.701419563] [robot_1.robot_supervisor]: ############################# VISIBLE: EV_object_visible #############################
[INFO] [1789489807.709609790] [robot_1.robot_supervisor]: Selected controllable event: EV_search_color
[INFO] [1789489807.873071323] [robot_1.robot_supervisor]: Selected controllable event: EV_approach_object
[INFO] [1789489808.162082542] [robot_1.robot_supervisor]: Selected controllable event: EV_move_forward
[INFO] [1789489808.485792398] [robot_1.robot_supervisor]: Selected controllable event: EV_search_color
[INFO] [1789489808.676387969] [robot_1.robot_supervisor]: ############################# REACHED: EV_object_reached #############################
[INFO] [1789489808.683282577] [robot_1.robot_supervisor]: Selected controllable event: EV_move_forward
[INFO] [1789489808.961687508] [robot_1.robot_supervisor]: Selected controllable event: EV_approach_object
[INFO] [1789489809.264925857] [robot_1.robot_supervisor]: Triggered uncontrollable event: EV_obstacle_front
[INFO] [1789489809.274608767] [robot_1.robot_supervisor]: ############################# REACHED: EV_object_reached #############################
[INFO] [1789489809.275593427] [robot_1.robot_supervisor]: Selected controllable event: EV_rotate_counterclockwise
[INFO] [1789489809.465717248] [robot_1.robot_supervisor]: Triggered uncontrollable event: EV_obstacle_front
[INFO] [1789489809.470084320] [robot_1.robot_supervisor]: Selected controllable event: EV_u_turn
[INFO] [1789489809.480972905] [robot_1.robot_supervisor]: Starting FULL ROTATE (omega=1.000, have_odom=True, target_rad=3.142, timeout_s=3.500)
[INFO] [1789489813.091226451] [robot_1.robot_supervisor]: FULL ROTATE completed by timeout
[INFO] [1789489813.373649428] [robot_1.robot_supervisor]: ############################# REACHED: EV_object_reached #############################
[INFO] [1789489813.380100802] [robot_1.robot_supervisor]: Selected controllable event: EV_search_object
[INFO] [1789489813.570402706] [robot_1.robot_supervisor]: ############################# REACHED: EV_object_reached #############################
[INFO] [1789489813.577391011] [robot_1.robot_supervisor]: Selected controllable event: EV_approach_color
[INFO] [1789489813.853162497] [robot_1.robot_supervisor]: Selected controllable event: EV_approach_object
[INFO] [1789489814.090199758] [robot_1.robot_supervisor]: Selected controllable event: EV_approach_color
[INFO] [1789489814.372379603] [robot_1.robot_supervisor]: ############################# REACHED: EV_object_reached #############################
[INFO] [1789489814.381884971] [robot_1.robot_supervisor]: Selected controllable event: EV_move_forward
[INFO] [1789489814.685165092] [robot_1.robot_supervisor]: Selected controllable event: EV_search_color
[INFO] [1789489814.875651407] [robot_1.robot_supervisor]: Selected controllable event: EV_approach_color
[INFO] [1789489815.178927383] [robot_1.robot_supervisor]: ############################# REACHED: EV_object_reached #############################
[INFO] [1789489815.183100175] [robot_1.robot_supervisor]: Selected controllable event: EV_search_object
[INFO] [1789489815.375585276] [robot_1.robot_supervisor]: Selected controllable event: EV_approach_color
[INFO] [1789489815.677507737] [robot_1.robot_supervisor]: Selected controllable event: EV_move_forward
[INFO] [1789489815.961972039] [robot_1.robot_supervisor]: Selected controllable event: EV_search_color
[INFO] [1789489816.081798015] [robot_1.robot_supervisor]: Selected controllable event: EV_move_forward
[INFO] [1789489816.370716369] [robot_1.robot_supervisor]: ############################# REACHED: EV_object_reached #############################
[INFO] [1789489816.381461138] [robot_1.robot_supervisor]: Selected controllable event: EV_search_object
[INFO] [1789489816.565304523] [robot_1.robot_supervisor]: Selected controllable event: EV_search_object
[INFO] [1789489816.767099012] [robot_1.robot_supervisor]: Selected controllable event: EV_move_forward
[INFO] [1789489817.084771604] [robot_1.robot_supervisor]: Triggered uncontrollable event: EV_object_not_visible
[INFO] [1789489817.085785258] [robot_1.robot_supervisor]: Selected controllable event: EV_search_color
[INFO] [1789489817.258942134] [robot_1.robot_supervisor]: Selected controllable event: EV_approach_object
[INFO] [1789489817.566241975] [robot_1.robot_supervisor]: Selected controllable event: EV_approach_color
[INFO] [1789489817.873529530] [robot_1.robot_supervisor]: Triggered uncontrollable event: EV_obstacle_left
[INFO] [1789489817.874298531] [robot_1.robot_supervisor]: Triggered uncontrollable event: EV_object_not_visible
[INFO] [1789489817.875266487] [robot_1.robot_supervisor]: Selected controllable event: EV_u_turn
[INFO] [1789489817.898454067] [robot_1.robot_supervisor]: Starting FULL ROTATE (omega=1.000, have_odom=True, target_rad=3.142, timeout_s=3.500)
[INFO] [1789489821.482376217] [robot_1.robot_supervisor]: FULL ROTATE completed by timeout
[INFO] [1789489821.684378124] [robot_1.robot_supervisor]: Triggered uncontrollable event: EV_object_not_visible
[INFO] [1789489821.693779895] [robot_1.robot_supervisor]: Selected controllable event: EV_approach_color
[INFO] [1789489821.970978188] [robot_1.robot_supervisor]: Selected controllable event: EV_approach_object
[INFO] [1789489822.283440470] [robot_1.robot_supervisor]: Selected controllable event: EV_search_object
[INFO] [1789489822.459491759] [robot_1.robot_supervisor]: Triggered uncontrollable event: EV_object_not_visible
[INFO] [1789489822.473481390] [robot_1.robot_supervisor]: Selected controllable event: EV_move_forward
[INFO] [1789489822.782485999] [robot_1.robot_supervisor]: Selected controllable event: EV_search_color
[INFO] [1789489822.971147704] [robot_1.robot_supervisor]: Selected controllable event: EV_move_forward
[INFO] [1789489823.270084748] [robot_1.robot_supervisor]: Selected controllable event: EV_search_object
[INFO] [1789489823.486510221] [robot_1.robot_supervisor]: ############################# VISIBLE: EV_object_visible #############################
[INFO] [1789489823.501159150] [robot_1.robot_supervisor]: Selected controllable event: EV_search_color
[INFO] [1789489823.651075360] [robot_1.robot_supervisor]: Selected controllable event: EV_search_color
[INFO] [1789489823.773310340] [robot_1.robot_supervisor]: Selected controllable event: EV_search_object
[INFO] [1789489823.990801472] [robot_1.robot_supervisor]: Selected controllable event: EV_search_color
[INFO] [1789489824.183697319] [robot_1.robot_supervisor]: ############################# VISIBLE: EV_object_visible #############################
[INFO] [1789489824.184682527] [robot_1.robot_supervisor]: Selected controllable event: EV_approach_color
[INFO] [1789489824.470661244] [robot_1.robot_supervisor]: Selected controllable event: EV_approach_object
[INFO] [1789489824.772611971] [robot_1.robot_supervisor]: Selected controllable event: EV_move_forward
[INFO] [1789489825.072896979] [robot_1.robot_supervisor]: ############################# VISIBLE: EV_object_visible #############################
[INFO] [1789489825.074003506] [robot_1.robot_supervisor]: Selected controllable event: EV_approach_color
[INFO] [1789489825.376022466] [robot_1.robot_supervisor]: Selected controllable event: EV_approach_color
[INFO] [1789489825.691588177] [robot_1.robot_supervisor]: Selected controllable event: EV_search_color
[INFO] [1789489825.873710314] [robot_1.robot_supervisor]: ############################# VISIBLE: EV_object_visible #############################
[INFO] [1789489825.874570540] [robot_1.robot_supervisor]: Selected controllable event: EV_approach_color
[INFO] [1789489826.175151222] [robot_1.robot_supervisor]: Selected controllable event: EV_search_object
[INFO] [1789489826.351346773] [robot_1.robot_supervisor]: Selected controllable event: EV_approach_color
[INFO] [1789489826.564136453] [robot_1.robot_supervisor]: Selected controllable event: EV_search_color
[INFO] [1789489826.671591600] [robot_1.robot_supervisor]: ############################# VISIBLE: EV_object_visible #############################
[INFO] [1789489826.684725962] [robot_1.robot_supervisor]: Selected controllable event: EV_move_forward
[INFO] [1789489826.972094922] [robot_1.robot_supervisor]: Selected controllable event: EV_search_color
[INFO] [1789489827.154068432] [robot_1.robot_supervisor]: Selected controllable event: EV_search_object
[INFO] [1789489827.279355424] [robot_1.robot_supervisor]: Selected controllable event: EV_approach_color
[INFO] [1789489827.578747427] [robot_1.robot_supervisor]: Triggered uncontrollable event: EV_obstacle_front
[INFO] [1789489827.584061265] [robot_1.robot_supervisor]: ############################# VISIBLE: EV_object_visible #############################
[INFO] [1789489827.595697347] [robot_1.robot_supervisor]: Selected controllable event: EV_move_backward
[INFO] [1789489827.880914180] [robot_1.robot_supervisor]: Triggered uncontrollable event: EV_obstacle_front
[INFO] [1789489827.882190008] [robot_1.robot_supervisor]: Selected controllable event: EV_u_turn
[INFO] [1789489827.883083322] [robot_1.robot_supervisor]: Starting FULL ROTATE (omega=1.000, have_odom=True, target_rad=3.142, timeout_s=3.500)
[INFO] [1789489831.486945421] [robot_1.robot_supervisor]: FULL ROTATE completed by timeout
[INFO] [1789489831.769607911] [robot_1.robot_supervisor]: ############################# VISIBLE: EV_object_visible #############################
[INFO] [1789489831.770585696] [robot_1.robot_supervisor]: Selected controllable event: EV_approach_object
[INFO] [1789489831.980373038] [robot_1.robot_supervisor]: Selected controllable event: EV_approach_color
[INFO] [1789489832.258064180] [robot_1.robot_supervisor]: Selected controllable event: EV_move_forward
[INFO] [1789489832.482447957] [robot_1.robot_supervisor]: ############################# VISIBLE: EV_object_visible #############################
[INFO] [1789489832.496408806] [robot_1.robot_supervisor]: Selected controllable event: EV_search_color
[INFO] [1789489832.680628290] [robot_1.robot_supervisor]: Selected controllable event: EV_approach_color
[INFO] [1789489832.961671875] [robot_1.robot_supervisor]: Selected controllable event: EV_search_object
[INFO] [1789489833.160880252] [robot_1.robot_supervisor]: ############################# VISIBLE: EV_object_visible #############################
[INFO] [1789489833.161802863] [robot_1.robot_supervisor]: Selected controllable event: EV_approach_object
[INFO] [1789489833.469930074] [robot_1.robot_supervisor]: Selected controllable event: EV_approach_object
[INFO] [1789489833.766878695] [robot_1.robot_supervisor]: Selected controllable event: EV_approach_object
[INFO] [1789489834.061368852] [robot_1.robot_supervisor]: ############################# VISIBLE: EV_object_visible #############################
[INFO] [1789489834.071059923] [robot_1.robot_supervisor]: Selected controllable event: EV_approach_color
[INFO] [1789489834.273568523] [robot_1.robot_supervisor]: Selected controllable event: EV_approach_object
[INFO] [1789489834.485665802] [robot_1.robot_supervisor]: Selected controllable event: EV_approach_object
[INFO] [1789489834.753481223] [robot_1.robot_supervisor]: ############################# VISIBLE: EV_object_visible #############################
[INFO] [1789489834.754402017] [robot_1.robot_supervisor]: Selected controllable event: EV_search_object
[INFO] [1789489834.859518544] [robot_1.robot_supervisor]: Selected controllable event: EV_search_object
[INFO] [1789489834.978054298] [robot_1.robot_supervisor]: Selected controllable event: EV_approach_color
[INFO] [1789489835.253040531] [robot_1.robot_supervisor]: Selected controllable event: EV_approach_color
[INFO] [1789489835.463574255] [robot_1.robot_supervisor]: ############################# VISIBLE: EV_object_visible #############################
[INFO] [1789489835.464465423] [robot_1.robot_supervisor]: Selected controllable event: EV_approach_color
[INFO] [1789489835.757158026] [robot_1.robot_supervisor]: Selected controllable event: EV_move_forward
[INFO] [1789489835.981036318] [robot_1.robot_supervisor]: Selected controllable event: EV_search_color
[INFO] [1789489836.164270014] [robot_1.robot_supervisor]: ############################# VISIBLE: EV_object_visible #############################
[INFO] [1789489836.183339539] [robot_1.robot_supervisor]: Selected controllable event: EV_approach_object
[INFO] [1789489836.459909118] [robot_1.robot_supervisor]: Selected controllable event: EV_approach_object
[INFO] [1789489836.773955755] [robot_1.robot_supervisor]: Selected controllable event: EV_search_color
[INFO] [1789489836.966422232] [robot_1.robot_supervisor]: ############################# VISIBLE: EV_object_visible #############################
[INFO] [1789489836.967220041] [robot_1.robot_supervisor]: Selected controllable event: EV_approach_color
[INFO] [1789489837.265462353] [robot_1.robot_supervisor]: Selected controllable event: EV_approach_object
[INFO] [1789489837.553372074] [robot_1.robot_supervisor]: Selected controllable event: EV_move_forward
[INFO] [1789489837.756511683] [robot_1.robot_supervisor]: Selected controllable event: EV_search_color
[INFO] [1789489837.874307312] [robot_1.robot_supervisor]: ############################# VISIBLE: EV_object_visible #############################
[INFO] [1789489837.875305656] [robot_1.robot_supervisor]: Selected controllable event: EV_move_forward
[INFO] [1789489838.166917945] [robot_1.robot_supervisor]: Selected controllable event: EV_move_forward
[INFO] [1789489838.457127666] [robot_1.robot_supervisor]: Selected controllable event: EV_move_forward
[INFO] [1789489838.760941990] [robot_1.robot_supervisor]: ############################# VISIBLE: EV_object_visible #############################
[INFO] [1789489838.761754152] [robot_1.robot_supervisor]: Selected controllable event: EV_move_forward
[INFO] [1789489838.967246029] [robot_1.robot_supervisor]: Selected controllable event: EV_search_object
[INFO] [1789489839.164914534] [robot_1.robot_supervisor]: Selected controllable event: EV_move_forward
[INFO] [1789489839.464084522] [robot_1.robot_supervisor]: ############################# VISIBLE: EV_object_visible #############################
[INFO] [1789489839.464986855] [robot_1.robot_supervisor]: Selected controllable event: EV_search_color
[INFO] [1789489839.571594424] [robot_1.robot_supervisor]: Selected controllable event: EV_move_forward
[INFO] [1789489839.780055614] [robot_1.robot_supervisor]: Selected controllable event: EV_search_color
[INFO] [1789489839.958089603] [robot_1.robot_supervisor]: Selected controllable event: EV_search_object
[INFO] [1789489840.072052893] [robot_1.robot_supervisor]: ############################# VISIBLE: EV_object_visible #############################
[INFO] [1789489840.094320889] [robot_1.robot_supervisor]: Selected controllable event: EV_approach_object
[INFO] [1789489840.363345051] [robot_1.robot_supervisor]: Selected controllable event: EV_move_forward
[INFO] [1789489840.659841615] [robot_1.robot_supervisor]: Selected controllable event: EV_approach_object
[INFO] [1789489840.876308925] [robot_1.robot_supervisor]: ############################# VISIBLE: EV_object_visible #############################
[INFO] [1789489840.877226593] [robot_1.robot_supervisor]: Selected controllable event: EV_approach_object
[INFO] [1789489841.176176654] [robot_1.robot_supervisor]: Selected controllable event: EV_approach_object
[INFO] [1789489841.488407919] [robot_1.robot_supervisor]: Selected controllable event: EV_search_color
[INFO] [1789489841.681099947] [robot_1.robot_supervisor]: ############################# VISIBLE: EV_object_visible #############################
[INFO] [1789489841.695249616] [robot_1.robot_supervisor]: Selected controllable event: EV_move_forward
[INFO] [1789489841.974750677] [robot_1.robot_supervisor]: Selected controllable event: EV_approach_color
[INFO] [1789489842.262371139] [robot_1.robot_supervisor]: Selected controllable event: EV_search_color
[INFO] [1789489842.383704746] [robot_1.robot_supervisor]: Selected controllable event: EV_move_forward
[INFO] [1789489842.680364930] [robot_1.robot_supervisor]: ############################# VISIBLE: EV_object_visible #############################
[INFO] [1789489842.685172052] [robot_1.robot_supervisor]: Selected controllable event: EV_move_forward
[INFO] [1789489842.977684914] [robot_1.robot_supervisor]: Selected controllable event: EV_search_color
[INFO] [1789489843.170404010] [robot_1.robot_supervisor]: Selected controllable event: EV_search_color
[INFO] [1789489843.374437386] [robot_1.robot_supervisor]: ############################# VISIBLE: EV_object_visible #############################
[INFO] [1789489843.379520019] [robot_1.robot_supervisor]: Selected controllable event: EV_approach_object
[INFO] [1789489843.669161052] [robot_1.robot_supervisor]: Selected controllable event: EV_approach_object
[INFO] [1789489843.988545779] [robot_1.robot_supervisor]: Selected controllable event: EV_search_object
[INFO] [1789489844.176552928] [robot_1.robot_supervisor]: ############################# VISIBLE: EV_object_visible #############################
[INFO] [1789489844.177503716] [robot_1.robot_supervisor]: Selected controllable event: EV_move_forward
[INFO] [1789489844.469367023] [robot_1.robot_supervisor]: Selected controllable event: EV_search_object
[INFO] [1789489844.571667327] [robot_1.robot_supervisor]: Selected controllable event: EV_approach_color
[INFO] [1789489844.861638829] [robot_1.robot_supervisor]: Selected controllable event: EV_approach_color
[INFO] [1789489845.173184945] [robot_1.robot_supervisor]: ############################# REACHED: EV_object_reached #############################
[INFO] [1789489845.177490883] [robot_1.robot_supervisor]: Selected controllable event: EV_approach_object
[INFO] [1789489845.466711784] [robot_1.robot_supervisor]: Selected controllable event: EV_search_object
[INFO] [1789489845.665538800] [robot_1.robot_supervisor]: Selected controllable event: EV_search_color
[INFO] [1789489845.867941148] [robot_1.robot_supervisor]: Triggered uncontrollable event: EV_obstacle_front
[INFO] [1789489845.879823289] [robot_1.robot_supervisor]: ############################# REACHED: EV_object_reached #############################
[INFO] [1789489845.892238349] [robot_1.robot_supervisor]: Selected controllable event: EV_rotate_clockwise
[INFO] [1789489846.089879442] [robot_1.robot_supervisor]: Triggered uncontrollable event: EV_obstacle_front
[INFO] [1789489846.090889550] [robot_1.robot_supervisor]: Selected controllable event: EV_move_backward
[INFO] [1789489846.369674770] [robot_1.robot_supervisor]: Triggered uncontrollable event: EV_obstacle_front
[INFO] [1789489846.384955070] [robot_1.robot_supervisor]: Selected controllable event: EV_u_turn
[INFO] [1789489846.385872916] [robot_1.robot_supervisor]: Starting FULL ROTATE (omega=1.000, have_odom=True, target_rad=3.142, timeout_s=3.500)
[INFO] [1789489849.985144934] [robot_1.robot_supervisor]: FULL ROTATE completed by timeout
[INFO] [1789489850.174326351] [robot_1.robot_supervisor]: ############################# REACHED: EV_object_reached #############################
[INFO] [1789489850.180465615] [robot_1.robot_supervisor]: Selected controllable event: EV_search_object
[INFO] [1789489850.361571948] [robot_1.robot_supervisor]: Selected controllable event: EV_move_forward
[INFO] [1789489850.581165499] [robot_1.robot_supervisor]: Selected controllable event: EV_approach_color
[INFO] [1789489850.855589157] [robot_1.robot_supervisor]: Selected controllable event: EV_search_object
[INFO] [1789489850.980814847] [robot_1.robot_supervisor]: ############################# REACHED: EV_object_reached #############################
[INFO] [1789489850.994957351] [robot_1.robot_supervisor]: Selected controllable event: EV_move_forward
[INFO] [1789489851.279667726] [robot_1.robot_supervisor]: Selected controllable event: EV_search_color
[INFO] [1789489851.469463437] [robot_1.robot_supervisor]: Selected controllable event: EV_approach_color
[INFO] [1789489851.686577057] [robot_1.robot_supervisor]: Selected controllable event: EV_approach_color
[INFO] [1789489851.978301763] [robot_1.robot_supervisor]: ############################# REACHED: EV_object_reached #############################
[INFO] [1789489851.979603906] [robot_1.robot_supervisor]: Selected controllable event: EV_search_object
[INFO] [1789489852.173134601] [robot_1.robot_supervisor]: Selected controllable event: EV_move_forward
[INFO] [1789489852.477941924] [robot_1.robot_supervisor]: Selected controllable event: EV_search_object
[INFO] [1789489852.695801022] [robot_1.robot_supervisor]: Selected controllable event: EV_search_color
[INFO] [1789489852.865922097] [robot_1.robot_supervisor]: ############################# REACHED: EV_object_reached #############################
[INFO] [1789489852.870182992] [robot_1.robot_supervisor]: Selected controllable event: EV_search_color
[INFO] [1789489852.991324647] [robot_1.robot_supervisor]: Selected controllable event: EV_move_forward
[INFO] [1789489853.283200871] [robot_1.robot_supervisor]: Selected controllable event: EV_search_color
[INFO] [1789489853.402598535] [robot_1.robot_supervisor]: Selected controllable event: EV_move_forward
[INFO] [1789489853.680210279] [robot_1.robot_supervisor]: Selected controllable event: EV_move_forward
[INFO] [1789489853.965584542] [robot_1.robot_supervisor]: ############################# REACHED: EV_object_reached #############################
[INFO] [1789489853.972171677] [robot_1.robot_supervisor]: Selected controllable event: EV_search_color
[INFO] [1789489854.166837477] [robot_1.robot_supervisor]: Selected controllable event: EV_move_forward
[INFO] [1789489854.370652623] [robot_1.robot_supervisor]: Selected controllable event: EV_search_object
[INFO] [1789489854.564336592] [robot_1.robot_supervisor]: Selected controllable event: EV_approach_color
[INFO] [1789489854.883074672] [robot_1.robot_supervisor]: ############################# REACHED: EV_object_reached #############################
[INFO] [1789489854.883994334] [robot_1.robot_supervisor]: Selected controllable event: EV_search_object
[INFO] [1789489855.064229343] [robot_1.robot_supervisor]: Selected controllable event: EV_search_color
[INFO] [1789489855.186185430] [robot_1.robot_supervisor]: Selected controllable event: EV_move_forward
[INFO] [1789489855.466799007] [robot_1.robot_supervisor]: Selected controllable event: EV_approach_object
[INFO] [1789489855.758532765] [robot_1.robot_supervisor]: ############################# REACHED: EV_object_reached #############################
[INFO] [1789489855.776660697] [robot_1.robot_supervisor]: Selected controllable event: EV_approach_color
[INFO] [1789489856.075028563] [robot_1.robot_supervisor]: Selected controllable event: EV_approach_color
[INFO] [1789489856.369525514] [robot_1.robot_supervisor]: Selected controllable event: EV_approach_object
[INFO] [1789489856.583258813] [robot_1.robot_supervisor]: Selected controllable event: EV_approach_color
[INFO] [1789489856.871391401] [robot_1.robot_supervisor]: ############################# REACHED: EV_object_reached #############################
[INFO] [1789489856.872655481] [robot_1.robot_supervisor]: Selected controllable event: EV_search_color
[INFO] [1789489857.067285088] [robot_1.robot_supervisor]: Selected controllable event: EV_search_object
[INFO] [1789489857.188307371] [robot_1.robot_supervisor]: Selected controllable event: EV_approach_object
[INFO] [1789489857.460431812] [robot_1.robot_supervisor]: ############################# REACHED: EV_object_reached #############################
[INFO] [1789489857.474558917] [robot_1.robot_supervisor]: Selected controllable event: EV_search_color
[INFO] [1789489857.684262986] [robot_1.robot_supervisor]: Selected controllable event: EV_approach_color
[INFO] [1789489858.003318509] [robot_1.robot_supervisor]: Selected controllable event: EV_approach_color
[INFO] [1789489858.271394767] [robot_1.robot_supervisor]: ############################# REACHED: EV_object_reached #############################
[INFO] [1789489858.272492915] [robot_1.robot_supervisor]: Selected controllable event: EV_search_color
[INFO] [1789489858.463099653] [robot_1.robot_supervisor]: Selected controllable event: EV_approach_object
[INFO] [1789489858.690287034] [robot_1.robot_supervisor]: Selected controllable event: EV_search_color
[INFO] [1789489858.876244425] [robot_1.robot_supervisor]: Selected controllable event: EV_approach_color
[INFO] [1789489859.087601003] [robot_1.robot_supervisor]: Selected controllable event: EV_search_object
[INFO] [1789489859.190606849] [robot_1.robot_supervisor]: Selected controllable event: EV_search_object
[INFO] [1789489859.380027947] [robot_1.robot_supervisor]: ############################# VISIBLE: EV_object_visible #############################
[INFO] [1789489859.381135844] [robot_1.robot_supervisor]: Selected controllable event: EV_search_object
[INFO] [1789489859.591317286] [robot_1.robot_supervisor]: Selected controllable event: EV_search_color
[INFO] [1789489859.795036958] [robot_1.robot_supervisor]: Selected controllable event: EV_move_forward
[INFO] [1789489859.999492222] [robot_1.robot_supervisor]: Selected controllable event: EV_move_forward
[INFO] [1789489860.274822635] [robot_1.robot_supervisor]: ############################# VISIBLE: EV_object_visible #############################
[INFO] [1789489860.275961316] [robot_1.robot_supervisor]: Selected controllable event: EV_move_forward
[INFO] [1789489860.587412228] [robot_1.robot_supervisor]: Selected controllable event: EV_approach_object
[INFO] [1789489860.859743010] [robot_1.robot_supervisor]: Selected controllable event: EV_search_color
[INFO] [1789489861.056627367] [robot_1.robot_supervisor]: ############################# REACHED: EV_object_reached #############################
[INFO] [1789489861.057637462] [robot_1.robot_supervisor]: Selected controllable event: EV_search_object
[INFO] [1789489861.195131318] [robot_1.robot_supervisor]: Selected controllable event: EV_approach_object
[INFO] [1789489861.480072776] [robot_1.robot_supervisor]: Selected controllable event: EV_search_object
[INFO] [1789489861.669390661] [robot_1.robot_supervisor]: Selected controllable event: EV_search_object
[INFO] [1789489861.851661008] [robot_1.robot_supervisor]: Selected controllable event: EV_search_color
[INFO] [1789489862.073994500] [robot_1.robot_supervisor]: ############################# REACHED: EV_object_reached #############################
[INFO] [1789489862.084378094] [robot_1.robot_supervisor]: Selected controllable event: EV_search_object
[INFO] [1789489862.281664727] [robot_1.robot_supervisor]: Selected controllable event: EV_approach_color
[INFO] [1789489862.561290363] [robot_1.robot_supervisor]: Selected controllable event: EV_move_forward
[INFO] [1789489862.790998007] [robot_1.robot_supervisor]: ############################# REACHED: EV_object_reached #############################
[INFO] [1789489862.792175724] [robot_1.robot_supervisor]: Selected controllable event: EV_search_object
[INFO] [1789489862.971253781] [robot_1.robot_supervisor]: Selected controllable event: EV_approach_object
[INFO] [1789489863.192218816] [robot_1.robot_supervisor]: Selected controllable event: EV_search_object
[INFO] [1789489863.386407191] [robot_1.robot_supervisor]: Selected controllable event: EV_search_color
[INFO] [1789489863.566181704] [robot_1.robot_supervisor]: Selected controllable event: EV_approach_color
[INFO] [1789489863.870897028] [robot_1.robot_supervisor]: Triggered uncontrollable event: EV_obstacle_right
[INFO] [1789489863.874995659] [robot_1.robot_supervisor]: ############################# REACHED: EV_object_reached #############################
[INFO] [1789489863.888246081] [robot_1.robot_supervisor]: Selected controllable event: EV_rotate_counterclockwise
[INFO] [1789489864.055739098] [robot_1.robot_supervisor]: Triggered uncontrollable event: EV_obstacle_right
[INFO] [1789489864.076460172] [robot_1.robot_supervisor]: Selected controllable event: EV_u_turn
[INFO] [1789489864.083399183] [robot_1.robot_supervisor]: Starting FULL ROTATE (omega=1.000, have_odom=True, target_rad=3.142, timeout_s=3.500)
[INFO] [1789489867.671652608] [robot_1.robot_supervisor]: FULL ROTATE completed by timeout
[INFO] [1789489867.962047716] [robot_1.robot_supervisor]: ############################# REACHED: EV_object_reached #############################
[INFO] [1789489867.971220524] [robot_1.robot_supervisor]: Selected controllable event: EV_search_color
[INFO] [1789489868.163956826] [robot_1.robot_supervisor]: Selected controllable event: EV_approach_object
[INFO] [1789489868.366959433] [robot_1.robot_supervisor]: ############################# REACHED: EV_object_reached #############################
[INFO] [1789489868.391770605] [robot_1.robot_supervisor]: Selected controllable event: EV_search_object
[INFO] [1789489868.572466724] [robot_1.robot_supervisor]: Selected controllable event: EV_move_forward
[INFO] [1789489868.885547732] [robot_1.robot_supervisor]: Selected controllable event: EV_move_forward
[INFO] [1789489869.179659074] [robot_1.robot_supervisor]: ############################# REACHED: EV_object_reached #############################
[INFO] [1789489869.180695103] [robot_1.robot_supervisor]: Selected controllable event: EV_search_object
[INFO] [1789489869.362976755] [robot_1.robot_supervisor]: Selected controllable event: EV_approach_color
[INFO] [1789489869.673465341] [robot_1.robot_supervisor]: Selected controllable event: EV_search_color
[INFO] [1789489869.786678576] [robot_1.robot_supervisor]: Selected controllable event: EV_move_forward
[INFO] [1789489870.079418914] [robot_1.robot_supervisor]: ############################# VISIBLE: EV_object_visible #############################
[INFO] [1789489870.080499274] [robot_1.robot_supervisor]: Selected controllable event: EV_search_object
[INFO] [1789489870.277663454] [robot_1.robot_supervisor]: Selected controllable event: EV_approach_object
[INFO] [1789489870.564241475] [robot_1.robot_supervisor]: Selected controllable event: EV_approach_object
[INFO] [1789489870.887017724] [robot_1.robot_supervisor]: ############################# VISIBLE: EV_object_visible #############################
[INFO] [1789489870.887846817] [robot_1.robot_supervisor]: Selected controllable event: EV_search_object
[INFO] [1789489871.069502477] [robot_1.robot_supervisor]: Selected controllable event: EV_search_object
[INFO] [1789489871.284666252] [robot_1.robot_supervisor]: Selected controllable event: EV_move_forward
[INFO] [1789489871.576628156] [robot_1.robot_supervisor]: ############################# VISIBLE: EV_object_visible #############################
[INFO] [1789489871.577542874] [robot_1.robot_supervisor]: Selected controllable event: EV_approach_color
[INFO] [1789489871.882222140] [robot_1.robot_supervisor]: Selected controllable event: EV_approach_color
[INFO] [1789489872.178142453] [robot_1.robot_supervisor]: Selected controllable event: EV_search_object
[INFO] [1789489872.369930821] [robot_1.robot_supervisor]: Selected controllable event: EV_approach_color
[INFO] [1789489872.665887827] [robot_1.robot_supervisor]: ############################# VISIBLE: EV_object_visible #############################
[INFO] [1789489872.682157019] [robot_1.robot_supervisor]: Selected controllable event: EV_search_color
[INFO] [1789489872.867654727] [robot_1.robot_supervisor]: Selected controllable event: EV_approach_color
[INFO] [1789489873.169007181] [robot_1.robot_supervisor]: Selected controllable event: EV_approach_object
[INFO] [1789489873.377293344] [robot_1.robot_supervisor]: ############################# VISIBLE: EV_object_visible #############################
[INFO] [1789489873.378338347] [robot_1.robot_supervisor]: Selected controllable event: EV_approach_color
[INFO] [1789489873.684116770] [robot_1.robot_supervisor]: Selected controllable event: EV_search_object
[INFO] [1789489873.854981408] [robot_1.robot_supervisor]: Selected controllable event: EV_approach_object
[INFO] [1789489874.186913653] [robot_1.robot_supervisor]: Selected controllable event: EV_move_forward
[INFO] [1789489874.454055004] [robot_1.robot_supervisor]: ############################# VISIBLE: EV_object_visible #############################
[INFO] [1789489874.473206454] [robot_1.robot_supervisor]: Selected controllable event: EV_move_forward
[INFO] [1789489874.768779503] [robot_1.robot_supervisor]: Selected controllable event: EV_approach_color
[INFO] [1789489875.006042702] [robot_1.robot_supervisor]: Triggered uncontrollable event: EV_obstacle_left
[INFO] [1789489875.007033712] [robot_1.robot_supervisor]: Selected controllable event: EV_rotate_clockwise
[INFO] [1789489875.160947343] [robot_1.robot_supervisor]: Triggered uncontrollable event: EV_obstacle_left
[INFO] [1789489875.161672412] [robot_1.robot_supervisor]: ############################# REACHED: EV_object_reached #############################
[INFO] [1789489875.172142139] [robot_1.robot_supervisor]: Selected controllable event: EV_u_turn
[INFO] [1789489875.186816767] [robot_1.robot_supervisor]: Starting FULL ROTATE (omega=1.000, have_odom=True, target_rad=3.142, timeout_s=3.500)
[INFO] [1789489878.770415891] [robot_1.robot_supervisor]: FULL ROTATE completed by timeout
[INFO] [1789489878.955021160] [robot_1.robot_supervisor]: Triggered uncontrollable event: EV_obstacle_right
[INFO] [1789489878.955778935] [robot_1.robot_supervisor]: ############################# REACHED: EV_object_reached #############################
[INFO] [1789489878.975676698] [robot_1.robot_supervisor]: Selected controllable event: EV_rotate_counterclockwise
[INFO] [1789489879.190363263] [robot_1.robot_supervisor]: ############################# REACHED: EV_object_reached #############################
[INFO] [1789489879.209679703] [robot_1.robot_supervisor]: Selected controllable event: EV_approach_color
[INFO] [1789489879.458939003] [robot_1.robot_supervisor]: Selected controllable event: EV_approach_object
[INFO] [1789489879.671968669] [robot_1.robot_supervisor]: Selected controllable event: EV_search_color
[INFO] [1789489879.876038329] [robot_1.robot_supervisor]: Selected controllable event: EV_approach_color
[INFO] [1789489880.172723151] [robot_1.robot_supervisor]: ############################# REACHED: EV_object_reached #############################
[INFO] [1789489880.187011195] [robot_1.robot_supervisor]: Selected controllable event: EV_search_object
[INFO] [1789489880.360432559] [robot_1.robot_supervisor]: Selected controllable event: EV_search_color
[INFO] [1789489880.566611861] [robot_1.robot_supervisor]: Selected controllable event: EV_search_object
[INFO] [1789489880.675135713] [robot_1.robot_supervisor]: Selected controllable event: EV_search_color
[INFO] [1789489880.876648051] [robot_1.robot_supervisor]: ############################# REACHED: EV_object_reached #############################
[INFO] [1789489880.877637210] [robot_1.robot_supervisor]: Selected controllable event: EV_move_forward
[INFO] [1789489881.166647130] [robot_1.robot_supervisor]: Selected controllable event: EV_search_color
[INFO] [1789489881.359415746] [robot_1.robot_supervisor]: Selected controllable event: EV_move_forward
[INFO] [1789489881.564191358] [robot_1.robot_supervisor]: ############################# REACHED: EV_object_reached #############################
[INFO] [1789489881.565146934] [robot_1.robot_supervisor]: Selected controllable event: EV_search_object
[INFO] [1789489881.776969392] [robot_1.robot_supervisor]: Selected controllable event: EV_search_object
[INFO] [1789489881.968820591] [robot_1.robot_supervisor]: Selected controllable event: EV_move_forward
[INFO] [1789489882.266462392] [robot_1.robot_supervisor]: ############################# REACHED: EV_object_reached #############################
[INFO] [1789489882.267297725] [robot_1.robot_supervisor]: Selected controllable event: EV_search_color
[INFO] [1789489882.475652308] [robot_1.robot_supervisor]: Selected controllable event: EV_approach_color
[INFO] [1789489882.763560983] [robot_1.robot_supervisor]: Selected controllable event: EV_approach_object
[INFO] [1789489883.060549289] [robot_1.robot_supervisor]: ############################# REACHED: EV_object_reached #############################
[INFO] [1789489883.061433520] [robot_1.robot_supervisor]: Selected controllable event: EV_search_object
[INFO] [1789489883.254930080] [robot_1.robot_supervisor]: Selected controllable event: EV_approach_color
[INFO] [1789489883.554873016] [robot_1.robot_supervisor]: Selected controllable event: EV_search_color
[INFO] [1789489883.669468150] [robot_1.robot_supervisor]: ############################# REACHED: EV_object_reached #############################
[INFO] [1789489883.689369353] [robot_1.robot_supervisor]: Selected controllable event: EV_approach_color
[INFO] [1789489883.961280567] [robot_1.robot_supervisor]: Selected controllable event: EV_search_color
[INFO] [1789489884.172206417] [robot_1.robot_supervisor]: Selected controllable event: EV_move_forward
[INFO] [1789489884.472214632] [robot_1.robot_supervisor]: ############################# REACHED: EV_object_reached #############################
[INFO] [1789489884.485836433] [robot_1.robot_supervisor]: Selected controllable event: EV_approach_color
[INFO] [1789489884.754220349] [robot_1.robot_supervisor]: Selected controllable event: EV_approach_object
[INFO] [1789489884.964462327] [robot_1.robot_supervisor]: Selected controllable event: EV_approach_color
[INFO] [1789489885.175799863] [robot_1.robot_supervisor]: ############################# REACHED: EV_object_reached #############################
[INFO] [1789489885.190894820] [robot_1.robot_supervisor]: Selected controllable event: EV_search_object
[INFO] [1789489885.363903774] [robot_1.robot_supervisor]: Selected controllable event: EV_search_color
[INFO] [1789489885.567881481] [robot_1.robot_supervisor]: Selected controllable event: EV_approach_object
[INFO] [1789489885.854567598] [robot_1.robot_supervisor]: ############################# REACHED: EV_object_reached #############################
[INFO] [1789489885.855462820] [robot_1.robot_supervisor]: Selected controllable event: EV_approach_object
[INFO] [1789489886.057767992] [robot_1.robot_supervisor]: Selected controllable event: EV_approach_color
[INFO] [1789489886.295874366] [robot_1.robot_supervisor]: Selected controllable event: EV_move_forward
[INFO] [1789489886.553413630] [robot_1.robot_supervisor]: Selected controllable event: EV_approach_object
[INFO] [1789489886.791295944] [robot_1.robot_supervisor]: ############################# REACHED: EV_object_reached #############################
[INFO] [1789489886.799900998] [robot_1.robot_supervisor]: Selected controllable event: EV_approach_color
[INFO] [1789489887.065977107] [robot_1.robot_supervisor]: Selected controllable event: EV_approach_color
[INFO] [1789489887.362592770] [robot_1.robot_supervisor]: Selected controllable event: EV_search_object
[INFO] [1789489887.465355719] [robot_1.robot_supervisor]: Triggered uncontrollable event: EV_obstacle_right
[INFO] [1789489887.485138453] [robot_1.robot_supervisor]: Selected controllable event: EV_u_turn
[INFO] [1789489887.486019792] [robot_1.robot_supervisor]: Starting FULL ROTATE (omega=1.000, have_odom=True, target_rad=3.142, timeout_s=3.500)
[INFO] [1789489891.061859143] [robot_1.robot_supervisor]: FULL ROTATE completed by timeout
[INFO] [1789489891.264765700] [robot_1.robot_supervisor]: ############################# VISIBLE: EV_object_visible #############################
[INFO] [1789489891.277132434] [robot_1.robot_supervisor]: Selected controllable event: EV_move_forward
[INFO] [1789489891.562310379] [robot_1.robot_supervisor]: ############################# VISIBLE: EV_object_visible #############################
[INFO] [1789489891.563237084] [robot_1.robot_supervisor]: Selected controllable event: EV_approach_object
[INFO] [1789489891.873915750] [robot_1.robot_supervisor]: Selected controllable event: EV_approach_object
[INFO] [1789489892.154536484] [robot_1.robot_supervisor]: Selected controllable event: EV_search_color
[INFO] [1789489892.257987811] [robot_1.robot_supervisor]: Selected controllable event: EV_approach_object
[INFO] [1789489892.553725990] [robot_1.robot_supervisor]: ############################# VISIBLE: EV_object_visible #############################
[INFO] [1789489892.554652183] [robot_1.robot_supervisor]: Selected controllable event: EV_search_object
[INFO] [1789489892.668023253] [robot_1.robot_supervisor]: Selected controllable event: EV_search_color
[INFO] [1789489892.863494080] [robot_1.robot_supervisor]: Selected controllable event: EV_approach_color
[INFO] [1789489893.172342413] [robot_1.robot_supervisor]: ############################# VISIBLE: EV_object_visible #############################
[INFO] [1789489893.173147724] [robot_1.robot_supervisor]: Selected controllable event: EV_approach_color
[INFO] [1789489893.462127935] [robot_1.robot_supervisor]: Selected controllable event: EV_search_object
[INFO] [1789489893.657366444] [robot_1.robot_supervisor]: Selected controllable event: EV_approach_color
[INFO] [1789489893.879564257] [robot_1.robot_supervisor]: ############################# VISIBLE: EV_object_visible #############################
[INFO] [1789489893.880494308] [robot_1.robot_supervisor]: Selected controllable event: EV_approach_object
[INFO] [1789489894.172714399] [robot_1.robot_supervisor]: Selected controllable event: EV_move_forward
[INFO] [1789489894.459084578] [robot_1.robot_supervisor]: Selected controllable event: EV_search_object
[INFO] [1789489894.663620093] [robot_1.robot_supervisor]: ############################# VISIBLE: EV_object_visible #############################
[INFO] [1789489894.682817089] [robot_1.robot_supervisor]: Selected controllable event: EV_approach_object
[INFO] [1789489894.965458668] [robot_1.robot_supervisor]: Selected controllable event: EV_approach_color
[INFO] [1789489895.277087952] [robot_1.robot_supervisor]: Selected controllable event: EV_move_forward
[INFO] [1789489895.579635788] [robot_1.robot_supervisor]: Selected controllable event: EV_search_object
[INFO] [1789489895.782980357] [robot_1.robot_supervisor]: ############################# VISIBLE: EV_object_visible #############################
[INFO] [1789489895.794790527] [robot_1.robot_supervisor]: Selected controllable event: EV_approach_object
[INFO] [1789489896.075084082] [robot_1.robot_supervisor]: Selected controllable event: EV_search_object
[INFO] [1789489896.296315154] [robot_1.robot_supervisor]: Selected controllable event: EV_move_forward
[INFO] [1789489896.560834170] [robot_1.robot_supervisor]: ############################# VISIBLE: EV_object_visible #############################
[INFO] [1789489896.566149776] [robot_1.robot_supervisor]: Selected controllable event: EV_search_color
[INFO] [1789489896.766863091] [robot_1.robot_supervisor]: Selected controllable event: EV_approach_color
[INFO] [1789489896.973129272] [robot_1.robot_supervisor]: Selected controllable event: EV_search_object
[INFO] [1789489897.200501913] [robot_1.robot_supervisor]: Selected controllable event: EV_search_color
[INFO] [1789489897.365342078] [robot_1.robot_supervisor]: ############################# VISIBLE: EV_object_visible #############################
[INFO] [1789489897.366263416] [robot_1.robot_supervisor]: Selected controllable event: EV_move_forward
[INFO] [1789489897.665753628] [robot_1.robot_supervisor]: Selected controllable event: EV_search_color
[INFO] [1789489897.781350526] [robot_1.robot_supervisor]: Selected controllable event: EV_approach_color
[INFO] [1789489898.073864556] [robot_1.robot_supervisor]: Selected controllable event: EV_approach_object
[INFO] [1789489898.372201243] [robot_1.robot_supervisor]: ############################# VISIBLE: EV_object_visible #############################
[INFO] [1789489898.373469835] [robot_1.robot_supervisor]: Selected controllable event: EV_approach_color
[INFO] [1789489898.583614536] [robot_1.robot_supervisor]: Selected controllable event: EV_approach_color
[INFO] [1789489898.877189374] [robot_1.robot_supervisor]: Selected controllable event: EV_move_forward
[INFO] [1789489899.158103276] [robot_1.robot_supervisor]: ############################# VISIBLE: EV_object_visible #############################
[INFO] [1789489899.158987452] [robot_1.robot_supervisor]: Selected controllable event: EV_approach_color
[INFO] [1789489899.374744972] [robot_1.robot_supervisor]: Selected controllable event: EV_approach_color
[INFO] [1789489899.666576776] [robot_1.robot_supervisor]: Triggered uncontrollable event: EV_obstacle_left
[INFO] [1789489899.690667351] [robot_1.robot_supervisor]: Selected controllable event: EV_u_turn
[INFO] [1789489899.691500666] [robot_1.robot_supervisor]: Starting FULL ROTATE (omega=1.000, have_odom=True, target_rad=3.142, timeout_s=3.500)
[INFO] [1789489903.269994568] [robot_1.robot_supervisor]: FULL ROTATE completed by timeout
[INFO] [1789489903.602206045] [robot_1.robot_supervisor]: ############################# REACHED: EV_object_reached #############################
[INFO] [1789489903.603156325] [robot_1.robot_supervisor]: Selected controllable event: EV_move_forward
[INFO] [1789489903.852709078] [robot_1.robot_supervisor]: Selected controllable event: EV_move_forward
[INFO] [1789489904.074575993] [robot_1.robot_supervisor]: Selected controllable event: EV_approach_object
[INFO] [1789489904.360796105] [robot_1.robot_supervisor]: ############################# REACHED: EV_object_reached #############################
[INFO] [1789489904.366494552] [robot_1.robot_supervisor]: Selected controllable event: EV_approach_color
[INFO] [1789489904.657516371] [robot_1.robot_supervisor]: Selected controllable event: EV_approach_color
[INFO] [1789489904.963840072] [robot_1.robot_supervisor]: Selected controllable event: EV_approach_color
[INFO] [1789489905.272316079] [robot_1.robot_supervisor]: ############################# REACHED: EV_object_reached #############################
[INFO] [1789489905.274667527] [robot_1.robot_supervisor]: Selected controllable event: EV_move_forward
[INFO] [1789489905.562654362] [robot_1.robot_supervisor]: Selected controllable event: EV_search_color
[INFO] [1789489905.674388910] [robot_1.robot_supervisor]: Selected controllable event: EV_approach_color
[INFO] [1789489905.964700556] [robot_1.robot_supervisor]: ############################# REACHED: EV_object_reached #############################
[INFO] [1789489905.965585783] [robot_1.robot_supervisor]: Selected controllable event: EV_search_object
[INFO] [1789489906.070479897] [robot_1.robot_supervisor]: Selected controllable event: EV_search_object
[INFO] [1789489906.269618741] [robot_1.robot_supervisor]: Selected controllable event: EV_approach_object
[INFO] [1789489906.568224777] [robot_1.robot_supervisor]: Selected controllable event: EV_move_forward
[INFO] [1789489906.869218691] [robot_1.robot_supervisor]: ############################# REACHED: EV_object_reached #############################
[INFO] [1789489906.870072943] [robot_1.robot_supervisor]: Selected controllable event: EV_move_forward
[INFO] [1789489907.191537645] [robot_1.robot_supervisor]: Selected controllable event: EV_approach_color
[INFO] [1789489907.456960720] [robot_1.robot_supervisor]: ############################# VISIBLE: EV_object_visible #############################
[INFO] [1789489907.458221192] [robot_1.robot_supervisor]: Selected controllable event: EV_move_forward
[INFO] [1789489907.665415070] [robot_1.robot_supervisor]: Selected controllable event: EV_search_color
[INFO] [1789489907.863048395] [robot_1.robot_supervisor]: Selected controllable event: EV_search_color
[INFO] [1789489908.058481148] [robot_1.robot_supervisor]: Selected controllable event: EV_move_forward
[INFO] [1789489908.380992468] [robot_1.robot_supervisor]: ############################# VISIBLE: EV_object_visible #############################
[INFO] [1789489908.382037497] [robot_1.robot_supervisor]: Selected controllable event: EV_approach_color
[INFO] [1789489908.668754418] [robot_1.robot_supervisor]: Selected controllable event: EV_approach_object
[INFO] [1789489908.981364971] [robot_1.robot_supervisor]: Selected controllable event: EV_approach_color
[INFO] [1789489909.272180562] [robot_1.robot_supervisor]: ############################# VISIBLE: EV_object_visible #############################
[INFO] [1789489909.276516777] [robot_1.robot_supervisor]: Selected controllable event: EV_move_forward
[INFO] [1789489909.563168047] [robot_1.robot_supervisor]: Selected controllable event: EV_search_object
[INFO] [1789489909.740917270] [robot_1.robot_supervisor]: Selected controllable event: EV_move_forward
[INFO] [1789489909.961046404] [robot_1.robot_supervisor]: Selected controllable event: EV_approach_color
[INFO] [1789489910.170360297] [robot_1.robot_supervisor]: Selected controllable event: EV_approach_object
