[INFO] [1789489730.730552501] [robot_0.robot_supervisor]: Loaded initial mission 'balanced_delivery' from explicit YAML S_20260915_182327.yaml
[INFO] [1789489730.855562415] [robot_0.robot_supervisor]: Selected controllable event: EV_move_forward
[INFO] [1789489731.152387410] [robot_0.robot_supervisor]: Selected controllable event: EV_move_forward
[INFO] [1789489731.448788470] [robot_0.robot_supervisor]: Selected controllable event: EV_search_color
[INFO] [1789489731.555788593] [robot_0.robot_supervisor]: Selected controllable event: EV_approach_object
[INFO] [1789489731.850550080] [robot_0.robot_supervisor]: Selected controllable event: EV_approach_object
[INFO] [1789489732.055808567] [robot_0.robot_supervisor]: Selected controllable event: EV_approach_object
[INFO] [1789489732.353578697] [robot_0.robot_supervisor]: Selected controllable event: EV_approach_color
[INFO] [1789489732.656955146] [robot_0.robot_supervisor]: Selected controllable event: EV_search_color
[INFO] [1789489732.859875319] [robot_0.robot_supervisor]: Selected controllable event: EV_approach_object
[INFO] [1789489733.148348250] [robot_0.robot_supervisor]: Selected controllable event: EV_move_forward
[INFO] [1789489733.349617778] [robot_0.robot_supervisor]: Selected controllable event: EV_move_forward
[INFO] [1789489733.647864746] [robot_0.robot_supervisor]: Selected controllable event: EV_search_object
[INFO] [1789489733.847785683] [robot_0.robot_supervisor]: Selected controllable event: EV_search_color
[INFO] [1789489734.048013017] [robot_0.robot_supervisor]: Selected controllable event: EV_move_forward
[INFO] [1789489734.348073128] [robot_0.robot_supervisor]: Selected controllable event: EV_search_object
[INFO] [1789489734.548116325] [robot_0.robot_supervisor]: Selected controllable event: EV_approach_object
[INFO] [1789489734.848122171] [robot_0.robot_supervisor]: Selected controllable event: EV_approach_object
[INFO] [1789489735.148132538] [robot_0.robot_supervisor]: Selected controllable event: EV_search_object
[INFO] [1789489735.348119894] [robot_0.robot_supervisor]: Selected controllable event: EV_search_color
[INFO] [1789489735.548171394] [robot_0.robot_supervisor]: Selected controllable event: EV_search_object
[INFO] [1789489735.748167106] [robot_0.robot_supervisor]: Selected controllable event: EV_move_forward
[INFO] [1789489736.049249273] [robot_0.robot_supervisor]: Selected controllable event: EV_move_forward
[INFO] [1789489736.262775050] [robot_0.robot_supervisor]: ############################# REACHED: EV_object_reached #############################
[INFO] [1789489736.263358555] [robot_0.robot_supervisor]: Selected controllable event: EV_approach_object
[INFO] [1789489736.563779479] [robot_0.robot_supervisor]: Selected controllable event: EV_move_forward
[INFO] [1789489736.851114886] [robot_0.robot_supervisor]: ############################# REACHED: EV_object_reached #############################
[INFO] [1789489736.853115795] [robot_0.robot_supervisor]: Selected controllable event: EV_approach_object
[INFO] [1789489737.158110593] [robot_0.robot_supervisor]: Triggered uncontrollable event: EV_obstacle_left
[INFO] [1789489737.158583256] [robot_0.robot_supervisor]: ############################# REACHED: EV_object_reached #############################
[INFO] [1789489737.159152825] [robot_0.robot_supervisor]: Selected controllable event: EV_u_turn
[INFO] [1789489737.159741068] [robot_0.robot_supervisor]: Starting FULL ROTATE (omega=1.000, have_odom=True, target_rad=3.142, timeout_s=3.500)
[INFO] [1789489740.348521736] [robot_0.robot_supervisor]: FULL ROTATE completed by odom (accum_rad=3.228)
[INFO] [1789489740.554169679] [robot_0.robot_supervisor]: ############################# REACHED: EV_object_reached #############################
[INFO] [1789489740.560095586] [robot_0.robot_supervisor]: Selected controllable event: EV_search_color
[INFO] [1789489740.753092704] [robot_0.robot_supervisor]: ############################# REACHED: EV_object_reached #############################
[INFO] [1789489740.773438621] [robot_0.robot_supervisor]: Selected controllable event: EV_approach_color
[INFO] [1789489741.055274194] [robot_0.robot_supervisor]: Selected controllable event: EV_search_object
[INFO] [1789489741.265360017] [robot_0.robot_supervisor]: ############################# REACHED: EV_object_reached #############################
[INFO] [1789489741.266003210] [robot_0.robot_supervisor]: Selected controllable event: EV_move_forward
[INFO] [1789489741.569098583] [robot_0.robot_supervisor]: Selected controllable event: EV_move_forward
[INFO] [1789489741.849226621] [robot_0.robot_supervisor]: ############################# REACHED: EV_object_reached #############################
[INFO] [1789489741.852013225] [robot_0.robot_supervisor]: Selected controllable event: EV_search_color
[INFO] [1789489742.051477558] [robot_0.robot_supervisor]: Selected controllable event: EV_move_forward
[INFO] [1789489742.259344605] [robot_0.robot_supervisor]: ############################# REACHED: EV_object_reached #############################
[INFO] [1789489742.259945955] [robot_0.robot_supervisor]: Selected controllable event: EV_approach_color
[INFO] [1789489742.551544433] [robot_0.robot_supervisor]: Selected controllable event: EV_search_object
[INFO] [1789489742.660845631] [robot_0.robot_supervisor]: Selected controllable event: EV_search_object
[INFO] [1789489742.771044103] [robot_0.robot_supervisor]: ############################# REACHED: EV_object_reached #############################
[INFO] [1789489742.771665801] [robot_0.robot_supervisor]: Selected controllable event: EV_search_color
[INFO] [1789489742.960756807] [robot_0.robot_supervisor]: Selected controllable event: EV_search_object
[INFO] [1789489743.151271349] [robot_0.robot_supervisor]: Selected controllable event: EV_search_object
[INFO] [1789489743.348084711] [robot_0.robot_supervisor]: ############################# REACHED: EV_object_reached #############################
[INFO] [1789489743.348802899] [robot_0.robot_supervisor]: Selected controllable event: EV_search_color
[INFO] [1789489743.555427326] [robot_0.robot_supervisor]: Selected controllable event: EV_approach_color
[INFO] [1789489743.849788182] [robot_0.robot_supervisor]: ############################# REACHED: EV_object_reached #############################
[INFO] [1789489743.850384536] [robot_0.robot_supervisor]: Selected controllable event: EV_move_forward
[INFO] [1789489744.149999012] [robot_0.robot_supervisor]: Triggered uncontrollable event: EV_obstacle_left
[INFO] [1789489744.150627918] [robot_0.robot_supervisor]: Selected controllable event: EV_rotate_clockwise
[INFO] [1789489744.354486998] [robot_0.robot_supervisor]: Triggered uncontrollable event: EV_obstacle_left
[INFO] [1789489744.361512259] [robot_0.robot_supervisor]: ############################# REACHED: EV_object_reached #############################
[INFO] [1789489744.369814575] [robot_0.robot_supervisor]: Selected controllable event: EV_u_turn
[INFO] [1789489744.378034164] [robot_0.robot_supervisor]: Starting FULL ROTATE (omega=1.000, have_odom=True, target_rad=3.142, timeout_s=3.500)
[INFO] [1789489747.564939572] [robot_0.robot_supervisor]: FULL ROTATE completed by odom (accum_rad=3.143)
[INFO] [1789489747.867208495] [robot_0.robot_supervisor]: ############################# REACHED: EV_object_reached #############################
[INFO] [1789489747.867964808] [robot_0.robot_supervisor]: Selected controllable event: EV_search_object
[INFO] [1789489748.058554440] [robot_0.robot_supervisor]: ############################# REACHED: EV_object_reached #############################
[INFO] [1789489748.059164293] [robot_0.robot_supervisor]: Selected controllable event: EV_search_color
[INFO] [1789489748.254472956] [robot_0.robot_supervisor]: Selected controllable event: EV_search_object
[INFO] [1789489748.363282823] [robot_0.robot_supervisor]: Selected controllable event: EV_move_forward
[INFO] [1789489748.650883346] [robot_0.robot_supervisor]: ############################# REACHED: EV_object_reached #############################
[INFO] [1789489748.651357017] [robot_0.robot_supervisor]: Selected controllable event: EV_move_forward
[INFO] [1789489748.865930782] [robot_0.robot_supervisor]: ############################# REACHED: EV_object_reached #############################
[INFO] [1789489748.866500820] [robot_0.robot_supervisor]: Selected controllable event: EV_approach_object
[INFO] [1789489749.154003724] [robot_0.robot_supervisor]: Selected controllable event: EV_search_object
[INFO] [1789489749.348891109] [robot_0.robot_supervisor]: ############################# REACHED: EV_object_reached #############################
[INFO] [1789489749.365091169] [robot_0.robot_supervisor]: Selected controllable event: EV_search_object
[INFO] [1789489749.551027918] [robot_0.robot_supervisor]: Selected controllable event: EV_search_object
[INFO] [1789489749.656448228] [robot_0.robot_supervisor]: Selected controllable event: EV_search_color
[INFO] [1789489749.852934953] [robot_0.robot_supervisor]: ############################# REACHED: EV_object_reached #############################
[INFO] [1789489749.858086142] [robot_0.robot_supervisor]: Selected controllable event: EV_search_object
[INFO] [1789489750.064613826] [robot_0.robot_supervisor]: Selected controllable event: EV_search_color
[INFO] [1789489750.259347877] [robot_0.robot_supervisor]: ############################# REACHED: EV_object_reached #############################
[INFO] [1789489750.259945682] [robot_0.robot_supervisor]: Selected controllable event: EV_search_object
[INFO] [1789489750.449240956] [robot_0.robot_supervisor]: Selected controllable event: EV_search_color
[INFO] [1789489750.551206081] [robot_0.robot_supervisor]: Selected controllable event: EV_approach_color
[INFO] [1789489750.849618106] [robot_0.robot_supervisor]: ############################# REACHED: EV_object_reached #############################
[INFO] [1789489750.855383727] [robot_0.robot_supervisor]: Selected controllable event: EV_search_object
[INFO] [1789489751.055952284] [robot_0.robot_supervisor]: Selected controllable event: EV_search_object
[INFO] [1789489751.250136632] [robot_0.robot_supervisor]: ############################# REACHED: EV_object_reached #############################
[INFO] [1789489751.250716118] [robot_0.robot_supervisor]: Selected controllable event: EV_approach_object
[INFO] [1789489751.554395095] [robot_0.robot_supervisor]: ############################# REACHED: EV_object_reached #############################
[INFO] [1789489751.555572652] [robot_0.robot_supervisor]: Selected controllable event: EV_approach_object
[INFO] [1789489751.855404017] [robot_0.robot_supervisor]: Selected controllable event: EV_search_object
[INFO] [1789489752.057680137] [robot_0.robot_supervisor]: ############################# REACHED: EV_object_reached #############################
[INFO] [1789489752.058211370] [robot_0.robot_supervisor]: Selected controllable event: EV_move_forward
[INFO] [1789489752.261069689] [robot_0.robot_supervisor]: Selected controllable event: EV_search_object
[INFO] [1789489752.448041768] [robot_0.robot_supervisor]: ############################# REACHED: EV_object_reached #############################
[INFO] [1789489752.454053890] [robot_0.robot_supervisor]: Selected controllable event: EV_search_object
[INFO] [1789489752.651421680] [robot_0.robot_supervisor]: Selected controllable event: EV_approach_object
[INFO] [1789489752.951428421] [robot_0.robot_supervisor]: ############################# REACHED: EV_object_reached #############################
[INFO] [1789489752.952104776] [robot_0.robot_supervisor]: Selected controllable event: EV_search_object
[INFO] [1789489753.061016304] [robot_0.robot_supervisor]: Selected controllable event: EV_approach_object
[INFO] [1789489753.357819803] [robot_0.robot_supervisor]: Triggered uncontrollable event: EV_obstacle_left
[INFO] [1789489753.362688427] [robot_0.robot_supervisor]: ############################# REACHED: EV_object_reached #############################
[INFO] [1789489753.369551801] [robot_0.robot_supervisor]: Selected controllable event: EV_rotate_clockwise
[INFO] [1789489753.548558350] [robot_0.robot_supervisor]: Triggered uncontrollable event: EV_obstacle_left
[INFO] [1789489753.549185200] [robot_0.robot_supervisor]: Selected controllable event: EV_rotate_clockwise
[INFO] [1789489753.658302536] [robot_0.robot_supervisor]: ############################# REACHED: EV_object_reached #############################
[INFO] [1789489753.658901315] [robot_0.robot_supervisor]: Selected controllable event: EV_search_color
[INFO] [1789489753.848785381] [robot_0.robot_supervisor]: Selected controllable event: EV_approach_color
[INFO] [1789489754.054882806] [robot_0.robot_supervisor]: Selected controllable event: EV_search_color
[INFO] [1789489754.156024795] [robot_0.robot_supervisor]: ############################# REACHED: EV_object_reached #############################
[INFO] [1789489754.156652170] [robot_0.robot_supervisor]: Selected controllable event: EV_search_color
[INFO] [1789489754.353195351] [robot_0.robot_supervisor]: Selected controllable event: EV_approach_object
[INFO] [1789489754.655287195] [robot_0.robot_supervisor]: ############################# REACHED: EV_object_reached #############################
[INFO] [1789489754.655875480] [robot_0.robot_supervisor]: Selected controllable event: EV_approach_color
[INFO] [1789489754.962186818] [robot_0.robot_supervisor]: Selected controllable event: EV_approach_object
[INFO] [1789489755.249105425] [robot_0.robot_supervisor]: ############################# REACHED: EV_object_reached #############################
[INFO] [1789489755.255381366] [robot_0.robot_supervisor]: Selected controllable event: EV_search_color
[INFO] [1789489755.360350078] [robot_0.robot_supervisor]: Selected controllable event: EV_move_forward
[INFO] [1789489755.659183348] [robot_0.robot_supervisor]: ############################# REACHED: EV_object_reached #############################
[INFO] [1789489755.659755898] [robot_0.robot_supervisor]: Selected controllable event: EV_search_object
[INFO] [1789489755.857363759] [robot_0.robot_supervisor]: Selected controllable event: EV_move_forward
[INFO] [1789489756.065175406] [robot_0.robot_supervisor]: ############################# REACHED: EV_object_reached #############################
[INFO] [1789489756.070572851] [robot_0.robot_supervisor]: Selected controllable event: EV_search_color
[INFO] [1789489756.257252978] [robot_0.robot_supervisor]: Selected controllable event: EV_approach_object
[INFO] [1789489756.550364733] [robot_0.robot_supervisor]: ############################# REACHED: EV_object_reached #############################
[INFO] [1789489756.552447080] [robot_0.robot_supervisor]: Selected controllable event: EV_search_object
[INFO] [1789489756.749742534] [robot_0.robot_supervisor]: Selected controllable event: EV_search_object
[INFO] [1789489756.855496504] [robot_0.robot_supervisor]: ############################# REACHED: EV_object_reached #############################
[INFO] [1789489756.857179063] [robot_0.robot_supervisor]: Selected controllable event: EV_approach_color
[INFO] [1789489757.157032196] [robot_0.robot_supervisor]: Selected controllable event: EV_move_forward
[INFO] [1789489757.361700142] [robot_0.robot_supervisor]: ############################# REACHED: EV_object_reached #############################
[INFO] [1789489757.362300862] [robot_0.robot_supervisor]: Selected controllable event: EV_approach_color
[INFO] [1789489757.647772153] [robot_0.robot_supervisor]: ############################# REACHED: EV_object_reached #############################
[INFO] [1789489757.669538332] [robot_0.robot_supervisor]: Selected controllable event: EV_search_color
[INFO] [1789489757.854452313] [robot_0.robot_supervisor]: Selected controllable event: EV_search_object
[INFO] [1789489758.055454051] [robot_0.robot_supervisor]: Selected controllable event: EV_move_forward
[INFO] [1789489758.356149025] [robot_0.robot_supervisor]: ############################# REACHED: EV_object_reached #############################
[INFO] [1789489758.356752959] [robot_0.robot_supervisor]: Selected controllable event: EV_search_color
[INFO] [1789489758.467557470] [robot_0.robot_supervisor]: Selected controllable event: EV_approach_color
[INFO] [1789489758.647952035] [robot_0.robot_supervisor]: CONTACT RECOVERY activated (source=generic_delivery_box_2::link::collision, duration_s=1.00)
[INFO] [1789489759.652341014] [robot_0.robot_supervisor]: ############################# REACHED: EV_object_reached #############################
[INFO] [1789489759.662494160] [robot_0.robot_supervisor]: Selected controllable event: EV_search_object
[INFO] [1789489759.863464772] [robot_0.robot_supervisor]: Selected controllable event: EV_search_object
[INFO] [1789489760.050630697] [robot_0.robot_supervisor]: Triggered uncontrollable event: EV_obstacle_left
[INFO] [1789489760.051120545] [robot_0.robot_supervisor]: ############################# REACHED: EV_object_reached #############################
[INFO] [1789489760.051612074] [robot_0.robot_supervisor]: Selected controllable event: EV_u_turn
[INFO] [1789489760.052066036] [robot_0.robot_supervisor]: Starting FULL ROTATE (omega=1.000, have_odom=True, target_rad=3.142, timeout_s=3.500)
[INFO] [1789489762.849339074] [robot_0.robot_supervisor]: FULL ROTATE completed by odom (accum_rad=3.250)
[INFO] [1789489763.056747404] [robot_0.robot_supervisor]: Triggered uncontrollable event: EV_obstacle_left
[INFO] [1789489763.058954007] [robot_0.robot_supervisor]: ############################# REACHED: EV_object_reached #############################
[INFO] [1789489763.061589022] [robot_0.robot_supervisor]: Selected controllable event: EV_u_turn
[INFO] [1789489763.154449568] [robot_0.robot_supervisor]: Triggered uncontrollable event: EV_obstacle_left
[INFO] [1789489763.155049641] [robot_0.robot_supervisor]: Selected controllable event: EV_rotate_clockwise
[WARN] [1789489763.155710548] [robot_0.robot_supervisor]: no translation for 5.5s livelock detected; starting atomic escape (turn_sign=-1)
[INFO] [1789489763.622556032] [robot_0.robot_supervisor]: CONTACT RECOVERY activated (source=generic_delivery_box_2::link::collision, duration_s=1.00)
[INFO] [1789489764.633356224] [robot_0.robot_supervisor]: CONTACT RECOVERY activated (source=generic_delivery_box_2::link::collision, duration_s=1.00)
[INFO] [1789489765.643634187] [robot_0.robot_supervisor]: CONTACT RECOVERY activated (source=generic_delivery_box_2::link::collision, duration_s=1.00)
[INFO] [1789489767.138891486] [robot_0.robot_supervisor]: CONTACT RECOVERY activated (source=generic_delivery_box_2::link::collision, duration_s=1.00)
[INFO] [1789489768.470713835] [robot_0.robot_supervisor]: Zone-livelock escape completed
[INFO] [1789489768.787525483] [robot_0.robot_supervisor]: Triggered uncontrollable event: EV_obstacle_left
[INFO] [1789489768.800526776] [robot_0.robot_supervisor]: ############################# REACHED: EV_object_reached #############################
[INFO] [1789489768.811517400] [robot_0.robot_supervisor]: Selected controllable event: EV_u_turn
[INFO] [1789489768.822941282] [robot_0.robot_supervisor]: Starting FULL ROTATE (omega=1.000, have_odom=True, target_rad=3.142, timeout_s=3.500)
[INFO] [1789489772.355644482] [robot_0.robot_supervisor]: FULL ROTATE completed by timeout
[INFO] [1789489772.584340478] [robot_0.robot_supervisor]: Triggered uncontrollable event: EV_obstacle_right
[INFO] [1789489772.598544120] [robot_0.robot_supervisor]: ############################# REACHED: EV_object_reached #############################
[INFO] [1789489772.604964182] [robot_0.robot_supervisor]: Selected controllable event: EV_u_turn
[INFO] [1789489772.662603846] [robot_0.robot_supervisor]: Triggered uncontrollable event: EV_obstacle_right
[INFO] [1789489772.681797961] [robot_0.robot_supervisor]: Selected controllable event: EV_u_turn
[INFO] [1789489772.777409597] [robot_0.robot_supervisor]: Triggered uncontrollable event: EV_obstacle_right
[INFO] [1789489772.786190429] [robot_0.robot_supervisor]: Selected controllable event: EV_rotate_counterclockwise
[INFO] [1789489772.970737616] [robot_0.robot_supervisor]: Triggered uncontrollable event: EV_obstacle_right
[INFO] [1789489772.975441798] [robot_0.robot_supervisor]: Selected controllable event: EV_u_turn
[INFO] [1789489773.084603685] [robot_0.robot_supervisor]: Triggered uncontrollable event: EV_obstacle_right
[INFO] [1789489773.085661697] [robot_0.robot_supervisor]: Selected controllable event: EV_u_turn
[INFO] [1789489773.156922129] [robot_0.robot_supervisor]: Selected controllable event: EV_approach_object
[INFO] [1789489773.472722025] [robot_0.robot_supervisor]: ############################# REACHED: EV_object_reached #############################
[INFO] [1789489773.473790687] [robot_0.robot_supervisor]: Selected controllable event: EV_move_forward
[INFO] [1789489773.749300393] [robot_0.robot_supervisor]: Selected controllable event: EV_search_color
[INFO] [1789489773.884703905] [robot_0.robot_supervisor]: Selected controllable event: EV_search_color
[INFO] [1789489774.093292944] [robot_0.robot_supervisor]: Selected controllable event: EV_approach_color
[INFO] [1789489774.366204411] [robot_0.robot_supervisor]: ############################# REACHED: EV_object_reached #############################
[INFO] [1789489774.376826146] [robot_0.robot_supervisor]: Selected controllable event: EV_approach_color
[INFO] [1789489774.666673791] [robot_0.robot_supervisor]: Selected controllable event: EV_approach_color
[INFO] [1789489774.982522992] [robot_0.robot_supervisor]: Selected controllable event: EV_search_color
[INFO] [1789489775.188290215] [robot_0.robot_supervisor]: ############################# REACHED: EV_object_reached #############################
[INFO] [1789489775.190078013] [robot_0.robot_supervisor]: Selected controllable event: EV_approach_object
[INFO] [1789489775.490276246] [robot_0.robot_supervisor]: Selected controllable event: EV_approach_object
[INFO] [1789489775.780388823] [robot_0.robot_supervisor]: Selected controllable event: EV_approach_color
[INFO] [1789489775.984900383] [robot_0.robot_supervisor]: Selected controllable event: EV_approach_object
[INFO] [1789489776.280009985] [robot_0.robot_supervisor]: ############################# REACHED: EV_object_reached #############################
[INFO] [1789489776.283281604] [robot_0.robot_supervisor]: Selected controllable event: EV_search_object
[INFO] [1789489776.477402254] [robot_0.robot_supervisor]: Selected controllable event: EV_search_color
[INFO] [1789489776.680799067] [robot_0.robot_supervisor]: Selected controllable event: EV_approach_color
[INFO] [1789489776.965070310] [robot_0.robot_supervisor]: Selected controllable event: EV_search_object
[INFO] [1789489777.178252798] [robot_0.robot_supervisor]: Selected controllable event: EV_approach_color
[INFO] [1789489777.461662535] [robot_0.robot_supervisor]: ############################# REACHED: EV_object_reached #############################
[INFO] [1789489777.471764375] [robot_0.robot_supervisor]: Selected controllable event: EV_move_forward
[INFO] [1789489777.773738787] [robot_0.robot_supervisor]: Selected controllable event: EV_approach_color
[INFO] [1789489778.078104299] [robot_0.robot_supervisor]: Selected controllable event: EV_search_color
[INFO] [1789489778.256756377] [robot_0.robot_supervisor]: ############################# REACHED: EV_object_reached #############################
[INFO] [1789489778.268344308] [robot_0.robot_supervisor]: Selected controllable event: EV_search_color
[INFO] [1789489778.464501383] [robot_0.robot_supervisor]: Selected controllable event: EV_move_forward
[INFO] [1789489778.757229240] [robot_0.robot_supervisor]: Selected controllable event: EV_search_object
[INFO] [1789489778.869939208] [robot_0.robot_supervisor]: Selected controllable event: EV_approach_color
[INFO] [1789489779.177619570] [robot_0.robot_supervisor]: ############################# REACHED: EV_object_reached #############################
[INFO] [1789489779.185634190] [robot_0.robot_supervisor]: Selected controllable event: EV_approach_color
[INFO] [1789489779.471913693] [robot_0.robot_supervisor]: Selected controllable event: EV_approach_object
[INFO] [1789489779.775637071] [robot_0.robot_supervisor]: Selected controllable event: EV_search_color
[INFO] [1789489779.972845242] [robot_0.robot_supervisor]: ############################# REACHED: EV_object_reached #############################
[INFO] [1789489779.980404101] [robot_0.robot_supervisor]: Selected controllable event: EV_search_object
[INFO] [1789489780.164640304] [robot_0.robot_supervisor]: Selected controllable event: EV_approach_color
[INFO] [1789489780.469785659] [robot_0.robot_supervisor]: Selected controllable event: EV_move_forward
[INFO] [1789489780.685781808] [robot_0.robot_supervisor]: Selected controllable event: EV_search_object
[INFO] [1789489780.860447951] [robot_0.robot_supervisor]: ############################# REACHED: EV_object_reached #############################
[INFO] [1789489780.861387084] [robot_0.robot_supervisor]: Selected controllable event: EV_approach_object
[INFO] [1789489781.180765293] [robot_0.robot_supervisor]: Selected controllable event: EV_approach_object
[INFO] [1789489781.474437404] [robot_0.robot_supervisor]: Selected controllable event: EV_move_forward
[INFO] [1789489781.769969111] [robot_0.robot_supervisor]: ############################# REACHED: EV_object_reached #############################
[INFO] [1789489781.770953147] [robot_0.robot_supervisor]: Selected controllable event: EV_search_object
[INFO] [1789489781.977641785] [robot_0.robot_supervisor]: Selected controllable event: EV_approach_object
[INFO] [1789489782.263083117] [robot_0.robot_supervisor]: Selected controllable event: EV_approach_color
[INFO] [1789489782.584439374] [robot_0.robot_supervisor]: ############################# REACHED: EV_object_reached #############################
[INFO] [1789489782.585436011] [robot_0.robot_supervisor]: Selected controllable event: EV_search_color
[INFO] [1789489782.772061703] [robot_0.robot_supervisor]: Selected controllable event: EV_approach_color
[INFO] [1789489783.055526260] [robot_0.robot_supervisor]: Selected controllable event: EV_approach_color
[INFO] [1789489783.388168275] [robot_0.robot_supervisor]: Selected controllable event: EV_approach_object
[INFO] [1789489783.666009647] [robot_0.robot_supervisor]: ############################# REACHED: EV_object_reached #############################
[INFO] [1789489783.667171237] [robot_0.robot_supervisor]: Selected controllable event: EV_search_object
[INFO] [1789489783.796983166] [robot_0.robot_supervisor]: Selected controllable event: EV_move_forward
[INFO] [1789489784.066278165] [robot_0.robot_supervisor]: Selected controllable event: EV_search_color
[INFO] [1789489784.263070798] [robot_0.robot_supervisor]: ############################# REACHED: EV_object_reached #############################
[INFO] [1789489784.263920716] [robot_0.robot_supervisor]: Selected controllable event: EV_search_object
[INFO] [1789489784.376187841] [robot_0.robot_supervisor]: Selected controllable event: EV_approach_color
[INFO] [1789489784.666942719] [robot_0.robot_supervisor]: Selected controllable event: EV_approach_object
[INFO] [1789489784.962939332] [robot_0.robot_supervisor]: ############################# REACHED: EV_object_reached #############################
[INFO] [1789489784.963785858] [robot_0.robot_supervisor]: Selected controllable event: EV_search_object
[INFO] [1789489785.152716487] [robot_0.robot_supervisor]: Selected controllable event: EV_move_forward
[INFO] [1789489785.365692183] [robot_0.robot_supervisor]: Selected controllable event: EV_search_object
[INFO] [1789489785.551710826] [robot_0.robot_supervisor]: Selected controllable event: EV_search_object
[INFO] [1789489785.670095964] [robot_0.robot_supervisor]: Selected controllable event: EV_approach_object
[INFO] [1789489785.953245661] [robot_0.robot_supervisor]: ############################# REACHED: EV_object_reached #############################
[INFO] [1789489785.958609387] [robot_0.robot_supervisor]: Selected controllable event: EV_approach_object
[INFO] [1789489786.250819105] [robot_0.robot_supervisor]: Selected controllable event: EV_approach_color
[INFO] [1789489786.495615610] [robot_0.robot_supervisor]: Selected controllable event: EV_search_color
[INFO] [1789489786.659535361] [robot_0.robot_supervisor]: ############################# REACHED: EV_object_reached #############################
[INFO] [1789489786.668309386] [robot_0.robot_supervisor]: Selected controllable event: EV_move_forward
[INFO] [1789489786.966459396] [robot_0.robot_supervisor]: Selected controllable event: EV_approach_color
[INFO] [1789489787.266126650] [robot_0.robot_supervisor]: Selected controllable event: EV_search_color
[INFO] [1789489787.463759637] [robot_0.robot_supervisor]: Selected controllable event: EV_approach_object
[INFO] [1789489787.768490473] [robot_0.robot_supervisor]: ############################# REACHED: EV_object_reached #############################
[INFO] [1789489787.775096810] [robot_0.robot_supervisor]: Selected controllable event: EV_move_forward
[INFO] [1789489788.064387159] [robot_0.robot_supervisor]: Selected controllable event: EV_search_color
[INFO] [1789489788.256980165] [robot_0.robot_supervisor]: Selected controllable event: EV_search_color
[INFO] [1789489788.383552096] [robot_0.robot_supervisor]: ############################# VISIBLE: EV_object_visible #############################
[INFO] [1789489788.393813302] [robot_0.robot_supervisor]: Selected controllable event: EV_search_object
[INFO] [1789489788.566547706] [robot_0.robot_supervisor]: Selected controllable event: EV_approach_color
[INFO] [1789489788.866450111] [robot_0.robot_supervisor]: Selected controllable event: EV_move_forward
[INFO] [1789489789.154236688] [robot_0.robot_supervisor]: Selected controllable event: EV_approach_color
[INFO] [1789489789.384088009] [robot_0.robot_supervisor]: Triggered uncontrollable event: EV_obstacle_front
[INFO] [1789489789.392106884] [robot_0.robot_supervisor]: ############################# VISIBLE: EV_object_visible #############################
[INFO] [1789489789.393231998] [robot_0.robot_supervisor]: Selected controllable event: EV_rotate_clockwise
[INFO] [1789489789.578545653] [robot_0.robot_supervisor]: Triggered uncontrollable event: EV_obstacle_front
[INFO] [1789489789.585099242] [robot_0.robot_supervisor]: Selected controllable event: EV_move_backward
[INFO] [1789489789.874599723] [robot_0.robot_supervisor]: Triggered uncontrollable event: EV_obstacle_front
[INFO] [1789489789.881116735] [robot_0.robot_supervisor]: Selected controllable event: EV_rotate_counterclockwise
[INFO] [1789489790.096354498] [robot_0.robot_supervisor]: Triggered uncontrollable event: EV_obstacle_front
[INFO] [1789489790.103195973] [robot_0.robot_supervisor]: Selected controllable event: EV_u_turn
[INFO] [1789489790.115780842] [robot_0.robot_supervisor]: Starting FULL ROTATE (omega=1.000, have_odom=True, target_rad=3.142, timeout_s=3.500)
[INFO] [1789489793.660248495] [robot_0.robot_supervisor]: FULL ROTATE completed by timeout
[INFO] [1789489793.867240395] [robot_0.robot_supervisor]: ############################# VISIBLE: EV_object_visible #############################
[INFO] [1789489793.891968098] [robot_0.robot_supervisor]: Selected controllable event: EV_move_forward
[INFO] [1789489794.166279282] [robot_0.robot_supervisor]: Selected controllable event: EV_approach_object
[INFO] [1789489794.381894016] [robot_0.robot_supervisor]: Selected controllable event: EV_move_forward
[INFO] [1789489794.670846294] [robot_0.robot_supervisor]: ############################# VISIBLE: EV_object_visible #############################
[INFO] [1789489794.682159937] [robot_0.robot_supervisor]: Selected controllable event: EV_move_forward
[INFO] [1789489794.954000833] [robot_0.robot_supervisor]: Selected controllable event: EV_approach_object
[INFO] [1789489795.280499973] [robot_0.robot_supervisor]: Selected controllable event: EV_search_color
[INFO] [1789489795.476934224] [robot_0.robot_supervisor]: Triggered uncontrollable event: EV_obstacle_front
[INFO] [1789489795.477865054] [robot_0.robot_supervisor]: ############################# REACHED: EV_object_reached #############################
[INFO] [1789489795.478801143] [robot_0.robot_supervisor]: Selected controllable event: EV_move_backward
[INFO] [1789489795.770798716] [robot_0.robot_supervisor]: Triggered uncontrollable event: EV_obstacle_front
[INFO] [1789489795.771970052] [robot_0.robot_supervisor]: Selected controllable event: EV_rotate_counterclockwise
[INFO] [1789489795.979150478] [robot_0.robot_supervisor]: Triggered uncontrollable event: EV_obstacle_front
[INFO] [1789489795.980210540] [robot_0.robot_supervisor]: Selected controllable event: EV_rotate_counterclockwise
[INFO] [1789489796.167926817] [robot_0.robot_supervisor]: Triggered uncontrollable event: EV_obstacle_front
[INFO] [1789489796.168942157] [robot_0.robot_supervisor]: Selected controllable event: EV_rotate_clockwise
[INFO] [1789489796.361354565] [robot_0.robot_supervisor]: Triggered uncontrollable event: EV_obstacle_front
[INFO] [1789489796.375892783] [robot_0.robot_supervisor]: Selected controllable event: EV_rotate_clockwise
[INFO] [1789489796.561540775] [robot_0.robot_supervisor]: Triggered uncontrollable event: EV_obstacle_front
[INFO] [1789489796.583700991] [robot_0.robot_supervisor]: ############################# REACHED: EV_object_reached #############################
[INFO] [1789489796.591354296] [robot_0.robot_supervisor]: Selected controllable event: EV_rotate_counterclockwise
[INFO] [1789489796.767481719] [robot_0.robot_supervisor]: Triggered uncontrollable event: EV_obstacle_front
[INFO] [1789489796.790051466] [robot_0.robot_supervisor]: Selected controllable event: EV_rotate_counterclockwise
[INFO] [1789489796.972321819] [robot_0.robot_supervisor]: Triggered uncontrollable event: EV_obstacle_front
[INFO] [1789489796.973376294] [robot_0.robot_supervisor]: Selected controllable event: EV_rotate_clockwise
[INFO] [1789489797.150116277] [robot_0.robot_supervisor]: Triggered uncontrollable event: EV_obstacle_front
[INFO] [1789489797.170895213] [robot_0.robot_supervisor]: Selected controllable event: EV_move_backward
[INFO] [1789489797.451746907] [robot_0.robot_supervisor]: Triggered uncontrollable event: EV_obstacle_right
[INFO] [1789489797.452473820] [robot_0.robot_supervisor]: ############################# REACHED: EV_object_reached #############################
[INFO] [1789489797.471342907] [robot_0.robot_supervisor]: Selected controllable event: EV_rotate_counterclockwise
[WARN] [1789489797.472226575] [robot_0.robot_supervisor]: alternating turn command (displacement_m=0.024) livelock detected; starting atomic escape (turn_sign=+1)
[INFO] [1789489800.065134773] [robot_0.robot_supervisor]: Zone-livelock escape completed
[INFO] [1789489800.284709067] [robot_0.robot_supervisor]: ############################# VISIBLE: EV_object_visible #############################
[INFO] [1789489800.285849470] [robot_0.robot_supervisor]: Selected controllable event: EV_move_forward
[INFO] [1789489800.576065877] [robot_0.robot_supervisor]: Selected controllable event: EV_approach_color
[INFO] [1789489800.894829427] [robot_0.robot_supervisor]: Selected controllable event: EV_approach_object
[INFO] [1789489801.172148513] [robot_0.robot_supervisor]: ############################# VISIBLE: EV_object_visible #############################
[INFO] [1789489801.185442915] [robot_0.robot_supervisor]: Selected controllable event: EV_move_forward
[INFO] [1789489801.460748975] [robot_0.robot_supervisor]: Selected controllable event: EV_search_color
[INFO] [1789489801.565773853] [robot_0.robot_supervisor]: Selected controllable event: EV_approach_object
[INFO] [1789489801.850030903] [robot_0.robot_supervisor]: ############################# VISIBLE: EV_object_visible #############################
[INFO] [1789489801.869147530] [robot_0.robot_supervisor]: Selected controllable event: EV_search_object
[INFO] [1789489802.064788676] [robot_0.robot_supervisor]: Selected controllable event: EV_search_object
[INFO] [1789489802.174728380] [robot_0.robot_supervisor]: Selected controllable event: EV_approach_object
[INFO] [1789489802.465968251] [robot_0.robot_supervisor]: Selected controllable event: EV_move_forward
[INFO] [1789489802.766996804] [robot_0.robot_supervisor]: Selected controllable event: EV_search_color
[INFO] [1789489802.881579393] [robot_0.robot_supervisor]: ############################# VISIBLE: EV_object_visible #############################
[INFO] [1789489802.882687047] [robot_0.robot_supervisor]: Selected controllable event: EV_search_color
[INFO] [1789489803.085457110] [robot_0.robot_supervisor]: Selected controllable event: EV_approach_color
[INFO] [1789489803.368711278] [robot_0.robot_supervisor]: Selected controllable event: EV_search_color
[INFO] [1789489803.483580283] [robot_0.robot_supervisor]: Selected controllable event: EV_search_object
[INFO] [1789489803.686798232] [robot_0.robot_supervisor]: Selected controllable event: EV_search_color
[INFO] [1789489803.860911889] [robot_0.robot_supervisor]: ############################# VISIBLE: EV_object_visible #############################
[INFO] [1789489803.876311527] [robot_0.robot_supervisor]: Selected controllable event: EV_approach_object
[INFO] [1789489804.178627330] [robot_0.robot_supervisor]: Selected controllable event: EV_search_object
[INFO] [1789489804.350975773] [robot_0.robot_supervisor]: Selected controllable event: EV_search_color
[INFO] [1789489804.477656799] [robot_0.robot_supervisor]: Selected controllable event: EV_approach_color
[INFO] [1789489804.752799216] [robot_0.robot_supervisor]: ############################# VISIBLE: EV_object_visible #############################
[INFO] [1789489804.753719561] [robot_0.robot_supervisor]: Selected controllable event: EV_approach_color
[INFO] [1789489805.082251234] [robot_0.robot_supervisor]: Selected controllable event: EV_search_object
[INFO] [1789489805.259453906] [robot_0.robot_supervisor]: Selected controllable event: EV_move_forward
[INFO] [1789489805.466057678] [robot_0.robot_supervisor]: ############################# VISIBLE: EV_object_visible #############################
[INFO] [1789489805.470229921] [robot_0.robot_supervisor]: Selected controllable event: EV_approach_color
[INFO] [1789489805.756326900] [robot_0.robot_supervisor]: Selected controllable event: EV_search_object
[INFO] [1789489805.963704477] [robot_0.robot_supervisor]: Selected controllable event: EV_move_forward
[INFO] [1789489806.248246329] [robot_0.robot_supervisor]: ############################# VISIBLE: EV_object_visible #############################
[INFO] [1789489806.249103562] [robot_0.robot_supervisor]: Selected controllable event: EV_move_forward
[INFO] [1789489806.473556769] [robot_0.robot_supervisor]: Selected controllable event: EV_move_forward
[INFO] [1789489806.756806191] [robot_0.robot_supervisor]: Selected controllable event: EV_search_color
[INFO] [1789489806.961705843] [robot_0.robot_supervisor]: ############################# VISIBLE: EV_object_visible #############################
[INFO] [1789489806.963870784] [robot_0.robot_supervisor]: Selected controllable event: EV_approach_color
[INFO] [1789489807.257546597] [robot_0.robot_supervisor]: Selected controllable event: EV_search_object
[INFO] [1789489807.456362058] [robot_0.robot_supervisor]: Selected controllable event: EV_search_object
[INFO] [1789489807.666068100] [robot_0.robot_supervisor]: Triggered uncontrollable event: EV_object_not_visible
[INFO] [1789489807.697200350] [robot_0.robot_supervisor]: Selected controllable event: EV_approach_color
[INFO] [1789489807.987515292] [robot_0.robot_supervisor]: Selected controllable event: EV_approach_color
[INFO] [1789489808.269616034] [robot_0.robot_supervisor]: Selected controllable event: EV_search_object
[INFO] [1789489808.451068158] [robot_0.robot_supervisor]: Triggered uncontrollable event: EV_object_not_visible
[INFO] [1789489808.451963881] [robot_0.robot_supervisor]: Selected controllable event: EV_search_color
[INFO] [1789489808.553629050] [robot_0.robot_supervisor]: Selected controllable event: EV_search_color
[INFO] [1789489808.759616483] [robot_0.robot_supervisor]: Selected controllable event: EV_search_object
[INFO] [1789489808.950585670] [robot_0.robot_supervisor]: Selected controllable event: EV_approach_object
[INFO] [1789489809.187645752] [robot_0.robot_supervisor]: Selected controllable event: EV_move_forward
[INFO] [1789489809.459771245] [robot_0.robot_supervisor]: Triggered uncontrollable event: EV_object_not_visible
[INFO] [1789489809.466738090] [robot_0.robot_supervisor]: Selected controllable event: EV_approach_object
[INFO] [1789489809.768618032] [robot_0.robot_supervisor]: Selected controllable event: EV_move_forward
[INFO] [1789489810.062356447] [robot_0.robot_supervisor]: Triggered uncontrollable event: EV_object_not_visible
[INFO] [1789489810.063336634] [robot_0.robot_supervisor]: Selected controllable event: EV_search_color
[INFO] [1789489810.168333009] [robot_0.robot_supervisor]: Selected controllable event: EV_approach_object
[INFO] [1789489810.451098630] [robot_0.robot_supervisor]: Selected controllable event: EV_approach_object
[INFO] [1789489810.659676163] [robot_0.robot_supervisor]: Selected controllable event: EV_move_forward
[INFO] [1789489810.889131225] [robot_0.robot_supervisor]: Triggered uncontrollable event: EV_object_not_visible
[INFO] [1789489810.895524719] [robot_0.robot_supervisor]: Selected controllable event: EV_move_forward
[INFO] [1789489811.165795783] [robot_0.robot_supervisor]: Selected controllable event: EV_approach_color
[INFO] [1789489811.464174050] [robot_0.robot_supervisor]: Selected controllable event: EV_search_color
[INFO] [1789489811.659794404] [robot_0.robot_supervisor]: Triggered uncontrollable event: EV_object_not_visible
[INFO] [1789489811.676759306] [robot_0.robot_supervisor]: Selected controllable event: EV_move_forward
[INFO] [1789489811.968951011] [robot_0.robot_supervisor]: Selected controllable event: EV_approach_object
[INFO] [1789489812.278109968] [robot_0.robot_supervisor]: Selected controllable event: EV_approach_color
[INFO] [1789489812.492339506] [robot_0.robot_supervisor]: Selected controllable event: EV_search_object
[INFO] [1789489812.673432593] [robot_0.robot_supervisor]: Triggered uncontrollable event: EV_object_not_visible
[INFO] [1789489812.674351608] [robot_0.robot_supervisor]: Selected controllable event: EV_search_color
[INFO] [1789489812.785941655] [robot_0.robot_supervisor]: Selected controllable event: EV_search_object
[INFO] [1789489812.987111901] [robot_0.robot_supervisor]: Selected controllable event: EV_move_forward
[INFO] [1789489813.277984471] [robot_0.robot_supervisor]: Selected controllable event: EV_approach_object
[INFO] [1789489813.491437040] [robot_0.robot_supervisor]: Triggered uncontrollable event: EV_object_not_visible
[INFO] [1789489813.492473870] [robot_0.robot_supervisor]: Selected controllable event: EV_search_object
[INFO] [1789489813.661778883] [robot_0.robot_supervisor]: Selected controllable event: EV_search_object
[INFO] [1789489813.872823038] [robot_0.robot_supervisor]: Selected controllable event: EV_approach_color
[INFO] [1789489814.196149425] [robot_0.robot_supervisor]: Triggered uncontrollable event: EV_object_not_visible
[INFO] [1789489814.197167436] [robot_0.robot_supervisor]: Selected controllable event: EV_approach_color
[INFO] [1789489814.460049537] [robot_0.robot_supervisor]: Selected controllable event: EV_search_object
[INFO] [1789489814.665131640] [robot_0.robot_supervisor]: Selected controllable event: EV_move_forward
[INFO] [1789489814.886214132] [robot_0.robot_supervisor]: Selected controllable event: EV_move_forward
[INFO] [1789489815.175682482] [robot_0.robot_supervisor]: Triggered uncontrollable event: EV_obstacle_right
[INFO] [1789489815.176583963] [robot_0.robot_supervisor]: Triggered uncontrollable event: EV_object_not_visible
[INFO] [1789489815.193732112] [robot_0.robot_supervisor]: Selected controllable event: EV_u_turn
[INFO] [1789489815.200943460] [robot_0.robot_supervisor]: Starting FULL ROTATE (omega=1.000, have_odom=True, target_rad=3.142, timeout_s=3.500)
[INFO] [1789489818.763773481] [robot_0.robot_supervisor]: FULL ROTATE completed by timeout
[INFO] [1789489819.059237123] [robot_0.robot_supervisor]: ############################# VISIBLE: EV_object_visible #############################
[INFO] [1789489819.060958560] [robot_0.robot_supervisor]: Selected controllable event: EV_approach_object
[INFO] [1789489819.366927027] [robot_0.robot_supervisor]: Selected controllable event: EV_move_forward
[INFO] [1789489819.568438279] [robot_0.robot_supervisor]: ############################# VISIBLE: EV_object_visible #############################
[INFO] [1789489819.583959042] [robot_0.robot_supervisor]: Selected controllable event: EV_approach_object
[INFO] [1789489819.867932339] [robot_0.robot_supervisor]: Selected controllable event: EV_move_forward
[INFO] [1789489820.172133233] [robot_0.robot_supervisor]: Selected controllable event: EV_approach_color
[INFO] [1789489820.468263958] [robot_0.robot_supervisor]: ############################# VISIBLE: EV_object_visible #############################
[INFO] [1789489820.469378020] [robot_0.robot_supervisor]: Selected controllable event: EV_search_color
[INFO] [1789489820.676007753] [robot_0.robot_supervisor]: Selected controllable event: EV_move_forward
[INFO] [1789489820.964923547] [robot_0.robot_supervisor]: Selected controllable event: EV_search_object
[INFO] [1789489821.178387980] [robot_0.robot_supervisor]: Selected controllable event: EV_move_forward
[INFO] [1789489821.462783489] [robot_0.robot_supervisor]: ############################# VISIBLE: EV_object_visible #############################
[INFO] [1789489821.465384941] [robot_0.robot_supervisor]: Selected controllable event: EV_search_object
[INFO] [1789489821.656195703] [robot_0.robot_supervisor]: Selected controllable event: EV_search_object
[INFO] [1789489821.859497891] [robot_0.robot_supervisor]: Selected controllable event: EV_search_object
[INFO] [1789489822.083248805] [robot_0.robot_supervisor]: Selected controllable event: EV_approach_color
[INFO] [1789489822.379342403] [robot_0.robot_supervisor]: ############################# VISIBLE: EV_object_visible #############################
[INFO] [1789489822.380380130] [robot_0.robot_supervisor]: Selected controllable event: EV_search_color
[INFO] [1789489822.579440980] [robot_0.robot_supervisor]: Selected controllable event: EV_approach_color
[INFO] [1789489822.858692064] [robot_0.robot_supervisor]: Selected controllable event: EV_search_object
[INFO] [1789489823.050297995] [robot_0.robot_supervisor]: Selected controllable event: EV_approach_object
[INFO] [1789489823.362621212] [robot_0.robot_supervisor]: ############################# VISIBLE: EV_object_visible #############################
[INFO] [1789489823.388820166] [robot_0.robot_supervisor]: Selected controllable event: EV_search_object
[INFO] [1789489823.559846816] [robot_0.robot_supervisor]: Selected controllable event: EV_approach_object
[INFO] [1789489823.856922081] [robot_0.robot_supervisor]: Selected controllable event: EV_approach_object
[INFO] [1789489824.058346528] [robot_0.robot_supervisor]: ############################# VISIBLE: EV_object_visible #############################
[INFO] [1789489824.068515896] [robot_0.robot_supervisor]: Selected controllable event: EV_search_object
[INFO] [1789489824.282422147] [robot_0.robot_supervisor]: Selected controllable event: EV_search_object
[INFO] [1789489824.467933322] [robot_0.robot_supervisor]: Selected controllable event: EV_search_object
[INFO] [1789489824.683637791] [robot_0.robot_supervisor]: Selected controllable event: EV_search_color
[INFO] [1789489824.876150785] [robot_0.robot_supervisor]: ############################# VISIBLE: EV_object_visible #############################
[INFO] [1789489824.877119528] [robot_0.robot_supervisor]: Selected controllable event: EV_search_color
[INFO] [1789489825.060117705] [robot_0.robot_supervisor]: Selected controllable event: EV_search_object
[INFO] [1789489825.171237548] [robot_0.robot_supervisor]: Selected controllable event: EV_approach_object
[INFO] [1789489825.482133696] [robot_0.robot_supervisor]: Selected controllable event: EV_approach_color
[INFO] [1789489825.759225334] [robot_0.robot_supervisor]: ############################# VISIBLE: EV_object_visible #############################
[INFO] [1789489825.771517953] [robot_0.robot_supervisor]: Selected controllable event: EV_approach_object
[INFO] [1789489826.054817622] [robot_0.robot_supervisor]: Selected controllable event: EV_search_color
[INFO] [1789489826.171987129] [robot_0.robot_supervisor]: Selected controllable event: EV_move_forward
[INFO] [1789489826.472939975] [robot_0.robot_supervisor]: Selected controllable event: EV_search_object
[INFO] [1789489826.665768516] [robot_0.robot_supervisor]: ############################# VISIBLE: EV_object_visible #############################
[INFO] [1789489826.676891866] [robot_0.robot_supervisor]: Selected controllable event: EV_move_forward
[INFO] [1789489826.886447174] [robot_0.robot_supervisor]: Selected controllable event: EV_approach_object
[INFO] [1789489827.160294409] [robot_0.robot_supervisor]: Selected controllable event: EV_search_object
[INFO] [1789489827.273575124] [robot_0.robot_supervisor]: Selected controllable event: EV_search_object
[INFO] [1789489827.403971828] [robot_0.robot_supervisor]: Selected controllable event: EV_approach_object
[INFO] [1789489827.666085010] [robot_0.robot_supervisor]: ############################# VISIBLE: EV_object_visible #############################
[INFO] [1789489827.667108204] [robot_0.robot_supervisor]: Selected controllable event: EV_approach_color
[INFO] [1789489827.961233249] [robot_0.robot_supervisor]: Selected controllable event: EV_approach_object
[INFO] [1789489828.181378136] [robot_0.robot_supervisor]: Selected controllable event: EV_search_color
[INFO] [1789489828.353965068] [robot_0.robot_supervisor]: ############################# VISIBLE: EV_object_visible #############################
[INFO] [1789489828.357405884] [robot_0.robot_supervisor]: Selected controllable event: EV_move_forward
[INFO] [1789489828.650049397] [robot_0.robot_supervisor]: Selected controllable event: EV_move_forward
[INFO] [1789489828.871700472] [robot_0.robot_supervisor]: Selected controllable event: EV_search_object
[INFO] [1789489829.051611587] [robot_0.robot_supervisor]: ############################# VISIBLE: EV_object_visible #############################
[INFO] [1789489829.088833973] [robot_0.robot_supervisor]: Selected controllable event: EV_search_color
[INFO] [1789489829.268394908] [robot_0.robot_supervisor]: Selected controllable event: EV_search_color
[INFO] [1789489829.489197996] [robot_0.robot_supervisor]: Selected controllable event: EV_move_forward
[INFO] [1789489829.764789989] [robot_0.robot_supervisor]: Selected controllable event: EV_move_forward
[INFO] [1789489830.056690607] [robot_0.robot_supervisor]: ############################# VISIBLE: EV_object_visible #############################
[INFO] [1789489830.057614803] [robot_0.robot_supervisor]: Selected controllable event: EV_move_forward
[INFO] [1789489830.270885902] [robot_0.robot_supervisor]: Selected controllable event: EV_approach_color
[INFO] [1789489830.472487930] [robot_0.robot_supervisor]: Selected controllable event: EV_approach_color
[INFO] [1789489830.774648423] [robot_0.robot_supervisor]: ############################# VISIBLE: EV_object_visible #############################
[INFO] [1789489830.775617139] [robot_0.robot_supervisor]: Selected controllable event: EV_approach_color
[INFO] [1789489831.072355038] [robot_0.robot_supervisor]: Selected controllable event: EV_move_forward
[INFO] [1789489831.370624198] [robot_0.robot_supervisor]: Selected controllable event: EV_search_color
[INFO] [1789489831.553733216] [robot_0.robot_supervisor]: ############################# VISIBLE: EV_object_visible #############################
[INFO] [1789489831.554655496] [robot_0.robot_supervisor]: Selected controllable event: EV_approach_object
[INFO] [1789489831.759502378] [robot_0.robot_supervisor]: Selected controllable event: EV_move_forward
[INFO] [1789489831.966042104] [robot_0.robot_supervisor]: Selected controllable event: EV_search_object
[INFO] [1789489832.072040081] [robot_0.robot_supervisor]: Selected controllable event: EV_approach_object
[INFO] [1789489832.379222787] [robot_0.robot_supervisor]: Triggered uncontrollable event: EV_obstacle_right
[INFO] [1789489832.385313628] [robot_0.robot_supervisor]: ############################# REACHED: EV_object_reached #############################
[INFO] [1789489832.392924756] [robot_0.robot_supervisor]: Selected controllable event: EV_u_turn
[INFO] [1789489832.401384379] [robot_0.robot_supervisor]: Starting FULL ROTATE (omega=1.000, have_odom=True, target_rad=3.142, timeout_s=3.500)
[INFO] [1789489835.960529072] [robot_0.robot_supervisor]: FULL ROTATE completed by timeout
[INFO] [1789489836.172764209] [robot_0.robot_supervisor]: ############################# REACHED: EV_object_reached #############################
[INFO] [1789489836.173575263] [robot_0.robot_supervisor]: Selected controllable event: EV_search_object
[INFO] [1789489836.354572442] [robot_0.robot_supervisor]: Selected controllable event: EV_search_object
[INFO] [1789489836.567604576] [robot_0.robot_supervisor]: Selected controllable event: EV_approach_object
[INFO] [1789489836.871353145] [robot_0.robot_supervisor]: ############################# REACHED: EV_object_reached #############################
[INFO] [1789489836.875893609] [robot_0.robot_supervisor]: Selected controllable event: EV_approach_color
[INFO] [1789489837.151910087] [robot_0.robot_supervisor]: Selected controllable event: EV_approach_object
[INFO] [1789489837.361420480] [robot_0.robot_supervisor]: Selected controllable event: EV_move_forward
[INFO] [1789489837.665204367] [robot_0.robot_supervisor]: Selected controllable event: EV_search_color
[INFO] [1789489837.861778661] [robot_0.robot_supervisor]: Triggered uncontrollable event: EV_object_not_visible
[INFO] [1789489837.862590517] [robot_0.robot_supervisor]: Selected controllable event: EV_move_forward
[INFO] [1789489838.160887028] [robot_0.robot_supervisor]: Selected controllable event: EV_approach_color
[INFO] [1789489838.367755198] [robot_0.robot_supervisor]: Selected controllable event: EV_move_forward
[INFO] [1789489838.570680176] [robot_0.robot_supervisor]: ############################# VISIBLE: EV_object_visible #############################
[INFO] [1789489838.580842427] [robot_0.robot_supervisor]: Selected controllable event: EV_approach_color
[INFO] [1789489838.854168451] [robot_0.robot_supervisor]: Selected controllable event: EV_search_color
[INFO] [1789489839.071177391] [robot_0.robot_supervisor]: Selected controllable event: EV_approach_object
[INFO] [1789489839.355076240] [robot_0.robot_supervisor]: ############################# VISIBLE: EV_object_visible #############################
[INFO] [1789489839.374014315] [robot_0.robot_supervisor]: Selected controllable event: EV_move_forward
[INFO] [1789489839.653469084] [robot_0.robot_supervisor]: Selected controllable event: EV_search_color
[INFO] [1789489839.764625871] [robot_0.robot_supervisor]: Selected controllable event: EV_search_object
[INFO] [1789489839.868118266] [robot_0.robot_supervisor]: Selected controllable event: EV_approach_color
[INFO] [1789489840.100253696] [robot_0.robot_supervisor]: ############################# VISIBLE: EV_object_visible #############################
[INFO] [1789489840.101153967] [robot_0.robot_supervisor]: Selected controllable event: EV_search_object
[INFO] [1789489840.251799365] [robot_0.robot_supervisor]: Selected controllable event: EV_search_object
[INFO] [1789489840.371239079] [robot_0.robot_supervisor]: Selected controllable event: EV_approach_object
[INFO] [1789489840.662501826] [robot_0.robot_supervisor]: ############################# VISIBLE: EV_object_visible #############################
[INFO] [1789489840.663362198] [robot_0.robot_supervisor]: Selected controllable event: EV_search_color
[INFO] [1789489840.862220908] [robot_0.robot_supervisor]: Selected controllable event: EV_approach_color
[INFO] [1789489841.161941245] [robot_0.robot_supervisor]: Selected controllable event: EV_move_forward
[INFO] [1789489841.483952245] [robot_0.robot_supervisor]: Selected controllable event: EV_move_forward
[INFO] [1789489841.759232487] [robot_0.robot_supervisor]: ############################# VISIBLE: EV_object_visible #############################
[INFO] [1789489841.768744091] [robot_0.robot_supervisor]: Selected controllable event: EV_move_forward
[INFO] [1789489842.067963833] [robot_0.robot_supervisor]: Selected controllable event: EV_approach_object
[INFO] [1789489842.384418326] [robot_0.robot_supervisor]: Selected controllable event: EV_search_object
[INFO] [1789489842.558321631] [robot_0.robot_supervisor]: ############################# VISIBLE: EV_object_visible #############################
[INFO] [1789489842.564751550] [robot_0.robot_supervisor]: Selected controllable event: EV_approach_object
[INFO] [1789489842.886863122] [robot_0.robot_supervisor]: Selected controllable event: EV_approach_color
[INFO] [1789489843.150134194] [robot_0.robot_supervisor]: Selected controllable event: EV_approach_color
[INFO] [1789489843.370270262] [robot_0.robot_supervisor]: ############################# VISIBLE: EV_object_visible #############################
[INFO] [1789489843.371300309] [robot_0.robot_supervisor]: Selected controllable event: EV_search_object
[INFO] [1789489843.580222598] [robot_0.robot_supervisor]: Selected controllable event: EV_search_object
[INFO] [1789489843.764542527] [robot_0.robot_supervisor]: Selected controllable event: EV_move_forward
[INFO] [1789489844.068831442] [robot_0.robot_supervisor]: ############################# VISIBLE: EV_object_visible #############################
[INFO] [1789489844.083338863] [robot_0.robot_supervisor]: Selected controllable event: EV_move_forward
[INFO] [1789489844.356352922] [robot_0.robot_supervisor]: Selected controllable event: EV_approach_color
[INFO] [1789489844.654486480] [robot_0.robot_supervisor]: Selected controllable event: EV_approach_object
[INFO] [1789489844.870696345] [robot_0.robot_supervisor]: ############################# VISIBLE: EV_object_visible #############################
[INFO] [1789489844.890601401] [robot_0.robot_supervisor]: Selected controllable event: EV_search_object
[INFO] [1789489845.057219686] [robot_0.robot_supervisor]: Selected controllable event: EV_approach_color
[INFO] [1789489845.363043864] [robot_0.robot_supervisor]: Selected controllable event: EV_approach_object
[INFO] [1789489845.667620762] [robot_0.robot_supervisor]: Selected controllable event: EV_approach_color
[INFO] [1789489845.875496561] [robot_0.robot_supervisor]: ############################# VISIBLE: EV_object_visible #############################
[INFO] [1789489845.876493283] [robot_0.robot_supervisor]: Selected controllable event: EV_search_object
[INFO] [1789489846.060534438] [robot_0.robot_supervisor]: Selected controllable event: EV_approach_color
[INFO] [1789489846.379363334] [robot_0.robot_supervisor]: Selected controllable event: EV_approach_object
[INFO] [1789489846.655475640] [robot_0.robot_supervisor]: ############################# VISIBLE: EV_object_visible #############################
[INFO] [1789489846.661493085] [robot_0.robot_supervisor]: Selected controllable event: EV_search_color
[INFO] [1789489846.867764006] [robot_0.robot_supervisor]: Selected controllable event: EV_search_color
[INFO] [1789489847.069175308] [robot_0.robot_supervisor]: Selected controllable event: EV_approach_color
[INFO] [1789489847.365442047] [robot_0.robot_supervisor]: Selected controllable event: EV_search_color
[INFO] [1789489847.554911649] [robot_0.robot_supervisor]: ############################# VISIBLE: EV_object_visible #############################
[INFO] [1789489847.561594878] [robot_0.robot_supervisor]: Selected controllable event: EV_approach_object
[INFO] [1789489847.770099514] [robot_0.robot_supervisor]: Selected controllable event: EV_approach_object
[INFO] [1789489848.090286749] [robot_0.robot_supervisor]: Selected controllable event: EV_move_forward
[INFO] [1789489848.369461609] [robot_0.robot_supervisor]: ############################# VISIBLE: EV_object_visible #############################
[INFO] [1789489848.370341854] [robot_0.robot_supervisor]: Selected controllable event: EV_search_color
[INFO] [1789489848.563359988] [robot_0.robot_supervisor]: Selected controllable event: EV_approach_color
[INFO] [1789489848.876304691] [robot_0.robot_supervisor]: Selected controllable event: EV_approach_color
[INFO] [1789489849.187709990] [robot_0.robot_supervisor]: ############################# VISIBLE: EV_object_visible #############################
[INFO] [1789489849.188758955] [robot_0.robot_supervisor]: Selected controllable event: EV_approach_object
[INFO] [1789489849.486668949] [robot_0.robot_supervisor]: Selected controllable event: EV_search_object
[INFO] [1789489849.663270109] [robot_0.robot_supervisor]: Selected controllable event: EV_search_object
[INFO] [1789489849.791870462] [robot_0.robot_supervisor]: Selected controllable event: EV_search_color
[INFO] [1789489849.970694617] [robot_0.robot_supervisor]: Triggered uncontrollable event: EV_obstacle_right
[INFO] [1789489849.990029906] [robot_0.robot_supervisor]: ############################# REACHED: EV_object_reached #############################
[INFO] [1789489849.991062009] [robot_0.robot_supervisor]: Selected controllable event: EV_rotate_counterclockwise
[INFO] [1789489850.162183921] [robot_0.robot_supervisor]: Triggered uncontrollable event: EV_obstacle_right
[INFO] [1789489850.171042910] [robot_0.robot_supervisor]: Selected controllable event: EV_u_turn
[INFO] [1789489850.174343883] [robot_0.robot_supervisor]: Starting FULL ROTATE (omega=1.000, have_odom=True, target_rad=3.142, timeout_s=3.500)
[INFO] [1789489853.769823591] [robot_0.robot_supervisor]: FULL ROTATE completed by timeout
[INFO] [1789489854.065011705] [robot_0.robot_supervisor]: ############################# REACHED: EV_object_reached #############################
[INFO] [1789489854.066022792] [robot_0.robot_supervisor]: Selected controllable event: EV_approach_color
[INFO] [1789489854.270523612] [robot_0.robot_supervisor]: Selected controllable event: EV_move_forward
[INFO] [1789489854.572222063] [robot_0.robot_supervisor]: ############################# REACHED: EV_object_reached #############################
[INFO] [1789489854.594323046] [robot_0.robot_supervisor]: Selected controllable event: EV_move_forward
[INFO] [1789489854.875676011] [robot_0.robot_supervisor]: Selected controllable event: EV_approach_object
[INFO] [1789489855.174028845] [robot_0.robot_supervisor]: Selected controllable event: EV_move_forward
[INFO] [1789489855.381653281] [robot_0.robot_supervisor]: Selected controllable event: EV_move_forward
[INFO] [1789489855.659630452] [robot_0.robot_supervisor]: ############################# VISIBLE: EV_object_visible #############################
[INFO] [1789489855.681857103] [robot_0.robot_supervisor]: Selected controllable event: EV_search_color
[INFO] [1789489855.866756877] [robot_0.robot_supervisor]: Selected controllable event: EV_search_object
[INFO] [1789489856.070479046] [robot_0.robot_supervisor]: Selected controllable event: EV_search_object
[INFO] [1789489856.178298983] [robot_0.robot_supervisor]: Selected controllable event: EV_approach_object
[INFO] [1789489856.453693861] [robot_0.robot_supervisor]: Selected controllable event: EV_move_forward
[INFO] [1789489856.673368097] [robot_0.robot_supervisor]: ############################# VISIBLE: EV_object_visible #############################
[INFO] [1789489856.674515188] [robot_0.robot_supervisor]: Selected controllable event: EV_search_color
[INFO] [1789489856.863026300] [robot_0.robot_supervisor]: Selected controllable event: EV_approach_object
[INFO] [1789489857.198760130] [robot_0.robot_supervisor]: Selected controllable event: EV_approach_color
[INFO] [1789489857.468848242] [robot_0.robot_supervisor]: ############################# VISIBLE: EV_object_visible #############################
[INFO] [1789489857.471233033] [robot_0.robot_supervisor]: Selected controllable event: EV_move_forward
[INFO] [1789489857.772736757] [robot_0.robot_supervisor]: Selected controllable event: EV_approach_color
[INFO] [1789489858.079602284] [robot_0.robot_supervisor]: Selected controllable event: EV_search_object
[INFO] [1789489858.263179632] [robot_0.robot_supervisor]: ############################# VISIBLE: EV_object_visible #############################
[INFO] [1789489858.266786655] [robot_0.robot_supervisor]: Selected controllable event: EV_approach_object
[INFO] [1789489858.576078103] [robot_0.robot_supervisor]: Selected controllable event: EV_search_object
[INFO] [1789489858.775489165] [robot_0.robot_supervisor]: Selected controllable event: EV_search_object
[INFO] [1789489858.987691790] [robot_0.robot_supervisor]: Selected controllable event: EV_search_color
[INFO] [1789489859.165687513] [robot_0.robot_supervisor]: ############################# VISIBLE: EV_object_visible #############################
[INFO] [1789489859.177236189] [robot_0.robot_supervisor]: Selected controllable event: EV_search_color
[INFO] [1789489859.373176300] [robot_0.robot_supervisor]: Selected controllable event: EV_approach_object
[INFO] [1789489859.681037275] [robot_0.robot_supervisor]: Selected controllable event: EV_move_forward
[INFO] [1789489859.970148229] [robot_0.robot_supervisor]: Selected controllable event: EV_approach_color
[INFO] [1789489860.249714684] [robot_0.robot_supervisor]: ############################# VISIBLE: EV_object_visible #############################
[INFO] [1789489860.250820282] [robot_0.robot_supervisor]: Selected controllable event: EV_search_color
[INFO] [1789489860.478359924] [robot_0.robot_supervisor]: Selected controllable event: EV_search_object
[INFO] [1789489860.665885995] [robot_0.robot_supervisor]: Selected controllable event: EV_search_color
[INFO] [1789489860.862117503] [robot_0.robot_supervisor]: Selected controllable event: EV_search_color
[INFO] [1789489861.058042113] [robot_0.robot_supervisor]: ############################# VISIBLE: EV_object_visible #############################
[INFO] [1789489861.070982790] [robot_0.robot_supervisor]: Selected controllable event: EV_approach_color
[INFO] [1789489861.363914989] [robot_0.robot_supervisor]: Selected controllable event: EV_search_color
[INFO] [1789489861.482891062] [robot_0.robot_supervisor]: Selected controllable event: EV_search_color
[INFO] [1789489861.683984499] [robot_0.robot_supervisor]: Selected controllable event: EV_approach_object
[INFO] [1789489861.960696547] [robot_0.robot_supervisor]: ############################# VISIBLE: EV_object_visible #############################
[INFO] [1789489861.980995208] [robot_0.robot_supervisor]: Selected controllable event: EV_search_object
[INFO] [1789489862.158338121] [robot_0.robot_supervisor]: Selected controllable event: EV_move_forward
[INFO] [1789489862.483253228] [robot_0.robot_supervisor]: Selected controllable event: EV_move_forward
[INFO] [1789489862.759638512] [robot_0.robot_supervisor]: ############################# VISIBLE: EV_object_visible #############################
[INFO] [1789489862.773446597] [robot_0.robot_supervisor]: Selected controllable event: EV_approach_object
[INFO] [1789489863.070117069] [robot_0.robot_supervisor]: Selected controllable event: EV_approach_color
[INFO] [1789489863.379302989] [robot_0.robot_supervisor]: Selected controllable event: EV_search_color
[INFO] [1789489863.588962462] [robot_0.robot_supervisor]: Selected controllable event: EV_approach_object
[INFO] [1789489863.870561836] [robot_0.robot_supervisor]: ############################# VISIBLE: EV_object_visible #############################
[INFO] [1789489863.882071563] [robot_0.robot_supervisor]: Selected controllable event: EV_approach_object
[INFO] [1789489864.187956996] [robot_0.robot_supervisor]: Selected controllable event: EV_search_color
[INFO] [1789489864.376595551] [robot_0.robot_supervisor]: Selected controllable event: EV_search_object
[INFO] [1789489864.578073646] [robot_0.robot_supervisor]: Selected controllable event: EV_search_object
[INFO] [1789489864.778650646] [robot_0.robot_supervisor]: ############################# VISIBLE: EV_object_visible #############################
[INFO] [1789489864.779584722] [robot_0.robot_supervisor]: Selected controllable event: EV_search_object
[INFO] [1789489864.971808073] [robot_0.robot_supervisor]: Selected controllable event: EV_move_forward
[INFO] [1789489865.286867693] [robot_0.robot_supervisor]: Selected controllable event: EV_move_forward
[INFO] [1789489865.562021064] [robot_0.robot_supervisor]: Selected controllable event: EV_approach_color
[INFO] [1789489865.863186030] [robot_0.robot_supervisor]: ############################# VISIBLE: EV_object_visible #############################
[INFO] [1789489865.868332603] [robot_0.robot_supervisor]: Selected controllable event: EV_move_forward
[INFO] [1789489866.180947021] [robot_0.robot_supervisor]: Selected controllable event: EV_approach_object
[INFO] [1789489866.468147471] [robot_0.robot_supervisor]: Selected controllable event: EV_search_object
[INFO] [1789489866.569968257] [robot_0.robot_supervisor]: ############################# VISIBLE: EV_object_visible #############################
[INFO] [1789489866.570934485] [robot_0.robot_supervisor]: Selected controllable event: EV_search_color
[INFO] [1789489866.768781088] [robot_0.robot_supervisor]: Selected controllable event: EV_approach_color
[INFO] [1789489867.080948104] [robot_0.robot_supervisor]: Selected controllable event: EV_approach_object
[INFO] [1789489867.375126385] [robot_0.robot_supervisor]: ############################# VISIBLE: EV_object_visible #############################
[INFO] [1789489867.376077853] [robot_0.robot_supervisor]: Selected controllable event: EV_search_object
[INFO] [1789489867.485869012] [robot_0.robot_supervisor]: Selected controllable event: EV_search_color
[INFO] [1789489867.688919136] [robot_0.robot_supervisor]: Selected controllable event: EV_search_object
[INFO] [1789489867.874513827] [robot_0.robot_supervisor]: Selected controllable event: EV_move_forward
[INFO] [1789489868.174241435] [robot_0.robot_supervisor]: Selected controllable event: EV_move_forward
[INFO] [1789489868.480269754] [robot_0.robot_supervisor]: ############################# VISIBLE: EV_object_visible #############################
[INFO] [1789489868.481405298] [robot_0.robot_supervisor]: Selected controllable event: EV_move_forward
[INFO] [1789489868.772869704] [robot_0.robot_supervisor]: Selected controllable event: EV_move_forward
[INFO] [1789489869.070588138] [robot_0.robot_supervisor]: ############################# VISIBLE: EV_object_visible #############################
[INFO] [1789489869.082565587] [robot_0.robot_supervisor]: Selected controllable event: EV_move_forward
[INFO] [1789489869.360195794] [robot_0.robot_supervisor]: Selected controllable event: EV_approach_color
[INFO] [1789489869.660766997] [robot_0.robot_supervisor]: Selected controllable event: EV_search_color
[INFO] [1789489869.870916122] [robot_0.robot_supervisor]: Triggered uncontrollable event: EV_obstacle_right
[INFO] [1789489869.871642458] [robot_0.robot_supervisor]: ############################# VISIBLE: EV_object_visible #############################
[INFO] [1789489869.886805964] [robot_0.robot_supervisor]: Selected controllable event: EV_rotate_counterclockwise
[INFO] [1789489870.063937425] [robot_0.robot_supervisor]: Triggered uncontrollable event: EV_obstacle_right
[INFO] [1789489870.069216703] [robot_0.robot_supervisor]: Selected controllable event: EV_rotate_counterclockwise
[INFO] [1789489870.186505807] [robot_0.robot_supervisor]: Triggered uncontrollable event: EV_obstacle_right
[INFO] [1789489870.187573360] [robot_0.robot_supervisor]: Selected controllable event: EV_rotate_counterclockwise
[INFO] [1789489870.379062844] [robot_0.robot_supervisor]: Triggered uncontrollable event: EV_obstacle_right
[INFO] [1789489870.379976437] [robot_0.robot_supervisor]: Selected controllable event: EV_rotate_counterclockwise
[INFO] [1789489870.558681063] [robot_0.robot_supervisor]: Triggered uncontrollable event: EV_obstacle_right
[INFO] [1789489870.579503179] [robot_0.robot_supervisor]: Selected controllable event: EV_u_turn
[INFO] [1789489870.580364940] [robot_0.robot_supervisor]: Starting FULL ROTATE (omega=1.000, have_odom=True, target_rad=3.142, timeout_s=3.500)
[INFO] [1789489874.167006149] [robot_0.robot_supervisor]: FULL ROTATE completed by timeout
[INFO] [1789489874.365881847] [robot_0.robot_supervisor]: ############################# VISIBLE: EV_object_visible #############################
[INFO] [1789489874.366703233] [robot_0.robot_supervisor]: Selected controllable event: EV_approach_color
[INFO] [1789489874.662162381] [robot_0.robot_supervisor]: Selected controllable event: EV_approach_object
[INFO] [1789489874.969717330] [robot_0.robot_supervisor]: ############################# VISIBLE: EV_object_visible #############################
[INFO] [1789489874.973288367] [robot_0.robot_supervisor]: Selected controllable event: EV_approach_color
[INFO] [1789489875.265211616] [robot_0.robot_supervisor]: Selected controllable event: EV_search_object
[INFO] [1789489875.373524963] [robot_0.robot_supervisor]: Selected controllable event: EV_move_forward
[INFO] [1789489875.661089453] [robot_0.robot_supervisor]: Selected controllable event: EV_move_forward
[INFO] [1789489875.955155580] [robot_0.robot_supervisor]: ############################# VISIBLE: EV_object_visible #############################
[INFO] [1789489875.968442616] [robot_0.robot_supervisor]: Selected controllable event: EV_move_forward
[INFO] [1789489876.259328348] [robot_0.robot_supervisor]: Selected controllable event: EV_search_color
[INFO] [1789489876.458757429] [robot_0.robot_supervisor]: Selected controllable event: EV_search_color
[INFO] [1789489876.669416435] [robot_0.robot_supervisor]: ############################# VISIBLE: EV_object_visible #############################
[INFO] [1789489876.671666993] [robot_0.robot_supervisor]: Selected controllable event: EV_approach_color
[INFO] [1789489876.960812185] [robot_0.robot_supervisor]: Selected controllable event: EV_move_forward
[INFO] [1789489877.185726123] [robot_0.robot_supervisor]: Selected controllable event: EV_approach_color
[INFO] [1789489877.469474223] [robot_0.robot_supervisor]: ############################# VISIBLE: EV_object_visible #############################
[INFO] [1789489877.470427712] [robot_0.robot_supervisor]: Selected controllable event: EV_approach_object
[INFO] [1789489877.750599937] [robot_0.robot_supervisor]: Selected controllable event: EV_search_color
[INFO] [1789489877.868732502] [robot_0.robot_supervisor]: Selected controllable event: EV_search_object
[INFO] [1789489878.082254810] [robot_0.robot_supervisor]: Selected controllable event: EV_approach_object
[INFO] [1789489878.364566737] [robot_0.robot_supervisor]: ############################# VISIBLE: EV_object_visible #############################
[INFO] [1789489878.365464897] [robot_0.robot_supervisor]: Selected controllable event: EV_approach_color
[INFO] [1789489878.668172599] [robot_0.robot_supervisor]: Selected controllable event: EV_search_color
[INFO] [1789489878.887748641] [robot_0.robot_supervisor]: Selected controllable event: EV_approach_color
[INFO] [1789489879.170182863] [robot_0.robot_supervisor]: ############################# VISIBLE: EV_object_visible #############################
[INFO] [1789489879.172309681] [robot_0.robot_supervisor]: Selected controllable event: EV_search_object
[INFO] [1789489879.364362093] [robot_0.robot_supervisor]: Selected controllable event: EV_move_forward
[INFO] [1789489879.652145069] [robot_0.robot_supervisor]: Selected controllable event: EV_move_forward
[INFO] [1789489879.886525013] [robot_0.robot_supervisor]: ############################# VISIBLE: EV_object_visible #############################
[INFO] [1789489879.887424807] [robot_0.robot_supervisor]: Selected controllable event: EV_approach_color
[INFO] [1789489880.177422054] [robot_0.robot_supervisor]: Selected controllable event: EV_search_color
[INFO] [1789489880.388935022] [robot_0.robot_supervisor]: Selected controllable event: EV_search_object
[INFO] [1789489880.568694627] [robot_0.robot_supervisor]: Selected controllable event: EV_search_color
[INFO] [1789489880.686297111] [robot_0.robot_supervisor]: Selected controllable event: EV_search_object
[INFO] [1789489880.870692315] [robot_0.robot_supervisor]: ############################# VISIBLE: EV_object_visible #############################
[INFO] [1789489880.871625439] [robot_0.robot_supervisor]: Selected controllable event: EV_move_forward
[INFO] [1789489881.170920223] [robot_0.robot_supervisor]: Selected controllable event: EV_approach_color
[INFO] [1789489881.449802565] [robot_0.robot_supervisor]: ############################# VISIBLE: EV_object_visible #############################
[INFO] [1789489881.469144629] [robot_0.robot_supervisor]: Selected controllable event: EV_approach_color
[INFO] [1789489881.764151307] [robot_0.robot_supervisor]: Selected controllable event: EV_move_forward
[INFO] [1789489882.053796527] [robot_0.robot_supervisor]: Selected controllable event: EV_approach_color
[INFO] [1789489882.257901244] [robot_0.robot_supervisor]: ############################# VISIBLE: EV_object_visible #############################
[INFO] [1789489882.258798314] [robot_0.robot_supervisor]: Selected controllable event: EV_search_color
[INFO] [1789489882.476190527] [robot_0.robot_supervisor]: Selected controllable event: EV_search_color
[INFO] [1789489882.670874477] [robot_0.robot_supervisor]: Selected controllable event: EV_search_color
[INFO] [1789489882.853224426] [robot_0.robot_supervisor]: ############################# VISIBLE: EV_object_visible #############################
[INFO] [1789489882.867568670] [robot_0.robot_supervisor]: Selected controllable event: EV_approach_color
[INFO] [1789489883.182456773] [robot_0.robot_supervisor]: Selected controllable event: EV_search_color
[INFO] [1789489883.363099650] [robot_0.robot_supervisor]: Selected controllable event: EV_move_forward
[INFO] [1789489883.577415082] [robot_0.robot_supervisor]: ############################# VISIBLE: EV_object_visible #############################
[INFO] [1789489883.582897287] [robot_0.robot_supervisor]: Selected controllable event: EV_approach_color
[INFO] [1789489883.851894389] [robot_0.robot_supervisor]: Selected controllable event: EV_search_color
[INFO] [1789489884.070061972] [robot_0.robot_supervisor]: Selected controllable event: EV_approach_color
[INFO] [1789489884.289098189] [robot_0.robot_supervisor]: Selected controllable event: EV_move_forward
[INFO] [1789489884.566337531] [robot_0.robot_supervisor]: ############################# VISIBLE: EV_object_visible #############################
[INFO] [1789489884.581141084] [robot_0.robot_supervisor]: Selected controllable event: EV_move_forward
[INFO] [1789489884.853559905] [robot_0.robot_supervisor]: Selected controllable event: EV_approach_object
[INFO] [1789489885.058534375] [robot_0.robot_supervisor]: ############################# VISIBLE: EV_object_visible #############################
[INFO] [1789489885.070691897] [robot_0.robot_supervisor]: Selected controllable event: EV_search_color
[INFO] [1789489885.274137102] [robot_0.robot_supervisor]: Selected controllable event: EV_search_color
[INFO] [1789489885.450627727] [robot_0.robot_supervisor]: Selected controllable event: EV_approach_object
[INFO] [1789489885.658924374] [robot_0.robot_supervisor]: Selected controllable event: EV_approach_object
[INFO] [1789489885.952641152] [robot_0.robot_supervisor]: ############################# VISIBLE: EV_object_visible #############################
[INFO] [1789489885.958963895] [robot_0.robot_supervisor]: Selected controllable event: EV_search_color
[INFO] [1789489886.157606553] [robot_0.robot_supervisor]: Selected controllable event: EV_approach_object
[INFO] [1789489886.372043510] [robot_0.robot_supervisor]: Selected controllable event: EV_move_forward
[INFO] [1789489886.588693057] [robot_0.robot_supervisor]: ############################# VISIBLE: EV_object_visible #############################
[INFO] [1789489886.599917833] [robot_0.robot_supervisor]: Selected controllable event: EV_move_forward
[INFO] [1789489886.879684006] [robot_0.robot_supervisor]: Selected controllable event: EV_move_forward
[INFO] [1789489887.171727444] [robot_0.robot_supervisor]: Selected controllable event: EV_move_forward
[INFO] [1789489887.469292472] [robot_0.robot_supervisor]: Triggered uncontrollable event: EV_obstacle_front
[INFO] [1789489887.479725546] [robot_0.robot_supervisor]: ############################# VISIBLE: EV_object_visible #############################
[INFO] [1789489887.488636566] [robot_0.robot_supervisor]: Selected controllable event: EV_u_turn
[INFO] [1789489887.489506521] [robot_0.robot_supervisor]: Starting FULL ROTATE (omega=1.000, have_odom=True, target_rad=3.142, timeout_s=3.500)
[INFO] [1789489891.050981043] [robot_0.robot_supervisor]: FULL ROTATE completed by timeout
[INFO] [1789489891.267177466] [robot_0.robot_supervisor]: ############################# VISIBLE: EV_object_visible #############################
[INFO] [1789489891.268045028] [robot_0.robot_supervisor]: Selected controllable event: EV_move_forward
[INFO] [1789489891.564545838] [robot_0.robot_supervisor]: ############################# VISIBLE: EV_object_visible #############################
[INFO] [1789489891.578568844] [robot_0.robot_supervisor]: Selected controllable event: EV_approach_color
[INFO] [1789489891.870421503] [robot_0.robot_supervisor]: Selected controllable event: EV_search_color
[INFO] [1789489892.056192069] [robot_0.robot_supervisor]: Selected controllable event: EV_approach_object
[INFO] [1789489892.349726711] [robot_0.robot_supervisor]: ############################# VISIBLE: EV_object_visible #############################
[INFO] [1789489892.350579107] [robot_0.robot_supervisor]: Selected controllable event: EV_approach_object
[INFO] [1789489892.657389513] [robot_0.robot_supervisor]: Selected controllable event: EV_approach_color
[INFO] [1789489892.965597684] [robot_0.robot_supervisor]: Selected controllable event: EV_approach_object
[INFO] [1789489893.265296344] [robot_0.robot_supervisor]: ############################# VISIBLE: EV_object_visible #############################
[INFO] [1789489893.288507558] [robot_0.robot_supervisor]: Selected controllable event: EV_approach_color
[INFO] [1789489893.579357651] [robot_0.robot_supervisor]: Selected controllable event: EV_search_object
[INFO] [1789489893.749998585] [robot_0.robot_supervisor]: Selected controllable event: EV_approach_object
[INFO] [1789489893.956465490] [robot_0.robot_supervisor]: ############################# VISIBLE: EV_object_visible #############################
[INFO] [1789489893.976448228] [robot_0.robot_supervisor]: Selected controllable event: EV_approach_object
[INFO] [1789489894.257222998] [robot_0.robot_supervisor]: Selected controllable event: EV_search_object
[INFO] [1789489894.372058414] [robot_0.robot_supervisor]: Selected controllable event: EV_approach_object
[INFO] [1789489894.573627790] [robot_0.robot_supervisor]: Selected controllable event: EV_approach_color
[INFO] [1789489894.862878197] [robot_0.robot_supervisor]: ############################# VISIBLE: EV_object_visible #############################
[INFO] [1789489894.879941175] [robot_0.robot_supervisor]: Selected controllable event: EV_search_color
[INFO] [1789489895.069158139] [robot_0.robot_supervisor]: Selected controllable event: EV_move_forward
[INFO] [1789489895.362033065] [robot_0.robot_supervisor]: Selected controllable event: EV_search_object
[INFO] [1789489895.488602808] [robot_0.robot_supervisor]: Selected controllable event: EV_approach_color
[INFO] [1789489895.772272796] [robot_0.robot_supervisor]: ############################# VISIBLE: EV_object_visible #############################
[INFO] [1789489895.778960238] [robot_0.robot_supervisor]: Selected controllable event: EV_search_color
[INFO] [1789489895.956906241] [robot_0.robot_supervisor]: Selected controllable event: EV_move_forward
[INFO] [1789489896.163293432] [robot_0.robot_supervisor]: Selected controllable event: EV_approach_color
[INFO] [1789489896.474965405] [robot_0.robot_supervisor]: ############################# VISIBLE: EV_object_visible #############################
[INFO] [1789489896.475812759] [robot_0.robot_supervisor]: Selected controllable event: EV_approach_color
[INFO] [1789489896.767446325] [robot_0.robot_supervisor]: Selected controllable event: EV_move_forward
[INFO] [1789489897.069636426] [robot_0.robot_supervisor]: Selected controllable event: EV_move_forward
[INFO] [1789489897.373876237] [robot_0.robot_supervisor]: ############################# VISIBLE: EV_object_visible #############################
[INFO] [1789489897.374918100] [robot_0.robot_supervisor]: Selected controllable event: EV_approach_color
[INFO] [1789489897.679421198] [robot_0.robot_supervisor]: Selected controllable event: EV_approach_object
[INFO] [1789489897.994232986] [robot_0.robot_supervisor]: Selected controllable event: EV_move_forward
[INFO] [1789489898.256351412] [robot_0.robot_supervisor]: ############################# VISIBLE: EV_object_visible #############################
[INFO] [1789489898.257921143] [robot_0.robot_supervisor]: Selected controllable event: EV_approach_color
[INFO] [1789489898.571300455] [robot_0.robot_supervisor]: Selected controllable event: EV_search_color
[INFO] [1789489898.678016286] [robot_0.robot_supervisor]: Selected controllable event: EV_approach_object
[INFO] [1789489898.988020700] [robot_0.robot_supervisor]: ############################# VISIBLE: EV_object_visible #############################
[INFO] [1789489898.989163175] [robot_0.robot_supervisor]: Selected controllable event: EV_approach_color
[INFO] [1789489899.261641261] [robot_0.robot_supervisor]: Selected controllable event: EV_search_object
[INFO] [1789489899.455884404] [robot_0.robot_supervisor]: Selected controllable event: EV_search_object
[INFO] [1789489899.559347383] [robot_0.robot_supervisor]: Selected controllable event: EV_approach_object
[INFO] [1789489899.872782365] [robot_0.robot_supervisor]: ############################# VISIBLE: EV_object_visible #############################
[INFO] [1789489899.880755082] [robot_0.robot_supervisor]: Selected controllable event: EV_approach_object
[INFO] [1789489900.173511583] [robot_0.robot_supervisor]: Selected controllable event: EV_search_object
[INFO] [1789489900.354391363] [robot_0.robot_supervisor]: Selected controllable event: EV_search_color
[INFO] [1789489900.478158271] [robot_0.robot_supervisor]: ############################# VISIBLE: EV_object_visible #############################
[INFO] [1789489900.487092197] [robot_0.robot_supervisor]: Selected controllable event: EV_search_object
[INFO] [1789489900.662199886] [robot_0.robot_supervisor]: Selected controllable event: EV_approach_object
[INFO] [1789489900.961417637] [robot_0.robot_supervisor]: Selected controllable event: EV_approach_object
[INFO] [1789489901.178630789] [robot_0.robot_supervisor]: Selected controllable event: EV_move_forward
[INFO] [1789489901.470860053] [robot_0.robot_supervisor]: ############################# VISIBLE: EV_object_visible #############################
[INFO] [1789489901.471826694] [robot_0.robot_supervisor]: Selected controllable event: EV_approach_object
[INFO] [1789489901.774650906] [robot_0.robot_supervisor]: Selected controllable event: EV_approach_color
[INFO] [1789489902.079561944] [robot_0.robot_supervisor]: ############################# REACHED: EV_object_reached #############################
[INFO] [1789489902.083911370] [robot_0.robot_supervisor]: Selected controllable event: EV_approach_color
[INFO] [1789489902.354744767] [robot_0.robot_supervisor]: Selected controllable event: EV_approach_color
[INFO] [1789489902.682925864] [robot_0.robot_supervisor]: Triggered uncontrollable event: EV_obstacle_front
[INFO] [1789489902.683720523] [robot_0.robot_supervisor]: ############################# REACHED: EV_object_reached #############################
[INFO] [1789489902.700475949] [robot_0.robot_supervisor]: Selected controllable event: EV_move_backward
[INFO] [1789489902.957788760] [robot_0.robot_supervisor]: Triggered uncontrollable event: EV_obstacle_front
[INFO] [1789489902.968016526] [robot_0.robot_supervisor]: Selected controllable event: EV_rotate_counterclockwise
[INFO] [1789489903.153384111] [robot_0.robot_supervisor]: Triggered uncontrollable event: EV_obstacle_front
[INFO] [1789489903.154307148] [robot_0.robot_supervisor]: Selected controllable event: EV_rotate_counterclockwise
[INFO] [1789489903.278416244] [robot_0.robot_supervisor]: Triggered uncontrollable event: EV_obstacle_front
[INFO] [1789489903.289335928] [robot_0.robot_supervisor]: Selected controllable event: EV_move_backward
[INFO] [1789489903.582760975] [robot_0.robot_supervisor]: Triggered uncontrollable event: EV_obstacle_front
[INFO] [1789489903.583617188] [robot_0.robot_supervisor]: ############################# REACHED: EV_object_reached #############################
[INFO] [1789489903.595620383] [robot_0.robot_supervisor]: Selected controllable event: EV_move_backward
[INFO] [1789489903.851078515] [robot_0.robot_supervisor]: Triggered uncontrollable event: EV_obstacle_front
[INFO] [1789489903.865758550] [robot_0.robot_supervisor]: Selected controllable event: EV_u_turn
[INFO] [1789489903.866640747] [robot_0.robot_supervisor]: Starting FULL ROTATE (omega=1.000, have_odom=True, target_rad=3.142, timeout_s=3.500)
[INFO] [1789489907.374138480] [robot_0.robot_supervisor]: FULL ROTATE completed by timeout
[INFO] [1789489907.672115306] [robot_0.robot_supervisor]: ############################# REACHED: EV_object_reached #############################
[INFO] [1789489907.673000796] [robot_0.robot_supervisor]: Selected controllable event: EV_approach_object
[INFO] [1789489907.974429725] [robot_0.robot_supervisor]: Selected controllable event: EV_approach_color
[INFO] [1789489908.278848645] [robot_0.robot_supervisor]: ############################# REACHED: EV_object_reached #############################
[INFO] [1789489908.279769990] [robot_0.robot_supervisor]: Selected controllable event: EV_move_forward
[INFO] [1789489908.582648455] [robot_0.robot_supervisor]: Selected controllable event: EV_search_color
[INFO] [1789489908.780679776] [robot_0.robot_supervisor]: Selected controllable event: EV_approach_color
[INFO] [1789489909.076031577] [robot_0.robot_supervisor]: ############################# REACHED: EV_object_reached #############################
[INFO] [1789489909.085088949] [robot_0.robot_supervisor]: Selected controllable event: EV_move_forward
[INFO] [1789489909.353158322] [robot_0.robot_supervisor]: Selected controllable event: EV_search_color
[INFO] [1789489909.484703709] [robot_0.robot_supervisor]: Selected controllable event: EV_approach_color
[INFO] [1789489909.752249672] [robot_0.robot_supervisor]: Selected controllable event: EV_search_object
[INFO] [1789489909.875237096] [robot_0.robot_supervisor]: Selected controllable event: EV_approach_object
[INFO] [1789489910.171903382] [robot_0.robot_supervisor]: ############################# VISIBLE: EV_object_visible #############################
[INFO] [1789489910.172990616] [robot_0.robot_supervisor]: Selected controllable event: EV_search_color
[INFO] [1789489910.277312209] [robot_0.robot_supervisor]: Selected controllable event: EV_move_forward
[INFO] [1789489910.499131541] [robot_0.robot_supervisor]: Selected controllable event: EV_approach_object
[INFO] [1789489910.806717870] [robot_0.robot_supervisor]: Selected controllable event: EV_move_forward
