[INFO] [1789489731.315795185] [robot_2.robot_supervisor]: Loaded initial mission 'balanced_delivery' from explicit YAML S_20260915_182327.yaml
[INFO] [1789489731.425404151] [robot_2.robot_supervisor]: Selected controllable event: EV_search_color
[INFO] [1789489731.529209064] [robot_2.robot_supervisor]: Selected controllable event: EV_search_object
[INFO] [1789489731.730742702] [robot_2.robot_supervisor]: Selected controllable event: EV_move_forward
[INFO] [1789489732.028142566] [robot_2.robot_supervisor]: Selected controllable event: EV_move_forward
[INFO] [1789489732.327576929] [robot_2.robot_supervisor]: Selected controllable event: EV_move_forward
[INFO] [1789489732.528989524] [robot_2.robot_supervisor]: Selected controllable event: EV_approach_object
[INFO] [1789489732.830406557] [robot_2.robot_supervisor]: Selected controllable event: EV_approach_object
[INFO] [1789489733.131264209] [robot_2.robot_supervisor]: Selected controllable event: EV_approach_color
[INFO] [1789489733.422747316] [robot_2.robot_supervisor]: Selected controllable event: EV_search_object
[INFO] [1789489733.622297970] [robot_2.robot_supervisor]: Selected controllable event: EV_approach_object
[INFO] [1789489733.923378155] [robot_2.robot_supervisor]: Selected controllable event: EV_move_forward
[INFO] [1789489734.222518532] [robot_2.robot_supervisor]: Selected controllable event: EV_approach_color
[INFO] [1789489734.423819209] [robot_2.robot_supervisor]: Selected controllable event: EV_search_object
[INFO] [1789489734.622191052] [robot_2.robot_supervisor]: Selected controllable event: EV_move_forward
[INFO] [1789489734.923438320] [robot_2.robot_supervisor]: Selected controllable event: EV_approach_object
[INFO] [1789489735.222500738] [robot_2.robot_supervisor]: Selected controllable event: EV_search_object
[INFO] [1789489735.422557640] [robot_2.robot_supervisor]: Selected controllable event: EV_approach_object
[INFO] [1789489735.722653880] [robot_2.robot_supervisor]: Selected controllable event: EV_search_object
[INFO] [1789489735.924951558] [robot_2.robot_supervisor]: Selected controllable event: EV_approach_object
[INFO] [1789489736.229797099] [robot_2.robot_supervisor]: Selected controllable event: EV_approach_object
[INFO] [1789489736.532227530] [robot_2.robot_supervisor]: Triggered uncontrollable event: EV_object_not_visible
[INFO] [1789489736.533714098] [robot_2.robot_supervisor]: Selected controllable event: EV_search_object
[INFO] [1789489736.727295952] [robot_2.robot_supervisor]: Triggered uncontrollable event: EV_object_not_visible
[INFO] [1789489736.735592799] [robot_2.robot_supervisor]: Selected controllable event: EV_move_forward
[INFO] [1789489737.024709379] [robot_2.robot_supervisor]: Selected controllable event: EV_approach_color
[INFO] [1789489737.227454915] [robot_2.robot_supervisor]: Triggered uncontrollable event: EV_object_not_visible
[INFO] [1789489737.228016763] [robot_2.robot_supervisor]: Selected controllable event: EV_search_color
[INFO] [1789489737.435948200] [robot_2.robot_supervisor]: Selected controllable event: EV_approach_color
[INFO] [1789489737.723170394] [robot_2.robot_supervisor]: Triggered uncontrollable event: EV_object_not_visible
[INFO] [1789489737.728817614] [robot_2.robot_supervisor]: Selected controllable event: EV_search_object
[INFO] [1789489737.831270826] [robot_2.robot_supervisor]: Selected controllable event: EV_search_object
[INFO] [1789489738.044675437] [robot_2.robot_supervisor]: Selected controllable event: EV_search_color
[INFO] [1789489738.233305507] [robot_2.robot_supervisor]: Triggered uncontrollable event: EV_object_not_visible
[INFO] [1789489738.233973027] [robot_2.robot_supervisor]: Selected controllable event: EV_search_object
[INFO] [1789489738.444935843] [robot_2.robot_supervisor]: Selected controllable event: EV_search_color
[INFO] [1789489738.630306367] [robot_2.robot_supervisor]: Triggered uncontrollable event: EV_object_not_visible
[INFO] [1789489738.630891854] [robot_2.robot_supervisor]: Selected controllable event: EV_search_object
[INFO] [1789489738.847686196] [robot_2.robot_supervisor]: Selected controllable event: EV_approach_color
[INFO] [1789489739.130985888] [robot_2.robot_supervisor]: Triggered uncontrollable event: EV_object_not_visible
[INFO] [1789489739.131549577] [robot_2.robot_supervisor]: Selected controllable event: EV_move_forward
[INFO] [1789489739.437361325] [robot_2.robot_supervisor]: Triggered uncontrollable event: EV_object_not_visible
[INFO] [1789489739.438024875] [robot_2.robot_supervisor]: Selected controllable event: EV_search_object
[INFO] [1789489739.623063855] [robot_2.robot_supervisor]: Selected controllable event: EV_approach_object
[INFO] [1789489739.833772681] [robot_2.robot_supervisor]: Selected controllable event: EV_search_object
[INFO] [1789489740.026540500] [robot_2.robot_supervisor]: Triggered uncontrollable event: EV_object_not_visible
[INFO] [1789489740.027166469] [robot_2.robot_supervisor]: Selected controllable event: EV_search_color
[INFO] [1789489740.236153087] [robot_2.robot_supervisor]: Selected controllable event: EV_approach_color
[INFO] [1789489740.532483132] [robot_2.robot_supervisor]: Triggered uncontrollable event: EV_object_not_visible
[INFO] [1789489740.533211237] [robot_2.robot_supervisor]: Selected controllable event: EV_search_color
[INFO] [1789489740.728877388] [robot_2.robot_supervisor]: Selected controllable event: EV_search_object
[INFO] [1789489740.924628346] [robot_2.robot_supervisor]: Triggered uncontrollable event: EV_object_not_visible
[INFO] [1789489740.930948053] [robot_2.robot_supervisor]: Selected controllable event: EV_approach_object
[INFO] [1789489741.228911675] [robot_2.robot_supervisor]: Selected controllable event: EV_search_color
[INFO] [1789489741.435544168] [robot_2.robot_supervisor]: Triggered uncontrollable event: EV_object_not_visible
[INFO] [1789489741.436109113] [robot_2.robot_supervisor]: Selected controllable event: EV_search_color
[INFO] [1789489741.626028876] [robot_2.robot_supervisor]: Selected controllable event: EV_search_color
[INFO] [1789489741.748726214] [robot_2.robot_supervisor]: Selected controllable event: EV_search_color
[INFO] [1789489741.927618194] [robot_2.robot_supervisor]: Triggered uncontrollable event: EV_object_not_visible
[INFO] [1789489741.936903419] [robot_2.robot_supervisor]: Selected controllable event: EV_search_color
[INFO] [1789489742.137032606] [robot_2.robot_supervisor]: Selected controllable event: EV_approach_object
[INFO] [1789489742.428277941] [robot_2.robot_supervisor]: Triggered uncontrollable event: EV_object_not_visible
[INFO] [1789489742.431108062] [robot_2.robot_supervisor]: Selected controllable event: EV_approach_object
[INFO] [1789489742.644810545] [robot_2.robot_supervisor]: Selected controllable event: EV_search_color
[INFO] [1789489742.828894356] [robot_2.robot_supervisor]: Selected controllable event: EV_approach_object
[INFO] [1789489743.125306753] [robot_2.robot_supervisor]: Triggered uncontrollable event: EV_object_not_visible
[INFO] [1789489743.133519138] [robot_2.robot_supervisor]: Selected controllable event: EV_approach_object
[INFO] [1789489743.423395581] [robot_2.robot_supervisor]: Triggered uncontrollable event: EV_obstacle_left
[INFO] [1789489743.439311443] [robot_2.robot_supervisor]: ############################# VISIBLE: EV_object_visible #############################
[INFO] [1789489743.439932213] [robot_2.robot_supervisor]: Selected controllable event: EV_u_turn
[INFO] [1789489743.440382900] [robot_2.robot_supervisor]: Starting FULL ROTATE (omega=1.000, have_odom=True, target_rad=3.142, timeout_s=3.500)
[INFO] [1789489746.528008207] [robot_2.robot_supervisor]: FULL ROTATE completed by odom (accum_rad=3.195)
[INFO] [1789489746.826123575] [robot_2.robot_supervisor]: ############################# VISIBLE: EV_object_visible #############################
[INFO] [1789489746.826725700] [robot_2.robot_supervisor]: Selected controllable event: EV_approach_object
[INFO] [1789489747.030767183] [robot_2.robot_supervisor]: Selected controllable event: EV_approach_object
[INFO] [1789489747.231954549] [robot_2.robot_supervisor]: ############################# VISIBLE: EV_object_visible #############################
[INFO] [1789489747.232620010] [robot_2.robot_supervisor]: Selected controllable event: EV_search_object
[INFO] [1789489747.431323289] [robot_2.robot_supervisor]: Selected controllable event: EV_search_color
[INFO] [1789489747.624451696] [robot_2.robot_supervisor]: ############################# VISIBLE: EV_object_visible #############################
[INFO] [1789489747.625058627] [robot_2.robot_supervisor]: Selected controllable event: EV_approach_object
[INFO] [1789489747.835835198] [robot_2.robot_supervisor]: Selected controllable event: EV_move_forward
[INFO] [1789489748.131736734] [robot_2.robot_supervisor]: Triggered uncontrollable event: EV_object_not_visible
[INFO] [1789489748.132351377] [robot_2.robot_supervisor]: Selected controllable event: EV_approach_color
[INFO] [1789489748.338470657] [robot_2.robot_supervisor]: Selected controllable event: EV_move_forward
[INFO] [1789489748.632164381] [robot_2.robot_supervisor]: Triggered uncontrollable event: EV_object_not_visible
[INFO] [1789489748.632681098] [robot_2.robot_supervisor]: Selected controllable event: EV_search_object
[INFO] [1789489748.822201990] [robot_2.robot_supervisor]: Selected controllable event: EV_move_forward
[INFO] [1789489749.125944711] [robot_2.robot_supervisor]: Triggered uncontrollable event: EV_object_not_visible
[INFO] [1789489749.126429164] [robot_2.robot_supervisor]: Selected controllable event: EV_approach_color
[INFO] [1789489749.422712931] [robot_2.robot_supervisor]: Triggered uncontrollable event: EV_object_not_visible
[INFO] [1789489749.423270598] [robot_2.robot_supervisor]: Selected controllable event: EV_approach_object
[INFO] [1789489749.629150444] [robot_2.robot_supervisor]: Selected controllable event: EV_approach_color
[INFO] [1789489749.927549872] [robot_2.robot_supervisor]: Triggered uncontrollable event: EV_object_not_visible
[INFO] [1789489749.928073715] [robot_2.robot_supervisor]: Selected controllable event: EV_search_color
[INFO] [1789489750.032317553] [robot_2.robot_supervisor]: Selected controllable event: EV_search_color
[INFO] [1789489750.225647246] [robot_2.robot_supervisor]: Selected controllable event: EV_search_color
[INFO] [1789489750.424209257] [robot_2.robot_supervisor]: Triggered uncontrollable event: EV_object_not_visible
[INFO] [1789489750.424744620] [robot_2.robot_supervisor]: Selected controllable event: EV_search_color
[INFO] [1789489750.534181014] [robot_2.robot_supervisor]: Selected controllable event: EV_approach_object
[INFO] [1789489750.823261670] [robot_2.robot_supervisor]: Triggered uncontrollable event: EV_object_not_visible
[INFO] [1789489750.827487221] [robot_2.robot_supervisor]: Selected controllable event: EV_search_color
[INFO] [1789489751.023698714] [robot_2.robot_supervisor]: Selected controllable event: EV_search_color
[INFO] [1789489751.226335889] [robot_2.robot_supervisor]: Triggered uncontrollable event: EV_object_not_visible
[INFO] [1789489751.237238300] [robot_2.robot_supervisor]: Selected controllable event: EV_move_forward
[INFO] [1789489751.524419356] [robot_2.robot_supervisor]: Selected controllable event: EV_search_object
[INFO] [1789489751.635043305] [robot_2.robot_supervisor]: Triggered uncontrollable event: EV_object_not_visible
[INFO] [1789489751.635661154] [robot_2.robot_supervisor]: Selected controllable event: EV_search_color
[INFO] [1789489751.841600392] [robot_2.robot_supervisor]: Selected controllable event: EV_search_color
[INFO] [1789489752.028168260] [robot_2.robot_supervisor]: Triggered uncontrollable event: EV_object_not_visible
[INFO] [1789489752.029189078] [robot_2.robot_supervisor]: Selected controllable event: EV_search_color
[INFO] [1789489752.229060173] [robot_2.robot_supervisor]: Selected controllable event: EV_approach_object
[INFO] [1789489752.530130052] [robot_2.robot_supervisor]: Triggered uncontrollable event: EV_object_not_visible
[INFO] [1789489752.530730715] [robot_2.robot_supervisor]: Selected controllable event: EV_approach_color
[INFO] [1789489752.737795993] [robot_2.robot_supervisor]: Selected controllable event: EV_approach_object
[INFO] [1789489753.035175310] [robot_2.robot_supervisor]: Triggered uncontrollable event: EV_object_not_visible
[INFO] [1789489753.035820986] [robot_2.robot_supervisor]: Selected controllable event: EV_approach_object
[INFO] [1789489753.340951788] [robot_2.robot_supervisor]: Triggered uncontrollable event: EV_object_not_visible
[INFO] [1789489753.341618346] [robot_2.robot_supervisor]: Selected controllable event: EV_search_color
[INFO] [1789489753.531755552] [robot_2.robot_supervisor]: Selected controllable event: EV_approach_color
[INFO] [1789489753.833323173] [robot_2.robot_supervisor]: Triggered uncontrollable event: EV_object_not_visible
[INFO] [1789489753.836481547] [robot_2.robot_supervisor]: Selected controllable event: EV_search_color
[INFO] [1789489753.939135123] [robot_2.robot_supervisor]: Selected controllable event: EV_move_forward
[INFO] [1789489754.235036802] [robot_2.robot_supervisor]: Selected controllable event: EV_search_object
[INFO] [1789489754.423488898] [robot_2.robot_supervisor]: Triggered uncontrollable event: EV_object_not_visible
[INFO] [1789489754.430801516] [robot_2.robot_supervisor]: Selected controllable event: EV_search_object
[INFO] [1789489754.535418140] [robot_2.robot_supervisor]: Selected controllable event: EV_approach_object
[INFO] [1789489754.823332584] [robot_2.robot_supervisor]: Triggered uncontrollable event: EV_obstacle_right
[INFO] [1789489754.828054345] [robot_2.robot_supervisor]: Triggered uncontrollable event: EV_object_not_visible
[INFO] [1789489754.828726593] [robot_2.robot_supervisor]: Selected controllable event: EV_rotate_counterclockwise
[INFO] [1789489754.934253780] [robot_2.robot_supervisor]: Triggered uncontrollable event: EV_obstacle_right
[INFO] [1789489754.942261833] [robot_2.robot_supervisor]: Selected controllable event: EV_u_turn
[INFO] [1789489754.942729821] [robot_2.robot_supervisor]: Starting FULL ROTATE (omega=1.000, have_odom=True, target_rad=3.142, timeout_s=3.500)
[INFO] [1789489757.933466309] [robot_2.robot_supervisor]: FULL ROTATE completed by odom (accum_rad=3.207)
[INFO] [1789489758.234704375] [robot_2.robot_supervisor]: ############################# VISIBLE: EV_object_visible #############################
[INFO] [1789489758.235380090] [robot_2.robot_supervisor]: Selected controllable event: EV_search_object
[INFO] [1789489758.431226866] [robot_2.robot_supervisor]: ############################# VISIBLE: EV_object_visible #############################
[INFO] [1789489758.433643945] [robot_2.robot_supervisor]: Selected controllable event: EV_search_object
[INFO] [1789489758.640711617] [robot_2.robot_supervisor]: Selected controllable event: EV_search_color
[INFO] [1789489758.828679192] [robot_2.robot_supervisor]: ############################# VISIBLE: EV_object_visible #############################
[INFO] [1789489758.837536837] [robot_2.robot_supervisor]: Selected controllable event: EV_move_forward
[INFO] [1789489759.126212023] [robot_2.robot_supervisor]: Selected controllable event: EV_search_color
[INFO] [1789489759.326464562] [robot_2.robot_supervisor]: ############################# VISIBLE: EV_object_visible #############################
[INFO] [1789489759.338556452] [robot_2.robot_supervisor]: Selected controllable event: EV_approach_color
[INFO] [1789489759.637737081] [robot_2.robot_supervisor]: Selected controllable event: EV_search_color
[INFO] [1789489759.850796101] [robot_2.robot_supervisor]: ############################# VISIBLE: EV_object_visible #############################
[INFO] [1789489759.851438993] [robot_2.robot_supervisor]: Selected controllable event: EV_approach_object
[INFO] [1789489760.122822460] [robot_2.robot_supervisor]: ############################# VISIBLE: EV_object_visible #############################
[INFO] [1789489760.123380403] [robot_2.robot_supervisor]: Selected controllable event: EV_approach_color
[INFO] [1789489760.331972060] [robot_2.robot_supervisor]: Selected controllable event: EV_search_object
[INFO] [1789489760.522733075] [robot_2.robot_supervisor]: ############################# VISIBLE: EV_object_visible #############################
[INFO] [1789489760.523297321] [robot_2.robot_supervisor]: Selected controllable event: EV_search_object
[INFO] [1789489760.625847991] [robot_2.robot_supervisor]: Selected controllable event: EV_approach_color
[INFO] [1789489760.835119137] [robot_2.robot_supervisor]: Selected controllable event: EV_move_forward
[INFO] [1789489761.123669065] [robot_2.robot_supervisor]: ############################# VISIBLE: EV_object_visible #############################
[INFO] [1789489761.124227068] [robot_2.robot_supervisor]: Selected controllable event: EV_approach_object
[INFO] [1789489761.325344775] [robot_2.robot_supervisor]: Triggered uncontrollable event: EV_obstacle_left
[INFO] [1789489761.325980293] [robot_2.robot_supervisor]: ############################# VISIBLE: EV_object_visible #############################
[INFO] [1789489761.326413143] [robot_2.robot_supervisor]: Selected controllable event: EV_u_turn
[INFO] [1789489761.329406504] [robot_2.robot_supervisor]: Starting FULL ROTATE (omega=1.000, have_odom=True, target_rad=3.142, timeout_s=3.500)
[INFO] [1789489764.538265893] [robot_2.robot_supervisor]: FULL ROTATE completed by odom (accum_rad=3.184)
[INFO] [1789489764.824452847] [robot_2.robot_supervisor]: Triggered uncontrollable event: EV_obstacle_right
[INFO] [1789489764.824859785] [robot_2.robot_supervisor]: Triggered uncontrollable event: EV_object_not_visible
[INFO] [1789489764.825420961] [robot_2.robot_supervisor]: Selected controllable event: EV_u_turn
[INFO] [1789489764.922821636] [robot_2.robot_supervisor]: Triggered uncontrollable event: EV_obstacle_right
[INFO] [1789489764.926624652] [robot_2.robot_supervisor]: Selected controllable event: EV_u_turn
[INFO] [1789489765.030671676] [robot_2.robot_supervisor]: Triggered uncontrollable event: EV_object_not_visible
[INFO] [1789489765.040309949] [robot_2.robot_supervisor]: Selected controllable event: EV_approach_color
[INFO] [1789489765.330096346] [robot_2.robot_supervisor]: Selected controllable event: EV_move_forward
[INFO] [1789489765.622748824] [robot_2.robot_supervisor]: Triggered uncontrollable event: EV_object_not_visible
[INFO] [1789489765.641118574] [robot_2.robot_supervisor]: Selected controllable event: EV_search_color
[INFO] [1789489765.831177379] [robot_2.robot_supervisor]: Selected controllable event: EV_move_forward
[INFO] [1789489766.129822423] [robot_2.robot_supervisor]: Triggered uncontrollable event: EV_object_not_visible
[INFO] [1789489766.130434175] [robot_2.robot_supervisor]: Selected controllable event: EV_search_object
[INFO] [1789489766.326064327] [robot_2.robot_supervisor]: Selected controllable event: EV_search_object
[INFO] [1789489766.525471205] [robot_2.robot_supervisor]: Triggered uncontrollable event: EV_object_not_visible
[INFO] [1789489766.526239881] [robot_2.robot_supervisor]: Selected controllable event: EV_search_color
[INFO] [1789489766.727570620] [robot_2.robot_supervisor]: Selected controllable event: EV_approach_object
[INFO] [1789489766.944643163] [robot_2.robot_supervisor]: Selected controllable event: EV_approach_color
[INFO] [1789489767.256131178] [robot_2.robot_supervisor]: Selected controllable event: EV_search_color
[INFO] [1789489767.454918893] [robot_2.robot_supervisor]: Triggered uncontrollable event: EV_object_not_visible
[INFO] [1789489767.455974727] [robot_2.robot_supervisor]: Selected controllable event: EV_move_forward
[INFO] [1789489767.732605648] [robot_2.robot_supervisor]: Selected controllable event: EV_move_forward
[INFO] [1789489768.044726074] [robot_2.robot_supervisor]: Selected controllable event: EV_search_object
[INFO] [1789489768.153302074] [robot_2.robot_supervisor]: Selected controllable event: EV_search_object
[INFO] [1789489768.354463856] [robot_2.robot_supervisor]: Selected controllable event: EV_search_object
[INFO] [1789489768.549085693] [robot_2.robot_supervisor]: ############################# VISIBLE: EV_object_visible #############################
[INFO] [1789489768.550094180] [robot_2.robot_supervisor]: Selected controllable event: EV_approach_object
[INFO] [1789489768.850459751] [robot_2.robot_supervisor]: Selected controllable event: EV_approach_object
[INFO] [1789489769.161544177] [robot_2.robot_supervisor]: Selected controllable event: EV_move_forward
[INFO] [1789489769.423893764] [robot_2.robot_supervisor]: Selected controllable event: EV_search_object
[INFO] [1789489769.553054760] [robot_2.robot_supervisor]: ############################# VISIBLE: EV_object_visible #############################
[INFO] [1789489769.554190074] [robot_2.robot_supervisor]: Selected controllable event: EV_approach_color
[INFO] [1789489769.839239912] [robot_2.robot_supervisor]: Selected controllable event: EV_move_forward
[INFO] [1789489770.177353925] [robot_2.robot_supervisor]: Selected controllable event: EV_approach_color
[INFO] [1789489770.436668811] [robot_2.robot_supervisor]: Selected controllable event: EV_move_forward
[INFO] [1789489770.730387336] [robot_2.robot_supervisor]: ############################# VISIBLE: EV_object_visible #############################
[INFO] [1789489770.745570582] [robot_2.robot_supervisor]: Selected controllable event: EV_search_color
[INFO] [1789489770.956187845] [robot_2.robot_supervisor]: Selected controllable event: EV_approach_object
[INFO] [1789489771.242492153] [robot_2.robot_supervisor]: Selected controllable event: EV_approach_color
[INFO] [1789489771.559656712] [robot_2.robot_supervisor]: ############################# VISIBLE: EV_object_visible #############################
[INFO] [1789489771.564415464] [robot_2.robot_supervisor]: Selected controllable event: EV_search_color
[INFO] [1789489771.750233432] [robot_2.robot_supervisor]: Selected controllable event: EV_approach_color
[INFO] [1789489771.962860960] [robot_2.robot_supervisor]: Selected controllable event: EV_approach_object
[INFO] [1789489772.237640339] [robot_2.robot_supervisor]: Selected controllable event: EV_approach_color
[INFO] [1789489772.537476689] [robot_2.robot_supervisor]: ############################# VISIBLE: EV_object_visible #############################
[INFO] [1789489772.563245878] [robot_2.robot_supervisor]: Selected controllable event: EV_move_forward
[INFO] [1789489772.836247792] [robot_2.robot_supervisor]: Selected controllable event: EV_approach_object
[INFO] [1789489773.068471287] [robot_2.robot_supervisor]: Selected controllable event: EV_approach_color
[INFO] [1789489773.338406560] [robot_2.robot_supervisor]: Triggered uncontrollable event: EV_obstacle_front
[INFO] [1789489773.339439286] [robot_2.robot_supervisor]: Selected controllable event: EV_rotate_clockwise
[INFO] [1789489773.453247602] [robot_2.robot_supervisor]: Triggered uncontrollable event: EV_obstacle_front
[INFO] [1789489773.454110446] [robot_2.robot_supervisor]: ############################# VISIBLE: EV_object_visible #############################
[INFO] [1789489773.480470551] [robot_2.robot_supervisor]: Selected controllable event: EV_move_backward
[INFO] [1789489773.745578992] [robot_2.robot_supervisor]: Triggered uncontrollable event: EV_obstacle_front
[INFO] [1789489773.754240693] [robot_2.robot_supervisor]: Selected controllable event: EV_move_backward
[INFO] [1789489774.044736770] [robot_2.robot_supervisor]: Triggered uncontrollable event: EV_obstacle_front
[INFO] [1789489774.053106722] [robot_2.robot_supervisor]: Selected controllable event: EV_u_turn
[INFO] [1789489774.053952134] [robot_2.robot_supervisor]: Starting FULL ROTATE (omega=1.000, have_odom=True, target_rad=3.142, timeout_s=3.500)
[INFO] [1789489777.633613950] [robot_2.robot_supervisor]: FULL ROTATE completed by timeout
[INFO] [1789489777.850213856] [robot_2.robot_supervisor]: ############################# VISIBLE: EV_object_visible #############################
[INFO] [1789489777.856318921] [robot_2.robot_supervisor]: Selected controllable event: EV_approach_object
[INFO] [1789489778.141262738] [robot_2.robot_supervisor]: Selected controllable event: EV_search_object
[INFO] [1789489778.348024031] [robot_2.robot_supervisor]: ############################# VISIBLE: EV_object_visible #############################
[INFO] [1789489778.351395690] [robot_2.robot_supervisor]: Selected controllable event: EV_approach_color
[INFO] [1789489778.627213660] [robot_2.robot_supervisor]: Selected controllable event: EV_search_color
[INFO] [1789489778.746178415] [robot_2.robot_supervisor]: Selected controllable event: EV_search_object
[INFO] [1789489778.934583880] [robot_2.robot_supervisor]: Selected controllable event: EV_approach_object
[INFO] [1789489779.141513351] [robot_2.robot_supervisor]: Selected controllable event: EV_move_forward
[INFO] [1789489779.453745049] [robot_2.robot_supervisor]: ############################# VISIBLE: EV_object_visible #############################
[INFO] [1789489779.454881734] [robot_2.robot_supervisor]: Selected controllable event: EV_approach_object
[INFO] [1789489779.732915057] [robot_2.robot_supervisor]: Selected controllable event: EV_approach_object
[INFO] [1789489780.053301967] [robot_2.robot_supervisor]: Selected controllable event: EV_search_object
[INFO] [1789489780.240477871] [robot_2.robot_supervisor]: ############################# VISIBLE: EV_object_visible #############################
[INFO] [1789489780.253249518] [robot_2.robot_supervisor]: Selected controllable event: EV_move_forward
[INFO] [1789489780.526931232] [robot_2.robot_supervisor]: Selected controllable event: EV_move_forward
[INFO] [1789489780.754805781] [robot_2.robot_supervisor]: Selected controllable event: EV_approach_color
[INFO] [1789489781.035956118] [robot_2.robot_supervisor]: ############################# VISIBLE: EV_object_visible #############################
[INFO] [1789489781.036894282] [robot_2.robot_supervisor]: Selected controllable event: EV_search_color
[INFO] [1789489781.247341342] [robot_2.robot_supervisor]: Selected controllable event: EV_move_forward
[INFO] [1789489781.533303811] [robot_2.robot_supervisor]: Selected controllable event: EV_search_object
[INFO] [1789489781.641132482] [robot_2.robot_supervisor]: Selected controllable event: EV_search_color
[INFO] [1789489781.841959604] [robot_2.robot_supervisor]: ############################# VISIBLE: EV_object_visible #############################
[INFO] [1789489781.851866859] [robot_2.robot_supervisor]: Selected controllable event: EV_approach_object
[INFO] [1789489782.139304543] [robot_2.robot_supervisor]: Selected controllable event: EV_approach_color
[INFO] [1789489782.451778887] [robot_2.robot_supervisor]: Selected controllable event: EV_move_forward
[INFO] [1789489782.753041434] [robot_2.robot_supervisor]: ############################# VISIBLE: EV_object_visible #############################
[INFO] [1789489782.769586394] [robot_2.robot_supervisor]: Selected controllable event: EV_move_forward
[INFO] [1789489783.043367708] [robot_2.robot_supervisor]: Selected controllable event: EV_approach_object
[INFO] [1789489783.363722735] [robot_2.robot_supervisor]: Selected controllable event: EV_move_forward
[INFO] [1789489783.629966489] [robot_2.robot_supervisor]: ############################# VISIBLE: EV_object_visible #############################
[INFO] [1789489783.646048020] [robot_2.robot_supervisor]: Selected controllable event: EV_search_color
[INFO] [1789489783.846399300] [robot_2.robot_supervisor]: Selected controllable event: EV_search_object
[INFO] [1789489784.044760706] [robot_2.robot_supervisor]: Selected controllable event: EV_move_forward
[INFO] [1789489784.341485493] [robot_2.robot_supervisor]: ############################# VISIBLE: EV_object_visible #############################
[INFO] [1789489784.342390119] [robot_2.robot_supervisor]: Selected controllable event: EV_move_forward
[INFO] [1789489784.643836723] [robot_2.robot_supervisor]: Selected controllable event: EV_move_forward
[INFO] [1789489784.941965364] [robot_2.robot_supervisor]: Selected controllable event: EV_approach_color
[INFO] [1789489785.229084925] [robot_2.robot_supervisor]: Triggered uncontrollable event: EV_obstacle_front
[INFO] [1789489785.237378870] [robot_2.robot_supervisor]: ############################# VISIBLE: EV_object_visible #############################
[INFO] [1789489785.250579627] [robot_2.robot_supervisor]: Selected controllable event: EV_u_turn
[INFO] [1789489785.251501046] [robot_2.robot_supervisor]: Starting FULL ROTATE (omega=1.000, have_odom=True, target_rad=3.142, timeout_s=3.500)
[INFO] [1789489788.856642435] [robot_2.robot_supervisor]: FULL ROTATE completed by timeout
[INFO] [1789489789.149447358] [robot_2.robot_supervisor]: Triggered uncontrollable event: EV_object_not_visible
[INFO] [1789489789.166279600] [robot_2.robot_supervisor]: Selected controllable event: EV_move_forward
[INFO] [1789489789.423799942] [robot_2.robot_supervisor]: Selected controllable event: EV_search_object
[INFO] [1789489789.542268474] [robot_2.robot_supervisor]: Triggered uncontrollable event: EV_object_not_visible
[INFO] [1789489789.543302065] [robot_2.robot_supervisor]: Selected controllable event: EV_move_forward
[INFO] [1789489789.854349353] [robot_2.robot_supervisor]: Selected controllable event: EV_approach_color
[INFO] [1789489790.151771174] [robot_2.robot_supervisor]: Selected controllable event: EV_search_color
[INFO] [1789489790.351879224] [robot_2.robot_supervisor]: Triggered uncontrollable event: EV_object_not_visible
[INFO] [1789489790.352893805] [robot_2.robot_supervisor]: Selected controllable event: EV_approach_object
[INFO] [1789489790.633940988] [robot_2.robot_supervisor]: Selected controllable event: EV_move_forward
[INFO] [1789489790.840757441] [robot_2.robot_supervisor]: Selected controllable event: EV_approach_object
[INFO] [1789489791.052803251] [robot_2.robot_supervisor]: Selected controllable event: EV_approach_object
[INFO] [1789489791.334683814] [robot_2.robot_supervisor]: Triggered uncontrollable event: EV_object_not_visible
[INFO] [1789489791.342396594] [robot_2.robot_supervisor]: Selected controllable event: EV_search_color
[INFO] [1789489791.527574693] [robot_2.robot_supervisor]: Selected controllable event: EV_search_color
[INFO] [1789489791.748627427] [robot_2.robot_supervisor]: Selected controllable event: EV_search_color
[INFO] [1789489791.956366730] [robot_2.robot_supervisor]: Selected controllable event: EV_search_object
[INFO] [1789489792.135601372] [robot_2.robot_supervisor]: Triggered uncontrollable event: EV_object_not_visible
[INFO] [1789489792.136555537] [robot_2.robot_supervisor]: Selected controllable event: EV_move_forward
[INFO] [1789489792.436944930] [robot_2.robot_supervisor]: Selected controllable event: EV_search_color
[INFO] [1789489792.655521318] [robot_2.robot_supervisor]: Selected controllable event: EV_move_forward
[INFO] [1789489792.928021674] [robot_2.robot_supervisor]: Triggered uncontrollable event: EV_obstacle_right
[INFO] [1789489792.929848886] [robot_2.robot_supervisor]: Triggered uncontrollable event: EV_object_not_visible
[INFO] [1789489792.930722771] [robot_2.robot_supervisor]: Selected controllable event: EV_u_turn
[INFO] [1789489792.945135679] [robot_2.robot_supervisor]: Starting FULL ROTATE (omega=1.000, have_odom=True, target_rad=3.142, timeout_s=3.500)
[INFO] [1789489796.446095890] [robot_2.robot_supervisor]: FULL ROTATE completed by timeout
[INFO] [1789489796.728179952] [robot_2.robot_supervisor]: ############################# VISIBLE: EV_object_visible #############################
[INFO] [1789489796.742618461] [robot_2.robot_supervisor]: Selected controllable event: EV_search_object
[INFO] [1789489796.938074412] [robot_2.robot_supervisor]: Selected controllable event: EV_approach_color
[INFO] [1789489797.229523288] [robot_2.robot_supervisor]: Selected controllable event: EV_approach_color
[INFO] [1789489797.453513132] [robot_2.robot_supervisor]: ############################# VISIBLE: EV_object_visible #############################
[INFO] [1789489797.454469125] [robot_2.robot_supervisor]: Selected controllable event: EV_search_object
[INFO] [1789489797.650011455] [robot_2.robot_supervisor]: Selected controllable event: EV_move_forward
[INFO] [1789489797.948109703] [robot_2.robot_supervisor]: Selected controllable event: EV_approach_object
[INFO] [1789489798.264954266] [robot_2.robot_supervisor]: Selected controllable event: EV_search_object
[INFO] [1789489798.443620711] [robot_2.robot_supervisor]: ############################# VISIBLE: EV_object_visible #############################
[INFO] [1789489798.466684065] [robot_2.robot_supervisor]: Selected controllable event: EV_search_color
[INFO] [1789489798.646976588] [robot_2.robot_supervisor]: Selected controllable event: EV_approach_color
[INFO] [1789489798.928819543] [robot_2.robot_supervisor]: Selected controllable event: EV_search_object
[INFO] [1789489799.151242715] [robot_2.robot_supervisor]: Selected controllable event: EV_approach_object
[INFO] [1789489799.449274933] [robot_2.robot_supervisor]: ############################# VISIBLE: EV_object_visible #############################
[INFO] [1789489799.460534697] [robot_2.robot_supervisor]: Selected controllable event: EV_search_color
[INFO] [1789489799.625829294] [robot_2.robot_supervisor]: Selected controllable event: EV_search_color
[INFO] [1789489799.836753048] [robot_2.robot_supervisor]: Selected controllable event: EV_move_forward
[INFO] [1789489800.153655028] [robot_2.robot_supervisor]: ############################# VISIBLE: EV_object_visible #############################
[INFO] [1789489800.154624847] [robot_2.robot_supervisor]: Selected controllable event: EV_move_forward
[INFO] [1789489800.441947830] [robot_2.robot_supervisor]: Selected controllable event: EV_approach_object
[INFO] [1789489800.800163371] [robot_2.robot_supervisor]: Selected controllable event: EV_search_color
[INFO] [1789489800.951012824] [robot_2.robot_supervisor]: Selected controllable event: EV_search_color
[INFO] [1789489801.144133908] [robot_2.robot_supervisor]: ############################# VISIBLE: EV_object_visible #############################
[INFO] [1789489801.156473848] [robot_2.robot_supervisor]: Selected controllable event: EV_approach_object
[INFO] [1789489801.439634121] [robot_2.robot_supervisor]: Selected controllable event: EV_approach_color
[INFO] [1789489801.652662652] [robot_2.robot_supervisor]: Selected controllable event: EV_approach_object
[INFO] [1789489801.948330431] [robot_2.robot_supervisor]: ############################# VISIBLE: EV_object_visible #############################
[INFO] [1789489801.953822771] [robot_2.robot_supervisor]: Selected controllable event: EV_approach_color
[INFO] [1789489802.246827745] [robot_2.robot_supervisor]: Selected controllable event: EV_approach_color
[INFO] [1789489802.541280000] [robot_2.robot_supervisor]: Selected controllable event: EV_approach_object
[INFO] [1789489802.847599853] [robot_2.robot_supervisor]: Selected controllable event: EV_approach_color
[INFO] [1789489803.127383255] [robot_2.robot_supervisor]: ############################# VISIBLE: EV_object_visible #############################
[INFO] [1789489803.149305671] [robot_2.robot_supervisor]: Selected controllable event: EV_search_object
[INFO] [1789489803.334263690] [robot_2.robot_supervisor]: Selected controllable event: EV_search_color
[INFO] [1789489803.456380877] [robot_2.robot_supervisor]: Selected controllable event: EV_approach_object
[INFO] [1789489803.734013450] [robot_2.robot_supervisor]: Selected controllable event: EV_approach_object
[INFO] [1789489803.942002749] [robot_2.robot_supervisor]: Triggered uncontrollable event: EV_obstacle_left
[INFO] [1789489803.942739541] [robot_2.robot_supervisor]: ############################# VISIBLE: EV_object_visible #############################
[INFO] [1789489803.943610323] [robot_2.robot_supervisor]: Selected controllable event: EV_rotate_clockwise
[INFO] [1789489804.156762088] [robot_2.robot_supervisor]: Triggered uncontrollable event: EV_obstacle_left
[INFO] [1789489804.157818798] [robot_2.robot_supervisor]: Selected controllable event: EV_rotate_clockwise
[INFO] [1789489804.350404621] [robot_2.robot_supervisor]: Triggered uncontrollable event: EV_obstacle_left
[INFO] [1789489804.351318061] [robot_2.robot_supervisor]: Selected controllable event: EV_u_turn
[INFO] [1789489804.369008178] [robot_2.robot_supervisor]: Starting FULL ROTATE (omega=1.000, have_odom=True, target_rad=3.142, timeout_s=3.500)
[INFO] [1789489807.942237301] [robot_2.robot_supervisor]: FULL ROTATE completed by timeout
[INFO] [1789489808.241141541] [robot_2.robot_supervisor]: Triggered uncontrollable event: EV_obstacle_right
[INFO] [1789489808.255843433] [robot_2.robot_supervisor]: ############################# VISIBLE: EV_object_visible #############################
[INFO] [1789489808.258971824] [robot_2.robot_supervisor]: Selected controllable event: EV_rotate_counterclockwise
[WARN] [1789489808.259930953] [robot_2.robot_supervisor]: no translation for 4.3s livelock detected; starting atomic escape (turn_sign=+1)
[INFO] [1789489810.741072543] [robot_2.robot_supervisor]: Zone-livelock escape completed
[INFO] [1789489811.023469180] [robot_2.robot_supervisor]: ############################# VISIBLE: EV_object_visible #############################
[INFO] [1789489811.024463758] [robot_2.robot_supervisor]: Selected controllable event: EV_move_forward
[INFO] [1789489811.251782333] [robot_2.robot_supervisor]: ############################# VISIBLE: EV_object_visible #############################
[INFO] [1789489811.252754203] [robot_2.robot_supervisor]: Selected controllable event: EV_move_forward
[INFO] [1789489811.546831605] [robot_2.robot_supervisor]: Selected controllable event: EV_approach_object
[INFO] [1789489811.843528851] [robot_2.robot_supervisor]: Triggered uncontrollable event: EV_object_not_visible
[INFO] [1789489811.844568438] [robot_2.robot_supervisor]: Selected controllable event: EV_search_color
[INFO] [1789489812.050552754] [robot_2.robot_supervisor]: Selected controllable event: EV_approach_color
[INFO] [1789489812.332302240] [robot_2.robot_supervisor]: Selected controllable event: EV_search_color
[INFO] [1789489812.544532787] [robot_2.robot_supervisor]: Selected controllable event: EV_approach_color
[INFO] [1789489812.833614251] [robot_2.robot_supervisor]: Triggered uncontrollable event: EV_object_not_visible
[INFO] [1789489812.847098800] [robot_2.robot_supervisor]: Selected controllable event: EV_search_object
[INFO] [1789489813.050818833] [robot_2.robot_supervisor]: Selected controllable event: EV_approach_color
[INFO] [1789489813.332058930] [robot_2.robot_supervisor]: Selected controllable event: EV_approach_object
[INFO] [1789489813.638980052] [robot_2.robot_supervisor]: Triggered uncontrollable event: EV_object_not_visible
[INFO] [1789489813.644922842] [robot_2.robot_supervisor]: Selected controllable event: EV_search_object
[INFO] [1789489813.854578309] [robot_2.robot_supervisor]: Selected controllable event: EV_move_forward
[INFO] [1789489814.171298992] [robot_2.robot_supervisor]: Selected controllable event: EV_search_object
[INFO] [1789489814.329613168] [robot_2.robot_supervisor]: Triggered uncontrollable event: EV_object_not_visible
[INFO] [1789489814.340048037] [robot_2.robot_supervisor]: Selected controllable event: EV_search_color
[INFO] [1789489814.556260224] [robot_2.robot_supervisor]: Selected controllable event: EV_approach_color
[INFO] [1789489814.845568207] [robot_2.robot_supervisor]: Selected controllable event: EV_move_forward
[INFO] [1789489815.136953335] [robot_2.robot_supervisor]: Selected controllable event: EV_move_forward
[INFO] [1789489815.344481332] [robot_2.robot_supervisor]: Triggered uncontrollable event: EV_object_not_visible
[INFO] [1789489815.350993844] [robot_2.robot_supervisor]: Selected controllable event: EV_search_object
[INFO] [1789489815.543666346] [robot_2.robot_supervisor]: Selected controllable event: EV_approach_object
[INFO] [1789489815.824126083] [robot_2.robot_supervisor]: Selected controllable event: EV_move_forward
[INFO] [1789489816.153787071] [robot_2.robot_supervisor]: Selected controllable event: EV_search_object
[INFO] [1789489816.356286432] [robot_2.robot_supervisor]: Triggered uncontrollable event: EV_object_not_visible
[INFO] [1789489816.359533914] [robot_2.robot_supervisor]: Selected controllable event: EV_move_forward
[INFO] [1789489816.646677161] [robot_2.robot_supervisor]: Selected controllable event: EV_move_forward
[INFO] [1789489816.943394809] [robot_2.robot_supervisor]: Selected controllable event: EV_search_color
[INFO] [1789489817.139298854] [robot_2.robot_supervisor]: Triggered uncontrollable event: EV_object_not_visible
[INFO] [1789489817.154545334] [robot_2.robot_supervisor]: Selected controllable event: EV_search_color
[INFO] [1789489817.339980851] [robot_2.robot_supervisor]: Selected controllable event: EV_move_forward
[INFO] [1789489817.558638370] [robot_2.robot_supervisor]: Selected controllable event: EV_approach_color
[INFO] [1789489817.855618073] [robot_2.robot_supervisor]: Selected controllable event: EV_search_color
[INFO] [1789489818.051362524] [robot_2.robot_supervisor]: Triggered uncontrollable event: EV_object_not_visible
[INFO] [1789489818.058128263] [robot_2.robot_supervisor]: Selected controllable event: EV_approach_object
[INFO] [1789489818.346259826] [robot_2.robot_supervisor]: Selected controllable event: EV_move_forward
[INFO] [1789489818.655956191] [robot_2.robot_supervisor]: Selected controllable event: EV_search_color
[INFO] [1789489818.828244769] [robot_2.robot_supervisor]: Triggered uncontrollable event: EV_object_not_visible
[INFO] [1789489818.834782389] [robot_2.robot_supervisor]: Selected controllable event: EV_search_object
[INFO] [1789489819.040500070] [robot_2.robot_supervisor]: Selected controllable event: EV_search_object
[INFO] [1789489819.239844865] [robot_2.robot_supervisor]: Selected controllable event: EV_search_object
[INFO] [1789489819.436528227] [robot_2.robot_supervisor]: Selected controllable event: EV_approach_object
[INFO] [1789489819.745467104] [robot_2.robot_supervisor]: Triggered uncontrollable event: EV_obstacle_right
[INFO] [1789489819.746236130] [robot_2.robot_supervisor]: Triggered uncontrollable event: EV_object_not_visible
[INFO] [1789489819.761285033] [robot_2.robot_supervisor]: Selected controllable event: EV_u_turn
[INFO] [1789489819.762277424] [robot_2.robot_supervisor]: Starting FULL ROTATE (omega=1.000, have_odom=True, target_rad=3.142, timeout_s=3.500)
[INFO] [1789489823.355033257] [robot_2.robot_supervisor]: FULL ROTATE completed by timeout
[INFO] [1789489823.641942104] [robot_2.robot_supervisor]: Triggered uncontrollable event: EV_object_not_visible
[INFO] [1789489823.650314794] [robot_2.robot_supervisor]: Selected controllable event: EV_search_color
[INFO] [1789489823.852136363] [robot_2.robot_supervisor]: Selected controllable event: EV_search_color
[INFO] [1789489824.030347151] [robot_2.robot_supervisor]: Selected controllable event: EV_move_forward
[INFO] [1789489824.337534238] [robot_2.robot_supervisor]: ############################# VISIBLE: EV_object_visible #############################
[INFO] [1789489824.346952830] [robot_2.robot_supervisor]: Selected controllable event: EV_approach_color
[INFO] [1789489824.623061598] [robot_2.robot_supervisor]: Selected controllable event: EV_approach_object
[INFO] [1789489824.848186615] [robot_2.robot_supervisor]: Selected controllable event: EV_search_object
[INFO] [1789489824.960794917] [robot_2.robot_supervisor]: Selected controllable event: EV_approach_object
[INFO] [1789489825.223732975] [robot_2.robot_supervisor]: ############################# VISIBLE: EV_object_visible #############################
[INFO] [1789489825.239213244] [robot_2.robot_supervisor]: Selected controllable event: EV_approach_object
[INFO] [1789489825.448208329] [robot_2.robot_supervisor]: Selected controllable event: EV_approach_color
[INFO] [1789489825.734087057] [robot_2.robot_supervisor]: Selected controllable event: EV_search_color
[INFO] [1789489825.933456909] [robot_2.robot_supervisor]: ############################# VISIBLE: EV_object_visible #############################
[INFO] [1789489825.934458408] [robot_2.robot_supervisor]: Selected controllable event: EV_move_forward
[INFO] [1789489826.151972378] [robot_2.robot_supervisor]: Selected controllable event: EV_move_forward
[INFO] [1789489826.467349360] [robot_2.robot_supervisor]: Selected controllable event: EV_approach_color
[INFO] [1789489826.756143889] [robot_2.robot_supervisor]: ############################# VISIBLE: EV_object_visible #############################
[INFO] [1789489826.763734825] [robot_2.robot_supervisor]: Selected controllable event: EV_approach_object
[INFO] [1789489827.039712475] [robot_2.robot_supervisor]: Selected controllable event: EV_approach_color
[INFO] [1789489827.354207667] [robot_2.robot_supervisor]: Selected controllable event: EV_approach_object
[INFO] [1789489827.640504320] [robot_2.robot_supervisor]: ############################# VISIBLE: EV_object_visible #############################
[INFO] [1789489827.652570425] [robot_2.robot_supervisor]: Selected controllable event: EV_search_color
[INFO] [1789489827.832533871] [robot_2.robot_supervisor]: Selected controllable event: EV_move_forward
[INFO] [1789489828.055710170] [robot_2.robot_supervisor]: Selected controllable event: EV_search_object
[INFO] [1789489828.255351413] [robot_2.robot_supervisor]: Selected controllable event: EV_search_color
[INFO] [1789489828.455343840] [robot_2.robot_supervisor]: ############################# VISIBLE: EV_object_visible #############################
[INFO] [1789489828.456249468] [robot_2.robot_supervisor]: Selected controllable event: EV_move_forward
[INFO] [1789489828.731568775] [robot_2.robot_supervisor]: Selected controllable event: EV_approach_object
[INFO] [1789489828.936039722] [robot_2.robot_supervisor]: Selected controllable event: EV_move_forward
[INFO] [1789489829.146114258] [robot_2.robot_supervisor]: Triggered uncontrollable event: EV_obstacle_left
[INFO] [1789489829.147034053] [robot_2.robot_supervisor]: Selected controllable event: EV_u_turn
[INFO] [1789489829.166747414] [robot_2.robot_supervisor]: Starting FULL ROTATE (omega=1.000, have_odom=True, target_rad=3.142, timeout_s=3.500)
[INFO] [1789489832.729661381] [robot_2.robot_supervisor]: FULL ROTATE completed by timeout
[INFO] [1789489832.957489260] [robot_2.robot_supervisor]: Triggered uncontrollable event: EV_obstacle_right
[INFO] [1789489832.958203657] [robot_2.robot_supervisor]: ############################# VISIBLE: EV_object_visible #############################
[INFO] [1789489832.959134414] [robot_2.robot_supervisor]: Selected controllable event: EV_u_turn
[INFO] [1789489833.051922076] [robot_2.robot_supervisor]: Triggered uncontrollable event: EV_obstacle_right
[INFO] [1789489833.052835313] [robot_2.robot_supervisor]: Selected controllable event: EV_u_turn
[INFO] [1789489833.142755355] [robot_2.robot_supervisor]: Triggered uncontrollable event: EV_obstacle_right
[INFO] [1789489833.162622014] [robot_2.robot_supervisor]: Selected controllable event: EV_rotate_counterclockwise
[INFO] [1789489833.331682589] [robot_2.robot_supervisor]: ############################# VISIBLE: EV_object_visible #############################
[INFO] [1789489833.344590909] [robot_2.robot_supervisor]: Selected controllable event: EV_search_object
[INFO] [1789489833.543447369] [robot_2.robot_supervisor]: Selected controllable event: EV_search_object
[INFO] [1789489833.738793510] [robot_2.robot_supervisor]: Selected controllable event: EV_move_forward
[INFO] [1789489834.041175898] [robot_2.robot_supervisor]: Triggered uncontrollable event: EV_obstacle_right
[INFO] [1789489834.042079929] [robot_2.robot_supervisor]: Selected controllable event: EV_rotate_counterclockwise
[INFO] [1789489834.235288714] [robot_2.robot_supervisor]: Triggered uncontrollable event: EV_obstacle_right
[INFO] [1789489834.241543523] [robot_2.robot_supervisor]: ############################# VISIBLE: EV_object_visible #############################
[INFO] [1789489834.251839803] [robot_2.robot_supervisor]: Selected controllable event: EV_rotate_counterclockwise
[INFO] [1789489834.424492154] [robot_2.robot_supervisor]: Triggered uncontrollable event: EV_obstacle_right
[INFO] [1789489834.425377216] [robot_2.robot_supervisor]: Selected controllable event: EV_u_turn
[INFO] [1789489834.543614455] [robot_2.robot_supervisor]: Triggered uncontrollable event: EV_obstacle_right
[INFO] [1789489834.544499040] [robot_2.robot_supervisor]: Selected controllable event: EV_u_turn
[INFO] [1789489834.630234104] [robot_2.robot_supervisor]: ############################# VISIBLE: EV_object_visible #############################
[INFO] [1789489834.631078929] [robot_2.robot_supervisor]: Selected controllable event: EV_search_color
[INFO] [1789489834.835708271] [robot_2.robot_supervisor]: Selected controllable event: EV_search_color
[INFO] [1789489835.029942626] [robot_2.robot_supervisor]: Selected controllable event: EV_approach_color
[INFO] [1789489835.246097161] [robot_2.robot_supervisor]: Selected controllable event: EV_search_object
[INFO] [1789489835.443938451] [robot_2.robot_supervisor]: Selected controllable event: EV_approach_color
[INFO] [1789489835.735844006] [robot_2.robot_supervisor]: Triggered uncontrollable event: EV_object_not_visible
[INFO] [1789489835.736720952] [robot_2.robot_supervisor]: Selected controllable event: EV_move_forward
[INFO] [1789489836.046167805] [robot_2.robot_supervisor]: Selected controllable event: EV_move_forward
[INFO] [1789489836.322801367] [robot_2.robot_supervisor]: Triggered uncontrollable event: EV_object_not_visible
[INFO] [1789489836.323635820] [robot_2.robot_supervisor]: Selected controllable event: EV_approach_color
[INFO] [1789489836.539879156] [robot_2.robot_supervisor]: Selected controllable event: EV_approach_color
[INFO] [1789489836.844179357] [robot_2.robot_supervisor]: Selected controllable event: EV_search_object
[INFO] [1789489837.055076640] [robot_2.robot_supervisor]: Triggered uncontrollable event: EV_object_not_visible
[INFO] [1789489837.056187799] [robot_2.robot_supervisor]: Selected controllable event: EV_search_object
[INFO] [1789489837.242326562] [robot_2.robot_supervisor]: Selected controllable event: EV_search_color
[INFO] [1789489837.439542486] [robot_2.robot_supervisor]: Selected controllable event: EV_search_object
[INFO] [1789489837.635216501] [robot_2.robot_supervisor]: Selected controllable event: EV_move_forward
[INFO] [1789489837.933844382] [robot_2.robot_supervisor]: Triggered uncontrollable event: EV_object_not_visible
[INFO] [1789489837.946788745] [robot_2.robot_supervisor]: Selected controllable event: EV_move_forward
[INFO] [1789489838.238002439] [robot_2.robot_supervisor]: Selected controllable event: EV_search_color
[INFO] [1789489838.425137093] [robot_2.robot_supervisor]: Selected controllable event: EV_approach_object
[INFO] [1789489838.733513730] [robot_2.robot_supervisor]: Triggered uncontrollable event: EV_object_not_visible
[INFO] [1789489838.749663721] [robot_2.robot_supervisor]: Selected controllable event: EV_search_color
[INFO] [1789489838.935495085] [robot_2.robot_supervisor]: Selected controllable event: EV_move_forward
[INFO] [1789489839.137592785] [robot_2.robot_supervisor]: Selected controllable event: EV_approach_object
[INFO] [1789489839.443146575] [robot_2.robot_supervisor]: Triggered uncontrollable event: EV_obstacle_right
[INFO] [1789489839.450820251] [robot_2.robot_supervisor]: Triggered uncontrollable event: EV_object_not_visible
[INFO] [1789489839.460073416] [robot_2.robot_supervisor]: Selected controllable event: EV_u_turn
[INFO] [1789489839.469688917] [robot_2.robot_supervisor]: Starting FULL ROTATE (omega=1.000, have_odom=True, target_rad=3.142, timeout_s=3.500)
[INFO] [1789489843.027675807] [robot_2.robot_supervisor]: FULL ROTATE completed by timeout
[INFO] [1789489843.247693133] [robot_2.robot_supervisor]: Triggered uncontrollable event: EV_object_not_visible
[INFO] [1789489843.253361902] [robot_2.robot_supervisor]: Selected controllable event: EV_search_object
[INFO] [1789489843.360385542] [robot_2.robot_supervisor]: Selected controllable event: EV_approach_object
[INFO] [1789489843.658720631] [robot_2.robot_supervisor]: Triggered uncontrollable event: EV_object_not_visible
[INFO] [1789489843.665173283] [robot_2.robot_supervisor]: Selected controllable event: EV_approach_object
[INFO] [1789489843.941394973] [robot_2.robot_supervisor]: Selected controllable event: EV_approach_object
[INFO] [1789489844.257786332] [robot_2.robot_supervisor]: ############################# VISIBLE: EV_object_visible #############################
[INFO] [1789489844.258918801] [robot_2.robot_supervisor]: Selected controllable event: EV_approach_color
[INFO] [1789489844.524110341] [robot_2.robot_supervisor]: Selected controllable event: EV_approach_object
[INFO] [1789489844.732145937] [robot_2.robot_supervisor]: Selected controllable event: EV_search_color
[INFO] [1789489844.850615528] [robot_2.robot_supervisor]: Selected controllable event: EV_approach_color
[INFO] [1789489845.151679852] [robot_2.robot_supervisor]: ############################# VISIBLE: EV_object_visible #############################
[INFO] [1789489845.152610954] [robot_2.robot_supervisor]: Selected controllable event: EV_search_object
[INFO] [1789489845.341931406] [robot_2.robot_supervisor]: Selected controllable event: EV_search_object
[INFO] [1789489845.542728030] [robot_2.robot_supervisor]: Selected controllable event: EV_search_object
[INFO] [1789489845.760525707] [robot_2.robot_supervisor]: Selected controllable event: EV_approach_object
[INFO] [1789489846.037343850] [robot_2.robot_supervisor]: ############################# VISIBLE: EV_object_visible #############################
[INFO] [1789489846.051886054] [robot_2.robot_supervisor]: Selected controllable event: EV_approach_object
[INFO] [1789489846.339775430] [robot_2.robot_supervisor]: Selected controllable event: EV_approach_object
[INFO] [1789489846.641211912] [robot_2.robot_supervisor]: ############################# VISIBLE: EV_object_visible #############################
[INFO] [1789489846.653037483] [robot_2.robot_supervisor]: Selected controllable event: EV_search_color
[INFO] [1789489846.841764569] [robot_2.robot_supervisor]: Selected controllable event: EV_search_object
[INFO] [1789489847.043683598] [robot_2.robot_supervisor]: Selected controllable event: EV_approach_object
[INFO] [1789489847.348611023] [robot_2.robot_supervisor]: Selected controllable event: EV_move_forward
[INFO] [1789489847.659059015] [robot_2.robot_supervisor]: Triggered uncontrollable event: EV_obstacle_right
[INFO] [1789489847.659876905] [robot_2.robot_supervisor]: ############################# VISIBLE: EV_object_visible #############################
[INFO] [1789489847.664827417] [robot_2.robot_supervisor]: Selected controllable event: EV_u_turn
[INFO] [1789489847.665731221] [robot_2.robot_supervisor]: Starting FULL ROTATE (omega=1.000, have_odom=True, target_rad=3.142, timeout_s=3.500)
[INFO] [1789489851.237483775] [robot_2.robot_supervisor]: FULL ROTATE completed by timeout
[INFO] [1789489851.532706191] [robot_2.robot_supervisor]: ############################# VISIBLE: EV_object_visible #############################
[INFO] [1789489851.541092944] [robot_2.robot_supervisor]: Selected controllable event: EV_search_color
[INFO] [1789489851.765725308] [robot_2.robot_supervisor]: Selected controllable event: EV_search_object
[INFO] [1789489851.951426259] [robot_2.robot_supervisor]: ############################# VISIBLE: EV_object_visible #############################
[INFO] [1789489851.956976465] [robot_2.robot_supervisor]: Selected controllable event: EV_approach_object
[INFO] [1789489852.262354314] [robot_2.robot_supervisor]: Selected controllable event: EV_search_object
[INFO] [1789489852.445147801] [robot_2.robot_supervisor]: Selected controllable event: EV_search_object
[INFO] [1789489852.632041916] [robot_2.robot_supervisor]: Selected controllable event: EV_approach_color
[INFO] [1789489852.842450852] [robot_2.robot_supervisor]: ############################# VISIBLE: EV_object_visible #############################
[INFO] [1789489852.850175900] [robot_2.robot_supervisor]: Selected controllable event: EV_search_color
[INFO] [1789489852.953625061] [robot_2.robot_supervisor]: Selected controllable event: EV_search_color
[INFO] [1789489853.140786267] [robot_2.robot_supervisor]: Selected controllable event: EV_search_color
[INFO] [1789489853.332493832] [robot_2.robot_supervisor]: Selected controllable event: EV_move_forward
[INFO] [1789489853.636260208] [robot_2.robot_supervisor]: Selected controllable event: EV_approach_color
[INFO] [1789489853.942610552] [robot_2.robot_supervisor]: ############################# VISIBLE: EV_object_visible #############################
[INFO] [1789489853.951282180] [robot_2.robot_supervisor]: Selected controllable event: EV_move_forward
[INFO] [1789489854.238980189] [robot_2.robot_supervisor]: Selected controllable event: EV_approach_object
[INFO] [1789489854.547966602] [robot_2.robot_supervisor]: Selected controllable event: EV_search_color
[INFO] [1789489854.743368607] [robot_2.robot_supervisor]: Triggered uncontrollable event: EV_object_not_visible
[INFO] [1789489854.747764946] [robot_2.robot_supervisor]: Selected controllable event: EV_search_color
[INFO] [1789489854.948300347] [robot_2.robot_supervisor]: Selected controllable event: EV_approach_object
[INFO] [1789489855.234477802] [robot_2.robot_supervisor]: Selected controllable event: EV_approach_object
[INFO] [1789489855.468106256] [robot_2.robot_supervisor]: Selected controllable event: EV_search_color
[INFO] [1789489855.642185888] [robot_2.robot_supervisor]: Triggered uncontrollable event: EV_object_not_visible
[INFO] [1789489855.651100577] [robot_2.robot_supervisor]: Selected controllable event: EV_search_object
[INFO] [1789489855.843115498] [robot_2.robot_supervisor]: Selected controllable event: EV_search_color
[INFO] [1789489856.025605996] [robot_2.robot_supervisor]: Selected controllable event: EV_search_color
[INFO] [1789489856.156393005] [robot_2.robot_supervisor]: Selected controllable event: EV_approach_object
[INFO] [1789489856.444271945] [robot_2.robot_supervisor]: Selected controllable event: EV_search_color
[INFO] [1789489856.649328763] [robot_2.robot_supervisor]: Triggered uncontrollable event: EV_object_not_visible
[INFO] [1789489856.656684434] [robot_2.robot_supervisor]: Selected controllable event: EV_search_object
[INFO] [1789489856.851664643] [robot_2.robot_supervisor]: Selected controllable event: EV_search_color
[INFO] [1789489857.032646257] [robot_2.robot_supervisor]: Selected controllable event: EV_search_color
[INFO] [1789489857.150588163] [robot_2.robot_supervisor]: Selected controllable event: EV_move_forward
[INFO] [1789489857.429740363] [robot_2.robot_supervisor]: Triggered uncontrollable event: EV_obstacle_right
[INFO] [1789489857.430612593] [robot_2.robot_supervisor]: Triggered uncontrollable event: EV_object_not_visible
[INFO] [1789489857.444092981] [robot_2.robot_supervisor]: Selected controllable event: EV_rotate_counterclockwise
[INFO] [1789489857.636468153] [robot_2.robot_supervisor]: Triggered uncontrollable event: EV_obstacle_right
[INFO] [1789489857.637584732] [robot_2.robot_supervisor]: Selected controllable event: EV_u_turn
[INFO] [1789489857.654694084] [robot_2.robot_supervisor]: Starting FULL ROTATE (omega=1.000, have_odom=True, target_rad=3.142, timeout_s=3.500)
[INFO] [1789489861.245480215] [robot_2.robot_supervisor]: FULL ROTATE completed by timeout
[INFO] [1789489861.438489181] [robot_2.robot_supervisor]: Triggered uncontrollable event: EV_object_not_visible
[INFO] [1789489861.445400345] [robot_2.robot_supervisor]: Selected controllable event: EV_move_forward
[INFO] [1789489861.743492281] [robot_2.robot_supervisor]: Selected controllable event: EV_approach_color
[INFO] [1789489862.039363648] [robot_2.robot_supervisor]: ############################# VISIBLE: EV_object_visible #############################
[INFO] [1789489862.053986014] [robot_2.robot_supervisor]: Selected controllable event: EV_search_color
[INFO] [1789489862.237595815] [robot_2.robot_supervisor]: Selected controllable event: EV_move_forward
[INFO] [1789489862.461762668] [robot_2.robot_supervisor]: Selected controllable event: EV_approach_color
[INFO] [1789489862.744357247] [robot_2.robot_supervisor]: Selected controllable event: EV_search_object
[INFO] [1789489862.940986096] [robot_2.robot_supervisor]: ############################# VISIBLE: EV_object_visible #############################
[INFO] [1789489862.951687525] [robot_2.robot_supervisor]: Selected controllable event: EV_move_forward
[INFO] [1789489863.237574771] [robot_2.robot_supervisor]: Selected controllable event: EV_search_color
[INFO] [1789489863.433416555] [robot_2.robot_supervisor]: Selected controllable event: EV_approach_object
[INFO] [1789489863.742961022] [robot_2.robot_supervisor]: Selected controllable event: EV_search_color
[INFO] [1789489863.956485261] [robot_2.robot_supervisor]: ############################# VISIBLE: EV_object_visible #############################
[INFO] [1789489863.965655564] [robot_2.robot_supervisor]: Selected controllable event: EV_search_object
[INFO] [1789489864.153782071] [robot_2.robot_supervisor]: Selected controllable event: EV_approach_color
[INFO] [1789489864.423707447] [robot_2.robot_supervisor]: Selected controllable event: EV_approach_color
[INFO] [1789489864.650012203] [robot_2.robot_supervisor]: Selected controllable event: EV_search_object
[INFO] [1789489864.829602244] [robot_2.robot_supervisor]: Selected controllable event: EV_search_color
[INFO] [1789489865.045365026] [robot_2.robot_supervisor]: ############################# VISIBLE: EV_object_visible #############################
[INFO] [1789489865.051829466] [robot_2.robot_supervisor]: Selected controllable event: EV_approach_object
[INFO] [1789489865.351114714] [robot_2.robot_supervisor]: Selected controllable event: EV_search_color
[INFO] [1789489865.545497767] [robot_2.robot_supervisor]: Selected controllable event: EV_search_object
[INFO] [1789489865.647787833] [robot_2.robot_supervisor]: Selected controllable event: EV_approach_object
[INFO] [1789489865.928217474] [robot_2.robot_supervisor]: ############################# VISIBLE: EV_object_visible #############################
[INFO] [1789489865.941810116] [robot_2.robot_supervisor]: Selected controllable event: EV_search_object
[INFO] [1789489866.137577200] [robot_2.robot_supervisor]: Selected controllable event: EV_approach_object
[INFO] [1789489866.442086960] [robot_2.robot_supervisor]: Selected controllable event: EV_search_color
[INFO] [1789489866.634385640] [robot_2.robot_supervisor]: Triggered uncontrollable event: EV_obstacle_right
[INFO] [1789489866.659682018] [robot_2.robot_supervisor]: Selected controllable event: EV_rotate_counterclockwise
[INFO] [1789489866.838650624] [robot_2.robot_supervisor]: Triggered uncontrollable event: EV_obstacle_right
[INFO] [1789489866.839442095] [robot_2.robot_supervisor]: ############################# VISIBLE: EV_object_visible #############################
[INFO] [1789489866.840427067] [robot_2.robot_supervisor]: Selected controllable event: EV_u_turn
[INFO] [1789489866.856414346] [robot_2.robot_supervisor]: Starting FULL ROTATE (omega=1.000, have_odom=True, target_rad=3.142, timeout_s=3.500)
[INFO] [1789489870.429978430] [robot_2.robot_supervisor]: FULL ROTATE completed by timeout
[INFO] [1789489870.640949082] [robot_2.robot_supervisor]: ############################# VISIBLE: EV_object_visible #############################
[INFO] [1789489870.652570755] [robot_2.robot_supervisor]: Selected controllable event: EV_approach_object
[INFO] [1789489870.949888289] [robot_2.robot_supervisor]: ############################# VISIBLE: EV_object_visible #############################
[INFO] [1789489870.950945834] [robot_2.robot_supervisor]: Selected controllable event: EV_move_forward
[INFO] [1789489871.233525846] [robot_2.robot_supervisor]: Selected controllable event: EV_approach_object
[INFO] [1789489871.559479984] [robot_2.robot_supervisor]: Selected controllable event: EV_approach_color
[INFO] [1789489871.849303055] [robot_2.robot_supervisor]: ############################# VISIBLE: EV_object_visible #############################
[INFO] [1789489871.850361038] [robot_2.robot_supervisor]: Selected controllable event: EV_search_color
[INFO] [1789489872.049313017] [robot_2.robot_supervisor]: Selected controllable event: EV_search_color
[INFO] [1789489872.239682663] [robot_2.robot_supervisor]: Selected controllable event: EV_approach_object
[INFO] [1789489872.545790387] [robot_2.robot_supervisor]: Selected controllable event: EV_approach_color
[INFO] [1789489872.848929248] [robot_2.robot_supervisor]: ############################# VISIBLE: EV_object_visible #############################
[INFO] [1789489872.863260698] [robot_2.robot_supervisor]: Selected controllable event: EV_approach_object
[INFO] [1789489873.127926114] [robot_2.robot_supervisor]: Selected controllable event: EV_move_forward
[INFO] [1789489873.351376029] [robot_2.robot_supervisor]: Selected controllable event: EV_approach_object
[INFO] [1789489873.640303289] [robot_2.robot_supervisor]: Triggered uncontrollable event: EV_object_not_visible
[INFO] [1789489873.645700162] [robot_2.robot_supervisor]: Selected controllable event: EV_approach_object
[INFO] [1789489873.930493019] [robot_2.robot_supervisor]: Selected controllable event: EV_search_object
[INFO] [1789489874.036502902] [robot_2.robot_supervisor]: Selected controllable event: EV_move_forward
[INFO] [1789489874.334294564] [robot_2.robot_supervisor]: Triggered uncontrollable event: EV_object_not_visible
[INFO] [1789489874.338535853] [robot_2.robot_supervisor]: Selected controllable event: EV_search_object
[INFO] [1789489874.544446031] [robot_2.robot_supervisor]: Selected controllable event: EV_move_forward
[INFO] [1789489874.856997422] [robot_2.robot_supervisor]: Selected controllable event: EV_move_forward
[INFO] [1789489875.150560336] [robot_2.robot_supervisor]: Triggered uncontrollable event: EV_obstacle_right
[INFO] [1789489875.151505384] [robot_2.robot_supervisor]: Triggered uncontrollable event: EV_object_not_visible
[INFO] [1789489875.156872883] [robot_2.robot_supervisor]: Selected controllable event: EV_rotate_counterclockwise
[INFO] [1789489875.337133186] [robot_2.robot_supervisor]: Triggered uncontrollable event: EV_obstacle_right
[INFO] [1789489875.338119629] [robot_2.robot_supervisor]: Selected controllable event: EV_u_turn
[INFO] [1789489875.348377181] [robot_2.robot_supervisor]: Starting FULL ROTATE (omega=1.000, have_odom=True, target_rad=3.142, timeout_s=3.500)
[INFO] [1789489878.961268656] [robot_2.robot_supervisor]: FULL ROTATE completed by timeout
[INFO] [1789489879.171209789] [robot_2.robot_supervisor]: Triggered uncontrollable event: EV_obstacle_right
[INFO] [1789489879.175147776] [robot_2.robot_supervisor]: Triggered uncontrollable event: EV_object_not_visible
[INFO] [1789489879.176187160] [robot_2.robot_supervisor]: Selected controllable event: EV_rotate_counterclockwise
[WARN] [1789489879.186424924] [robot_2.robot_supervisor]: no translation for 4.3s livelock detected; starting atomic escape (turn_sign=+1)
[INFO] [1789489881.739278707] [robot_2.robot_supervisor]: Zone-livelock escape completed
[INFO] [1789489882.047994062] [robot_2.robot_supervisor]: Triggered uncontrollable event: EV_object_not_visible
[INFO] [1789489882.048801291] [robot_2.robot_supervisor]: Selected controllable event: EV_move_forward
[INFO] [1789489882.343523110] [robot_2.robot_supervisor]: Triggered uncontrollable event: EV_object_not_visible
[INFO] [1789489882.344281731] [robot_2.robot_supervisor]: Selected controllable event: EV_approach_object
[INFO] [1789489882.661599717] [robot_2.robot_supervisor]: Selected controllable event: EV_approach_object
[INFO] [1789489882.942530888] [robot_2.robot_supervisor]: ############################# VISIBLE: EV_object_visible #############################
[INFO] [1789489882.943317371] [robot_2.robot_supervisor]: Selected controllable event: EV_move_forward
[INFO] [1789489883.226944999] [robot_2.robot_supervisor]: Selected controllable event: EV_approach_object
[INFO] [1789489883.542247185] [robot_2.robot_supervisor]: Selected controllable event: EV_move_forward
[INFO] [1789489883.843113572] [robot_2.robot_supervisor]: ############################# VISIBLE: EV_object_visible #############################
[INFO] [1789489883.846539956] [robot_2.robot_supervisor]: Selected controllable event: EV_approach_color
[INFO] [1789489884.124444080] [robot_2.robot_supervisor]: Selected controllable event: EV_search_color
[INFO] [1789489884.244516995] [robot_2.robot_supervisor]: Selected controllable event: EV_approach_object
[INFO] [1789489884.447393249] [robot_2.robot_supervisor]: ############################# VISIBLE: EV_object_visible #############################
[INFO] [1789489884.450595466] [robot_2.robot_supervisor]: Selected controllable event: EV_move_forward
[INFO] [1789489884.732782515] [robot_2.robot_supervisor]: Selected controllable event: EV_approach_color
[INFO] [1789489885.025141418] [robot_2.robot_supervisor]: Selected controllable event: EV_approach_color
[INFO] [1789489885.236092205] [robot_2.robot_supervisor]: ############################# VISIBLE: EV_object_visible #############################
[INFO] [1789489885.258685513] [robot_2.robot_supervisor]: Selected controllable event: EV_approach_object
[INFO] [1789489885.537580223] [robot_2.robot_supervisor]: Selected controllable event: EV_approach_color
[INFO] [1789489885.845153616] [robot_2.robot_supervisor]: Triggered uncontrollable event: EV_obstacle_right
[INFO] [1789489885.854181651] [robot_2.robot_supervisor]: Selected controllable event: EV_u_turn
[INFO] [1789489885.859229555] [robot_2.robot_supervisor]: Starting FULL ROTATE (omega=1.000, have_odom=True, target_rad=3.142, timeout_s=3.500)
[INFO] [1789489889.430372954] [robot_2.robot_supervisor]: FULL ROTATE completed by timeout
[INFO] [1789489889.633753053] [robot_2.robot_supervisor]: ############################# VISIBLE: EV_object_visible #############################
[INFO] [1789489889.639745425] [robot_2.robot_supervisor]: Selected controllable event: EV_search_object
[INFO] [1789489889.850075732] [robot_2.robot_supervisor]: Selected controllable event: EV_approach_object
[INFO] [1789489890.125561773] [robot_2.robot_supervisor]: ############################# VISIBLE: EV_object_visible #############################
[INFO] [1789489890.132894850] [robot_2.robot_supervisor]: Selected controllable event: EV_move_forward
[INFO] [1789489890.432295541] [robot_2.robot_supervisor]: Selected controllable event: EV_search_color
[INFO] [1789489890.636674942] [robot_2.robot_supervisor]: Selected controllable event: EV_move_forward
[INFO] [1789489890.936028774] [robot_2.robot_supervisor]: ############################# VISIBLE: EV_object_visible #############################
[INFO] [1789489890.944507658] [robot_2.robot_supervisor]: Selected controllable event: EV_move_forward
[INFO] [1789489891.248197302] [robot_2.robot_supervisor]: Selected controllable event: EV_move_forward
[INFO] [1789489891.544531326] [robot_2.robot_supervisor]: Selected controllable event: EV_move_forward
[INFO] [1789489891.843747440] [robot_2.robot_supervisor]: ############################# VISIBLE: EV_object_visible #############################
[INFO] [1789489891.854326397] [robot_2.robot_supervisor]: Selected controllable event: EV_search_object
[INFO] [1789489892.040209846] [robot_2.robot_supervisor]: Selected controllable event: EV_search_color
[INFO] [1789489892.250351902] [robot_2.robot_supervisor]: Selected controllable event: EV_approach_object
[INFO] [1789489892.535476877] [robot_2.robot_supervisor]: Triggered uncontrollable event: EV_obstacle_front
[INFO] [1789489892.536152243] [robot_2.robot_supervisor]: ############################# VISIBLE: EV_object_visible #############################
[INFO] [1789489892.544845488] [robot_2.robot_supervisor]: Selected controllable event: EV_u_turn
[INFO] [1789489892.550954802] [robot_2.robot_supervisor]: Starting FULL ROTATE (omega=1.000, have_odom=True, target_rad=3.142, timeout_s=3.500)
[INFO] [1789489896.054530121] [robot_2.robot_supervisor]: FULL ROTATE completed by timeout
[INFO] [1789489896.346722165] [robot_2.robot_supervisor]: Triggered uncontrollable event: EV_object_not_visible
[INFO] [1789489896.347742387] [robot_2.robot_supervisor]: Selected controllable event: EV_search_color
[INFO] [1789489896.534070164] [robot_2.robot_supervisor]: Selected controllable event: EV_search_object
[INFO] [1789489896.640669364] [robot_2.robot_supervisor]: Triggered uncontrollable event: EV_object_not_visible
[INFO] [1789489896.641595278] [robot_2.robot_supervisor]: Selected controllable event: EV_search_object
[INFO] [1789489896.823408775] [robot_2.robot_supervisor]: Selected controllable event: EV_search_object
[INFO] [1789489897.045510394] [robot_2.robot_supervisor]: Selected controllable event: EV_search_object
[INFO] [1789489897.267198483] [robot_2.robot_supervisor]: Selected controllable event: EV_approach_color
[INFO] [1789489897.550321026] [robot_2.robot_supervisor]: Triggered uncontrollable event: EV_object_not_visible
[INFO] [1789489897.559663437] [robot_2.robot_supervisor]: Selected controllable event: EV_move_forward
[INFO] [1789489897.837326461] [robot_2.robot_supervisor]: Selected controllable event: EV_search_color
[INFO] [1789489898.044490486] [robot_2.robot_supervisor]: Selected controllable event: EV_search_object
[INFO] [1789489898.251698042] [robot_2.robot_supervisor]: Triggered uncontrollable event: EV_object_not_visible
[INFO] [1789489898.252573331] [robot_2.robot_supervisor]: Selected controllable event: EV_move_forward
[INFO] [1789489898.528960561] [robot_2.robot_supervisor]: Selected controllable event: EV_approach_object
[INFO] [1789489898.731182315] [robot_2.robot_supervisor]: Selected controllable event: EV_search_object
[INFO] [1789489898.948260211] [robot_2.robot_supervisor]: Triggered uncontrollable event: EV_obstacle_left
[INFO] [1789489898.951211958] [robot_2.robot_supervisor]: Triggered uncontrollable event: EV_object_not_visible
[INFO] [1789489898.952202111] [robot_2.robot_supervisor]: Selected controllable event: EV_rotate_clockwise
[INFO] [1789489899.129624532] [robot_2.robot_supervisor]: Triggered uncontrollable event: EV_obstacle_left
[INFO] [1789489899.130569769] [robot_2.robot_supervisor]: Selected controllable event: EV_u_turn
[INFO] [1789489899.131429947] [robot_2.robot_supervisor]: Starting FULL ROTATE (omega=1.000, have_odom=True, target_rad=3.142, timeout_s=3.500)
[INFO] [1789489902.753984955] [robot_2.robot_supervisor]: FULL ROTATE completed by timeout
[INFO] [1789489903.038186895] [robot_2.robot_supervisor]: ############################# VISIBLE: EV_object_visible #############################
[INFO] [1789489903.039666870] [robot_2.robot_supervisor]: Selected controllable event: EV_approach_color
[INFO] [1789489903.336214817] [robot_2.robot_supervisor]: Selected controllable event: EV_approach_color
[INFO] [1789489903.563267011] [robot_2.robot_supervisor]: ############################# VISIBLE: EV_object_visible #############################
[INFO] [1789489903.564146335] [robot_2.robot_supervisor]: Selected controllable event: EV_approach_color
[INFO] [1789489903.835658891] [robot_2.robot_supervisor]: Selected controllable event: EV_approach_object
[INFO] [1789489904.123734075] [robot_2.robot_supervisor]: Selected controllable event: EV_move_forward
[INFO] [1789489904.436843801] [robot_2.robot_supervisor]: ############################# VISIBLE: EV_object_visible #############################
[INFO] [1789489904.437798017] [robot_2.robot_supervisor]: Selected controllable event: EV_search_color
[INFO] [1789489904.629317409] [robot_2.robot_supervisor]: Selected controllable event: EV_move_forward
[INFO] [1789489904.953600143] [robot_2.robot_supervisor]: Selected controllable event: EV_approach_color
[INFO] [1789489905.234256336] [robot_2.robot_supervisor]: ############################# VISIBLE: EV_object_visible #############################
[INFO] [1789489905.244315712] [robot_2.robot_supervisor]: Selected controllable event: EV_approach_object
[INFO] [1789489905.533183408] [robot_2.robot_supervisor]: Selected controllable event: EV_approach_object
[INFO] [1789489905.852060981] [robot_2.robot_supervisor]: ############################# VISIBLE: EV_object_visible #############################
[INFO] [1789489905.852934939] [robot_2.robot_supervisor]: Selected controllable event: EV_move_forward
[INFO] [1789489906.134595500] [robot_2.robot_supervisor]: Selected controllable event: EV_move_forward
[INFO] [1789489906.429415535] [robot_2.robot_supervisor]: Selected controllable event: EV_move_forward
[INFO] [1789489906.647005402] [robot_2.robot_supervisor]: ############################# VISIBLE: EV_object_visible #############################
[INFO] [1789489906.658622954] [robot_2.robot_supervisor]: Selected controllable event: EV_move_forward
[INFO] [1789489906.925729110] [robot_2.robot_supervisor]: Selected controllable event: EV_search_object
[INFO] [1789489907.141592163] [robot_2.robot_supervisor]: Selected controllable event: EV_approach_color
[INFO] [1789489907.431644858] [robot_2.robot_supervisor]: ############################# VISIBLE: EV_object_visible #############################
[INFO] [1789489907.437052448] [robot_2.robot_supervisor]: Selected controllable event: EV_approach_object
[INFO] [1789489907.651648643] [robot_2.robot_supervisor]: Selected controllable event: EV_approach_object
[INFO] [1789489907.937820410] [robot_2.robot_supervisor]: Selected controllable event: EV_search_color
[INFO] [1789489908.149932130] [robot_2.robot_supervisor]: Selected controllable event: EV_approach_object
[INFO] [1789489908.428759551] [robot_2.robot_supervisor]: ############################# VISIBLE: EV_object_visible #############################
[INFO] [1789489908.445901233] [robot_2.robot_supervisor]: Selected controllable event: EV_approach_object
[INFO] [1789489908.741382084] [robot_2.robot_supervisor]: Selected controllable event: EV_move_forward
[INFO] [1789489908.949910881] [robot_2.robot_supervisor]: Selected controllable event: EV_approach_color
[INFO] [1789489909.162887777] [robot_2.robot_supervisor]: ############################# VISIBLE: EV_object_visible #############################
[INFO] [1789489909.187589220] [robot_2.robot_supervisor]: Selected controllable event: EV_move_forward
[INFO] [1789489909.472729738] [robot_2.robot_supervisor]: Selected controllable event: EV_search_object
[INFO] [1789489909.645265391] [robot_2.robot_supervisor]: Selected controllable event: EV_search_color
[INFO] [1789489909.849366272] [robot_2.robot_supervisor]: Selected controllable event: EV_search_color
[INFO] [1789489910.049428384] [robot_2.robot_supervisor]: Selected controllable event: EV_approach_color
[INFO] [1789489910.287564382] [robot_2.robot_supervisor]: Selected controllable event: EV_approach_object
[INFO] [1789489910.543363404] [robot_2.robot_supervisor]: Selected controllable event: EV_search_object
[INFO] [1789489910.649790548] [robot_2.robot_supervisor]: Selected controllable event: EV_move_forward
