[INFO] [1789492192.611576318] [robot_0.robot_supervisor]: Loaded initial mission 'balanced_delivery' from explicit YAML supervisor.yaml
[INFO] [1789492192.715591426] [robot_0.robot_supervisor]: Selected controllable event: EV_approach_object
[INFO] [1789492193.015134357] [robot_0.robot_supervisor]: Selected controllable event: EV_approach_color
[INFO] [1789492193.315443090] [robot_0.robot_supervisor]: Selected controllable event: EV_approach_object
[INFO] [1789492193.614996131] [robot_0.robot_supervisor]: Selected controllable event: EV_search_color
[INFO] [1789492193.721668218] [robot_0.robot_supervisor]: Selected controllable event: EV_search_object
[INFO] [1789492193.915473193] [robot_0.robot_supervisor]: Selected controllable event: EV_approach_color
[INFO] [1789492194.215399486] [robot_0.robot_supervisor]: Selected controllable event: EV_search_object
[INFO] [1789492194.415458713] [robot_0.robot_supervisor]: Selected controllable event: EV_move_forward
[INFO] [1789492194.715101022] [robot_0.robot_supervisor]: Selected controllable event: EV_search_color
[INFO] [1789492194.915416479] [robot_0.robot_supervisor]: Selected controllable event: EV_search_object
[INFO] [1789492195.115502220] [robot_0.robot_supervisor]: Selected controllable event: EV_search_color
[INFO] [1789492195.314830930] [robot_0.robot_supervisor]: Triggered uncontrollable event: EV_obstacle_left
[INFO] [1789492195.315045198] [robot_0.robot_supervisor]: Triggered uncontrollable event: EV_object_not_visible
[INFO] [1789492195.315484130] [robot_0.robot_supervisor]: Selected controllable event: EV_rotate_clockwise
[INFO] [1789492195.514885966] [robot_0.robot_supervisor]: Triggered uncontrollable event: EV_obstacle_left
[INFO] [1789492195.515115340] [robot_0.robot_supervisor]: Triggered uncontrollable event: EV_object_not_visible
[INFO] [1789492195.515397688] [robot_0.robot_supervisor]: Selected controllable event: EV_rotate_clockwise
[INFO] [1789492195.714992075] [robot_0.robot_supervisor]: Triggered uncontrollable event: EV_obstacle_left
[INFO] [1789492195.715306695] [robot_0.robot_supervisor]: Selected controllable event: EV_rotate_clockwise
[INFO] [1789492195.914932182] [robot_0.robot_supervisor]: Triggered uncontrollable event: EV_obstacle_left
[INFO] [1789492195.915241237] [robot_0.robot_supervisor]: Triggered uncontrollable event: EV_object_not_visible
[INFO] [1789492195.915645271] [robot_0.robot_supervisor]: Selected controllable event: EV_u_turn
[INFO] [1789492195.915900524] [robot_0.robot_supervisor]: Starting FULL ROTATE (omega=1.000, have_odom=True, target_rad=3.142, timeout_s=3.500)
[INFO] [1789492197.714890599] [robot_0.robot_supervisor]: FULL ROTATE completed by odom (accum_rad=3.266)
[INFO] [1789492197.914944684] [robot_0.robot_supervisor]: Triggered uncontrollable event: EV_object_not_visible
[INFO] [1789492197.915275257] [robot_0.robot_supervisor]: Selected controllable event: EV_search_color
[INFO] [1789492198.114953951] [robot_0.robot_supervisor]: ############################# VISIBLE: EV_object_visible #############################
[INFO] [1789492198.115299366] [robot_0.robot_supervisor]: Selected controllable event: EV_approach_color
[INFO] [1789492198.415071764] [robot_0.robot_supervisor]: ############################# VISIBLE: EV_object_visible #############################
[INFO] [1789492198.415430170] [robot_0.robot_supervisor]: Selected controllable event: EV_search_color
[INFO] [1789492198.615526344] [robot_0.robot_supervisor]: ############################# REACHED: EV_object_reached #############################
[INFO] [1789492198.616202578] [robot_0.robot_supervisor]: Selected controllable event: EV_search_color
[INFO] [1789492198.815006896] [robot_0.robot_supervisor]: ############################# REACHED: EV_object_reached #############################
[INFO] [1789492198.815471817] [robot_0.robot_supervisor]: Selected controllable event: EV_approach_color
[INFO] [1789492199.115449083] [robot_0.robot_supervisor]: Triggered uncontrollable event: EV_obstacle_right
[INFO] [1789492199.115730310] [robot_0.robot_supervisor]: ############################# REACHED: EV_object_reached #############################
[INFO] [1789492199.116015722] [robot_0.robot_supervisor]: Selected controllable event: EV_rotate_counterclockwise
[INFO] [1789492199.315508132] [robot_0.robot_supervisor]: Triggered uncontrollable event: EV_obstacle_right
[INFO] [1789492199.315777501] [robot_0.robot_supervisor]: ############################# REACHED: EV_object_reached #############################
[INFO] [1789492199.316224653] [robot_0.robot_supervisor]: Selected controllable event: EV_pick_up_object
[INFO] [1789492199.419273832] [robot_0.robot_supervisor]: Cargo 'robot_0_carried_generic_box' placed on robot.
[INFO] [1789492199.615120405] [robot_0.robot_supervisor]: Selected controllable event: EV_approach_object
[INFO] [1789492199.915694756] [robot_0.robot_supervisor]: Triggered uncontrollable event: EV_blue_visible
[INFO] [1789492199.916163867] [robot_0.robot_supervisor]: Triggered uncontrollable event: EV_red_visible
[INFO] [1789492199.916737445] [robot_0.robot_supervisor]: Selected controllable event: EV_search_color
[INFO] [1789492200.115300031] [robot_0.robot_supervisor]: Selected controllable event: EV_move_forward
[INFO] [1789492200.415832220] [robot_0.robot_supervisor]: Triggered uncontrollable event: EV_red_visible
[INFO] [1789492200.416375779] [robot_0.robot_supervisor]: Triggered uncontrollable event: EV_blue_not_visible
[INFO] [1789492200.416973434] [robot_0.robot_supervisor]: Selected controllable event: EV_search_color
[INFO] [1789492200.615258762] [robot_0.robot_supervisor]: Selected controllable event: EV_approach_color
[INFO] [1789492200.915114959] [robot_0.robot_supervisor]: Triggered uncontrollable event: EV_red_visible
[INFO] [1789492200.915318955] [robot_0.robot_supervisor]: Triggered uncontrollable event: EV_blue_not_visible
[INFO] [1789492200.915588116] [robot_0.robot_supervisor]: Selected controllable event: EV_approach_object
[INFO] [1789492201.215175050] [robot_0.robot_supervisor]: Triggered uncontrollable event: EV_red_not_visible
[INFO] [1789492201.215385060] [robot_0.robot_supervisor]: Triggered uncontrollable event: EV_blue_not_visible
[INFO] [1789492201.215644486] [robot_0.robot_supervisor]: Selected controllable event: EV_move_forward
[INFO] [1789492201.515106379] [robot_0.robot_supervisor]: Triggered uncontrollable event: EV_red_not_visible
[INFO] [1789492201.515399615] [robot_0.robot_supervisor]: Triggered uncontrollable event: EV_blue_not_visible
[INFO] [1789492201.515792402] [robot_0.robot_supervisor]: Selected controllable event: EV_search_object
[INFO] [1789492201.714960980] [robot_0.robot_supervisor]: Triggered uncontrollable event: EV_red_not_visible
[INFO] [1789492201.715243080] [robot_0.robot_supervisor]: Triggered uncontrollable event: EV_blue_not_visible
[INFO] [1789492201.715621060] [robot_0.robot_supervisor]: Selected controllable event: EV_search_color
[INFO] [1789492201.915086197] [robot_0.robot_supervisor]: Triggered uncontrollable event: EV_red_not_visible
[INFO] [1789492201.915384103] [robot_0.robot_supervisor]: Triggered uncontrollable event: EV_blue_not_visible
[INFO] [1789492201.915794468] [robot_0.robot_supervisor]: Selected controllable event: EV_approach_object
[INFO] [1789492202.215001004] [robot_0.robot_supervisor]: Triggered uncontrollable event: EV_red_not_visible
[INFO] [1789492202.215206729] [robot_0.robot_supervisor]: Triggered uncontrollable event: EV_blue_not_visible
[INFO] [1789492202.215514127] [robot_0.robot_supervisor]: Selected controllable event: EV_search_color
[INFO] [1789492202.415027584] [robot_0.robot_supervisor]: Triggered uncontrollable event: EV_red_not_visible
[INFO] [1789492202.415233042] [robot_0.robot_supervisor]: Triggered uncontrollable event: EV_blue_not_visible
[INFO] [1789492202.415511613] [robot_0.robot_supervisor]: Selected controllable event: EV_search_color
[INFO] [1789492202.615156545] [robot_0.robot_supervisor]: Selected controllable event: EV_search_object
[INFO] [1789492202.815274219] [robot_0.robot_supervisor]: Triggered uncontrollable event: EV_red_not_visible
[INFO] [1789492202.815651128] [robot_0.robot_supervisor]: Triggered uncontrollable event: EV_blue_not_visible
[INFO] [1789492202.816041353] [robot_0.robot_supervisor]: Selected controllable event: EV_approach_object
[INFO] [1789492203.115126276] [robot_0.robot_supervisor]: Triggered uncontrollable event: EV_red_not_visible
[INFO] [1789492203.115361729] [robot_0.robot_supervisor]: Triggered uncontrollable event: EV_blue_not_visible
[INFO] [1789492203.115639445] [robot_0.robot_supervisor]: Selected controllable event: EV_move_forward
[INFO] [1789492203.415545798] [robot_0.robot_supervisor]: Triggered uncontrollable event: EV_red_not_visible
[INFO] [1789492203.415977389] [robot_0.robot_supervisor]: Triggered uncontrollable event: EV_blue_not_visible
[INFO] [1789492203.416551259] [robot_0.robot_supervisor]: Selected controllable event: EV_move_forward
[INFO] [1789492203.715260151] [robot_0.robot_supervisor]: Triggered uncontrollable event: EV_red_not_visible
[INFO] [1789492203.715457627] [robot_0.robot_supervisor]: Triggered uncontrollable event: EV_blue_not_visible
[INFO] [1789492203.715703993] [robot_0.robot_supervisor]: Selected controllable event: EV_approach_color
[INFO] [1789492204.015325846] [robot_0.robot_supervisor]: Triggered uncontrollable event: EV_red_not_visible
[INFO] [1789492204.015525443] [robot_0.robot_supervisor]: Triggered uncontrollable event: EV_blue_not_visible
[INFO] [1789492204.015785483] [robot_0.robot_supervisor]: Selected controllable event: EV_search_object
[INFO] [1789492204.215430742] [robot_0.robot_supervisor]: Triggered uncontrollable event: EV_red_not_visible
[INFO] [1789492204.215642094] [robot_0.robot_supervisor]: Triggered uncontrollable event: EV_blue_not_visible
[INFO] [1789492204.215951568] [robot_0.robot_supervisor]: Selected controllable event: EV_approach_object
[INFO] [1789492204.515185211] [robot_0.robot_supervisor]: Triggered uncontrollable event: EV_red_not_visible
[INFO] [1789492204.515444396] [robot_0.robot_supervisor]: Triggered uncontrollable event: EV_blue_not_visible
[INFO] [1789492204.515766188] [robot_0.robot_supervisor]: Selected controllable event: EV_approach_color
[INFO] [1789492204.815045172] [robot_0.robot_supervisor]: Triggered uncontrollable event: EV_red_not_visible
[INFO] [1789492204.815250469] [robot_0.robot_supervisor]: Triggered uncontrollable event: EV_blue_not_visible
[INFO] [1789492204.815512632] [robot_0.robot_supervisor]: Selected controllable event: EV_approach_object
[INFO] [1789492205.115047275] [robot_0.robot_supervisor]: Triggered uncontrollable event: EV_red_not_visible
[INFO] [1789492205.115260066] [robot_0.robot_supervisor]: Triggered uncontrollable event: EV_blue_not_visible
[INFO] [1789492205.115521318] [robot_0.robot_supervisor]: Selected controllable event: EV_search_color
[INFO] [1789492205.315171375] [robot_0.robot_supervisor]: Triggered uncontrollable event: EV_obstacle_right
[INFO] [1789492205.315392653] [robot_0.robot_supervisor]: Triggered uncontrollable event: EV_red_not_visible
[INFO] [1789492205.315617707] [robot_0.robot_supervisor]: Triggered uncontrollable event: EV_blue_not_visible
[INFO] [1789492205.315978294] [robot_0.robot_supervisor]: Selected controllable event: EV_rotate_counterclockwise
[INFO] [1789492205.515713574] [robot_0.robot_supervisor]: Triggered uncontrollable event: EV_obstacle_right
[INFO] [1789492205.516151167] [robot_0.robot_supervisor]: Triggered uncontrollable event: EV_red_not_visible
[INFO] [1789492205.516539181] [robot_0.robot_supervisor]: Triggered uncontrollable event: EV_blue_not_visible
[INFO] [1789492205.517060232] [robot_0.robot_supervisor]: Selected controllable event: EV_rotate_counterclockwise
[INFO] [1789492205.715774126] [robot_0.robot_supervisor]: Triggered uncontrollable event: EV_obstacle_right
[INFO] [1789492205.716215881] [robot_0.robot_supervisor]: Triggered uncontrollable event: EV_red_not_visible
[INFO] [1789492205.716594823] [robot_0.robot_supervisor]: Triggered uncontrollable event: EV_blue_not_visible
[INFO] [1789492205.717161879] [robot_0.robot_supervisor]: Selected controllable event: EV_u_turn
[INFO] [1789492205.717642108] [robot_0.robot_supervisor]: Starting FULL ROTATE (omega=1.000, have_odom=True, target_rad=3.142, timeout_s=3.500)
[INFO] [1789492207.315572867] [robot_0.robot_supervisor]: FULL ROTATE completed by odom (accum_rad=3.200)
[INFO] [1789492207.615514305] [robot_0.robot_supervisor]: Triggered uncontrollable event: EV_blue_visible
[INFO] [1789492207.615732440] [robot_0.robot_supervisor]: Triggered uncontrollable event: EV_red_visible
[INFO] [1789492207.615993190] [robot_0.robot_supervisor]: Selected controllable event: EV_search_object
[INFO] [1789492207.815273331] [robot_0.robot_supervisor]: DELIVERED zone_a; balance=zone_a_has_extra
[INFO] [1789492207.815497871] [robot_0.robot_supervisor]: Triggered uncontrollable event: EV_blue_visible
[INFO] [1789492207.815679236] [robot_0.robot_supervisor]: Triggered uncontrollable event: EV_red_visible
[INFO] [1789492207.815916469] [robot_0.robot_supervisor]: Selected controllable event: EV_drop_zone_red
[INFO] [1789492207.816658162] [robot_0.robot_supervisor]: Delivered cargo 'robot_0_carried_generic_box' removed.
[INFO] [1789492207.914895124] [robot_0.robot_supervisor]: ############################# VISIBLE: EV_object_visible #############################
[INFO] [1789492207.915205448] [robot_0.robot_supervisor]: Selected controllable event: EV_approach_color
[INFO] [1789492208.214941687] [robot_0.robot_supervisor]: ############################# VISIBLE: EV_object_visible #############################
[INFO] [1789492208.215271521] [robot_0.robot_supervisor]: Selected controllable event: EV_approach_color
[INFO] [1789492208.515437457] [robot_0.robot_supervisor]: ############################# VISIBLE: EV_object_visible #############################
[INFO] [1789492208.516128778] [robot_0.robot_supervisor]: Selected controllable event: EV_search_color
[INFO] [1789492208.715384748] [robot_0.robot_supervisor]: ############################# VISIBLE: EV_object_visible #############################
[INFO] [1789492208.716013033] [robot_0.robot_supervisor]: Selected controllable event: EV_search_object
[INFO] [1789492208.915456766] [robot_0.robot_supervisor]: Selected controllable event: EV_approach_color
[INFO] [1789492209.215360738] [robot_0.robot_supervisor]: ############################# VISIBLE: EV_object_visible #############################
[INFO] [1789492209.215906634] [robot_0.robot_supervisor]: Selected controllable event: EV_search_color
[INFO] [1789492209.414947619] [robot_0.robot_supervisor]: ############################# VISIBLE: EV_object_visible #############################
[INFO] [1789492209.415279537] [robot_0.robot_supervisor]: Selected controllable event: EV_approach_object
[INFO] [1789492209.715418611] [robot_0.robot_supervisor]: ############################# VISIBLE: EV_object_visible #############################
[INFO] [1789492209.716078162] [robot_0.robot_supervisor]: Selected controllable event: EV_approach_object
[INFO] [1789492210.015312341] [robot_0.robot_supervisor]: ############################# VISIBLE: EV_object_visible #############################
[INFO] [1789492210.015891444] [robot_0.robot_supervisor]: Selected controllable event: EV_move_forward
[INFO] [1789492210.315199492] [robot_0.robot_supervisor]: ############################# VISIBLE: EV_object_visible #############################
[INFO] [1789492210.315751475] [robot_0.robot_supervisor]: Selected controllable event: EV_search_object
[INFO] [1789492210.515207931] [robot_0.robot_supervisor]: ############################# VISIBLE: EV_object_visible #############################
[INFO] [1789492210.515791689] [robot_0.robot_supervisor]: Selected controllable event: EV_approach_color
[INFO] [1789492210.815274715] [robot_0.robot_supervisor]: Triggered uncontrollable event: EV_obstacle_right
[INFO] [1789492210.815698248] [robot_0.robot_supervisor]: ############################# VISIBLE: EV_object_visible #############################
[INFO] [1789492210.816217202] [robot_0.robot_supervisor]: Selected controllable event: EV_drop_object
[INFO] [1789492211.114846235] [robot_0.robot_supervisor]: ############################# REACHED: EV_object_reached #############################
[INFO] [1789492211.115158814] [robot_0.robot_supervisor]: Selected controllable event: EV_move_forward
[INFO] [1789492211.415144750] [robot_0.robot_supervisor]: ############################# REACHED: EV_object_reached #############################
[INFO] [1789492211.415632285] [robot_0.robot_supervisor]: Selected controllable event: EV_search_color
[INFO] [1789492211.615057627] [robot_0.robot_supervisor]: Selected controllable event: EV_approach_color
[INFO] [1789492211.914922396] [robot_0.robot_supervisor]: ############################# REACHED: EV_object_reached #############################
[INFO] [1789492211.915280119] [robot_0.robot_supervisor]: Selected controllable event: EV_approach_object
[INFO] [1789492212.215391470] [robot_0.robot_supervisor]: ############################# REACHED: EV_object_reached #############################
[INFO] [1789492212.215994225] [robot_0.robot_supervisor]: Selected controllable event: EV_search_color
[INFO] [1789492212.414859859] [robot_0.robot_supervisor]: ############################# REACHED: EV_object_reached #############################
[INFO] [1789492212.415161029] [robot_0.robot_supervisor]: Selected controllable event: EV_approach_object
[INFO] [1789492212.714883562] [robot_0.robot_supervisor]: ############################# REACHED: EV_object_reached #############################
[INFO] [1789492212.715301114] [robot_0.robot_supervisor]: Selected controllable event: EV_approach_color
[INFO] [1789492213.014915327] [robot_0.robot_supervisor]: ############################# REACHED: EV_object_reached #############################
[INFO] [1789492213.015232752] [robot_0.robot_supervisor]: Selected controllable event: EV_search_color
[INFO] [1789492213.215145887] [robot_0.robot_supervisor]: ############################# REACHED: EV_object_reached #############################
[INFO] [1789492213.215582518] [robot_0.robot_supervisor]: Selected controllable event: EV_search_color
[INFO] [1789492213.415387847] [robot_0.robot_supervisor]: ############################# REACHED: EV_object_reached #############################
[INFO] [1789492213.415980308] [robot_0.robot_supervisor]: Selected controllable event: EV_move_forward
[INFO] [1789492213.715318095] [robot_0.robot_supervisor]: ############################# REACHED: EV_object_reached #############################
[INFO] [1789492213.715908060] [robot_0.robot_supervisor]: Selected controllable event: EV_search_object
[INFO] [1789492213.915354760] [robot_0.robot_supervisor]: Selected controllable event: EV_approach_object
[INFO] [1789492214.214894954] [robot_0.robot_supervisor]: ############################# VISIBLE: EV_object_visible #############################
[INFO] [1789492214.215184844] [robot_0.robot_supervisor]: Selected controllable event: EV_search_object
[INFO] [1789492214.415201150] [robot_0.robot_supervisor]: Triggered uncontrollable event: EV_obstacle_left
[INFO] [1789492214.415631096] [robot_0.robot_supervisor]: ############################# VISIBLE: EV_object_visible #############################
[INFO] [1789492214.416076507] [robot_0.robot_supervisor]: Selected controllable event: EV_rotate_clockwise
[INFO] [1789492214.615787156] [robot_0.robot_supervisor]: Triggered uncontrollable event: EV_obstacle_left
[INFO] [1789492214.616371149] [robot_0.robot_supervisor]: Selected controllable event: EV_pick_up_object
[INFO] [1789492214.617912842] [robot_0.robot_supervisor]: Cargo 'robot_0_carried_generic_box' placed on robot.
[INFO] [1789492214.915992688] [robot_0.robot_supervisor]: Triggered uncontrollable event: EV_obstacle_left
[INFO] [1789492214.916463059] [robot_0.robot_supervisor]: Triggered uncontrollable event: EV_red_not_visible
[INFO] [1789492214.916867704] [robot_0.robot_supervisor]: Triggered uncontrollable event: EV_blue_not_visible
[INFO] [1789492214.917420707] [robot_0.robot_supervisor]: Selected controllable event: EV_rotate_clockwise
[INFO] [1789492215.115437770] [robot_0.robot_supervisor]: Triggered uncontrollable event: EV_obstacle_left
[INFO] [1789492215.115897527] [robot_0.robot_supervisor]: Triggered uncontrollable event: EV_red_not_visible
[INFO] [1789492215.116285072] [robot_0.robot_supervisor]: Triggered uncontrollable event: EV_blue_not_visible
[INFO] [1789492215.116868834] [robot_0.robot_supervisor]: Selected controllable event: EV_rotate_clockwise
[INFO] [1789492215.315189193] [robot_0.robot_supervisor]: Triggered uncontrollable event: EV_obstacle_left
[INFO] [1789492215.315393350] [robot_0.robot_supervisor]: Triggered uncontrollable event: EV_red_not_visible
[INFO] [1789492215.315564170] [robot_0.robot_supervisor]: Triggered uncontrollable event: EV_blue_not_visible
[INFO] [1789492215.315823315] [robot_0.robot_supervisor]: Selected controllable event: EV_rotate_clockwise
[INFO] [1789492215.515492643] [robot_0.robot_supervisor]: Triggered uncontrollable event: EV_red_not_visible
[INFO] [1789492215.515774885] [robot_0.robot_supervisor]: Triggered uncontrollable event: EV_blue_not_visible
[INFO] [1789492215.516057453] [robot_0.robot_supervisor]: Selected controllable event: EV_search_object
[INFO] [1789492215.715039071] [robot_0.robot_supervisor]: Triggered uncontrollable event: EV_red_not_visible
[INFO] [1789492215.715244483] [robot_0.robot_supervisor]: Triggered uncontrollable event: EV_blue_not_visible
[INFO] [1789492215.715507908] [robot_0.robot_supervisor]: Selected controllable event: EV_move_forward
[INFO] [1789492216.015038506] [robot_0.robot_supervisor]: Triggered uncontrollable event: EV_red_not_visible
[INFO] [1789492216.015241716] [robot_0.robot_supervisor]: Triggered uncontrollable event: EV_blue_not_visible
[INFO] [1789492216.015516707] [robot_0.robot_supervisor]: Selected controllable event: EV_move_forward
[INFO] [1789492216.314974077] [robot_0.robot_supervisor]: Triggered uncontrollable event: EV_red_not_visible
[INFO] [1789492216.315168040] [robot_0.robot_supervisor]: Triggered uncontrollable event: EV_blue_not_visible
[INFO] [1789492216.315435951] [robot_0.robot_supervisor]: Selected controllable event: EV_approach_object
[INFO] [1789492216.615002858] [robot_0.robot_supervisor]: Triggered uncontrollable event: EV_red_not_visible
[INFO] [1789492216.615189872] [robot_0.robot_supervisor]: Triggered uncontrollable event: EV_blue_not_visible
[INFO] [1789492216.615428414] [robot_0.robot_supervisor]: Selected controllable event: EV_approach_object
[INFO] [1789492216.915039054] [robot_0.robot_supervisor]: Triggered uncontrollable event: EV_red_not_visible
[INFO] [1789492216.915249217] [robot_0.robot_supervisor]: Triggered uncontrollable event: EV_blue_not_visible
[INFO] [1789492216.915420429] [robot_0.robot_supervisor]: Triggered uncontrollable event: EV_obstacle_front
[INFO] [1789492216.915668432] [robot_0.robot_supervisor]: Selected controllable event: EV_rotate_clockwise
[INFO] [1789492217.115478463] [robot_0.robot_supervisor]: Triggered uncontrollable event: EV_obstacle_front
[INFO] [1789492217.116098669] [robot_0.robot_supervisor]: Selected controllable event: EV_rotate_counterclockwise
[INFO] [1789492217.314997965] [robot_0.robot_supervisor]: Triggered uncontrollable event: EV_red_not_visible
[INFO] [1789492217.315184092] [robot_0.robot_supervisor]: Triggered uncontrollable event: EV_blue_not_visible
[INFO] [1789492217.315338242] [robot_0.robot_supervisor]: Triggered uncontrollable event: EV_obstacle_front
[INFO] [1789492217.315580145] [robot_0.robot_supervisor]: Selected controllable event: EV_u_turn
[INFO] [1789492217.315840515] [robot_0.robot_supervisor]: Starting FULL ROTATE (omega=1.000, have_odom=True, target_rad=3.142, timeout_s=3.500)
[INFO] [1789492217.701877346] [robot_0.robot_supervisor]: RECEIVED zone_b; balance=equal
[INFO] [1789492219.015357345] [robot_0.robot_supervisor]: FULL ROTATE completed by odom (accum_rad=3.337)
[INFO] [1789492219.315292342] [robot_0.robot_supervisor]: Triggered uncontrollable event: EV_red_not_visible
[INFO] [1789492219.315484581] [robot_0.robot_supervisor]: Triggered uncontrollable event: EV_recieve_drop_zone_blue
[INFO] [1789492219.315641422] [robot_0.robot_supervisor]: Triggered uncontrollable event: EV_blue_not_visible
[INFO] [1789492219.315906621] [robot_0.robot_supervisor]: Selected controllable event: EV_approach_color
[INFO] [1789492219.614941817] [robot_0.robot_supervisor]: Triggered uncontrollable event: EV_red_not_visible
[INFO] [1789492219.615141487] [robot_0.robot_supervisor]: Triggered uncontrollable event: EV_blue_not_visible
[INFO] [1789492219.615397832] [robot_0.robot_supervisor]: Selected controllable event: EV_search_color
[INFO] [1789492219.814950747] [robot_0.robot_supervisor]: Triggered uncontrollable event: EV_red_not_visible
[INFO] [1789492219.815147043] [robot_0.robot_supervisor]: Triggered uncontrollable event: EV_blue_not_visible
[INFO] [1789492219.815396017] [robot_0.robot_supervisor]: Selected controllable event: EV_search_color
[INFO] [1789492220.014929728] [robot_0.robot_supervisor]: Triggered uncontrollable event: EV_red_not_visible
[INFO] [1789492220.015122105] [robot_0.robot_supervisor]: Triggered uncontrollable event: EV_blue_not_visible
[INFO] [1789492220.015389959] [robot_0.robot_supervisor]: Selected controllable event: EV_move_forward
[INFO] [1789492220.314939593] [robot_0.robot_supervisor]: Triggered uncontrollable event: EV_blue_visible
[INFO] [1789492220.315131425] [robot_0.robot_supervisor]: Triggered uncontrollable event: EV_red_not_visible
[INFO] [1789492220.315385400] [robot_0.robot_supervisor]: Selected controllable event: EV_approach_object
[INFO] [1789492220.614967865] [robot_0.robot_supervisor]: Triggered uncontrollable event: EV_blue_visible
[INFO] [1789492220.615169485] [robot_0.robot_supervisor]: Triggered uncontrollable event: EV_red_visible
[INFO] [1789492220.615424014] [robot_0.robot_supervisor]: Selected controllable event: EV_approach_object
[INFO] [1789492220.915577104] [robot_0.robot_supervisor]: Triggered uncontrollable event: EV_blue_visible
[INFO] [1789492220.916012681] [robot_0.robot_supervisor]: Triggered uncontrollable event: EV_red_visible
[INFO] [1789492220.916584781] [robot_0.robot_supervisor]: Selected controllable event: EV_search_object
[INFO] [1789492221.115694084] [robot_0.robot_supervisor]: DELIVERED zone_a; balance=zone_a_has_extra
[INFO] [1789492221.116117769] [robot_0.robot_supervisor]: Triggered uncontrollable event: EV_blue_visible
[INFO] [1789492221.116502623] [robot_0.robot_supervisor]: Triggered uncontrollable event: EV_red_visible
[INFO] [1789492221.117028514] [robot_0.robot_supervisor]: Selected controllable event: EV_drop_zone_red
[INFO] [1789492221.118411676] [robot_0.robot_supervisor]: Delivered cargo 'robot_0_carried_generic_box' removed.
[INFO] [1789492221.214882419] [robot_0.robot_supervisor]: Selected controllable event: EV_search_color
[INFO] [1789492221.414899462] [robot_0.robot_supervisor]: Selected controllable event: EV_move_forward
[INFO] [1789492221.714918396] [robot_0.robot_supervisor]: Selected controllable event: EV_search_object
[INFO] [1789492221.915176816] [robot_0.robot_supervisor]: Selected controllable event: EV_approach_object
[INFO] [1789492222.215003590] [robot_0.robot_supervisor]: Selected controllable event: EV_search_object
[INFO] [1789492222.414999019] [robot_0.robot_supervisor]: Selected controllable event: EV_move_forward
[INFO] [1789492222.714925706] [robot_0.robot_supervisor]: Selected controllable event: EV_move_forward
[INFO] [1789492223.014838785] [robot_0.robot_supervisor]: Triggered uncontrollable event: EV_obstacle_right
[INFO] [1789492223.015138823] [robot_0.robot_supervisor]: Selected controllable event: EV_u_turn
[INFO] [1789492223.015352494] [robot_0.robot_supervisor]: Starting FULL ROTATE (omega=1.000, have_odom=True, target_rad=3.142, timeout_s=3.500)
[INFO] [1789492224.714872468] [robot_0.robot_supervisor]: FULL ROTATE completed by odom (accum_rad=3.158)
[INFO] [1789492225.014896769] [robot_0.robot_supervisor]: Selected controllable event: EV_search_object
[INFO] [1789492225.214970000] [robot_0.robot_supervisor]: Selected controllable event: EV_move_forward
[INFO] [1789492225.515148568] [robot_0.robot_supervisor]: Selected controllable event: EV_search_color
[INFO] [1789492225.715368336] [robot_0.robot_supervisor]: Selected controllable event: EV_search_color
[INFO] [1789492225.915369953] [robot_0.robot_supervisor]: Selected controllable event: EV_move_forward
[INFO] [1789492226.214833585] [robot_0.robot_supervisor]: Triggered uncontrollable event: EV_obstacle_left
[INFO] [1789492226.215128425] [robot_0.robot_supervisor]: Selected controllable event: EV_drop_object
[INFO] [1789492226.514794890] [robot_0.robot_supervisor]: Triggered uncontrollable event: EV_obstacle_left
[INFO] [1789492226.515098497] [robot_0.robot_supervisor]: Selected controllable event: EV_rotate_clockwise
[INFO] [1789492226.714711293] [robot_0.robot_supervisor]: Triggered uncontrollable event: EV_obstacle_left
[INFO] [1789492226.715011042] [robot_0.robot_supervisor]: Selected controllable event: EV_rotate_clockwise
[INFO] [1789492226.915115610] [robot_0.robot_supervisor]: Triggered uncontrollable event: EV_obstacle_left
[INFO] [1789492226.915725901] [robot_0.robot_supervisor]: Selected controllable event: EV_u_turn
[INFO] [1789492227.015192190] [robot_0.robot_supervisor]: Triggered uncontrollable event: EV_obstacle_left
[INFO] [1789492227.015781602] [robot_0.robot_supervisor]: Selected controllable event: EV_rotate_clockwise
[INFO] [1789492227.214879826] [robot_0.robot_supervisor]: Selected controllable event: EV_search_color
[INFO] [1789492227.414982043] [robot_0.robot_supervisor]: Selected controllable event: EV_approach_color
[INFO] [1789492227.715303052] [robot_0.robot_supervisor]: Selected controllable event: EV_approach_object
[INFO] [1789492228.014904457] [robot_0.robot_supervisor]: Selected controllable event: EV_approach_color
[INFO] [1789492228.314903082] [robot_0.robot_supervisor]: Selected controllable event: EV_move_forward
[INFO] [1789492228.614921461] [robot_0.robot_supervisor]: Selected controllable event: EV_search_color
[INFO] [1789492228.814885253] [robot_0.robot_supervisor]: Selected controllable event: EV_move_forward
[INFO] [1789492229.002498274] [robot_0.robot_supervisor]: RECEIVED zone_b; balance=equal
[INFO] [1789492229.114843522] [robot_0.robot_supervisor]: Triggered uncontrollable event: EV_recieve_drop_zone_blue
[INFO] [1789492229.115135994] [robot_0.robot_supervisor]: Selected controllable event: EV_approach_object
[INFO] [1789492229.415307012] [robot_0.robot_supervisor]: Selected controllable event: EV_approach_object
[INFO] [1789492229.715336534] [robot_0.robot_supervisor]: Selected controllable event: EV_approach_object
[INFO] [1789492230.014940377] [robot_0.robot_supervisor]: Selected controllable event: EV_approach_object
[INFO] [1789492230.315786202] [robot_0.robot_supervisor]: Selected controllable event: EV_approach_object
[INFO] [1789492230.614938545] [robot_0.robot_supervisor]: Selected controllable event: EV_approach_color
[INFO] [1789492230.914898138] [robot_0.robot_supervisor]: Selected controllable event: EV_approach_object
[INFO] [1789492231.215315701] [robot_0.robot_supervisor]: Selected controllable event: EV_approach_color
[INFO] [1789492231.514901443] [robot_0.robot_supervisor]: Selected controllable event: EV_search_color
[INFO] [1789492231.715195334] [robot_0.robot_supervisor]: Selected controllable event: EV_search_object
[INFO] [1789492231.914882904] [robot_0.robot_supervisor]: Selected controllable event: EV_search_object
[INFO] [1789492232.114901563] [robot_0.robot_supervisor]: Selected controllable event: EV_search_color
[INFO] [1789492232.314907550] [robot_0.robot_supervisor]: Selected controllable event: EV_search_color
[INFO] [1789492232.515342840] [robot_0.robot_supervisor]: Selected controllable event: EV_approach_object
[INFO] [1789492232.814938813] [robot_0.robot_supervisor]: Selected controllable event: EV_search_object
[INFO] [1789492233.014932303] [robot_0.robot_supervisor]: Selected controllable event: EV_approach_object
[INFO] [1789492233.315170780] [robot_0.robot_supervisor]: Selected controllable event: EV_approach_color
[INFO] [1789492233.615453096] [robot_0.robot_supervisor]: Selected controllable event: EV_move_forward
[INFO] [1789492233.915390378] [robot_0.robot_supervisor]: Selected controllable event: EV_search_color
[INFO] [1789492234.115347098] [robot_0.robot_supervisor]: Selected controllable event: EV_search_color
[INFO] [1789492234.315288272] [robot_0.robot_supervisor]: Selected controllable event: EV_approach_object
[INFO] [1789492234.614902799] [robot_0.robot_supervisor]: Selected controllable event: EV_approach_object
[INFO] [1789492234.894089488] [robot_0.robot_supervisor]: RECEIVED zone_a; balance=zone_a_has_extra
[INFO] [1789492234.915233035] [robot_0.robot_supervisor]: Triggered uncontrollable event: EV_recieve_drop_zone_red
[INFO] [1789492234.915791707] [robot_0.robot_supervisor]: Selected controllable event: EV_approach_object
[INFO] [1789492235.214932731] [robot_0.robot_supervisor]: Selected controllable event: EV_search_object
[INFO] [1789492235.414898175] [robot_0.robot_supervisor]: Selected controllable event: EV_approach_color
[INFO] [1789492235.715369714] [robot_0.robot_supervisor]: Selected controllable event: EV_approach_color
[INFO] [1789492236.014879013] [robot_0.robot_supervisor]: Selected controllable event: EV_search_object
[INFO] [1789492236.214896892] [robot_0.robot_supervisor]: Selected controllable event: EV_approach_color
[INFO] [1789492236.514927957] [robot_0.robot_supervisor]: Selected controllable event: EV_approach_color
[INFO] [1789492236.814945342] [robot_0.robot_supervisor]: Selected controllable event: EV_search_color
[INFO] [1789492237.014999347] [robot_0.robot_supervisor]: Selected controllable event: EV_approach_object
[INFO] [1789492237.315277757] [robot_0.robot_supervisor]: Selected controllable event: EV_move_forward
[INFO] [1789492237.614920324] [robot_0.robot_supervisor]: Selected controllable event: EV_move_forward
[INFO] [1789492237.914968858] [robot_0.robot_supervisor]: Selected controllable event: EV_search_color
[INFO] [1789492238.114944495] [robot_0.robot_supervisor]: Selected controllable event: EV_move_forward
[INFO] [1789492238.415572531] [robot_0.robot_supervisor]: Selected controllable event: EV_search_object
[INFO] [1789492238.614934415] [robot_0.robot_supervisor]: Selected controllable event: EV_approach_object
[INFO] [1789492238.915523366] [robot_0.robot_supervisor]: Selected controllable event: EV_search_object
[INFO] [1789492239.114935425] [robot_0.robot_supervisor]: Selected controllable event: EV_approach_object
[INFO] [1789492239.414899128] [robot_0.robot_supervisor]: Selected controllable event: EV_move_forward
[INFO] [1789492239.715009986] [robot_0.robot_supervisor]: Selected controllable event: EV_move_forward
[INFO] [1789492240.015225489] [robot_0.robot_supervisor]: Selected controllable event: EV_search_object
[INFO] [1789492240.214865362] [robot_0.robot_supervisor]: Triggered uncontrollable event: EV_obstacle_right
[INFO] [1789492240.215166902] [robot_0.robot_supervisor]: Selected controllable event: EV_u_turn
[INFO] [1789492240.215428269] [robot_0.robot_supervisor]: Starting FULL ROTATE (omega=1.000, have_odom=True, target_rad=3.142, timeout_s=3.500)
[INFO] [1789492241.814754754] [robot_0.robot_supervisor]: FULL ROTATE completed by odom (accum_rad=3.200)
[INFO] [1789492242.015328161] [robot_0.robot_supervisor]: Selected controllable event: EV_approach_object
[INFO] [1789492242.315570057] [robot_0.robot_supervisor]: Selected controllable event: EV_approach_color
[INFO] [1789492242.615565535] [robot_0.robot_supervisor]: Selected controllable event: EV_search_object
[INFO] [1789492242.815081195] [robot_0.robot_supervisor]: Selected controllable event: EV_approach_color
[INFO] [1789492243.114987404] [robot_0.robot_supervisor]: Selected controllable event: EV_search_object
[INFO] [1789492243.314910930] [robot_0.robot_supervisor]: Selected controllable event: EV_search_color
[INFO] [1789492243.515274716] [robot_0.robot_supervisor]: Selected controllable event: EV_move_forward
[INFO] [1789492243.815010704] [robot_0.robot_supervisor]: Selected controllable event: EV_approach_color
[INFO] [1789492244.115482341] [robot_0.robot_supervisor]: Selected controllable event: EV_approach_object
[INFO] [1789492244.415010051] [robot_0.robot_supervisor]: Selected controllable event: EV_search_color
[INFO] [1789492244.614891387] [robot_0.robot_supervisor]: Selected controllable event: EV_search_color
[INFO] [1789492244.815501126] [robot_0.robot_supervisor]: Selected controllable event: EV_move_forward
[INFO] [1789492245.114961208] [robot_0.robot_supervisor]: Selected controllable event: EV_search_color
[INFO] [1789492245.315239854] [robot_0.robot_supervisor]: Selected controllable event: EV_search_color
[INFO] [1789492245.514906590] [robot_0.robot_supervisor]: Triggered uncontrollable event: EV_obstacle_right
[INFO] [1789492245.515220160] [robot_0.robot_supervisor]: Selected controllable event: EV_u_turn
[INFO] [1789492245.515456396] [robot_0.robot_supervisor]: Starting FULL ROTATE (omega=1.000, have_odom=True, target_rad=3.142, timeout_s=3.500)
[INFO] [1789492247.114777279] [robot_0.robot_supervisor]: FULL ROTATE completed by odom (accum_rad=3.200)
[INFO] [1789492247.315058136] [robot_0.robot_supervisor]: Selected controllable event: EV_search_object
[INFO] [1789492247.514907411] [robot_0.robot_supervisor]: Selected controllable event: EV_approach_color
[INFO] [1789492247.815600854] [robot_0.robot_supervisor]: Selected controllable event: EV_search_color
[INFO] [1789492248.015459052] [robot_0.robot_supervisor]: Selected controllable event: EV_approach_color
[INFO] [1789492248.314925540] [robot_0.robot_supervisor]: Selected controllable event: EV_approach_color
[INFO] [1789492248.615466554] [robot_0.robot_supervisor]: Selected controllable event: EV_search_color
[INFO] [1789492248.815247781] [robot_0.robot_supervisor]: Selected controllable event: EV_approach_color
[INFO] [1789492249.115634116] [robot_0.robot_supervisor]: Selected controllable event: EV_move_forward
[INFO] [1789492249.415015994] [robot_0.robot_supervisor]: Selected controllable event: EV_approach_object
[INFO] [1789492249.715443382] [robot_0.robot_supervisor]: Selected controllable event: EV_move_forward
[INFO] [1789492250.015207969] [robot_0.robot_supervisor]: Selected controllable event: EV_search_object
[INFO] [1789492250.214973429] [robot_0.robot_supervisor]: Selected controllable event: EV_approach_object
[INFO] [1789492250.514987959] [robot_0.robot_supervisor]: Selected controllable event: EV_approach_object
[INFO] [1789492250.815002146] [robot_0.robot_supervisor]: Selected controllable event: EV_search_color
[INFO] [1789492251.014920014] [robot_0.robot_supervisor]: Selected controllable event: EV_search_color
[INFO] [1789492251.215000837] [robot_0.robot_supervisor]: Selected controllable event: EV_search_object
[INFO] [1789492251.415234534] [robot_0.robot_supervisor]: Selected controllable event: EV_move_forward
[INFO] [1789492251.715124290] [robot_0.robot_supervisor]: Selected controllable event: EV_search_color
[INFO] [1789492251.915111235] [robot_0.robot_supervisor]: Selected controllable event: EV_move_forward
[INFO] [1789492252.215256605] [robot_0.robot_supervisor]: Selected controllable event: EV_move_forward
[INFO] [1789492252.515495552] [robot_0.robot_supervisor]: Selected controllable event: EV_approach_object
[INFO] [1789492252.815171682] [robot_0.robot_supervisor]: Selected controllable event: EV_search_color
[INFO] [1789492253.015154639] [robot_0.robot_supervisor]: Selected controllable event: EV_approach_object
[INFO] [1789492253.315559574] [robot_0.robot_supervisor]: Selected controllable event: EV_move_forward
[INFO] [1789492253.615152440] [robot_0.robot_supervisor]: Selected controllable event: EV_search_color
[INFO] [1789492253.815377169] [robot_0.robot_supervisor]: Selected controllable event: EV_search_object
[INFO] [1789492254.015125127] [robot_0.robot_supervisor]: Selected controllable event: EV_approach_color
[INFO] [1789492254.315397459] [robot_0.robot_supervisor]: Selected controllable event: EV_search_object
[INFO] [1789492254.515673130] [robot_0.robot_supervisor]: Selected controllable event: EV_move_forward
[INFO] [1789492254.815579284] [robot_0.robot_supervisor]: Selected controllable event: EV_search_color
[INFO] [1789492255.015462919] [robot_0.robot_supervisor]: Selected controllable event: EV_approach_color
[INFO] [1789492255.314970239] [robot_0.robot_supervisor]: Selected controllable event: EV_approach_color
[INFO] [1789492255.615004223] [robot_0.robot_supervisor]: Selected controllable event: EV_approach_object
[INFO] [1789492255.915010107] [robot_0.robot_supervisor]: Selected controllable event: EV_search_color
[INFO] [1789492256.115338820] [robot_0.robot_supervisor]: Selected controllable event: EV_move_forward
[INFO] [1789492256.414973915] [robot_0.robot_supervisor]: Selected controllable event: EV_search_object
[INFO] [1789492256.614954364] [robot_0.robot_supervisor]: Selected controllable event: EV_move_forward
[INFO] [1789492256.915373812] [robot_0.robot_supervisor]: Selected controllable event: EV_search_object
[INFO] [1789492257.114992096] [robot_0.robot_supervisor]: Selected controllable event: EV_approach_object
[INFO] [1789492257.414916061] [robot_0.robot_supervisor]: Selected controllable event: EV_search_color
[INFO] [1789492257.615486730] [robot_0.robot_supervisor]: Selected controllable event: EV_approach_object
[INFO] [1789492257.914814621] [robot_0.robot_supervisor]: Triggered uncontrollable event: EV_obstacle_left
[INFO] [1789492257.915131780] [robot_0.robot_supervisor]: Selected controllable event: EV_u_turn
[INFO] [1789492257.915368194] [robot_0.robot_supervisor]: Starting FULL ROTATE (omega=1.000, have_odom=True, target_rad=3.142, timeout_s=3.500)
[INFO] [1789492259.615284909] [robot_0.robot_supervisor]: FULL ROTATE completed by odom (accum_rad=3.168)
[INFO] [1789492259.915419003] [robot_0.robot_supervisor]: Selected controllable event: EV_approach_color
[INFO] [1789492260.215091702] [robot_0.robot_supervisor]: Selected controllable event: EV_search_object
[INFO] [1789492260.415422460] [robot_0.robot_supervisor]: Selected controllable event: EV_approach_color
[INFO] [1789492260.715385570] [robot_0.robot_supervisor]: Selected controllable event: EV_move_forward
[INFO] [1789492261.015313442] [robot_0.robot_supervisor]: Selected controllable event: EV_search_object
[INFO] [1789492261.214954585] [robot_0.robot_supervisor]: Selected controllable event: EV_approach_object
[INFO] [1789492261.514969459] [robot_0.robot_supervisor]: Selected controllable event: EV_search_color
[INFO] [1789492261.715211743] [robot_0.robot_supervisor]: Selected controllable event: EV_approach_color
[INFO] [1789492262.015513233] [robot_0.robot_supervisor]: Selected controllable event: EV_search_object
[INFO] [1789492262.215662318] [robot_0.robot_supervisor]: Selected controllable event: EV_search_color
[INFO] [1789492262.415066143] [robot_0.robot_supervisor]: Selected controllable event: EV_search_color
[INFO] [1789492262.615338154] [robot_0.robot_supervisor]: Selected controllable event: EV_search_object
[INFO] [1789492262.815033501] [robot_0.robot_supervisor]: Selected controllable event: EV_approach_object
[INFO] [1789492263.114985450] [robot_0.robot_supervisor]: Selected controllable event: EV_approach_object
[INFO] [1789492263.414993077] [robot_0.robot_supervisor]: Selected controllable event: EV_search_object
[INFO] [1789492263.614952735] [robot_0.robot_supervisor]: Selected controllable event: EV_approach_object
[INFO] [1789492263.914970804] [robot_0.robot_supervisor]: Selected controllable event: EV_search_object
[INFO] [1789492264.114978376] [robot_0.robot_supervisor]: Selected controllable event: EV_approach_object
[INFO] [1789492264.415386058] [robot_0.robot_supervisor]: Selected controllable event: EV_search_color
[INFO] [1789492264.615157148] [robot_0.robot_supervisor]: Selected controllable event: EV_approach_color
[INFO] [1789492264.915059005] [robot_0.robot_supervisor]: Selected controllable event: EV_approach_object
[INFO] [1789492265.215324013] [robot_0.robot_supervisor]: Selected controllable event: EV_approach_object
[INFO] [1789492265.514931622] [robot_0.robot_supervisor]: Selected controllable event: EV_move_forward
[INFO] [1789492265.814942580] [robot_0.robot_supervisor]: Selected controllable event: EV_approach_object
[INFO] [1789492266.115360517] [robot_0.robot_supervisor]: Selected controllable event: EV_search_color
[INFO] [1789492266.315437703] [robot_0.robot_supervisor]: Selected controllable event: EV_approach_color
[INFO] [1789492266.614958032] [robot_0.robot_supervisor]: Selected controllable event: EV_move_forward
[INFO] [1789492266.915354553] [robot_0.robot_supervisor]: Selected controllable event: EV_approach_color
[INFO] [1789492267.214996715] [robot_0.robot_supervisor]: Selected controllable event: EV_search_color
[INFO] [1789492267.414983970] [robot_0.robot_supervisor]: Selected controllable event: EV_approach_object
[INFO] [1789492267.714971711] [robot_0.robot_supervisor]: Selected controllable event: EV_search_color
[INFO] [1789492267.914998101] [robot_0.robot_supervisor]: Selected controllable event: EV_move_forward
[INFO] [1789492268.214987680] [robot_0.robot_supervisor]: Selected controllable event: EV_search_color
[INFO] [1789492268.415708690] [robot_0.robot_supervisor]: Selected controllable event: EV_approach_object
[INFO] [1789492268.714933814] [robot_0.robot_supervisor]: Selected controllable event: EV_approach_object
[INFO] [1789492269.015309305] [robot_0.robot_supervisor]: Selected controllable event: EV_approach_color
[INFO] [1789492269.314927941] [robot_0.robot_supervisor]: Selected controllable event: EV_approach_color
[INFO] [1789492269.615338766] [robot_0.robot_supervisor]: Selected controllable event: EV_approach_object
[INFO] [1789492269.915073358] [robot_0.robot_supervisor]: Selected controllable event: EV_search_object
[INFO] [1789492270.115324550] [robot_0.robot_supervisor]: Selected controllable event: EV_move_forward
[INFO] [1789492270.415051313] [robot_0.robot_supervisor]: Selected controllable event: EV_approach_color
[INFO] [1789492270.714839480] [robot_0.robot_supervisor]: Triggered uncontrollable event: EV_obstacle_right
[INFO] [1789492270.715168533] [robot_0.robot_supervisor]: Selected controllable event: EV_u_turn
[INFO] [1789492270.715410759] [robot_0.robot_supervisor]: Starting FULL ROTATE (omega=1.000, have_odom=True, target_rad=3.142, timeout_s=3.500)
[INFO] [1789492272.414820330] [robot_0.robot_supervisor]: FULL ROTATE completed by odom (accum_rad=3.168)
[INFO] [1789492272.615321440] [robot_0.robot_supervisor]: Selected controllable event: EV_move_forward
[INFO] [1789492272.914990010] [robot_0.robot_supervisor]: Selected controllable event: EV_search_color
[INFO] [1789492273.114928740] [robot_0.robot_supervisor]: Selected controllable event: EV_approach_object
[INFO] [1789492273.414965372] [robot_0.robot_supervisor]: Selected controllable event: EV_search_object
[INFO] [1789492273.614960741] [robot_0.robot_supervisor]: Selected controllable event: EV_search_color
[INFO] [1789492273.814955478] [robot_0.robot_supervisor]: Selected controllable event: EV_move_forward
[INFO] [1789492274.114950875] [robot_0.robot_supervisor]: Selected controllable event: EV_search_color
[INFO] [1789492274.314926987] [robot_0.robot_supervisor]: Selected controllable event: EV_search_object
[INFO] [1789492274.514924228] [robot_0.robot_supervisor]: Selected controllable event: EV_search_object
[INFO] [1789492274.715418463] [robot_0.robot_supervisor]: Selected controllable event: EV_move_forward
[INFO] [1789492275.015436419] [robot_0.robot_supervisor]: Triggered uncontrollable event: EV_obstacle_right
[INFO] [1789492275.016136561] [robot_0.robot_supervisor]: Selected controllable event: EV_rotate_counterclockwise
[INFO] [1789492275.215364335] [robot_0.robot_supervisor]: Triggered uncontrollable event: EV_obstacle_right
[INFO] [1789492275.215802391] [robot_0.robot_supervisor]: Selected controllable event: EV_rotate_counterclockwise
[INFO] [1789492275.415368136] [robot_0.robot_supervisor]: Triggered uncontrollable event: EV_obstacle_right
[INFO] [1789492275.416076965] [robot_0.robot_supervisor]: Selected controllable event: EV_rotate_counterclockwise
[INFO] [1789492275.615473069] [robot_0.robot_supervisor]: Triggered uncontrollable event: EV_obstacle_left
[INFO] [1789492275.616197526] [robot_0.robot_supervisor]: Selected controllable event: EV_u_turn
[INFO] [1789492275.616866130] [robot_0.robot_supervisor]: Starting FULL ROTATE (omega=1.000, have_odom=True, target_rad=3.142, timeout_s=3.500)
[INFO] [1789492277.214862245] [robot_0.robot_supervisor]: FULL ROTATE completed by odom (accum_rad=3.200)
[INFO] [1789492277.415415564] [robot_0.robot_supervisor]: Selected controllable event: EV_approach_color
[INFO] [1789492277.715018363] [robot_0.robot_supervisor]: Selected controllable event: EV_search_color
[INFO] [1789492277.915273920] [robot_0.robot_supervisor]: Selected controllable event: EV_approach_object
[INFO] [1789492278.215358829] [robot_0.robot_supervisor]: Selected controllable event: EV_approach_object
[INFO] [1789492278.514980242] [robot_0.robot_supervisor]: Selected controllable event: EV_move_forward
[INFO] [1789492278.815204757] [robot_0.robot_supervisor]: Selected controllable event: EV_search_color
[INFO] [1789492279.015084006] [robot_0.robot_supervisor]: Selected controllable event: EV_search_color
[INFO] [1789492279.214993048] [robot_0.robot_supervisor]: Selected controllable event: EV_search_object
[INFO] [1789492279.415422331] [robot_0.robot_supervisor]: Selected controllable event: EV_search_color
[INFO] [1789492279.615401265] [robot_0.robot_supervisor]: Selected controllable event: EV_approach_object
[INFO] [1789492279.794493999] [robot_0.robot_supervisor]: All six balanced-delivery boxes completed by the team.
[INFO] [1789492279.794766469] [robot_0.robot_supervisor]: RECEIVED zone_b; balance=equal
[INFO] [1789492279.914934977] [robot_0.robot_supervisor]: Triggered uncontrollable event: EV_recieve_drop_zone_blue
[INFO] [1789492279.915266047] [robot_0.robot_supervisor]: Selected controllable event: EV_approach_color
[INFO] [1789492280.215417870] [robot_0.robot_supervisor]: Selected controllable event: EV_approach_object
