[INFO] [1789492192.589700728] [robot_2.robot_supervisor]: Loaded initial mission 'balanced_delivery' from explicit YAML supervisor.yaml
[INFO] [1789492192.693925182] [robot_2.robot_supervisor]: Selected controllable event: EV_search_object
[INFO] [1789492192.893750964] [robot_2.robot_supervisor]: Selected controllable event: EV_search_color
[INFO] [1789492193.093465231] [robot_2.robot_supervisor]: Selected controllable event: EV_move_forward
[INFO] [1789492193.393684971] [robot_2.robot_supervisor]: Selected controllable event: EV_approach_color
[INFO] [1789492193.695772115] [robot_2.robot_supervisor]: Selected controllable event: EV_search_object
[INFO] [1789492193.893787742] [robot_2.robot_supervisor]: Selected controllable event: EV_search_object
[INFO] [1789492194.093557342] [robot_2.robot_supervisor]: Selected controllable event: EV_search_color
[INFO] [1789492194.293548577] [robot_2.robot_supervisor]: Selected controllable event: EV_search_object
[INFO] [1789492194.493757788] [robot_2.robot_supervisor]: Selected controllable event: EV_search_object
[INFO] [1789492194.693795862] [robot_2.robot_supervisor]: Selected controllable event: EV_approach_object
[INFO] [1789492194.993723906] [robot_2.robot_supervisor]: Selected controllable event: EV_move_forward
[INFO] [1789492195.293775941] [robot_2.robot_supervisor]: ############################# REACHED: EV_object_reached #############################
[INFO] [1789492195.294347001] [robot_2.robot_supervisor]: Selected controllable event: EV_approach_object
[INFO] [1789492195.593141003] [robot_2.robot_supervisor]: Triggered uncontrollable event: EV_obstacle_right
[INFO] [1789492195.593356542] [robot_2.robot_supervisor]: ############################# REACHED: EV_object_reached #############################
[INFO] [1789492195.593626453] [robot_2.robot_supervisor]: Selected controllable event: EV_u_turn
[INFO] [1789492195.593840193] [robot_2.robot_supervisor]: Starting FULL ROTATE (omega=1.000, have_odom=True, target_rad=3.142, timeout_s=3.500)
[INFO] [1789492197.393132550] [robot_2.robot_supervisor]: FULL ROTATE completed by odom (accum_rad=3.246)
[INFO] [1789492197.693142449] [robot_2.robot_supervisor]: ############################# REACHED: EV_object_reached #############################
[INFO] [1789492197.693445311] [robot_2.robot_supervisor]: Selected controllable event: EV_search_color
[INFO] [1789492197.893143317] [robot_2.robot_supervisor]: ############################# REACHED: EV_object_reached #############################
[INFO] [1789492197.893564876] [robot_2.robot_supervisor]: Selected controllable event: EV_search_object
[INFO] [1789492198.093483463] [robot_2.robot_supervisor]: ############################# REACHED: EV_object_reached #############################
[INFO] [1789492198.094059982] [robot_2.robot_supervisor]: Selected controllable event: EV_search_color
[INFO] [1789492198.293473511] [robot_2.robot_supervisor]: ############################# REACHED: EV_object_reached #############################
[INFO] [1789492198.294093587] [robot_2.robot_supervisor]: Selected controllable event: EV_approach_object
[INFO] [1789492198.593491098] [robot_2.robot_supervisor]: ############################# REACHED: EV_object_reached #############################
[INFO] [1789492198.594064817] [robot_2.robot_supervisor]: Selected controllable event: EV_move_forward
[INFO] [1789492198.893129238] [robot_2.robot_supervisor]: ############################# REACHED: EV_object_reached #############################
[INFO] [1789492198.893425185] [robot_2.robot_supervisor]: Selected controllable event: EV_move_forward
[INFO] [1789492199.193125830] [robot_2.robot_supervisor]: ############################# REACHED: EV_object_reached #############################
[INFO] [1789492199.193423591] [robot_2.robot_supervisor]: Selected controllable event: EV_search_color
[INFO] [1789492199.393245235] [robot_2.robot_supervisor]: ############################# REACHED: EV_object_reached #############################
[INFO] [1789492199.393559092] [robot_2.robot_supervisor]: Selected controllable event: EV_search_color
[INFO] [1789492199.593348663] [robot_2.robot_supervisor]: Selected controllable event: EV_approach_object
[INFO] [1789492199.893679258] [robot_2.robot_supervisor]: ############################# REACHED: EV_object_reached #############################
[INFO] [1789492199.894267942] [robot_2.robot_supervisor]: Selected controllable event: EV_approach_color
[INFO] [1789492200.193636428] [robot_2.robot_supervisor]: ############################# REACHED: EV_object_reached #############################
[INFO] [1789492200.194663639] [robot_2.robot_supervisor]: Selected controllable event: EV_search_color
[INFO] [1789492200.393605086] [robot_2.robot_supervisor]: ############################# REACHED: EV_object_reached #############################
[INFO] [1789492200.394247113] [robot_2.robot_supervisor]: Selected controllable event: EV_search_color
[INFO] [1789492200.593090779] [robot_2.robot_supervisor]: ############################# REACHED: EV_object_reached #############################
[INFO] [1789492200.593392237] [robot_2.robot_supervisor]: Selected controllable event: EV_approach_object
[INFO] [1789492200.893596615] [robot_2.robot_supervisor]: ############################# REACHED: EV_object_reached #############################
[INFO] [1789492200.894121932] [robot_2.robot_supervisor]: Selected controllable event: EV_move_forward
[INFO] [1789492201.193494676] [robot_2.robot_supervisor]: ############################# REACHED: EV_object_reached #############################
[INFO] [1789492201.194056809] [robot_2.robot_supervisor]: Selected controllable event: EV_approach_color
[INFO] [1789492201.493123651] [robot_2.robot_supervisor]: ############################# REACHED: EV_object_reached #############################
[INFO] [1789492201.493419561] [robot_2.robot_supervisor]: Selected controllable event: EV_search_color
[INFO] [1789492201.693223768] [robot_2.robot_supervisor]: ############################# REACHED: EV_object_reached #############################
[INFO] [1789492201.693584739] [robot_2.robot_supervisor]: Selected controllable event: EV_search_color
[INFO] [1789492201.893198123] [robot_2.robot_supervisor]: ############################# REACHED: EV_object_reached #############################
[INFO] [1789492201.893513993] [robot_2.robot_supervisor]: Selected controllable event: EV_approach_object
[INFO] [1789492202.193333331] [robot_2.robot_supervisor]: Triggered uncontrollable event: EV_obstacle_right
[INFO] [1789492202.193571530] [robot_2.robot_supervisor]: ############################# REACHED: EV_object_reached #############################
[INFO] [1789492202.193819292] [robot_2.robot_supervisor]: Selected controllable event: EV_rotate_counterclockwise
[INFO] [1789492202.393400725] [robot_2.robot_supervisor]: Triggered uncontrollable event: EV_obstacle_right
[INFO] [1789492202.393656153] [robot_2.robot_supervisor]: ############################# REACHED: EV_object_reached #############################
[INFO] [1789492202.393925747] [robot_2.robot_supervisor]: Selected controllable event: EV_u_turn
[INFO] [1789492202.394153215] [robot_2.robot_supervisor]: Starting FULL ROTATE (omega=1.000, have_odom=True, target_rad=3.142, timeout_s=3.500)
[INFO] [1789492203.993343770] [robot_2.robot_supervisor]: FULL ROTATE completed by odom (accum_rad=3.199)
[INFO] [1789492204.293571388] [robot_2.robot_supervisor]: ############################# REACHED: EV_object_reached #############################
[INFO] [1789492204.294152729] [robot_2.robot_supervisor]: Selected controllable event: EV_move_forward
[INFO] [1789492204.593341507] [robot_2.robot_supervisor]: ############################# REACHED: EV_object_reached #############################
[INFO] [1789492204.593632470] [robot_2.robot_supervisor]: Selected controllable event: EV_approach_object
[INFO] [1789492204.893210939] [robot_2.robot_supervisor]: ############################# REACHED: EV_object_reached #############################
[INFO] [1789492204.893512864] [robot_2.robot_supervisor]: Selected controllable event: EV_search_color
[INFO] [1789492205.093425391] [robot_2.robot_supervisor]: Selected controllable event: EV_approach_color
[INFO] [1789492205.393603819] [robot_2.robot_supervisor]: ############################# REACHED: EV_object_reached #############################
[INFO] [1789492205.394181801] [robot_2.robot_supervisor]: Selected controllable event: EV_search_object
[INFO] [1789492205.593358169] [robot_2.robot_supervisor]: Selected controllable event: EV_approach_object
[INFO] [1789492205.893737512] [robot_2.robot_supervisor]: ############################# VISIBLE: EV_object_visible #############################
[INFO] [1789492205.894375905] [robot_2.robot_supervisor]: Selected controllable event: EV_move_forward
[INFO] [1789492206.193204183] [robot_2.robot_supervisor]: ############################# REACHED: EV_object_reached #############################
[INFO] [1789492206.193491210] [robot_2.robot_supervisor]: Selected controllable event: EV_search_object
[INFO] [1789492206.393229052] [robot_2.robot_supervisor]: Triggered uncontrollable event: EV_obstacle_front
[INFO] [1789492206.393454667] [robot_2.robot_supervisor]: ############################# REACHED: EV_object_reached #############################
[INFO] [1789492206.393722540] [robot_2.robot_supervisor]: Selected controllable event: EV_rotate_clockwise
[INFO] [1789492206.593513318] [robot_2.robot_supervisor]: Triggered uncontrollable event: EV_obstacle_front
[INFO] [1789492206.594075976] [robot_2.robot_supervisor]: Selected controllable event: EV_move_backward
[INFO] [1789492206.893364109] [robot_2.robot_supervisor]: Triggered uncontrollable event: EV_obstacle_right
[INFO] [1789492206.893683283] [robot_2.robot_supervisor]: ############################# REACHED: EV_object_reached #############################
[INFO] [1789492206.894076736] [robot_2.robot_supervisor]: Selected controllable event: EV_u_turn
[INFO] [1789492206.894410999] [robot_2.robot_supervisor]: Starting FULL ROTATE (omega=1.000, have_odom=True, target_rad=3.142, timeout_s=3.500)
[INFO] [1789492207.815941993] [robot_2.robot_supervisor]: RECEIVED zone_a; balance=zone_a_has_extra
[INFO] [1789492208.693286505] [robot_2.robot_supervisor]: FULL ROTATE completed by odom (accum_rad=3.338)
[INFO] [1789492208.993720642] [robot_2.robot_supervisor]: Triggered uncontrollable event: EV_recieve_drop_zone_red
[INFO] [1789492208.994152572] [robot_2.robot_supervisor]: ############################# REACHED: EV_object_reached #############################
[INFO] [1789492208.994575399] [robot_2.robot_supervisor]: Selected controllable event: EV_search_object
[INFO] [1789492209.193658780] [robot_2.robot_supervisor]: ############################# REACHED: EV_object_reached #############################
[INFO] [1789492209.194198384] [robot_2.robot_supervisor]: Selected controllable event: EV_approach_color
[INFO] [1789492209.493589980] [robot_2.robot_supervisor]: ############################# REACHED: EV_object_reached #############################
[INFO] [1789492209.494173509] [robot_2.robot_supervisor]: Selected controllable event: EV_approach_color
[INFO] [1789492209.793224327] [robot_2.robot_supervisor]: ############################# VISIBLE: EV_object_visible #############################
[INFO] [1789492209.793545830] [robot_2.robot_supervisor]: Selected controllable event: EV_move_forward
[INFO] [1789492210.093205783] [robot_2.robot_supervisor]: ############################# VISIBLE: EV_object_visible #############################
[INFO] [1789492210.093538464] [robot_2.robot_supervisor]: Selected controllable event: EV_search_object
[INFO] [1789492210.293243360] [robot_2.robot_supervisor]: ############################# VISIBLE: EV_object_visible #############################
[INFO] [1789492210.293541936] [robot_2.robot_supervisor]: Selected controllable event: EV_approach_color
[INFO] [1789492210.593221958] [robot_2.robot_supervisor]: ############################# REACHED: EV_object_reached #############################
[INFO] [1789492210.593541116] [robot_2.robot_supervisor]: Selected controllable event: EV_approach_color
[INFO] [1789492210.893185802] [robot_2.robot_supervisor]: ############################# REACHED: EV_object_reached #############################
[INFO] [1789492210.893573587] [robot_2.robot_supervisor]: Selected controllable event: EV_approach_color
[INFO] [1789492211.193551380] [robot_2.robot_supervisor]: ############################# REACHED: EV_object_reached #############################
[INFO] [1789492211.194143023] [robot_2.robot_supervisor]: Selected controllable event: EV_search_color
[INFO] [1789492211.393132431] [robot_2.robot_supervisor]: ############################# REACHED: EV_object_reached #############################
[INFO] [1789492211.393429395] [robot_2.robot_supervisor]: Selected controllable event: EV_search_color
[INFO] [1789492211.593219213] [robot_2.robot_supervisor]: Selected controllable event: EV_move_forward
[INFO] [1789492211.893434570] [robot_2.robot_supervisor]: Triggered uncontrollable event: EV_obstacle_left
[INFO] [1789492211.893708115] [robot_2.robot_supervisor]: ############################# REACHED: EV_object_reached #############################
[INFO] [1789492211.894116099] [robot_2.robot_supervisor]: Selected controllable event: EV_rotate_clockwise
[INFO] [1789492212.093323795] [robot_2.robot_supervisor]: Triggered uncontrollable event: EV_obstacle_left
[INFO] [1789492212.093679094] [robot_2.robot_supervisor]: Selected controllable event: EV_rotate_clockwise
[INFO] [1789492212.293328443] [robot_2.robot_supervisor]: ############################# VISIBLE: EV_object_visible #############################
[INFO] [1789492212.293644223] [robot_2.robot_supervisor]: Selected controllable event: EV_search_object
[INFO] [1789492212.493295135] [robot_2.robot_supervisor]: ############################# VISIBLE: EV_object_visible #############################
[INFO] [1789492212.493736578] [robot_2.robot_supervisor]: Selected controllable event: EV_approach_color
[INFO] [1789492212.793544705] [robot_2.robot_supervisor]: ############################# VISIBLE: EV_object_visible #############################
[INFO] [1789492212.794123271] [robot_2.robot_supervisor]: Selected controllable event: EV_move_forward
[INFO] [1789492213.093533405] [robot_2.robot_supervisor]: ############################# VISIBLE: EV_object_visible #############################
[INFO] [1789492213.094181824] [robot_2.robot_supervisor]: Selected controllable event: EV_search_object
[INFO] [1789492213.293101237] [robot_2.robot_supervisor]: ############################# VISIBLE: EV_object_visible #############################
[INFO] [1789492213.293413311] [robot_2.robot_supervisor]: Selected controllable event: EV_move_forward
[INFO] [1789492213.593189636] [robot_2.robot_supervisor]: ############################# VISIBLE: EV_object_visible #############################
[INFO] [1789492213.593483157] [robot_2.robot_supervisor]: Selected controllable event: EV_approach_color
[INFO] [1789492213.893087741] [robot_2.robot_supervisor]: ############################# VISIBLE: EV_object_visible #############################
[INFO] [1789492213.893423225] [robot_2.robot_supervisor]: Selected controllable event: EV_search_color
[INFO] [1789492214.093276927] [robot_2.robot_supervisor]: Selected controllable event: EV_search_color
[INFO] [1789492214.293126467] [robot_2.robot_supervisor]: Triggered uncontrollable event: EV_object_not_visible
[INFO] [1789492214.293440157] [robot_2.robot_supervisor]: Selected controllable event: EV_search_object
[INFO] [1789492214.493093051] [robot_2.robot_supervisor]: Triggered uncontrollable event: EV_obstacle_left
[INFO] [1789492214.493303215] [robot_2.robot_supervisor]: Triggered uncontrollable event: EV_object_not_visible
[INFO] [1789492214.493564422] [robot_2.robot_supervisor]: Selected controllable event: EV_u_turn
[INFO] [1789492214.493776125] [robot_2.robot_supervisor]: Starting FULL ROTATE (omega=1.000, have_odom=True, target_rad=3.142, timeout_s=3.500)
[INFO] [1789492216.095011123] [robot_2.robot_supervisor]: FULL ROTATE completed by odom (accum_rad=3.200)
[INFO] [1789492216.393301902] [robot_2.robot_supervisor]: ############################# VISIBLE: EV_object_visible #############################
[INFO] [1789492216.393595444] [robot_2.robot_supervisor]: Selected controllable event: EV_approach_object
[INFO] [1789492216.595081447] [robot_2.robot_supervisor]: Selected controllable event: EV_approach_color
[INFO] [1789492216.894467557] [robot_2.robot_supervisor]: ############################# VISIBLE: EV_object_visible #############################
[INFO] [1789492216.894765864] [robot_2.robot_supervisor]: Selected controllable event: EV_approach_object
[INFO] [1789492217.193311830] [robot_2.robot_supervisor]: ############################# VISIBLE: EV_object_visible #############################
[INFO] [1789492217.193657705] [robot_2.robot_supervisor]: Selected controllable event: EV_search_object
[INFO] [1789492217.393189660] [robot_2.robot_supervisor]: ############################# VISIBLE: EV_object_visible #############################
[INFO] [1789492217.393491607] [robot_2.robot_supervisor]: Selected controllable event: EV_approach_color
[INFO] [1789492217.693177110] [robot_2.robot_supervisor]: ############################# VISIBLE: EV_object_visible #############################
[INFO] [1789492217.693489251] [robot_2.robot_supervisor]: Selected controllable event: EV_search_color
[INFO] [1789492217.701553882] [robot_2.robot_supervisor]: RECEIVED zone_b; balance=equal
[INFO] [1789492217.794617475] [robot_2.robot_supervisor]: Triggered uncontrollable event: EV_recieve_drop_zone_blue
[INFO] [1789492217.795121087] [robot_2.robot_supervisor]: Selected controllable event: EV_move_forward
[INFO] [1789492218.094479837] [robot_2.robot_supervisor]: ############################# VISIBLE: EV_object_visible #############################
[INFO] [1789492218.094793389] [robot_2.robot_supervisor]: Selected controllable event: EV_search_color
[INFO] [1789492218.294047536] [robot_2.robot_supervisor]: Triggered uncontrollable event: EV_obstacle_right
[INFO] [1789492218.294269134] [robot_2.robot_supervisor]: ############################# VISIBLE: EV_object_visible #############################
[INFO] [1789492218.294531581] [robot_2.robot_supervisor]: Selected controllable event: EV_rotate_counterclockwise
[INFO] [1789492218.494345385] [robot_2.robot_supervisor]: Triggered uncontrollable event: EV_obstacle_right
[INFO] [1789492218.494557065] [robot_2.robot_supervisor]: ############################# VISIBLE: EV_object_visible #############################
[INFO] [1789492218.494816516] [robot_2.robot_supervisor]: Selected controllable event: EV_rotate_counterclockwise
[INFO] [1789492218.693490611] [robot_2.robot_supervisor]: ############################# VISIBLE: EV_object_visible #############################
[INFO] [1789492218.693788892] [robot_2.robot_supervisor]: Selected controllable event: EV_search_object
[INFO] [1789492218.894006462] [robot_2.robot_supervisor]: ############################# VISIBLE: EV_object_visible #############################
[INFO] [1789492218.894577603] [robot_2.robot_supervisor]: Selected controllable event: EV_search_object
[INFO] [1789492219.093925910] [robot_2.robot_supervisor]: Selected controllable event: EV_search_object
[INFO] [1789492219.294465956] [robot_2.robot_supervisor]: ############################# VISIBLE: EV_object_visible #############################
[INFO] [1789492219.294824136] [robot_2.robot_supervisor]: Selected controllable event: EV_move_forward
[INFO] [1789492219.594835502] [robot_2.robot_supervisor]: ############################# VISIBLE: EV_object_visible #############################
[INFO] [1789492219.595173608] [robot_2.robot_supervisor]: Selected controllable event: EV_search_object
[INFO] [1789492219.793180327] [robot_2.robot_supervisor]: ############################# VISIBLE: EV_object_visible #############################
[INFO] [1789492219.793461061] [robot_2.robot_supervisor]: Selected controllable event: EV_search_color
[INFO] [1789492219.894936257] [robot_2.robot_supervisor]: Triggered uncontrollable event: EV_object_not_visible
[INFO] [1789492219.895509161] [robot_2.robot_supervisor]: Selected controllable event: EV_search_color
[INFO] [1789492220.094716356] [robot_2.robot_supervisor]: Selected controllable event: EV_approach_color
[INFO] [1789492220.393841229] [robot_2.robot_supervisor]: Triggered uncontrollable event: EV_obstacle_left
[INFO] [1789492220.394059131] [robot_2.robot_supervisor]: Triggered uncontrollable event: EV_object_not_visible
[INFO] [1789492220.394326256] [robot_2.robot_supervisor]: Selected controllable event: EV_rotate_clockwise
[INFO] [1789492220.594477603] [robot_2.robot_supervisor]: Triggered uncontrollable event: EV_obstacle_left
[INFO] [1789492220.594821830] [robot_2.robot_supervisor]: Selected controllable event: EV_u_turn
[INFO] [1789492220.595055341] [robot_2.robot_supervisor]: Starting FULL ROTATE (omega=1.000, have_odom=True, target_rad=3.142, timeout_s=3.500)
[INFO] [1789492221.115618840] [robot_2.robot_supervisor]: RECEIVED zone_a; balance=zone_a_has_extra
[INFO] [1789492222.393063706] [robot_2.robot_supervisor]: FULL ROTATE completed by odom (accum_rad=3.266)
[INFO] [1789492222.593156768] [robot_2.robot_supervisor]: ############################# VISIBLE: EV_object_visible #############################
[INFO] [1789492222.593448975] [robot_2.robot_supervisor]: Triggered uncontrollable event: EV_recieve_drop_zone_red
[INFO] [1789492222.593841481] [robot_2.robot_supervisor]: Selected controllable event: EV_approach_object
[INFO] [1789492222.893576864] [robot_2.robot_supervisor]: ############################# VISIBLE: EV_object_visible #############################
[INFO] [1789492222.894103983] [robot_2.robot_supervisor]: Selected controllable event: EV_approach_object
[INFO] [1789492223.193018337] [robot_2.robot_supervisor]: ############################# VISIBLE: EV_object_visible #############################
[INFO] [1789492223.193332000] [robot_2.robot_supervisor]: Selected controllable event: EV_move_forward
[INFO] [1789492223.493076610] [robot_2.robot_supervisor]: ############################# REACHED: EV_object_reached #############################
[INFO] [1789492223.493372592] [robot_2.robot_supervisor]: Selected controllable event: EV_approach_color
[INFO] [1789492223.793117018] [robot_2.robot_supervisor]: Triggered uncontrollable event: EV_obstacle_right
[INFO] [1789492223.793326911] [robot_2.robot_supervisor]: ############################# REACHED: EV_object_reached #############################
[INFO] [1789492223.793587131] [robot_2.robot_supervisor]: Selected controllable event: EV_rotate_counterclockwise
[INFO] [1789492223.993622436] [robot_2.robot_supervisor]: Triggered uncontrollable event: EV_obstacle_right
[INFO] [1789492223.994055160] [robot_2.robot_supervisor]: ############################# REACHED: EV_object_reached #############################
[INFO] [1789492223.994587505] [robot_2.robot_supervisor]: Selected controllable event: EV_u_turn
[INFO] [1789492224.093604694] [robot_2.robot_supervisor]: Triggered uncontrollable event: EV_obstacle_right
[INFO] [1789492224.093955079] [robot_2.robot_supervisor]: Selected controllable event: EV_pick_up_object
[INFO] [1789492224.094806063] [robot_2.robot_supervisor]: Cargo 'robot_2_carried_generic_box' placed on robot.
[INFO] [1789492224.393760480] [robot_2.robot_supervisor]: Triggered uncontrollable event: EV_obstacle_right
[INFO] [1789492224.394185761] [robot_2.robot_supervisor]: Triggered uncontrollable event: EV_red_not_visible
[INFO] [1789492224.394554604] [robot_2.robot_supervisor]: Triggered uncontrollable event: EV_blue_not_visible
[INFO] [1789492224.395077575] [robot_2.robot_supervisor]: Selected controllable event: EV_u_turn
[INFO] [1789492224.493295911] [robot_2.robot_supervisor]: Triggered uncontrollable event: EV_obstacle_right
[INFO] [1789492224.493593549] [robot_2.robot_supervisor]: Selected controllable event: EV_u_turn
[INFO] [1789492224.593737076] [robot_2.robot_supervisor]: Selected controllable event: EV_search_color
[INFO] [1789492224.793362159] [robot_2.robot_supervisor]: Triggered uncontrollable event: EV_red_not_visible
[INFO] [1789492224.793567806] [robot_2.robot_supervisor]: Triggered uncontrollable event: EV_blue_not_visible
[INFO] [1789492224.793841765] [robot_2.robot_supervisor]: Selected controllable event: EV_search_color
[INFO] [1789492224.993335912] [robot_2.robot_supervisor]: Triggered uncontrollable event: EV_red_not_visible
[INFO] [1789492224.993525609] [robot_2.robot_supervisor]: Triggered uncontrollable event: EV_blue_not_visible
[INFO] [1789492224.993766387] [robot_2.robot_supervisor]: Selected controllable event: EV_approach_object
[INFO] [1789492225.293838292] [robot_2.robot_supervisor]: Triggered uncontrollable event: EV_obstacle_right
[INFO] [1789492225.294380742] [robot_2.robot_supervisor]: Triggered uncontrollable event: EV_red_not_visible
[INFO] [1789492225.294756832] [robot_2.robot_supervisor]: Triggered uncontrollable event: EV_blue_not_visible
[INFO] [1789492225.295257210] [robot_2.robot_supervisor]: Selected controllable event: EV_rotate_counterclockwise
[INFO] [1789492225.493451095] [robot_2.robot_supervisor]: Triggered uncontrollable event: EV_obstacle_right
[INFO] [1789492225.493658156] [robot_2.robot_supervisor]: Triggered uncontrollable event: EV_red_not_visible
[INFO] [1789492225.493846407] [robot_2.robot_supervisor]: Triggered uncontrollable event: EV_blue_not_visible
[INFO] [1789492225.494126525] [robot_2.robot_supervisor]: Selected controllable event: EV_u_turn
[INFO] [1789492225.494342737] [robot_2.robot_supervisor]: Starting FULL ROTATE (omega=1.000, have_odom=True, target_rad=3.142, timeout_s=3.500)
[INFO] [1789492227.193284085] [robot_2.robot_supervisor]: FULL ROTATE completed by odom (accum_rad=3.341)
[INFO] [1789492227.393839524] [robot_2.robot_supervisor]: Triggered uncontrollable event: EV_blue_visible
[INFO] [1789492227.394249142] [robot_2.robot_supervisor]: Triggered uncontrollable event: EV_red_visible
[INFO] [1789492227.394785157] [robot_2.robot_supervisor]: Selected controllable event: EV_search_color
[INFO] [1789492227.594321889] [robot_2.robot_supervisor]: Triggered uncontrollable event: EV_blue_visible
[INFO] [1789492227.594757914] [robot_2.robot_supervisor]: Triggered uncontrollable event: EV_red_visible
[INFO] [1789492227.595339829] [robot_2.robot_supervisor]: Selected controllable event: EV_move_forward
[INFO] [1789492227.894000401] [robot_2.robot_supervisor]: Triggered uncontrollable event: EV_blue_visible
[INFO] [1789492227.894353228] [robot_2.robot_supervisor]: Triggered uncontrollable event: EV_red_visible
[INFO] [1789492227.894755929] [robot_2.robot_supervisor]: Selected controllable event: EV_search_object
[INFO] [1789492228.093405384] [robot_2.robot_supervisor]: Triggered uncontrollable event: EV_blue_visible
[INFO] [1789492228.093599807] [robot_2.robot_supervisor]: Triggered uncontrollable event: EV_red_visible
[INFO] [1789492228.093846591] [robot_2.robot_supervisor]: Selected controllable event: EV_search_object
[INFO] [1789492228.293502892] [robot_2.robot_supervisor]: Triggered uncontrollable event: EV_blue_visible
[INFO] [1789492228.293688362] [robot_2.robot_supervisor]: Triggered uncontrollable event: EV_red_visible
[INFO] [1789492228.293936311] [robot_2.robot_supervisor]: Selected controllable event: EV_search_object
[INFO] [1789492228.493373338] [robot_2.robot_supervisor]: Triggered uncontrollable event: EV_red_visible
[INFO] [1789492228.493576638] [robot_2.robot_supervisor]: Triggered uncontrollable event: EV_blue_not_visible
[INFO] [1789492228.493833086] [robot_2.robot_supervisor]: Selected controllable event: EV_approach_color
[INFO] [1789492228.793872704] [robot_2.robot_supervisor]: Triggered uncontrollable event: EV_red_visible
[INFO] [1789492228.794272948] [robot_2.robot_supervisor]: Triggered uncontrollable event: EV_blue_not_visible
[INFO] [1789492228.794782508] [robot_2.robot_supervisor]: Selected controllable event: EV_move_forward
[INFO] [1789492229.002499428] [robot_2.robot_supervisor]: RECEIVED zone_b; balance=equal
[INFO] [1789492229.093952306] [robot_2.robot_supervisor]: Triggered uncontrollable event: EV_red_not_visible
[INFO] [1789492229.094362548] [robot_2.robot_supervisor]: Triggered uncontrollable event: EV_recieve_drop_zone_blue
[INFO] [1789492229.094759313] [robot_2.robot_supervisor]: Triggered uncontrollable event: EV_blue_not_visible
[INFO] [1789492229.095281812] [robot_2.robot_supervisor]: Selected controllable event: EV_approach_object
[INFO] [1789492229.393488071] [robot_2.robot_supervisor]: Triggered uncontrollable event: EV_red_not_visible
[INFO] [1789492229.393806574] [robot_2.robot_supervisor]: Triggered uncontrollable event: EV_blue_not_visible
[INFO] [1789492229.394209132] [robot_2.robot_supervisor]: Selected controllable event: EV_search_color
[INFO] [1789492229.593836989] [robot_2.robot_supervisor]: Selected controllable event: EV_move_forward
[INFO] [1789492229.893793638] [robot_2.robot_supervisor]: Triggered uncontrollable event: EV_red_not_visible
[INFO] [1789492229.894242625] [robot_2.robot_supervisor]: Triggered uncontrollable event: EV_blue_not_visible
[INFO] [1789492229.894737898] [robot_2.robot_supervisor]: Selected controllable event: EV_search_color
[INFO] [1789492230.093335253] [robot_2.robot_supervisor]: Triggered uncontrollable event: EV_red_not_visible
[INFO] [1789492230.093538595] [robot_2.robot_supervisor]: Triggered uncontrollable event: EV_blue_not_visible
[INFO] [1789492230.093796410] [robot_2.robot_supervisor]: Selected controllable event: EV_move_forward
[INFO] [1789492230.393298664] [robot_2.robot_supervisor]: Triggered uncontrollable event: EV_red_not_visible
[INFO] [1789492230.393490350] [robot_2.robot_supervisor]: Triggered uncontrollable event: EV_blue_not_visible
[INFO] [1789492230.393742836] [robot_2.robot_supervisor]: Selected controllable event: EV_approach_object
[INFO] [1789492230.693801280] [robot_2.robot_supervisor]: Triggered uncontrollable event: EV_red_not_visible
[INFO] [1789492230.694230643] [robot_2.robot_supervisor]: Triggered uncontrollable event: EV_blue_not_visible
[INFO] [1789492230.694756643] [robot_2.robot_supervisor]: Selected controllable event: EV_approach_object
[INFO] [1789492230.993810317] [robot_2.robot_supervisor]: Triggered uncontrollable event: EV_red_not_visible
[INFO] [1789492230.994229021] [robot_2.robot_supervisor]: Triggered uncontrollable event: EV_blue_not_visible
[INFO] [1789492230.994732716] [robot_2.robot_supervisor]: Selected controllable event: EV_move_forward
[INFO] [1789492231.293229508] [robot_2.robot_supervisor]: Triggered uncontrollable event: EV_red_not_visible
[INFO] [1789492231.293417211] [robot_2.robot_supervisor]: Triggered uncontrollable event: EV_blue_not_visible
[INFO] [1789492231.293659081] [robot_2.robot_supervisor]: Selected controllable event: EV_approach_object
[INFO] [1789492231.593295840] [robot_2.robot_supervisor]: Triggered uncontrollable event: EV_red_not_visible
[INFO] [1789492231.593500408] [robot_2.robot_supervisor]: Triggered uncontrollable event: EV_blue_not_visible
[INFO] [1789492231.593757157] [robot_2.robot_supervisor]: Selected controllable event: EV_search_object
[INFO] [1789492231.793913773] [robot_2.robot_supervisor]: Triggered uncontrollable event: EV_obstacle_left
[INFO] [1789492231.794321121] [robot_2.robot_supervisor]: Triggered uncontrollable event: EV_red_not_visible
[INFO] [1789492231.794692716] [robot_2.robot_supervisor]: Triggered uncontrollable event: EV_blue_not_visible
[INFO] [1789492231.795259404] [robot_2.robot_supervisor]: Selected controllable event: EV_rotate_clockwise
[INFO] [1789492231.993350615] [robot_2.robot_supervisor]: Triggered uncontrollable event: EV_obstacle_right
[INFO] [1789492231.993580265] [robot_2.robot_supervisor]: Triggered uncontrollable event: EV_red_not_visible
[INFO] [1789492231.993754158] [robot_2.robot_supervisor]: Triggered uncontrollable event: EV_blue_not_visible
[INFO] [1789492231.994021290] [robot_2.robot_supervisor]: Selected controllable event: EV_rotate_counterclockwise
[INFO] [1789492232.193356468] [robot_2.robot_supervisor]: Triggered uncontrollable event: EV_obstacle_right
[INFO] [1789492232.193567874] [robot_2.robot_supervisor]: Triggered uncontrollable event: EV_red_not_visible
[INFO] [1789492232.193775276] [robot_2.robot_supervisor]: Triggered uncontrollable event: EV_blue_not_visible
[INFO] [1789492232.194057511] [robot_2.robot_supervisor]: Selected controllable event: EV_rotate_counterclockwise
[INFO] [1789492232.394016189] [robot_2.robot_supervisor]: Triggered uncontrollable event: EV_obstacle_right
[INFO] [1789492232.394631768] [robot_2.robot_supervisor]: Selected controllable event: EV_rotate_counterclockwise
[INFO] [1789492232.593361550] [robot_2.robot_supervisor]: Triggered uncontrollable event: EV_obstacle_right
[INFO] [1789492232.593560948] [robot_2.robot_supervisor]: Triggered uncontrollable event: EV_red_not_visible
[INFO] [1789492232.593728044] [robot_2.robot_supervisor]: Triggered uncontrollable event: EV_blue_not_visible
[INFO] [1789492232.593995967] [robot_2.robot_supervisor]: Selected controllable event: EV_u_turn
[INFO] [1789492232.594238326] [robot_2.robot_supervisor]: Starting FULL ROTATE (omega=1.000, have_odom=True, target_rad=3.142, timeout_s=3.500)
[INFO] [1789492234.193256138] [robot_2.robot_supervisor]: FULL ROTATE completed by odom (accum_rad=3.200)
[INFO] [1789492234.393578353] [robot_2.robot_supervisor]: Triggered uncontrollable event: EV_blue_visible
[INFO] [1789492234.394412226] [robot_2.robot_supervisor]: Triggered uncontrollable event: EV_red_visible
[INFO] [1789492234.395019700] [robot_2.robot_supervisor]: Selected controllable event: EV_search_object
[INFO] [1789492234.593287430] [robot_2.robot_supervisor]: Triggered uncontrollable event: EV_blue_visible
[INFO] [1789492234.593487289] [robot_2.robot_supervisor]: Triggered uncontrollable event: EV_red_visible
[INFO] [1789492234.593743558] [robot_2.robot_supervisor]: Selected controllable event: EV_approach_object
[INFO] [1789492234.893482255] [robot_2.robot_supervisor]: DELIVERED zone_a; balance=zone_a_has_extra
[INFO] [1789492234.893693699] [robot_2.robot_supervisor]: Triggered uncontrollable event: EV_blue_visible
[INFO] [1789492234.893878397] [robot_2.robot_supervisor]: Triggered uncontrollable event: EV_red_visible
[INFO] [1789492234.894130587] [robot_2.robot_supervisor]: Selected controllable event: EV_drop_zone_red
[INFO] [1789492234.894779150] [robot_2.robot_supervisor]: Delivered cargo 'robot_2_carried_generic_box' removed.
[INFO] [1789492234.993297158] [robot_2.robot_supervisor]: Selected controllable event: EV_search_color
[INFO] [1789492235.193244355] [robot_2.robot_supervisor]: ############################# REACHED: EV_object_reached #############################
[INFO] [1789492235.193588142] [robot_2.robot_supervisor]: Selected controllable event: EV_approach_object
[INFO] [1789492235.493610616] [robot_2.robot_supervisor]: Triggered uncontrollable event: EV_obstacle_left
[INFO] [1789492235.494029183] [robot_2.robot_supervisor]: ############################# REACHED: EV_object_reached #############################
[INFO] [1789492235.494566564] [robot_2.robot_supervisor]: Selected controllable event: EV_u_turn
[INFO] [1789492235.593144551] [robot_2.robot_supervisor]: Triggered uncontrollable event: EV_obstacle_left
[INFO] [1789492235.593422117] [robot_2.robot_supervisor]: Selected controllable event: EV_u_turn
[INFO] [1789492235.693624855] [robot_2.robot_supervisor]: Triggered uncontrollable event: EV_obstacle_left
[INFO] [1789492235.694040146] [robot_2.robot_supervisor]: ############################# REACHED: EV_object_reached #############################
[INFO] [1789492235.694537196] [robot_2.robot_supervisor]: Selected controllable event: EV_u_turn
[INFO] [1789492235.793202268] [robot_2.robot_supervisor]: Triggered uncontrollable event: EV_obstacle_left
[INFO] [1789492235.793534568] [robot_2.robot_supervisor]: Selected controllable event: EV_u_turn
[INFO] [1789492235.893028262] [robot_2.robot_supervisor]: Triggered uncontrollable event: EV_obstacle_left
[INFO] [1789492235.893325176] [robot_2.robot_supervisor]: Selected controllable event: EV_rotate_clockwise
[INFO] [1789492236.093192290] [robot_2.robot_supervisor]: Triggered uncontrollable event: EV_obstacle_left
[INFO] [1789492236.093402131] [robot_2.robot_supervisor]: ############################# REACHED: EV_object_reached #############################
[INFO] [1789492236.093670066] [robot_2.robot_supervisor]: Selected controllable event: EV_drop_object
[INFO] [1789492236.393136586] [robot_2.robot_supervisor]: ############################# REACHED: EV_object_reached #############################
[INFO] [1789492236.393418773] [robot_2.robot_supervisor]: Selected controllable event: EV_approach_object
[INFO] [1789492236.693314637] [robot_2.robot_supervisor]: ############################# REACHED: EV_object_reached #############################
[INFO] [1789492236.693611710] [robot_2.robot_supervisor]: Selected controllable event: EV_search_object
[INFO] [1789492236.893176374] [robot_2.robot_supervisor]: ############################# REACHED: EV_object_reached #############################
[INFO] [1789492236.893457819] [robot_2.robot_supervisor]: Selected controllable event: EV_move_forward
[INFO] [1789492237.194050801] [robot_2.robot_supervisor]: Triggered uncontrollable event: EV_obstacle_left
[INFO] [1789492237.194498637] [robot_2.robot_supervisor]: ############################# REACHED: EV_object_reached #############################
[INFO] [1789492237.195053025] [robot_2.robot_supervisor]: Selected controllable event: EV_pick_up_object
[INFO] [1789492237.196513046] [robot_2.robot_supervisor]: Cargo 'robot_2_carried_generic_box' placed on robot.
[INFO] [1789492237.493324766] [robot_2.robot_supervisor]: Triggered uncontrollable event: EV_obstacle_left
[INFO] [1789492237.493530454] [robot_2.robot_supervisor]: Triggered uncontrollable event: EV_red_not_visible
[INFO] [1789492237.493696930] [robot_2.robot_supervisor]: Triggered uncontrollable event: EV_blue_not_visible
[INFO] [1789492237.493954718] [robot_2.robot_supervisor]: Selected controllable event: EV_u_turn
[INFO] [1789492237.494166489] [robot_2.robot_supervisor]: Starting FULL ROTATE (omega=1.000, have_odom=True, target_rad=3.142, timeout_s=3.500)
[INFO] [1789492239.293339868] [robot_2.robot_supervisor]: FULL ROTATE completed by odom (accum_rad=3.328)
[INFO] [1789492239.593351297] [robot_2.robot_supervisor]: Triggered uncontrollable event: EV_red_not_visible
[INFO] [1789492239.593540472] [robot_2.robot_supervisor]: Triggered uncontrollable event: EV_blue_not_visible
[INFO] [1789492239.593789902] [robot_2.robot_supervisor]: Selected controllable event: EV_approach_color
[INFO] [1789492239.893451168] [robot_2.robot_supervisor]: Triggered uncontrollable event: EV_red_not_visible
[INFO] [1789492239.893655499] [robot_2.robot_supervisor]: Triggered uncontrollable event: EV_blue_not_visible
[INFO] [1789492239.893931462] [robot_2.robot_supervisor]: Selected controllable event: EV_search_object
[INFO] [1789492240.093345002] [robot_2.robot_supervisor]: Triggered uncontrollable event: EV_red_not_visible
[INFO] [1789492240.093564973] [robot_2.robot_supervisor]: Triggered uncontrollable event: EV_blue_not_visible
[INFO] [1789492240.093843644] [robot_2.robot_supervisor]: Selected controllable event: EV_approach_color
[INFO] [1789492240.393762762] [robot_2.robot_supervisor]: Triggered uncontrollable event: EV_red_not_visible
[INFO] [1789492240.394217258] [robot_2.robot_supervisor]: Triggered uncontrollable event: EV_blue_not_visible
[INFO] [1789492240.394622808] [robot_2.robot_supervisor]: Selected controllable event: EV_search_object
[INFO] [1789492240.594487033] [robot_2.robot_supervisor]: Triggered uncontrollable event: EV_red_not_visible
[INFO] [1789492240.595023666] [robot_2.robot_supervisor]: Triggered uncontrollable event: EV_blue_not_visible
[INFO] [1789492240.595638195] [robot_2.robot_supervisor]: Selected controllable event: EV_move_forward
[INFO] [1789492240.893539963] [robot_2.robot_supervisor]: Triggered uncontrollable event: EV_red_not_visible
[INFO] [1789492240.893878134] [robot_2.robot_supervisor]: Triggered uncontrollable event: EV_blue_not_visible
[INFO] [1789492240.894315784] [robot_2.robot_supervisor]: Selected controllable event: EV_approach_object
[INFO] [1789492241.193976015] [robot_2.robot_supervisor]: Triggered uncontrollable event: EV_obstacle_left
[INFO] [1789492241.194424135] [robot_2.robot_supervisor]: Triggered uncontrollable event: EV_red_not_visible
[INFO] [1789492241.194813107] [robot_2.robot_supervisor]: Triggered uncontrollable event: EV_blue_not_visible
[INFO] [1789492241.195311729] [robot_2.robot_supervisor]: Selected controllable event: EV_rotate_clockwise
[INFO] [1789492241.393971659] [robot_2.robot_supervisor]: Selected controllable event: EV_search_object
[INFO] [1789492241.593920592] [robot_2.robot_supervisor]: Triggered uncontrollable event: EV_red_not_visible
[INFO] [1789492241.594334419] [robot_2.robot_supervisor]: Triggered uncontrollable event: EV_blue_not_visible
[INFO] [1789492241.594837205] [robot_2.robot_supervisor]: Selected controllable event: EV_approach_object
[INFO] [1789492241.893587326] [robot_2.robot_supervisor]: Triggered uncontrollable event: EV_red_not_visible
[INFO] [1789492241.893949171] [robot_2.robot_supervisor]: Triggered uncontrollable event: EV_blue_not_visible
[INFO] [1789492241.894250181] [robot_2.robot_supervisor]: Selected controllable event: EV_search_object
[INFO] [1789492242.093980531] [robot_2.robot_supervisor]: Triggered uncontrollable event: EV_red_not_visible
[INFO] [1789492242.094416032] [robot_2.robot_supervisor]: Triggered uncontrollable event: EV_blue_not_visible
[INFO] [1789492242.094951184] [robot_2.robot_supervisor]: Selected controllable event: EV_approach_object
[INFO] [1789492242.394173462] [robot_2.robot_supervisor]: Triggered uncontrollable event: EV_red_not_visible
[INFO] [1789492242.394617790] [robot_2.robot_supervisor]: Triggered uncontrollable event: EV_blue_not_visible
[INFO] [1789492242.395224011] [robot_2.robot_supervisor]: Selected controllable event: EV_search_color
[INFO] [1789492242.594143225] [robot_2.robot_supervisor]: Triggered uncontrollable event: EV_red_not_visible
[INFO] [1789492242.594594443] [robot_2.robot_supervisor]: Triggered uncontrollable event: EV_blue_not_visible
[INFO] [1789492242.595176052] [robot_2.robot_supervisor]: Selected controllable event: EV_move_forward
[INFO] [1789492242.894128458] [robot_2.robot_supervisor]: Triggered uncontrollable event: EV_red_not_visible
[INFO] [1789492242.894586113] [robot_2.robot_supervisor]: Triggered uncontrollable event: EV_blue_not_visible
[INFO] [1789492242.895189148] [robot_2.robot_supervisor]: Selected controllable event: EV_move_forward
[INFO] [1789492243.194232742] [robot_2.robot_supervisor]: Triggered uncontrollable event: EV_red_not_visible
[INFO] [1789492243.194680252] [robot_2.robot_supervisor]: Triggered uncontrollable event: EV_blue_not_visible
[INFO] [1789492243.195199664] [robot_2.robot_supervisor]: Selected controllable event: EV_approach_color
[INFO] [1789492243.493692461] [robot_2.robot_supervisor]: Triggered uncontrollable event: EV_red_not_visible
[INFO] [1789492243.493908399] [robot_2.robot_supervisor]: Triggered uncontrollable event: EV_blue_not_visible
[INFO] [1789492243.494161587] [robot_2.robot_supervisor]: Selected controllable event: EV_move_forward
[INFO] [1789492243.793652531] [robot_2.robot_supervisor]: Triggered uncontrollable event: EV_red_not_visible
[INFO] [1789492243.793980989] [robot_2.robot_supervisor]: Triggered uncontrollable event: EV_blue_not_visible
[INFO] [1789492243.794448802] [robot_2.robot_supervisor]: Selected controllable event: EV_approach_object
[INFO] [1789492243.920298151] [robot_2.robot_supervisor]: CONTACT RECOVERY activated (source=robot_1::robot_1/base_footprint::robot_1/base_footprint_fixed_joint_lump__base_collision_collision, duration_s=1.00)
[INFO] [1789492244.994085263] [robot_2.robot_supervisor]: Triggered uncontrollable event: EV_red_not_visible
[INFO] [1789492244.994299221] [robot_2.robot_supervisor]: Triggered uncontrollable event: EV_blue_not_visible
[INFO] [1789492244.994560109] [robot_2.robot_supervisor]: Selected controllable event: EV_approach_object
[INFO] [1789492245.009509158] [robot_2.robot_supervisor]: CONTACT RECOVERY activated (source=robot_1::robot_1/base_footprint::robot_1/base_footprint_fixed_joint_lump__base_collision_collision, duration_s=1.00)
[INFO] [1789492246.093376316] [robot_2.robot_supervisor]: Triggered uncontrollable event: EV_obstacle_left
[INFO] [1789492246.093616419] [robot_2.robot_supervisor]: Triggered uncontrollable event: EV_red_not_visible
[INFO] [1789492246.093784602] [robot_2.robot_supervisor]: Triggered uncontrollable event: EV_blue_not_visible
[INFO] [1789492246.094095952] [robot_2.robot_supervisor]: Selected controllable event: EV_rotate_clockwise
[INFO] [1789492246.293378808] [robot_2.robot_supervisor]: Triggered uncontrollable event: EV_obstacle_left
[INFO] [1789492246.293581580] [robot_2.robot_supervisor]: Triggered uncontrollable event: EV_red_visible
[INFO] [1789492246.293736453] [robot_2.robot_supervisor]: Triggered uncontrollable event: EV_blue_not_visible
[INFO] [1789492246.294048275] [robot_2.robot_supervisor]: Selected controllable event: EV_u_turn
[INFO] [1789492246.294290198] [robot_2.robot_supervisor]: Starting FULL ROTATE (omega=1.000, have_odom=True, target_rad=3.142, timeout_s=3.500)
[INFO] [1789492248.093815996] [robot_2.robot_supervisor]: FULL ROTATE completed by odom (accum_rad=3.264)
[INFO] [1789492248.394074159] [robot_2.robot_supervisor]: Triggered uncontrollable event: EV_blue_visible
[INFO] [1789492248.394571218] [robot_2.robot_supervisor]: Triggered uncontrollable event: EV_obstacle_right
[INFO] [1789492248.394974736] [robot_2.robot_supervisor]: Triggered uncontrollable event: EV_red_visible
[INFO] [1789492248.395525245] [robot_2.robot_supervisor]: Selected controllable event: EV_u_turn
[INFO] [1789492248.494008379] [robot_2.robot_supervisor]: Triggered uncontrollable event: EV_obstacle_right
[INFO] [1789492248.494447076] [robot_2.robot_supervisor]: Triggered uncontrollable event: EV_red_visible
[INFO] [1789492248.494805826] [robot_2.robot_supervisor]: Triggered uncontrollable event: EV_blue_not_visible
[INFO] [1789492248.495318377] [robot_2.robot_supervisor]: Selected controllable event: EV_rotate_counterclockwise
[INFO] [1789492248.693986674] [robot_2.robot_supervisor]: Triggered uncontrollable event: EV_obstacle_right
[INFO] [1789492248.694425436] [robot_2.robot_supervisor]: Triggered uncontrollable event: EV_red_not_visible
[INFO] [1789492248.694807939] [robot_2.robot_supervisor]: Triggered uncontrollable event: EV_blue_not_visible
[INFO] [1789492248.695370676] [robot_2.robot_supervisor]: Selected controllable event: EV_rotate_counterclockwise
[INFO] [1789492248.893644377] [robot_2.robot_supervisor]: Triggered uncontrollable event: EV_obstacle_right
[INFO] [1789492248.894103287] [robot_2.robot_supervisor]: Selected controllable event: EV_rotate_counterclockwise
[INFO] [1789492249.093518833] [robot_2.robot_supervisor]: Triggered uncontrollable event: EV_red_not_visible
[INFO] [1789492249.093735167] [robot_2.robot_supervisor]: Triggered uncontrollable event: EV_blue_not_visible
[INFO] [1789492249.094033437] [robot_2.robot_supervisor]: Selected controllable event: EV_move_forward
[INFO] [1789492249.393450266] [robot_2.robot_supervisor]: Triggered uncontrollable event: EV_red_not_visible
[INFO] [1789492249.393662609] [robot_2.robot_supervisor]: Triggered uncontrollable event: EV_blue_not_visible
[INFO] [1789492249.393935670] [robot_2.robot_supervisor]: Selected controllable event: EV_approach_object
[INFO] [1789492249.693455292] [robot_2.robot_supervisor]: Triggered uncontrollable event: EV_red_not_visible
[INFO] [1789492249.693706933] [robot_2.robot_supervisor]: Triggered uncontrollable event: EV_blue_not_visible
[INFO] [1789492249.694020051] [robot_2.robot_supervisor]: Selected controllable event: EV_approach_color
[INFO] [1789492249.993456491] [robot_2.robot_supervisor]: Triggered uncontrollable event: EV_red_not_visible
[INFO] [1789492249.993684375] [robot_2.robot_supervisor]: Triggered uncontrollable event: EV_blue_not_visible
[INFO] [1789492249.993987995] [robot_2.robot_supervisor]: Selected controllable event: EV_approach_color
[INFO] [1789492250.293473013] [robot_2.robot_supervisor]: Triggered uncontrollable event: EV_red_not_visible
[INFO] [1789492250.293682980] [robot_2.robot_supervisor]: Triggered uncontrollable event: EV_blue_not_visible
[INFO] [1789492250.293967114] [robot_2.robot_supervisor]: Selected controllable event: EV_approach_color
[INFO] [1789492250.593756450] [robot_2.robot_supervisor]: Triggered uncontrollable event: EV_red_not_visible
[INFO] [1789492250.594119160] [robot_2.robot_supervisor]: Triggered uncontrollable event: EV_blue_not_visible
[INFO] [1789492250.594441023] [robot_2.robot_supervisor]: Selected controllable event: EV_approach_object
[INFO] [1789492250.893579764] [robot_2.robot_supervisor]: Triggered uncontrollable event: EV_red_not_visible
[INFO] [1789492250.893817300] [robot_2.robot_supervisor]: Triggered uncontrollable event: EV_blue_not_visible
[INFO] [1789492250.894203273] [robot_2.robot_supervisor]: Selected controllable event: EV_move_forward
[INFO] [1789492251.193441912] [robot_2.robot_supervisor]: Triggered uncontrollable event: EV_red_not_visible
[INFO] [1789492251.193663879] [robot_2.robot_supervisor]: Triggered uncontrollable event: EV_blue_not_visible
[INFO] [1789492251.193947459] [robot_2.robot_supervisor]: Selected controllable event: EV_search_color
[INFO] [1789492251.393543521] [robot_2.robot_supervisor]: Triggered uncontrollable event: EV_red_not_visible
[INFO] [1789492251.393776284] [robot_2.robot_supervisor]: Triggered uncontrollable event: EV_blue_not_visible
[INFO] [1789492251.394123163] [robot_2.robot_supervisor]: Selected controllable event: EV_search_object
[INFO] [1789492251.593544404] [robot_2.robot_supervisor]: Selected controllable event: EV_approach_object
[INFO] [1789492251.893722677] [robot_2.robot_supervisor]: Triggered uncontrollable event: EV_red_not_visible
[INFO] [1789492251.894009166] [robot_2.robot_supervisor]: Triggered uncontrollable event: EV_blue_not_visible
[INFO] [1789492251.894399549] [robot_2.robot_supervisor]: Selected controllable event: EV_approach_color
[INFO] [1789492252.193678882] [robot_2.robot_supervisor]: Triggered uncontrollable event: EV_red_not_visible
[INFO] [1789492252.194017576] [robot_2.robot_supervisor]: Triggered uncontrollable event: EV_blue_not_visible
[INFO] [1789492252.194403651] [robot_2.robot_supervisor]: Selected controllable event: EV_approach_object
[INFO] [1789492252.493860582] [robot_2.robot_supervisor]: Triggered uncontrollable event: EV_red_not_visible
[INFO] [1789492252.494183047] [robot_2.robot_supervisor]: Triggered uncontrollable event: EV_blue_not_visible
[INFO] [1789492252.494564434] [robot_2.robot_supervisor]: Selected controllable event: EV_search_color
[INFO] [1789492252.694149440] [robot_2.robot_supervisor]: Triggered uncontrollable event: EV_red_not_visible
[INFO] [1789492252.694635728] [robot_2.robot_supervisor]: Triggered uncontrollable event: EV_blue_not_visible
[INFO] [1789492252.695254397] [robot_2.robot_supervisor]: Selected controllable event: EV_approach_object
[INFO] [1789492252.993778998] [robot_2.robot_supervisor]: Triggered uncontrollable event: EV_red_not_visible
[INFO] [1789492252.994090629] [robot_2.robot_supervisor]: Triggered uncontrollable event: EV_blue_not_visible
[INFO] [1789492252.994466296] [robot_2.robot_supervisor]: Selected controllable event: EV_search_object
[INFO] [1789492253.194388443] [robot_2.robot_supervisor]: Triggered uncontrollable event: EV_red_not_visible
[INFO] [1789492253.194953493] [robot_2.robot_supervisor]: Triggered uncontrollable event: EV_blue_not_visible
[INFO] [1789492253.195683977] [robot_2.robot_supervisor]: Selected controllable event: EV_move_forward
[INFO] [1789492253.493809926] [robot_2.robot_supervisor]: Triggered uncontrollable event: EV_red_not_visible
[INFO] [1789492253.494141813] [robot_2.robot_supervisor]: Triggered uncontrollable event: EV_blue_not_visible
[INFO] [1789492253.494537400] [robot_2.robot_supervisor]: Selected controllable event: EV_approach_object
[INFO] [1789492253.794181235] [robot_2.robot_supervisor]: Triggered uncontrollable event: EV_red_not_visible
[INFO] [1789492253.794688577] [robot_2.robot_supervisor]: Triggered uncontrollable event: EV_blue_not_visible
[INFO] [1789492253.795320113] [robot_2.robot_supervisor]: Selected controllable event: EV_approach_object
[INFO] [1789492254.094185053] [robot_2.robot_supervisor]: Triggered uncontrollable event: EV_red_not_visible
[INFO] [1789492254.094729732] [robot_2.robot_supervisor]: Triggered uncontrollable event: EV_blue_not_visible
[INFO] [1789492254.095320593] [robot_2.robot_supervisor]: Selected controllable event: EV_approach_color
[INFO] [1789492254.394118327] [robot_2.robot_supervisor]: Triggered uncontrollable event: EV_red_not_visible
[INFO] [1789492254.394618434] [robot_2.robot_supervisor]: Triggered uncontrollable event: EV_blue_not_visible
[INFO] [1789492254.395239606] [robot_2.robot_supervisor]: Selected controllable event: EV_search_object
[INFO] [1789492254.594426354] [robot_2.robot_supervisor]: Triggered uncontrollable event: EV_red_not_visible
[INFO] [1789492254.595014740] [robot_2.robot_supervisor]: Triggered uncontrollable event: EV_blue_not_visible
[INFO] [1789492254.595703522] [robot_2.robot_supervisor]: Selected controllable event: EV_approach_color
[INFO] [1789492254.893635056] [robot_2.robot_supervisor]: Triggered uncontrollable event: EV_red_not_visible
[INFO] [1789492254.893927127] [robot_2.robot_supervisor]: Triggered uncontrollable event: EV_blue_not_visible
[INFO] [1789492254.894281057] [robot_2.robot_supervisor]: Selected controllable event: EV_approach_color
[INFO] [1789492255.194116879] [robot_2.robot_supervisor]: Triggered uncontrollable event: EV_red_not_visible
[INFO] [1789492255.194566521] [robot_2.robot_supervisor]: Triggered uncontrollable event: EV_blue_not_visible
[INFO] [1789492255.195101560] [robot_2.robot_supervisor]: Selected controllable event: EV_search_color
[INFO] [1789492255.394076141] [robot_2.robot_supervisor]: Selected controllable event: EV_approach_color
[INFO] [1789492255.693961014] [robot_2.robot_supervisor]: Triggered uncontrollable event: EV_red_not_visible
[INFO] [1789492255.694398735] [robot_2.robot_supervisor]: Triggered uncontrollable event: EV_blue_not_visible
[INFO] [1789492255.694942706] [robot_2.robot_supervisor]: Selected controllable event: EV_move_forward
[INFO] [1789492255.993947355] [robot_2.robot_supervisor]: Triggered uncontrollable event: EV_red_not_visible
[INFO] [1789492255.994239311] [robot_2.robot_supervisor]: Triggered uncontrollable event: EV_blue_not_visible
[INFO] [1789492255.994568210] [robot_2.robot_supervisor]: Selected controllable event: EV_search_object
[INFO] [1789492256.194017923] [robot_2.robot_supervisor]: Triggered uncontrollable event: EV_red_not_visible
[INFO] [1789492256.194443952] [robot_2.robot_supervisor]: Triggered uncontrollable event: EV_blue_not_visible
[INFO] [1789492256.194962159] [robot_2.robot_supervisor]: Selected controllable event: EV_search_object
[INFO] [1789492256.393623362] [robot_2.robot_supervisor]: Selected controllable event: EV_move_forward
[INFO] [1789492256.694301820] [robot_2.robot_supervisor]: Triggered uncontrollable event: EV_blue_visible
[INFO] [1789492256.694743678] [robot_2.robot_supervisor]: Triggered uncontrollable event: EV_red_not_visible
[INFO] [1789492256.695127069] [robot_2.robot_supervisor]: Triggered uncontrollable event: EV_blue_not_visible
[INFO] [1789492256.695618242] [robot_2.robot_supervisor]: Selected controllable event: EV_approach_color
[INFO] [1789492256.993977287] [robot_2.robot_supervisor]: Triggered uncontrollable event: EV_blue_visible
[INFO] [1789492256.994407457] [robot_2.robot_supervisor]: Triggered uncontrollable event: EV_red_visible
[INFO] [1789492256.994960682] [robot_2.robot_supervisor]: Selected controllable event: EV_approach_color
[INFO] [1789492257.293915287] [robot_2.robot_supervisor]: Triggered uncontrollable event: EV_blue_visible
[INFO] [1789492257.294342415] [robot_2.robot_supervisor]: Triggered uncontrollable event: EV_red_visible
[INFO] [1789492257.294902547] [robot_2.robot_supervisor]: Selected controllable event: EV_search_object
[INFO] [1789492257.493551181] [robot_2.robot_supervisor]: Triggered uncontrollable event: EV_blue_visible
[INFO] [1789492257.493773212] [robot_2.robot_supervisor]: Triggered uncontrollable event: EV_red_visible
[INFO] [1789492257.494100474] [robot_2.robot_supervisor]: Selected controllable event: EV_search_color
[INFO] [1789492257.693405620] [robot_2.robot_supervisor]: Triggered uncontrollable event: EV_blue_visible
[INFO] [1789492257.693630722] [robot_2.robot_supervisor]: Triggered uncontrollable event: EV_red_visible
[INFO] [1789492257.693923782] [robot_2.robot_supervisor]: Selected controllable event: EV_search_color
[INFO] [1789492257.893547325] [robot_2.robot_supervisor]: Selected controllable event: EV_approach_object
[INFO] [1789492258.193382161] [robot_2.robot_supervisor]: Triggered uncontrollable event: EV_obstacle_left
[INFO] [1789492258.193611738] [robot_2.robot_supervisor]: Triggered uncontrollable event: EV_blue_visible
[INFO] [1789492258.193801374] [robot_2.robot_supervisor]: Triggered uncontrollable event: EV_red_visible
[INFO] [1789492258.194097246] [robot_2.robot_supervisor]: Selected controllable event: EV_rotate_clockwise
[INFO] [1789492258.393759032] [robot_2.robot_supervisor]: Triggered uncontrollable event: EV_obstacle_left
[INFO] [1789492258.394345289] [robot_2.robot_supervisor]: Selected controllable event: EV_rotate_clockwise
[INFO] [1789492258.593533414] [robot_2.robot_supervisor]: Triggered uncontrollable event: EV_obstacle_left
[INFO] [1789492258.593931006] [robot_2.robot_supervisor]: Triggered uncontrollable event: EV_blue_visible
[INFO] [1789492258.594307811] [robot_2.robot_supervisor]: Triggered uncontrollable event: EV_red_visible
[INFO] [1789492258.594669021] [robot_2.robot_supervisor]: Selected controllable event: EV_u_turn
[INFO] [1789492258.594927945] [robot_2.robot_supervisor]: Starting FULL ROTATE (omega=1.000, have_odom=True, target_rad=3.142, timeout_s=3.500)
[INFO] [1789492260.393684234] [robot_2.robot_supervisor]: FULL ROTATE completed by odom (accum_rad=3.262)
[INFO] [1789492260.693690553] [robot_2.robot_supervisor]: Triggered uncontrollable event: EV_red_visible
[INFO] [1789492260.694072839] [robot_2.robot_supervisor]: Triggered uncontrollable event: EV_blue_not_visible
[INFO] [1789492260.694543290] [robot_2.robot_supervisor]: Selected controllable event: EV_search_color
[INFO] [1789492260.893683602] [robot_2.robot_supervisor]: Selected controllable event: EV_search_object
[INFO] [1789492261.094014887] [robot_2.robot_supervisor]: Triggered uncontrollable event: EV_red_not_visible
[INFO] [1789492261.094446160] [robot_2.robot_supervisor]: Triggered uncontrollable event: EV_blue_not_visible
[INFO] [1789492261.094993597] [robot_2.robot_supervisor]: Selected controllable event: EV_approach_object
[INFO] [1789492261.393888797] [robot_2.robot_supervisor]: Triggered uncontrollable event: EV_red_not_visible
[INFO] [1789492261.394335527] [robot_2.robot_supervisor]: Triggered uncontrollable event: EV_blue_not_visible
[INFO] [1789492261.394860000] [robot_2.robot_supervisor]: Selected controllable event: EV_approach_color
[INFO] [1789492261.693702200] [robot_2.robot_supervisor]: Triggered uncontrollable event: EV_red_not_visible
[INFO] [1789492261.694000295] [robot_2.robot_supervisor]: Triggered uncontrollable event: EV_blue_not_visible
[INFO] [1789492261.694354733] [robot_2.robot_supervisor]: Selected controllable event: EV_move_forward
[INFO] [1789492261.994135085] [robot_2.robot_supervisor]: Triggered uncontrollable event: EV_red_not_visible
[INFO] [1789492261.994606477] [robot_2.robot_supervisor]: Triggered uncontrollable event: EV_blue_not_visible
[INFO] [1789492261.995204675] [robot_2.robot_supervisor]: Selected controllable event: EV_move_forward
[INFO] [1789492262.293845810] [robot_2.robot_supervisor]: Triggered uncontrollable event: EV_red_not_visible
[INFO] [1789492262.294116966] [robot_2.robot_supervisor]: Triggered uncontrollable event: EV_blue_not_visible
[INFO] [1789492262.294441908] [robot_2.robot_supervisor]: Selected controllable event: EV_approach_color
[INFO] [1789492262.593787789] [robot_2.robot_supervisor]: Triggered uncontrollable event: EV_red_not_visible
[INFO] [1789492262.594208921] [robot_2.robot_supervisor]: Triggered uncontrollable event: EV_blue_not_visible
[INFO] [1789492262.594561062] [robot_2.robot_supervisor]: Selected controllable event: EV_move_forward
[INFO] [1789492262.893976871] [robot_2.robot_supervisor]: Triggered uncontrollable event: EV_red_not_visible
[INFO] [1789492262.894237823] [robot_2.robot_supervisor]: Triggered uncontrollable event: EV_blue_not_visible
[INFO] [1789492262.894538522] [robot_2.robot_supervisor]: Selected controllable event: EV_approach_object
[INFO] [1789492263.193630513] [robot_2.robot_supervisor]: Triggered uncontrollable event: EV_red_not_visible
[INFO] [1789492263.194006240] [robot_2.robot_supervisor]: Triggered uncontrollable event: EV_blue_not_visible
[INFO] [1789492263.194340952] [robot_2.robot_supervisor]: Selected controllable event: EV_approach_color
[INFO] [1789492263.493805405] [robot_2.robot_supervisor]: Triggered uncontrollable event: EV_red_not_visible
[INFO] [1789492263.494118688] [robot_2.robot_supervisor]: Triggered uncontrollable event: EV_blue_not_visible
[INFO] [1789492263.494464853] [robot_2.robot_supervisor]: Selected controllable event: EV_approach_color
[INFO] [1789492263.793427282] [robot_2.robot_supervisor]: Triggered uncontrollable event: EV_red_not_visible
[INFO] [1789492263.793664013] [robot_2.robot_supervisor]: Triggered uncontrollable event: EV_blue_not_visible
[INFO] [1789492263.793973140] [robot_2.robot_supervisor]: Selected controllable event: EV_approach_object
[INFO] [1789492264.093386390] [robot_2.robot_supervisor]: Triggered uncontrollable event: EV_obstacle_right
[INFO] [1789492264.093633506] [robot_2.robot_supervisor]: Triggered uncontrollable event: EV_red_not_visible
[INFO] [1789492264.093907680] [robot_2.robot_supervisor]: Triggered uncontrollable event: EV_blue_not_visible
[INFO] [1789492264.094220252] [robot_2.robot_supervisor]: Selected controllable event: EV_rotate_counterclockwise
[INFO] [1789492264.293760244] [robot_2.robot_supervisor]: Triggered uncontrollable event: EV_obstacle_right
[INFO] [1789492264.294187883] [robot_2.robot_supervisor]: Triggered uncontrollable event: EV_red_not_visible
[INFO] [1789492264.294475430] [robot_2.robot_supervisor]: Triggered uncontrollable event: EV_blue_not_visible
[INFO] [1789492264.294890874] [robot_2.robot_supervisor]: Selected controllable event: EV_rotate_counterclockwise
[INFO] [1789492264.493466686] [robot_2.robot_supervisor]: Triggered uncontrollable event: EV_obstacle_right
[INFO] [1789492264.493697302] [robot_2.robot_supervisor]: Triggered uncontrollable event: EV_red_not_visible
[INFO] [1789492264.493898138] [robot_2.robot_supervisor]: Triggered uncontrollable event: EV_blue_not_visible
[INFO] [1789492264.494194539] [robot_2.robot_supervisor]: Selected controllable event: EV_rotate_counterclockwise
[INFO] [1789492264.693392779] [robot_2.robot_supervisor]: Triggered uncontrollable event: EV_obstacle_right
[INFO] [1789492264.693633787] [robot_2.robot_supervisor]: Triggered uncontrollable event: EV_red_not_visible
[INFO] [1789492264.693826070] [robot_2.robot_supervisor]: Triggered uncontrollable event: EV_blue_not_visible
[INFO] [1789492264.694128797] [robot_2.robot_supervisor]: Selected controllable event: EV_u_turn
[INFO] [1789492264.694373563] [robot_2.robot_supervisor]: Starting FULL ROTATE (omega=1.000, have_odom=True, target_rad=3.142, timeout_s=3.500)
[INFO] [1789492266.293542446] [robot_2.robot_supervisor]: FULL ROTATE completed by odom (accum_rad=3.200)
[INFO] [1789492266.493879327] [robot_2.robot_supervisor]: Triggered uncontrollable event: EV_blue_visible
[INFO] [1789492266.494328496] [robot_2.robot_supervisor]: Triggered uncontrollable event: EV_red_visible
[INFO] [1789492266.494867330] [robot_2.robot_supervisor]: Selected controllable event: EV_move_forward
[INFO] [1789492266.793626038] [robot_2.robot_supervisor]: Triggered uncontrollable event: EV_blue_visible
[INFO] [1789492266.793884561] [robot_2.robot_supervisor]: Triggered uncontrollable event: EV_red_visible
[INFO] [1789492266.794220181] [robot_2.robot_supervisor]: Selected controllable event: EV_search_object
[INFO] [1789492266.993961235] [robot_2.robot_supervisor]: Triggered uncontrollable event: EV_blue_visible
[INFO] [1789492266.994229670] [robot_2.robot_supervisor]: Triggered uncontrollable event: EV_red_visible
[INFO] [1789492266.994548215] [robot_2.robot_supervisor]: Selected controllable event: EV_search_object
[INFO] [1789492267.193423847] [robot_2.robot_supervisor]: Triggered uncontrollable event: EV_red_visible
[INFO] [1789492267.193773564] [robot_2.robot_supervisor]: Triggered uncontrollable event: EV_blue_not_visible
[INFO] [1789492267.194297167] [robot_2.robot_supervisor]: Selected controllable event: EV_approach_color
[INFO] [1789492267.493814344] [robot_2.robot_supervisor]: Triggered uncontrollable event: EV_obstacle_left
[INFO] [1789492267.494173356] [robot_2.robot_supervisor]: Triggered uncontrollable event: EV_red_not_visible
[INFO] [1789492267.494375652] [robot_2.robot_supervisor]: Triggered uncontrollable event: EV_blue_not_visible
[INFO] [1789492267.494661624] [robot_2.robot_supervisor]: Selected controllable event: EV_u_turn
[INFO] [1789492267.593758147] [robot_2.robot_supervisor]: Triggered uncontrollable event: EV_obstacle_left
[INFO] [1789492267.594317439] [robot_2.robot_supervisor]: Selected controllable event: EV_u_turn
[INFO] [1789492267.693880204] [robot_2.robot_supervisor]: Triggered uncontrollable event: EV_obstacle_left
[INFO] [1789492267.694304753] [robot_2.robot_supervisor]: Triggered uncontrollable event: EV_red_not_visible
[INFO] [1789492267.694674080] [robot_2.robot_supervisor]: Triggered uncontrollable event: EV_blue_not_visible
[INFO] [1789492267.695190081] [robot_2.robot_supervisor]: Selected controllable event: EV_u_turn
[INFO] [1789492267.793285519] [robot_2.robot_supervisor]: Triggered uncontrollable event: EV_obstacle_left
[INFO] [1789492267.793612603] [robot_2.robot_supervisor]: Selected controllable event: EV_u_turn
[INFO] [1789492267.893782543] [robot_2.robot_supervisor]: Triggered uncontrollable event: EV_obstacle_left
[INFO] [1789492267.894372558] [robot_2.robot_supervisor]: Selected controllable event: EV_u_turn
[INFO] [1789492267.993389613] [robot_2.robot_supervisor]: Triggered uncontrollable event: EV_obstacle_left
[INFO] [1789492267.993617778] [robot_2.robot_supervisor]: Triggered uncontrollable event: EV_red_not_visible
[INFO] [1789492267.993809683] [robot_2.robot_supervisor]: Triggered uncontrollable event: EV_blue_not_visible
[INFO] [1789492267.994114238] [robot_2.robot_supervisor]: Selected controllable event: EV_u_turn
[INFO] [1789492268.093348351] [robot_2.robot_supervisor]: Triggered uncontrollable event: EV_obstacle_left
[INFO] [1789492268.093673120] [robot_2.robot_supervisor]: Selected controllable event: EV_u_turn
[INFO] [1789492268.193831530] [robot_2.robot_supervisor]: Triggered uncontrollable event: EV_obstacle_left
[INFO] [1789492268.194283933] [robot_2.robot_supervisor]: Triggered uncontrollable event: EV_red_not_visible
[INFO] [1789492268.194660005] [robot_2.robot_supervisor]: Triggered uncontrollable event: EV_blue_not_visible
[INFO] [1789492268.195097721] [robot_2.robot_supervisor]: Selected controllable event: EV_rotate_clockwise
[INFO] [1789492268.393363546] [robot_2.robot_supervisor]: Triggered uncontrollable event: EV_obstacle_left
[INFO] [1789492268.393675267] [robot_2.robot_supervisor]: Selected controllable event: EV_u_turn
[INFO] [1789492268.493288100] [robot_2.robot_supervisor]: Triggered uncontrollable event: EV_obstacle_left
[INFO] [1789492268.493506858] [robot_2.robot_supervisor]: Triggered uncontrollable event: EV_red_not_visible
[INFO] [1789492268.493690385] [robot_2.robot_supervisor]: Triggered uncontrollable event: EV_blue_not_visible
[INFO] [1789492268.493974121] [robot_2.robot_supervisor]: Selected controllable event: EV_u_turn
[INFO] [1789492268.593384695] [robot_2.robot_supervisor]: Triggered uncontrollable event: EV_obstacle_left
[INFO] [1789492268.593884255] [robot_2.robot_supervisor]: Selected controllable event: EV_rotate_clockwise
[INFO] [1789492268.793397707] [robot_2.robot_supervisor]: Triggered uncontrollable event: EV_obstacle_left
[INFO] [1789492268.793626241] [robot_2.robot_supervisor]: Triggered uncontrollable event: EV_red_not_visible
[INFO] [1789492268.793839759] [robot_2.robot_supervisor]: Triggered uncontrollable event: EV_blue_not_visible
[INFO] [1789492268.794141562] [robot_2.robot_supervisor]: Selected controllable event: EV_rotate_clockwise
[INFO] [1789492268.993640940] [robot_2.robot_supervisor]: Triggered uncontrollable event: EV_red_not_visible
[INFO] [1789492268.993964158] [robot_2.robot_supervisor]: Triggered uncontrollable event: EV_blue_not_visible
[INFO] [1789492268.994260705] [robot_2.robot_supervisor]: Selected controllable event: EV_move_forward
[INFO] [1789492269.293923516] [robot_2.robot_supervisor]: Triggered uncontrollable event: EV_red_not_visible
[INFO] [1789492269.294341718] [robot_2.robot_supervisor]: Triggered uncontrollable event: EV_blue_not_visible
[INFO] [1789492269.294870092] [robot_2.robot_supervisor]: Selected controllable event: EV_move_forward
[INFO] [1789492269.593405552] [robot_2.robot_supervisor]: Triggered uncontrollable event: EV_red_visible
[INFO] [1789492269.593623754] [robot_2.robot_supervisor]: Triggered uncontrollable event: EV_blue_not_visible
[INFO] [1789492269.593905810] [robot_2.robot_supervisor]: Selected controllable event: EV_search_object
[INFO] [1789492269.793437489] [robot_2.robot_supervisor]: Triggered uncontrollable event: EV_red_visible
[INFO] [1789492269.793799171] [robot_2.robot_supervisor]: Triggered uncontrollable event: EV_blue_not_visible
[INFO] [1789492269.794127021] [robot_2.robot_supervisor]: Selected controllable event: EV_search_object
[INFO] [1789492269.993336204] [robot_2.robot_supervisor]: Triggered uncontrollable event: EV_red_visible
[INFO] [1789492269.993549785] [robot_2.robot_supervisor]: Triggered uncontrollable event: EV_blue_not_visible
[INFO] [1789492269.993829480] [robot_2.robot_supervisor]: Selected controllable event: EV_search_object
[INFO] [1789492270.194042852] [robot_2.robot_supervisor]: Triggered uncontrollable event: EV_red_visible
[INFO] [1789492270.194467776] [robot_2.robot_supervisor]: Triggered uncontrollable event: EV_blue_not_visible
[INFO] [1789492270.194983042] [robot_2.robot_supervisor]: Selected controllable event: EV_search_object
[INFO] [1789492270.402004938] [robot_2.robot_supervisor]: Selected controllable event: EV_approach_object
[INFO] [1789492270.693504646] [robot_2.robot_supervisor]: Triggered uncontrollable event: EV_obstacle_left
[INFO] [1789492270.693722389] [robot_2.robot_supervisor]: Triggered uncontrollable event: EV_red_visible
[INFO] [1789492270.693915568] [robot_2.robot_supervisor]: Triggered uncontrollable event: EV_blue_not_visible
[INFO] [1789492270.694198982] [robot_2.robot_supervisor]: Selected controllable event: EV_u_turn
[INFO] [1789492270.694437077] [robot_2.robot_supervisor]: Starting FULL ROTATE (omega=1.000, have_odom=True, target_rad=3.142, timeout_s=3.500)
[INFO] [1789492272.493654364] [robot_2.robot_supervisor]: FULL ROTATE completed by odom (accum_rad=3.328)
[INFO] [1789492272.793776373] [robot_2.robot_supervisor]: Triggered uncontrollable event: EV_red_not_visible
[INFO] [1789492272.794185136] [robot_2.robot_supervisor]: Triggered uncontrollable event: EV_blue_not_visible
[INFO] [1789492272.794691989] [robot_2.robot_supervisor]: Selected controllable event: EV_search_color
[INFO] [1789492272.993995266] [robot_2.robot_supervisor]: Triggered uncontrollable event: EV_blue_visible
[INFO] [1789492272.994249282] [robot_2.robot_supervisor]: Triggered uncontrollable event: EV_red_not_visible
[INFO] [1789492272.994548721] [robot_2.robot_supervisor]: Selected controllable event: EV_search_object
[INFO] [1789492273.193958907] [robot_2.robot_supervisor]: Triggered uncontrollable event: EV_blue_visible
[INFO] [1789492273.194408175] [robot_2.robot_supervisor]: Triggered uncontrollable event: EV_red_not_visible
[INFO] [1789492273.194962695] [robot_2.robot_supervisor]: Selected controllable event: EV_move_forward
[INFO] [1789492273.493562076] [robot_2.robot_supervisor]: Triggered uncontrollable event: EV_blue_visible
[INFO] [1789492273.493784425] [robot_2.robot_supervisor]: Triggered uncontrollable event: EV_red_visible
[INFO] [1789492273.494128284] [robot_2.robot_supervisor]: Selected controllable event: EV_search_object
[INFO] [1789492273.693987503] [robot_2.robot_supervisor]: Triggered uncontrollable event: EV_blue_visible
[INFO] [1789492273.694411322] [robot_2.robot_supervisor]: Triggered uncontrollable event: EV_red_visible
[INFO] [1789492273.694938540] [robot_2.robot_supervisor]: Selected controllable event: EV_search_object
[INFO] [1789492273.893840726] [robot_2.robot_supervisor]: Selected controllable event: EV_search_object
[INFO] [1789492274.093522971] [robot_2.robot_supervisor]: Triggered uncontrollable event: EV_blue_visible
[INFO] [1789492274.093735916] [robot_2.robot_supervisor]: Triggered uncontrollable event: EV_red_visible
[INFO] [1789492274.094037584] [robot_2.robot_supervisor]: Selected controllable event: EV_approach_object
[INFO] [1789492274.393943337] [robot_2.robot_supervisor]: Triggered uncontrollable event: EV_blue_visible
[INFO] [1789492274.394380595] [robot_2.robot_supervisor]: Triggered uncontrollable event: EV_red_visible
[INFO] [1789492274.394934083] [robot_2.robot_supervisor]: Selected controllable event: EV_search_object
[INFO] [1789492274.593474676] [robot_2.robot_supervisor]: Triggered uncontrollable event: EV_blue_visible
[INFO] [1789492274.593717018] [robot_2.robot_supervisor]: Triggered uncontrollable event: EV_red_visible
[INFO] [1789492274.594017225] [robot_2.robot_supervisor]: Selected controllable event: EV_move_forward
[INFO] [1789492274.893548701] [robot_2.robot_supervisor]: Triggered uncontrollable event: EV_blue_visible
[INFO] [1789492274.893798217] [robot_2.robot_supervisor]: Triggered uncontrollable event: EV_red_visible
[INFO] [1789492274.894120590] [robot_2.robot_supervisor]: Selected controllable event: EV_search_color
[INFO] [1789492275.094076368] [robot_2.robot_supervisor]: Triggered uncontrollable event: EV_obstacle_left
[INFO] [1789492275.094560616] [robot_2.robot_supervisor]: Triggered uncontrollable event: EV_red_visible
[INFO] [1789492275.094951737] [robot_2.robot_supervisor]: Triggered uncontrollable event: EV_blue_not_visible
[INFO] [1789492275.095524016] [robot_2.robot_supervisor]: Selected controllable event: EV_rotate_clockwise
[INFO] [1789492275.293673088] [robot_2.robot_supervisor]: Triggered uncontrollable event: EV_red_visible
[INFO] [1789492275.293960252] [robot_2.robot_supervisor]: Triggered uncontrollable event: EV_blue_not_visible
[INFO] [1789492275.294201417] [robot_2.robot_supervisor]: Triggered uncontrollable event: EV_obstacle_front
[INFO] [1789492275.294546009] [robot_2.robot_supervisor]: Selected controllable event: EV_rotate_clockwise
[INFO] [1789492275.494280407] [robot_2.robot_supervisor]: Triggered uncontrollable event: EV_red_not_visible
[INFO] [1789492275.494615864] [robot_2.robot_supervisor]: Triggered uncontrollable event: EV_blue_not_visible
[INFO] [1789492275.494952102] [robot_2.robot_supervisor]: Triggered uncontrollable event: EV_obstacle_front
[INFO] [1789492275.495446384] [robot_2.robot_supervisor]: Selected controllable event: EV_u_turn
[INFO] [1789492275.495933739] [robot_2.robot_supervisor]: Starting FULL ROTATE (omega=1.000, have_odom=True, target_rad=3.142, timeout_s=3.500)
[INFO] [1789492277.293295032] [robot_2.robot_supervisor]: FULL ROTATE completed by odom (accum_rad=3.262)
[INFO] [1789492277.493482792] [robot_2.robot_supervisor]: Triggered uncontrollable event: EV_red_not_visible
[INFO] [1789492277.493844849] [robot_2.robot_supervisor]: Triggered uncontrollable event: EV_blue_not_visible
[INFO] [1789492277.494301600] [robot_2.robot_supervisor]: Selected controllable event: EV_approach_color
[INFO] [1789492277.793476769] [robot_2.robot_supervisor]: Triggered uncontrollable event: EV_red_not_visible
[INFO] [1789492277.793842119] [robot_2.robot_supervisor]: Triggered uncontrollable event: EV_blue_not_visible
[INFO] [1789492277.794256772] [robot_2.robot_supervisor]: Selected controllable event: EV_search_color
[INFO] [1789492277.993452127] [robot_2.robot_supervisor]: Triggered uncontrollable event: EV_red_not_visible
[INFO] [1789492277.993692384] [robot_2.robot_supervisor]: Triggered uncontrollable event: EV_blue_not_visible
[INFO] [1789492277.994035303] [robot_2.robot_supervisor]: Selected controllable event: EV_search_object
[INFO] [1789492278.193887942] [robot_2.robot_supervisor]: Triggered uncontrollable event: EV_red_not_visible
[INFO] [1789492278.194318653] [robot_2.robot_supervisor]: Triggered uncontrollable event: EV_blue_not_visible
[INFO] [1789492278.194842620] [robot_2.robot_supervisor]: Selected controllable event: EV_search_color
[INFO] [1789492278.394024660] [robot_2.robot_supervisor]: Selected controllable event: EV_approach_color
[INFO] [1789492278.693385300] [robot_2.robot_supervisor]: Triggered uncontrollable event: EV_red_not_visible
[INFO] [1789492278.693611651] [robot_2.robot_supervisor]: Triggered uncontrollable event: EV_blue_not_visible
[INFO] [1789492278.693908467] [robot_2.robot_supervisor]: Selected controllable event: EV_search_object
[INFO] [1789492278.894156994] [robot_2.robot_supervisor]: Selected controllable event: EV_move_forward
[INFO] [1789492279.193511720] [robot_2.robot_supervisor]: Triggered uncontrollable event: EV_blue_visible
[INFO] [1789492279.193774996] [robot_2.robot_supervisor]: Triggered uncontrollable event: EV_red_not_visible
[INFO] [1789492279.194138201] [robot_2.robot_supervisor]: Selected controllable event: EV_approach_object
[INFO] [1789492279.494071113] [robot_2.robot_supervisor]: Triggered uncontrollable event: EV_blue_visible
[INFO] [1789492279.494539751] [robot_2.robot_supervisor]: Triggered uncontrollable event: EV_red_not_visible
[INFO] [1789492279.495116556] [robot_2.robot_supervisor]: Selected controllable event: EV_approach_color
[INFO] [1789492279.793565754] [robot_2.robot_supervisor]: All six balanced-delivery boxes completed by the team.
[INFO] [1789492279.793903930] [robot_2.robot_supervisor]: DELIVERED zone_b; balance=equal
[INFO] [1789492279.794132382] [robot_2.robot_supervisor]: Triggered uncontrollable event: EV_blue_visible
[INFO] [1789492279.794336472] [robot_2.robot_supervisor]: Triggered uncontrollable event: EV_red_not_visible
[INFO] [1789492279.794635155] [robot_2.robot_supervisor]: Selected controllable event: EV_drop_zone_blue
[INFO] [1789492279.796340414] [robot_2.robot_supervisor]: Delivered cargo 'robot_2_carried_generic_box' removed.
[INFO] [1789492279.893235795] [robot_2.robot_supervisor]: Selected controllable event: EV_move_forward
[INFO] [1789492280.193336998] [robot_2.robot_supervisor]: Selected controllable event: EV_search_color
