[INFO] [1789492192.597547678] [robot_1.robot_supervisor]: Loaded initial mission 'balanced_delivery' from explicit YAML supervisor.yaml
[INFO] [1789492192.701536319] [robot_1.robot_supervisor]: Selected controllable event: EV_search_color
[INFO] [1789492192.901780631] [robot_1.robot_supervisor]: Selected controllable event: EV_search_color
[INFO] [1789492193.101583327] [robot_1.robot_supervisor]: Selected controllable event: EV_search_object
[INFO] [1789492193.301565973] [robot_1.robot_supervisor]: Selected controllable event: EV_approach_color
[INFO] [1789492193.601367706] [robot_1.robot_supervisor]: Selected controllable event: EV_approach_color
[INFO] [1789492193.901291629] [robot_1.robot_supervisor]: Selected controllable event: EV_approach_color
[INFO] [1789492194.201537794] [robot_1.robot_supervisor]: Selected controllable event: EV_move_forward
[INFO] [1789492194.501378482] [robot_1.robot_supervisor]: Selected controllable event: EV_search_object
[INFO] [1789492194.701097695] [robot_1.robot_supervisor]: Selected controllable event: EV_approach_color
[INFO] [1789492195.001106300] [robot_1.robot_supervisor]: Selected controllable event: EV_search_color
[INFO] [1789492195.201240909] [robot_1.robot_supervisor]: Selected controllable event: EV_search_color
[INFO] [1789492195.401201902] [robot_1.robot_supervisor]: Triggered uncontrollable event: EV_object_not_visible
[INFO] [1789492195.401848024] [robot_1.robot_supervisor]: Selected controllable event: EV_approach_object
[INFO] [1789492195.700966380] [robot_1.robot_supervisor]: Triggered uncontrollable event: EV_object_not_visible
[INFO] [1789492195.701252623] [robot_1.robot_supervisor]: Selected controllable event: EV_search_object
[INFO] [1789492195.901373128] [robot_1.robot_supervisor]: Triggered uncontrollable event: EV_obstacle_left
[INFO] [1789492195.901790315] [robot_1.robot_supervisor]: Triggered uncontrollable event: EV_object_not_visible
[INFO] [1789492195.902354228] [robot_1.robot_supervisor]: Selected controllable event: EV_rotate_clockwise
[INFO] [1789492196.101163283] [robot_1.robot_supervisor]: Triggered uncontrollable event: EV_obstacle_left
[INFO] [1789492196.101381709] [robot_1.robot_supervisor]: Triggered uncontrollable event: EV_object_not_visible
[INFO] [1789492196.101657276] [robot_1.robot_supervisor]: Selected controllable event: EV_rotate_clockwise
[INFO] [1789492196.301043227] [robot_1.robot_supervisor]: Triggered uncontrollable event: EV_obstacle_left
[INFO] [1789492196.301288601] [robot_1.robot_supervisor]: Triggered uncontrollable event: EV_object_not_visible
[INFO] [1789492196.301582639] [robot_1.robot_supervisor]: Selected controllable event: EV_rotate_clockwise
[INFO] [1789492196.501109506] [robot_1.robot_supervisor]: ############################# VISIBLE: EV_object_visible #############################
[INFO] [1789492196.501619874] [robot_1.robot_supervisor]: Selected controllable event: EV_approach_object
[INFO] [1789492196.801032558] [robot_1.robot_supervisor]: ############################# VISIBLE: EV_object_visible #############################
[INFO] [1789492196.801337863] [robot_1.robot_supervisor]: Selected controllable event: EV_search_object
[INFO] [1789492197.001643668] [robot_1.robot_supervisor]: ############################# VISIBLE: EV_object_visible #############################
[INFO] [1789492197.002322604] [robot_1.robot_supervisor]: Selected controllable event: EV_approach_object
[INFO] [1789492197.301044297] [robot_1.robot_supervisor]: ############################# VISIBLE: EV_object_visible #############################
[INFO] [1789492197.301329780] [robot_1.robot_supervisor]: Selected controllable event: EV_search_color
[INFO] [1789492197.501094194] [robot_1.robot_supervisor]: ############################# VISIBLE: EV_object_visible #############################
[INFO] [1789492197.501405511] [robot_1.robot_supervisor]: Selected controllable event: EV_search_color
[INFO] [1789492197.701651382] [robot_1.robot_supervisor]: Selected controllable event: EV_approach_color
[INFO] [1789492198.001537782] [robot_1.robot_supervisor]: ############################# VISIBLE: EV_object_visible #############################
[INFO] [1789492198.002204472] [robot_1.robot_supervisor]: Selected controllable event: EV_search_color
[INFO] [1789492198.201112967] [robot_1.robot_supervisor]: ############################# VISIBLE: EV_object_visible #############################
[INFO] [1789492198.201427574] [robot_1.robot_supervisor]: Selected controllable event: EV_approach_color
[INFO] [1789492198.501163844] [robot_1.robot_supervisor]: ############################# VISIBLE: EV_object_visible #############################
[INFO] [1789492198.501472032] [robot_1.robot_supervisor]: Selected controllable event: EV_move_forward
[INFO] [1789492198.801062524] [robot_1.robot_supervisor]: ############################# VISIBLE: EV_object_visible #############################
[INFO] [1789492198.801438004] [robot_1.robot_supervisor]: Selected controllable event: EV_search_object
[INFO] [1789492199.001135651] [robot_1.robot_supervisor]: Selected controllable event: EV_move_forward
[INFO] [1789492199.301542518] [robot_1.robot_supervisor]: ############################# VISIBLE: EV_object_visible #############################
[INFO] [1789492199.302157692] [robot_1.robot_supervisor]: Selected controllable event: EV_approach_object
[INFO] [1789492199.601779106] [robot_1.robot_supervisor]: Selected controllable event: EV_search_color
[INFO] [1789492199.801032160] [robot_1.robot_supervisor]: ############################# VISIBLE: EV_object_visible #############################
[INFO] [1789492199.801526159] [robot_1.robot_supervisor]: Selected controllable event: EV_search_color
[INFO] [1789492200.001202619] [robot_1.robot_supervisor]: ############################# VISIBLE: EV_object_visible #############################
[INFO] [1789492200.001532626] [robot_1.robot_supervisor]: Selected controllable event: EV_search_object
[INFO] [1789492200.201428866] [robot_1.robot_supervisor]: ############################# VISIBLE: EV_object_visible #############################
[INFO] [1789492200.202086361] [robot_1.robot_supervisor]: Selected controllable event: EV_search_color
[INFO] [1789492200.401432971] [robot_1.robot_supervisor]: Selected controllable event: EV_move_forward
[INFO] [1789492200.701476035] [robot_1.robot_supervisor]: ############################# VISIBLE: EV_object_visible #############################
[INFO] [1789492200.702087060] [robot_1.robot_supervisor]: Selected controllable event: EV_approach_object
[INFO] [1789492201.000979604] [robot_1.robot_supervisor]: ############################# VISIBLE: EV_object_visible #############################
[INFO] [1789492201.001277112] [robot_1.robot_supervisor]: Selected controllable event: EV_approach_object
[INFO] [1789492201.301007096] [robot_1.robot_supervisor]: ############################# VISIBLE: EV_object_visible #############################
[INFO] [1789492201.301301697] [robot_1.robot_supervisor]: Selected controllable event: EV_search_object
[INFO] [1789492201.501588620] [robot_1.robot_supervisor]: ############################# VISIBLE: EV_object_visible #############################
[INFO] [1789492201.502173437] [robot_1.robot_supervisor]: Selected controllable event: EV_approach_object
[INFO] [1789492201.801445547] [robot_1.robot_supervisor]: ############################# VISIBLE: EV_object_visible #############################
[INFO] [1789492201.802032052] [robot_1.robot_supervisor]: Selected controllable event: EV_approach_object
[INFO] [1789492202.101419436] [robot_1.robot_supervisor]: ############################# VISIBLE: EV_object_visible #############################
[INFO] [1789492202.102006436] [robot_1.robot_supervisor]: Selected controllable event: EV_search_object
[INFO] [1789492202.301030123] [robot_1.robot_supervisor]: ############################# VISIBLE: EV_object_visible #############################
[INFO] [1789492202.301392560] [robot_1.robot_supervisor]: Selected controllable event: EV_move_forward
[INFO] [1789492202.600989331] [robot_1.robot_supervisor]: ############################# VISIBLE: EV_object_visible #############################
[INFO] [1789492202.601302825] [robot_1.robot_supervisor]: Selected controllable event: EV_search_color
[INFO] [1789492202.801016773] [robot_1.robot_supervisor]: ############################# VISIBLE: EV_object_visible #############################
[INFO] [1789492202.801363484] [robot_1.robot_supervisor]: Selected controllable event: EV_approach_color
[INFO] [1789492203.101448411] [robot_1.robot_supervisor]: ############################# VISIBLE: EV_object_visible #############################
[INFO] [1789492203.102044301] [robot_1.robot_supervisor]: Selected controllable event: EV_search_color
[INFO] [1789492203.301046111] [robot_1.robot_supervisor]: ############################# VISIBLE: EV_object_visible #############################
[INFO] [1789492203.301409685] [robot_1.robot_supervisor]: Selected controllable event: EV_search_object
[INFO] [1789492203.501453210] [robot_1.robot_supervisor]: ############################# VISIBLE: EV_object_visible #############################
[INFO] [1789492203.502029259] [robot_1.robot_supervisor]: Selected controllable event: EV_approach_object
[INFO] [1789492203.801450257] [robot_1.robot_supervisor]: ############################# VISIBLE: EV_object_visible #############################
[INFO] [1789492203.802041867] [robot_1.robot_supervisor]: Selected controllable event: EV_search_object
[INFO] [1789492204.001462681] [robot_1.robot_supervisor]: ############################# VISIBLE: EV_object_visible #############################
[INFO] [1789492204.002112465] [robot_1.robot_supervisor]: Selected controllable event: EV_approach_object
[INFO] [1789492204.301530467] [robot_1.robot_supervisor]: ############################# VISIBLE: EV_object_visible #############################
[INFO] [1789492204.302095678] [robot_1.robot_supervisor]: Selected controllable event: EV_search_color
[INFO] [1789492204.500982306] [robot_1.robot_supervisor]: Triggered uncontrollable event: EV_object_not_visible
[INFO] [1789492204.501276187] [robot_1.robot_supervisor]: Selected controllable event: EV_search_color
[INFO] [1789492204.701315345] [robot_1.robot_supervisor]: Triggered uncontrollable event: EV_object_not_visible
[INFO] [1789492204.701877702] [robot_1.robot_supervisor]: Selected controllable event: EV_approach_color
[INFO] [1789492205.000936526] [robot_1.robot_supervisor]: Triggered uncontrollable event: EV_object_not_visible
[INFO] [1789492205.001228781] [robot_1.robot_supervisor]: Selected controllable event: EV_approach_object
[INFO] [1789492205.300998237] [robot_1.robot_supervisor]: Triggered uncontrollable event: EV_object_not_visible
[INFO] [1789492205.301460969] [robot_1.robot_supervisor]: Selected controllable event: EV_approach_object
[INFO] [1789492205.600957861] [robot_1.robot_supervisor]: Triggered uncontrollable event: EV_object_not_visible
[INFO] [1789492205.601350646] [robot_1.robot_supervisor]: Selected controllable event: EV_approach_object
[INFO] [1789492205.900989705] [robot_1.robot_supervisor]: Triggered uncontrollable event: EV_object_not_visible
[INFO] [1789492205.901282249] [robot_1.robot_supervisor]: Selected controllable event: EV_search_object
[INFO] [1789492206.101027502] [robot_1.robot_supervisor]: Selected controllable event: EV_approach_object
[INFO] [1789492206.400975991] [robot_1.robot_supervisor]: Triggered uncontrollable event: EV_obstacle_left
[INFO] [1789492206.401192672] [robot_1.robot_supervisor]: Triggered uncontrollable event: EV_object_not_visible
[INFO] [1789492206.401451409] [robot_1.robot_supervisor]: Selected controllable event: EV_u_turn
[INFO] [1789492206.401688648] [robot_1.robot_supervisor]: Starting FULL ROTATE (omega=1.000, have_odom=True, target_rad=3.142, timeout_s=3.500)
[INFO] [1789492207.815425499] [robot_1.robot_supervisor]: RECEIVED zone_a; balance=zone_a_has_extra
[INFO] [1789492208.101149744] [robot_1.robot_supervisor]: FULL ROTATE completed by odom (accum_rad=3.158)
[INFO] [1789492208.401007253] [robot_1.robot_supervisor]: ############################# VISIBLE: EV_object_visible #############################
[INFO] [1789492208.401361242] [robot_1.robot_supervisor]: Triggered uncontrollable event: EV_recieve_drop_zone_red
[INFO] [1789492208.401797858] [robot_1.robot_supervisor]: Selected controllable event: EV_approach_object
[INFO] [1789492208.701410645] [robot_1.robot_supervisor]: ############################# VISIBLE: EV_object_visible #############################
[INFO] [1789492208.702024326] [robot_1.robot_supervisor]: Selected controllable event: EV_search_object
[INFO] [1789492208.901020436] [robot_1.robot_supervisor]: ############################# VISIBLE: EV_object_visible #############################
[INFO] [1789492208.901473544] [robot_1.robot_supervisor]: Selected controllable event: EV_move_forward
[INFO] [1789492209.200956478] [robot_1.robot_supervisor]: ############################# VISIBLE: EV_object_visible #############################
[INFO] [1789492209.201381230] [robot_1.robot_supervisor]: Selected controllable event: EV_approach_object
[INFO] [1789492209.500999591] [robot_1.robot_supervisor]: Triggered uncontrollable event: EV_obstacle_front
[INFO] [1789492209.501235253] [robot_1.robot_supervisor]: ############################# REACHED: EV_object_reached #############################
[INFO] [1789492209.501618854] [robot_1.robot_supervisor]: Selected controllable event: EV_rotate_counterclockwise
[INFO] [1789492209.701452418] [robot_1.robot_supervisor]: Triggered uncontrollable event: EV_obstacle_right
[INFO] [1789492209.701911650] [robot_1.robot_supervisor]: ############################# REACHED: EV_object_reached #############################
[INFO] [1789492209.702465261] [robot_1.robot_supervisor]: Selected controllable event: EV_rotate_counterclockwise
[INFO] [1789492209.901956263] [robot_1.robot_supervisor]: Triggered uncontrollable event: EV_obstacle_right
[INFO] [1789492209.902420029] [robot_1.robot_supervisor]: Selected controllable event: EV_rotate_counterclockwise
[INFO] [1789492210.101437876] [robot_1.robot_supervisor]: Triggered uncontrollable event: EV_obstacle_right
[INFO] [1789492210.101700915] [robot_1.robot_supervisor]: ############################# REACHED: EV_object_reached #############################
[INFO] [1789492210.101990388] [robot_1.robot_supervisor]: Selected controllable event: EV_pick_up_object
[INFO] [1789492210.102611079] [robot_1.robot_supervisor]: Cargo 'robot_1_carried_generic_box' placed on robot.
[INFO] [1789492210.401340570] [robot_1.robot_supervisor]: Triggered uncontrollable event: EV_red_not_visible
[INFO] [1789492210.401617681] [robot_1.robot_supervisor]: Triggered uncontrollable event: EV_blue_not_visible
[INFO] [1789492210.401925701] [robot_1.robot_supervisor]: Selected controllable event: EV_approach_object
[INFO] [1789492210.701245642] [robot_1.robot_supervisor]: Triggered uncontrollable event: EV_red_visible
[INFO] [1789492210.701454620] [robot_1.robot_supervisor]: Triggered uncontrollable event: EV_blue_not_visible
[INFO] [1789492210.701715837] [robot_1.robot_supervisor]: Selected controllable event: EV_search_color
[INFO] [1789492210.901807759] [robot_1.robot_supervisor]: Selected controllable event: EV_approach_object
[INFO] [1789492211.201485689] [robot_1.robot_supervisor]: Triggered uncontrollable event: EV_red_visible
[INFO] [1789492211.201691409] [robot_1.robot_supervisor]: Triggered uncontrollable event: EV_blue_not_visible
[INFO] [1789492211.201945912] [robot_1.robot_supervisor]: Selected controllable event: EV_approach_object
[INFO] [1789492211.501280065] [robot_1.robot_supervisor]: Triggered uncontrollable event: EV_red_visible
[INFO] [1789492211.501476696] [robot_1.robot_supervisor]: Triggered uncontrollable event: EV_blue_not_visible
[INFO] [1789492211.501730060] [robot_1.robot_supervisor]: Selected controllable event: EV_approach_color
[INFO] [1789492211.801918270] [robot_1.robot_supervisor]: Triggered uncontrollable event: EV_red_visible
[INFO] [1789492211.802353930] [robot_1.robot_supervisor]: Triggered uncontrollable event: EV_blue_not_visible
[INFO] [1789492211.802897613] [robot_1.robot_supervisor]: Selected controllable event: EV_approach_object
[INFO] [1789492212.101389638] [robot_1.robot_supervisor]: Triggered uncontrollable event: EV_red_visible
[INFO] [1789492212.101604351] [robot_1.robot_supervisor]: Triggered uncontrollable event: EV_blue_not_visible
[INFO] [1789492212.101867184] [robot_1.robot_supervisor]: Selected controllable event: EV_approach_color
[INFO] [1789492212.401980453] [robot_1.robot_supervisor]: Triggered uncontrollable event: EV_red_visible
[INFO] [1789492212.402434425] [robot_1.robot_supervisor]: Triggered uncontrollable event: EV_blue_not_visible
[INFO] [1789492212.403007153] [robot_1.robot_supervisor]: Selected controllable event: EV_approach_object
[INFO] [1789492212.701495854] [robot_1.robot_supervisor]: Triggered uncontrollable event: EV_red_visible
[INFO] [1789492212.701707508] [robot_1.robot_supervisor]: Triggered uncontrollable event: EV_blue_not_visible
[INFO] [1789492212.701992000] [robot_1.robot_supervisor]: Selected controllable event: EV_approach_color
[INFO] [1789492213.001380146] [robot_1.robot_supervisor]: Triggered uncontrollable event: EV_red_visible
[INFO] [1789492213.001607422] [robot_1.robot_supervisor]: Triggered uncontrollable event: EV_blue_not_visible
[INFO] [1789492213.001880534] [robot_1.robot_supervisor]: Selected controllable event: EV_search_object
[INFO] [1789492213.201925301] [robot_1.robot_supervisor]: Triggered uncontrollable event: EV_red_visible
[INFO] [1789492213.202386470] [robot_1.robot_supervisor]: Triggered uncontrollable event: EV_blue_not_visible
[INFO] [1789492213.202976142] [robot_1.robot_supervisor]: Selected controllable event: EV_move_forward
[INFO] [1789492213.501978877] [robot_1.robot_supervisor]: Triggered uncontrollable event: EV_red_visible
[INFO] [1789492213.502408945] [robot_1.robot_supervisor]: Triggered uncontrollable event: EV_blue_not_visible
[INFO] [1789492213.502988973] [robot_1.robot_supervisor]: Selected controllable event: EV_search_object
[INFO] [1789492213.701877846] [robot_1.robot_supervisor]: Selected controllable event: EV_search_object
[INFO] [1789492213.901821075] [robot_1.robot_supervisor]: Triggered uncontrollable event: EV_red_visible
[INFO] [1789492213.902265392] [robot_1.robot_supervisor]: Triggered uncontrollable event: EV_blue_not_visible
[INFO] [1789492213.902796896] [robot_1.robot_supervisor]: Selected controllable event: EV_approach_color
[INFO] [1789492214.201268979] [robot_1.robot_supervisor]: Triggered uncontrollable event: EV_red_visible
[INFO] [1789492214.201473370] [robot_1.robot_supervisor]: Triggered uncontrollable event: EV_blue_not_visible
[INFO] [1789492214.201736936] [robot_1.robot_supervisor]: Selected controllable event: EV_move_forward
[INFO] [1789492214.501536664] [robot_1.robot_supervisor]: Triggered uncontrollable event: EV_red_visible
[INFO] [1789492214.501940112] [robot_1.robot_supervisor]: Triggered uncontrollable event: EV_blue_not_visible
[INFO] [1789492214.502561163] [robot_1.robot_supervisor]: Selected controllable event: EV_approach_color
[INFO] [1789492214.801261798] [robot_1.robot_supervisor]: Triggered uncontrollable event: EV_red_visible
[INFO] [1789492214.801659478] [robot_1.robot_supervisor]: Triggered uncontrollable event: EV_blue_not_visible
[INFO] [1789492214.802087344] [robot_1.robot_supervisor]: Triggered uncontrollable event: EV_obstacle_front
[INFO] [1789492214.802605944] [robot_1.robot_supervisor]: Selected controllable event: EV_u_turn
[INFO] [1789492214.803063374] [robot_1.robot_supervisor]: Starting FULL ROTATE (omega=1.000, have_odom=True, target_rad=3.142, timeout_s=3.500)
[INFO] [1789492216.401622593] [robot_1.robot_supervisor]: FULL ROTATE completed by odom (accum_rad=3.210)
[INFO] [1789492216.701318834] [robot_1.robot_supervisor]: Triggered uncontrollable event: EV_blue_visible
[INFO] [1789492216.701549409] [robot_1.robot_supervisor]: Triggered uncontrollable event: EV_red_visible
[INFO] [1789492216.701835950] [robot_1.robot_supervisor]: Selected controllable event: EV_search_color
[INFO] [1789492216.901373617] [robot_1.robot_supervisor]: Selected controllable event: EV_approach_object
[INFO] [1789492217.201359160] [robot_1.robot_supervisor]: Triggered uncontrollable event: EV_blue_visible
[INFO] [1789492217.201627071] [robot_1.robot_supervisor]: Triggered uncontrollable event: EV_red_not_visible
[INFO] [1789492217.201892128] [robot_1.robot_supervisor]: Selected controllable event: EV_search_object
[INFO] [1789492217.401790572] [robot_1.robot_supervisor]: Selected controllable event: EV_move_forward
[INFO] [1789492217.701410170] [robot_1.robot_supervisor]: DELIVERED zone_b; balance=equal
[INFO] [1789492217.701621850] [robot_1.robot_supervisor]: Triggered uncontrollable event: EV_blue_visible
[INFO] [1789492217.701795941] [robot_1.robot_supervisor]: Triggered uncontrollable event: EV_red_not_visible
[INFO] [1789492217.702036244] [robot_1.robot_supervisor]: Selected controllable event: EV_drop_zone_blue
[INFO] [1789492217.702679498] [robot_1.robot_supervisor]: Delivered cargo 'robot_1_carried_generic_box' removed.
[INFO] [1789492217.801133633] [robot_1.robot_supervisor]: Selected controllable event: EV_approach_object
[INFO] [1789492218.101445289] [robot_1.robot_supervisor]: Triggered uncontrollable event: EV_object_not_visible
[INFO] [1789492218.102019403] [robot_1.robot_supervisor]: Selected controllable event: EV_approach_object
[INFO] [1789492218.401182174] [robot_1.robot_supervisor]: Triggered uncontrollable event: EV_object_not_visible
[INFO] [1789492218.401607610] [robot_1.robot_supervisor]: Selected controllable event: EV_move_forward
[INFO] [1789492218.701429932] [robot_1.robot_supervisor]: Triggered uncontrollable event: EV_object_not_visible
[INFO] [1789492218.701990511] [robot_1.robot_supervisor]: Selected controllable event: EV_search_color
[INFO] [1789492218.901190616] [robot_1.robot_supervisor]: Selected controllable event: EV_drop_object
[INFO] [1789492219.200978728] [robot_1.robot_supervisor]: Triggered uncontrollable event: EV_object_not_visible
[INFO] [1789492219.201289255] [robot_1.robot_supervisor]: Selected controllable event: EV_move_forward
[INFO] [1789492219.501325911] [robot_1.robot_supervisor]: Triggered uncontrollable event: EV_object_not_visible
[INFO] [1789492219.501910054] [robot_1.robot_supervisor]: Selected controllable event: EV_search_object
[INFO] [1789492219.700978567] [robot_1.robot_supervisor]: Triggered uncontrollable event: EV_object_not_visible
[INFO] [1789492219.701283818] [robot_1.robot_supervisor]: Selected controllable event: EV_approach_object
[INFO] [1789492220.001281001] [robot_1.robot_supervisor]: Triggered uncontrollable event: EV_object_not_visible
[INFO] [1789492220.001612263] [robot_1.robot_supervisor]: Selected controllable event: EV_search_color
[INFO] [1789492220.201099504] [robot_1.robot_supervisor]: Selected controllable event: EV_search_object
[INFO] [1789492220.401019808] [robot_1.robot_supervisor]: Triggered uncontrollable event: EV_object_not_visible
[INFO] [1789492220.401318350] [robot_1.robot_supervisor]: Selected controllable event: EV_move_forward
[INFO] [1789492220.701318249] [robot_1.robot_supervisor]: Triggered uncontrollable event: EV_object_not_visible
[INFO] [1789492220.701911646] [robot_1.robot_supervisor]: Selected controllable event: EV_approach_object
[INFO] [1789492221.001421930] [robot_1.robot_supervisor]: Triggered uncontrollable event: EV_object_not_visible
[INFO] [1789492221.001840246] [robot_1.robot_supervisor]: ############################# VISIBLE: EV_object_visible #############################
[INFO] [1789492221.002344313] [robot_1.robot_supervisor]: Selected controllable event: EV_approach_object
[INFO] [1789492221.115639697] [robot_1.robot_supervisor]: RECEIVED zone_a; balance=zone_a_has_extra
[INFO] [1789492221.301111506] [robot_1.robot_supervisor]: ############################# VISIBLE: EV_object_visible #############################
[INFO] [1789492221.301366738] [robot_1.robot_supervisor]: Triggered uncontrollable event: EV_recieve_drop_zone_red
[INFO] [1789492221.301666635] [robot_1.robot_supervisor]: Selected controllable event: EV_move_forward
[INFO] [1789492221.601525506] [robot_1.robot_supervisor]: ############################# VISIBLE: EV_object_visible #############################
[INFO] [1789492221.602197738] [robot_1.robot_supervisor]: Selected controllable event: EV_search_color
[INFO] [1789492221.801160920] [robot_1.robot_supervisor]: ############################# VISIBLE: EV_object_visible #############################
[INFO] [1789492221.801510663] [robot_1.robot_supervisor]: Selected controllable event: EV_search_object
[INFO] [1789492222.001389276] [robot_1.robot_supervisor]: ############################# VISIBLE: EV_object_visible #############################
[INFO] [1789492222.001695678] [robot_1.robot_supervisor]: Selected controllable event: EV_approach_object
[INFO] [1789492222.301140360] [robot_1.robot_supervisor]: ############################# VISIBLE: EV_object_visible #############################
[INFO] [1789492222.301539078] [robot_1.robot_supervisor]: Selected controllable event: EV_search_object
[INFO] [1789492222.501082208] [robot_1.robot_supervisor]: ############################# VISIBLE: EV_object_visible #############################
[INFO] [1789492222.501412289] [robot_1.robot_supervisor]: Selected controllable event: EV_approach_color
[INFO] [1789492222.801056687] [robot_1.robot_supervisor]: ############################# VISIBLE: EV_object_visible #############################
[INFO] [1789492222.801360698] [robot_1.robot_supervisor]: Selected controllable event: EV_search_color
[INFO] [1789492223.001426880] [robot_1.robot_supervisor]: ############################# VISIBLE: EV_object_visible #############################
[INFO] [1789492223.002010712] [robot_1.robot_supervisor]: Selected controllable event: EV_approach_object
[INFO] [1789492223.301231241] [robot_1.robot_supervisor]: ############################# VISIBLE: EV_object_visible #############################
[INFO] [1789492223.301533997] [robot_1.robot_supervisor]: Selected controllable event: EV_search_color
[INFO] [1789492223.501181574] [robot_1.robot_supervisor]: ############################# VISIBLE: EV_object_visible #############################
[INFO] [1789492223.501602883] [robot_1.robot_supervisor]: Selected controllable event: EV_move_forward
[INFO] [1789492223.801497417] [robot_1.robot_supervisor]: ############################# VISIBLE: EV_object_visible #############################
[INFO] [1789492223.802067944] [robot_1.robot_supervisor]: Selected controllable event: EV_approach_object
[INFO] [1789492224.100958508] [robot_1.robot_supervisor]: ############################# VISIBLE: EV_object_visible #############################
[INFO] [1789492224.101239018] [robot_1.robot_supervisor]: Selected controllable event: EV_approach_object
[INFO] [1789492224.400976063] [robot_1.robot_supervisor]: ############################# VISIBLE: EV_object_visible #############################
[INFO] [1789492224.401241778] [robot_1.robot_supervisor]: Selected controllable event: EV_approach_color
[INFO] [1789492224.700959787] [robot_1.robot_supervisor]: ############################# VISIBLE: EV_object_visible #############################
[INFO] [1789492224.701237501] [robot_1.robot_supervisor]: Selected controllable event: EV_search_color
[INFO] [1789492224.901052235] [robot_1.robot_supervisor]: Selected controllable event: EV_search_object
[INFO] [1789492225.101337769] [robot_1.robot_supervisor]: ############################# REACHED: EV_object_reached #############################
[INFO] [1789492225.101913670] [robot_1.robot_supervisor]: Selected controllable event: EV_search_object
[INFO] [1789492225.300979090] [robot_1.robot_supervisor]: ############################# REACHED: EV_object_reached #############################
[INFO] [1789492225.301315603] [robot_1.robot_supervisor]: Selected controllable event: EV_move_forward
[INFO] [1789492225.601198272] [robot_1.robot_supervisor]: Triggered uncontrollable event: EV_obstacle_left
[INFO] [1789492225.601388105] [robot_1.robot_supervisor]: ############################# REACHED: EV_object_reached #############################
[INFO] [1789492225.601640501] [robot_1.robot_supervisor]: Selected controllable event: EV_pick_up_object
[INFO] [1789492225.602293097] [robot_1.robot_supervisor]: Cargo 'robot_1_carried_generic_box' placed on robot.
[INFO] [1789492225.902668295] [robot_1.robot_supervisor]: Triggered uncontrollable event: EV_obstacle_left
[INFO] [1789492225.903173323] [robot_1.robot_supervisor]: Triggered uncontrollable event: EV_red_not_visible
[INFO] [1789492225.903662307] [robot_1.robot_supervisor]: Triggered uncontrollable event: EV_blue_not_visible
[INFO] [1789492225.904046960] [robot_1.robot_supervisor]: Selected controllable event: EV_u_turn
[INFO] [1789492225.904313172] [robot_1.robot_supervisor]: Starting FULL ROTATE (omega=1.000, have_odom=True, target_rad=3.142, timeout_s=3.500)
[INFO] [1789492227.701082659] [robot_1.robot_supervisor]: FULL ROTATE completed by odom (accum_rad=3.338)
[INFO] [1789492227.901709333] [robot_1.robot_supervisor]: Triggered uncontrollable event: EV_red_visible
[INFO] [1789492227.902124742] [robot_1.robot_supervisor]: Triggered uncontrollable event: EV_blue_not_visible
[INFO] [1789492227.902698454] [robot_1.robot_supervisor]: Selected controllable event: EV_move_forward
[INFO] [1789492228.201437795] [robot_1.robot_supervisor]: Triggered uncontrollable event: EV_red_visible
[INFO] [1789492228.201735162] [robot_1.robot_supervisor]: Triggered uncontrollable event: EV_blue_not_visible
[INFO] [1789492228.202113636] [robot_1.robot_supervisor]: Selected controllable event: EV_search_object
[INFO] [1789492228.401479432] [robot_1.robot_supervisor]: Triggered uncontrollable event: EV_blue_visible
[INFO] [1789492228.401802233] [robot_1.robot_supervisor]: Triggered uncontrollable event: EV_red_visible
[INFO] [1789492228.402215574] [robot_1.robot_supervisor]: Selected controllable event: EV_approach_color
[INFO] [1789492228.701462386] [robot_1.robot_supervisor]: Triggered uncontrollable event: EV_blue_visible
[INFO] [1789492228.701717751] [robot_1.robot_supervisor]: Triggered uncontrollable event: EV_red_visible
[INFO] [1789492228.702303012] [robot_1.robot_supervisor]: Selected controllable event: EV_approach_color
[INFO] [1789492229.002036361] [robot_1.robot_supervisor]: DELIVERED zone_b; balance=equal
[INFO] [1789492229.002475595] [robot_1.robot_supervisor]: Triggered uncontrollable event: EV_blue_visible
[INFO] [1789492229.002844057] [robot_1.robot_supervisor]: Triggered uncontrollable event: EV_obstacle_right
[INFO] [1789492229.003157774] [robot_1.robot_supervisor]: Triggered uncontrollable event: EV_red_reached
[INFO] [1789492229.003474752] [robot_1.robot_supervisor]: Selected controllable event: EV_drop_zone_blue
[INFO] [1789492229.005246309] [robot_1.robot_supervisor]: Delivered cargo 'robot_1_carried_generic_box' removed.
[INFO] [1789492229.101115102] [robot_1.robot_supervisor]: Triggered uncontrollable event: EV_obstacle_right
[INFO] [1789492229.101427362] [robot_1.robot_supervisor]: Selected controllable event: EV_rotate_counterclockwise
[INFO] [1789492229.301407059] [robot_1.robot_supervisor]: Selected controllable event: EV_approach_object
[INFO] [1789492229.601060581] [robot_1.robot_supervisor]: Selected controllable event: EV_search_object
[INFO] [1789492229.801142770] [robot_1.robot_supervisor]: Selected controllable event: EV_drop_object
[INFO] [1789492230.101478799] [robot_1.robot_supervisor]: Selected controllable event: EV_move_forward
[INFO] [1789492230.401147580] [robot_1.robot_supervisor]: Selected controllable event: EV_approach_object
[INFO] [1789492230.701064969] [robot_1.robot_supervisor]: Selected controllable event: EV_move_forward
[INFO] [1789492231.001011688] [robot_1.robot_supervisor]: Selected controllable event: EV_search_color
[INFO] [1789492231.201367686] [robot_1.robot_supervisor]: Selected controllable event: EV_move_forward
[INFO] [1789492231.501488967] [robot_1.robot_supervisor]: Selected controllable event: EV_search_object
[INFO] [1789492231.701527531] [robot_1.robot_supervisor]: Selected controllable event: EV_search_object
[INFO] [1789492231.901581773] [robot_1.robot_supervisor]: Selected controllable event: EV_search_color
[INFO] [1789492232.101302031] [robot_1.robot_supervisor]: Selected controllable event: EV_approach_object
[INFO] [1789492232.401172025] [robot_1.robot_supervisor]: Selected controllable event: EV_move_forward
[INFO] [1789492232.701712600] [robot_1.robot_supervisor]: Selected controllable event: EV_move_forward
[INFO] [1789492233.001631302] [robot_1.robot_supervisor]: Selected controllable event: EV_approach_color
[INFO] [1789492233.301810780] [robot_1.robot_supervisor]: Selected controllable event: EV_search_object
[INFO] [1789492233.501651009] [robot_1.robot_supervisor]: Selected controllable event: EV_approach_object
[INFO] [1789492233.801659837] [robot_1.robot_supervisor]: Selected controllable event: EV_move_forward
[INFO] [1789492234.101117301] [robot_1.robot_supervisor]: Selected controllable event: EV_search_color
[INFO] [1789492234.301071429] [robot_1.robot_supervisor]: Selected controllable event: EV_approach_object
[INFO] [1789492234.601147949] [robot_1.robot_supervisor]: Selected controllable event: EV_approach_color
[INFO] [1789492234.894069060] [robot_1.robot_supervisor]: RECEIVED zone_a; balance=zone_a_has_extra
[INFO] [1789492234.901504429] [robot_1.robot_supervisor]: Triggered uncontrollable event: EV_obstacle_right
[INFO] [1789492234.901935413] [robot_1.robot_supervisor]: Triggered uncontrollable event: EV_recieve_drop_zone_red
[INFO] [1789492234.902457781] [robot_1.robot_supervisor]: Selected controllable event: EV_rotate_counterclockwise
[INFO] [1789492235.101476149] [robot_1.robot_supervisor]: Triggered uncontrollable event: EV_obstacle_right
[INFO] [1789492235.102069764] [robot_1.robot_supervisor]: Selected controllable event: EV_rotate_counterclockwise
[INFO] [1789492235.301462214] [robot_1.robot_supervisor]: Triggered uncontrollable event: EV_obstacle_right
[INFO] [1789492235.302063323] [robot_1.robot_supervisor]: Selected controllable event: EV_rotate_counterclockwise
[INFO] [1789492235.501735688] [robot_1.robot_supervisor]: Selected controllable event: EV_move_forward
[INFO] [1789492235.801522562] [robot_1.robot_supervisor]: Selected controllable event: EV_search_object
[INFO] [1789492236.001282254] [robot_1.robot_supervisor]: Selected controllable event: EV_move_forward
[INFO] [1789492236.301192781] [robot_1.robot_supervisor]: Selected controllable event: EV_move_forward
[INFO] [1789492236.601333701] [robot_1.robot_supervisor]: Selected controllable event: EV_approach_color
[INFO] [1789492236.901197732] [robot_1.robot_supervisor]: Selected controllable event: EV_approach_object
[INFO] [1789492237.201232083] [robot_1.robot_supervisor]: Selected controllable event: EV_search_color
[INFO] [1789492237.401192786] [robot_1.robot_supervisor]: Selected controllable event: EV_search_object
[INFO] [1789492237.601027737] [robot_1.robot_supervisor]: Selected controllable event: EV_approach_object
[INFO] [1789492237.901481073] [robot_1.robot_supervisor]: Selected controllable event: EV_move_forward
[INFO] [1789492238.201592574] [robot_1.robot_supervisor]: Selected controllable event: EV_approach_color
[INFO] [1789492238.501167041] [robot_1.robot_supervisor]: Selected controllable event: EV_approach_object
[INFO] [1789492238.802118194] [robot_1.robot_supervisor]: Selected controllable event: EV_search_color
[INFO] [1789492239.001138044] [robot_1.robot_supervisor]: Selected controllable event: EV_approach_object
[INFO] [1789492239.301548558] [robot_1.robot_supervisor]: Selected controllable event: EV_approach_object
[INFO] [1789492239.601156324] [robot_1.robot_supervisor]: Selected controllable event: EV_approach_color
[INFO] [1789492239.901463516] [robot_1.robot_supervisor]: Selected controllable event: EV_approach_color
[INFO] [1789492240.201060319] [robot_1.robot_supervisor]: Selected controllable event: EV_move_forward
[INFO] [1789492240.501056708] [robot_1.robot_supervisor]: Selected controllable event: EV_search_object
[INFO] [1789492240.701720371] [robot_1.robot_supervisor]: Selected controllable event: EV_search_color
[INFO] [1789492240.901029446] [robot_1.robot_supervisor]: Triggered uncontrollable event: EV_obstacle_left
[INFO] [1789492240.901330975] [robot_1.robot_supervisor]: Selected controllable event: EV_u_turn
[INFO] [1789492240.901556093] [robot_1.robot_supervisor]: Starting FULL ROTATE (omega=1.000, have_odom=True, target_rad=3.142, timeout_s=3.500)
[INFO] [1789492242.701318683] [robot_1.robot_supervisor]: FULL ROTATE completed by odom (accum_rad=3.266)
[INFO] [1789492243.001049428] [robot_1.robot_supervisor]: Selected controllable event: EV_search_object
[INFO] [1789492243.201339830] [robot_1.robot_supervisor]: Selected controllable event: EV_approach_color
[INFO] [1789492243.501123116] [robot_1.robot_supervisor]: Triggered uncontrollable event: EV_obstacle_right
[INFO] [1789492243.501433658] [robot_1.robot_supervisor]: Selected controllable event: EV_u_turn
[INFO] [1789492243.601037325] [robot_1.robot_supervisor]: Triggered uncontrollable event: EV_obstacle_right
[INFO] [1789492243.601345757] [robot_1.robot_supervisor]: Selected controllable event: EV_u_turn
[INFO] [1789492243.701109227] [robot_1.robot_supervisor]: Triggered uncontrollable event: EV_obstacle_right
[INFO] [1789492243.701429592] [robot_1.robot_supervisor]: Selected controllable event: EV_rotate_counterclockwise
[INFO] [1789492243.901397183] [robot_1.robot_supervisor]: Triggered uncontrollable event: EV_obstacle_right
[INFO] [1789492243.901720822] [robot_1.robot_supervisor]: Selected controllable event: EV_u_turn
[INFO] [1789492243.920348658] [robot_1.robot_supervisor]: CONTACT RECOVERY activated (source=robot_2::robot_2/base_footprint::robot_2/base_footprint_fixed_joint_lump__base_collision_collision, duration_s=1.00)
[INFO] [1789492245.001400358] [robot_1.robot_supervisor]: Triggered uncontrollable event: EV_obstacle_front
[INFO] [1789492245.002017175] [robot_1.robot_supervisor]: Selected controllable event: EV_move_backward
[INFO] [1789492245.009873710] [robot_1.robot_supervisor]: CONTACT RECOVERY activated (source=robot_2::robot_2/base_footprint::robot_2/base_footprint_fixed_joint_lump__base_collision_collision, duration_s=1.00)
[INFO] [1789492246.101137592] [robot_1.robot_supervisor]: Selected controllable event: EV_approach_color
[INFO] [1789492246.401144863] [robot_1.robot_supervisor]: Selected controllable event: EV_search_color
[INFO] [1789492246.601154365] [robot_1.robot_supervisor]: Selected controllable event: EV_approach_object
[INFO] [1789492246.901325196] [robot_1.robot_supervisor]: Selected controllable event: EV_search_object
[INFO] [1789492247.101251222] [robot_1.robot_supervisor]: Selected controllable event: EV_move_forward
[INFO] [1789492247.401221122] [robot_1.robot_supervisor]: Selected controllable event: EV_search_color
[INFO] [1789492247.601165517] [robot_1.robot_supervisor]: Selected controllable event: EV_approach_color
[INFO] [1789492247.901670395] [robot_1.robot_supervisor]: Selected controllable event: EV_search_color
[INFO] [1789492248.101148486] [robot_1.robot_supervisor]: Selected controllable event: EV_search_color
[INFO] [1789492248.301533472] [robot_1.robot_supervisor]: Selected controllable event: EV_approach_color
[INFO] [1789492248.601360301] [robot_1.robot_supervisor]: Selected controllable event: EV_search_object
[INFO] [1789492248.801789768] [robot_1.robot_supervisor]: Selected controllable event: EV_approach_object
[INFO] [1789492249.101616038] [robot_1.robot_supervisor]: Selected controllable event: EV_search_object
[INFO] [1789492249.301354790] [robot_1.robot_supervisor]: Selected controllable event: EV_search_object
[INFO] [1789492249.501230591] [robot_1.robot_supervisor]: Selected controllable event: EV_approach_color
[INFO] [1789492249.801658455] [robot_1.robot_supervisor]: Selected controllable event: EV_approach_color
[INFO] [1789492250.101522767] [robot_1.robot_supervisor]: Selected controllable event: EV_search_object
[INFO] [1789492250.301140687] [robot_1.robot_supervisor]: Selected controllable event: EV_search_object
[INFO] [1789492250.501603499] [robot_1.robot_supervisor]: Selected controllable event: EV_approach_color
[INFO] [1789492250.801193472] [robot_1.robot_supervisor]: Selected controllable event: EV_approach_object
[INFO] [1789492251.101289772] [robot_1.robot_supervisor]: Selected controllable event: EV_search_color
[INFO] [1789492251.301587989] [robot_1.robot_supervisor]: Selected controllable event: EV_move_forward
[INFO] [1789492251.601069705] [robot_1.robot_supervisor]: Triggered uncontrollable event: EV_obstacle_left
[INFO] [1789492251.601414276] [robot_1.robot_supervisor]: Selected controllable event: EV_u_turn
[INFO] [1789492251.601728984] [robot_1.robot_supervisor]: Starting FULL ROTATE (omega=1.000, have_odom=True, target_rad=3.142, timeout_s=3.500)
[INFO] [1789492253.301152420] [robot_1.robot_supervisor]: FULL ROTATE completed by odom (accum_rad=3.148)
[INFO] [1789492253.501672587] [robot_1.robot_supervisor]: Selected controllable event: EV_approach_color
[INFO] [1789492253.801883160] [robot_1.robot_supervisor]: Selected controllable event: EV_search_color
[INFO] [1789492254.001425918] [robot_1.robot_supervisor]: Selected controllable event: EV_search_object
[INFO] [1789492254.201326752] [robot_1.robot_supervisor]: Selected controllable event: EV_approach_color
[INFO] [1789492254.501513585] [robot_1.robot_supervisor]: Selected controllable event: EV_approach_object
[INFO] [1789492254.801765847] [robot_1.robot_supervisor]: Selected controllable event: EV_approach_object
[INFO] [1789492255.101257419] [robot_1.robot_supervisor]: Selected controllable event: EV_approach_color
[INFO] [1789492255.401187873] [robot_1.robot_supervisor]: Selected controllable event: EV_search_color
[INFO] [1789492255.601085988] [robot_1.robot_supervisor]: Selected controllable event: EV_search_object
[INFO] [1789492255.801104006] [robot_1.robot_supervisor]: Selected controllable event: EV_search_object
[INFO] [1789492256.001158545] [robot_1.robot_supervisor]: Selected controllable event: EV_move_forward
[INFO] [1789492256.301109362] [robot_1.robot_supervisor]: Selected controllable event: EV_search_object
[INFO] [1789492256.501092923] [robot_1.robot_supervisor]: Selected controllable event: EV_approach_object
[INFO] [1789492256.801071155] [robot_1.robot_supervisor]: Triggered uncontrollable event: EV_obstacle_right
[INFO] [1789492256.801411551] [robot_1.robot_supervisor]: Selected controllable event: EV_u_turn
[INFO] [1789492256.801666174] [robot_1.robot_supervisor]: Starting FULL ROTATE (omega=1.000, have_odom=True, target_rad=3.142, timeout_s=3.500)
[INFO] [1789492258.500956226] [robot_1.robot_supervisor]: FULL ROTATE completed by odom (accum_rad=3.148)
[INFO] [1789492258.701167071] [robot_1.robot_supervisor]: Selected controllable event: EV_approach_color
[INFO] [1789492259.001094101] [robot_1.robot_supervisor]: Selected controllable event: EV_approach_object
[INFO] [1789492259.301322496] [robot_1.robot_supervisor]: Selected controllable event: EV_search_object
[INFO] [1789492259.501538176] [robot_1.robot_supervisor]: Selected controllable event: EV_move_forward
[INFO] [1789492259.801291205] [robot_1.robot_supervisor]: Selected controllable event: EV_move_forward
[INFO] [1789492260.101315251] [robot_1.robot_supervisor]: Selected controllable event: EV_approach_object
[INFO] [1789492260.401155706] [robot_1.robot_supervisor]: Triggered uncontrollable event: EV_obstacle_right
[INFO] [1789492260.401692176] [robot_1.robot_supervisor]: Selected controllable event: EV_u_turn
[INFO] [1789492260.501111619] [robot_1.robot_supervisor]: Triggered uncontrollable event: EV_obstacle_right
[INFO] [1789492260.501630502] [robot_1.robot_supervisor]: Selected controllable event: EV_rotate_counterclockwise
[INFO] [1789492260.701088675] [robot_1.robot_supervisor]: Triggered uncontrollable event: EV_obstacle_right
[INFO] [1789492260.701586966] [robot_1.robot_supervisor]: Selected controllable event: EV_u_turn
[INFO] [1789492260.801083347] [robot_1.robot_supervisor]: Triggered uncontrollable event: EV_obstacle_right
[INFO] [1789492260.801564948] [robot_1.robot_supervisor]: Selected controllable event: EV_u_turn
[INFO] [1789492260.901090191] [robot_1.robot_supervisor]: Triggered uncontrollable event: EV_obstacle_right
[INFO] [1789492260.901434772] [robot_1.robot_supervisor]: Selected controllable event: EV_rotate_counterclockwise
[INFO] [1789492261.101075253] [robot_1.robot_supervisor]: Triggered uncontrollable event: EV_obstacle_right
[INFO] [1789492261.101403025] [robot_1.robot_supervisor]: Selected controllable event: EV_rotate_counterclockwise
[INFO] [1789492261.301418151] [robot_1.robot_supervisor]: Triggered uncontrollable event: EV_obstacle_right
[INFO] [1789492261.301984632] [robot_1.robot_supervisor]: Selected controllable event: EV_u_turn
[INFO] [1789492261.302439042] [robot_1.robot_supervisor]: Starting FULL ROTATE (omega=1.000, have_odom=True, target_rad=3.142, timeout_s=3.500)
[INFO] [1789492262.901256729] [robot_1.robot_supervisor]: FULL ROTATE completed by odom (accum_rad=3.200)
[INFO] [1789492263.201467829] [robot_1.robot_supervisor]: Selected controllable event: EV_move_forward
[INFO] [1789492263.501515367] [robot_1.robot_supervisor]: Selected controllable event: EV_approach_object
[INFO] [1789492263.801098852] [robot_1.robot_supervisor]: Selected controllable event: EV_search_object
[INFO] [1789492264.001144221] [robot_1.robot_supervisor]: Selected controllable event: EV_search_object
[INFO] [1789492264.201152431] [robot_1.robot_supervisor]: Selected controllable event: EV_approach_object
[INFO] [1789492264.501091190] [robot_1.robot_supervisor]: Selected controllable event: EV_approach_color
[INFO] [1789492264.801352926] [robot_1.robot_supervisor]: Selected controllable event: EV_search_color
[INFO] [1789492265.001298066] [robot_1.robot_supervisor]: Selected controllable event: EV_approach_color
[INFO] [1789492265.301301353] [robot_1.robot_supervisor]: Selected controllable event: EV_search_color
[INFO] [1789492265.501487828] [robot_1.robot_supervisor]: Triggered uncontrollable event: EV_obstacle_right
[INFO] [1789492265.502028065] [robot_1.robot_supervisor]: Selected controllable event: EV_u_turn
[INFO] [1789492265.502534433] [robot_1.robot_supervisor]: Starting FULL ROTATE (omega=1.000, have_odom=True, target_rad=3.142, timeout_s=3.500)
[INFO] [1789492267.301016920] [robot_1.robot_supervisor]: FULL ROTATE completed by odom (accum_rad=3.243)
[INFO] [1789492267.501545015] [robot_1.robot_supervisor]: Selected controllable event: EV_approach_color
[INFO] [1789492267.801079844] [robot_1.robot_supervisor]: Selected controllable event: EV_approach_color
[INFO] [1789492268.101087774] [robot_1.robot_supervisor]: Selected controllable event: EV_search_color
[INFO] [1789492268.301290299] [robot_1.robot_supervisor]: Selected controllable event: EV_search_color
[INFO] [1789492268.501125686] [robot_1.robot_supervisor]: Selected controllable event: EV_move_forward
[INFO] [1789492268.801015700] [robot_1.robot_supervisor]: Triggered uncontrollable event: EV_obstacle_left
[INFO] [1789492268.801318156] [robot_1.robot_supervisor]: Selected controllable event: EV_u_turn
[INFO] [1789492268.900968298] [robot_1.robot_supervisor]: Triggered uncontrollable event: EV_obstacle_left
[INFO] [1789492268.901282924] [robot_1.robot_supervisor]: Selected controllable event: EV_rotate_clockwise
[INFO] [1789492269.101180624] [robot_1.robot_supervisor]: Triggered uncontrollable event: EV_obstacle_left
[INFO] [1789492269.101518855] [robot_1.robot_supervisor]: Selected controllable event: EV_u_turn
[INFO] [1789492269.201308768] [robot_1.robot_supervisor]: Triggered uncontrollable event: EV_obstacle_left
[INFO] [1789492269.201870178] [robot_1.robot_supervisor]: Selected controllable event: EV_rotate_clockwise
[INFO] [1789492269.401330697] [robot_1.robot_supervisor]: Triggered uncontrollable event: EV_obstacle_left
[INFO] [1789492269.401907862] [robot_1.robot_supervisor]: Selected controllable event: EV_u_turn
[INFO] [1789492269.501293969] [robot_1.robot_supervisor]: Triggered uncontrollable event: EV_obstacle_left
[INFO] [1789492269.501859532] [robot_1.robot_supervisor]: Selected controllable event: EV_rotate_clockwise
[INFO] [1789492269.700979218] [robot_1.robot_supervisor]: Triggered uncontrollable event: EV_obstacle_left
[INFO] [1789492269.701303710] [robot_1.robot_supervisor]: Selected controllable event: EV_rotate_clockwise
[INFO] [1789492269.901164118] [robot_1.robot_supervisor]: Selected controllable event: EV_approach_object
[INFO] [1789492270.201141567] [robot_1.robot_supervisor]: Selected controllable event: EV_approach_object
[INFO] [1789492270.501081843] [robot_1.robot_supervisor]: Selected controllable event: EV_move_forward
[INFO] [1789492270.801125724] [robot_1.robot_supervisor]: Selected controllable event: EV_move_forward
[INFO] [1789492271.101106005] [robot_1.robot_supervisor]: Selected controllable event: EV_approach_object
[INFO] [1789492271.401465040] [robot_1.robot_supervisor]: Selected controllable event: EV_search_color
[INFO] [1789492271.601138938] [robot_1.robot_supervisor]: Selected controllable event: EV_search_color
[INFO] [1789492271.801486118] [robot_1.robot_supervisor]: Selected controllable event: EV_approach_color
[INFO] [1789492272.101103231] [robot_1.robot_supervisor]: Selected controllable event: EV_approach_color
[INFO] [1789492272.401103321] [robot_1.robot_supervisor]: Selected controllable event: EV_search_color
[INFO] [1789492272.601015708] [robot_1.robot_supervisor]: Triggered uncontrollable event: EV_obstacle_right
[INFO] [1789492272.601333785] [robot_1.robot_supervisor]: Selected controllable event: EV_rotate_counterclockwise
[INFO] [1789492272.801037474] [robot_1.robot_supervisor]: Triggered uncontrollable event: EV_obstacle_right
[INFO] [1789492272.801331098] [robot_1.robot_supervisor]: Selected controllable event: EV_u_turn
[INFO] [1789492272.801557906] [robot_1.robot_supervisor]: Starting FULL ROTATE (omega=1.000, have_odom=True, target_rad=3.142, timeout_s=3.500)
[INFO] [1789492274.501000746] [robot_1.robot_supervisor]: FULL ROTATE completed by odom (accum_rad=3.214)
[INFO] [1789492274.701194229] [robot_1.robot_supervisor]: Selected controllable event: EV_search_object
[INFO] [1789492274.901381078] [robot_1.robot_supervisor]: Selected controllable event: EV_search_color
[INFO] [1789492275.101463067] [robot_1.robot_supervisor]: Selected controllable event: EV_approach_object
[INFO] [1789492275.401551515] [robot_1.robot_supervisor]: Selected controllable event: EV_search_color
[INFO] [1789492275.601485208] [robot_1.robot_supervisor]: Selected controllable event: EV_approach_object
[INFO] [1789492275.901282587] [robot_1.robot_supervisor]: Selected controllable event: EV_approach_object
[INFO] [1789492276.201618613] [robot_1.robot_supervisor]: Selected controllable event: EV_approach_object
[INFO] [1789492276.501093041] [robot_1.robot_supervisor]: Selected controllable event: EV_move_forward
[INFO] [1789492276.801550987] [robot_1.robot_supervisor]: Selected controllable event: EV_search_object
[INFO] [1789492277.001169061] [robot_1.robot_supervisor]: Selected controllable event: EV_move_forward
[INFO] [1789492277.301104374] [robot_1.robot_supervisor]: Selected controllable event: EV_approach_object
[INFO] [1789492277.601265523] [robot_1.robot_supervisor]: Selected controllable event: EV_approach_color
[INFO] [1789492277.901219996] [robot_1.robot_supervisor]: Selected controllable event: EV_approach_object
[INFO] [1789492278.201183645] [robot_1.robot_supervisor]: Selected controllable event: EV_approach_color
[INFO] [1789492278.501112621] [robot_1.robot_supervisor]: Selected controllable event: EV_approach_color
[INFO] [1789492278.801143134] [robot_1.robot_supervisor]: Selected controllable event: EV_approach_object
[INFO] [1789492279.101142432] [robot_1.robot_supervisor]: Selected controllable event: EV_approach_object
[INFO] [1789492279.401625668] [robot_1.robot_supervisor]: Selected controllable event: EV_approach_object
[INFO] [1789492279.701203744] [robot_1.robot_supervisor]: Selected controllable event: EV_search_object
[INFO] [1789492279.794603250] [robot_1.robot_supervisor]: All six balanced-delivery boxes completed by the team.
[INFO] [1789492279.794886340] [robot_1.robot_supervisor]: RECEIVED zone_b; balance=equal
[INFO] [1789492279.901089356] [robot_1.robot_supervisor]: Triggered uncontrollable event: EV_recieve_drop_zone_blue
[INFO] [1789492279.901431174] [robot_1.robot_supervisor]: Selected controllable event: EV_search_object
[INFO] [1789492280.101192736] [robot_1.robot_supervisor]: Selected controllable event: EV_approach_object
