[INFO] [1789488504.528947543] [robot_1.robot_supervisor]: Loaded initial mission 'balanced_delivery' from explicit YAML supervisor.yaml
[INFO] [1789488504.740171516] [robot_1.robot_supervisor]: Selected controllable event: EV_move_forward
[INFO] [1789488505.005142202] [robot_1.robot_supervisor]: Selected controllable event: EV_move_forward
[INFO] [1789488505.296737010] [robot_1.robot_supervisor]: Selected controllable event: EV_search_object
[INFO] [1789488505.421074204] [robot_1.robot_supervisor]: Selected controllable event: EV_search_object
[INFO] [1789488505.613644921] [robot_1.robot_supervisor]: Selected controllable event: EV_search_object
[INFO] [1789488505.794758462] [robot_1.robot_supervisor]: Selected controllable event: EV_move_forward
[INFO] [1789488505.996709326] [robot_1.robot_supervisor]: Selected controllable event: EV_move_forward
[INFO] [1789488506.282211162] [robot_1.robot_supervisor]: Selected controllable event: EV_search_object
[INFO] [1789488506.482265110] [robot_1.robot_supervisor]: Selected controllable event: EV_move_forward
[INFO] [1789488506.782155681] [robot_1.robot_supervisor]: Selected controllable event: EV_move_forward
[INFO] [1789488507.082214445] [robot_1.robot_supervisor]: Selected controllable event: EV_search_object
[INFO] [1789488507.282331608] [robot_1.robot_supervisor]: Selected controllable event: EV_search_object
[INFO] [1789488507.482405607] [robot_1.robot_supervisor]: Selected controllable event: EV_move_forward
[INFO] [1789488507.782192821] [robot_1.robot_supervisor]: Selected controllable event: EV_search_object
[INFO] [1789488507.885478324] [robot_1.robot_supervisor]: Selected controllable event: EV_search_object
[INFO] [1789488508.082141502] [robot_1.robot_supervisor]: Selected controllable event: EV_search_object
[INFO] [1789488508.282183123] [robot_1.robot_supervisor]: Selected controllable event: EV_move_forward
[INFO] [1789488508.582159558] [robot_1.robot_supervisor]: Selected controllable event: EV_move_forward
[INFO] [1789488508.885486712] [robot_1.robot_supervisor]: Selected controllable event: EV_search_object
[INFO] [1789488509.082876143] [robot_1.robot_supervisor]: Selected controllable event: EV_move_forward
[INFO] [1789488509.382215881] [robot_1.robot_supervisor]: Selected controllable event: EV_move_forward
[INFO] [1789488509.585680018] [robot_1.robot_supervisor]: Selected controllable event: EV_move_forward
[INFO] [1789488509.801731091] [robot_1.robot_supervisor]: Triggered uncontrollable event: EV_object_not_visible
[INFO] [1789488509.802817878] [robot_1.robot_supervisor]: Selected controllable event: EV_move_forward
[INFO] [1789488510.084640716] [robot_1.robot_supervisor]: Selected controllable event: EV_move_forward
[INFO] [1789488510.297650460] [robot_1.robot_supervisor]: Selected controllable event: EV_search_object
[INFO] [1789488510.418347607] [robot_1.robot_supervisor]: Selected controllable event: EV_move_forward
[INFO] [1789488510.724147148] [robot_1.robot_supervisor]: Triggered uncontrollable event: EV_obstacle_front
[INFO] [1789488510.724991332] [robot_1.robot_supervisor]: Triggered uncontrollable event: EV_object_not_visible
[INFO] [1789488510.725943953] [robot_1.robot_supervisor]: Selected controllable event: EV_u_turn
[INFO] [1789488510.726778910] [robot_1.robot_supervisor]: Starting FULL ROTATE (omega=1.000, have_odom=True, target_rad=3.142, timeout_s=3.500)
[INFO] [1789488514.308105090] [robot_1.robot_supervisor]: FULL ROTATE completed by timeout
[INFO] [1789488514.587285125] [robot_1.robot_supervisor]: ############################# VISIBLE: EV_object_visible #############################
[INFO] [1789488514.588147021] [robot_1.robot_supervisor]: Selected controllable event: EV_approach_object
[INFO] [1789488514.899112880] [robot_1.robot_supervisor]: Selected controllable event: EV_approach_object
[INFO] [1789488515.207364691] [robot_1.robot_supervisor]: Selected controllable event: EV_approach_object
[INFO] [1789488515.486085809] [robot_1.robot_supervisor]: ############################# VISIBLE: EV_object_visible #############################
[INFO] [1789488515.487049084] [robot_1.robot_supervisor]: Selected controllable event: EV_approach_object
[INFO] [1789488515.703840266] [robot_1.robot_supervisor]: Selected controllable event: EV_move_forward
[INFO] [1789488515.988422165] [robot_1.robot_supervisor]: Selected controllable event: EV_approach_object
[INFO] [1789488516.202416862] [robot_1.robot_supervisor]: ############################# VISIBLE: EV_object_visible #############################
[INFO] [1789488516.213498374] [robot_1.robot_supervisor]: Selected controllable event: EV_approach_object
[INFO] [1789488516.505354302] [robot_1.robot_supervisor]: Selected controllable event: EV_approach_object
[INFO] [1789488516.711177765] [robot_1.robot_supervisor]: Selected controllable event: EV_approach_object
[INFO] [1789488517.015741413] [robot_1.robot_supervisor]: ############################# VISIBLE: EV_object_visible #############################
[INFO] [1789488517.017895665] [robot_1.robot_supervisor]: Selected controllable event: EV_move_forward
[INFO] [1789488517.314717094] [robot_1.robot_supervisor]: Selected controllable event: EV_move_forward
[INFO] [1789488517.585682412] [robot_1.robot_supervisor]: Selected controllable event: EV_approach_object
[INFO] [1789488517.813106970] [robot_1.robot_supervisor]: ############################# REACHED: EV_object_reached #############################
[INFO] [1789488517.814053065] [robot_1.robot_supervisor]: Selected controllable event: EV_pick_up_object
[INFO] [1789488517.854036630] [robot_1.robot_supervisor]: Cargo 'robot_1_carried_generic_box' placed on robot.
[INFO] [1789488518.092558756] [robot_1.robot_supervisor]: Selected controllable event: EV_move_forward
[INFO] [1789488518.317473704] [robot_1.robot_supervisor]: Selected controllable event: EV_search_zone
[INFO] [1789488518.427396000] [robot_1.robot_supervisor]: Selected controllable event: EV_move_forward
[INFO] [1789488518.706287089] [robot_1.robot_supervisor]: Selected controllable event: EV_search_zone
[INFO] [1789488518.911849409] [robot_1.robot_supervisor]: Triggered uncontrollable event: EV_zone_a_not_visible
[INFO] [1789488518.916732982] [robot_1.robot_supervisor]: Triggered uncontrollable event: EV_zone_b_not_visible
[INFO] [1789488518.926880138] [robot_1.robot_supervisor]: Selected controllable event: EV_move_forward
[INFO] [1789488519.207372811] [robot_1.robot_supervisor]: Selected controllable event: EV_move_forward
[INFO] [1789488519.492207843] [robot_1.robot_supervisor]: Triggered uncontrollable event: EV_zone_a_not_visible
[INFO] [1789488519.502479145] [robot_1.robot_supervisor]: Triggered uncontrollable event: EV_zone_b_not_visible
[INFO] [1789488519.503551884] [robot_1.robot_supervisor]: Selected controllable event: EV_move_forward
[INFO] [1789488519.802687572] [robot_1.robot_supervisor]: Selected controllable event: EV_search_zone
[INFO] [1789488519.924615605] [robot_1.robot_supervisor]: Selected controllable event: EV_move_forward
[INFO] [1789488520.219584344] [robot_1.robot_supervisor]: Triggered uncontrollable event: EV_zone_a_not_visible
[INFO] [1789488520.232962881] [robot_1.robot_supervisor]: Selected controllable event: EV_search_zone
[INFO] [1789488520.416015762] [robot_1.robot_supervisor]: Triggered uncontrollable event: EV_zone_b_not_visible
[INFO] [1789488520.416957742] [robot_1.robot_supervisor]: Selected controllable event: EV_search_zone
[INFO] [1789488520.620070621] [robot_1.robot_supervisor]: Selected controllable event: EV_search_zone
[INFO] [1789488520.788642289] [robot_1.robot_supervisor]: Selected controllable event: EV_move_forward
[INFO] [1789488521.008126008] [robot_1.robot_supervisor]: Selected controllable event: EV_move_forward
[INFO] [1789488521.309591672] [robot_1.robot_supervisor]: Triggered uncontrollable event: EV_zone_a_not_visible
[INFO] [1789488521.315872907] [robot_1.robot_supervisor]: Triggered uncontrollable event: EV_zone_b_not_visible
[INFO] [1789488521.316881248] [robot_1.robot_supervisor]: Selected controllable event: EV_search_zone
[INFO] [1789488521.517157426] [robot_1.robot_supervisor]: Selected controllable event: EV_search_zone
[INFO] [1789488521.703555713] [robot_1.robot_supervisor]: Selected controllable event: EV_search_zone
[INFO] [1789488521.820243320] [robot_1.robot_supervisor]: Selected controllable event: EV_move_forward
[INFO] [1789488522.109803938] [robot_1.robot_supervisor]: Triggered uncontrollable event: EV_zone_a_not_visible
[INFO] [1789488522.124775508] [robot_1.robot_supervisor]: Triggered uncontrollable event: EV_zone_b_not_visible
[INFO] [1789488522.125612844] [robot_1.robot_supervisor]: Selected controllable event: EV_search_zone
[INFO] [1789488522.308112974] [robot_1.robot_supervisor]: Selected controllable event: EV_move_forward
[INFO] [1789488522.513064855] [robot_1.robot_supervisor]: Selected controllable event: EV_search_zone
[INFO] [1789488522.705215465] [robot_1.robot_supervisor]: Selected controllable event: EV_search_zone
[INFO] [1789488522.915924747] [robot_1.robot_supervisor]: Triggered uncontrollable event: EV_zone_a_not_visible
[INFO] [1789488522.916722498] [robot_1.robot_supervisor]: Triggered uncontrollable event: EV_zone_b_not_visible
[INFO] [1789488522.917718133] [robot_1.robot_supervisor]: Selected controllable event: EV_search_zone
[INFO] [1789488523.097146239] [robot_1.robot_supervisor]: Selected controllable event: EV_search_zone
[INFO] [1789488523.309342625] [robot_1.robot_supervisor]: Selected controllable event: EV_move_forward
[INFO] [1789488523.596995809] [robot_1.robot_supervisor]: Selected controllable event: EV_move_forward
[INFO] [1789488523.817219388] [robot_1.robot_supervisor]: Triggered uncontrollable event: EV_zone_a_not_visible
[INFO] [1789488523.827396970] [robot_1.robot_supervisor]: Triggered uncontrollable event: EV_zone_b_not_visible
[INFO] [1789488523.831960351] [robot_1.robot_supervisor]: Selected controllable event: EV_move_forward
[INFO] [1789488524.097878683] [robot_1.robot_supervisor]: Selected controllable event: EV_search_zone
[INFO] [1789488524.199578861] [robot_1.robot_supervisor]: Selected controllable event: EV_move_forward
[INFO] [1789488524.506649254] [robot_1.robot_supervisor]: Triggered uncontrollable event: EV_zone_a_not_visible
[INFO] [1789488524.507556742] [robot_1.robot_supervisor]: Selected controllable event: EV_search_zone
[INFO] [1789488524.718635789] [robot_1.robot_supervisor]: Triggered uncontrollable event: EV_zone_b_not_visible
[INFO] [1789488524.719553242] [robot_1.robot_supervisor]: Selected controllable event: EV_search_zone
[INFO] [1789488524.899741135] [robot_1.robot_supervisor]: Selected controllable event: EV_search_zone
[INFO] [1789488525.099843116] [robot_1.robot_supervisor]: Selected controllable event: EV_search_zone
[INFO] [1789488525.222596556] [robot_1.robot_supervisor]: Selected controllable event: EV_search_zone
[INFO] [1789488525.407881552] [robot_1.robot_supervisor]: Triggered uncontrollable event: EV_zone_a_not_visible
[INFO] [1789488525.408711244] [robot_1.robot_supervisor]: Selected controllable event: EV_move_forward
[INFO] [1789488525.691681877] [robot_1.robot_supervisor]: Triggered uncontrollable event: EV_zone_b_not_visible
[INFO] [1789488525.692592831] [robot_1.robot_supervisor]: Selected controllable event: EV_search_zone
[INFO] [1789488525.885806026] [robot_1.robot_supervisor]: Selected controllable event: EV_search_zone
[INFO] [1789488526.023069222] [robot_1.robot_supervisor]: Selected controllable event: EV_search_zone
[INFO] [1789488526.192322737] [robot_1.robot_supervisor]: Triggered uncontrollable event: EV_zone_a_not_visible
[INFO] [1789488526.199090852] [robot_1.robot_supervisor]: Triggered uncontrollable event: EV_zone_b_not_visible
[INFO] [1789488526.203503958] [robot_1.robot_supervisor]: Selected controllable event: EV_search_zone
[INFO] [1789488526.398385419] [robot_1.robot_supervisor]: Selected controllable event: EV_search_zone
[INFO] [1789488526.503155444] [robot_1.robot_supervisor]: Selected controllable event: EV_move_forward
[INFO] [1789488526.815908669] [robot_1.robot_supervisor]: Triggered uncontrollable event: EV_zone_a_not_visible
[INFO] [1789488526.816736229] [robot_1.robot_supervisor]: Selected controllable event: EV_move_forward
[INFO] [1789488527.115282020] [robot_1.robot_supervisor]: Triggered uncontrollable event: EV_zone_b_not_visible
[INFO] [1789488527.116228376] [robot_1.robot_supervisor]: Selected controllable event: EV_move_forward
[INFO] [1789488527.402314865] [robot_1.robot_supervisor]: Selected controllable event: EV_search_zone
[INFO] [1789488527.619529658] [robot_1.robot_supervisor]: Selected controllable event: EV_move_forward
[INFO] [1789488527.902977815] [robot_1.robot_supervisor]: Triggered uncontrollable event: EV_zone_a_not_visible
[INFO] [1789488527.903759255] [robot_1.robot_supervisor]: Triggered uncontrollable event: EV_zone_b_not_visible
[INFO] [1789488527.904600598] [robot_1.robot_supervisor]: Selected controllable event: EV_move_forward
[INFO] [1789488528.121562143] [robot_1.robot_supervisor]: Selected controllable event: EV_move_forward
[INFO] [1789488528.405672246] [robot_1.robot_supervisor]: Selected controllable event: EV_search_zone
[INFO] [1789488528.590924580] [robot_1.robot_supervisor]: Triggered uncontrollable event: EV_zone_a_not_visible
[INFO] [1789488528.591685449] [robot_1.robot_supervisor]: Triggered uncontrollable event: EV_zone_b_not_visible
[INFO] [1789488528.603279154] [robot_1.robot_supervisor]: Selected controllable event: EV_search_zone
[INFO] [1789488528.726214991] [robot_1.robot_supervisor]: Selected controllable event: EV_search_zone
[INFO] [1789488528.897290690] [robot_1.robot_supervisor]: Selected controllable event: EV_move_forward
[INFO] [1789488529.100358835] [robot_1.robot_supervisor]: Selected controllable event: EV_search_zone
[INFO] [1789488529.313534178] [robot_1.robot_supervisor]: Selected controllable event: EV_move_forward
[INFO] [1789488529.604114773] [robot_1.robot_supervisor]: Triggered uncontrollable event: EV_zone_a_not_visible
[INFO] [1789488529.619990301] [robot_1.robot_supervisor]: Triggered uncontrollable event: EV_zone_b_not_visible
[INFO] [1789488529.620843442] [robot_1.robot_supervisor]: Selected controllable event: EV_search_zone
[INFO] [1789488529.815351467] [robot_1.robot_supervisor]: Selected controllable event: EV_move_forward
[INFO] [1789488530.086002509] [robot_1.robot_supervisor]: Selected controllable event: EV_search_zone
[INFO] [1789488530.209217589] [robot_1.robot_supervisor]: Triggered uncontrollable event: EV_zone_a_not_visible
[INFO] [1789488530.209933740] [robot_1.robot_supervisor]: Triggered uncontrollable event: EV_zone_b_not_visible
[INFO] [1789488530.210708983] [robot_1.robot_supervisor]: Selected controllable event: EV_search_zone
[INFO] [1789488530.393627719] [robot_1.robot_supervisor]: Selected controllable event: EV_search_zone
[INFO] [1789488530.515885142] [robot_1.robot_supervisor]: Selected controllable event: EV_move_forward
[INFO] [1789488530.821856527] [robot_1.robot_supervisor]: Selected controllable event: EV_search_zone
[INFO] [1789488531.006302709] [robot_1.robot_supervisor]: Triggered uncontrollable event: EV_zone_b_visible
[INFO] [1789488531.017632265] [robot_1.robot_supervisor]: Triggered uncontrollable event: EV_zone_a_not_visible
[INFO] [1789488531.018570994] [robot_1.robot_supervisor]: Selected controllable event: EV_move_forward
[INFO] [1789488531.302426416] [robot_1.robot_supervisor]: Selected controllable event: EV_move_forward
[INFO] [1789488531.600413382] [robot_1.robot_supervisor]: Selected controllable event: EV_move_forward
[INFO] [1789488531.804480165] [robot_1.robot_supervisor]: Triggered uncontrollable event: EV_zone_b_visible
[INFO] [1789488531.823083052] [robot_1.robot_supervisor]: Triggered uncontrollable event: EV_zone_a_not_visible
[INFO] [1789488531.824070731] [robot_1.robot_supervisor]: Selected controllable event: EV_move_forward
[INFO] [1789488532.097474673] [robot_1.robot_supervisor]: Selected controllable event: EV_move_forward
[INFO] [1789488532.304296922] [robot_1.robot_supervisor]: Selected controllable event: EV_approach_zone
[INFO] [1789488532.516608952] [robot_1.robot_supervisor]: Selected controllable event: EV_approach_zone
[INFO] [1789488532.811702125] [robot_1.robot_supervisor]: Triggered uncontrollable event: EV_zone_b_visible
[INFO] [1789488532.820333055] [robot_1.robot_supervisor]: Triggered uncontrollable event: EV_zone_a_not_visible
[INFO] [1789488532.829734452] [robot_1.robot_supervisor]: Selected controllable event: EV_approach_zone
[INFO] [1789488533.109319330] [robot_1.robot_supervisor]: Selected controllable event: EV_approach_zone
[INFO] [1789488533.388581085] [robot_1.robot_supervisor]: Triggered uncontrollable event: EV_zone_b_visible
[INFO] [1789488533.412162547] [robot_1.robot_supervisor]: Triggered uncontrollable event: EV_zone_a_not_visible
[INFO] [1789488533.413021954] [robot_1.robot_supervisor]: Selected controllable event: EV_approach_zone
[INFO] [1789488533.711531049] [robot_1.robot_supervisor]: Selected controllable event: EV_move_forward
[INFO] [1789488534.007164132] [robot_1.robot_supervisor]: Selected controllable event: EV_approach_zone
[INFO] [1789488534.289096098] [robot_1.robot_supervisor]: DELIVERED zone_b; balance=zone_b_has_extra
[INFO] [1789488534.289834609] [robot_1.robot_supervisor]: Triggered uncontrollable event: EV_zone_a_not_visible
[INFO] [1789488534.299370683] [robot_1.robot_supervisor]: Triggered uncontrollable event: EV_zone_b_reached
[INFO] [1789488534.300144889] [robot_1.robot_supervisor]: Selected controllable event: EV_drop_zone_b
[INFO] [1789488534.344347275] [robot_1.robot_supervisor]: Delivered cargo 'robot_1_carried_generic_box' removed.
[INFO] [1789488534.390226228] [robot_1.robot_supervisor]: Selected controllable event: EV_publish_delivered_zone_b
[INFO] [1789488534.483326396] [robot_1.robot_supervisor]: Selected controllable event: EV_search_object
[INFO] [1789488534.602253077] [robot_1.robot_supervisor]: Selected controllable event: EV_search_object
[INFO] [1789488534.794406547] [robot_1.robot_supervisor]: Triggered uncontrollable event: EV_object_not_visible
[INFO] [1789488534.816861883] [robot_1.robot_supervisor]: Selected controllable event: EV_move_forward
[INFO] [1789488535.092111437] [robot_1.robot_supervisor]: Selected controllable event: EV_search_object
[INFO] [1789488535.213759832] [robot_1.robot_supervisor]: Selected controllable event: EV_search_object
[INFO] [1789488535.408500206] [robot_1.robot_supervisor]: Selected controllable event: EV_search_object
[INFO] [1789488535.593831019] [robot_1.robot_supervisor]: Triggered uncontrollable event: EV_obstacle_front
[INFO] [1789488535.594463255] [robot_1.robot_supervisor]: Triggered uncontrollable event: EV_object_not_visible
[INFO] [1789488535.599559324] [robot_1.robot_supervisor]: Selected controllable event: EV_u_turn
[INFO] [1789488535.603554496] [robot_1.robot_supervisor]: Starting FULL ROTATE (omega=1.000, have_odom=True, target_rad=3.142, timeout_s=3.500)
[INFO] [1789488539.201909846] [robot_1.robot_supervisor]: FULL ROTATE completed by timeout
[INFO] [1789488539.506730254] [robot_1.robot_supervisor]: Triggered uncontrollable event: EV_object_not_visible
[INFO] [1789488539.509453758] [robot_1.robot_supervisor]: Selected controllable event: EV_search_object
[INFO] [1789488539.711055980] [robot_1.robot_supervisor]: Selected controllable event: EV_move_forward
[INFO] [1789488539.985869836] [robot_1.robot_supervisor]: Selected controllable event: EV_search_object
[INFO] [1789488540.114693940] [robot_1.robot_supervisor]: Selected controllable event: EV_move_forward
[INFO] [1789488540.408621127] [robot_1.robot_supervisor]: Triggered uncontrollable event: EV_object_not_visible
[INFO] [1789488540.419747229] [robot_1.robot_supervisor]: Selected controllable event: EV_search_object
[INFO] [1789488540.606454960] [robot_1.robot_supervisor]: Selected controllable event: EV_search_object
[INFO] [1789488540.814029584] [robot_1.robot_supervisor]: Selected controllable event: EV_move_forward
[INFO] [1789488541.094432401] [robot_1.robot_supervisor]: Triggered uncontrollable event: EV_object_not_visible
[INFO] [1789488541.096642360] [robot_1.robot_supervisor]: Selected controllable event: EV_move_forward
[INFO] [1789488541.408358746] [robot_1.robot_supervisor]: Selected controllable event: EV_search_object
[INFO] [1789488541.617408595] [robot_1.robot_supervisor]: Selected controllable event: EV_search_object
[INFO] [1789488541.803524750] [robot_1.robot_supervisor]: Selected controllable event: EV_search_object
[INFO] [1789488542.007674944] [robot_1.robot_supervisor]: Triggered uncontrollable event: EV_object_not_visible
[INFO] [1789488542.011890576] [robot_1.robot_supervisor]: Selected controllable event: EV_move_forward
[INFO] [1789488542.302224926] [robot_1.robot_supervisor]: Selected controllable event: EV_move_forward
[INFO] [1789488542.615101021] [robot_1.robot_supervisor]: Selected controllable event: EV_search_object
[INFO] [1789488542.792229057] [robot_1.robot_supervisor]: Triggered uncontrollable event: EV_object_not_visible
[INFO] [1789488542.793079905] [robot_1.robot_supervisor]: Selected controllable event: EV_search_object
[INFO] [1789488543.015656777] [robot_1.robot_supervisor]: Selected controllable event: EV_search_object
[INFO] [1789488543.220367745] [robot_1.robot_supervisor]: Selected controllable event: EV_search_object
[INFO] [1789488543.402047129] [robot_1.robot_supervisor]: Selected controllable event: EV_search_object
[INFO] [1789488543.620178938] [robot_1.robot_supervisor]: Triggered uncontrollable event: EV_object_not_visible
[INFO] [1789488543.622341416] [robot_1.robot_supervisor]: Selected controllable event: EV_search_object
[INFO] [1789488543.809551129] [robot_1.robot_supervisor]: Selected controllable event: EV_move_forward
[INFO] [1789488544.115507692] [robot_1.robot_supervisor]: Selected controllable event: EV_search_object
[INFO] [1789488544.308489552] [robot_1.robot_supervisor]: Triggered uncontrollable event: EV_obstacle_right
[INFO] [1789488544.309210357] [robot_1.robot_supervisor]: Triggered uncontrollable event: EV_object_not_visible
[INFO] [1789488544.315606555] [robot_1.robot_supervisor]: Selected controllable event: EV_u_turn
[INFO] [1789488544.322339859] [robot_1.robot_supervisor]: Starting FULL ROTATE (omega=1.000, have_odom=True, target_rad=3.142, timeout_s=3.500)
[INFO] [1789488547.886097216] [robot_1.robot_supervisor]: FULL ROTATE completed by timeout
[INFO] [1789488548.209398712] [robot_1.robot_supervisor]: Triggered uncontrollable event: EV_object_not_visible
[INFO] [1789488548.217165835] [robot_1.robot_supervisor]: Selected controllable event: EV_search_object
[INFO] [1789488548.412333647] [robot_1.robot_supervisor]: Selected controllable event: EV_move_forward
[INFO] [1789488548.699336355] [robot_1.robot_supervisor]: Selected controllable event: EV_move_forward
[INFO] [1789488548.998907847] [robot_1.robot_supervisor]: Triggered uncontrollable event: EV_object_not_visible
[INFO] [1789488549.011628485] [robot_1.robot_supervisor]: Selected controllable event: EV_search_object
[INFO] [1789488549.212842092] [robot_1.robot_supervisor]: Selected controllable event: EV_move_forward
[INFO] [1789488549.504787834] [robot_1.robot_supervisor]: Selected controllable event: EV_search_object
[INFO] [1789488549.709895421] [robot_1.robot_supervisor]: Selected controllable event: EV_search_object
[INFO] [1789488549.903571345] [robot_1.robot_supervisor]: Triggered uncontrollable event: EV_object_not_visible
[INFO] [1789488549.914928444] [robot_1.robot_supervisor]: Selected controllable event: EV_search_object
[INFO] [1789488550.110591142] [robot_1.robot_supervisor]: Selected controllable event: EV_search_object
[INFO] [1789488550.312512424] [robot_1.robot_supervisor]: Selected controllable event: EV_search_object
[INFO] [1789488550.487753844] [robot_1.robot_supervisor]: Triggered uncontrollable event: EV_obstacle_right
[INFO] [1789488550.488511683] [robot_1.robot_supervisor]: Triggered uncontrollable event: EV_object_not_visible
[INFO] [1789488550.507145859] [robot_1.robot_supervisor]: Selected controllable event: EV_u_turn
[INFO] [1789488550.508047089] [robot_1.robot_supervisor]: Starting FULL ROTATE (omega=1.000, have_odom=True, target_rad=3.142, timeout_s=3.500)
[INFO] [1789488554.028490032] [robot_1.robot_supervisor]: FULL ROTATE completed by timeout
[INFO] [1789488554.317798067] [robot_1.robot_supervisor]: ############################# VISIBLE: EV_object_visible #############################
[INFO] [1789488554.318710349] [robot_1.robot_supervisor]: Selected controllable event: EV_approach_object
[INFO] [1789488554.597423300] [robot_1.robot_supervisor]: ############################# VISIBLE: EV_object_visible #############################
[INFO] [1789488554.598412880] [robot_1.robot_supervisor]: Selected controllable event: EV_approach_object
[INFO] [1789488554.899715652] [robot_1.robot_supervisor]: Selected controllable event: EV_move_forward
[INFO] [1789488555.114354847] [robot_1.robot_supervisor]: Selected controllable event: EV_approach_object
[INFO] [1789488555.401842239] [robot_1.robot_supervisor]: ############################# VISIBLE: EV_object_visible #############################
[INFO] [1789488555.402786361] [robot_1.robot_supervisor]: Selected controllable event: EV_move_forward
[INFO] [1789488555.692653356] [robot_1.robot_supervisor]: Selected controllable event: EV_move_forward
[INFO] [1789488555.895984401] [robot_1.robot_supervisor]: Selected controllable event: EV_move_forward
[INFO] [1789488556.211657727] [robot_1.robot_supervisor]: ############################# VISIBLE: EV_object_visible #############################
[INFO] [1789488556.212564749] [robot_1.robot_supervisor]: Selected controllable event: EV_approach_object
[INFO] [1789488556.499603842] [robot_1.robot_supervisor]: Selected controllable event: EV_approach_object
[INFO] [1789488556.785484269] [robot_1.robot_supervisor]: ############################# VISIBLE: EV_object_visible #############################
[INFO] [1789488556.786380829] [robot_1.robot_supervisor]: Selected controllable event: EV_move_forward
[INFO] [1789488557.083968083] [robot_1.robot_supervisor]: Selected controllable event: EV_move_forward
[INFO] [1789488557.309412827] [robot_1.robot_supervisor]: Selected controllable event: EV_move_forward
[INFO] [1789488557.618883376] [robot_1.robot_supervisor]: ############################# VISIBLE: EV_object_visible #############################
[INFO] [1789488557.619864787] [robot_1.robot_supervisor]: Selected controllable event: EV_approach_object
[INFO] [1789488557.897910745] [robot_1.robot_supervisor]: Selected controllable event: EV_move_forward
[INFO] [1789488558.192176710] [robot_1.robot_supervisor]: Selected controllable event: EV_approach_object
[INFO] [1789488558.411682379] [robot_1.robot_supervisor]: Selected controllable event: EV_approach_object
[INFO] [1789488558.689728534] [robot_1.robot_supervisor]: ############################# VISIBLE: EV_object_visible #############################
[INFO] [1789488558.692910078] [robot_1.robot_supervisor]: Selected controllable event: EV_approach_object
[INFO] [1789488559.006591103] [robot_1.robot_supervisor]: Selected controllable event: EV_approach_object
[INFO] [1789488559.322720077] [robot_1.robot_supervisor]: Selected controllable event: EV_move_forward
[INFO] [1789488559.584883477] [robot_1.robot_supervisor]: ############################# VISIBLE: EV_object_visible #############################
[INFO] [1789488559.603142202] [robot_1.robot_supervisor]: Selected controllable event: EV_move_forward
[INFO] [1789488559.811060855] [robot_1.robot_supervisor]: Selected controllable event: EV_move_forward
[INFO] [1789488560.089383105] [robot_1.robot_supervisor]: Selected controllable event: EV_move_forward
[INFO] [1789488560.298717612] [robot_1.robot_supervisor]: ############################# VISIBLE: EV_object_visible #############################
[INFO] [1789488560.299605054] [robot_1.robot_supervisor]: Selected controllable event: EV_approach_object
[INFO] [1789488560.597112725] [robot_1.robot_supervisor]: Selected controllable event: EV_approach_object
[INFO] [1789488560.901210164] [robot_1.robot_supervisor]: Selected controllable event: EV_approach_object
[INFO] [1789488561.197325000] [robot_1.robot_supervisor]: ############################# VISIBLE: EV_object_visible #############################
[INFO] [1789488561.210227832] [robot_1.robot_supervisor]: Selected controllable event: EV_move_forward
[INFO] [1789488561.504910762] [robot_1.robot_supervisor]: Selected controllable event: EV_move_forward
[INFO] [1789488561.806046560] [robot_1.robot_supervisor]: ############################# VISIBLE: EV_object_visible #############################
[INFO] [1789488561.806897541] [robot_1.robot_supervisor]: Selected controllable event: EV_approach_object
[INFO] [1789488562.093511029] [robot_1.robot_supervisor]: Selected controllable event: EV_approach_object
[INFO] [1789488562.315619980] [robot_1.robot_supervisor]: Selected controllable event: EV_move_forward
[INFO] [1789488562.593972907] [robot_1.robot_supervisor]: ############################# VISIBLE: EV_object_visible #############################
[INFO] [1789488562.603710748] [robot_1.robot_supervisor]: Selected controllable event: EV_approach_object
[INFO] [1789488562.909548333] [robot_1.robot_supervisor]: Selected controllable event: EV_approach_object
[INFO] [1789488563.215098718] [robot_1.robot_supervisor]: Selected controllable event: EV_move_forward
[INFO] [1789488563.510257886] [robot_1.robot_supervisor]: ############################# REACHED: EV_object_reached #############################
[INFO] [1789488563.521176199] [robot_1.robot_supervisor]: Selected controllable event: EV_pick_up_object
[INFO] [1789488563.551498010] [robot_1.robot_supervisor]: Cargo 'robot_1_carried_generic_box' placed on robot.
[INFO] [1789488563.786063253] [robot_1.robot_supervisor]: Selected controllable event: EV_search_zone
[INFO] [1789488563.887390033] [robot_1.robot_supervisor]: Selected controllable event: EV_search_zone
[INFO] [1789488564.022723733] [robot_1.robot_supervisor]: Selected controllable event: EV_move_forward
[INFO] [1789488564.313922359] [robot_1.robot_supervisor]: Triggered uncontrollable event: EV_zone_a_not_visible
[INFO] [1789488564.314689988] [robot_1.robot_supervisor]: Triggered uncontrollable event: EV_zone_b_not_visible
[INFO] [1789488564.324091703] [robot_1.robot_supervisor]: Selected controllable event: EV_search_zone
[INFO] [1789488564.514618527] [robot_1.robot_supervisor]: Selected controllable event: EV_move_forward
[INFO] [1789488564.783799534] [robot_1.robot_supervisor]: Selected controllable event: EV_move_forward
[INFO] [1789488564.994135624] [robot_1.robot_supervisor]: Selected controllable event: EV_search_zone
[INFO] [1789488565.117150190] [robot_1.robot_supervisor]: Triggered uncontrollable event: EV_zone_a_not_visible
[INFO] [1789488565.120019480] [robot_1.robot_supervisor]: Selected controllable event: EV_search_zone
[INFO] [1789488565.306028869] [robot_1.robot_supervisor]: Triggered uncontrollable event: EV_zone_b_not_visible
[INFO] [1789488565.317350681] [robot_1.robot_supervisor]: Selected controllable event: EV_move_forward
[INFO] [1789488565.603904000] [robot_1.robot_supervisor]: Selected controllable event: EV_search_zone
[INFO] [1789488565.808089072] [robot_1.robot_supervisor]: Selected controllable event: EV_search_zone
[INFO] [1789488565.915716228] [robot_1.robot_supervisor]: Triggered uncontrollable event: EV_zone_a_not_visible
[INFO] [1789488565.916627561] [robot_1.robot_supervisor]: Selected controllable event: EV_search_zone
[INFO] [1789488566.100802497] [robot_1.robot_supervisor]: Triggered uncontrollable event: EV_zone_b_not_visible
[INFO] [1789488566.116367680] [robot_1.robot_supervisor]: Selected controllable event: EV_search_zone
[INFO] [1789488566.312904889] [robot_1.robot_supervisor]: Selected controllable event: EV_move_forward
[INFO] [1789488566.609464129] [robot_1.robot_supervisor]: Selected controllable event: EV_move_forward
[INFO] [1789488566.816140705] [robot_1.robot_supervisor]: Triggered uncontrollable event: EV_zone_a_not_visible
[INFO] [1789488566.816868121] [robot_1.robot_supervisor]: Triggered uncontrollable event: EV_zone_b_not_visible
[INFO] [1789488566.817805523] [robot_1.robot_supervisor]: Selected controllable event: EV_move_forward
[INFO] [1789488567.117057592] [robot_1.robot_supervisor]: Selected controllable event: EV_search_zone
[INFO] [1789488567.323113560] [robot_1.robot_supervisor]: Selected controllable event: EV_move_forward
[INFO] [1789488567.606714921] [robot_1.robot_supervisor]: Selected controllable event: EV_move_forward
[INFO] [1789488567.822996102] [robot_1.robot_supervisor]: Triggered uncontrollable event: EV_zone_a_not_visible
[INFO] [1789488567.823643391] [robot_1.robot_supervisor]: Triggered uncontrollable event: EV_zone_b_not_visible
[INFO] [1789488567.837839491] [robot_1.robot_supervisor]: Selected controllable event: EV_move_forward
[INFO] [1789488568.105225534] [robot_1.robot_supervisor]: Selected controllable event: EV_search_zone
[INFO] [1789488568.213060093] [robot_1.robot_supervisor]: Selected controllable event: EV_move_forward
[INFO] [1789488568.503185796] [robot_1.robot_supervisor]: Triggered uncontrollable event: EV_zone_a_not_visible
[INFO] [1789488568.515562669] [robot_1.robot_supervisor]: Triggered uncontrollable event: EV_zone_b_not_visible
[INFO] [1789488568.521812175] [robot_1.robot_supervisor]: Selected controllable event: EV_move_forward
[INFO] [1789488568.788897941] [robot_1.robot_supervisor]: Selected controllable event: EV_move_forward
[INFO] [1789488569.017900784] [robot_1.robot_supervisor]: Selected controllable event: EV_move_forward
[INFO] [1789488569.227689201] [robot_1.robot_supervisor]: Selected controllable event: EV_search_zone
[INFO] [1789488569.420571601] [robot_1.robot_supervisor]: Triggered uncontrollable event: EV_zone_a_not_visible
[INFO] [1789488569.421312775] [robot_1.robot_supervisor]: Triggered uncontrollable event: EV_zone_b_not_visible
[INFO] [1789488569.427515761] [robot_1.robot_supervisor]: Selected controllable event: EV_move_forward
[INFO] [1789488569.705296078] [robot_1.robot_supervisor]: Selected controllable event: EV_search_zone
[INFO] [1789488569.813377842] [robot_1.robot_supervisor]: Selected controllable event: EV_move_forward
[INFO] [1789488570.016947716] [robot_1.robot_supervisor]: Selected controllable event: EV_move_forward
[INFO] [1789488570.301502434] [robot_1.robot_supervisor]: Triggered uncontrollable event: EV_zone_a_not_visible
[INFO] [1789488570.302341305] [robot_1.robot_supervisor]: Triggered uncontrollable event: EV_zone_b_not_visible
[INFO] [1789488570.319818507] [robot_1.robot_supervisor]: Selected controllable event: EV_search_zone
[INFO] [1789488570.500980643] [robot_1.robot_supervisor]: Selected controllable event: EV_move_forward
[INFO] [1789488570.721654961] [robot_1.robot_supervisor]: Selected controllable event: EV_move_forward
[INFO] [1789488570.929940428] [robot_1.robot_supervisor]: Selected controllable event: EV_move_forward
[INFO] [1789488571.201096733] [robot_1.robot_supervisor]: Triggered uncontrollable event: EV_zone_a_not_visible
[INFO] [1789488571.201858608] [robot_1.robot_supervisor]: Triggered uncontrollable event: EV_zone_b_not_visible
[INFO] [1789488571.208135061] [robot_1.robot_supervisor]: Selected controllable event: EV_search_zone
[INFO] [1789488571.317012633] [robot_1.robot_supervisor]: Selected controllable event: EV_search_zone
[INFO] [1789488571.501808663] [robot_1.robot_supervisor]: Selected controllable event: EV_search_zone
[INFO] [1789488571.615954469] [robot_1.robot_supervisor]: Selected controllable event: EV_move_forward
[INFO] [1789488571.923845396] [robot_1.robot_supervisor]: Triggered uncontrollable event: EV_zone_a_not_visible
[INFO] [1789488571.924561242] [robot_1.robot_supervisor]: Triggered uncontrollable event: EV_zone_b_not_visible
[INFO] [1789488571.925368341] [robot_1.robot_supervisor]: Selected controllable event: EV_move_forward
[INFO] [1789488572.199997934] [robot_1.robot_supervisor]: Selected controllable event: EV_move_forward
[INFO] [1789488572.403062292] [robot_1.robot_supervisor]: Selected controllable event: EV_search_zone
[INFO] [1789488572.521535958] [robot_1.robot_supervisor]: Selected controllable event: EV_move_forward
[INFO] [1789488572.798808996] [robot_1.robot_supervisor]: Triggered uncontrollable event: EV_zone_a_not_visible
[INFO] [1789488572.799498215] [robot_1.robot_supervisor]: Triggered uncontrollable event: EV_zone_b_not_visible
[INFO] [1789488572.813780291] [robot_1.robot_supervisor]: Selected controllable event: EV_move_forward
[INFO] [1789488573.016956448] [robot_1.robot_supervisor]: Selected controllable event: EV_move_forward
[INFO] [1789488573.305125984] [robot_1.robot_supervisor]: Selected controllable event: EV_search_zone
[INFO] [1789488573.419700447] [robot_1.robot_supervisor]: Triggered uncontrollable event: EV_zone_a_not_visible
[INFO] [1789488573.420346580] [robot_1.robot_supervisor]: Triggered uncontrollable event: EV_zone_b_not_visible
[INFO] [1789488573.435021157] [robot_1.robot_supervisor]: Selected controllable event: EV_search_zone
[INFO] [1789488573.619454093] [robot_1.robot_supervisor]: Selected controllable event: EV_search_zone
[INFO] [1789488573.793016443] [robot_1.robot_supervisor]: Selected controllable event: EV_search_zone
[INFO] [1789488573.917037132] [robot_1.robot_supervisor]: Selected controllable event: EV_search_zone
[INFO] [1789488574.095125863] [robot_1.robot_supervisor]: Triggered uncontrollable event: EV_zone_a_not_visible
[INFO] [1789488574.099048345] [robot_1.robot_supervisor]: Selected controllable event: EV_search_zone
[INFO] [1789488574.314911885] [robot_1.robot_supervisor]: Triggered uncontrollable event: EV_zone_b_not_visible
[INFO] [1789488574.322970455] [robot_1.robot_supervisor]: Selected controllable event: EV_move_forward
[INFO] [1789488574.617082487] [robot_1.robot_supervisor]: Selected controllable event: EV_search_zone
[INFO] [1789488574.797417671] [robot_1.robot_supervisor]: Selected controllable event: EV_search_zone
[INFO] [1789488574.929143075] [robot_1.robot_supervisor]: Selected controllable event: EV_search_zone
[INFO] [1789488575.115020671] [robot_1.robot_supervisor]: Triggered uncontrollable event: EV_zone_a_not_visible
[INFO] [1789488575.115678836] [robot_1.robot_supervisor]: Triggered uncontrollable event: EV_zone_b_not_visible
[INFO] [1789488575.116575519] [robot_1.robot_supervisor]: Selected controllable event: EV_move_forward
[INFO] [1789488575.409355939] [robot_1.robot_supervisor]: Selected controllable event: EV_move_forward
[INFO] [1789488575.710683024] [robot_1.robot_supervisor]: Triggered uncontrollable event: EV_zone_a_not_visible
[INFO] [1789488575.717337921] [robot_1.robot_supervisor]: Selected controllable event: EV_move_forward
[INFO] [1789488576.023219146] [robot_1.robot_supervisor]: Triggered uncontrollable event: EV_zone_b_not_visible
[INFO] [1789488576.024302983] [robot_1.robot_supervisor]: Selected controllable event: EV_search_zone
[INFO] [1789488576.210736613] [robot_1.robot_supervisor]: Selected controllable event: EV_search_zone
[INFO] [1789488576.431326951] [robot_1.robot_supervisor]: Selected controllable event: EV_search_zone
[INFO] [1789488576.604963369] [robot_1.robot_supervisor]: Selected controllable event: EV_search_zone
[INFO] [1789488576.822179340] [robot_1.robot_supervisor]: Triggered uncontrollable event: EV_zone_a_not_visible
[INFO] [1789488576.828653707] [robot_1.robot_supervisor]: Triggered uncontrollable event: EV_zone_b_not_visible
[INFO] [1789488576.833016741] [robot_1.robot_supervisor]: Selected controllable event: EV_move_forward
[INFO] [1789488577.099026680] [robot_1.robot_supervisor]: Selected controllable event: EV_move_forward
[INFO] [1789488577.307444918] [robot_1.robot_supervisor]: Selected controllable event: EV_search_zone
[INFO] [1789488577.521306653] [robot_1.robot_supervisor]: Triggered uncontrollable event: EV_zone_a_not_visible
[INFO] [1789488577.522348135] [robot_1.robot_supervisor]: Selected controllable event: EV_search_zone
[INFO] [1789488577.697177469] [robot_1.robot_supervisor]: Triggered uncontrollable event: EV_zone_b_not_visible
[INFO] [1789488577.712931822] [robot_1.robot_supervisor]: Selected controllable event: EV_move_forward
[INFO] [1789488578.008003530] [robot_1.robot_supervisor]: Selected controllable event: EV_move_forward
[INFO] [1789488578.216340012] [robot_1.robot_supervisor]: Triggered uncontrollable event: EV_obstacle_left
[INFO] [1789488578.217378768] [robot_1.robot_supervisor]: Selected controllable event: EV_u_turn
[INFO] [1789488578.235908873] [robot_1.robot_supervisor]: Starting FULL ROTATE (omega=1.000, have_odom=True, target_rad=3.142, timeout_s=3.500)
[INFO] [1789488581.726581482] [robot_1.robot_supervisor]: FULL ROTATE completed by timeout
[INFO] [1789488581.998922790] [robot_1.robot_supervisor]: Triggered uncontrollable event: EV_zone_a_not_visible
[INFO] [1789488581.999682167] [robot_1.robot_supervisor]: Triggered uncontrollable event: EV_obstacle_right
[INFO] [1789488582.011646537] [robot_1.robot_supervisor]: Triggered uncontrollable event: EV_zone_b_not_visible
[INFO] [1789488582.012643999] [robot_1.robot_supervisor]: Selected controllable event: EV_u_turn
[INFO] [1789488582.110107793] [robot_1.robot_supervisor]: Triggered uncontrollable event: EV_obstacle_right
[INFO] [1789488582.111070819] [robot_1.robot_supervisor]: Selected controllable event: EV_rotate_counterclockwise
[WARN] [1789488582.125528707] [robot_1.robot_supervisor]: no translation for 4.4s livelock detected; starting atomic escape (turn_sign=+1)
[INFO] [1789488584.602515756] [robot_1.robot_supervisor]: Zone-livelock escape completed
[INFO] [1789488584.813270110] [robot_1.robot_supervisor]: Triggered uncontrollable event: EV_zone_a_not_visible
[INFO] [1789488584.814092048] [robot_1.robot_supervisor]: Triggered uncontrollable event: EV_zone_b_not_visible
[INFO] [1789488584.830627040] [robot_1.robot_supervisor]: Selected controllable event: EV_move_forward
[INFO] [1789488585.145222949] [robot_1.robot_supervisor]: Selected controllable event: EV_search_zone
[INFO] [1789488585.307245987] [robot_1.robot_supervisor]: Triggered uncontrollable event: EV_zone_a_not_visible
[INFO] [1789488585.308230842] [robot_1.robot_supervisor]: Selected controllable event: EV_move_forward
[INFO] [1789488585.604694341] [robot_1.robot_supervisor]: Triggered uncontrollable event: EV_zone_b_not_visible
[INFO] [1789488585.612763356] [robot_1.robot_supervisor]: Selected controllable event: EV_search_zone
[INFO] [1789488585.797293673] [robot_1.robot_supervisor]: Selected controllable event: EV_move_forward
[INFO] [1789488586.110452126] [robot_1.robot_supervisor]: Selected controllable event: EV_search_zone
[INFO] [1789488586.284461908] [robot_1.robot_supervisor]: Triggered uncontrollable event: EV_zone_a_not_visible
[INFO] [1789488586.300426616] [robot_1.robot_supervisor]: Triggered uncontrollable event: EV_zone_b_not_visible
[INFO] [1789488586.301137485] [robot_1.robot_supervisor]: Selected controllable event: EV_search_zone
[INFO] [1789488586.520630116] [robot_1.robot_supervisor]: Selected controllable event: EV_search_zone
[INFO] [1789488586.713937986] [robot_1.robot_supervisor]: Selected controllable event: EV_move_forward
[INFO] [1789488586.988121799] [robot_1.robot_supervisor]: Selected controllable event: EV_move_forward
[INFO] [1789488587.196451819] [robot_1.robot_supervisor]: Triggered uncontrollable event: EV_zone_a_not_visible
[INFO] [1789488587.197129378] [robot_1.robot_supervisor]: Triggered uncontrollable event: EV_zone_b_not_visible
[INFO] [1789488587.198133872] [robot_1.robot_supervisor]: Selected controllable event: EV_search_zone
[INFO] [1789488587.303928487] [robot_1.robot_supervisor]: Selected controllable event: EV_move_forward
[INFO] [1789488587.525162429] [robot_1.robot_supervisor]: Selected controllable event: EV_move_forward
[INFO] [1789488587.797800285] [robot_1.robot_supervisor]: Selected controllable event: EV_search_zone
[INFO] [1789488588.001498365] [robot_1.robot_supervisor]: Triggered uncontrollable event: EV_zone_a_not_visible
[INFO] [1789488588.002255156] [robot_1.robot_supervisor]: Triggered uncontrollable event: EV_zone_b_not_visible
[INFO] [1789488588.019474930] [robot_1.robot_supervisor]: Selected controllable event: EV_move_forward
[INFO] [1789488588.305204823] [robot_1.robot_supervisor]: Selected controllable event: EV_search_zone
[INFO] [1789488588.500188206] [robot_1.robot_supervisor]: Selected controllable event: EV_search_zone
[INFO] [1789488588.698129513] [robot_1.robot_supervisor]: Triggered uncontrollable event: EV_zone_a_not_visible
[INFO] [1789488588.699009471] [robot_1.robot_supervisor]: Selected controllable event: EV_search_zone
[INFO] [1789488588.811669008] [robot_1.robot_supervisor]: Triggered uncontrollable event: EV_zone_b_not_visible
[INFO] [1789488588.813392932] [robot_1.robot_supervisor]: Selected controllable event: EV_search_zone
[INFO] [1789488589.002003168] [robot_1.robot_supervisor]: Selected controllable event: EV_move_forward
[INFO] [1789488589.218984502] [robot_1.robot_supervisor]: Selected controllable event: EV_search_zone
[INFO] [1789488589.414464977] [robot_1.robot_supervisor]: Selected controllable event: EV_move_forward
[INFO] [1789488589.711332667] [robot_1.robot_supervisor]: Triggered uncontrollable event: EV_zone_a_not_visible
[INFO] [1789488589.719825620] [robot_1.robot_supervisor]: Triggered uncontrollable event: EV_zone_b_not_visible
[INFO] [1789488589.722881436] [robot_1.robot_supervisor]: Selected controllable event: EV_search_zone
[INFO] [1789488589.896797586] [robot_1.robot_supervisor]: Selected controllable event: EV_search_zone
[INFO] [1789488590.027391395] [robot_1.robot_supervisor]: Selected controllable event: EV_move_forward
[INFO] [1789488590.297741269] [robot_1.robot_supervisor]: Selected controllable event: EV_move_forward
[INFO] [1789488590.591501213] [robot_1.robot_supervisor]: Triggered uncontrollable event: EV_zone_a_not_visible
[INFO] [1789488590.597394191] [robot_1.robot_supervisor]: Triggered uncontrollable event: EV_zone_b_not_visible
[INFO] [1789488590.610654378] [robot_1.robot_supervisor]: Selected controllable event: EV_search_zone
[INFO] [1789488590.815638659] [robot_1.robot_supervisor]: Selected controllable event: EV_search_zone
[INFO] [1789488591.009357159] [robot_1.robot_supervisor]: Selected controllable event: EV_search_zone
[INFO] [1789488591.223283858] [robot_1.robot_supervisor]: Selected controllable event: EV_search_zone
[INFO] [1789488591.401078050] [robot_1.robot_supervisor]: Triggered uncontrollable event: EV_zone_a_not_visible
[INFO] [1789488591.409597367] [robot_1.robot_supervisor]: Selected controllable event: EV_move_forward
[INFO] [1789488591.715761578] [robot_1.robot_supervisor]: Triggered uncontrollable event: EV_zone_b_not_visible
[INFO] [1789488591.724273679] [robot_1.robot_supervisor]: Selected controllable event: EV_move_forward
[INFO] [1789488592.031904656] [robot_1.robot_supervisor]: Selected controllable event: EV_search_zone
[INFO] [1789488592.200145123] [robot_1.robot_supervisor]: Selected controllable event: EV_search_zone
[INFO] [1789488592.304527194] [robot_1.robot_supervisor]: Selected controllable event: EV_move_forward
[INFO] [1789488592.519069734] [robot_1.robot_supervisor]: Triggered uncontrollable event: EV_zone_a_not_visible
[INFO] [1789488592.526128729] [robot_1.robot_supervisor]: Triggered uncontrollable event: EV_zone_b_not_visible
[INFO] [1789488592.529148894] [robot_1.robot_supervisor]: Selected controllable event: EV_search_zone
[INFO] [1789488592.709298708] [robot_1.robot_supervisor]: Selected controllable event: EV_move_forward
[INFO] [1789488592.923457295] [robot_1.robot_supervisor]: Selected controllable event: EV_move_forward
[INFO] [1789488593.218511199] [robot_1.robot_supervisor]: Selected controllable event: EV_search_zone
[INFO] [1789488593.409506234] [robot_1.robot_supervisor]: Triggered uncontrollable event: EV_zone_a_not_visible
[INFO] [1789488593.410271728] [robot_1.robot_supervisor]: Triggered uncontrollable event: EV_obstacle_right
[INFO] [1789488593.418628076] [robot_1.robot_supervisor]: Triggered uncontrollable event: EV_zone_b_not_visible
[INFO] [1789488593.427031390] [robot_1.robot_supervisor]: Selected controllable event: EV_u_turn
[INFO] [1789488593.437762207] [robot_1.robot_supervisor]: Starting FULL ROTATE (omega=1.000, have_odom=True, target_rad=3.142, timeout_s=3.500)
[INFO] [1789488597.021898546] [robot_1.robot_supervisor]: FULL ROTATE completed by timeout
[INFO] [1789488597.296769507] [robot_1.robot_supervisor]: Triggered uncontrollable event: EV_zone_a_not_visible
[INFO] [1789488597.311548434] [robot_1.robot_supervisor]: Triggered uncontrollable event: EV_zone_b_not_visible
[INFO] [1789488597.312547965] [robot_1.robot_supervisor]: Selected controllable event: EV_search_zone
[INFO] [1789488597.499992886] [robot_1.robot_supervisor]: Selected controllable event: EV_move_forward
[INFO] [1789488597.833123693] [robot_1.robot_supervisor]: Selected controllable event: EV_search_zone
[INFO] [1789488598.000735663] [robot_1.robot_supervisor]: Triggered uncontrollable event: EV_zone_a_not_visible
[INFO] [1789488598.015225082] [robot_1.robot_supervisor]: Selected controllable event: EV_search_zone
[INFO] [1789488598.208831842] [robot_1.robot_supervisor]: Triggered uncontrollable event: EV_zone_b_not_visible
[INFO] [1789488598.215901610] [robot_1.robot_supervisor]: Selected controllable event: EV_move_forward
[INFO] [1789488598.522533624] [robot_1.robot_supervisor]: Selected controllable event: EV_move_forward
[INFO] [1789488598.801239132] [robot_1.robot_supervisor]: Selected controllable event: EV_search_zone
[INFO] [1789488599.003385095] [robot_1.robot_supervisor]: Triggered uncontrollable event: EV_zone_a_not_visible
[INFO] [1789488599.015848849] [robot_1.robot_supervisor]: Triggered uncontrollable event: EV_zone_b_not_visible
[INFO] [1789488599.016938491] [robot_1.robot_supervisor]: Selected controllable event: EV_move_forward
[INFO] [1789488599.306566199] [robot_1.robot_supervisor]: Selected controllable event: EV_search_zone
[INFO] [1789488599.509843093] [robot_1.robot_supervisor]: Selected controllable event: EV_move_forward
[INFO] [1789488599.817068441] [robot_1.robot_supervisor]: Triggered uncontrollable event: EV_zone_a_not_visible
[INFO] [1789488599.833193198] [robot_1.robot_supervisor]: Selected controllable event: EV_move_forward
[INFO] [1789488600.128684230] [robot_1.robot_supervisor]: Triggered uncontrollable event: EV_zone_b_not_visible
[INFO] [1789488600.134523793] [robot_1.robot_supervisor]: Selected controllable event: EV_search_zone
[INFO] [1789488600.311704229] [robot_1.robot_supervisor]: Selected controllable event: EV_move_forward
[INFO] [1789488600.591180177] [robot_1.robot_supervisor]: Selected controllable event: EV_move_forward
[INFO] [1789488600.815596477] [robot_1.robot_supervisor]: Selected controllable event: EV_search_zone
[INFO] [1789488601.011541075] [robot_1.robot_supervisor]: Triggered uncontrollable event: EV_zone_a_not_visible
[INFO] [1789488601.012296159] [robot_1.robot_supervisor]: Triggered uncontrollable event: EV_zone_b_not_visible
[INFO] [1789488601.013177619] [robot_1.robot_supervisor]: Selected controllable event: EV_search_zone
[INFO] [1789488601.193909482] [robot_1.robot_supervisor]: Selected controllable event: EV_search_zone
[INFO] [1789488601.297014061] [robot_1.robot_supervisor]: Selected controllable event: EV_search_zone
[INFO] [1789488601.504755514] [robot_1.robot_supervisor]: Selected controllable event: EV_search_zone
[INFO] [1789488601.620259866] [robot_1.robot_supervisor]: Selected controllable event: EV_move_forward
[INFO] [1789488601.911277968] [robot_1.robot_supervisor]: Triggered uncontrollable event: EV_zone_a_not_visible
[INFO] [1789488601.925667499] [robot_1.robot_supervisor]: Triggered uncontrollable event: EV_zone_b_not_visible
[INFO] [1789488601.926746444] [robot_1.robot_supervisor]: Selected controllable event: EV_search_zone
[INFO] [1789488602.086508224] [robot_1.robot_supervisor]: Selected controllable event: EV_search_zone
[INFO] [1789488602.316916947] [robot_1.robot_supervisor]: Selected controllable event: EV_move_forward
[INFO] [1789488602.525279269] [robot_1.robot_supervisor]: Selected controllable event: EV_move_forward
[INFO] [1789488602.817029065] [robot_1.robot_supervisor]: Triggered uncontrollable event: EV_zone_a_not_visible
[INFO] [1789488602.817859210] [robot_1.robot_supervisor]: Triggered uncontrollable event: EV_zone_b_not_visible
[INFO] [1789488602.818728861] [robot_1.robot_supervisor]: Selected controllable event: EV_search_zone
[INFO] [1789488603.019086261] [robot_1.robot_supervisor]: Selected controllable event: EV_search_zone
[INFO] [1789488603.207171823] [robot_1.robot_supervisor]: Selected controllable event: EV_search_zone
[INFO] [1789488603.310259246] [robot_1.robot_supervisor]: Selected controllable event: EV_move_forward
[INFO] [1789488603.598172468] [robot_1.robot_supervisor]: Triggered uncontrollable event: EV_zone_a_not_visible
[INFO] [1789488603.610679135] [robot_1.robot_supervisor]: Selected controllable event: EV_move_forward
[INFO] [1789488603.914218021] [robot_1.robot_supervisor]: Triggered uncontrollable event: EV_zone_b_not_visible
[INFO] [1789488603.927541490] [robot_1.robot_supervisor]: Selected controllable event: EV_move_forward
[INFO] [1789488604.207173376] [robot_1.robot_supervisor]: Selected controllable event: EV_move_forward
[INFO] [1789488604.490281674] [robot_1.robot_supervisor]: Triggered uncontrollable event: EV_zone_a_not_visible
[INFO] [1789488604.491024363] [robot_1.robot_supervisor]: Triggered uncontrollable event: EV_zone_b_not_visible
[INFO] [1789488604.511581570] [robot_1.robot_supervisor]: Selected controllable event: EV_move_forward
[INFO] [1789488604.810596556] [robot_1.robot_supervisor]: Selected controllable event: EV_search_zone
[INFO] [1789488605.004359612] [robot_1.robot_supervisor]: Selected controllable event: EV_move_forward
[INFO] [1789488605.225483544] [robot_1.robot_supervisor]: Selected controllable event: EV_search_zone
[INFO] [1789488605.389160136] [robot_1.robot_supervisor]: Triggered uncontrollable event: EV_zone_a_not_visible
[INFO] [1789488605.397092815] [robot_1.robot_supervisor]: Triggered uncontrollable event: EV_zone_b_not_visible
[INFO] [1789488605.407046193] [robot_1.robot_supervisor]: Selected controllable event: EV_move_forward
[INFO] [1789488605.722467093] [robot_1.robot_supervisor]: Selected controllable event: EV_search_zone
[INFO] [1789488605.919489611] [robot_1.robot_supervisor]: Selected controllable event: EV_search_zone
[INFO] [1789488606.112972062] [robot_1.robot_supervisor]: Triggered uncontrollable event: EV_zone_a_not_visible
[INFO] [1789488606.127427555] [robot_1.robot_supervisor]: Triggered uncontrollable event: EV_obstacle_right
[INFO] [1789488606.128404512] [robot_1.robot_supervisor]: Selected controllable event: EV_u_turn
[INFO] [1789488606.129231815] [robot_1.robot_supervisor]: Starting FULL ROTATE (omega=1.000, have_odom=True, target_rad=3.142, timeout_s=3.500)
[INFO] [1789488609.700929745] [robot_1.robot_supervisor]: FULL ROTATE completed by timeout
[INFO] [1789488609.985843892] [robot_1.robot_supervisor]: Triggered uncontrollable event: EV_zone_a_not_visible
[INFO] [1789488610.010045939] [robot_1.robot_supervisor]: Triggered uncontrollable event: EV_zone_b_not_visible
[INFO] [1789488610.010988426] [robot_1.robot_supervisor]: Selected controllable event: EV_move_forward
[INFO] [1789488610.290414520] [robot_1.robot_supervisor]: Triggered uncontrollable event: EV_zone_a_not_visible
[INFO] [1789488610.309087635] [robot_1.robot_supervisor]: Selected controllable event: EV_search_zone
[INFO] [1789488610.499953266] [robot_1.robot_supervisor]: Triggered uncontrollable event: EV_zone_b_not_visible
[INFO] [1789488610.500830849] [robot_1.robot_supervisor]: Selected controllable event: EV_move_forward
[INFO] [1789488610.798140712] [robot_1.robot_supervisor]: Selected controllable event: EV_move_forward
[INFO] [1789488611.124437544] [robot_1.robot_supervisor]: Selected controllable event: EV_move_forward
[INFO] [1789488611.413201313] [robot_1.robot_supervisor]: Triggered uncontrollable event: EV_zone_a_not_visible
[INFO] [1789488611.416292276] [robot_1.robot_supervisor]: Triggered uncontrollable event: EV_zone_b_not_visible
[INFO] [1789488611.433618690] [robot_1.robot_supervisor]: Selected controllable event: EV_move_forward
[INFO] [1789488611.684350127] [robot_1.robot_supervisor]: Selected controllable event: EV_move_forward
[INFO] [1789488611.903232196] [robot_1.robot_supervisor]: Selected controllable event: EV_search_zone
[INFO] [1789488612.117480489] [robot_1.robot_supervisor]: Triggered uncontrollable event: EV_zone_a_not_visible
[INFO] [1789488612.134234439] [robot_1.robot_supervisor]: Selected controllable event: EV_move_forward
[INFO] [1789488612.408911531] [robot_1.robot_supervisor]: Triggered uncontrollable event: EV_zone_b_not_visible
[INFO] [1789488612.422041392] [robot_1.robot_supervisor]: Selected controllable event: EV_search_zone
[INFO] [1789488612.598792426] [robot_1.robot_supervisor]: Selected controllable event: EV_move_forward
[INFO] [1789488612.805644709] [robot_1.robot_supervisor]: Selected controllable event: EV_search_zone
[INFO] [1789488613.012405735] [robot_1.robot_supervisor]: Triggered uncontrollable event: EV_zone_a_not_visible
[INFO] [1789488613.014561271] [robot_1.robot_supervisor]: Selected controllable event: EV_move_forward
[INFO] [1789488613.318680053] [robot_1.robot_supervisor]: Triggered uncontrollable event: EV_zone_b_not_visible
[INFO] [1789488613.321766580] [robot_1.robot_supervisor]: Selected controllable event: EV_search_zone
[INFO] [1789488613.491287914] [robot_1.robot_supervisor]: Selected controllable event: EV_search_zone
[INFO] [1789488613.617345381] [robot_1.robot_supervisor]: Selected controllable event: EV_move_forward
[INFO] [1789488613.883121916] [robot_1.robot_supervisor]: Triggered uncontrollable event: EV_zone_a_not_visible
[INFO] [1789488613.896689758] [robot_1.robot_supervisor]: Triggered uncontrollable event: EV_zone_b_not_visible
[INFO] [1789488613.897617436] [robot_1.robot_supervisor]: Selected controllable event: EV_search_zone
[INFO] [1789488614.089961956] [robot_1.robot_supervisor]: Selected controllable event: EV_search_zone
[INFO] [1789488614.284347315] [robot_1.robot_supervisor]: Selected controllable event: EV_move_forward
[INFO] [1789488614.507767846] [robot_1.robot_supervisor]: Triggered uncontrollable event: EV_zone_a_not_visible
[INFO] [1789488614.508709679] [robot_1.robot_supervisor]: Triggered uncontrollable event: EV_zone_b_not_visible
[INFO] [1789488614.517169302] [robot_1.robot_supervisor]: Selected controllable event: EV_search_zone
[INFO] [1789488614.709625741] [robot_1.robot_supervisor]: Selected controllable event: EV_move_forward
[INFO] [1789488615.011667332] [robot_1.robot_supervisor]: Selected controllable event: EV_move_forward
[INFO] [1789488615.286144272] [robot_1.robot_supervisor]: Triggered uncontrollable event: EV_zone_a_not_visible
[INFO] [1789488615.302665953] [robot_1.robot_supervisor]: Selected controllable event: EV_search_zone
[INFO] [1789488615.495530207] [robot_1.robot_supervisor]: Triggered uncontrollable event: EV_zone_b_not_visible
[INFO] [1789488615.508776207] [robot_1.robot_supervisor]: Selected controllable event: EV_move_forward
[INFO] [1789488615.821946439] [robot_1.robot_supervisor]: Selected controllable event: EV_move_forward
[INFO] [1789488616.097061719] [robot_1.robot_supervisor]: Selected controllable event: EV_search_zone
[INFO] [1789488616.309328142] [robot_1.robot_supervisor]: Triggered uncontrollable event: EV_zone_a_not_visible
[INFO] [1789488616.315370562] [robot_1.robot_supervisor]: Triggered uncontrollable event: EV_zone_b_not_visible
[INFO] [1789488616.320613441] [robot_1.robot_supervisor]: Selected controllable event: EV_move_forward
[INFO] [1789488616.622413925] [robot_1.robot_supervisor]: Selected controllable event: EV_search_zone
[INFO] [1789488616.798531224] [robot_1.robot_supervisor]: Selected controllable event: EV_search_zone
[INFO] [1789488616.984056714] [robot_1.robot_supervisor]: Selected controllable event: EV_search_zone
[INFO] [1789488617.121983872] [robot_1.robot_supervisor]: Triggered uncontrollable event: EV_zone_a_not_visible
[INFO] [1789488617.130432277] [robot_1.robot_supervisor]: Triggered uncontrollable event: EV_zone_b_not_visible
[INFO] [1789488617.131303659] [robot_1.robot_supervisor]: Selected controllable event: EV_search_zone
[INFO] [1789488617.286235194] [robot_1.robot_supervisor]: Selected controllable event: EV_move_forward
[INFO] [1789488617.506341854] [robot_1.robot_supervisor]: Selected controllable event: EV_search_zone
[INFO] [1789488617.697307166] [robot_1.robot_supervisor]: Triggered uncontrollable event: EV_zone_a_not_visible
[INFO] [1789488617.705075310] [robot_1.robot_supervisor]: Triggered uncontrollable event: EV_zone_b_not_visible
[INFO] [1789488617.710762966] [robot_1.robot_supervisor]: Selected controllable event: EV_move_forward
[INFO] [1789488617.991590576] [robot_1.robot_supervisor]: Selected controllable event: EV_search_zone
[INFO] [1789488618.214042290] [robot_1.robot_supervisor]: Selected controllable event: EV_move_forward
[INFO] [1789488618.510591983] [robot_1.robot_supervisor]: Triggered uncontrollable event: EV_zone_a_not_visible
[INFO] [1789488618.511323550] [robot_1.robot_supervisor]: Triggered uncontrollable event: EV_zone_b_not_visible
[INFO] [1789488618.530612833] [robot_1.robot_supervisor]: Selected controllable event: EV_move_forward
[INFO] [1789488618.794337909] [robot_1.robot_supervisor]: Selected controllable event: EV_move_forward
[INFO] [1789488619.016295573] [robot_1.robot_supervisor]: Selected controllable event: EV_move_forward
[INFO] [1789488619.308228132] [robot_1.robot_supervisor]: Triggered uncontrollable event: EV_zone_a_not_visible
[INFO] [1789488619.309020576] [robot_1.robot_supervisor]: Triggered uncontrollable event: EV_zone_b_not_visible
[INFO] [1789488619.328088693] [robot_1.robot_supervisor]: Selected controllable event: EV_move_forward
[INFO] [1789488619.615916458] [robot_1.robot_supervisor]: Selected controllable event: EV_move_forward
[INFO] [1789488619.894974907] [robot_1.robot_supervisor]: Selected controllable event: EV_move_forward
[INFO] [1789488620.214953448] [robot_1.robot_supervisor]: Triggered uncontrollable event: EV_zone_a_not_visible
[INFO] [1789488620.215781863] [robot_1.robot_supervisor]: Triggered uncontrollable event: EV_obstacle_left
[INFO] [1789488620.216557345] [robot_1.robot_supervisor]: Triggered uncontrollable event: EV_zone_b_not_visible
[INFO] [1789488620.236838327] [robot_1.robot_supervisor]: Selected controllable event: EV_u_turn
[INFO] [1789488620.237801244] [robot_1.robot_supervisor]: Starting FULL ROTATE (omega=1.000, have_odom=True, target_rad=3.142, timeout_s=3.500)
[INFO] [1789488623.803859210] [robot_1.robot_supervisor]: FULL ROTATE completed by timeout
[INFO] [1789488624.024161215] [robot_1.robot_supervisor]: Triggered uncontrollable event: EV_zone_a_not_visible
[INFO] [1789488624.035221763] [robot_1.robot_supervisor]: Triggered uncontrollable event: EV_obstacle_right
[INFO] [1789488624.042196047] [robot_1.robot_supervisor]: Triggered uncontrollable event: EV_zone_b_not_visible
[INFO] [1789488624.043168443] [robot_1.robot_supervisor]: Selected controllable event: EV_u_turn
[INFO] [1789488624.117889353] [robot_1.robot_supervisor]: Triggered uncontrollable event: EV_obstacle_right
[INFO] [1789488624.126844235] [robot_1.robot_supervisor]: Selected controllable event: EV_u_turn
[INFO] [1789488624.193040488] [robot_1.robot_supervisor]: Triggered uncontrollable event: EV_obstacle_right
[INFO] [1789488624.229233111] [robot_1.robot_supervisor]: Selected controllable event: EV_rotate_counterclockwise
[INFO] [1789488624.404063633] [robot_1.robot_supervisor]: Triggered uncontrollable event: EV_obstacle_right
[INFO] [1789488624.414082561] [robot_1.robot_supervisor]: Selected controllable event: EV_rotate_counterclockwise
[INFO] [1789488624.620463412] [robot_1.robot_supervisor]: Triggered uncontrollable event: EV_zone_a_not_visible
[INFO] [1789488624.628490002] [robot_1.robot_supervisor]: Triggered uncontrollable event: EV_obstacle_right
[INFO] [1789488624.636996119] [robot_1.robot_supervisor]: Triggered uncontrollable event: EV_zone_b_not_visible
[INFO] [1789488624.639281365] [robot_1.robot_supervisor]: Selected controllable event: EV_u_turn
[INFO] [1789488624.713514053] [robot_1.robot_supervisor]: Triggered uncontrollable event: EV_obstacle_right
[INFO] [1789488624.714408615] [robot_1.robot_supervisor]: Selected controllable event: EV_u_turn
[INFO] [1789488624.813754887] [robot_1.robot_supervisor]: Triggered uncontrollable event: EV_obstacle_right
[INFO] [1789488624.824732560] [robot_1.robot_supervisor]: Selected controllable event: EV_rotate_counterclockwise
[INFO] [1789488625.012576710] [robot_1.robot_supervisor]: Triggered uncontrollable event: EV_obstacle_right
[INFO] [1789488625.018342767] [robot_1.robot_supervisor]: Selected controllable event: EV_u_turn
[INFO] [1789488625.118394676] [robot_1.robot_supervisor]: Triggered uncontrollable event: EV_obstacle_right
[INFO] [1789488625.119572536] [robot_1.robot_supervisor]: Selected controllable event: EV_rotate_counterclockwise
[INFO] [1789488625.328396280] [robot_1.robot_supervisor]: Triggered uncontrollable event: EV_obstacle_right
[INFO] [1789488625.329341191] [robot_1.robot_supervisor]: Selected controllable event: EV_u_turn
[INFO] [1789488625.403497647] [robot_1.robot_supervisor]: Selected controllable event: EV_move_forward
[INFO] [1789488625.710682173] [robot_1.robot_supervisor]: Triggered uncontrollable event: EV_zone_a_not_visible
[INFO] [1789488625.711514504] [robot_1.robot_supervisor]: Triggered uncontrollable event: EV_zone_b_not_visible
[INFO] [1789488625.712545358] [robot_1.robot_supervisor]: Selected controllable event: EV_move_forward
[INFO] [1789488626.005684387] [robot_1.robot_supervisor]: Selected controllable event: EV_search_zone
[INFO] [1789488626.110286997] [robot_1.robot_supervisor]: Selected controllable event: EV_move_forward
[INFO] [1789488626.316558453] [robot_1.robot_supervisor]: Selected controllable event: EV_move_forward
[INFO] [1789488626.592723963] [robot_1.robot_supervisor]: Triggered uncontrollable event: EV_zone_a_not_visible
[INFO] [1789488626.614831195] [robot_1.robot_supervisor]: Triggered uncontrollable event: EV_zone_b_not_visible
[INFO] [1789488626.620674154] [robot_1.robot_supervisor]: Selected controllable event: EV_search_zone
[INFO] [1789488626.733459338] [robot_1.robot_supervisor]: RECEIVED zone_a; balance=equal
[INFO] [1789488626.810867819] [robot_1.robot_supervisor]: Triggered uncontrollable event: EV_received_delivered_zone_a
[INFO] [1789488626.811840528] [robot_1.robot_supervisor]: Selected controllable event: EV_move_forward
[INFO] [1789488627.113191163] [robot_1.robot_supervisor]: Selected controllable event: EV_move_forward
[INFO] [1789488627.396429611] [robot_1.robot_supervisor]: Triggered uncontrollable event: EV_zone_a_not_visible
[INFO] [1789488627.397321598] [robot_1.robot_supervisor]: Triggered uncontrollable event: EV_zone_b_not_visible
[INFO] [1789488627.408934381] [robot_1.robot_supervisor]: Selected controllable event: EV_move_forward
[INFO] [1789488627.695397392] [robot_1.robot_supervisor]: Selected controllable event: EV_search_zone
[INFO] [1789488627.915132678] [robot_1.robot_supervisor]: Selected controllable event: EV_search_zone
[INFO] [1789488628.095972294] [robot_1.robot_supervisor]: Triggered uncontrollable event: EV_zone_a_not_visible
[INFO] [1789488628.104714277] [robot_1.robot_supervisor]: Triggered uncontrollable event: EV_zone_b_not_visible
[INFO] [1789488628.117769662] [robot_1.robot_supervisor]: Selected controllable event: EV_search_zone
[INFO] [1789488628.303162811] [robot_1.robot_supervisor]: Selected controllable event: EV_search_zone
[INFO] [1789488628.406714364] [robot_1.robot_supervisor]: Selected controllable event: EV_move_forward
[INFO] [1789488628.730944682] [robot_1.robot_supervisor]: Selected controllable event: EV_search_zone
[INFO] [1789488628.892754086] [robot_1.robot_supervisor]: Triggered uncontrollable event: EV_zone_a_not_visible
[INFO] [1789488628.912711566] [robot_1.robot_supervisor]: Triggered uncontrollable event: EV_zone_b_not_visible
[INFO] [1789488628.913549010] [robot_1.robot_supervisor]: Selected controllable event: EV_move_forward
[INFO] [1789488629.192154618] [robot_1.robot_supervisor]: Selected controllable event: EV_move_forward
[INFO] [1789488629.511403199] [robot_1.robot_supervisor]: Selected controllable event: EV_search_zone
[INFO] [1789488629.712207831] [robot_1.robot_supervisor]: Triggered uncontrollable event: EV_zone_a_not_visible
[INFO] [1789488629.712977637] [robot_1.robot_supervisor]: Triggered uncontrollable event: EV_zone_b_not_visible
[INFO] [1789488629.713887740] [robot_1.robot_supervisor]: Selected controllable event: EV_move_forward
[INFO] [1789488629.994679072] [robot_1.robot_supervisor]: Selected controllable event: EV_move_forward
[INFO] [1789488630.207979019] [robot_1.robot_supervisor]: Selected controllable event: EV_move_forward
[INFO] [1789488630.495824968] [robot_1.robot_supervisor]: Triggered uncontrollable event: EV_zone_a_not_visible
[INFO] [1789488630.497915856] [robot_1.robot_supervisor]: Triggered uncontrollable event: EV_zone_b_not_visible
[INFO] [1789488630.500784302] [robot_1.robot_supervisor]: Selected controllable event: EV_move_forward
[INFO] [1789488630.804744150] [robot_1.robot_supervisor]: Selected controllable event: EV_move_forward
[INFO] [1789488631.099591543] [robot_1.robot_supervisor]: Selected controllable event: EV_move_forward
[INFO] [1789488631.307748946] [robot_1.robot_supervisor]: Triggered uncontrollable event: EV_zone_a_not_visible
[INFO] [1789488631.313183936] [robot_1.robot_supervisor]: Triggered uncontrollable event: EV_obstacle_left
[INFO] [1789488631.322470076] [robot_1.robot_supervisor]: Selected controllable event: EV_rotate_clockwise
[INFO] [1789488631.504352306] [robot_1.robot_supervisor]: Triggered uncontrollable event: EV_obstacle_left
[INFO] [1789488631.507418045] [robot_1.robot_supervisor]: Triggered uncontrollable event: EV_zone_b_not_visible
[INFO] [1789488631.519415038] [robot_1.robot_supervisor]: Selected controllable event: EV_u_turn
[INFO] [1789488631.526039059] [robot_1.robot_supervisor]: Starting FULL ROTATE (omega=1.000, have_odom=True, target_rad=3.142, timeout_s=3.500)
[INFO] [1789488635.120649809] [robot_1.robot_supervisor]: FULL ROTATE completed by timeout
[INFO] [1789488635.414962196] [robot_1.robot_supervisor]: Triggered uncontrollable event: EV_zone_a_visible
[INFO] [1789488635.415714977] [robot_1.robot_supervisor]: Triggered uncontrollable event: EV_zone_b_not_visible
[INFO] [1789488635.416621444] [robot_1.robot_supervisor]: Selected controllable event: EV_approach_zone
[INFO] [1789488635.705478629] [robot_1.robot_supervisor]: Selected controllable event: EV_approach_zone
[INFO] [1789488635.907676703] [robot_1.robot_supervisor]: Selected controllable event: EV_move_forward
[INFO] [1789488636.119037383] [robot_1.robot_supervisor]: Selected controllable event: EV_approach_zone
[INFO] [1789488636.393570607] [robot_1.robot_supervisor]: Triggered uncontrollable event: EV_zone_a_visible
[INFO] [1789488636.398394673] [robot_1.robot_supervisor]: Triggered uncontrollable event: EV_zone_b_visible
[INFO] [1789488636.403490195] [robot_1.robot_supervisor]: Selected controllable event: EV_move_forward
[INFO] [1789488636.693760541] [robot_1.robot_supervisor]: Selected controllable event: EV_approach_zone
[INFO] [1789488636.997820321] [robot_1.robot_supervisor]: Triggered uncontrollable event: EV_zone_a_visible
[INFO] [1789488637.007823457] [robot_1.robot_supervisor]: Selected controllable event: EV_approach_zone
[INFO] [1789488637.293678940] [robot_1.robot_supervisor]: Triggered uncontrollable event: EV_zone_b_visible
[INFO] [1789488637.313727039] [robot_1.robot_supervisor]: Selected controllable event: EV_approach_zone
[INFO] [1789488637.599194145] [robot_1.robot_supervisor]: Selected controllable event: EV_move_forward
[INFO] [1789488637.887698979] [robot_1.robot_supervisor]: Triggered uncontrollable event: EV_zone_a_visible
[INFO] [1789488637.897913751] [robot_1.robot_supervisor]: Triggered uncontrollable event: EV_zone_b_visible
[INFO] [1789488637.908186425] [robot_1.robot_supervisor]: Selected controllable event: EV_move_forward
[INFO] [1789488638.211449956] [robot_1.robot_supervisor]: Selected controllable event: EV_approach_zone
[INFO] [1789488638.499174214] [robot_1.robot_supervisor]: Triggered uncontrollable event: EV_zone_a_visible
[INFO] [1789488638.508024507] [robot_1.robot_supervisor]: Triggered uncontrollable event: EV_zone_b_visible
[INFO] [1789488638.508836981] [robot_1.robot_supervisor]: Selected controllable event: EV_move_forward
[INFO] [1789488638.802842397] [robot_1.robot_supervisor]: Selected controllable event: EV_move_forward
[INFO] [1789488639.110137945] [robot_1.robot_supervisor]: Selected controllable event: EV_move_forward
[INFO] [1789488639.390911137] [robot_1.robot_supervisor]: Triggered uncontrollable event: EV_zone_a_visible
[INFO] [1789488639.396996574] [robot_1.robot_supervisor]: Triggered uncontrollable event: EV_zone_b_visible
[INFO] [1789488639.405484501] [robot_1.robot_supervisor]: Selected controllable event: EV_approach_zone
[INFO] [1789488639.705662511] [robot_1.robot_supervisor]: Selected controllable event: EV_move_forward
[INFO] [1789488640.000738019] [robot_1.robot_supervisor]: Triggered uncontrollable event: EV_zone_a_visible
[INFO] [1789488640.001330806] [robot_1.robot_supervisor]: Triggered uncontrollable event: EV_zone_b_visible
[INFO] [1789488640.007492193] [robot_1.robot_supervisor]: Selected controllable event: EV_approach_zone
[INFO] [1789488640.295025828] [robot_1.robot_supervisor]: Selected controllable event: EV_approach_zone
[INFO] [1789488640.501792413] [robot_1.robot_supervisor]: Triggered uncontrollable event: EV_zone_a_visible
[INFO] [1789488640.502411640] [robot_1.robot_supervisor]: Triggered uncontrollable event: EV_zone_b_visible
[INFO] [1789488640.518449171] [robot_1.robot_supervisor]: Selected controllable event: EV_approach_zone
[INFO] [1789488640.798928580] [robot_1.robot_supervisor]: Selected controllable event: EV_move_forward
[INFO] [1789488641.100331871] [robot_1.robot_supervisor]: Triggered uncontrollable event: EV_zone_a_visible
[INFO] [1789488641.101103269] [robot_1.robot_supervisor]: Selected controllable event: EV_move_forward
[INFO] [1789488641.308930832] [robot_1.robot_supervisor]: Triggered uncontrollable event: EV_zone_b_visible
[INFO] [1789488641.318053665] [robot_1.robot_supervisor]: Selected controllable event: EV_move_forward
[INFO] [1789488641.598549036] [robot_1.robot_supervisor]: Selected controllable event: EV_approach_zone
[INFO] [1789488641.807010259] [robot_1.robot_supervisor]: Triggered uncontrollable event: EV_zone_a_visible
[INFO] [1789488641.807615898] [robot_1.robot_supervisor]: Triggered uncontrollable event: EV_zone_b_visible
[INFO] [1789488641.816020017] [robot_1.robot_supervisor]: Selected controllable event: EV_approach_zone
[INFO] [1789488642.102990668] [robot_1.robot_supervisor]: Selected controllable event: EV_move_forward
[INFO] [1789488642.392888894] [robot_1.robot_supervisor]: Selected controllable event: EV_move_forward
[INFO] [1789488642.613497700] [robot_1.robot_supervisor]: Triggered uncontrollable event: EV_zone_a_visible
[INFO] [1789488642.620895993] [robot_1.robot_supervisor]: Selected controllable event: EV_approach_zone
[INFO] [1789488642.895580589] [robot_1.robot_supervisor]: Triggered uncontrollable event: EV_zone_b_visible
[INFO] [1789488642.896377076] [robot_1.robot_supervisor]: Selected controllable event: EV_move_forward
[INFO] [1789488643.199806694] [robot_1.robot_supervisor]: Selected controllable event: EV_move_forward
[INFO] [1789488643.499735109] [robot_1.robot_supervisor]: Triggered uncontrollable event: EV_zone_a_visible
[INFO] [1789488643.509622536] [robot_1.robot_supervisor]: Triggered uncontrollable event: EV_zone_b_visible
[INFO] [1789488643.516123012] [robot_1.robot_supervisor]: Selected controllable event: EV_approach_zone
[INFO] [1789488643.810659653] [robot_1.robot_supervisor]: Selected controllable event: EV_move_forward
[INFO] [1789488644.034153840] [robot_1.robot_supervisor]: Selected controllable event: EV_move_forward
[INFO] [1789488644.307912751] [robot_1.robot_supervisor]: Triggered uncontrollable event: EV_zone_a_visible
[INFO] [1789488644.310986097] [robot_1.robot_supervisor]: Triggered uncontrollable event: EV_zone_b_visible
[INFO] [1789488644.318737536] [robot_1.robot_supervisor]: Selected controllable event: EV_move_forward
[INFO] [1789488644.605902112] [robot_1.robot_supervisor]: Selected controllable event: EV_move_forward
[INFO] [1789488644.902527329] [robot_1.robot_supervisor]: Selected controllable event: EV_move_forward
[INFO] [1789488645.185725227] [robot_1.robot_supervisor]: Triggered uncontrollable event: EV_zone_a_visible
[INFO] [1789488645.196869884] [robot_1.robot_supervisor]: Triggered uncontrollable event: EV_zone_b_visible
[INFO] [1789488645.197909814] [robot_1.robot_supervisor]: Selected controllable event: EV_move_forward
[INFO] [1789488645.485736612] [robot_1.robot_supervisor]: Selected controllable event: EV_approach_zone
[INFO] [1789488645.788669308] [robot_1.robot_supervisor]: Triggered uncontrollable event: EV_zone_a_visible
[INFO] [1789488645.801643895] [robot_1.robot_supervisor]: Triggered uncontrollable event: EV_zone_b_visible
[INFO] [1789488645.802582883] [robot_1.robot_supervisor]: Selected controllable event: EV_move_forward
[INFO] [1789488646.103246059] [robot_1.robot_supervisor]: Selected controllable event: EV_approach_zone
[INFO] [1789488646.324655917] [robot_1.robot_supervisor]: Selected controllable event: EV_approach_zone
[INFO] [1789488646.595434368] [robot_1.robot_supervisor]: Selected controllable event: EV_move_forward
[INFO] [1789488646.804056366] [robot_1.robot_supervisor]: Triggered uncontrollable event: EV_zone_a_visible
[INFO] [1789488646.805966651] [robot_1.robot_supervisor]: Triggered uncontrollable event: EV_zone_b_visible
[INFO] [1789488646.812831575] [robot_1.robot_supervisor]: Selected controllable event: EV_approach_zone
[INFO] [1789488647.107186562] [robot_1.robot_supervisor]: Selected controllable event: EV_move_forward
[INFO] [1789488647.402686059] [robot_1.robot_supervisor]: Triggered uncontrollable event: EV_zone_a_visible
[INFO] [1789488647.403758537] [robot_1.robot_supervisor]: Selected controllable event: EV_approach_zone
[INFO] [1789488647.712589323] [robot_1.robot_supervisor]: Triggered uncontrollable event: EV_zone_b_visible
[INFO] [1789488647.724483538] [robot_1.robot_supervisor]: Selected controllable event: EV_approach_zone
[INFO] [1789488647.989635925] [robot_1.robot_supervisor]: Selected controllable event: EV_move_forward
[INFO] [1789488648.293292907] [robot_1.robot_supervisor]: Triggered uncontrollable event: EV_zone_a_visible
[INFO] [1789488648.309283881] [robot_1.robot_supervisor]: Selected controllable event: EV_approach_zone
[INFO] [1789488648.608345071] [robot_1.robot_supervisor]: Triggered uncontrollable event: EV_zone_b_visible
[INFO] [1789488648.618239345] [robot_1.robot_supervisor]: Selected controllable event: EV_move_forward
[INFO] [1789488648.905587636] [robot_1.robot_supervisor]: Selected controllable event: EV_approach_zone
[INFO] [1789488649.190770332] [robot_1.robot_supervisor]: Triggered uncontrollable event: EV_zone_a_visible
[INFO] [1789488649.208276791] [robot_1.robot_supervisor]: Selected controllable event: EV_move_forward
[INFO] [1789488649.498570393] [robot_1.robot_supervisor]: Triggered uncontrollable event: EV_zone_b_visible
[INFO] [1789488649.514175696] [robot_1.robot_supervisor]: Selected controllable event: EV_move_forward
[INFO] [1789488649.811327039] [robot_1.robot_supervisor]: Selected controllable event: EV_approach_zone
[INFO] [1789488650.098515315] [robot_1.robot_supervisor]: Triggered uncontrollable event: EV_zone_a_visible
[INFO] [1789488650.104567610] [robot_1.robot_supervisor]: Triggered uncontrollable event: EV_zone_b_visible
[INFO] [1789488650.110332596] [robot_1.robot_supervisor]: Selected controllable event: EV_approach_zone
[INFO] [1789488650.134182065] [robot_1.robot_supervisor]: RECEIVED zone_b; balance=zone_b_has_extra
[INFO] [1789488650.413918934] [robot_1.robot_supervisor]: Triggered uncontrollable event: EV_received_delivered_zone_b
[INFO] [1789488650.423588968] [robot_1.robot_supervisor]: Selected controllable event: EV_approach_zone
[INFO] [1789488650.692603949] [robot_1.robot_supervisor]: Selected controllable event: EV_approach_zone
[INFO] [1789488650.913112842] [robot_1.robot_supervisor]: Triggered uncontrollable event: EV_zone_a_visible
[INFO] [1789488650.917498660] [robot_1.robot_supervisor]: Selected controllable event: EV_move_forward
[INFO] [1789488651.200617358] [robot_1.robot_supervisor]: Triggered uncontrollable event: EV_zone_b_visible
[INFO] [1789488651.201547685] [robot_1.robot_supervisor]: Selected controllable event: EV_move_forward
[INFO] [1789488651.406761845] [robot_1.robot_supervisor]: Selected controllable event: EV_approach_zone
[INFO] [1789488651.620918395] [robot_1.robot_supervisor]: Triggered uncontrollable event: EV_zone_a_visible
[INFO] [1789488651.621737837] [robot_1.robot_supervisor]: Selected controllable event: EV_approach_zone
[INFO] [1789488651.897401419] [robot_1.robot_supervisor]: Triggered uncontrollable event: EV_zone_b_visible
[INFO] [1789488651.902726038] [robot_1.robot_supervisor]: Selected controllable event: EV_approach_zone
[INFO] [1789488652.202086755] [robot_1.robot_supervisor]: Selected controllable event: EV_move_forward
[INFO] [1789488652.511914828] [robot_1.robot_supervisor]: Triggered uncontrollable event: EV_zone_a_visible
[INFO] [1789488652.512672687] [robot_1.robot_supervisor]: Triggered uncontrollable event: EV_zone_b_visible
[INFO] [1789488652.513652822] [robot_1.robot_supervisor]: Selected controllable event: EV_move_forward
[INFO] [1789488652.805367888] [robot_1.robot_supervisor]: Selected controllable event: EV_move_forward
[INFO] [1789488653.020459790] [robot_1.robot_supervisor]: Selected controllable event: EV_move_forward
[INFO] [1789488653.304476824] [robot_1.robot_supervisor]: Triggered uncontrollable event: EV_zone_a_visible
[INFO] [1789488653.316866128] [robot_1.robot_supervisor]: Selected controllable event: EV_move_forward
[INFO] [1789488653.608029427] [robot_1.robot_supervisor]: Triggered uncontrollable event: EV_zone_b_visible
[INFO] [1789488653.609033702] [robot_1.robot_supervisor]: Selected controllable event: EV_approach_zone
[INFO] [1789488653.905067804] [robot_1.robot_supervisor]: Selected controllable event: EV_move_forward
[INFO] [1789488654.206596843] [robot_1.robot_supervisor]: Triggered uncontrollable event: EV_zone_a_visible
[INFO] [1789488654.207386885] [robot_1.robot_supervisor]: Triggered uncontrollable event: EV_zone_b_visible
[INFO] [1789488654.208168684] [robot_1.robot_supervisor]: Selected controllable event: EV_move_forward
[INFO] [1789488654.520869561] [robot_1.robot_supervisor]: Selected controllable event: EV_approach_zone
[INFO] [1789488654.789139758] [robot_1.robot_supervisor]: Triggered uncontrollable event: EV_zone_a_visible
[INFO] [1789488654.789763523] [robot_1.robot_supervisor]: Triggered uncontrollable event: EV_zone_b_visible
[INFO] [1789488654.808606254] [robot_1.robot_supervisor]: Selected controllable event: EV_approach_zone
[INFO] [1789488655.089790660] [robot_1.robot_supervisor]: Selected controllable event: EV_move_forward
[INFO] [1789488655.300458859] [robot_1.robot_supervisor]: Selected controllable event: EV_move_forward
[INFO] [1789488655.505024550] [robot_1.robot_supervisor]: Triggered uncontrollable event: EV_zone_a_visible
[INFO] [1789488655.527787190] [robot_1.robot_supervisor]: Triggered uncontrollable event: EV_zone_b_visible
[INFO] [1789488655.528729178] [robot_1.robot_supervisor]: Selected controllable event: EV_move_forward
[INFO] [1789488655.789535197] [robot_1.robot_supervisor]: Selected controllable event: EV_approach_zone
[INFO] [1789488656.011755935] [robot_1.robot_supervisor]: Selected controllable event: EV_move_forward
[INFO] [1789488656.311240947] [robot_1.robot_supervisor]: Triggered uncontrollable event: EV_zone_b_visible
[INFO] [1789488656.317642648] [robot_1.robot_supervisor]: Triggered uncontrollable event: EV_zone_a_not_visible
[INFO] [1789488656.323544662] [robot_1.robot_supervisor]: Selected controllable event: EV_move_forward
[INFO] [1789488656.600139392] [robot_1.robot_supervisor]: Selected controllable event: EV_approach_zone
[INFO] [1789488656.815967169] [robot_1.robot_supervisor]: Selected controllable event: EV_approach_zone
[INFO] [1789488657.090465136] [robot_1.robot_supervisor]: Triggered uncontrollable event: EV_zone_b_visible
[INFO] [1789488657.096349804] [robot_1.robot_supervisor]: Triggered uncontrollable event: EV_zone_a_not_visible
[INFO] [1789488657.104354087] [robot_1.robot_supervisor]: Selected controllable event: EV_move_forward
[INFO] [1789488657.401463023] [robot_1.robot_supervisor]: Selected controllable event: EV_approach_zone
[INFO] [1789488657.704187521] [robot_1.robot_supervisor]: Selected controllable event: EV_approach_zone
[INFO] [1789488658.005966678] [robot_1.robot_supervisor]: Triggered uncontrollable event: EV_zone_a_not_visible
[INFO] [1789488658.006718496] [robot_1.robot_supervisor]: Selected controllable event: EV_move_forward
[INFO] [1789488658.320398416] [robot_1.robot_supervisor]: Triggered uncontrollable event: EV_zone_b_visible
[INFO] [1789488658.321254830] [robot_1.robot_supervisor]: Selected controllable event: EV_approach_zone
[INFO] [1789488658.611364611] [robot_1.robot_supervisor]: Selected controllable event: EV_move_forward
[INFO] [1789488658.908790946] [robot_1.robot_supervisor]: Triggered uncontrollable event: EV_zone_b_visible
[INFO] [1789488658.909320335] [robot_1.robot_supervisor]: Triggered uncontrollable event: EV_zone_a_not_visible
[INFO] [1789488658.910097388] [robot_1.robot_supervisor]: Selected controllable event: EV_move_forward
[INFO] [1789488659.188015939] [robot_1.robot_supervisor]: Selected controllable event: EV_approach_zone
[INFO] [1789488659.402160751] [robot_1.robot_supervisor]: Selected controllable event: EV_move_forward
[INFO] [1789488659.684312893] [robot_1.robot_supervisor]: Triggered uncontrollable event: EV_zone_b_visible
[INFO] [1789488659.684950766] [robot_1.robot_supervisor]: Triggered uncontrollable event: EV_zone_a_not_visible
[INFO] [1789488659.701957212] [robot_1.robot_supervisor]: Selected controllable event: EV_approach_zone
[INFO] [1789488659.988310562] [robot_1.robot_supervisor]: Selected controllable event: EV_move_forward
[INFO] [1789488660.211959566] [robot_1.robot_supervisor]: Triggered uncontrollable event: EV_zone_a_not_visible
[INFO] [1789488660.212786838] [robot_1.robot_supervisor]: Selected controllable event: EV_approach_zone
[INFO] [1789488660.493469403] [robot_1.robot_supervisor]: Triggered uncontrollable event: EV_zone_b_visible
[INFO] [1789488660.494371966] [robot_1.robot_supervisor]: Selected controllable event: EV_approach_zone
[INFO] [1789488660.808344097] [robot_1.robot_supervisor]: Selected controllable event: EV_approach_zone
[INFO] [1789488661.016129253] [robot_1.robot_supervisor]: Triggered uncontrollable event: EV_zone_b_visible
[INFO] [1789488661.016735957] [robot_1.robot_supervisor]: Triggered uncontrollable event: EV_zone_a_not_visible
[INFO] [1789488661.032870476] [robot_1.robot_supervisor]: Selected controllable event: EV_move_forward
[INFO] [1789488661.312339167] [robot_1.robot_supervisor]: Selected controllable event: EV_move_forward
[INFO] [1789488661.525281606] [robot_1.robot_supervisor]: Selected controllable event: EV_move_forward
[INFO] [1789488661.814151201] [robot_1.robot_supervisor]: Triggered uncontrollable event: EV_zone_b_visible
[INFO] [1789488661.814839137] [robot_1.robot_supervisor]: Triggered uncontrollable event: EV_zone_a_not_visible
[INFO] [1789488661.815645064] [robot_1.robot_supervisor]: Selected controllable event: EV_move_forward
[INFO] [1789488662.087461931] [robot_1.robot_supervisor]: Selected controllable event: EV_approach_zone
[INFO] [1789488662.292524676] [robot_1.robot_supervisor]: Selected controllable event: EV_approach_zone
[INFO] [1789488662.499514841] [robot_1.robot_supervisor]: Triggered uncontrollable event: EV_zone_b_visible
[INFO] [1789488662.509627228] [robot_1.robot_supervisor]: Triggered uncontrollable event: EV_zone_a_not_visible
[INFO] [1789488662.510602816] [robot_1.robot_supervisor]: Selected controllable event: EV_approach_zone
[INFO] [1789488662.804924913] [robot_1.robot_supervisor]: Selected controllable event: EV_approach_zone
[INFO] [1789488663.094326148] [robot_1.robot_supervisor]: Triggered uncontrollable event: EV_zone_b_visible
[INFO] [1789488663.097371898] [robot_1.robot_supervisor]: Triggered uncontrollable event: EV_zone_a_not_visible
[INFO] [1789488663.100403557] [robot_1.robot_supervisor]: Selected controllable event: EV_approach_zone
[INFO] [1789488663.312587986] [robot_1.robot_supervisor]: Selected controllable event: EV_approach_zone
[INFO] [1789488663.602087504] [robot_1.robot_supervisor]: Selected controllable event: EV_move_forward
[INFO] [1789488663.895487153] [robot_1.robot_supervisor]: Selected controllable event: EV_move_forward
[INFO] [1789488664.213572630] [robot_1.robot_supervisor]: Triggered uncontrollable event: EV_zone_a_not_visible
[INFO] [1789488664.214291174] [robot_1.robot_supervisor]: Triggered uncontrollable event: EV_zone_b_reached
[INFO] [1789488664.230169538] [robot_1.robot_supervisor]: Selected controllable event: EV_move_forward
[INFO] [1789488664.508717782] [robot_1.robot_supervisor]: Selected controllable event: EV_search_zone
[INFO] [1789488664.702002731] [robot_1.robot_supervisor]: Selected controllable event: EV_move_forward
[INFO] [1789488664.916411537] [robot_1.robot_supervisor]: Triggered uncontrollable event: EV_zone_a_not_visible
[INFO] [1789488664.918122217] [robot_1.robot_supervisor]: Triggered uncontrollable event: EV_zone_b_reached
[INFO] [1789488664.920098197] [robot_1.robot_supervisor]: Selected controllable event: EV_move_forward
[INFO] [1789488665.196973895] [robot_1.robot_supervisor]: Selected controllable event: EV_move_forward
[INFO] [1789488665.514413738] [robot_1.robot_supervisor]: Triggered uncontrollable event: EV_zone_a_not_visible
[INFO] [1789488665.518505476] [robot_1.robot_supervisor]: Triggered uncontrollable event: EV_obstacle_front
[INFO] [1789488665.521720582] [robot_1.robot_supervisor]: Selected controllable event: EV_rotate_clockwise
[INFO] [1789488665.712037595] [robot_1.robot_supervisor]: Triggered uncontrollable event: EV_zone_b_reached
[INFO] [1789488665.712702349] [robot_1.robot_supervisor]: Triggered uncontrollable event: EV_obstacle_front
[INFO] [1789488665.715585989] [robot_1.robot_supervisor]: Selected controllable event: EV_rotate_clockwise
[INFO] [1789488665.888314128] [robot_1.robot_supervisor]: Triggered uncontrollable event: EV_obstacle_front
[INFO] [1789488665.907430684] [robot_1.robot_supervisor]: Selected controllable event: EV_u_turn
[INFO] [1789488665.908227677] [robot_1.robot_supervisor]: Starting FULL ROTATE (omega=1.000, have_odom=True, target_rad=3.142, timeout_s=3.500)
[INFO] [1789488669.507998835] [robot_1.robot_supervisor]: FULL ROTATE completed by timeout
[INFO] [1789488669.794496301] [robot_1.robot_supervisor]: Triggered uncontrollable event: EV_zone_a_not_visible
[INFO] [1789488669.798846677] [robot_1.robot_supervisor]: Triggered uncontrollable event: EV_zone_b_reached
[INFO] [1789488669.802471338] [robot_1.robot_supervisor]: Selected controllable event: EV_search_zone
[INFO] [1789488669.993389881] [robot_1.robot_supervisor]: Triggered uncontrollable event: EV_zone_b_reached
[INFO] [1789488669.996411972] [robot_1.robot_supervisor]: Selected controllable event: EV_move_forward
[INFO] [1789488670.289474479] [robot_1.robot_supervisor]: Selected controllable event: EV_search_zone
[INFO] [1789488670.499238682] [robot_1.robot_supervisor]: Triggered uncontrollable event: EV_zone_a_not_visible
[INFO] [1789488670.500070117] [robot_1.robot_supervisor]: Selected controllable event: EV_search_zone
[INFO] [1789488670.707747282] [robot_1.robot_supervisor]: Triggered uncontrollable event: EV_zone_b_reached
[INFO] [1789488670.720150746] [robot_1.robot_supervisor]: Selected controllable event: EV_move_forward
[INFO] [1789488671.016878298] [robot_1.robot_supervisor]: Selected controllable event: EV_search_zone
[INFO] [1789488671.120197402] [robot_1.robot_supervisor]: Selected controllable event: EV_move_forward
[INFO] [1789488671.393198929] [robot_1.robot_supervisor]: Triggered uncontrollable event: EV_zone_a_not_visible
[INFO] [1789488671.399011277] [robot_1.robot_supervisor]: Triggered uncontrollable event: EV_zone_b_reached
[INFO] [1789488671.401130671] [robot_1.robot_supervisor]: Selected controllable event: EV_search_zone
[INFO] [1789488671.599128360] [robot_1.robot_supervisor]: Selected controllable event: EV_move_forward
[INFO] [1789488671.890051270] [robot_1.robot_supervisor]: Selected controllable event: EV_search_zone
[INFO] [1789488672.115786015] [robot_1.robot_supervisor]: Triggered uncontrollable event: EV_zone_a_not_visible
[INFO] [1789488672.116513118] [robot_1.robot_supervisor]: Triggered uncontrollable event: EV_zone_b_reached
[INFO] [1789488672.117293555] [robot_1.robot_supervisor]: Selected controllable event: EV_search_zone
[INFO] [1789488672.303681501] [robot_1.robot_supervisor]: Selected controllable event: EV_search_zone
[INFO] [1789488672.518624685] [robot_1.robot_supervisor]: Selected controllable event: EV_search_zone
[INFO] [1789488672.699098998] [robot_1.robot_supervisor]: Selected controllable event: EV_search_zone
[INFO] [1789488672.907216469] [robot_1.robot_supervisor]: Triggered uncontrollable event: EV_zone_a_not_visible
[INFO] [1789488672.907867989] [robot_1.robot_supervisor]: Triggered uncontrollable event: EV_zone_b_reached
[INFO] [1789488672.908623012] [robot_1.robot_supervisor]: Selected controllable event: EV_move_forward
[INFO] [1789488673.187893022] [robot_1.robot_supervisor]: Selected controllable event: EV_move_forward
[INFO] [1789488673.396160606] [robot_1.robot_supervisor]: Triggered uncontrollable event: EV_zone_a_not_visible
[INFO] [1789488673.410141955] [robot_1.robot_supervisor]: Selected controllable event: EV_search_zone
[INFO] [1789488673.598882782] [robot_1.robot_supervisor]: Triggered uncontrollable event: EV_zone_b_reached
[INFO] [1789488673.599721270] [robot_1.robot_supervisor]: Selected controllable event: EV_search_zone
[INFO] [1789488673.704248457] [robot_1.robot_supervisor]: Selected controllable event: EV_move_forward
[INFO] [1789488674.005668367] [robot_1.robot_supervisor]: Selected controllable event: EV_move_forward
[INFO] [1789488674.296983408] [robot_1.robot_supervisor]: Triggered uncontrollable event: EV_zone_a_not_visible
[INFO] [1789488674.306926559] [robot_1.robot_supervisor]: Triggered uncontrollable event: EV_zone_b_reached
[INFO] [1789488674.311002996] [robot_1.robot_supervisor]: Triggered uncontrollable event: EV_obstacle_left
[INFO] [1789488674.315073119] [robot_1.robot_supervisor]: Selected controllable event: EV_u_turn
[INFO] [1789488674.320285242] [robot_1.robot_supervisor]: Starting FULL ROTATE (omega=1.000, have_odom=True, target_rad=3.142, timeout_s=3.500)
[INFO] [1789488677.914782641] [robot_1.robot_supervisor]: FULL ROTATE completed by timeout
[INFO] [1789488678.206483285] [robot_1.robot_supervisor]: Triggered uncontrollable event: EV_zone_a_not_visible
[INFO] [1789488678.209489297] [robot_1.robot_supervisor]: Triggered uncontrollable event: EV_obstacle_right
[INFO] [1789488678.214035141] [robot_1.robot_supervisor]: Triggered uncontrollable event: EV_zone_b_reached
[INFO] [1789488678.223838681] [robot_1.robot_supervisor]: Selected controllable event: EV_u_turn
[INFO] [1789488678.297542087] [robot_1.robot_supervisor]: Triggered uncontrollable event: EV_obstacle_right
[INFO] [1789488678.318098703] [robot_1.robot_supervisor]: Selected controllable event: EV_u_turn
[INFO] [1789488678.402025949] [robot_1.robot_supervisor]: Triggered uncontrollable event: EV_obstacle_right
[INFO] [1789488678.420639138] [robot_1.robot_supervisor]: Selected controllable event: EV_rotate_counterclockwise
[INFO] [1789488678.617115890] [robot_1.robot_supervisor]: Triggered uncontrollable event: EV_zone_a_not_visible
[INFO] [1789488678.621159651] [robot_1.robot_supervisor]: Triggered uncontrollable event: EV_zone_b_reached
[INFO] [1789488678.634774243] [robot_1.robot_supervisor]: Selected controllable event: EV_move_forward
[INFO] [1789488678.894939806] [robot_1.robot_supervisor]: Selected controllable event: EV_move_forward
[INFO] [1789488679.118617179] [robot_1.robot_supervisor]: Selected controllable event: EV_search_zone
[INFO] [1789488679.308052614] [robot_1.robot_supervisor]: Selected controllable event: EV_search_zone
[INFO] [1789488679.434433207] [robot_1.robot_supervisor]: Selected controllable event: EV_move_forward
