[INFO] [1789488504.014295905] [robot_0.robot_supervisor]: Loaded initial mission 'balanced_delivery' from explicit YAML supervisor.yaml
[INFO] [1789488504.187641422] [robot_0.robot_supervisor]: Selected controllable event: EV_move_forward
[INFO] [1789488504.482656675] [robot_0.robot_supervisor]: Selected controllable event: EV_move_forward
[INFO] [1789488504.688948941] [robot_0.robot_supervisor]: Selected controllable event: EV_search_object
[INFO] [1789488504.900532892] [robot_0.robot_supervisor]: Selected controllable event: EV_move_forward
[INFO] [1789488505.202605667] [robot_0.robot_supervisor]: Selected controllable event: EV_search_object
[INFO] [1789488505.389261273] [robot_0.robot_supervisor]: Selected controllable event: EV_move_forward
[INFO] [1789488505.692880090] [robot_0.robot_supervisor]: Selected controllable event: EV_move_forward
[INFO] [1789488505.992372683] [robot_0.robot_supervisor]: Selected controllable event: EV_move_forward
[INFO] [1789488506.272376871] [robot_0.robot_supervisor]: Selected controllable event: EV_search_object
[INFO] [1789488506.473117368] [robot_0.robot_supervisor]: Selected controllable event: EV_move_forward
[INFO] [1789488506.773823427] [robot_0.robot_supervisor]: Selected controllable event: EV_move_forward
[INFO] [1789488507.073060672] [robot_0.robot_supervisor]: Selected controllable event: EV_move_forward
[INFO] [1789488507.373274290] [robot_0.robot_supervisor]: Selected controllable event: EV_move_forward
[INFO] [1789488507.673322448] [robot_0.robot_supervisor]: Selected controllable event: EV_move_forward
[INFO] [1789488507.876562061] [robot_0.robot_supervisor]: Selected controllable event: EV_search_object
[INFO] [1789488508.072612315] [robot_0.robot_supervisor]: Selected controllable event: EV_move_forward
[INFO] [1789488508.373347206] [robot_0.robot_supervisor]: Selected controllable event: EV_move_forward
[INFO] [1789488508.672447688] [robot_0.robot_supervisor]: Selected controllable event: EV_search_object
[INFO] [1789488508.878412026] [robot_0.robot_supervisor]: Selected controllable event: EV_search_object
[INFO] [1789488509.073225815] [robot_0.robot_supervisor]: Selected controllable event: EV_move_forward
[INFO] [1789488509.275199535] [robot_0.robot_supervisor]: Selected controllable event: EV_move_forward
[INFO] [1789488509.477518902] [robot_0.robot_supervisor]: Selected controllable event: EV_search_object
[INFO] [1789488509.696798080] [robot_0.robot_supervisor]: Triggered uncontrollable event: EV_object_not_visible
[INFO] [1789488509.705556084] [robot_0.robot_supervisor]: Selected controllable event: EV_move_forward
[INFO] [1789488509.985441800] [robot_0.robot_supervisor]: Selected controllable event: EV_move_forward
[INFO] [1789488510.302106542] [robot_0.robot_supervisor]: Selected controllable event: EV_search_object
[INFO] [1789488510.499077988] [robot_0.robot_supervisor]: ############################# VISIBLE: EV_object_visible #############################
[INFO] [1789488510.503932544] [robot_0.robot_supervisor]: Selected controllable event: EV_approach_object
[INFO] [1789488510.800486606] [robot_0.robot_supervisor]: Selected controllable event: EV_move_forward
[INFO] [1789488511.100793406] [robot_0.robot_supervisor]: Selected controllable event: EV_approach_object
[INFO] [1789488511.405615651] [robot_0.robot_supervisor]: ############################# VISIBLE: EV_object_visible #############################
[INFO] [1789488511.406625824] [robot_0.robot_supervisor]: Selected controllable event: EV_approach_object
[INFO] [1789488511.696607875] [robot_0.robot_supervisor]: Selected controllable event: EV_move_forward
[INFO] [1789488511.992048694] [robot_0.robot_supervisor]: Selected controllable event: EV_move_forward
[INFO] [1789488512.278912565] [robot_0.robot_supervisor]: ############################# REACHED: EV_object_reached #############################
[INFO] [1789488512.281443854] [robot_0.robot_supervisor]: Triggered uncontrollable event: EV_obstacle_right
[INFO] [1789488512.284610925] [robot_0.robot_supervisor]: Selected controllable event: EV_u_turn
[INFO] [1789488512.290758425] [robot_0.robot_supervisor]: Starting FULL ROTATE (omega=1.000, have_odom=True, target_rad=3.142, timeout_s=3.500)
[INFO] [1789488515.789486492] [robot_0.robot_supervisor]: FULL ROTATE completed by timeout
[INFO] [1789488516.074957109] [robot_0.robot_supervisor]: ############################# REACHED: EV_object_reached #############################
[INFO] [1789488516.096184548] [robot_0.robot_supervisor]: Selected controllable event: EV_move_forward
[INFO] [1789488516.388131181] [robot_0.robot_supervisor]: Selected controllable event: EV_move_forward
[INFO] [1789488516.685546009] [robot_0.robot_supervisor]: Selected controllable event: EV_pick_up_object
[INFO] [1789488516.729175259] [robot_0.robot_supervisor]: Cargo 'robot_0_carried_generic_box' placed on robot.
[INFO] [1789488516.900830295] [robot_0.robot_supervisor]: Triggered uncontrollable event: EV_zone_a_visible
[INFO] [1789488516.903691959] [robot_0.robot_supervisor]: Triggered uncontrollable event: EV_zone_b_visible
[INFO] [1789488516.910848843] [robot_0.robot_supervisor]: Selected controllable event: EV_approach_zone
[INFO] [1789488517.205038070] [robot_0.robot_supervisor]: Selected controllable event: EV_approach_zone
[INFO] [1789488517.411100328] [robot_0.robot_supervisor]: Selected controllable event: EV_approach_zone
[INFO] [1789488517.685431751] [robot_0.robot_supervisor]: Triggered uncontrollable event: EV_zone_b_visible
[INFO] [1789488517.688969139] [robot_0.robot_supervisor]: Triggered uncontrollable event: EV_zone_a_not_visible
[INFO] [1789488517.689902066] [robot_0.robot_supervisor]: Selected controllable event: EV_approach_zone
[INFO] [1789488517.989821292] [robot_0.robot_supervisor]: Selected controllable event: EV_move_forward
[INFO] [1789488518.222605497] [robot_0.robot_supervisor]: Selected controllable event: EV_approach_zone
[INFO] [1789488518.510531477] [robot_0.robot_supervisor]: Triggered uncontrollable event: EV_zone_a_not_visible
[INFO] [1789488518.511283846] [robot_0.robot_supervisor]: Triggered uncontrollable event: EV_obstacle_left
[INFO] [1789488518.512187931] [robot_0.robot_supervisor]: Selected controllable event: EV_rotate_clockwise
[INFO] [1789488518.693691991] [robot_0.robot_supervisor]: Triggered uncontrollable event: EV_zone_b_visible
[INFO] [1789488518.694581791] [robot_0.robot_supervisor]: Triggered uncontrollable event: EV_obstacle_left
[INFO] [1789488518.699861093] [robot_0.robot_supervisor]: Selected controllable event: EV_rotate_clockwise
[INFO] [1789488518.903330495] [robot_0.robot_supervisor]: Triggered uncontrollable event: EV_obstacle_left
[INFO] [1789488518.910574839] [robot_0.robot_supervisor]: Selected controllable event: EV_u_turn
[INFO] [1789488518.918614688] [robot_0.robot_supervisor]: Starting FULL ROTATE (omega=1.000, have_odom=True, target_rad=3.142, timeout_s=3.500)
[INFO] [1789488522.477073092] [robot_0.robot_supervisor]: FULL ROTATE completed by timeout
[INFO] [1789488522.708075791] [robot_0.robot_supervisor]: Triggered uncontrollable event: EV_zone_b_visible
[INFO] [1789488522.708791248] [robot_0.robot_supervisor]: Triggered uncontrollable event: EV_zone_a_not_visible
[INFO] [1789488522.709672040] [robot_0.robot_supervisor]: Selected controllable event: EV_move_forward
[INFO] [1789488523.006227809] [robot_0.robot_supervisor]: Selected controllable event: EV_move_forward
[INFO] [1789488523.293320577] [robot_0.robot_supervisor]: Selected controllable event: EV_approach_zone
[INFO] [1789488523.513403698] [robot_0.robot_supervisor]: Triggered uncontrollable event: EV_zone_a_not_visible
[INFO] [1789488523.514279860] [robot_0.robot_supervisor]: Triggered uncontrollable event: EV_obstacle_right
[INFO] [1789488523.515173257] [robot_0.robot_supervisor]: Selected controllable event: EV_rotate_counterclockwise
[INFO] [1789488523.701658339] [robot_0.robot_supervisor]: Triggered uncontrollable event: EV_zone_b_visible
[INFO] [1789488523.704627967] [robot_0.robot_supervisor]: Triggered uncontrollable event: EV_obstacle_right
[INFO] [1789488523.710982118] [robot_0.robot_supervisor]: Selected controllable event: EV_u_turn
[INFO] [1789488523.791236872] [robot_0.robot_supervisor]: Triggered uncontrollable event: EV_obstacle_right
[INFO] [1789488523.792108403] [robot_0.robot_supervisor]: Selected controllable event: EV_u_turn
[INFO] [1789488523.903638092] [robot_0.robot_supervisor]: Triggered uncontrollable event: EV_obstacle_right
[INFO] [1789488523.904441692] [robot_0.robot_supervisor]: Selected controllable event: EV_u_turn
[INFO] [1789488523.990936489] [robot_0.robot_supervisor]: Triggered uncontrollable event: EV_obstacle_right
[INFO] [1789488523.996721000] [robot_0.robot_supervisor]: Selected controllable event: EV_rotate_counterclockwise
[INFO] [1789488524.187788676] [robot_0.robot_supervisor]: Triggered uncontrollable event: EV_obstacle_right
[INFO] [1789488524.203888957] [robot_0.robot_supervisor]: Selected controllable event: EV_rotate_counterclockwise
[INFO] [1789488524.411680391] [robot_0.robot_supervisor]: Triggered uncontrollable event: EV_zone_a_not_visible
[INFO] [1789488524.413444418] [robot_0.robot_supervisor]: Triggered uncontrollable event: EV_obstacle_right
[INFO] [1789488524.414149783] [robot_0.robot_supervisor]: Triggered uncontrollable event: EV_zone_b_not_visible
[INFO] [1789488524.434314985] [robot_0.robot_supervisor]: Selected controllable event: EV_rotate_counterclockwise
[INFO] [1789488524.610948505] [robot_0.robot_supervisor]: Triggered uncontrollable event: EV_obstacle_right
[INFO] [1789488524.618364083] [robot_0.robot_supervisor]: Selected controllable event: EV_u_turn
[INFO] [1789488524.708992566] [robot_0.robot_supervisor]: Triggered uncontrollable event: EV_obstacle_right
[INFO] [1789488524.709890229] [robot_0.robot_supervisor]: Selected controllable event: EV_u_turn
[INFO] [1789488524.807634755] [robot_0.robot_supervisor]: Triggered uncontrollable event: EV_obstacle_right
[INFO] [1789488524.808561076] [robot_0.robot_supervisor]: Selected controllable event: EV_rotate_counterclockwise
[INFO] [1789488524.992656350] [robot_0.robot_supervisor]: Triggered uncontrollable event: EV_obstacle_right
[INFO] [1789488524.993345391] [robot_0.robot_supervisor]: Selected controllable event: EV_u_turn
[INFO] [1789488525.012637602] [robot_0.robot_supervisor]: Starting FULL ROTATE (omega=1.000, have_odom=True, target_rad=3.142, timeout_s=3.500)
[INFO] [1789488528.591625655] [robot_0.robot_supervisor]: FULL ROTATE completed by timeout
[INFO] [1789488528.892150764] [robot_0.robot_supervisor]: Triggered uncontrollable event: EV_zone_a_not_visible
[INFO] [1789488528.905867110] [robot_0.robot_supervisor]: Triggered uncontrollable event: EV_zone_b_not_visible
[INFO] [1789488528.906743672] [robot_0.robot_supervisor]: Selected controllable event: EV_move_forward
[INFO] [1789488529.110996306] [robot_0.robot_supervisor]: Selected controllable event: EV_move_forward
[INFO] [1789488529.380707973] [robot_0.robot_supervisor]: Triggered uncontrollable event: EV_zone_a_not_visible
[INFO] [1789488529.381438457] [robot_0.robot_supervisor]: Triggered uncontrollable event: EV_zone_b_not_visible
[INFO] [1789488529.397626833] [robot_0.robot_supervisor]: Selected controllable event: EV_search_zone
[INFO] [1789488529.592789038] [robot_0.robot_supervisor]: Selected controllable event: EV_move_forward
[INFO] [1789488529.796754263] [robot_0.robot_supervisor]: Selected controllable event: EV_search_zone
[INFO] [1789488530.004218681] [robot_0.robot_supervisor]: Selected controllable event: EV_move_forward
[INFO] [1789488530.296655975] [robot_0.robot_supervisor]: Triggered uncontrollable event: EV_zone_a_not_visible
[INFO] [1789488530.297312021] [robot_0.robot_supervisor]: Triggered uncontrollable event: EV_zone_b_not_visible
[INFO] [1789488530.308614674] [robot_0.robot_supervisor]: Selected controllable event: EV_move_forward
[INFO] [1789488530.603933327] [robot_0.robot_supervisor]: Selected controllable event: EV_move_forward
[INFO] [1789488530.805756001] [robot_0.robot_supervisor]: Triggered uncontrollable event: EV_zone_a_not_visible
[INFO] [1789488530.816766459] [robot_0.robot_supervisor]: Selected controllable event: EV_move_forward
[INFO] [1789488531.080927086] [robot_0.robot_supervisor]: Triggered uncontrollable event: EV_zone_b_not_visible
[INFO] [1789488531.090937303] [robot_0.robot_supervisor]: Selected controllable event: EV_search_zone
[INFO] [1789488531.300774258] [robot_0.robot_supervisor]: Selected controllable event: EV_search_zone
[INFO] [1789488531.503397096] [robot_0.robot_supervisor]: Selected controllable event: EV_search_zone
[INFO] [1789488531.677208642] [robot_0.robot_supervisor]: Triggered uncontrollable event: EV_zone_a_not_visible
[INFO] [1789488531.696837966] [robot_0.robot_supervisor]: Triggered uncontrollable event: EV_zone_b_not_visible
[INFO] [1789488531.697803589] [robot_0.robot_supervisor]: Selected controllable event: EV_move_forward
[INFO] [1789488531.907555152] [robot_0.robot_supervisor]: Selected controllable event: EV_move_forward
[INFO] [1789488532.194046885] [robot_0.robot_supervisor]: Selected controllable event: EV_move_forward
[INFO] [1789488532.412352775] [robot_0.robot_supervisor]: Triggered uncontrollable event: EV_zone_a_not_visible
[INFO] [1789488532.436245611] [robot_0.robot_supervisor]: Selected controllable event: EV_search_zone
[INFO] [1789488532.575148702] [robot_0.robot_supervisor]: Triggered uncontrollable event: EV_zone_b_not_visible
[INFO] [1789488532.593520957] [robot_0.robot_supervisor]: Selected controllable event: EV_search_zone
[INFO] [1789488532.791729817] [robot_0.robot_supervisor]: Selected controllable event: EV_move_forward
[INFO] [1789488533.016072393] [robot_0.robot_supervisor]: Selected controllable event: EV_move_forward
[INFO] [1789488533.280609777] [robot_0.robot_supervisor]: Triggered uncontrollable event: EV_zone_a_not_visible
[INFO] [1789488533.296444095] [robot_0.robot_supervisor]: Triggered uncontrollable event: EV_zone_b_not_visible
[INFO] [1789488533.298842896] [robot_0.robot_supervisor]: Selected controllable event: EV_move_forward
[INFO] [1789488533.582287927] [robot_0.robot_supervisor]: Selected controllable event: EV_search_zone
[INFO] [1789488533.788719766] [robot_0.robot_supervisor]: Selected controllable event: EV_search_zone
[INFO] [1789488534.001246268] [robot_0.robot_supervisor]: Triggered uncontrollable event: EV_zone_a_not_visible
[INFO] [1789488534.010246135] [robot_0.robot_supervisor]: Triggered uncontrollable event: EV_zone_b_not_visible
[INFO] [1789488534.011121816] [robot_0.robot_supervisor]: Selected controllable event: EV_search_zone
[INFO] [1789488534.199450714] [robot_0.robot_supervisor]: Selected controllable event: EV_move_forward
[INFO] [1789488534.335762189] [robot_0.robot_supervisor]: RECEIVED zone_b; balance=zone_b_has_extra
[INFO] [1789488534.486124052] [robot_0.robot_supervisor]: Triggered uncontrollable event: EV_received_delivered_zone_b
[INFO] [1789488534.486942145] [robot_0.robot_supervisor]: Selected controllable event: EV_search_zone
[INFO] [1789488534.606687217] [robot_0.robot_supervisor]: Selected controllable event: EV_search_zone
[INFO] [1789488534.797835238] [robot_0.robot_supervisor]: Triggered uncontrollable event: EV_zone_a_not_visible
[INFO] [1789488534.798433802] [robot_0.robot_supervisor]: Triggered uncontrollable event: EV_zone_b_not_visible
[INFO] [1789488534.799200877] [robot_0.robot_supervisor]: Selected controllable event: EV_move_forward
[INFO] [1789488535.095533196] [robot_0.robot_supervisor]: Selected controllable event: EV_search_zone
[INFO] [1789488535.291698953] [robot_0.robot_supervisor]: Selected controllable event: EV_move_forward
[INFO] [1789488535.585803627] [robot_0.robot_supervisor]: Triggered uncontrollable event: EV_zone_a_visible
[INFO] [1789488535.592990903] [robot_0.robot_supervisor]: Triggered uncontrollable event: EV_zone_b_not_visible
[INFO] [1789488535.598285571] [robot_0.robot_supervisor]: Selected controllable event: EV_move_forward
[INFO] [1789488535.891153471] [robot_0.robot_supervisor]: Selected controllable event: EV_approach_zone
[INFO] [1789488536.102315401] [robot_0.robot_supervisor]: Selected controllable event: EV_approach_zone
[INFO] [1789488536.391394380] [robot_0.robot_supervisor]: Triggered uncontrollable event: EV_zone_a_visible
[INFO] [1789488536.392130138] [robot_0.robot_supervisor]: Triggered uncontrollable event: EV_zone_b_not_visible
[INFO] [1789488536.392917188] [robot_0.robot_supervisor]: Selected controllable event: EV_approach_zone
[INFO] [1789488536.682133682] [robot_0.robot_supervisor]: Selected controllable event: EV_move_forward
[INFO] [1789488537.007462987] [robot_0.robot_supervisor]: Triggered uncontrollable event: EV_zone_a_visible
[INFO] [1789488537.008175286] [robot_0.robot_supervisor]: Triggered uncontrollable event: EV_zone_b_not_visible
[INFO] [1789488537.026420626] [robot_0.robot_supervisor]: Selected controllable event: EV_approach_zone
[INFO] [1789488537.299335109] [robot_0.robot_supervisor]: Selected controllable event: EV_move_forward
[INFO] [1789488537.592455703] [robot_0.robot_supervisor]: Selected controllable event: EV_approach_zone
[INFO] [1789488537.886147655] [robot_0.robot_supervisor]: Triggered uncontrollable event: EV_zone_a_visible
[INFO] [1789488537.886924954] [robot_0.robot_supervisor]: Triggered uncontrollable event: EV_zone_b_not_visible
[INFO] [1789488537.887804430] [robot_0.robot_supervisor]: Selected controllable event: EV_move_forward
[INFO] [1789488538.180311045] [robot_0.robot_supervisor]: Selected controllable event: EV_move_forward
[INFO] [1789488538.498560705] [robot_0.robot_supervisor]: Triggered uncontrollable event: EV_zone_a_visible
[INFO] [1789488538.499407277] [robot_0.robot_supervisor]: Triggered uncontrollable event: EV_zone_b_not_visible
[INFO] [1789488538.523403087] [robot_0.robot_supervisor]: Selected controllable event: EV_approach_zone
[INFO] [1789488538.797117794] [robot_0.robot_supervisor]: Selected controllable event: EV_approach_zone
[INFO] [1789488539.001450792] [robot_0.robot_supervisor]: Selected controllable event: EV_approach_zone
[INFO] [1789488539.316003804] [robot_0.robot_supervisor]: Triggered uncontrollable event: EV_zone_a_visible
[INFO] [1789488539.326984609] [robot_0.robot_supervisor]: Selected controllable event: EV_move_forward
[INFO] [1789488539.581806441] [robot_0.robot_supervisor]: Triggered uncontrollable event: EV_zone_b_not_visible
[INFO] [1789488539.582737882] [robot_0.robot_supervisor]: Selected controllable event: EV_move_forward
[INFO] [1789488539.911358664] [robot_0.robot_supervisor]: Selected controllable event: EV_move_forward
[INFO] [1789488540.193793485] [robot_0.robot_supervisor]: Triggered uncontrollable event: EV_zone_a_visible
[INFO] [1789488540.194481782] [robot_0.robot_supervisor]: Triggered uncontrollable event: EV_zone_b_not_visible
[INFO] [1789488540.195321231] [robot_0.robot_supervisor]: Selected controllable event: EV_move_forward
[INFO] [1789488540.497210223] [robot_0.robot_supervisor]: Selected controllable event: EV_move_forward
[INFO] [1789488540.785903189] [robot_0.robot_supervisor]: Selected controllable event: EV_move_forward
[INFO] [1789488541.006245205] [robot_0.robot_supervisor]: Triggered uncontrollable event: EV_zone_a_visible
[INFO] [1789488541.009450220] [robot_0.robot_supervisor]: Triggered uncontrollable event: EV_zone_b_not_visible
[INFO] [1789488541.015596495] [robot_0.robot_supervisor]: Selected controllable event: EV_move_forward
[INFO] [1789488541.301362702] [robot_0.robot_supervisor]: Selected controllable event: EV_move_forward
[INFO] [1789488541.607061603] [robot_0.robot_supervisor]: Selected controllable event: EV_move_forward
[INFO] [1789488541.905211669] [robot_0.robot_supervisor]: Triggered uncontrollable event: EV_zone_a_visible
[INFO] [1789488541.908176815] [robot_0.robot_supervisor]: Triggered uncontrollable event: EV_zone_b_not_visible
[INFO] [1789488541.917505105] [robot_0.robot_supervisor]: Selected controllable event: EV_move_forward
[INFO] [1789488542.205582725] [robot_0.robot_supervisor]: Selected controllable event: EV_move_forward
[INFO] [1789488542.507377413] [robot_0.robot_supervisor]: Selected controllable event: EV_approach_zone
[INFO] [1789488542.790450450] [robot_0.robot_supervisor]: Triggered uncontrollable event: EV_zone_a_visible
[INFO] [1789488542.795542459] [robot_0.robot_supervisor]: Triggered uncontrollable event: EV_zone_b_not_visible
[INFO] [1789488542.802842242] [robot_0.robot_supervisor]: Selected controllable event: EV_approach_zone
[INFO] [1789488543.103707978] [robot_0.robot_supervisor]: Selected controllable event: EV_move_forward
[INFO] [1789488543.395372608] [robot_0.robot_supervisor]: Triggered uncontrollable event: EV_zone_a_visible
[INFO] [1789488543.404602775] [robot_0.robot_supervisor]: Triggered uncontrollable event: EV_zone_b_not_visible
[INFO] [1789488543.405450590] [robot_0.robot_supervisor]: Selected controllable event: EV_move_forward
[INFO] [1789488543.682681193] [robot_0.robot_supervisor]: Selected controllable event: EV_move_forward
[INFO] [1789488543.902762309] [robot_0.robot_supervisor]: Selected controllable event: EV_move_forward
[INFO] [1789488544.196384635] [robot_0.robot_supervisor]: Triggered uncontrollable event: EV_zone_a_visible
[INFO] [1789488544.197040139] [robot_0.robot_supervisor]: Triggered uncontrollable event: EV_zone_b_not_visible
[INFO] [1789488544.218113227] [robot_0.robot_supervisor]: Selected controllable event: EV_approach_zone
[INFO] [1789488544.494159800] [robot_0.robot_supervisor]: Selected controllable event: EV_move_forward
[INFO] [1789488544.796791055] [robot_0.robot_supervisor]: Selected controllable event: EV_move_forward
[INFO] [1789488545.100973852] [robot_0.robot_supervisor]: Triggered uncontrollable event: EV_zone_a_visible
[INFO] [1789488545.101638793] [robot_0.robot_supervisor]: Triggered uncontrollable event: EV_zone_b_not_visible
[INFO] [1789488545.120287880] [robot_0.robot_supervisor]: Selected controllable event: EV_approach_zone
[INFO] [1789488545.392737544] [robot_0.robot_supervisor]: Selected controllable event: EV_approach_zone
[INFO] [1789488545.691087754] [robot_0.robot_supervisor]: Triggered uncontrollable event: EV_zone_a_visible
[INFO] [1789488545.704077396] [robot_0.robot_supervisor]: Selected controllable event: EV_move_forward
[INFO] [1789488545.990174237] [robot_0.robot_supervisor]: Triggered uncontrollable event: EV_zone_b_not_visible
[INFO] [1789488546.002467734] [robot_0.robot_supervisor]: Selected controllable event: EV_move_forward
[INFO] [1789488546.300114398] [robot_0.robot_supervisor]: Selected controllable event: EV_move_forward
[INFO] [1789488546.585878431] [robot_0.robot_supervisor]: Triggered uncontrollable event: EV_zone_a_visible
[INFO] [1789488546.586538834] [robot_0.robot_supervisor]: Triggered uncontrollable event: EV_zone_b_not_visible
[INFO] [1789488546.603556414] [robot_0.robot_supervisor]: Selected controllable event: EV_move_forward
[INFO] [1789488546.896582594] [robot_0.robot_supervisor]: Selected controllable event: EV_approach_zone
[INFO] [1789488547.108447640] [robot_0.robot_supervisor]: Selected controllable event: EV_move_forward
[INFO] [1789488547.404986502] [robot_0.robot_supervisor]: Triggered uncontrollable event: EV_zone_a_visible
[INFO] [1789488547.405635922] [robot_0.robot_supervisor]: Triggered uncontrollable event: EV_zone_b_not_visible
[INFO] [1789488547.406544982] [robot_0.robot_supervisor]: Selected controllable event: EV_approach_zone
[INFO] [1789488547.687667088] [robot_0.robot_supervisor]: Selected controllable event: EV_move_forward
[INFO] [1789488547.974496460] [robot_0.robot_supervisor]: Triggered uncontrollable event: EV_zone_a_visible
[INFO] [1789488547.975306844] [robot_0.robot_supervisor]: Selected controllable event: EV_move_forward
[INFO] [1789488548.300311929] [robot_0.robot_supervisor]: Triggered uncontrollable event: EV_zone_b_not_visible
[INFO] [1789488548.301274459] [robot_0.robot_supervisor]: Selected controllable event: EV_move_forward
[INFO] [1789488548.589837774] [robot_0.robot_supervisor]: Selected controllable event: EV_move_forward
[INFO] [1789488548.875151980] [robot_0.robot_supervisor]: Triggered uncontrollable event: EV_zone_a_visible
[INFO] [1789488548.892160352] [robot_0.robot_supervisor]: Triggered uncontrollable event: EV_zone_b_not_visible
[INFO] [1789488548.893031104] [robot_0.robot_supervisor]: Selected controllable event: EV_approach_zone
[INFO] [1789488549.183774235] [robot_0.robot_supervisor]: Selected controllable event: EV_approach_zone
[INFO] [1789488549.489005168] [robot_0.robot_supervisor]: Selected controllable event: EV_move_forward
[INFO] [1789488549.693067687] [robot_0.robot_supervisor]: Triggered uncontrollable event: EV_zone_a_visible
[INFO] [1789488549.693889083] [robot_0.robot_supervisor]: Triggered uncontrollable event: EV_zone_b_not_visible
[INFO] [1789488549.713973139] [robot_0.robot_supervisor]: Selected controllable event: EV_move_forward
[INFO] [1789488550.008694692] [robot_0.robot_supervisor]: Selected controllable event: EV_move_forward
[INFO] [1789488550.311892592] [robot_0.robot_supervisor]: Selected controllable event: EV_approach_zone
[INFO] [1789488550.594515357] [robot_0.robot_supervisor]: Triggered uncontrollable event: EV_zone_a_visible
[INFO] [1789488550.597579099] [robot_0.robot_supervisor]: Triggered uncontrollable event: EV_zone_b_not_visible
[INFO] [1789488550.602796493] [robot_0.robot_supervisor]: Selected controllable event: EV_approach_zone
[INFO] [1789488550.902277504] [robot_0.robot_supervisor]: Selected controllable event: EV_approach_zone
[INFO] [1789488551.127836226] [robot_0.robot_supervisor]: Selected controllable event: EV_approach_zone
[INFO] [1789488551.388844048] [robot_0.robot_supervisor]: Triggered uncontrollable event: EV_zone_a_visible
[INFO] [1789488551.394720802] [robot_0.robot_supervisor]: Triggered uncontrollable event: EV_zone_b_not_visible
[INFO] [1789488551.395538303] [robot_0.robot_supervisor]: Selected controllable event: EV_approach_zone
[INFO] [1789488551.603536128] [robot_0.robot_supervisor]: Selected controllable event: EV_approach_zone
[INFO] [1789488551.917090967] [robot_0.robot_supervisor]: Selected controllable event: EV_move_forward
[INFO] [1789488552.185915324] [robot_0.robot_supervisor]: Triggered uncontrollable event: EV_zone_a_visible
[INFO] [1789488552.195061563] [robot_0.robot_supervisor]: Triggered uncontrollable event: EV_zone_b_not_visible
[INFO] [1789488552.206635869] [robot_0.robot_supervisor]: Selected controllable event: EV_move_forward
[INFO] [1789488552.484976906] [robot_0.robot_supervisor]: Selected controllable event: EV_approach_zone
[INFO] [1789488552.807107290] [robot_0.robot_supervisor]: Triggered uncontrollable event: EV_zone_a_visible
[INFO] [1789488552.807718086] [robot_0.robot_supervisor]: Triggered uncontrollable event: EV_zone_b_not_visible
[INFO] [1789488552.808629304] [robot_0.robot_supervisor]: Selected controllable event: EV_move_forward
[INFO] [1789488553.098211522] [robot_0.robot_supervisor]: Selected controllable event: EV_approach_zone
[INFO] [1789488553.409581878] [robot_0.robot_supervisor]: Selected controllable event: EV_approach_zone
[INFO] [1789488553.690043909] [robot_0.robot_supervisor]: Triggered uncontrollable event: EV_zone_a_visible
[INFO] [1789488553.698833617] [robot_0.robot_supervisor]: Triggered uncontrollable event: EV_zone_b_not_visible
[INFO] [1789488553.699820459] [robot_0.robot_supervisor]: Selected controllable event: EV_move_forward
[INFO] [1789488554.005733943] [robot_0.robot_supervisor]: Selected controllable event: EV_move_forward
[INFO] [1789488554.276740645] [robot_0.robot_supervisor]: Triggered uncontrollable event: EV_zone_a_visible
[INFO] [1789488554.277641395] [robot_0.robot_supervisor]: Selected controllable event: EV_approach_zone
[INFO] [1789488554.510934466] [robot_0.robot_supervisor]: Triggered uncontrollable event: EV_zone_b_not_visible
[INFO] [1789488554.511828198] [robot_0.robot_supervisor]: Selected controllable event: EV_approach_zone
[INFO] [1789488554.798863547] [robot_0.robot_supervisor]: Selected controllable event: EV_move_forward
[INFO] [1789488555.007970651] [robot_0.robot_supervisor]: Selected controllable event: EV_approach_zone
[INFO] [1789488555.291545636] [robot_0.robot_supervisor]: Triggered uncontrollable event: EV_zone_a_visible
[INFO] [1789488555.292455129] [robot_0.robot_supervisor]: Triggered uncontrollable event: EV_zone_b_not_visible
[INFO] [1789488555.293430862] [robot_0.robot_supervisor]: Selected controllable event: EV_move_forward
[INFO] [1789488555.586831457] [robot_0.robot_supervisor]: Selected controllable event: EV_move_forward
[INFO] [1789488555.793677237] [robot_0.robot_supervisor]: Selected controllable event: EV_approach_zone
[INFO] [1789488556.089705159] [robot_0.robot_supervisor]: Triggered uncontrollable event: EV_zone_a_visible
[INFO] [1789488556.090350084] [robot_0.robot_supervisor]: Triggered uncontrollable event: EV_zone_b_not_visible
[INFO] [1789488556.091235434] [robot_0.robot_supervisor]: Selected controllable event: EV_approach_zone
[INFO] [1789488556.396966658] [robot_0.robot_supervisor]: Selected controllable event: EV_move_forward
[INFO] [1789488556.709744520] [robot_0.robot_supervisor]: Triggered uncontrollable event: EV_zone_b_not_visible
[INFO] [1789488556.714498298] [robot_0.robot_supervisor]: Triggered uncontrollable event: EV_zone_a_reached
[INFO] [1789488556.723746802] [robot_0.robot_supervisor]: Selected controllable event: EV_search_zone
[INFO] [1789488556.907534860] [robot_0.robot_supervisor]: Selected controllable event: EV_move_forward
[INFO] [1789488557.190447899] [robot_0.robot_supervisor]: Selected controllable event: EV_move_forward
[INFO] [1789488557.488443941] [robot_0.robot_supervisor]: Triggered uncontrollable event: EV_zone_a_reached
[INFO] [1789488557.489396669] [robot_0.robot_supervisor]: Selected controllable event: EV_search_zone
[INFO] [1789488557.600391976] [robot_0.robot_supervisor]: Triggered uncontrollable event: EV_zone_b_not_visible
[INFO] [1789488557.603382425] [robot_0.robot_supervisor]: Selected controllable event: EV_move_forward
[INFO] [1789488557.916864642] [robot_0.robot_supervisor]: Selected controllable event: EV_search_zone
[INFO] [1789488558.093617992] [robot_0.robot_supervisor]: Selected controllable event: EV_move_forward
[INFO] [1789488558.304665853] [robot_0.robot_supervisor]: Selected controllable event: EV_move_forward
[INFO] [1789488558.596596507] [robot_0.robot_supervisor]: Triggered uncontrollable event: EV_obstacle_front
[INFO] [1789488558.601233868] [robot_0.robot_supervisor]: Triggered uncontrollable event: EV_zone_b_not_visible
[INFO] [1789488558.602001306] [robot_0.robot_supervisor]: Triggered uncontrollable event: EV_zone_a_reached
[INFO] [1789488558.602808064] [robot_0.robot_supervisor]: Selected controllable event: EV_move_backward
[INFO] [1789488558.903958915] [robot_0.robot_supervisor]: Triggered uncontrollable event: EV_obstacle_front
[INFO] [1789488558.911337305] [robot_0.robot_supervisor]: Selected controllable event: EV_u_turn
[INFO] [1789488558.916732496] [robot_0.robot_supervisor]: Starting FULL ROTATE (omega=1.000, have_odom=True, target_rad=3.142, timeout_s=3.500)
[INFO] [1789488562.481132809] [robot_0.robot_supervisor]: FULL ROTATE completed by timeout
[INFO] [1789488562.695205719] [robot_0.robot_supervisor]: Triggered uncontrollable event: EV_zone_b_not_visible
[INFO] [1789488562.695973256] [robot_0.robot_supervisor]: Triggered uncontrollable event: EV_zone_a_reached
[INFO] [1789488562.697133531] [robot_0.robot_supervisor]: Selected controllable event: EV_search_zone
[INFO] [1789488562.882585204] [robot_0.robot_supervisor]: Selected controllable event: EV_move_forward
[INFO] [1789488563.201446771] [robot_0.robot_supervisor]: Triggered uncontrollable event: EV_zone_b_visible
[INFO] [1789488563.215229145] [robot_0.robot_supervisor]: Triggered uncontrollable event: EV_zone_a_reached
[INFO] [1789488563.223987612] [robot_0.robot_supervisor]: Selected controllable event: EV_approach_zone
[INFO] [1789488563.490410287] [robot_0.robot_supervisor]: Selected controllable event: EV_approach_zone
[INFO] [1789488563.809193395] [robot_0.robot_supervisor]: Selected controllable event: EV_approach_zone
[INFO] [1789488564.111063566] [robot_0.robot_supervisor]: Triggered uncontrollable event: EV_zone_a_reached
[INFO] [1789488564.111952737] [robot_0.robot_supervisor]: Selected controllable event: EV_move_forward
[INFO] [1789488564.389219110] [robot_0.robot_supervisor]: Triggered uncontrollable event: EV_zone_b_visible
[INFO] [1789488564.390114525] [robot_0.robot_supervisor]: Selected controllable event: EV_approach_zone
[INFO] [1789488564.596266419] [robot_0.robot_supervisor]: Selected controllable event: EV_approach_zone
[INFO] [1789488564.913162166] [robot_0.robot_supervisor]: Triggered uncontrollable event: EV_zone_a_reached
[INFO] [1789488564.913989778] [robot_0.robot_supervisor]: Selected controllable event: EV_move_forward
[INFO] [1789488565.196976618] [robot_0.robot_supervisor]: Triggered uncontrollable event: EV_zone_b_visible
[INFO] [1789488565.201251209] [robot_0.robot_supervisor]: Selected controllable event: EV_move_forward
[INFO] [1789488565.506781267] [robot_0.robot_supervisor]: Selected controllable event: EV_move_forward
[INFO] [1789488565.801621374] [robot_0.robot_supervisor]: Triggered uncontrollable event: EV_zone_b_visible
[INFO] [1789488565.802369883] [robot_0.robot_supervisor]: Triggered uncontrollable event: EV_zone_a_reached
[INFO] [1789488565.820753441] [robot_0.robot_supervisor]: Selected controllable event: EV_approach_zone
[INFO] [1789488566.095697114] [robot_0.robot_supervisor]: Selected controllable event: EV_approach_zone
[INFO] [1789488566.391170630] [robot_0.robot_supervisor]: Selected controllable event: EV_approach_zone
[INFO] [1789488566.684873045] [robot_0.robot_supervisor]: Triggered uncontrollable event: EV_zone_b_visible
[INFO] [1789488566.690053254] [robot_0.robot_supervisor]: Triggered uncontrollable event: EV_zone_a_not_visible
[INFO] [1789488566.700558991] [robot_0.robot_supervisor]: Selected controllable event: EV_approach_zone
[INFO] [1789488566.911528479] [robot_0.robot_supervisor]: Selected controllable event: EV_move_forward
[INFO] [1789488567.193806563] [robot_0.robot_supervisor]: Selected controllable event: EV_approach_zone
[INFO] [1789488567.502754875] [robot_0.robot_supervisor]: Triggered uncontrollable event: EV_zone_a_not_visible
[INFO] [1789488567.515525347] [robot_0.robot_supervisor]: Selected controllable event: EV_approach_zone
[INFO] [1789488567.787472149] [robot_0.robot_supervisor]: Triggered uncontrollable event: EV_zone_b_visible
[INFO] [1789488567.788336457] [robot_0.robot_supervisor]: Selected controllable event: EV_move_forward
[INFO] [1789488567.989664510] [robot_0.robot_supervisor]: Selected controllable event: EV_approach_zone
[INFO] [1789488568.294392161] [robot_0.robot_supervisor]: Triggered uncontrollable event: EV_zone_a_not_visible
[INFO] [1789488568.295274346] [robot_0.robot_supervisor]: Selected controllable event: EV_approach_zone
[INFO] [1789488568.581035217] [robot_0.robot_supervisor]: Triggered uncontrollable event: EV_zone_b_visible
[INFO] [1789488568.581903533] [robot_0.robot_supervisor]: Selected controllable event: EV_approach_zone
[INFO] [1789488568.901940062] [robot_0.robot_supervisor]: Selected controllable event: EV_move_forward
[INFO] [1789488569.197671897] [robot_0.robot_supervisor]: Triggered uncontrollable event: EV_zone_b_visible
[INFO] [1789488569.198433868] [robot_0.robot_supervisor]: Triggered uncontrollable event: EV_zone_a_not_visible
[INFO] [1789488569.199340698] [robot_0.robot_supervisor]: Selected controllable event: EV_approach_zone
[INFO] [1789488569.509939231] [robot_0.robot_supervisor]: Selected controllable event: EV_approach_zone
[INFO] [1789488569.789700391] [robot_0.robot_supervisor]: Selected controllable event: EV_approach_zone
[INFO] [1789488570.099428103] [robot_0.robot_supervisor]: Triggered uncontrollable event: EV_zone_b_visible
[INFO] [1789488570.107451326] [robot_0.robot_supervisor]: Triggered uncontrollable event: EV_zone_a_not_visible
[INFO] [1789488570.108301297] [robot_0.robot_supervisor]: Selected controllable event: EV_move_forward
[INFO] [1789488570.389415341] [robot_0.robot_supervisor]: Selected controllable event: EV_approach_zone
[INFO] [1789488570.694441394] [robot_0.robot_supervisor]: Selected controllable event: EV_move_forward
[INFO] [1789488570.993198713] [robot_0.robot_supervisor]: Triggered uncontrollable event: EV_zone_b_visible
[INFO] [1789488570.994219781] [robot_0.robot_supervisor]: Triggered uncontrollable event: EV_zone_a_not_visible
[INFO] [1789488571.006157576] [robot_0.robot_supervisor]: Selected controllable event: EV_move_forward
[INFO] [1789488571.290409301] [robot_0.robot_supervisor]: Selected controllable event: EV_approach_zone
[INFO] [1789488571.519526334] [robot_0.robot_supervisor]: Selected controllable event: EV_approach_zone
[INFO] [1789488571.802735539] [robot_0.robot_supervisor]: Triggered uncontrollable event: EV_zone_b_visible
[INFO] [1789488571.803424128] [robot_0.robot_supervisor]: Triggered uncontrollable event: EV_zone_a_not_visible
[INFO] [1789488571.811497067] [robot_0.robot_supervisor]: Selected controllable event: EV_move_forward
[INFO] [1789488572.102656997] [robot_0.robot_supervisor]: Selected controllable event: EV_approach_zone
[INFO] [1789488572.376052579] [robot_0.robot_supervisor]: Selected controllable event: EV_approach_zone
[INFO] [1789488572.596480659] [robot_0.robot_supervisor]: Triggered uncontrollable event: EV_zone_b_visible
[INFO] [1789488572.601662422] [robot_0.robot_supervisor]: Triggered uncontrollable event: EV_zone_a_not_visible
[INFO] [1789488572.602758631] [robot_0.robot_supervisor]: Selected controllable event: EV_move_forward
[INFO] [1789488572.901697686] [robot_0.robot_supervisor]: Selected controllable event: EV_approach_zone
[INFO] [1789488573.211357539] [robot_0.robot_supervisor]: Triggered uncontrollable event: EV_zone_a_not_visible
[INFO] [1789488573.212171119] [robot_0.robot_supervisor]: Selected controllable event: EV_move_forward
[INFO] [1789488573.497646870] [robot_0.robot_supervisor]: Triggered uncontrollable event: EV_zone_b_visible
[INFO] [1789488573.504028136] [robot_0.robot_supervisor]: Selected controllable event: EV_approach_zone
[INFO] [1789488573.778567601] [robot_0.robot_supervisor]: Selected controllable event: EV_move_forward
[INFO] [1789488573.998969238] [robot_0.robot_supervisor]: Triggered uncontrollable event: EV_zone_b_visible
[INFO] [1789488573.999616827] [robot_0.robot_supervisor]: Triggered uncontrollable event: EV_zone_a_not_visible
[INFO] [1789488574.000425055] [robot_0.robot_supervisor]: Selected controllable event: EV_move_forward
[INFO] [1789488574.295769036] [robot_0.robot_supervisor]: Selected controllable event: EV_approach_zone
[INFO] [1789488574.584176351] [robot_0.robot_supervisor]: Selected controllable event: EV_approach_zone
[INFO] [1789488574.933041958] [robot_0.robot_supervisor]: Triggered uncontrollable event: EV_zone_a_not_visible
[INFO] [1789488574.934041938] [robot_0.robot_supervisor]: Triggered uncontrollable event: EV_zone_b_reached
[INFO] [1789488574.934928692] [robot_0.robot_supervisor]: Selected controllable event: EV_search_zone
[INFO] [1789488575.102529407] [robot_0.robot_supervisor]: Selected controllable event: EV_move_forward
[INFO] [1789488575.388584805] [robot_0.robot_supervisor]: Selected controllable event: EV_move_forward
[INFO] [1789488575.602762834] [robot_0.robot_supervisor]: Triggered uncontrollable event: EV_zone_a_not_visible
[INFO] [1789488575.615829935] [robot_0.robot_supervisor]: Selected controllable event: EV_move_forward
[INFO] [1789488575.898555975] [robot_0.robot_supervisor]: Triggered uncontrollable event: EV_zone_b_reached
[INFO] [1789488575.910143561] [robot_0.robot_supervisor]: Selected controllable event: EV_move_forward
[INFO] [1789488576.203675120] [robot_0.robot_supervisor]: Selected controllable event: EV_search_zone
[INFO] [1789488576.380229317] [robot_0.robot_supervisor]: Selected controllable event: EV_move_forward
[INFO] [1789488576.590813104] [robot_0.robot_supervisor]: Triggered uncontrollable event: EV_zone_a_not_visible
[INFO] [1789488576.605833011] [robot_0.robot_supervisor]: Triggered uncontrollable event: EV_zone_b_reached
[INFO] [1789488576.606585672] [robot_0.robot_supervisor]: Triggered uncontrollable event: EV_obstacle_front
[INFO] [1789488576.607486869] [robot_0.robot_supervisor]: Selected controllable event: EV_u_turn
[INFO] [1789488576.624681360] [robot_0.robot_supervisor]: Starting FULL ROTATE (omega=1.000, have_odom=True, target_rad=3.142, timeout_s=3.500)
[INFO] [1789488580.207437780] [robot_0.robot_supervisor]: FULL ROTATE completed by timeout
[INFO] [1789488580.494294338] [robot_0.robot_supervisor]: Triggered uncontrollable event: EV_zone_a_not_visible
[INFO] [1789488580.495005611] [robot_0.robot_supervisor]: Triggered uncontrollable event: EV_zone_b_reached
[INFO] [1789488580.495884997] [robot_0.robot_supervisor]: Selected controllable event: EV_move_forward
[INFO] [1789488580.788381086] [robot_0.robot_supervisor]: Triggered uncontrollable event: EV_zone_a_not_visible
[INFO] [1789488580.807727290] [robot_0.robot_supervisor]: Triggered uncontrollable event: EV_zone_b_reached
[INFO] [1789488580.808696349] [robot_0.robot_supervisor]: Selected controllable event: EV_move_forward
[INFO] [1789488581.106601816] [robot_0.robot_supervisor]: Selected controllable event: EV_search_zone
[INFO] [1789488581.299741253] [robot_0.robot_supervisor]: Selected controllable event: EV_move_forward
[INFO] [1789488581.601749183] [robot_0.robot_supervisor]: Triggered uncontrollable event: EV_zone_a_not_visible
[INFO] [1789488581.607440191] [robot_0.robot_supervisor]: Selected controllable event: EV_search_zone
[INFO] [1789488581.789032524] [robot_0.robot_supervisor]: Triggered uncontrollable event: EV_zone_b_reached
[INFO] [1789488581.811294266] [robot_0.robot_supervisor]: Selected controllable event: EV_search_zone
[INFO] [1789488581.986351667] [robot_0.robot_supervisor]: Selected controllable event: EV_search_zone
[INFO] [1789488582.104362027] [robot_0.robot_supervisor]: Selected controllable event: EV_move_forward
[INFO] [1789488582.410532761] [robot_0.robot_supervisor]: Selected controllable event: EV_search_zone
[INFO] [1789488582.585453504] [robot_0.robot_supervisor]: Triggered uncontrollable event: EV_zone_a_not_visible
[INFO] [1789488582.589498319] [robot_0.robot_supervisor]: Triggered uncontrollable event: EV_zone_b_reached
[INFO] [1789488582.591304079] [robot_0.robot_supervisor]: Selected controllable event: EV_search_zone
[INFO] [1789488582.793776402] [robot_0.robot_supervisor]: Selected controllable event: EV_move_forward
[INFO] [1789488583.105776840] [robot_0.robot_supervisor]: Selected controllable event: EV_move_forward
[INFO] [1789488583.414576687] [robot_0.robot_supervisor]: Selected controllable event: EV_move_forward
[INFO] [1789488583.689646845] [robot_0.robot_supervisor]: Triggered uncontrollable event: EV_zone_a_not_visible
[INFO] [1789488583.691468510] [robot_0.robot_supervisor]: Triggered uncontrollable event: EV_zone_b_reached
[INFO] [1789488583.704313012] [robot_0.robot_supervisor]: Selected controllable event: EV_search_zone
[INFO] [1789488583.901774686] [robot_0.robot_supervisor]: Selected controllable event: EV_search_zone
[INFO] [1789488584.104761308] [robot_0.robot_supervisor]: Selected controllable event: EV_move_forward
[INFO] [1789488584.403348897] [robot_0.robot_supervisor]: Triggered uncontrollable event: EV_zone_a_not_visible
[INFO] [1789488584.409793997] [robot_0.robot_supervisor]: Triggered uncontrollable event: EV_zone_b_reached
[INFO] [1789488584.418256836] [robot_0.robot_supervisor]: Selected controllable event: EV_move_forward
[INFO] [1789488584.698870367] [robot_0.robot_supervisor]: Selected controllable event: EV_search_zone
[INFO] [1789488584.885473423] [robot_0.robot_supervisor]: Selected controllable event: EV_move_forward
[INFO] [1789488585.135550801] [robot_0.robot_supervisor]: Selected controllable event: EV_move_forward
[INFO] [1789488585.393211782] [robot_0.robot_supervisor]: Triggered uncontrollable event: EV_zone_a_not_visible
[INFO] [1789488585.403191109] [robot_0.robot_supervisor]: Triggered uncontrollable event: EV_zone_b_reached
[INFO] [1789488585.404348384] [robot_0.robot_supervisor]: Selected controllable event: EV_search_zone
[INFO] [1789488585.603402386] [robot_0.robot_supervisor]: Selected controllable event: EV_move_forward
[INFO] [1789488585.806041037] [robot_0.robot_supervisor]: Selected controllable event: EV_move_forward
[INFO] [1789488586.092035818] [robot_0.robot_supervisor]: Triggered uncontrollable event: EV_zone_a_not_visible
[INFO] [1789488586.092809707] [robot_0.robot_supervisor]: Triggered uncontrollable event: EV_zone_b_not_visible
[INFO] [1789488586.093674707] [robot_0.robot_supervisor]: Selected controllable event: EV_move_forward
[INFO] [1789488586.303752215] [robot_0.robot_supervisor]: Selected controllable event: EV_search_zone
[INFO] [1789488586.504739397] [robot_0.robot_supervisor]: Selected controllable event: EV_move_forward
[INFO] [1789488586.809439246] [robot_0.robot_supervisor]: Selected controllable event: EV_search_zone
[INFO] [1789488586.998768496] [robot_0.robot_supervisor]: Triggered uncontrollable event: EV_zone_a_not_visible
[INFO] [1789488587.002613129] [robot_0.robot_supervisor]: Triggered uncontrollable event: EV_zone_b_not_visible
[INFO] [1789488587.003567568] [robot_0.robot_supervisor]: Selected controllable event: EV_move_forward
[INFO] [1789488587.291650812] [robot_0.robot_supervisor]: Selected controllable event: EV_search_zone
[INFO] [1789488587.399131554] [robot_0.robot_supervisor]: Selected controllable event: EV_move_forward
[INFO] [1789488587.705339252] [robot_0.robot_supervisor]: Selected controllable event: EV_search_zone
[INFO] [1789488587.881406702] [robot_0.robot_supervisor]: Triggered uncontrollable event: EV_zone_a_not_visible
[INFO] [1789488587.882204346] [robot_0.robot_supervisor]: Triggered uncontrollable event: EV_zone_b_not_visible
[INFO] [1789488587.897147992] [robot_0.robot_supervisor]: Selected controllable event: EV_search_zone
[INFO] [1789488588.099096462] [robot_0.robot_supervisor]: Selected controllable event: EV_search_zone
[INFO] [1789488588.312806877] [robot_0.robot_supervisor]: Selected controllable event: EV_move_forward
[INFO] [1789488588.518906240] [robot_0.robot_supervisor]: Selected controllable event: EV_move_forward
[INFO] [1789488588.792831398] [robot_0.robot_supervisor]: Triggered uncontrollable event: EV_zone_a_not_visible
[INFO] [1789488588.811738386] [robot_0.robot_supervisor]: Triggered uncontrollable event: EV_zone_b_not_visible
[INFO] [1789488588.812580401] [robot_0.robot_supervisor]: Selected controllable event: EV_search_zone
[INFO] [1789488588.977955681] [robot_0.robot_supervisor]: Selected controllable event: EV_move_forward
[INFO] [1789488589.203119875] [robot_0.robot_supervisor]: Selected controllable event: EV_move_forward
[INFO] [1789488589.419306295] [robot_0.robot_supervisor]: Triggered uncontrollable event: EV_zone_a_visible
[INFO] [1789488589.420331943] [robot_0.robot_supervisor]: Selected controllable event: EV_move_forward
[INFO] [1789488589.711249170] [robot_0.robot_supervisor]: Triggered uncontrollable event: EV_zone_b_not_visible
[INFO] [1789488589.712164994] [robot_0.robot_supervisor]: Selected controllable event: EV_move_forward
[INFO] [1789488589.996354156] [robot_0.robot_supervisor]: Selected controllable event: EV_approach_zone
[INFO] [1789488590.305375066] [robot_0.robot_supervisor]: Selected controllable event: EV_move_forward
[INFO] [1789488590.607938986] [robot_0.robot_supervisor]: Triggered uncontrollable event: EV_zone_a_visible
[INFO] [1789488590.608684602] [robot_0.robot_supervisor]: Triggered uncontrollable event: EV_zone_b_not_visible
[INFO] [1789488590.625756646] [robot_0.robot_supervisor]: Selected controllable event: EV_approach_zone
[INFO] [1789488590.901502743] [robot_0.robot_supervisor]: Selected controllable event: EV_move_forward
[INFO] [1789488591.192101713] [robot_0.robot_supervisor]: Selected controllable event: EV_approach_zone
[INFO] [1789488591.497233575] [robot_0.robot_supervisor]: Triggered uncontrollable event: EV_zone_a_visible
[INFO] [1789488591.507729964] [robot_0.robot_supervisor]: Triggered uncontrollable event: EV_zone_b_not_visible
[INFO] [1789488591.516861825] [robot_0.robot_supervisor]: Selected controllable event: EV_move_forward
[INFO] [1789488591.786642739] [robot_0.robot_supervisor]: Selected controllable event: EV_approach_zone
[INFO] [1789488591.992832082] [robot_0.robot_supervisor]: Selected controllable event: EV_move_forward
[INFO] [1789488592.211361099] [robot_0.robot_supervisor]: Selected controllable event: EV_approach_zone
[INFO] [1789488592.505954263] [robot_0.robot_supervisor]: Triggered uncontrollable event: EV_zone_a_visible
[INFO] [1789488592.506764940] [robot_0.robot_supervisor]: Triggered uncontrollable event: EV_zone_b_not_visible
[INFO] [1789488592.507632673] [robot_0.robot_supervisor]: Selected controllable event: EV_move_forward
[INFO] [1789488592.710387975] [robot_0.robot_supervisor]: Selected controllable event: EV_move_forward
[INFO] [1789488593.000282235] [robot_0.robot_supervisor]: Selected controllable event: EV_approach_zone
[INFO] [1789488593.214985785] [robot_0.robot_supervisor]: Selected controllable event: EV_approach_zone
[INFO] [1789488593.483237579] [robot_0.robot_supervisor]: Triggered uncontrollable event: EV_zone_a_visible
[INFO] [1789488593.483979113] [robot_0.robot_supervisor]: Triggered uncontrollable event: EV_zone_b_not_visible
[INFO] [1789488593.504725312] [robot_0.robot_supervisor]: Selected controllable event: EV_approach_zone
[INFO] [1789488593.775887130] [robot_0.robot_supervisor]: Selected controllable event: EV_approach_zone
[INFO] [1789488593.979836825] [robot_0.robot_supervisor]: Selected controllable event: EV_move_forward
[INFO] [1789488594.273537368] [robot_0.robot_supervisor]: Triggered uncontrollable event: EV_zone_a_visible
[INFO] [1789488594.289421222] [robot_0.robot_supervisor]: Triggered uncontrollable event: EV_zone_b_not_visible
[INFO] [1789488594.300363395] [robot_0.robot_supervisor]: Selected controllable event: EV_move_forward
[INFO] [1789488594.601754450] [robot_0.robot_supervisor]: Selected controllable event: EV_move_forward
[INFO] [1789488594.909210263] [robot_0.robot_supervisor]: Selected controllable event: EV_approach_zone
[INFO] [1789488595.194776461] [robot_0.robot_supervisor]: Triggered uncontrollable event: EV_zone_a_visible
[INFO] [1789488595.199664789] [robot_0.robot_supervisor]: Triggered uncontrollable event: EV_zone_b_not_visible
[INFO] [1789488595.218615751] [robot_0.robot_supervisor]: Selected controllable event: EV_approach_zone
[INFO] [1789488595.483819049] [robot_0.robot_supervisor]: Selected controllable event: EV_approach_zone
[INFO] [1789488595.708873986] [robot_0.robot_supervisor]: Selected controllable event: EV_move_forward
[INFO] [1789488595.981139077] [robot_0.robot_supervisor]: Triggered uncontrollable event: EV_zone_a_visible
[INFO] [1789488595.990068639] [robot_0.robot_supervisor]: Triggered uncontrollable event: EV_zone_b_not_visible
[INFO] [1789488595.996488373] [robot_0.robot_supervisor]: Selected controllable event: EV_approach_zone
[INFO] [1789488596.299652907] [robot_0.robot_supervisor]: Selected controllable event: EV_approach_zone
[INFO] [1789488596.600805775] [robot_0.robot_supervisor]: Selected controllable event: EV_approach_zone
[INFO] [1789488596.903119772] [robot_0.robot_supervisor]: Triggered uncontrollable event: EV_zone_a_visible
[INFO] [1789488596.905925471] [robot_0.robot_supervisor]: Selected controllable event: EV_move_forward
[INFO] [1789488597.198051995] [robot_0.robot_supervisor]: Triggered uncontrollable event: EV_zone_b_not_visible
[INFO] [1789488597.201256427] [robot_0.robot_supervisor]: Selected controllable event: EV_approach_zone
[INFO] [1789488597.488541499] [robot_0.robot_supervisor]: Selected controllable event: EV_approach_zone
[INFO] [1789488597.697035696] [robot_0.robot_supervisor]: Selected controllable event: EV_move_forward
[INFO] [1789488597.911513662] [robot_0.robot_supervisor]: Triggered uncontrollable event: EV_zone_b_not_visible
[INFO] [1789488597.912215251] [robot_0.robot_supervisor]: Triggered uncontrollable event: EV_zone_a_reached
[INFO] [1789488597.925304940] [robot_0.robot_supervisor]: Selected controllable event: EV_search_zone
[INFO] [1789488598.109228168] [robot_0.robot_supervisor]: Selected controllable event: EV_move_forward
[INFO] [1789488598.378257928] [robot_0.robot_supervisor]: Selected controllable event: EV_move_forward
[INFO] [1789488598.580959033] [robot_0.robot_supervisor]: Selected controllable event: EV_search_zone
[INFO] [1789488598.701173628] [robot_0.robot_supervisor]: Selected controllable event: EV_search_zone
[INFO] [1789488598.883734957] [robot_0.robot_supervisor]: Triggered uncontrollable event: EV_obstacle_front
[INFO] [1789488598.894036307] [robot_0.robot_supervisor]: Triggered uncontrollable event: EV_zone_b_not_visible
[INFO] [1789488598.894843359] [robot_0.robot_supervisor]: Triggered uncontrollable event: EV_zone_a_reached
[INFO] [1789488598.895796837] [robot_0.robot_supervisor]: Selected controllable event: EV_rotate_counterclockwise
[INFO] [1789488599.105406595] [robot_0.robot_supervisor]: Triggered uncontrollable event: EV_obstacle_front
[INFO] [1789488599.106413895] [robot_0.robot_supervisor]: Selected controllable event: EV_move_backward
[INFO] [1789488599.403190416] [robot_0.robot_supervisor]: Triggered uncontrollable event: EV_obstacle_front
[INFO] [1789488599.413539080] [robot_0.robot_supervisor]: Selected controllable event: EV_rotate_counterclockwise
[INFO] [1789488599.591444526] [robot_0.robot_supervisor]: Triggered uncontrollable event: EV_obstacle_front
[INFO] [1789488599.615573650] [robot_0.robot_supervisor]: Selected controllable event: EV_move_backward
[INFO] [1789488599.910049281] [robot_0.robot_supervisor]: Triggered uncontrollable event: EV_obstacle_front
[INFO] [1789488599.910869641] [robot_0.robot_supervisor]: Triggered uncontrollable event: EV_zone_b_not_visible
[INFO] [1789488599.916468391] [robot_0.robot_supervisor]: Triggered uncontrollable event: EV_zone_a_reached
[INFO] [1789488599.923533845] [robot_0.robot_supervisor]: Selected controllable event: EV_rotate_clockwise
[INFO] [1789488600.107528909] [robot_0.robot_supervisor]: Triggered uncontrollable event: EV_obstacle_front
[INFO] [1789488600.108567626] [robot_0.robot_supervisor]: Selected controllable event: EV_rotate_clockwise
[INFO] [1789488600.302087096] [robot_0.robot_supervisor]: Triggered uncontrollable event: EV_obstacle_front
[INFO] [1789488600.312529849] [robot_0.robot_supervisor]: Selected controllable event: EV_move_backward
[INFO] [1789488600.595139372] [robot_0.robot_supervisor]: Triggered uncontrollable event: EV_obstacle_front
[INFO] [1789488600.606916263] [robot_0.robot_supervisor]: Selected controllable event: EV_u_turn
[INFO] [1789488600.608017392] [robot_0.robot_supervisor]: Starting FULL ROTATE (omega=1.000, have_odom=True, target_rad=3.142, timeout_s=3.500)
[INFO] [1789488604.186486095] [robot_0.robot_supervisor]: FULL ROTATE completed by timeout
[INFO] [1789488604.405223231] [robot_0.robot_supervisor]: Triggered uncontrollable event: EV_zone_b_not_visible
[INFO] [1789488604.406085334] [robot_0.robot_supervisor]: Triggered uncontrollable event: EV_zone_a_reached
[INFO] [1789488604.406982257] [robot_0.robot_supervisor]: Selected controllable event: EV_move_forward
[INFO] [1789488604.712714534] [robot_0.robot_supervisor]: Selected controllable event: EV_move_forward
[INFO] [1789488604.987639492] [robot_0.robot_supervisor]: Selected controllable event: EV_move_forward
[INFO] [1789488605.213340502] [robot_0.robot_supervisor]: Triggered uncontrollable event: EV_zone_b_visible
[INFO] [1789488605.218344495] [robot_0.robot_supervisor]: Triggered uncontrollable event: EV_zone_a_reached
[INFO] [1789488605.227986316] [robot_0.robot_supervisor]: Selected controllable event: EV_approach_zone
[INFO] [1789488605.485022379] [robot_0.robot_supervisor]: Selected controllable event: EV_approach_zone
[INFO] [1789488605.704380477] [robot_0.robot_supervisor]: Selected controllable event: EV_move_forward
[INFO] [1789488606.019634739] [robot_0.robot_supervisor]: Triggered uncontrollable event: EV_zone_a_reached
[INFO] [1789488606.024773120] [robot_0.robot_supervisor]: Selected controllable event: EV_approach_zone
[INFO] [1789488606.311049410] [robot_0.robot_supervisor]: Triggered uncontrollable event: EV_zone_b_visible
[INFO] [1789488606.311918052] [robot_0.robot_supervisor]: Selected controllable event: EV_move_forward
[INFO] [1789488606.593296463] [robot_0.robot_supervisor]: Selected controllable event: EV_approach_zone
[INFO] [1789488606.873470956] [robot_0.robot_supervisor]: Triggered uncontrollable event: EV_zone_a_reached
[INFO] [1789488606.886453528] [robot_0.robot_supervisor]: Selected controllable event: EV_approach_zone
[INFO] [1789488607.088912445] [robot_0.robot_supervisor]: Triggered uncontrollable event: EV_zone_b_visible
[INFO] [1789488607.101642384] [robot_0.robot_supervisor]: Selected controllable event: EV_approach_zone
[INFO] [1789488607.397823390] [robot_0.robot_supervisor]: Selected controllable event: EV_approach_zone
[INFO] [1789488607.679538174] [robot_0.robot_supervisor]: Triggered uncontrollable event: EV_zone_b_visible
[INFO] [1789488607.691550522] [robot_0.robot_supervisor]: Triggered uncontrollable event: EV_zone_a_not_visible
[INFO] [1789488607.696131930] [robot_0.robot_supervisor]: Selected controllable event: EV_move_forward
[INFO] [1789488607.985374173] [robot_0.robot_supervisor]: Selected controllable event: EV_approach_zone
[INFO] [1789488608.192292081] [robot_0.robot_supervisor]: Selected controllable event: EV_approach_zone
[INFO] [1789488608.510393942] [robot_0.robot_supervisor]: Triggered uncontrollable event: EV_zone_b_visible
[INFO] [1789488608.511021267] [robot_0.robot_supervisor]: Triggered uncontrollable event: EV_zone_a_not_visible
[INFO] [1789488608.511756247] [robot_0.robot_supervisor]: Selected controllable event: EV_approach_zone
[INFO] [1789488608.784884948] [robot_0.robot_supervisor]: Selected controllable event: EV_move_forward
[INFO] [1789488609.095588255] [robot_0.robot_supervisor]: Selected controllable event: EV_move_forward
[INFO] [1789488609.392402795] [robot_0.robot_supervisor]: Triggered uncontrollable event: EV_zone_b_visible
[INFO] [1789488609.399750374] [robot_0.robot_supervisor]: Triggered uncontrollable event: EV_zone_a_not_visible
[INFO] [1789488609.400596477] [robot_0.robot_supervisor]: Selected controllable event: EV_move_forward
[INFO] [1789488609.703959229] [robot_0.robot_supervisor]: Selected controllable event: EV_move_forward
[INFO] [1789488609.995778532] [robot_0.robot_supervisor]: Selected controllable event: EV_approach_zone
[INFO] [1789488610.200621945] [robot_0.robot_supervisor]: Triggered uncontrollable event: EV_zone_a_not_visible
[INFO] [1789488610.201678195] [robot_0.robot_supervisor]: Selected controllable event: EV_move_forward
[INFO] [1789488610.499638165] [robot_0.robot_supervisor]: Triggered uncontrollable event: EV_zone_b_visible
[INFO] [1789488610.503931050] [robot_0.robot_supervisor]: Selected controllable event: EV_approach_zone
[INFO] [1789488610.797212383] [robot_0.robot_supervisor]: Selected controllable event: EV_approach_zone
[INFO] [1789488611.034613507] [robot_0.robot_supervisor]: Triggered uncontrollable event: EV_zone_a_not_visible
[INFO] [1789488611.035586225] [robot_0.robot_supervisor]: Selected controllable event: EV_approach_zone
[INFO] [1789488611.292810110] [robot_0.robot_supervisor]: Triggered uncontrollable event: EV_zone_b_visible
[INFO] [1789488611.307239567] [robot_0.robot_supervisor]: Selected controllable event: EV_move_forward
[INFO] [1789488611.594173678] [robot_0.robot_supervisor]: Selected controllable event: EV_move_forward
[INFO] [1789488611.913104777] [robot_0.robot_supervisor]: Triggered uncontrollable event: EV_zone_a_not_visible
[INFO] [1789488611.914091763] [robot_0.robot_supervisor]: Selected controllable event: EV_move_forward
[INFO] [1789488612.205035338] [robot_0.robot_supervisor]: Triggered uncontrollable event: EV_zone_b_visible
[INFO] [1789488612.205970117] [robot_0.robot_supervisor]: Selected controllable event: EV_approach_zone
[INFO] [1789488612.489958959] [robot_0.robot_supervisor]: Selected controllable event: EV_move_forward
[INFO] [1789488612.697069229] [robot_0.robot_supervisor]: Selected controllable event: EV_approach_zone
[INFO] [1789488612.987184824] [robot_0.robot_supervisor]: Triggered uncontrollable event: EV_zone_b_visible
[INFO] [1789488612.987837979] [robot_0.robot_supervisor]: Triggered uncontrollable event: EV_zone_a_not_visible
[INFO] [1789488612.988618243] [robot_0.robot_supervisor]: Selected controllable event: EV_approach_zone
[INFO] [1789488613.273940022] [robot_0.robot_supervisor]: Selected controllable event: EV_approach_zone
[INFO] [1789488613.511112207] [robot_0.robot_supervisor]: Selected controllable event: EV_move_forward
[INFO] [1789488613.811352865] [robot_0.robot_supervisor]: Triggered uncontrollable event: EV_zone_b_visible
[INFO] [1789488613.816713034] [robot_0.robot_supervisor]: Triggered uncontrollable event: EV_zone_a_not_visible
[INFO] [1789488613.818476881] [robot_0.robot_supervisor]: Selected controllable event: EV_approach_zone
[INFO] [1789488614.108198517] [robot_0.robot_supervisor]: Selected controllable event: EV_approach_zone
[INFO] [1789488614.393594891] [robot_0.robot_supervisor]: Triggered uncontrollable event: EV_zone_b_visible
[INFO] [1789488614.400537967] [robot_0.robot_supervisor]: Triggered uncontrollable event: EV_zone_a_not_visible
[INFO] [1789488614.405209060] [robot_0.robot_supervisor]: Selected controllable event: EV_move_forward
[INFO] [1789488614.680552972] [robot_0.robot_supervisor]: Selected controllable event: EV_approach_zone
[INFO] [1789488614.989739443] [robot_0.robot_supervisor]: Selected controllable event: EV_move_forward
[INFO] [1789488615.191384989] [robot_0.robot_supervisor]: Triggered uncontrollable event: EV_zone_a_not_visible
[INFO] [1789488615.200832240] [robot_0.robot_supervisor]: Triggered uncontrollable event: EV_zone_b_reached
[INFO] [1789488615.205256840] [robot_0.robot_supervisor]: Selected controllable event: EV_move_forward
[INFO] [1789488615.489496826] [robot_0.robot_supervisor]: Selected controllable event: EV_search_zone
[INFO] [1789488615.600240925] [robot_0.robot_supervisor]: Selected controllable event: EV_move_forward
[INFO] [1789488615.896537816] [robot_0.robot_supervisor]: Selected controllable event: EV_move_forward
[INFO] [1789488616.202304721] [robot_0.robot_supervisor]: Triggered uncontrollable event: EV_zone_a_not_visible
[INFO] [1789488616.211729647] [robot_0.robot_supervisor]: Triggered uncontrollable event: EV_zone_b_reached
[INFO] [1789488616.215509610] [robot_0.robot_supervisor]: Triggered uncontrollable event: EV_obstacle_front
[INFO] [1789488616.221927805] [robot_0.robot_supervisor]: Selected controllable event: EV_move_backward
[INFO] [1789488616.495490488] [robot_0.robot_supervisor]: Triggered uncontrollable event: EV_obstacle_front
[INFO] [1789488616.496457162] [robot_0.robot_supervisor]: Selected controllable event: EV_rotate_clockwise
[INFO] [1789488616.682046532] [robot_0.robot_supervisor]: Triggered uncontrollable event: EV_obstacle_front
[INFO] [1789488616.701872947] [robot_0.robot_supervisor]: Selected controllable event: EV_rotate_counterclockwise
[INFO] [1789488616.913515761] [robot_0.robot_supervisor]: Triggered uncontrollable event: EV_zone_a_not_visible
[INFO] [1789488616.914169112] [robot_0.robot_supervisor]: Triggered uncontrollable event: EV_zone_b_reached
[INFO] [1789488616.914794147] [robot_0.robot_supervisor]: Triggered uncontrollable event: EV_obstacle_front
[INFO] [1789488616.915616349] [robot_0.robot_supervisor]: Selected controllable event: EV_move_backward
[INFO] [1789488617.194999137] [robot_0.robot_supervisor]: Triggered uncontrollable event: EV_obstacle_front
[INFO] [1789488617.204145530] [robot_0.robot_supervisor]: Selected controllable event: EV_rotate_clockwise
[INFO] [1789488617.409670296] [robot_0.robot_supervisor]: Triggered uncontrollable event: EV_obstacle_front
[INFO] [1789488617.410542577] [robot_0.robot_supervisor]: Selected controllable event: EV_u_turn
[INFO] [1789488617.411315362] [robot_0.robot_supervisor]: Starting FULL ROTATE (omega=1.000, have_odom=True, target_rad=3.142, timeout_s=3.500)
[INFO] [1789488620.991140310] [robot_0.robot_supervisor]: FULL ROTATE completed by timeout
[INFO] [1789488621.311489337] [robot_0.robot_supervisor]: Triggered uncontrollable event: EV_zone_a_not_visible
[INFO] [1789488621.324501029] [robot_0.robot_supervisor]: Triggered uncontrollable event: EV_zone_b_reached
[INFO] [1789488621.325538037] [robot_0.robot_supervisor]: Selected controllable event: EV_move_forward
[INFO] [1789488621.601303861] [robot_0.robot_supervisor]: Selected controllable event: EV_move_forward
[INFO] [1789488621.904264973] [robot_0.robot_supervisor]: Triggered uncontrollable event: EV_zone_a_not_visible
[INFO] [1789488621.909699699] [robot_0.robot_supervisor]: Triggered uncontrollable event: EV_zone_b_reached
[INFO] [1789488621.910691349] [robot_0.robot_supervisor]: Selected controllable event: EV_move_forward
[INFO] [1789488622.202572652] [robot_0.robot_supervisor]: Selected controllable event: EV_search_zone
[INFO] [1789488622.404731101] [robot_0.robot_supervisor]: Selected controllable event: EV_search_zone
[INFO] [1789488622.596008261] [robot_0.robot_supervisor]: Triggered uncontrollable event: EV_zone_a_not_visible
[INFO] [1789488622.612691661] [robot_0.robot_supervisor]: Selected controllable event: EV_move_forward
[INFO] [1789488622.875974068] [robot_0.robot_supervisor]: Triggered uncontrollable event: EV_zone_b_reached
[INFO] [1789488622.893311049] [robot_0.robot_supervisor]: Selected controllable event: EV_search_zone
[INFO] [1789488623.091286427] [robot_0.robot_supervisor]: Selected controllable event: EV_move_forward
[INFO] [1789488623.309904498] [robot_0.robot_supervisor]: Selected controllable event: EV_move_forward
[INFO] [1789488623.594625689] [robot_0.robot_supervisor]: Triggered uncontrollable event: EV_zone_a_not_visible
[INFO] [1789488623.611582739] [robot_0.robot_supervisor]: Triggered uncontrollable event: EV_zone_b_reached
[INFO] [1789488623.621113060] [robot_0.robot_supervisor]: Selected controllable event: EV_move_forward
[INFO] [1789488623.887207212] [robot_0.robot_supervisor]: Selected controllable event: EV_search_zone
[INFO] [1789488624.112234172] [robot_0.robot_supervisor]: Selected controllable event: EV_search_zone
[INFO] [1789488624.298849790] [robot_0.robot_supervisor]: Selected controllable event: EV_search_zone
[INFO] [1789488624.499236267] [robot_0.robot_supervisor]: Triggered uncontrollable event: EV_zone_a_not_visible
[INFO] [1789488624.501961749] [robot_0.robot_supervisor]: Triggered uncontrollable event: EV_zone_b_reached
[INFO] [1789488624.511963155] [robot_0.robot_supervisor]: Selected controllable event: EV_move_forward
[INFO] [1789488624.789691302] [robot_0.robot_supervisor]: Selected controllable event: EV_move_forward
[INFO] [1789488625.000981542] [robot_0.robot_supervisor]: Selected controllable event: EV_move_forward
[INFO] [1789488625.234361819] [robot_0.robot_supervisor]: Selected controllable event: EV_move_forward
[INFO] [1789488625.502532995] [robot_0.robot_supervisor]: Triggered uncontrollable event: EV_zone_a_not_visible
[INFO] [1789488625.506584760] [robot_0.robot_supervisor]: Triggered uncontrollable event: EV_zone_b_reached
[INFO] [1789488625.512739984] [robot_0.robot_supervisor]: Selected controllable event: EV_search_zone
[INFO] [1789488625.696310676] [robot_0.robot_supervisor]: Selected controllable event: EV_move_forward
[INFO] [1789488625.907660000] [robot_0.robot_supervisor]: Selected controllable event: EV_search_zone
[INFO] [1789488626.107644386] [robot_0.robot_supervisor]: Selected controllable event: EV_move_forward
[INFO] [1789488626.391562480] [robot_0.robot_supervisor]: Triggered uncontrollable event: EV_zone_a_not_visible
[INFO] [1789488626.392271178] [robot_0.robot_supervisor]: Triggered uncontrollable event: EV_zone_b_not_visible
[INFO] [1789488626.407768208] [robot_0.robot_supervisor]: Selected controllable event: EV_move_forward
[INFO] [1789488626.697720677] [robot_0.robot_supervisor]: Selected controllable event: EV_search_zone
[INFO] [1789488626.737166722] [robot_0.robot_supervisor]: RECEIVED zone_a; balance=equal
[INFO] [1789488626.812754128] [robot_0.robot_supervisor]: Triggered uncontrollable event: EV_received_delivered_zone_a
[INFO] [1789488626.813651310] [robot_0.robot_supervisor]: Selected controllable event: EV_search_zone
[INFO] [1789488626.996257424] [robot_0.robot_supervisor]: Selected controllable event: EV_search_zone
[INFO] [1789488627.115346033] [robot_0.robot_supervisor]: Selected controllable event: EV_search_zone
[INFO] [1789488627.295210793] [robot_0.robot_supervisor]: Triggered uncontrollable event: EV_zone_a_not_visible
[INFO] [1789488627.295943646] [robot_0.robot_supervisor]: Triggered uncontrollable event: EV_zone_b_not_visible
[INFO] [1789488627.296826051] [robot_0.robot_supervisor]: Selected controllable event: EV_move_forward
[INFO] [1789488627.596569232] [robot_0.robot_supervisor]: Selected controllable event: EV_search_zone
[INFO] [1789488627.778890220] [robot_0.robot_supervisor]: Selected controllable event: EV_search_zone
[INFO] [1789488627.897206845] [robot_0.robot_supervisor]: Triggered uncontrollable event: EV_zone_a_not_visible
[INFO] [1789488627.898084804] [robot_0.robot_supervisor]: Selected controllable event: EV_search_zone
[INFO] [1789488628.073161868] [robot_0.robot_supervisor]: Triggered uncontrollable event: EV_zone_b_not_visible
[INFO] [1789488628.096485264] [robot_0.robot_supervisor]: Selected controllable event: EV_move_forward
[INFO] [1789488628.401280919] [robot_0.robot_supervisor]: Selected controllable event: EV_search_zone
[INFO] [1789488628.598865748] [robot_0.robot_supervisor]: Selected controllable event: EV_move_forward
[INFO] [1789488628.907546007] [robot_0.robot_supervisor]: Triggered uncontrollable event: EV_zone_a_visible
[INFO] [1789488628.908127629] [robot_0.robot_supervisor]: Triggered uncontrollable event: EV_zone_b_not_visible
[INFO] [1789488628.914593015] [robot_0.robot_supervisor]: Selected controllable event: EV_move_forward
[INFO] [1789488629.203344475] [robot_0.robot_supervisor]: Selected controllable event: EV_approach_zone
[INFO] [1789488629.513751399] [robot_0.robot_supervisor]: Triggered uncontrollable event: EV_zone_a_visible
[INFO] [1789488629.519135120] [robot_0.robot_supervisor]: Selected controllable event: EV_move_forward
[INFO] [1789488629.799173383] [robot_0.robot_supervisor]: Triggered uncontrollable event: EV_zone_b_not_visible
[INFO] [1789488629.805549393] [robot_0.robot_supervisor]: Selected controllable event: EV_move_forward
[INFO] [1789488630.097983602] [robot_0.robot_supervisor]: Selected controllable event: EV_approach_zone
[INFO] [1789488630.405263922] [robot_0.robot_supervisor]: Triggered uncontrollable event: EV_zone_a_visible
[INFO] [1789488630.405882389] [robot_0.robot_supervisor]: Triggered uncontrollable event: EV_zone_b_not_visible
[INFO] [1789488630.406668687] [robot_0.robot_supervisor]: Selected controllable event: EV_move_forward
[INFO] [1789488630.694877895] [robot_0.robot_supervisor]: Selected controllable event: EV_move_forward
[INFO] [1789488630.981930604] [robot_0.robot_supervisor]: Selected controllable event: EV_move_forward
[INFO] [1789488631.202701841] [robot_0.robot_supervisor]: Triggered uncontrollable event: EV_zone_a_visible
[INFO] [1789488631.203364951] [robot_0.robot_supervisor]: Triggered uncontrollable event: EV_zone_b_not_visible
[INFO] [1789488631.204187476] [robot_0.robot_supervisor]: Selected controllable event: EV_approach_zone
[INFO] [1789488631.497631506] [robot_0.robot_supervisor]: Selected controllable event: EV_move_forward
[INFO] [1789488631.815620323] [robot_0.robot_supervisor]: Triggered uncontrollable event: EV_obstacle_right
[INFO] [1789488631.825102609] [robot_0.robot_supervisor]: Selected controllable event: EV_u_turn
[INFO] [1789488631.840770665] [robot_0.robot_supervisor]: Starting FULL ROTATE (omega=1.000, have_odom=True, target_rad=3.142, timeout_s=3.500)
[INFO] [1789488635.391333172] [robot_0.robot_supervisor]: FULL ROTATE completed by timeout
[INFO] [1789488635.699896990] [robot_0.robot_supervisor]: Triggered uncontrollable event: EV_zone_a_visible
[INFO] [1789488635.700578769] [robot_0.robot_supervisor]: Triggered uncontrollable event: EV_zone_b_not_visible
[INFO] [1789488635.701443145] [robot_0.robot_supervisor]: Selected controllable event: EV_move_forward
[INFO] [1789488635.987936051] [robot_0.robot_supervisor]: Selected controllable event: EV_approach_zone
[INFO] [1789488636.278692932] [robot_0.robot_supervisor]: Triggered uncontrollable event: EV_zone_a_visible
[INFO] [1789488636.285828983] [robot_0.robot_supervisor]: Triggered uncontrollable event: EV_zone_b_not_visible
[INFO] [1789488636.296997609] [robot_0.robot_supervisor]: Selected controllable event: EV_approach_zone
[INFO] [1789488636.586039658] [robot_0.robot_supervisor]: Selected controllable event: EV_move_forward
[INFO] [1789488636.787994537] [robot_0.robot_supervisor]: Selected controllable event: EV_move_forward
[INFO] [1789488637.080484240] [robot_0.robot_supervisor]: Triggered uncontrollable event: EV_zone_a_visible
[INFO] [1789488637.100607208] [robot_0.robot_supervisor]: Triggered uncontrollable event: EV_zone_b_not_visible
[INFO] [1789488637.101476070] [robot_0.robot_supervisor]: Selected controllable event: EV_approach_zone
[INFO] [1789488637.395007663] [robot_0.robot_supervisor]: Selected controllable event: EV_approach_zone
[INFO] [1789488637.685986467] [robot_0.robot_supervisor]: Triggered uncontrollable event: EV_zone_a_not_visible
[INFO] [1789488637.686618961] [robot_0.robot_supervisor]: Triggered uncontrollable event: EV_zone_b_not_visible
[INFO] [1789488637.687359039] [robot_0.robot_supervisor]: Selected controllable event: EV_move_forward
[INFO] [1789488637.990269225] [robot_0.robot_supervisor]: Selected controllable event: EV_move_forward
[INFO] [1789488638.280176786] [robot_0.robot_supervisor]: Triggered uncontrollable event: EV_zone_a_not_visible
[INFO] [1789488638.283142173] [robot_0.robot_supervisor]: Triggered uncontrollable event: EV_zone_b_not_visible
[INFO] [1789488638.290124247] [robot_0.robot_supervisor]: Selected controllable event: EV_move_forward
[INFO] [1789488638.579818815] [robot_0.robot_supervisor]: Selected controllable event: EV_move_forward
[INFO] [1789488638.879961357] [robot_0.robot_supervisor]: Selected controllable event: EV_move_forward
[INFO] [1789488639.088233091] [robot_0.robot_supervisor]: Triggered uncontrollable event: EV_zone_a_not_visible
[INFO] [1789488639.088694361] [robot_0.robot_supervisor]: Triggered uncontrollable event: EV_zone_b_not_visible
[INFO] [1789488639.089248052] [robot_0.robot_supervisor]: Selected controllable event: EV_search_zone
[INFO] [1789488639.192005767] [robot_0.robot_supervisor]: Selected controllable event: EV_search_zone
[INFO] [1789488639.296577009] [robot_0.robot_supervisor]: Selected controllable event: EV_move_forward
[INFO] [1789488639.587339570] [robot_0.robot_supervisor]: Triggered uncontrollable event: EV_zone_a_not_visible
[INFO] [1789488639.596440221] [robot_0.robot_supervisor]: Triggered uncontrollable event: EV_zone_b_not_visible
[INFO] [1789488639.608411268] [robot_0.robot_supervisor]: Selected controllable event: EV_search_zone
[INFO] [1789488639.792680449] [robot_0.robot_supervisor]: Selected controllable event: EV_search_zone
[INFO] [1789488639.994892909] [robot_0.robot_supervisor]: Selected controllable event: EV_search_zone
[INFO] [1789488640.186607036] [robot_0.robot_supervisor]: Selected controllable event: EV_search_zone
[INFO] [1789488640.299710386] [robot_0.robot_supervisor]: Triggered uncontrollable event: EV_zone_a_not_visible
[INFO] [1789488640.300370967] [robot_0.robot_supervisor]: Triggered uncontrollable event: EV_obstacle_right
[INFO] [1789488640.315868399] [robot_0.robot_supervisor]: Selected controllable event: EV_u_turn
[INFO] [1789488640.316613730] [robot_0.robot_supervisor]: Starting FULL ROTATE (omega=1.000, have_odom=True, target_rad=3.142, timeout_s=3.500)
[INFO] [1789488643.889420005] [robot_0.robot_supervisor]: FULL ROTATE completed by timeout
[INFO] [1789488644.192803456] [robot_0.robot_supervisor]: Triggered uncontrollable event: EV_zone_b_visible
[INFO] [1789488644.193511788] [robot_0.robot_supervisor]: Triggered uncontrollable event: EV_zone_a_not_visible
[INFO] [1789488644.213162147] [robot_0.robot_supervisor]: Selected controllable event: EV_move_forward
[INFO] [1789488644.494439592] [robot_0.robot_supervisor]: Selected controllable event: EV_approach_zone
[INFO] [1789488644.708164909] [robot_0.robot_supervisor]: Selected controllable event: EV_move_forward
[INFO] [1789488645.013948448] [robot_0.robot_supervisor]: Triggered uncontrollable event: EV_zone_b_visible
[INFO] [1789488645.014892658] [robot_0.robot_supervisor]: Triggered uncontrollable event: EV_zone_a_not_visible
[INFO] [1789488645.015860242] [robot_0.robot_supervisor]: Selected controllable event: EV_move_forward
[INFO] [1789488645.293648884] [robot_0.robot_supervisor]: Selected controllable event: EV_approach_zone
[INFO] [1789488645.619996296] [robot_0.robot_supervisor]: Selected controllable event: EV_approach_zone
[INFO] [1789488645.895237164] [robot_0.robot_supervisor]: Triggered uncontrollable event: EV_zone_b_visible
[INFO] [1789488645.896215242] [robot_0.robot_supervisor]: Triggered uncontrollable event: EV_zone_a_not_visible
[INFO] [1789488645.900364718] [robot_0.robot_supervisor]: Selected controllable event: EV_approach_zone
[INFO] [1789488646.188388958] [robot_0.robot_supervisor]: Selected controllable event: EV_approach_zone
[INFO] [1789488646.413332858] [robot_0.robot_supervisor]: Selected controllable event: EV_move_forward
[INFO] [1789488646.615637197] [robot_0.robot_supervisor]: Triggered uncontrollable event: EV_zone_a_not_visible
[INFO] [1789488646.616626870] [robot_0.robot_supervisor]: Selected controllable event: EV_approach_zone
[INFO] [1789488646.906972781] [robot_0.robot_supervisor]: Triggered uncontrollable event: EV_zone_b_visible
[INFO] [1789488646.922343108] [robot_0.robot_supervisor]: Selected controllable event: EV_move_forward
[INFO] [1789488647.204155884] [robot_0.robot_supervisor]: Selected controllable event: EV_approach_zone
[INFO] [1789488647.492932679] [robot_0.robot_supervisor]: Triggered uncontrollable event: EV_zone_b_visible
[INFO] [1789488647.495644586] [robot_0.robot_supervisor]: Triggered uncontrollable event: EV_zone_a_not_visible
[INFO] [1789488647.509949708] [robot_0.robot_supervisor]: Selected controllable event: EV_approach_zone
[INFO] [1789488647.794553512] [robot_0.robot_supervisor]: Selected controllable event: EV_approach_zone
[INFO] [1789488648.111824539] [robot_0.robot_supervisor]: Selected controllable event: EV_approach_zone
[INFO] [1789488648.391109457] [robot_0.robot_supervisor]: Triggered uncontrollable event: EV_zone_b_visible
[INFO] [1789488648.406458346] [robot_0.robot_supervisor]: Triggered uncontrollable event: EV_zone_a_not_visible
[INFO] [1789488648.407415409] [robot_0.robot_supervisor]: Selected controllable event: EV_approach_zone
[INFO] [1789488648.609824380] [robot_0.robot_supervisor]: Selected controllable event: EV_move_forward
[INFO] [1789488648.896229376] [robot_0.robot_supervisor]: Selected controllable event: EV_move_forward
[INFO] [1789488649.200932182] [robot_0.robot_supervisor]: Triggered uncontrollable event: EV_zone_b_visible
[INFO] [1789488649.219244020] [robot_0.robot_supervisor]: Triggered uncontrollable event: EV_zone_a_not_visible
[INFO] [1789488649.220170009] [robot_0.robot_supervisor]: Selected controllable event: EV_move_forward
[INFO] [1789488649.509579199] [robot_0.robot_supervisor]: Selected controllable event: EV_approach_zone
[INFO] [1789488649.797680180] [robot_0.robot_supervisor]: Selected controllable event: EV_approach_zone
[INFO] [1789488650.089635089] [robot_0.robot_supervisor]: DELIVERED zone_b; balance=zone_b_has_extra
[INFO] [1789488650.097789575] [robot_0.robot_supervisor]: Triggered uncontrollable event: EV_zone_a_not_visible
[INFO] [1789488650.098543895] [robot_0.robot_supervisor]: Triggered uncontrollable event: EV_zone_b_reached
[INFO] [1789488650.099458274] [robot_0.robot_supervisor]: Selected controllable event: EV_drop_zone_b
[INFO] [1789488650.157695743] [robot_0.robot_supervisor]: Delivered cargo 'robot_0_carried_generic_box' removed.
[INFO] [1789488650.205149621] [robot_0.robot_supervisor]: Selected controllable event: EV_move_forward
[INFO] [1789488650.492933805] [robot_0.robot_supervisor]: Selected controllable event: EV_publish_delivered_zone_b
[INFO] [1789488650.597804936] [robot_0.robot_supervisor]: Selected controllable event: EV_search_object
[INFO] [1789488650.781136939] [robot_0.robot_supervisor]: ############################# VISIBLE: EV_object_visible #############################
[INFO] [1789488650.782061893] [robot_0.robot_supervisor]: Selected controllable event: EV_move_forward
[INFO] [1789488650.986345111] [robot_0.robot_supervisor]: Selected controllable event: EV_approach_object
[INFO] [1789488651.278471332] [robot_0.robot_supervisor]: Selected controllable event: EV_move_forward
[INFO] [1789488651.502219596] [robot_0.robot_supervisor]: Triggered uncontrollable event: EV_obstacle_front
[INFO] [1789488651.520181266] [robot_0.robot_supervisor]: Selected controllable event: EV_rotate_clockwise
[INFO] [1789488651.690826645] [robot_0.robot_supervisor]: Triggered uncontrollable event: EV_obstacle_front
[INFO] [1789488651.704843626] [robot_0.robot_supervisor]: Triggered uncontrollable event: EV_object_not_visible
[INFO] [1789488651.707163909] [robot_0.robot_supervisor]: Selected controllable event: EV_u_turn
[INFO] [1789488651.715995148] [robot_0.robot_supervisor]: Starting FULL ROTATE (omega=1.000, have_odom=True, target_rad=3.142, timeout_s=3.500)
[INFO] [1789488655.286685160] [robot_0.robot_supervisor]: FULL ROTATE completed by timeout
[INFO] [1789488655.493252134] [robot_0.robot_supervisor]: ############################# VISIBLE: EV_object_visible #############################
[INFO] [1789488655.507789222] [robot_0.robot_supervisor]: Selected controllable event: EV_move_forward
[INFO] [1789488655.786991153] [robot_0.robot_supervisor]: Selected controllable event: EV_approach_object
[INFO] [1789488656.001756241] [robot_0.robot_supervisor]: Selected controllable event: EV_move_forward
[INFO] [1789488656.279291621] [robot_0.robot_supervisor]: ############################# VISIBLE: EV_object_visible #############################
[INFO] [1789488656.284137336] [robot_0.robot_supervisor]: Selected controllable event: EV_move_forward
[INFO] [1789488656.495884418] [robot_0.robot_supervisor]: Selected controllable event: EV_move_forward
[INFO] [1789488656.719044666] [robot_0.robot_supervisor]: Selected controllable event: EV_approach_object
[INFO] [1789488656.986638948] [robot_0.robot_supervisor]: ############################# VISIBLE: EV_object_visible #############################
[INFO] [1789488656.994660955] [robot_0.robot_supervisor]: Selected controllable event: EV_approach_object
[INFO] [1789488657.288164233] [robot_0.robot_supervisor]: Selected controllable event: EV_approach_object
[INFO] [1789488657.582805447] [robot_0.robot_supervisor]: Selected controllable event: EV_move_forward
[INFO] [1789488657.890738522] [robot_0.robot_supervisor]: ############################# VISIBLE: EV_object_visible #############################
[INFO] [1789488657.891672692] [robot_0.robot_supervisor]: Selected controllable event: EV_move_forward
[INFO] [1789488658.187354454] [robot_0.robot_supervisor]: Selected controllable event: EV_approach_object
[INFO] [1789488658.497484323] [robot_0.robot_supervisor]: Selected controllable event: EV_approach_object
[INFO] [1789488658.787519842] [robot_0.robot_supervisor]: ############################# VISIBLE: EV_object_visible #############################
[INFO] [1789488658.805159819] [robot_0.robot_supervisor]: Selected controllable event: EV_approach_object
[INFO] [1789488659.099600973] [robot_0.robot_supervisor]: Selected controllable event: EV_move_forward
[INFO] [1789488659.388655455] [robot_0.robot_supervisor]: ############################# REACHED: EV_object_reached #############################
[INFO] [1789488659.389270037] [robot_0.robot_supervisor]: Selected controllable event: EV_move_forward
[INFO] [1789488659.604249664] [robot_0.robot_supervisor]: Selected controllable event: EV_pick_up_object
[INFO] [1789488659.648350161] [robot_0.robot_supervisor]: Cargo 'robot_0_carried_generic_box' placed on robot.
[INFO] [1789488659.887508049] [robot_0.robot_supervisor]: Selected controllable event: EV_search_zone
[INFO] [1789488660.093961612] [robot_0.robot_supervisor]: Triggered uncontrollable event: EV_zone_a_not_visible
[INFO] [1789488660.094576692] [robot_0.robot_supervisor]: Triggered uncontrollable event: EV_zone_b_not_visible
[INFO] [1789488660.095317640] [robot_0.robot_supervisor]: Selected controllable event: EV_move_forward
[INFO] [1789488660.307050668] [robot_0.robot_supervisor]: Selected controllable event: EV_search_zone
[INFO] [1789488660.498186143] [robot_0.robot_supervisor]: Selected controllable event: EV_search_zone
[INFO] [1789488660.686842958] [robot_0.robot_supervisor]: Selected controllable event: EV_search_zone
[INFO] [1789488660.797339223] [robot_0.robot_supervisor]: Triggered uncontrollable event: EV_zone_a_not_visible
[INFO] [1789488660.797961020] [robot_0.robot_supervisor]: Selected controllable event: EV_move_forward
[INFO] [1789488661.087201354] [robot_0.robot_supervisor]: Triggered uncontrollable event: EV_zone_b_not_visible
[INFO] [1789488661.109005714] [robot_0.robot_supervisor]: Selected controllable event: EV_move_forward
[INFO] [1789488661.393423350] [robot_0.robot_supervisor]: Selected controllable event: EV_search_zone
[INFO] [1789488661.600470732] [robot_0.robot_supervisor]: Triggered uncontrollable event: EV_zone_a_not_visible
[INFO] [1789488661.601120798] [robot_0.robot_supervisor]: Triggered uncontrollable event: EV_zone_b_not_visible
[INFO] [1789488661.615977508] [robot_0.robot_supervisor]: Selected controllable event: EV_search_zone
[INFO] [1789488661.783445297] [robot_0.robot_supervisor]: Selected controllable event: EV_search_zone
[INFO] [1789488661.904182077] [robot_0.robot_supervisor]: Selected controllable event: EV_search_zone
[INFO] [1789488662.072199649] [robot_0.robot_supervisor]: Selected controllable event: EV_move_forward
[INFO] [1789488662.401478692] [robot_0.robot_supervisor]: Triggered uncontrollable event: EV_zone_a_visible
[INFO] [1789488662.402180146] [robot_0.robot_supervisor]: Triggered uncontrollable event: EV_zone_b_not_visible
[INFO] [1789488662.418427514] [robot_0.robot_supervisor]: Selected controllable event: EV_approach_zone
[INFO] [1789488662.700120356] [robot_0.robot_supervisor]: Selected controllable event: EV_approach_zone
[INFO] [1789488662.907125020] [robot_0.robot_supervisor]: Selected controllable event: EV_approach_zone
[INFO] [1789488663.177622339] [robot_0.robot_supervisor]: Triggered uncontrollable event: EV_zone_a_visible
[INFO] [1789488663.188882033] [robot_0.robot_supervisor]: Triggered uncontrollable event: EV_zone_b_not_visible
[INFO] [1789488663.189694354] [robot_0.robot_supervisor]: Selected controllable event: EV_move_forward
[INFO] [1789488663.492471533] [robot_0.robot_supervisor]: Selected controllable event: EV_move_forward
[INFO] [1789488663.793899405] [robot_0.robot_supervisor]: Selected controllable event: EV_move_forward
[INFO] [1789488664.093880173] [robot_0.robot_supervisor]: Triggered uncontrollable event: EV_zone_a_visible
[INFO] [1789488664.094641829] [robot_0.robot_supervisor]: Triggered uncontrollable event: EV_zone_b_not_visible
[INFO] [1789488664.095439779] [robot_0.robot_supervisor]: Selected controllable event: EV_approach_zone
[INFO] [1789488664.305315004] [robot_0.robot_supervisor]: Selected controllable event: EV_move_forward
[INFO] [1789488664.604423194] [robot_0.robot_supervisor]: Triggered uncontrollable event: EV_zone_a_visible
[INFO] [1789488664.614092480] [robot_0.robot_supervisor]: Selected controllable event: EV_move_forward
[INFO] [1789488664.900182055] [robot_0.robot_supervisor]: Triggered uncontrollable event: EV_zone_b_not_visible
[INFO] [1789488664.908620265] [robot_0.robot_supervisor]: Selected controllable event: EV_approach_zone
[INFO] [1789488665.203325026] [robot_0.robot_supervisor]: Selected controllable event: EV_approach_zone
[INFO] [1789488665.486179842] [robot_0.robot_supervisor]: Triggered uncontrollable event: EV_zone_a_visible
[INFO] [1789488665.486893783] [robot_0.robot_supervisor]: Triggered uncontrollable event: EV_zone_b_not_visible
[INFO] [1789488665.493747531] [robot_0.robot_supervisor]: Selected controllable event: EV_move_forward
[INFO] [1789488665.788773359] [robot_0.robot_supervisor]: Selected controllable event: EV_move_forward
[INFO] [1789488666.007189418] [robot_0.robot_supervisor]: Selected controllable event: EV_move_forward
[INFO] [1789488666.304125259] [robot_0.robot_supervisor]: Triggered uncontrollable event: EV_zone_a_visible
[INFO] [1789488666.306099791] [robot_0.robot_supervisor]: Triggered uncontrollable event: EV_zone_b_not_visible
[INFO] [1789488666.309144635] [robot_0.robot_supervisor]: Selected controllable event: EV_move_forward
[INFO] [1789488666.592250998] [robot_0.robot_supervisor]: Selected controllable event: EV_move_forward
[INFO] [1789488666.793573322] [robot_0.robot_supervisor]: Selected controllable event: EV_move_forward
[INFO] [1789488667.094031758] [robot_0.robot_supervisor]: Triggered uncontrollable event: EV_zone_a_visible
[INFO] [1789488667.094651988] [robot_0.robot_supervisor]: Triggered uncontrollable event: EV_zone_b_not_visible
[INFO] [1789488667.100638043] [robot_0.robot_supervisor]: Selected controllable event: EV_move_forward
[INFO] [1789488667.381093219] [robot_0.robot_supervisor]: Selected controllable event: EV_move_forward
[INFO] [1789488667.584784495] [robot_0.robot_supervisor]: Selected controllable event: EV_move_forward
[INFO] [1789488667.901967224] [robot_0.robot_supervisor]: Triggered uncontrollable event: EV_zone_a_visible
[INFO] [1789488667.902586617] [robot_0.robot_supervisor]: Triggered uncontrollable event: EV_zone_b_not_visible
[INFO] [1789488667.903407817] [robot_0.robot_supervisor]: Selected controllable event: EV_move_forward
[INFO] [1789488668.202982727] [robot_0.robot_supervisor]: Selected controllable event: EV_approach_zone
[INFO] [1789488668.473545951] [robot_0.robot_supervisor]: Triggered uncontrollable event: EV_zone_b_not_visible
[INFO] [1789488668.474254790] [robot_0.robot_supervisor]: Triggered uncontrollable event: EV_zone_a_reached
[INFO] [1789488668.496901933] [robot_0.robot_supervisor]: Selected controllable event: EV_move_forward
[INFO] [1789488668.814227906] [robot_0.robot_supervisor]: Selected controllable event: EV_search_zone
[INFO] [1789488668.995834651] [robot_0.robot_supervisor]: Triggered uncontrollable event: EV_obstacle_front
[INFO] [1789488668.996752208] [robot_0.robot_supervisor]: Selected controllable event: EV_u_turn
[INFO] [1789488668.997468290] [robot_0.robot_supervisor]: Starting FULL ROTATE (omega=1.000, have_odom=True, target_rad=3.142, timeout_s=3.500)
[INFO] [1789488672.582924444] [robot_0.robot_supervisor]: FULL ROTATE completed by timeout
[INFO] [1789488672.787315890] [robot_0.robot_supervisor]: Triggered uncontrollable event: EV_zone_b_not_visible
[INFO] [1789488672.787969895] [robot_0.robot_supervisor]: Triggered uncontrollable event: EV_zone_a_reached
[INFO] [1789488672.788515453] [robot_0.robot_supervisor]: Selected controllable event: EV_move_forward
[INFO] [1789488673.089925399] [robot_0.robot_supervisor]: Selected controllable event: EV_move_forward
[INFO] [1789488673.308776432] [robot_0.robot_supervisor]: Triggered uncontrollable event: EV_zone_a_reached
[INFO] [1789488673.309752092] [robot_0.robot_supervisor]: Selected controllable event: EV_move_forward
[INFO] [1789488673.583328129] [robot_0.robot_supervisor]: Triggered uncontrollable event: EV_zone_b_visible
[INFO] [1789488673.591381473] [robot_0.robot_supervisor]: Selected controllable event: EV_approach_zone
[INFO] [1789488673.803790069] [robot_0.robot_supervisor]: Selected controllable event: EV_move_forward
[INFO] [1789488674.110631337] [robot_0.robot_supervisor]: Triggered uncontrollable event: EV_zone_a_reached
[INFO] [1789488674.111849616] [robot_0.robot_supervisor]: Selected controllable event: EV_move_forward
[INFO] [1789488674.397966286] [robot_0.robot_supervisor]: Triggered uncontrollable event: EV_zone_b_visible
[INFO] [1789488674.403121529] [robot_0.robot_supervisor]: Selected controllable event: EV_approach_zone
[INFO] [1789488674.690315867] [robot_0.robot_supervisor]: Selected controllable event: EV_move_forward
[INFO] [1789488674.978388402] [robot_0.robot_supervisor]: Triggered uncontrollable event: EV_zone_b_visible
[INFO] [1789488674.978972175] [robot_0.robot_supervisor]: Triggered uncontrollable event: EV_zone_a_not_visible
[INFO] [1789488674.979769059] [robot_0.robot_supervisor]: Selected controllable event: EV_move_forward
[INFO] [1789488675.276015962] [robot_0.robot_supervisor]: Selected controllable event: EV_move_forward
[INFO] [1789488675.488879554] [robot_0.robot_supervisor]: Triggered uncontrollable event: EV_zone_a_not_visible
[INFO] [1789488675.489719813] [robot_0.robot_supervisor]: Selected controllable event: EV_move_forward
[INFO] [1789488675.801498714] [robot_0.robot_supervisor]: Triggered uncontrollable event: EV_zone_b_visible
[INFO] [1789488675.802263842] [robot_0.robot_supervisor]: Selected controllable event: EV_approach_zone
[INFO] [1789488676.090953668] [robot_0.robot_supervisor]: Selected controllable event: EV_move_forward
[INFO] [1789488676.385467530] [robot_0.robot_supervisor]: Triggered uncontrollable event: EV_zone_b_visible
[INFO] [1789488676.397453512] [robot_0.robot_supervisor]: Triggered uncontrollable event: EV_zone_a_not_visible
[INFO] [1789488676.398248217] [robot_0.robot_supervisor]: Selected controllable event: EV_move_forward
[INFO] [1789488676.689477746] [robot_0.robot_supervisor]: Selected controllable event: EV_approach_zone
[INFO] [1789488677.018073919] [robot_0.robot_supervisor]: Triggered uncontrollable event: EV_zone_a_not_visible
[INFO] [1789488677.018873662] [robot_0.robot_supervisor]: Selected controllable event: EV_approach_zone
[INFO] [1789488677.296766036] [robot_0.robot_supervisor]: Triggered uncontrollable event: EV_zone_b_visible
[INFO] [1789488677.306262935] [robot_0.robot_supervisor]: Selected controllable event: EV_approach_zone
[INFO] [1789488677.590511187] [robot_0.robot_supervisor]: Selected controllable event: EV_approach_zone
[INFO] [1789488677.898891823] [robot_0.robot_supervisor]: Triggered uncontrollable event: EV_zone_b_visible
[INFO] [1789488677.899533550] [robot_0.robot_supervisor]: Triggered uncontrollable event: EV_zone_a_not_visible
[INFO] [1789488677.907208633] [robot_0.robot_supervisor]: Selected controllable event: EV_move_forward
[INFO] [1789488678.201312395] [robot_0.robot_supervisor]: Selected controllable event: EV_move_forward
[INFO] [1789488678.506015980] [robot_0.robot_supervisor]: Triggered uncontrollable event: EV_zone_b_visible
[INFO] [1789488678.506755769] [robot_0.robot_supervisor]: Triggered uncontrollable event: EV_zone_a_not_visible
[INFO] [1789488678.522412943] [robot_0.robot_supervisor]: Selected controllable event: EV_approach_zone
[INFO] [1789488678.785599462] [robot_0.robot_supervisor]: Selected controllable event: EV_move_forward
[INFO] [1789488679.110552062] [robot_0.robot_supervisor]: Selected controllable event: EV_approach_zone
[INFO] [1789488679.372030067] [robot_0.robot_supervisor]: Triggered uncontrollable event: EV_zone_b_visible
[INFO] [1789488679.372658744] [robot_0.robot_supervisor]: Triggered uncontrollable event: EV_zone_a_not_visible
[INFO] [1789488679.382757558] [robot_0.robot_supervisor]: Selected controllable event: EV_move_forward
