[INFO] [1788359537.682479531] [robot_2.robot_supervisor]: Required color order: red -> green -> blue
[INFO] [1788359537.736532524] [robot_2.robot_supervisor]: Loaded initial mission 'patrolling' from explicit YAML supervisor.yaml
[WARN] [1788359541.040650656] [robot_2.robot_supervisor]: Reached green out of order; next required color is red. This reach does not count.
[INFO] [1788359541.041258041] [robot_2.robot_supervisor]: ############################# REACHED: EV_green_reached #############################
[WARN] [1788359541.640247940] [robot_2.robot_supervisor]: Reached green out of order; next required color is red. This reach does not count.
[INFO] [1788359541.640572175] [robot_2.robot_supervisor]: ############################# REACHED: EV_green_reached #############################
[WARN] [1788359541.881168118] [robot_2.robot_supervisor]: Reached green out of order; next required color is red. This reach does not count.
[INFO] [1788359541.940320832] [robot_2.robot_supervisor]: ############################# REACHED: EV_green_reached #############################
[WARN] [1788359542.640645864] [robot_2.robot_supervisor]: Reached green out of order; next required color is red. This reach does not count.
[INFO] [1788359542.641291764] [robot_2.robot_supervisor]: ############################# REACHED: EV_green_reached #############################
[WARN] [1788359543.140577817] [robot_2.robot_supervisor]: Reached green out of order; next required color is red. This reach does not count.
[INFO] [1788359543.141182241] [robot_2.robot_supervisor]: ############################# REACHED: EV_green_reached #############################
[INFO] [1788359543.141571592] [robot_2.robot_supervisor]: ############################# VISIBLE: EV_red_visible #############################
[WARN] [1788359543.373115090] [robot_2.robot_supervisor]: Reached green out of order; next required color is red. This reach does not count.
[INFO] [1788359543.440712239] [robot_2.robot_supervisor]: ############################# REACHED: EV_green_reached #############################
[INFO] [1788359543.441131292] [robot_2.robot_supervisor]: ############################# VISIBLE: EV_red_visible #############################
[WARN] [1788359544.040248741] [robot_2.robot_supervisor]: Reached green out of order; next required color is red. This reach does not count.
[INFO] [1788359544.040565567] [robot_2.robot_supervisor]: ############################# REACHED: EV_green_reached #############################
[INFO] [1788359544.040744844] [robot_2.robot_supervisor]: ############################# VISIBLE: EV_red_visible #############################
[WARN] [1788359544.640259685] [robot_2.robot_supervisor]: Reached green out of order; next required color is red. This reach does not count.
[INFO] [1788359544.640710058] [robot_2.robot_supervisor]: ############################# REACHED: EV_green_reached #############################
[INFO] [1788359544.640904165] [robot_2.robot_supervisor]: ############################# VISIBLE: EV_red_visible #############################
[WARN] [1788359544.886152541] [robot_2.robot_supervisor]: Reached green out of order; next required color is red. This reach does not count.
[INFO] [1788359544.940701805] [robot_2.robot_supervisor]: ############################# REACHED: EV_green_reached #############################
[INFO] [1788359544.941109217] [robot_2.robot_supervisor]: ############################# VISIBLE: EV_red_visible #############################
[INFO] [1788359545.540738254] [robot_2.robot_supervisor]: ############################# VISIBLE: EV_red_visible #############################
[INFO] [1788359546.140761108] [robot_2.robot_supervisor]: ############################# VISIBLE: EV_red_visible #############################
[INFO] [1788359546.440538667] [robot_2.robot_supervisor]: ############################# VISIBLE: EV_red_visible #############################
[INFO] [1788359547.040718003] [robot_2.robot_supervisor]: ############################# VISIBLE: EV_red_visible #############################
[INFO] [1788359547.640732146] [robot_2.robot_supervisor]: ############################# VISIBLE: EV_red_visible #############################
[INFO] [1788359547.940701935] [robot_2.robot_supervisor]: ############################# VISIBLE: EV_red_visible #############################
[INFO] [1788359548.540333863] [robot_2.robot_supervisor]: ############################# VISIBLE: EV_red_visible #############################
[INFO] [1788359549.140333073] [robot_2.robot_supervisor]: ############################# VISIBLE: EV_red_visible #############################
[INFO] [1788359549.440353698] [robot_2.robot_supervisor]: ############################# VISIBLE: EV_red_visible #############################
[INFO] [1788359550.040376000] [robot_2.robot_supervisor]: ############################# VISIBLE: EV_red_visible #############################
[INFO] [1788359550.640781914] [robot_2.robot_supervisor]: ############################# VISIBLE: EV_red_visible #############################
[INFO] [1788359550.940697319] [robot_2.robot_supervisor]: ############################# VISIBLE: EV_red_visible #############################
[INFO] [1788359551.540710545] [robot_2.robot_supervisor]: ############################# VISIBLE: EV_red_visible #############################
[INFO] [1788359552.140738101] [robot_2.robot_supervisor]: ############################# VISIBLE: EV_red_visible #############################
[INFO] [1788359552.440748710] [robot_2.robot_supervisor]: ############################# VISIBLE: EV_red_visible #############################
[INFO] [1788359553.040684355] [robot_2.robot_supervisor]: ############################# VISIBLE: EV_red_visible #############################
[INFO] [1788359553.640724994] [robot_2.robot_supervisor]: ############################# VISIBLE: EV_red_visible #############################
[INFO] [1788359553.893815782] [robot_2.robot_supervisor]: Reached red; progress: 1/3 colors
[INFO] [1788359553.940690196] [robot_2.robot_supervisor]: ############################# REACHED: EV_red_reached #############################
[INFO] [1788359554.540818939] [robot_2.robot_supervisor]: ############################# REACHED: EV_red_reached #############################
[INFO] [1788359554.541537232] [robot_2.robot_supervisor]: Starting FULL ROTATE (omega=1.000, have_odom=True, target_rad=3.142, timeout_s=3.500)
[INFO] [1788359557.940441404] [robot_2.robot_supervisor]: FULL ROTATE completed by odom (accum_rad=3.158)
[INFO] [1788359558.140538974] [robot_2.robot_supervisor]: ############################# VISIBLE: EV_green_visible #############################
[INFO] [1788359558.140855111] [robot_2.robot_supervisor]: ############################# REACHED: EV_red_reached #############################
[INFO] [1788359558.141115446] [robot_2.robot_supervisor]: ############################# VISIBLE: EV_blue_visible #############################
[INFO] [1788359558.440532745] [robot_2.robot_supervisor]: ############################# VISIBLE: EV_green_visible #############################
[INFO] [1788359558.440853525] [robot_2.robot_supervisor]: ############################# REACHED: EV_red_reached #############################
[INFO] [1788359558.441119173] [robot_2.robot_supervisor]: ############################# VISIBLE: EV_blue_visible #############################
[INFO] [1788359559.040590975] [robot_2.robot_supervisor]: ############################# VISIBLE: EV_green_visible #############################
[INFO] [1788359559.040878540] [robot_2.robot_supervisor]: ############################# REACHED: EV_red_reached #############################
[INFO] [1788359559.041115437] [robot_2.robot_supervisor]: ############################# VISIBLE: EV_blue_visible #############################
[INFO] [1788359559.640828838] [robot_2.robot_supervisor]: ############################# VISIBLE: EV_green_visible #############################
[INFO] [1788359559.940820169] [robot_2.robot_supervisor]: ############################# VISIBLE: EV_green_visible #############################
[INFO] [1788359560.540447519] [robot_2.robot_supervisor]: ############################# VISIBLE: EV_green_visible #############################
[INFO] [1788359561.140753315] [robot_2.robot_supervisor]: ############################# VISIBLE: EV_green_visible #############################
[INFO] [1788359561.440489192] [robot_2.robot_supervisor]: ############################# VISIBLE: EV_green_visible #############################
[INFO] [1788359562.040818271] [robot_2.robot_supervisor]: ############################# VISIBLE: EV_green_visible #############################
[INFO] [1788359562.640839954] [robot_2.robot_supervisor]: ############################# VISIBLE: EV_green_visible #############################
[INFO] [1788359562.940439662] [robot_2.robot_supervisor]: ############################# VISIBLE: EV_green_visible #############################
[INFO] [1788359563.540862377] [robot_2.robot_supervisor]: ############################# VISIBLE: EV_green_visible #############################
[INFO] [1788359564.140520814] [robot_2.robot_supervisor]: ############################# VISIBLE: EV_green_visible #############################
[INFO] [1788359564.440931598] [robot_2.robot_supervisor]: ############################# VISIBLE: EV_green_visible #############################
[INFO] [1788359565.040825971] [robot_2.robot_supervisor]: ############################# VISIBLE: EV_green_visible #############################
[INFO] [1788359565.640573654] [robot_2.robot_supervisor]: ############################# VISIBLE: EV_green_visible #############################
[INFO] [1788359565.940770955] [robot_2.robot_supervisor]: ############################# VISIBLE: EV_green_visible #############################
[INFO] [1788359566.540469754] [robot_2.robot_supervisor]: ############################# VISIBLE: EV_green_visible #############################
[INFO] [1788359567.140551101] [robot_2.robot_supervisor]: ############################# VISIBLE: EV_green_visible #############################
[INFO] [1788359567.440523664] [robot_2.robot_supervisor]: ############################# VISIBLE: EV_green_visible #############################
[INFO] [1788359568.040482609] [robot_2.robot_supervisor]: Reached green; progress: 2/3 colors
[INFO] [1788359568.040950795] [robot_2.robot_supervisor]: ############################# REACHED: EV_green_reached #############################
[INFO] [1788359568.540841972] [robot_2.robot_supervisor]: ############################# REACHED: EV_green_reached #############################
[INFO] [1788359569.040843364] [robot_2.robot_supervisor]: ############################# REACHED: EV_green_reached #############################
[INFO] [1788359569.340615594] [robot_2.robot_supervisor]: Starting FULL ROTATE (omega=1.000, have_odom=True, target_rad=3.142, timeout_s=3.500)
[INFO] [1788359572.740975958] [robot_2.robot_supervisor]: FULL ROTATE completed by odom (accum_rad=3.158)
[INFO] [1788359573.040660017] [robot_2.robot_supervisor]: ############################# REACHED: EV_green_reached #############################
[INFO] [1788359573.041127216] [robot_2.robot_supervisor]: ############################# VISIBLE: EV_red_visible #############################
[INFO] [1788359573.440843689] [robot_2.robot_supervisor]: ############################# REACHED: EV_green_reached #############################
[INFO] [1788359573.441165103] [robot_2.robot_supervisor]: ############################# VISIBLE: EV_red_visible #############################
[INFO] [1788359574.040639588] [robot_2.robot_supervisor]: ############################# REACHED: EV_green_reached #############################
[INFO] [1788359574.041032151] [robot_2.robot_supervisor]: ############################# VISIBLE: EV_red_visible #############################
[INFO] [1788359574.640831905] [robot_2.robot_supervisor]: ############################# REACHED: EV_green_reached #############################
[INFO] [1788359574.641304444] [robot_2.robot_supervisor]: ############################# VISIBLE: EV_red_visible #############################
[INFO] [1788359574.641738161] [robot_2.robot_supervisor]: ############################# VISIBLE: EV_blue_visible #############################
[INFO] [1788359574.940476238] [robot_2.robot_supervisor]: ############################# REACHED: EV_green_reached #############################
[INFO] [1788359574.940746780] [robot_2.robot_supervisor]: ############################# VISIBLE: EV_red_visible #############################
[INFO] [1788359574.940961477] [robot_2.robot_supervisor]: ############################# VISIBLE: EV_blue_visible #############################
[INFO] [1788359575.540433796] [robot_2.robot_supervisor]: ############################# REACHED: EV_green_reached #############################
[INFO] [1788359575.540702395] [robot_2.robot_supervisor]: ############################# VISIBLE: EV_red_visible #############################
[INFO] [1788359575.540915559] [robot_2.robot_supervisor]: ############################# VISIBLE: EV_blue_visible #############################
[INFO] [1788359576.140599231] [robot_2.robot_supervisor]: ############################# VISIBLE: EV_red_visible #############################
[INFO] [1788359576.140862937] [robot_2.robot_supervisor]: ############################# VISIBLE: EV_blue_visible #############################
[INFO] [1788359576.440722305] [robot_2.robot_supervisor]: ############################# VISIBLE: EV_blue_visible #############################
[INFO] [1788359577.040413317] [robot_2.robot_supervisor]: ############################# VISIBLE: EV_blue_visible #############################
[INFO] [1788359577.640423625] [robot_2.robot_supervisor]: ############################# VISIBLE: EV_blue_visible #############################
[INFO] [1788359577.940726016] [robot_2.robot_supervisor]: ############################# VISIBLE: EV_blue_visible #############################
[INFO] [1788359578.540477212] [robot_2.robot_supervisor]: ############################# VISIBLE: EV_blue_visible #############################
[INFO] [1788359579.140474811] [robot_2.robot_supervisor]: ############################# VISIBLE: EV_blue_visible #############################
[INFO] [1788359579.440445857] [robot_2.robot_supervisor]: ############################# VISIBLE: EV_blue_visible #############################
[INFO] [1788359580.040500673] [robot_2.robot_supervisor]: ############################# VISIBLE: EV_blue_visible #############################
[INFO] [1788359580.640455184] [robot_2.robot_supervisor]: ############################# VISIBLE: EV_blue_visible #############################
[INFO] [1788359580.940438561] [robot_2.robot_supervisor]: ############################# VISIBLE: EV_blue_visible #############################
[INFO] [1788359581.540722116] [robot_2.robot_supervisor]: ############################# VISIBLE: EV_blue_visible #############################
[INFO] [1788359582.140938963] [robot_2.robot_supervisor]: ############################# VISIBLE: EV_blue_visible #############################
[INFO] [1788359582.440705295] [robot_2.robot_supervisor]: ############################# VISIBLE: EV_blue_visible #############################
[INFO] [1788359583.040409907] [robot_2.robot_supervisor]: ############################# VISIBLE: EV_blue_visible #############################
[INFO] [1788359583.640470790] [robot_2.robot_supervisor]: ############################# VISIBLE: EV_blue_visible #############################
[INFO] [1788359583.940756265] [robot_2.robot_supervisor]: ############################# VISIBLE: EV_blue_visible #############################
[INFO] [1788359584.540459220] [robot_2.robot_supervisor]: ############################# VISIBLE: EV_blue_visible #############################
[INFO] [1788359585.140751984] [robot_2.robot_supervisor]: ############################# VISIBLE: EV_blue_visible #############################
[INFO] [1788359585.440716287] [robot_2.robot_supervisor]: ############################# VISIBLE: EV_blue_visible #############################
[INFO] [1788359586.040416554] [robot_2.robot_supervisor]: ############################# VISIBLE: EV_blue_visible #############################
[INFO] [1788359586.640787205] [robot_2.robot_supervisor]: ############################# VISIBLE: EV_blue_visible #############################
[INFO] [1788359586.940398359] [robot_2.robot_supervisor]: ############################# VISIBLE: EV_blue_visible #############################
[INFO] [1788359587.540418114] [robot_2.robot_supervisor]: ############################# VISIBLE: EV_blue_visible #############################
[INFO] [1788359588.140421550] [robot_2.robot_supervisor]: ############################# VISIBLE: EV_blue_visible #############################
[INFO] [1788359588.440725115] [robot_2.robot_supervisor]: ############################# VISIBLE: EV_blue_visible #############################
[INFO] [1788359589.040748101] [robot_2.robot_supervisor]: ############################# VISIBLE: EV_blue_visible #############################
[INFO] [1788359589.640756412] [robot_2.robot_supervisor]: ############################# VISIBLE: EV_blue_visible #############################
[INFO] [1788359589.940382004] [robot_2.robot_supervisor]: ############################# VISIBLE: EV_blue_visible #############################
[INFO] [1788359590.540746785] [robot_2.robot_supervisor]: ############################# VISIBLE: EV_blue_visible #############################
[INFO] [1788359591.140795097] [robot_2.robot_supervisor]: ############################# VISIBLE: EV_blue_visible #############################
[INFO] [1788359591.440561210] [robot_2.robot_supervisor]: ############################# VISIBLE: EV_blue_visible #############################
[INFO] [1788359592.040446598] [robot_2.robot_supervisor]: ############################# VISIBLE: EV_blue_visible #############################
[INFO] [1788359592.640714154] [robot_2.robot_supervisor]: ############################# VISIBLE: EV_blue_visible #############################
[INFO] [1788359592.940720576] [robot_2.robot_supervisor]: ############################# VISIBLE: EV_blue_visible #############################
[INFO] [1788359593.540438986] [robot_2.robot_supervisor]: ############################# VISIBLE: EV_blue_visible #############################
[INFO] [1788359594.140769184] [robot_2.robot_supervisor]: ############################# VISIBLE: EV_blue_visible #############################
[INFO] [1788359594.440719253] [robot_2.robot_supervisor]: ############################# VISIBLE: EV_blue_visible #############################
[INFO] [1788359595.040739548] [robot_2.robot_supervisor]: ############################# VISIBLE: EV_blue_visible #############################
[INFO] [1788359595.640479427] [robot_2.robot_supervisor]: Reached blue; progress: 3/3 colors
[INFO] [1788359595.640887301] [robot_2.robot_supervisor]: All color targets reached in order red, green, blue; final events published.
[INFO] [1788359595.641192523] [robot_2.robot_supervisor]: Completed robot removal is disabled; robot remains stopped.
