[INFO] [1788359537.640284032] [robot_2.robot_supervisor]: Required color order: red -> green -> blue
[INFO] [1788359537.696072613] [robot_2.robot_supervisor]: Loaded initial mission 'patrolling' from explicit YAML supervisor.yaml
[INFO] [1788359552.601133298] [robot_2.robot_supervisor]: ############################# VISIBLE: EV_green_visible #############################
[INFO] [1788359553.100862740] [robot_2.robot_supervisor]: ############################# VISIBLE: EV_green_visible #############################
[INFO] [1788359553.500925257] [robot_2.robot_supervisor]: ############################# VISIBLE: EV_green_visible #############################
[INFO] [1788359554.001077599] [robot_2.robot_supervisor]: ############################# VISIBLE: EV_green_visible #############################
[INFO] [1788359554.601541159] [robot_2.robot_supervisor]: ############################# VISIBLE: EV_green_visible #############################
[INFO] [1788359554.601943970] [robot_2.robot_supervisor]: ############################# VISIBLE: EV_red_visible #############################
[INFO] [1788359555.201339468] [robot_2.robot_supervisor]: ############################# VISIBLE: EV_green_visible #############################
[INFO] [1788359555.201671837] [robot_2.robot_supervisor]: ############################# VISIBLE: EV_red_visible #############################
[INFO] [1788359555.501737565] [robot_2.robot_supervisor]: ############################# VISIBLE: EV_green_visible #############################
[INFO] [1788359555.502194322] [robot_2.robot_supervisor]: ############################# VISIBLE: EV_red_visible #############################
[INFO] [1788359556.001714338] [robot_2.robot_supervisor]: ############################# VISIBLE: EV_green_visible #############################
[INFO] [1788359556.002222180] [robot_2.robot_supervisor]: ############################# VISIBLE: EV_red_visible #############################
[INFO] [1788359556.601068398] [robot_2.robot_supervisor]: ############################# VISIBLE: EV_green_visible #############################
[INFO] [1788359556.601377364] [robot_2.robot_supervisor]: ############################# VISIBLE: EV_red_visible #############################
[INFO] [1788359557.201566960] [robot_2.robot_supervisor]: ############################# VISIBLE: EV_green_visible #############################
[INFO] [1788359557.202037249] [robot_2.robot_supervisor]: ############################# VISIBLE: EV_red_visible #############################
[INFO] [1788359557.501825983] [robot_2.robot_supervisor]: ############################# VISIBLE: EV_green_visible #############################
[INFO] [1788359557.502155213] [robot_2.robot_supervisor]: ############################# VISIBLE: EV_red_visible #############################
[INFO] [1788359558.101373705] [robot_2.robot_supervisor]: ############################# VISIBLE: EV_green_visible #############################
[INFO] [1788359558.101836577] [robot_2.robot_supervisor]: ############################# VISIBLE: EV_red_visible #############################
[INFO] [1788359558.601682392] [robot_2.robot_supervisor]: ############################# VISIBLE: EV_green_visible #############################
[INFO] [1788359558.602060808] [robot_2.robot_supervisor]: ############################# VISIBLE: EV_red_visible #############################
[INFO] [1788359559.201100535] [robot_2.robot_supervisor]: ############################# VISIBLE: EV_green_visible #############################
[INFO] [1788359559.201381384] [robot_2.robot_supervisor]: ############################# VISIBLE: EV_red_visible #############################
[INFO] [1788359559.501063891] [robot_2.robot_supervisor]: ############################# VISIBLE: EV_red_visible #############################
[INFO] [1788359560.101326938] [robot_2.robot_supervisor]: ############################# VISIBLE: EV_red_visible #############################
[INFO] [1788359560.601748624] [robot_2.robot_supervisor]: ############################# VISIBLE: EV_red_visible #############################
[INFO] [1788359561.201653409] [robot_2.robot_supervisor]: ############################# VISIBLE: EV_red_visible #############################
[INFO] [1788359561.501285099] [robot_2.robot_supervisor]: ############################# VISIBLE: EV_red_visible #############################
[INFO] [1788359562.101143707] [robot_2.robot_supervisor]: ############################# VISIBLE: EV_red_visible #############################
[INFO] [1788359562.601509471] [robot_2.robot_supervisor]: ############################# VISIBLE: EV_red_visible #############################
[INFO] [1788359563.101858847] [robot_2.robot_supervisor]: ############################# VISIBLE: EV_red_visible #############################
[INFO] [1788359563.601534542] [robot_2.robot_supervisor]: ############################# VISIBLE: EV_red_visible #############################
[INFO] [1788359564.102092974] [robot_2.robot_supervisor]: ############################# VISIBLE: EV_red_visible #############################
[INFO] [1788359564.701955053] [robot_2.robot_supervisor]: ############################# VISIBLE: EV_red_visible #############################
[INFO] [1788359565.002099295] [robot_2.robot_supervisor]: ############################# VISIBLE: EV_red_visible #############################
[INFO] [1788359565.601012784] [robot_2.robot_supervisor]: ############################# VISIBLE: EV_red_visible #############################
[INFO] [1788359566.201590838] [robot_2.robot_supervisor]: ############################# VISIBLE: EV_red_visible #############################
[INFO] [1788359566.501121731] [robot_2.robot_supervisor]: ############################# VISIBLE: EV_red_visible #############################
[INFO] [1788359567.101098293] [robot_2.robot_supervisor]: ############################# VISIBLE: EV_red_visible #############################
[INFO] [1788359567.701677228] [robot_2.robot_supervisor]: ############################# VISIBLE: EV_red_visible #############################
[INFO] [1788359568.000879607] [robot_2.robot_supervisor]: ############################# VISIBLE: EV_red_visible #############################
[INFO] [1788359568.601391422] [robot_2.robot_supervisor]: ############################# VISIBLE: EV_red_visible #############################
[INFO] [1788359569.201269982] [robot_2.robot_supervisor]: ############################# VISIBLE: EV_red_visible #############################
[INFO] [1788359569.501136745] [robot_2.robot_supervisor]: ############################# VISIBLE: EV_red_visible #############################
[INFO] [1788359570.102254911] [robot_2.robot_supervisor]: ############################# VISIBLE: EV_red_visible #############################
[INFO] [1788359570.701262393] [robot_2.robot_supervisor]: ############################# VISIBLE: EV_red_visible #############################
[INFO] [1788359571.002212924] [robot_2.robot_supervisor]: ############################# VISIBLE: EV_red_visible #############################
[INFO] [1788359571.502184957] [robot_2.robot_supervisor]: ############################# VISIBLE: EV_red_visible #############################
[INFO] [1788359572.102247451] [robot_2.robot_supervisor]: ############################# VISIBLE: EV_red_visible #############################
[INFO] [1788359572.702102037] [robot_2.robot_supervisor]: ############################# VISIBLE: EV_red_visible #############################
[INFO] [1788359573.001436130] [robot_2.robot_supervisor]: ############################# VISIBLE: EV_red_visible #############################
[INFO] [1788359573.601566149] [robot_2.robot_supervisor]: ############################# VISIBLE: EV_red_visible #############################
[INFO] [1788359574.201539244] [robot_2.robot_supervisor]: ############################# VISIBLE: EV_red_visible #############################
[INFO] [1788359574.501619806] [robot_2.robot_supervisor]: ############################# VISIBLE: EV_red_visible #############################
[INFO] [1788359575.101203202] [robot_2.robot_supervisor]: ############################# VISIBLE: EV_red_visible #############################
[INFO] [1788359575.701316134] [robot_2.robot_supervisor]: ############################# VISIBLE: EV_red_visible #############################
[INFO] [1788359575.974230563] [robot_2.robot_supervisor]: Reached red; progress: 1/3 colors
[INFO] [1788359576.000912715] [robot_2.robot_supervisor]: ############################# REACHED: EV_red_reached #############################
[INFO] [1788359576.601048995] [robot_2.robot_supervisor]: ############################# REACHED: EV_red_reached #############################
[INFO] [1788359576.801481149] [robot_2.robot_supervisor]: Starting FULL ROTATE (omega=1.000, have_odom=True, target_rad=3.142, timeout_s=3.500)
[INFO] [1788359580.001304610] [robot_2.robot_supervisor]: FULL ROTATE completed by odom (accum_rad=3.152)
[INFO] [1788359580.301236805] [robot_2.robot_supervisor]: ############################# REACHED: EV_red_reached #############################
[INFO] [1788359580.301655369] [robot_2.robot_supervisor]: ############################# VISIBLE: EV_blue_visible #############################
[INFO] [1788359580.601040387] [robot_2.robot_supervisor]: ############################# REACHED: EV_red_reached #############################
[INFO] [1788359580.601315744] [robot_2.robot_supervisor]: ############################# VISIBLE: EV_blue_visible #############################
[INFO] [1788359581.001583171] [robot_2.robot_supervisor]: ############################# REACHED: EV_red_reached #############################
[INFO] [1788359581.002007267] [robot_2.robot_supervisor]: ############################# VISIBLE: EV_blue_visible #############################
[INFO] [1788359581.500930965] [robot_2.robot_supervisor]: ############################# VISIBLE: EV_green_visible #############################
[INFO] [1788359581.501196051] [robot_2.robot_supervisor]: ############################# REACHED: EV_red_reached #############################
[INFO] [1788359581.501418001] [robot_2.robot_supervisor]: ############################# VISIBLE: EV_blue_visible #############################
[INFO] [1788359582.100947314] [robot_2.robot_supervisor]: ############################# VISIBLE: EV_green_visible #############################
[INFO] [1788359582.101214109] [robot_2.robot_supervisor]: ############################# REACHED: EV_red_reached #############################
[INFO] [1788359582.101434465] [robot_2.robot_supervisor]: ############################# VISIBLE: EV_blue_visible #############################
[INFO] [1788359582.701227833] [robot_2.robot_supervisor]: ############################# VISIBLE: EV_green_visible #############################
[INFO] [1788359583.000907319] [robot_2.robot_supervisor]: ############################# VISIBLE: EV_green_visible #############################
[INFO] [1788359583.601145213] [robot_2.robot_supervisor]: ############################# VISIBLE: EV_green_visible #############################
[INFO] [1788359584.201268716] [robot_2.robot_supervisor]: ############################# VISIBLE: EV_green_visible #############################
[INFO] [1788359584.501010901] [robot_2.robot_supervisor]: ############################# VISIBLE: EV_green_visible #############################
[INFO] [1788359585.101095456] [robot_2.robot_supervisor]: ############################# VISIBLE: EV_green_visible #############################
[INFO] [1788359585.701430007] [robot_2.robot_supervisor]: ############################# VISIBLE: EV_green_visible #############################
[INFO] [1788359586.001023178] [robot_2.robot_supervisor]: ############################# VISIBLE: EV_green_visible #############################
[INFO] [1788359586.601322244] [robot_2.robot_supervisor]: ############################# VISIBLE: EV_green_visible #############################
[INFO] [1788359587.201013081] [robot_2.robot_supervisor]: ############################# VISIBLE: EV_green_visible #############################
[INFO] [1788359587.501281588] [robot_2.robot_supervisor]: ############################# VISIBLE: EV_green_visible #############################
[INFO] [1788359588.100973247] [robot_2.robot_supervisor]: ############################# VISIBLE: EV_green_visible #############################
[INFO] [1788359588.701253749] [robot_2.robot_supervisor]: ############################# VISIBLE: EV_green_visible #############################
[INFO] [1788359589.001427249] [robot_2.robot_supervisor]: ############################# VISIBLE: EV_green_visible #############################
[INFO] [1788359589.501618441] [robot_2.robot_supervisor]: ############################# VISIBLE: EV_green_visible #############################
[INFO] [1788359590.101071469] [robot_2.robot_supervisor]: ############################# VISIBLE: EV_green_visible #############################
[INFO] [1788359590.701010442] [robot_2.robot_supervisor]: ############################# VISIBLE: EV_green_visible #############################
[INFO] [1788359591.001149113] [robot_2.robot_supervisor]: ############################# VISIBLE: EV_green_visible #############################
[INFO] [1788359591.600987516] [robot_2.robot_supervisor]: Reached green; progress: 2/3 colors
[INFO] [1788359591.601551622] [robot_2.robot_supervisor]: ############################# REACHED: EV_green_reached #############################
[INFO] [1788359592.201250738] [robot_2.robot_supervisor]: ############################# REACHED: EV_green_reached #############################
[INFO] [1788359592.401452320] [robot_2.robot_supervisor]: Starting FULL ROTATE (omega=1.000, have_odom=True, target_rad=3.142, timeout_s=3.500)
[INFO] [1788359595.901286389] [robot_2.robot_supervisor]: FULL ROTATE completed by odom (accum_rad=3.166)
[INFO] [1788359596.200947122] [robot_2.robot_supervisor]: ############################# REACHED: EV_green_reached #############################
[INFO] [1788359596.201188731] [robot_2.robot_supervisor]: ############################# VISIBLE: EV_red_visible #############################
[INFO] [1788359596.500897449] [robot_2.robot_supervisor]: ############################# REACHED: EV_green_reached #############################
[INFO] [1788359596.501146404] [robot_2.robot_supervisor]: ############################# VISIBLE: EV_red_visible #############################
[INFO] [1788359597.000985784] [robot_2.robot_supervisor]: ############################# REACHED: EV_green_reached #############################
[INFO] [1788359597.001256666] [robot_2.robot_supervisor]: ############################# VISIBLE: EV_red_visible #############################
[INFO] [1788359597.501170013] [robot_2.robot_supervisor]: ############################# REACHED: EV_green_reached #############################
[INFO] [1788359597.501628871] [robot_2.robot_supervisor]: ############################# VISIBLE: EV_red_visible #############################
[INFO] [1788359598.101227215] [robot_2.robot_supervisor]: ############################# REACHED: EV_green_reached #############################
[INFO] [1788359598.101649828] [robot_2.robot_supervisor]: ############################# VISIBLE: EV_red_visible #############################
[INFO] [1788359598.501200675] [robot_2.robot_supervisor]: ############################# REACHED: EV_green_reached #############################
[INFO] [1788359598.501682349] [robot_2.robot_supervisor]: ############################# VISIBLE: EV_red_visible #############################
[INFO] [1788359598.501955469] [robot_2.robot_supervisor]: ############################# VISIBLE: EV_blue_visible #############################
[INFO] [1788359599.101114206] [robot_2.robot_supervisor]: ############################# REACHED: EV_green_reached #############################
[INFO] [1788359599.101593726] [robot_2.robot_supervisor]: ############################# VISIBLE: EV_red_visible #############################
[INFO] [1788359599.101936719] [robot_2.robot_supervisor]: ############################# VISIBLE: EV_blue_visible #############################
[INFO] [1788359599.701180143] [robot_2.robot_supervisor]: ############################# VISIBLE: EV_red_visible #############################
[INFO] [1788359599.701595490] [robot_2.robot_supervisor]: ############################# VISIBLE: EV_blue_visible #############################
[INFO] [1788359600.000953852] [robot_2.robot_supervisor]: ############################# VISIBLE: EV_red_visible #############################
[INFO] [1788359600.001224364] [robot_2.robot_supervisor]: ############################# VISIBLE: EV_blue_visible #############################
[INFO] [1788359600.601022678] [robot_2.robot_supervisor]: ############################# VISIBLE: EV_blue_visible #############################
[INFO] [1788359601.101725632] [robot_2.robot_supervisor]: ############################# VISIBLE: EV_blue_visible #############################
[INFO] [1788359601.700967022] [robot_2.robot_supervisor]: ############################# VISIBLE: EV_blue_visible #############################
[INFO] [1788359602.001250541] [robot_2.robot_supervisor]: ############################# VISIBLE: EV_blue_visible #############################
[INFO] [1788359602.601110297] [robot_2.robot_supervisor]: ############################# VISIBLE: EV_blue_visible #############################
[INFO] [1788359603.200935231] [robot_2.robot_supervisor]: ############################# VISIBLE: EV_blue_visible #############################
[INFO] [1788359603.500981035] [robot_2.robot_supervisor]: ############################# VISIBLE: EV_blue_visible #############################
[INFO] [1788359604.100980879] [robot_2.robot_supervisor]: ############################# VISIBLE: EV_blue_visible #############################
[INFO] [1788359604.701007754] [robot_2.robot_supervisor]: ############################# VISIBLE: EV_blue_visible #############################
[INFO] [1788359605.001169506] [robot_2.robot_supervisor]: ############################# VISIBLE: EV_blue_visible #############################
[INFO] [1788359605.601187866] [robot_2.robot_supervisor]: ############################# VISIBLE: EV_blue_visible #############################
[INFO] [1788359606.201208946] [robot_2.robot_supervisor]: ############################# VISIBLE: EV_blue_visible #############################
[INFO] [1788359606.500943391] [robot_2.robot_supervisor]: ############################# VISIBLE: EV_blue_visible #############################
[INFO] [1788359607.100991810] [robot_2.robot_supervisor]: ############################# VISIBLE: EV_blue_visible #############################
[INFO] [1788359607.701027195] [robot_2.robot_supervisor]: ############################# VISIBLE: EV_blue_visible #############################
[INFO] [1788359608.001415072] [robot_2.robot_supervisor]: ############################# VISIBLE: EV_blue_visible #############################
[INFO] [1788359608.601279657] [robot_2.robot_supervisor]: ############################# VISIBLE: EV_blue_visible #############################
[INFO] [1788359609.201027147] [robot_2.robot_supervisor]: ############################# VISIBLE: EV_blue_visible #############################
[INFO] [1788359609.500903875] [robot_2.robot_supervisor]: ############################# VISIBLE: EV_blue_visible #############################
[INFO] [1788359610.100986053] [robot_2.robot_supervisor]: ############################# VISIBLE: EV_blue_visible #############################
[INFO] [1788359610.701172770] [robot_2.robot_supervisor]: ############################# VISIBLE: EV_blue_visible #############################
[INFO] [1788359611.001223419] [robot_2.robot_supervisor]: ############################# VISIBLE: EV_blue_visible #############################
[INFO] [1788359611.601287380] [robot_2.robot_supervisor]: ############################# VISIBLE: EV_blue_visible #############################
[INFO] [1788359612.201231677] [robot_2.robot_supervisor]: ############################# VISIBLE: EV_blue_visible #############################
[INFO] [1788359612.502567513] [robot_2.robot_supervisor]: ############################# VISIBLE: EV_blue_visible #############################
[INFO] [1788359613.100946220] [robot_2.robot_supervisor]: ############################# VISIBLE: EV_blue_visible #############################
[INFO] [1788359613.700934607] [robot_2.robot_supervisor]: ############################# VISIBLE: EV_blue_visible #############################
[INFO] [1788359614.001168861] [robot_2.robot_supervisor]: ############################# VISIBLE: EV_blue_visible #############################
[INFO] [1788359614.601376812] [robot_2.robot_supervisor]: ############################# VISIBLE: EV_blue_visible #############################
[INFO] [1788359615.201197310] [robot_2.robot_supervisor]: ############################# VISIBLE: EV_blue_visible #############################
[INFO] [1788359615.701378365] [robot_2.robot_supervisor]: ############################# VISIBLE: EV_blue_visible #############################
[INFO] [1788359616.001208458] [robot_2.robot_supervisor]: ############################# VISIBLE: EV_blue_visible #############################
[INFO] [1788359616.201190770] [robot_2.robot_supervisor]: Starting FULL ROTATE (omega=1.000, have_odom=True, target_rad=3.142, timeout_s=3.500)
[INFO] [1788359619.400975085] [robot_2.robot_supervisor]: FULL ROTATE completed by odom (accum_rad=3.152)
[INFO] [1788359619.601232606] [robot_2.robot_supervisor]: ############################# VISIBLE: EV_green_visible #############################
[INFO] [1788359620.001229278] [robot_2.robot_supervisor]: ############################# VISIBLE: EV_green_visible #############################
[INFO] [1788359620.701106054] [robot_2.robot_supervisor]: ############################# VISIBLE: EV_green_visible #############################
[INFO] [1788359621.200931429] [robot_2.robot_supervisor]: ############################# VISIBLE: EV_green_visible #############################
[INFO] [1788359621.201168003] [robot_2.robot_supervisor]: ############################# VISIBLE: EV_red_visible #############################
[INFO] [1788359621.601268846] [robot_2.robot_supervisor]: ############################# VISIBLE: EV_green_visible #############################
[INFO] [1788359621.601775629] [robot_2.robot_supervisor]: ############################# VISIBLE: EV_red_visible #############################
[INFO] [1788359622.001342393] [robot_2.robot_supervisor]: ############################# VISIBLE: EV_green_visible #############################
[INFO] [1788359622.001758559] [robot_2.robot_supervisor]: ############################# VISIBLE: EV_red_visible #############################
[INFO] [1788359622.501844394] [robot_2.robot_supervisor]: ############################# VISIBLE: EV_green_visible #############################
[INFO] [1788359622.502454519] [robot_2.robot_supervisor]: ############################# VISIBLE: EV_red_visible #############################
[INFO] [1788359623.101038242] [robot_2.robot_supervisor]: ############################# VISIBLE: EV_green_visible #############################
[INFO] [1788359623.101276410] [robot_2.robot_supervisor]: ############################# VISIBLE: EV_red_visible #############################
[INFO] [1788359623.601020042] [robot_2.robot_supervisor]: ############################# VISIBLE: EV_red_visible #############################
[INFO] [1788359624.101391231] [robot_2.robot_supervisor]: ############################# VISIBLE: EV_red_visible #############################
[INFO] [1788359624.601090563] [robot_2.robot_supervisor]: ############################# VISIBLE: EV_red_visible #############################
[INFO] [1788359625.100996657] [robot_2.robot_supervisor]: ############################# VISIBLE: EV_red_visible #############################
[INFO] [1788359625.501324801] [robot_2.robot_supervisor]: ############################# VISIBLE: EV_red_visible #############################
[INFO] [1788359627.201244084] [robot_2.robot_supervisor]: ############################# VISIBLE: EV_blue_visible #############################
[INFO] [1788359627.501329932] [robot_2.robot_supervisor]: ############################# VISIBLE: EV_blue_visible #############################
[INFO] [1788359627.501852231] [robot_2.robot_supervisor]: Starting FULL ROTATE (omega=1.000, have_odom=True, target_rad=3.142, timeout_s=3.500)
[INFO] [1788359630.800948441] [robot_2.robot_supervisor]: FULL ROTATE completed by odom (accum_rad=3.225)
[INFO] [1788359631.001034032] [robot_2.robot_supervisor]: ############################# VISIBLE: EV_green_visible #############################
[INFO] [1788359631.500932733] [robot_2.robot_supervisor]: ############################# VISIBLE: EV_green_visible #############################
[INFO] [1788359631.501165814] [robot_2.robot_supervisor]: ############################# VISIBLE: EV_red_visible #############################
[INFO] [1788359632.001011662] [robot_2.robot_supervisor]: ############################# VISIBLE: EV_green_visible #############################
[INFO] [1788359632.001278384] [robot_2.robot_supervisor]: ############################# VISIBLE: EV_red_visible #############################
[INFO] [1788359632.501173085] [robot_2.robot_supervisor]: ############################# VISIBLE: EV_green_visible #############################
[INFO] [1788359632.501613156] [robot_2.robot_supervisor]: ############################# VISIBLE: EV_red_visible #############################
[INFO] [1788359633.101005807] [robot_2.robot_supervisor]: ############################# VISIBLE: EV_green_visible #############################
[INFO] [1788359633.101283548] [robot_2.robot_supervisor]: ############################# VISIBLE: EV_red_visible #############################
[INFO] [1788359633.601272266] [robot_2.robot_supervisor]: ############################# VISIBLE: EV_green_visible #############################
[INFO] [1788359633.601716900] [robot_2.robot_supervisor]: ############################# VISIBLE: EV_red_visible #############################
[INFO] [1788359634.001259274] [robot_2.robot_supervisor]: ############################# VISIBLE: EV_red_visible #############################
[INFO] [1788359634.500972731] [robot_2.robot_supervisor]: ############################# VISIBLE: EV_red_visible #############################
[INFO] [1788359635.001175779] [robot_2.robot_supervisor]: ############################# VISIBLE: EV_red_visible #############################
[INFO] [1788359635.501195739] [robot_2.robot_supervisor]: ############################# VISIBLE: EV_red_visible #############################
[INFO] [1788359636.200913032] [robot_2.robot_supervisor]: ############################# VISIBLE: EV_red_visible #############################
[INFO] [1788359636.501314594] [robot_2.robot_supervisor]: ############################# VISIBLE: EV_red_visible #############################
[INFO] [1788359637.001182607] [robot_2.robot_supervisor]: ############################# VISIBLE: EV_red_visible #############################
[INFO] [1788359643.101005233] [robot_2.robot_supervisor]: ############################# VISIBLE: EV_blue_visible #############################
[INFO] [1788359643.701221224] [robot_2.robot_supervisor]: ############################# VISIBLE: EV_blue_visible #############################
[INFO] [1788359644.001206773] [robot_2.robot_supervisor]: ############################# VISIBLE: EV_blue_visible #############################
[INFO] [1788359644.601550635] [robot_2.robot_supervisor]: ############################# VISIBLE: EV_blue_visible #############################
[INFO] [1788359645.201236897] [robot_2.robot_supervisor]: ############################# VISIBLE: EV_blue_visible #############################
[INFO] [1788359645.500938826] [robot_2.robot_supervisor]: ############################# VISIBLE: EV_blue_visible #############################
[INFO] [1788359646.101033182] [robot_2.robot_supervisor]: ############################# VISIBLE: EV_blue_visible #############################
[INFO] [1788359646.701212689] [robot_2.robot_supervisor]: ############################# VISIBLE: EV_blue_visible #############################
[INFO] [1788359647.000974661] [robot_2.robot_supervisor]: ############################# VISIBLE: EV_blue_visible #############################
[INFO] [1788359647.601207570] [robot_2.robot_supervisor]: ############################# VISIBLE: EV_blue_visible #############################
[INFO] [1788359648.201044575] [robot_2.robot_supervisor]: ############################# VISIBLE: EV_blue_visible #############################
[INFO] [1788359648.201483111] [robot_2.robot_supervisor]: Starting FULL ROTATE (omega=1.000, have_odom=True, target_rad=3.142, timeout_s=3.500)
[INFO] [1788359651.601150525] [robot_2.robot_supervisor]: FULL ROTATE completed by odom (accum_rad=3.188)
[INFO] [1788359651.901232955] [robot_2.robot_supervisor]: ############################# VISIBLE: EV_green_visible #############################
[INFO] [1788359651.901664549] [robot_2.robot_supervisor]: ############################# VISIBLE: EV_red_visible #############################
[INFO] [1788359652.201074651] [robot_2.robot_supervisor]: ############################# VISIBLE: EV_green_visible #############################
[INFO] [1788359652.201352152] [robot_2.robot_supervisor]: ############################# VISIBLE: EV_red_visible #############################
[INFO] [1788359652.501446398] [robot_2.robot_supervisor]: ############################# VISIBLE: EV_green_visible #############################
[INFO] [1788359652.501932987] [robot_2.robot_supervisor]: ############################# VISIBLE: EV_red_visible #############################
[INFO] [1788359653.001306361] [robot_2.robot_supervisor]: ############################# VISIBLE: EV_green_visible #############################
[INFO] [1788359653.001754055] [robot_2.robot_supervisor]: ############################# VISIBLE: EV_red_visible #############################
[INFO] [1788359653.600904527] [robot_2.robot_supervisor]: ############################# VISIBLE: EV_red_visible #############################
[INFO] [1788359654.100899894] [robot_2.robot_supervisor]: ############################# VISIBLE: EV_red_visible #############################
[INFO] [1788359654.700963298] [robot_2.robot_supervisor]: ############################# VISIBLE: EV_red_visible #############################
[INFO] [1788359655.000928561] [robot_2.robot_supervisor]: ############################# VISIBLE: EV_red_visible #############################
[INFO] [1788359659.501379195] [robot_2.robot_supervisor]: ############################# VISIBLE: EV_blue_visible #############################
[INFO] [1788359660.101021050] [robot_2.robot_supervisor]: ############################# VISIBLE: EV_blue_visible #############################
[INFO] [1788359660.701038367] [robot_2.robot_supervisor]: ############################# VISIBLE: EV_blue_visible #############################
[INFO] [1788359661.000982882] [robot_2.robot_supervisor]: ############################# VISIBLE: EV_blue_visible #############################
[INFO] [1788359661.601316830] [robot_2.robot_supervisor]: ############################# VISIBLE: EV_blue_visible #############################
[INFO] [1788359662.201189852] [robot_2.robot_supervisor]: ############################# VISIBLE: EV_blue_visible #############################
[INFO] [1788359662.493272387] [robot_2.robot_supervisor]: Reached blue; progress: 3/3 colors
[INFO] [1788359662.493674926] [robot_2.robot_supervisor]: All color targets reached in order red, green, blue; final events published.
[INFO] [1788359662.494050840] [robot_2.robot_supervisor]: Completed robot removal is disabled; robot remains stopped.
