[INFO] [1788358305.618580997] [robot_0.robot_supervisor]: Required color order: red -> green -> blue
[INFO] [1788358305.692170437] [robot_0.robot_supervisor]: Loaded initial mission 'patrolling' from explicit YAML supervisor.yaml
[INFO] [1788358309.300402304] [robot_0.robot_supervisor]: ############################# VISIBLE: EV_red_visible #############################
[INFO] [1788358309.600692876] [robot_0.robot_supervisor]: ############################# VISIBLE: EV_blue_visible #############################
[INFO] [1788358309.900783885] [robot_0.robot_supervisor]: ############################# VISIBLE: EV_red_visible #############################
[INFO] [1788358309.901132149] [robot_0.robot_supervisor]: ############################# VISIBLE: EV_blue_visible #############################
[INFO] [1788358310.501670872] [robot_0.robot_supervisor]: ############################# VISIBLE: EV_red_visible #############################
[INFO] [1788358310.502115601] [robot_0.robot_supervisor]: ############################# VISIBLE: EV_blue_visible #############################
[INFO] [1788358311.101402215] [robot_0.robot_supervisor]: ############################# VISIBLE: EV_red_visible #############################
[INFO] [1788358311.102121991] [robot_0.robot_supervisor]: ############################# VISIBLE: EV_blue_visible #############################
[INFO] [1788358311.700899815] [robot_0.robot_supervisor]: ############################# VISIBLE: EV_red_visible #############################
[INFO] [1788358311.701312787] [robot_0.robot_supervisor]: ############################# VISIBLE: EV_blue_visible #############################
[INFO] [1788358312.201438650] [robot_0.robot_supervisor]: ############################# VISIBLE: EV_green_visible #############################
[INFO] [1788358312.202447152] [robot_0.robot_supervisor]: ############################# VISIBLE: EV_red_visible #############################
[INFO] [1788358312.203277878] [robot_0.robot_supervisor]: ############################# VISIBLE: EV_blue_visible #############################
[INFO] [1788358312.501737203] [robot_0.robot_supervisor]: ############################# VISIBLE: EV_green_visible #############################
[INFO] [1788358312.502472252] [robot_0.robot_supervisor]: ############################# VISIBLE: EV_red_visible #############################
[INFO] [1788358312.503077694] [robot_0.robot_supervisor]: ############################# VISIBLE: EV_blue_visible #############################
[INFO] [1788358313.101739225] [robot_0.robot_supervisor]: ############################# VISIBLE: EV_green_visible #############################
[INFO] [1788358313.102548084] [robot_0.robot_supervisor]: ############################# VISIBLE: EV_red_visible #############################
[INFO] [1788358313.103359874] [robot_0.robot_supervisor]: ############################# VISIBLE: EV_blue_visible #############################
[INFO] [1788358313.702077060] [robot_0.robot_supervisor]: ############################# VISIBLE: EV_green_visible #############################
[INFO] [1788358313.703430728] [robot_0.robot_supervisor]: ############################# VISIBLE: EV_red_visible #############################
[INFO] [1788358314.003978258] [robot_0.robot_supervisor]: ############################# VISIBLE: EV_green_visible #############################
[INFO] [1788358314.005070740] [robot_0.robot_supervisor]: ############################# VISIBLE: EV_red_visible #############################
[INFO] [1788358314.509966033] [robot_0.robot_supervisor]: ############################# VISIBLE: EV_green_visible #############################
[INFO] [1788358314.512111829] [robot_0.robot_supervisor]: ############################# VISIBLE: EV_red_visible #############################
[INFO] [1788358315.101541225] [robot_0.robot_supervisor]: ############################# VISIBLE: EV_green_visible #############################
[INFO] [1788358315.102304148] [robot_0.robot_supervisor]: ############################# VISIBLE: EV_red_visible #############################
[INFO] [1788358315.701401422] [robot_0.robot_supervisor]: ############################# VISIBLE: EV_green_visible #############################
[INFO] [1788358315.701999361] [robot_0.robot_supervisor]: ############################# VISIBLE: EV_red_visible #############################
[INFO] [1788358316.000934144] [robot_0.robot_supervisor]: ############################# VISIBLE: EV_green_visible #############################
[INFO] [1788358316.001368925] [robot_0.robot_supervisor]: ############################# VISIBLE: EV_red_visible #############################
[INFO] [1788358316.601271727] [robot_0.robot_supervisor]: ############################# VISIBLE: EV_green_visible #############################
[INFO] [1788358316.601931928] [robot_0.robot_supervisor]: ############################# VISIBLE: EV_red_visible #############################
[INFO] [1788358317.201201617] [robot_0.robot_supervisor]: ############################# VISIBLE: EV_green_visible #############################
[INFO] [1788358317.201798941] [robot_0.robot_supervisor]: ############################# VISIBLE: EV_red_visible #############################
[INFO] [1788358317.500811061] [robot_0.robot_supervisor]: ############################# VISIBLE: EV_green_visible #############################
[INFO] [1788358317.501187367] [robot_0.robot_supervisor]: ############################# VISIBLE: EV_red_visible #############################
[INFO] [1788358318.101134387] [robot_0.robot_supervisor]: ############################# VISIBLE: EV_green_visible #############################
[INFO] [1788358318.101693313] [robot_0.robot_supervisor]: ############################# VISIBLE: EV_red_visible #############################
[INFO] [1788358318.701224237] [robot_0.robot_supervisor]: ############################# VISIBLE: EV_green_visible #############################
[INFO] [1788358318.701825608] [robot_0.robot_supervisor]: ############################# VISIBLE: EV_red_visible #############################
[INFO] [1788358319.002199314] [robot_0.robot_supervisor]: ############################# VISIBLE: EV_green_visible #############################
[INFO] [1788358319.002850943] [robot_0.robot_supervisor]: ############################# VISIBLE: EV_red_visible #############################
[INFO] [1788358319.601329640] [robot_0.robot_supervisor]: ############################# VISIBLE: EV_green_visible #############################
[INFO] [1788358319.601990331] [robot_0.robot_supervisor]: ############################# VISIBLE: EV_red_visible #############################
[INFO] [1788358320.201330602] [robot_0.robot_supervisor]: ############################# VISIBLE: EV_red_visible #############################
[INFO] [1788358320.501332111] [robot_0.robot_supervisor]: ############################# VISIBLE: EV_red_visible #############################
[INFO] [1788358321.100802171] [robot_0.robot_supervisor]: ############################# VISIBLE: EV_red_visible #############################
[INFO] [1788358321.701268548] [robot_0.robot_supervisor]: ############################# VISIBLE: EV_red_visible #############################
[INFO] [1788358322.001598406] [robot_0.robot_supervisor]: ############################# VISIBLE: EV_red_visible #############################
[INFO] [1788358322.601721325] [robot_0.robot_supervisor]: ############################# VISIBLE: EV_red_visible #############################
[INFO] [1788358323.201182731] [robot_0.robot_supervisor]: ############################# VISIBLE: EV_red_visible #############################
[INFO] [1788358323.501161945] [robot_0.robot_supervisor]: ############################# VISIBLE: EV_red_visible #############################
[INFO] [1788358324.101368230] [robot_0.robot_supervisor]: ############################# VISIBLE: EV_red_visible #############################
[INFO] [1788358324.701234207] [robot_0.robot_supervisor]: ############################# VISIBLE: EV_red_visible #############################
[INFO] [1788358325.001083876] [robot_0.robot_supervisor]: ############################# VISIBLE: EV_red_visible #############################
[INFO] [1788358325.600749912] [robot_0.robot_supervisor]: ############################# VISIBLE: EV_red_visible #############################
[INFO] [1788358326.201108591] [robot_0.robot_supervisor]: ############################# VISIBLE: EV_red_visible #############################
[INFO] [1788358326.500859715] [robot_0.robot_supervisor]: ############################# VISIBLE: EV_red_visible #############################
[INFO] [1788358327.101197581] [robot_0.robot_supervisor]: ############################# VISIBLE: EV_red_visible #############################
[INFO] [1788358327.700754227] [robot_0.robot_supervisor]: ############################# VISIBLE: EV_red_visible #############################
[INFO] [1788358328.001813390] [robot_0.robot_supervisor]: ############################# VISIBLE: EV_red_visible #############################
[INFO] [1788358328.600931185] [robot_0.robot_supervisor]: ############################# VISIBLE: EV_red_visible #############################
[INFO] [1788358329.201188639] [robot_0.robot_supervisor]: ############################# VISIBLE: EV_red_visible #############################
[INFO] [1788358329.501346668] [robot_0.robot_supervisor]: ############################# VISIBLE: EV_red_visible #############################
[INFO] [1788358330.101180117] [robot_0.robot_supervisor]: ############################# VISIBLE: EV_red_visible #############################
[INFO] [1788358330.701592862] [robot_0.robot_supervisor]: ############################# VISIBLE: EV_red_visible #############################
[INFO] [1788358331.000947649] [robot_0.robot_supervisor]: ############################# VISIBLE: EV_red_visible #############################
[INFO] [1788358331.600814030] [robot_0.robot_supervisor]: ############################# VISIBLE: EV_red_visible #############################
[INFO] [1788358332.201158683] [robot_0.robot_supervisor]: ############################# VISIBLE: EV_red_visible #############################
[INFO] [1788358332.500899715] [robot_0.robot_supervisor]: ############################# VISIBLE: EV_red_visible #############################
[INFO] [1788358333.101115298] [robot_0.robot_supervisor]: ############################# VISIBLE: EV_red_visible #############################
[INFO] [1788358333.600909427] [robot_0.robot_supervisor]: ############################# VISIBLE: EV_red_visible #############################
[INFO] [1788358334.201292849] [robot_0.robot_supervisor]: ############################# VISIBLE: EV_red_visible #############################
[INFO] [1788358334.500818925] [robot_0.robot_supervisor]: ############################# VISIBLE: EV_red_visible #############################
[INFO] [1788358335.101171347] [robot_0.robot_supervisor]: ############################# VISIBLE: EV_red_visible #############################
[INFO] [1788358335.700824185] [robot_0.robot_supervisor]: ############################# VISIBLE: EV_red_visible #############################
[INFO] [1788358336.001827430] [robot_0.robot_supervisor]: ############################# VISIBLE: EV_red_visible #############################
[INFO] [1788358336.601773948] [robot_0.robot_supervisor]: ############################# VISIBLE: EV_red_visible #############################
[INFO] [1788358337.202130086] [robot_0.robot_supervisor]: ############################# VISIBLE: EV_red_visible #############################
[INFO] [1788358337.502516923] [robot_0.robot_supervisor]: ############################# VISIBLE: EV_red_visible #############################
[INFO] [1788358338.003482112] [robot_0.robot_supervisor]: ############################# VISIBLE: EV_red_visible #############################
[INFO] [1788358338.601206022] [robot_0.robot_supervisor]: ############################# VISIBLE: EV_red_visible #############################
[INFO] [1788358339.101578864] [robot_0.robot_supervisor]: Reached red; progress: 1/3 colors
[INFO] [1788358339.102359652] [robot_0.robot_supervisor]: ############################# REACHED: EV_red_reached #############################
[INFO] [1788358339.601109894] [robot_0.robot_supervisor]: ############################# REACHED: EV_red_reached #############################
[INFO] [1788358339.601814276] [robot_0.robot_supervisor]: Starting FULL ROTATE (omega=1.000, have_odom=True, target_rad=3.142, timeout_s=3.500)
[INFO] [1788358342.801293071] [robot_0.robot_supervisor]: FULL ROTATE completed by odom (accum_rad=3.175)
[INFO] [1788358343.101329228] [robot_0.robot_supervisor]: ############################# REACHED: EV_red_reached #############################
[INFO] [1788358343.102003695] [robot_0.robot_supervisor]: ############################# VISIBLE: EV_blue_visible #############################
[INFO] [1788358343.601262271] [robot_0.robot_supervisor]: ############################# REACHED: EV_red_reached #############################
[INFO] [1788358343.601760975] [robot_0.robot_supervisor]: ############################# VISIBLE: EV_blue_visible #############################
[INFO] [1788358344.001865205] [robot_0.robot_supervisor]: ############################# REACHED: EV_red_reached #############################
[INFO] [1788358344.002550555] [robot_0.robot_supervisor]: ############################# VISIBLE: EV_blue_visible #############################
[INFO] [1788358344.601287251] [robot_0.robot_supervisor]: ############################# VISIBLE: EV_green_visible #############################
[INFO] [1788358344.602106866] [robot_0.robot_supervisor]: ############################# VISIBLE: EV_blue_visible #############################
[INFO] [1788358345.201374563] [robot_0.robot_supervisor]: ############################# VISIBLE: EV_green_visible #############################
[INFO] [1788358345.701543836] [robot_0.robot_supervisor]: ############################# VISIBLE: EV_green_visible #############################
[INFO] [1788358346.002416775] [robot_0.robot_supervisor]: ############################# VISIBLE: EV_green_visible #############################
[INFO] [1788358346.601160446] [robot_0.robot_supervisor]: ############################# VISIBLE: EV_green_visible #############################
[INFO] [1788358347.102100668] [robot_0.robot_supervisor]: ############################# VISIBLE: EV_green_visible #############################
[INFO] [1788358347.701569487] [robot_0.robot_supervisor]: ############################# VISIBLE: EV_green_visible #############################
[INFO] [1788358348.000932448] [robot_0.robot_supervisor]: ############################# VISIBLE: EV_green_visible #############################
[INFO] [1788358348.601296345] [robot_0.robot_supervisor]: ############################# VISIBLE: EV_green_visible #############################
[INFO] [1788358349.103961767] [robot_0.robot_supervisor]: ############################# VISIBLE: EV_green_visible #############################
[INFO] [1788358349.701124103] [robot_0.robot_supervisor]: ############################# VISIBLE: EV_green_visible #############################
[INFO] [1788358350.001526611] [robot_0.robot_supervisor]: ############################# VISIBLE: EV_green_visible #############################
[INFO] [1788358350.601502817] [robot_0.robot_supervisor]: ############################# VISIBLE: EV_green_visible #############################
[INFO] [1788358351.102175837] [robot_0.robot_supervisor]: ############################# VISIBLE: EV_green_visible #############################
[INFO] [1788358351.701452732] [robot_0.robot_supervisor]: ############################# VISIBLE: EV_green_visible #############################
[INFO] [1788358352.002888785] [robot_0.robot_supervisor]: ############################# VISIBLE: EV_green_visible #############################
[INFO] [1788358352.601481082] [robot_0.robot_supervisor]: ############################# VISIBLE: EV_green_visible #############################
[INFO] [1788358353.201912401] [robot_0.robot_supervisor]: ############################# VISIBLE: EV_green_visible #############################
[INFO] [1788358353.502556050] [robot_0.robot_supervisor]: ############################# VISIBLE: EV_green_visible #############################
[INFO] [1788358354.003962902] [robot_0.robot_supervisor]: ############################# VISIBLE: EV_green_visible #############################
[INFO] [1788358354.502457293] [robot_0.robot_supervisor]: ############################# VISIBLE: EV_green_visible #############################
[INFO] [1788358355.102968277] [robot_0.robot_supervisor]: Reached green; progress: 2/3 colors
[INFO] [1788358355.103902349] [robot_0.robot_supervisor]: ############################# REACHED: EV_green_reached #############################
[INFO] [1788358355.601463905] [robot_0.robot_supervisor]: ############################# REACHED: EV_green_reached #############################
[INFO] [1788358356.101240399] [robot_0.robot_supervisor]: ############################# REACHED: EV_green_reached #############################
[INFO] [1788358356.701260082] [robot_0.robot_supervisor]: ############################# REACHED: EV_green_reached #############################
[INFO] [1788358357.201293666] [robot_0.robot_supervisor]: ############################# REACHED: EV_green_reached #############################
[INFO] [1788358357.701051258] [robot_0.robot_supervisor]: ############################# REACHED: EV_green_reached #############################
[INFO] [1788358358.101272107] [robot_0.robot_supervisor]: ############################# REACHED: EV_green_reached #############################
[INFO] [1788358358.301381120] [robot_0.robot_supervisor]: Starting FULL ROTATE (omega=1.000, have_odom=True, target_rad=3.142, timeout_s=3.500)
[INFO] [1788358361.601727766] [robot_0.robot_supervisor]: FULL ROTATE completed by odom (accum_rad=3.183)
[INFO] [1788358361.901370792] [robot_0.robot_supervisor]: ############################# REACHED: EV_green_reached #############################
[INFO] [1788358361.902025537] [robot_0.robot_supervisor]: ############################# VISIBLE: EV_red_visible #############################
[INFO] [1788358362.201010451] [robot_0.robot_supervisor]: ############################# REACHED: EV_green_reached #############################
[INFO] [1788358362.201488310] [robot_0.robot_supervisor]: ############################# VISIBLE: EV_red_visible #############################
[INFO] [1788358362.601478940] [robot_0.robot_supervisor]: ############################# REACHED: EV_green_reached #############################
[INFO] [1788358362.602260054] [robot_0.robot_supervisor]: ############################# VISIBLE: EV_red_visible #############################
[INFO] [1788358363.000916138] [robot_0.robot_supervisor]: ############################# REACHED: EV_green_reached #############################
[INFO] [1788358363.001356112] [robot_0.robot_supervisor]: ############################# VISIBLE: EV_red_visible #############################
[INFO] [1788358363.001769823] [robot_0.robot_supervisor]: ############################# VISIBLE: EV_blue_visible #############################
[INFO] [1788358363.601418590] [robot_0.robot_supervisor]: ############################# REACHED: EV_green_reached #############################
[INFO] [1788358363.602364581] [robot_0.robot_supervisor]: ############################# VISIBLE: EV_red_visible #############################
[INFO] [1788358363.603015562] [robot_0.robot_supervisor]: ############################# VISIBLE: EV_blue_visible #############################
[INFO] [1788358364.201986875] [robot_0.robot_supervisor]: ############################# REACHED: EV_green_reached #############################
[INFO] [1788358364.202656184] [robot_0.robot_supervisor]: ############################# VISIBLE: EV_red_visible #############################
[INFO] [1788358364.203231734] [robot_0.robot_supervisor]: ############################# VISIBLE: EV_blue_visible #############################
[INFO] [1788358364.501523316] [robot_0.robot_supervisor]: ############################# VISIBLE: EV_red_visible #############################
[INFO] [1788358364.502257062] [robot_0.robot_supervisor]: ############################# VISIBLE: EV_blue_visible #############################
[INFO] [1788358365.101797634] [robot_0.robot_supervisor]: ############################# VISIBLE: EV_blue_visible #############################
[INFO] [1788358365.701644783] [robot_0.robot_supervisor]: ############################# VISIBLE: EV_blue_visible #############################
[INFO] [1788358366.001210819] [robot_0.robot_supervisor]: ############################# VISIBLE: EV_blue_visible #############################
[INFO] [1788358366.601253219] [robot_0.robot_supervisor]: ############################# VISIBLE: EV_blue_visible #############################
[INFO] [1788358367.200894651] [robot_0.robot_supervisor]: ############################# VISIBLE: EV_blue_visible #############################
[INFO] [1788358367.501265128] [robot_0.robot_supervisor]: ############################# VISIBLE: EV_blue_visible #############################
[INFO] [1788358368.101197194] [robot_0.robot_supervisor]: ############################# VISIBLE: EV_blue_visible #############################
[INFO] [1788358368.701296872] [robot_0.robot_supervisor]: ############################# VISIBLE: EV_blue_visible #############################
[INFO] [1788358369.001471465] [robot_0.robot_supervisor]: ############################# VISIBLE: EV_blue_visible #############################
[INFO] [1788358369.601075674] [robot_0.robot_supervisor]: ############################# VISIBLE: EV_blue_visible #############################
[INFO] [1788358370.201324320] [robot_0.robot_supervisor]: ############################# VISIBLE: EV_blue_visible #############################
[INFO] [1788358370.501527629] [robot_0.robot_supervisor]: ############################# VISIBLE: EV_blue_visible #############################
[INFO] [1788358371.101503070] [robot_0.robot_supervisor]: ############################# VISIBLE: EV_blue_visible #############################
[INFO] [1788358371.701279439] [robot_0.robot_supervisor]: ############################# VISIBLE: EV_blue_visible #############################
[INFO] [1788358372.000748397] [robot_0.robot_supervisor]: ############################# VISIBLE: EV_blue_visible #############################
[INFO] [1788358372.601244023] [robot_0.robot_supervisor]: ############################# VISIBLE: EV_blue_visible #############################
[INFO] [1788358373.201283194] [robot_0.robot_supervisor]: ############################# VISIBLE: EV_blue_visible #############################
[INFO] [1788358373.501399097] [robot_0.robot_supervisor]: ############################# VISIBLE: EV_blue_visible #############################
[INFO] [1788358374.002426205] [robot_0.robot_supervisor]: ############################# VISIBLE: EV_blue_visible #############################
[INFO] [1788358374.601357994] [robot_0.robot_supervisor]: ############################# VISIBLE: EV_blue_visible #############################
[INFO] [1788358375.201628343] [robot_0.robot_supervisor]: ############################# VISIBLE: EV_blue_visible #############################
[INFO] [1788358375.501041254] [robot_0.robot_supervisor]: ############################# VISIBLE: EV_blue_visible #############################
[INFO] [1788358376.002437612] [robot_0.robot_supervisor]: ############################# VISIBLE: EV_blue_visible #############################
[INFO] [1788358376.601530407] [robot_0.robot_supervisor]: ############################# VISIBLE: EV_blue_visible #############################
[INFO] [1788358377.201308641] [robot_0.robot_supervisor]: ############################# VISIBLE: EV_blue_visible #############################
[INFO] [1788358377.501025991] [robot_0.robot_supervisor]: ############################# VISIBLE: EV_blue_visible #############################
[INFO] [1788358378.101513651] [robot_0.robot_supervisor]: ############################# VISIBLE: EV_blue_visible #############################
[INFO] [1788358378.700990722] [robot_0.robot_supervisor]: ############################# VISIBLE: EV_blue_visible #############################
[INFO] [1788358379.000958281] [robot_0.robot_supervisor]: ############################# VISIBLE: EV_blue_visible #############################
[INFO] [1788358379.600995753] [robot_0.robot_supervisor]: ############################# VISIBLE: EV_blue_visible #############################
[INFO] [1788358380.201174566] [robot_0.robot_supervisor]: ############################# VISIBLE: EV_blue_visible #############################
[INFO] [1788358380.501305124] [robot_0.robot_supervisor]: ############################# VISIBLE: EV_blue_visible #############################
[INFO] [1788358381.001752922] [robot_0.robot_supervisor]: ############################# VISIBLE: EV_blue_visible #############################
[INFO] [1788358381.600893967] [robot_0.robot_supervisor]: ############################# VISIBLE: EV_blue_visible #############################
[INFO] [1788358382.201187402] [robot_0.robot_supervisor]: ############################# VISIBLE: EV_blue_visible #############################
[INFO] [1788358382.500884024] [robot_0.robot_supervisor]: ############################# VISIBLE: EV_blue_visible #############################
[INFO] [1788358383.101297883] [robot_0.robot_supervisor]: ############################# VISIBLE: EV_blue_visible #############################
[INFO] [1788358383.701028137] [robot_0.robot_supervisor]: Reached blue; progress: 3/3 colors
[INFO] [1788358383.701795838] [robot_0.robot_supervisor]: All color targets reached in order red, green, blue; final events published.
[INFO] [1788358383.702345223] [robot_0.robot_supervisor]: Completed robot removal is disabled; robot remains stopped.
