[INFO] [1788359537.724025824] [robot_2.robot_supervisor]: Required color order: red -> green -> blue
[INFO] [1788359537.767056369] [robot_2.robot_supervisor]: Loaded initial mission 'patrolling' from explicit YAML supervisor.yaml
[INFO] [1788359541.071356615] [robot_2.robot_supervisor]: Starting FULL ROTATE (omega=1.000, have_odom=True, target_rad=3.142, timeout_s=3.500)
[INFO] [1788359544.570857174] [robot_2.robot_supervisor]: FULL ROTATE completed by odom (accum_rad=3.161)
[INFO] [1788359547.270427277] [robot_2.robot_supervisor]: ############################# VISIBLE: EV_green_visible #############################
[INFO] [1788359547.770707988] [robot_2.robot_supervisor]: ############################# VISIBLE: EV_green_visible #############################
[INFO] [1788359548.270600676] [robot_2.robot_supervisor]: ############################# VISIBLE: EV_green_visible #############################
[INFO] [1788359548.770471111] [robot_2.robot_supervisor]: ############################# VISIBLE: EV_green_visible #############################
[INFO] [1788359548.770692053] [robot_2.robot_supervisor]: ############################# VISIBLE: EV_red_visible #############################
[INFO] [1788359549.370649924] [robot_2.robot_supervisor]: ############################# VISIBLE: EV_green_visible #############################
[INFO] [1788359549.370862076] [robot_2.robot_supervisor]: ############################# VISIBLE: EV_red_visible #############################
[INFO] [1788359549.670808064] [robot_2.robot_supervisor]: ############################# VISIBLE: EV_green_visible #############################
[INFO] [1788359549.671252209] [robot_2.robot_supervisor]: ############################# VISIBLE: EV_red_visible #############################
[INFO] [1788359550.270862752] [robot_2.robot_supervisor]: ############################# VISIBLE: EV_green_visible #############################
[INFO] [1788359550.271294129] [robot_2.robot_supervisor]: ############################# VISIBLE: EV_red_visible #############################
[INFO] [1788359550.870431701] [robot_2.robot_supervisor]: ############################# VISIBLE: EV_green_visible #############################
[INFO] [1788359550.870637678] [robot_2.robot_supervisor]: ############################# VISIBLE: EV_red_visible #############################
[INFO] [1788359551.170553711] [robot_2.robot_supervisor]: ############################# VISIBLE: EV_green_visible #############################
[INFO] [1788359551.170757278] [robot_2.robot_supervisor]: ############################# VISIBLE: EV_red_visible #############################
[INFO] [1788359551.770403240] [robot_2.robot_supervisor]: ############################# VISIBLE: EV_green_visible #############################
[INFO] [1788359551.770614018] [robot_2.robot_supervisor]: ############################# VISIBLE: EV_red_visible #############################
[INFO] [1788359552.370432949] [robot_2.robot_supervisor]: ############################# VISIBLE: EV_green_visible #############################
[INFO] [1788359552.370660107] [robot_2.robot_supervisor]: ############################# VISIBLE: EV_red_visible #############################
[INFO] [1788359552.670816249] [robot_2.robot_supervisor]: ############################# VISIBLE: EV_green_visible #############################
[INFO] [1788359552.671233181] [robot_2.robot_supervisor]: ############################# VISIBLE: EV_red_visible #############################
[INFO] [1788359553.270753877] [robot_2.robot_supervisor]: ############################# VISIBLE: EV_red_visible #############################
[INFO] [1788359553.870428490] [robot_2.robot_supervisor]: ############################# VISIBLE: EV_red_visible #############################
[INFO] [1788359554.170861746] [robot_2.robot_supervisor]: ############################# VISIBLE: EV_red_visible #############################
[INFO] [1788359554.770615417] [robot_2.robot_supervisor]: ############################# VISIBLE: EV_red_visible #############################
[INFO] [1788359555.370686763] [robot_2.robot_supervisor]: ############################# VISIBLE: EV_red_visible #############################
[INFO] [1788359555.670921068] [robot_2.robot_supervisor]: ############################# VISIBLE: EV_red_visible #############################
[INFO] [1788359556.271663892] [robot_2.robot_supervisor]: ############################# VISIBLE: EV_red_visible #############################
[INFO] [1788359556.871859038] [robot_2.robot_supervisor]: ############################# VISIBLE: EV_red_visible #############################
[INFO] [1788359557.170979805] [robot_2.robot_supervisor]: ############################# VISIBLE: EV_red_visible #############################
[INFO] [1788359557.770910170] [robot_2.robot_supervisor]: ############################# VISIBLE: EV_red_visible #############################
[INFO] [1788359558.370992189] [robot_2.robot_supervisor]: ############################# VISIBLE: EV_red_visible #############################
[INFO] [1788359558.670922744] [robot_2.robot_supervisor]: ############################# VISIBLE: EV_red_visible #############################
[INFO] [1788359559.270875664] [robot_2.robot_supervisor]: ############################# VISIBLE: EV_red_visible #############################
[INFO] [1788359559.870621728] [robot_2.robot_supervisor]: ############################# VISIBLE: EV_red_visible #############################
[INFO] [1788359560.170614736] [robot_2.robot_supervisor]: ############################# VISIBLE: EV_red_visible #############################
[INFO] [1788359560.770645421] [robot_2.robot_supervisor]: ############################# VISIBLE: EV_red_visible #############################
[INFO] [1788359561.370860892] [robot_2.robot_supervisor]: ############################# VISIBLE: EV_red_visible #############################
[INFO] [1788359561.670908980] [robot_2.robot_supervisor]: ############################# VISIBLE: EV_red_visible #############################
[INFO] [1788359562.270576081] [robot_2.robot_supervisor]: ############################# VISIBLE: EV_red_visible #############################
[INFO] [1788359562.870629747] [robot_2.robot_supervisor]: ############################# VISIBLE: EV_red_visible #############################
[INFO] [1788359563.170706350] [robot_2.robot_supervisor]: ############################# VISIBLE: EV_red_visible #############################
[INFO] [1788359563.770601198] [robot_2.robot_supervisor]: ############################# VISIBLE: EV_red_visible #############################
[INFO] [1788359564.370809427] [robot_2.robot_supervisor]: ############################# VISIBLE: EV_red_visible #############################
[INFO] [1788359564.670569910] [robot_2.robot_supervisor]: ############################# VISIBLE: EV_red_visible #############################
[INFO] [1788359565.270868415] [robot_2.robot_supervisor]: ############################# VISIBLE: EV_red_visible #############################
[INFO] [1788359565.871872403] [robot_2.robot_supervisor]: ############################# VISIBLE: EV_red_visible #############################
[INFO] [1788359566.170528831] [robot_2.robot_supervisor]: ############################# VISIBLE: EV_red_visible #############################
[INFO] [1788359566.770633455] [robot_2.robot_supervisor]: ############################# VISIBLE: EV_red_visible #############################
[INFO] [1788359567.370883826] [robot_2.robot_supervisor]: ############################# VISIBLE: EV_red_visible #############################
[INFO] [1788359567.604999106] [robot_2.robot_supervisor]: Reached red; progress: 1/3 colors
[INFO] [1788359567.670853175] [robot_2.robot_supervisor]: ############################# REACHED: EV_red_reached #############################
[INFO] [1788359568.170890428] [robot_2.robot_supervisor]: ############################# REACHED: EV_red_reached #############################
[INFO] [1788359568.770904385] [robot_2.robot_supervisor]: ############################# REACHED: EV_red_reached #############################
[INFO] [1788359568.971225735] [robot_2.robot_supervisor]: Starting FULL ROTATE (omega=1.000, have_odom=True, target_rad=3.142, timeout_s=3.500)
[INFO] [1788359572.170919268] [robot_2.robot_supervisor]: FULL ROTATE completed by odom (accum_rad=3.200)
[INFO] [1788359572.370777448] [robot_2.robot_supervisor]: ############################# REACHED: EV_red_reached #############################
[INFO] [1788359572.371171237] [robot_2.robot_supervisor]: ############################# VISIBLE: EV_blue_visible #############################
[INFO] [1788359572.670713642] [robot_2.robot_supervisor]: ############################# VISIBLE: EV_green_visible #############################
[INFO] [1788359572.671276093] [robot_2.robot_supervisor]: ############################# REACHED: EV_red_reached #############################
[INFO] [1788359572.671967441] [robot_2.robot_supervisor]: ############################# VISIBLE: EV_blue_visible #############################
[INFO] [1788359573.270779733] [robot_2.robot_supervisor]: ############################# VISIBLE: EV_green_visible #############################
[INFO] [1788359573.271176850] [robot_2.robot_supervisor]: ############################# REACHED: EV_red_reached #############################
[INFO] [1788359573.271642959] [robot_2.robot_supervisor]: ############################# VISIBLE: EV_blue_visible #############################
[INFO] [1788359573.871047310] [robot_2.robot_supervisor]: ############################# VISIBLE: EV_green_visible #############################
[INFO] [1788359573.871610198] [robot_2.robot_supervisor]: ############################# VISIBLE: EV_blue_visible #############################
[INFO] [1788359574.171129100] [robot_2.robot_supervisor]: ############################# VISIBLE: EV_green_visible #############################
[INFO] [1788359574.770881347] [robot_2.robot_supervisor]: ############################# VISIBLE: EV_green_visible #############################
[INFO] [1788359575.370589913] [robot_2.robot_supervisor]: ############################# VISIBLE: EV_green_visible #############################
[INFO] [1788359575.670821567] [robot_2.robot_supervisor]: ############################# VISIBLE: EV_green_visible #############################
[INFO] [1788359576.270529204] [robot_2.robot_supervisor]: ############################# VISIBLE: EV_green_visible #############################
[INFO] [1788359576.870497354] [robot_2.robot_supervisor]: ############################# VISIBLE: EV_green_visible #############################
[INFO] [1788359577.170598826] [robot_2.robot_supervisor]: ############################# VISIBLE: EV_green_visible #############################
[INFO] [1788359577.770831867] [robot_2.robot_supervisor]: ############################# VISIBLE: EV_green_visible #############################
[INFO] [1788359578.370694101] [robot_2.robot_supervisor]: ############################# VISIBLE: EV_green_visible #############################
[INFO] [1788359578.670815805] [robot_2.robot_supervisor]: ############################# VISIBLE: EV_green_visible #############################
[INFO] [1788359579.270484466] [robot_2.robot_supervisor]: ############################# VISIBLE: EV_green_visible #############################
[INFO] [1788359579.870559289] [robot_2.robot_supervisor]: ############################# VISIBLE: EV_green_visible #############################
[INFO] [1788359580.170556792] [robot_2.robot_supervisor]: ############################# VISIBLE: EV_green_visible #############################
[INFO] [1788359580.770853471] [robot_2.robot_supervisor]: ############################# VISIBLE: EV_green_visible #############################
[INFO] [1788359581.370639639] [robot_2.robot_supervisor]: ############################# VISIBLE: EV_green_visible #############################
[INFO] [1788359581.570636424] [robot_2.robot_supervisor]: Starting FULL ROTATE (omega=1.000, have_odom=True, target_rad=3.142, timeout_s=3.500)
[INFO] [1788359585.070812743] [robot_2.robot_supervisor]: FULL ROTATE completed by odom (accum_rad=3.157)
[INFO] [1788359585.370560900] [robot_2.robot_supervisor]: ############################# VISIBLE: EV_red_visible #############################
[INFO] [1788359585.770795020] [robot_2.robot_supervisor]: ############################# VISIBLE: EV_red_visible #############################
[INFO] [1788359586.270490907] [robot_2.robot_supervisor]: ############################# VISIBLE: EV_red_visible #############################
[INFO] [1788359586.670817851] [robot_2.robot_supervisor]: ############################# VISIBLE: EV_red_visible #############################
[INFO] [1788359587.370567026] [robot_2.robot_supervisor]: ############################# VISIBLE: EV_red_visible #############################
[INFO] [1788359587.370867347] [robot_2.robot_supervisor]: ############################# VISIBLE: EV_blue_visible #############################
[WARN] [1788359587.371326480] [robot_2.robot_supervisor]: no translation for 6.0s livelock detected; starting atomic escape (turn_sign=+1)
[INFO] [1788359589.870888083] [robot_2.robot_supervisor]: Zone-livelock escape completed
[INFO] [1788359590.170824034] [robot_2.robot_supervisor]: ############################# VISIBLE: EV_green_visible #############################
[INFO] [1788359590.171265805] [robot_2.robot_supervisor]: ############################# VISIBLE: EV_blue_visible #############################
[INFO] [1788359590.770898796] [robot_2.robot_supervisor]: ############################# VISIBLE: EV_green_visible #############################
[INFO] [1788359590.771321476] [robot_2.robot_supervisor]: ############################# VISIBLE: EV_blue_visible #############################
[INFO] [1788359591.370898778] [robot_2.robot_supervisor]: ############################# VISIBLE: EV_green_visible #############################
[INFO] [1788359591.670832184] [robot_2.robot_supervisor]: ############################# VISIBLE: EV_green_visible #############################
[INFO] [1788359592.270846164] [robot_2.robot_supervisor]: ############################# VISIBLE: EV_green_visible #############################
[INFO] [1788359592.870559022] [robot_2.robot_supervisor]: Reached green; progress: 2/3 colors
[INFO] [1788359592.870943530] [robot_2.robot_supervisor]: ############################# REACHED: EV_green_reached #############################
[INFO] [1788359593.170531044] [robot_2.robot_supervisor]: ############################# REACHED: EV_green_reached #############################
[INFO] [1788359593.770523312] [robot_2.robot_supervisor]: ############################# REACHED: EV_green_reached #############################
[INFO] [1788359594.270557104] [robot_2.robot_supervisor]: ############################# REACHED: EV_green_reached #############################
[INFO] [1788359594.670531785] [robot_2.robot_supervisor]: ############################# REACHED: EV_green_reached #############################
[INFO] [1788359594.670975471] [robot_2.robot_supervisor]: Starting FULL ROTATE (omega=1.000, have_odom=True, target_rad=3.142, timeout_s=3.500)
[INFO] [1788359598.170543210] [robot_2.robot_supervisor]: FULL ROTATE completed by odom (accum_rad=3.167)
[INFO] [1788359598.370525093] [robot_2.robot_supervisor]: ############################# REACHED: EV_green_reached #############################
[INFO] [1788359598.870691221] [robot_2.robot_supervisor]: ############################# REACHED: EV_green_reached #############################
[INFO] [1788359599.270823443] [robot_2.robot_supervisor]: ############################# REACHED: EV_green_reached #############################
[INFO] [1788359599.770829121] [robot_2.robot_supervisor]: ############################# REACHED: EV_green_reached #############################
[INFO] [1788359599.771239968] [robot_2.robot_supervisor]: ############################# VISIBLE: EV_red_visible #############################
[INFO] [1788359600.270547587] [robot_2.robot_supervisor]: ############################# VISIBLE: EV_red_visible #############################
[INFO] [1788359600.770491734] [robot_2.robot_supervisor]: ############################# VISIBLE: EV_red_visible #############################
[INFO] [1788359601.270514965] [robot_2.robot_supervisor]: ############################# VISIBLE: EV_red_visible #############################
[INFO] [1788359601.770827482] [robot_2.robot_supervisor]: ############################# VISIBLE: EV_red_visible #############################
[INFO] [1788359601.771467430] [robot_2.robot_supervisor]: Starting FULL ROTATE (omega=1.000, have_odom=True, target_rad=3.142, timeout_s=3.500)
[INFO] [1788359605.070780684] [robot_2.robot_supervisor]: FULL ROTATE completed by odom (accum_rad=3.241)
[INFO] [1788359605.370550190] [robot_2.robot_supervisor]: ############################# VISIBLE: EV_green_visible #############################
[INFO] [1788359605.370805832] [robot_2.robot_supervisor]: ############################# VISIBLE: EV_blue_visible #############################
[INFO] [1788359605.670595423] [robot_2.robot_supervisor]: ############################# VISIBLE: EV_green_visible #############################
[INFO] [1788359606.270846985] [robot_2.robot_supervisor]: ############################# VISIBLE: EV_green_visible #############################
[INFO] [1788359606.770797816] [robot_2.robot_supervisor]: ############################# VISIBLE: EV_green_visible #############################
[INFO] [1788359607.370529099] [robot_2.robot_supervisor]: ############################# VISIBLE: EV_green_visible #############################
[INFO] [1788359607.670778890] [robot_2.robot_supervisor]: ############################# VISIBLE: EV_green_visible #############################
[WARN] [1788359608.102057826] [robot_2.robot_supervisor]: Reached green out of order; next required color is blue. This reach does not count.
[INFO] [1788359608.170771470] [robot_2.robot_supervisor]: ############################# REACHED: EV_green_reached #############################
[WARN] [1788359608.770443561] [robot_2.robot_supervisor]: Reached green out of order; next required color is blue. This reach does not count.
[INFO] [1788359608.770834483] [robot_2.robot_supervisor]: ############################# REACHED: EV_green_reached #############################
[WARN] [1788359609.370437360] [robot_2.robot_supervisor]: Reached green out of order; next required color is blue. This reach does not count.
[INFO] [1788359609.370811334] [robot_2.robot_supervisor]: ############################# REACHED: EV_green_reached #############################
[WARN] [1788359609.587812770] [robot_2.robot_supervisor]: Reached green out of order; next required color is blue. This reach does not count.
[INFO] [1788359609.670721507] [robot_2.robot_supervisor]: ############################# REACHED: EV_green_reached #############################
[INFO] [1788359609.870597561] [robot_2.robot_supervisor]: Starting FULL ROTATE (omega=1.000, have_odom=True, target_rad=3.142, timeout_s=3.500)
[INFO] [1788359613.070832659] [robot_2.robot_supervisor]: FULL ROTATE completed by odom (accum_rad=3.147)
[WARN] [1788359613.270751414] [robot_2.robot_supervisor]: Reached green out of order; next required color is blue. This reach does not count.
[INFO] [1788359613.271274203] [robot_2.robot_supervisor]: ############################# REACHED: EV_green_reached #############################
[INFO] [1788359613.271524149] [robot_2.robot_supervisor]: ############################# VISIBLE: EV_red_visible #############################
[WARN] [1788359613.870556130] [robot_2.robot_supervisor]: Reached green out of order; next required color is blue. This reach does not count.
[INFO] [1788359613.870921676] [robot_2.robot_supervisor]: ############################# REACHED: EV_green_reached #############################
[INFO] [1788359613.871125034] [robot_2.robot_supervisor]: ############################# VISIBLE: EV_red_visible #############################
[INFO] [1788359613.871318274] [robot_2.robot_supervisor]: ############################# VISIBLE: EV_blue_visible #############################
[WARN] [1788359614.104193191] [robot_2.robot_supervisor]: Reached green out of order; next required color is blue. This reach does not count.
[INFO] [1788359614.170811590] [robot_2.robot_supervisor]: ############################# REACHED: EV_green_reached #############################
[INFO] [1788359614.171286279] [robot_2.robot_supervisor]: ############################# VISIBLE: EV_red_visible #############################
[INFO] [1788359614.171672347] [robot_2.robot_supervisor]: ############################# VISIBLE: EV_blue_visible #############################
[WARN] [1788359614.771426490] [robot_2.robot_supervisor]: Reached green out of order; next required color is blue. This reach does not count.
[INFO] [1788359614.772304123] [robot_2.robot_supervisor]: ############################# REACHED: EV_green_reached #############################
[INFO] [1788359614.773033374] [robot_2.robot_supervisor]: ############################# VISIBLE: EV_red_visible #############################
[INFO] [1788359614.773553409] [robot_2.robot_supervisor]: ############################# VISIBLE: EV_blue_visible #############################
[WARN] [1788359615.370443255] [robot_2.robot_supervisor]: Reached green out of order; next required color is blue. This reach does not count.
[INFO] [1788359615.370855743] [robot_2.robot_supervisor]: ############################# REACHED: EV_green_reached #############################
[INFO] [1788359615.371093340] [robot_2.robot_supervisor]: ############################# VISIBLE: EV_red_visible #############################
[INFO] [1788359615.371311037] [robot_2.robot_supervisor]: ############################# VISIBLE: EV_blue_visible #############################
[INFO] [1788359615.670778992] [robot_2.robot_supervisor]: ############################# VISIBLE: EV_red_visible #############################
[INFO] [1788359615.671188949] [robot_2.robot_supervisor]: ############################# VISIBLE: EV_blue_visible #############################
[INFO] [1788359616.270865954] [robot_2.robot_supervisor]: ############################# VISIBLE: EV_red_visible #############################
[INFO] [1788359616.271292649] [robot_2.robot_supervisor]: ############################# VISIBLE: EV_blue_visible #############################
[INFO] [1788359616.271944464] [robot_2.robot_supervisor]: Starting FULL ROTATE (omega=1.000, have_odom=True, target_rad=3.142, timeout_s=3.500)
[INFO] [1788359619.670762985] [robot_2.robot_supervisor]: FULL ROTATE completed by odom (accum_rad=3.168)
[INFO] [1788359619.970815135] [robot_2.robot_supervisor]: ############################# VISIBLE: EV_green_visible #############################
[INFO] [1788359620.270480806] [robot_2.robot_supervisor]: ############################# VISIBLE: EV_green_visible #############################
[INFO] [1788359620.870807276] [robot_2.robot_supervisor]: ############################# VISIBLE: EV_green_visible #############################
[WARN] [1788359621.102672567] [robot_2.robot_supervisor]: Reached green out of order; next required color is blue. This reach does not count.
[INFO] [1788359621.170753755] [robot_2.robot_supervisor]: ############################# REACHED: EV_green_reached #############################
[WARN] [1788359621.602522351] [robot_2.robot_supervisor]: Reached green out of order; next required color is blue. This reach does not count.
[INFO] [1788359621.670790852] [robot_2.robot_supervisor]: ############################# REACHED: EV_green_reached #############################
[WARN] [1788359622.270424850] [robot_2.robot_supervisor]: Reached green out of order; next required color is blue. This reach does not count.
[INFO] [1788359622.270792526] [robot_2.robot_supervisor]: ############################# REACHED: EV_green_reached #############################
[WARN] [1788359622.603114311] [robot_2.robot_supervisor]: Reached green out of order; next required color is blue. This reach does not count.
[INFO] [1788359622.670771703] [robot_2.robot_supervisor]: ############################# REACHED: EV_green_reached #############################
[WARN] [1788359623.095353643] [robot_2.robot_supervisor]: Reached green out of order; next required color is blue. This reach does not count.
[INFO] [1788359623.170501332] [robot_2.robot_supervisor]: ############################# REACHED: EV_green_reached #############################
[WARN] [1788359623.594405390] [robot_2.robot_supervisor]: Reached green out of order; next required color is blue. This reach does not count.
[INFO] [1788359623.670473654] [robot_2.robot_supervisor]: ############################# REACHED: EV_green_reached #############################
[WARN] [1788359624.270725831] [robot_2.robot_supervisor]: Reached green out of order; next required color is blue. This reach does not count.
[INFO] [1788359624.271411067] [robot_2.robot_supervisor]: ############################# REACHED: EV_green_reached #############################
[INFO] [1788359629.670518149] [robot_2.robot_supervisor]: ############################# VISIBLE: EV_red_visible #############################
[INFO] [1788359630.170525677] [robot_2.robot_supervisor]: ############################# VISIBLE: EV_red_visible #############################
[INFO] [1788359630.770606005] [robot_2.robot_supervisor]: ############################# VISIBLE: EV_red_visible #############################
[INFO] [1788359631.270819609] [robot_2.robot_supervisor]: ############################# VISIBLE: EV_red_visible #############################
[INFO] [1788359631.870883084] [robot_2.robot_supervisor]: ############################# VISIBLE: EV_red_visible #############################
[INFO] [1788359632.170834485] [robot_2.robot_supervisor]: ############################# VISIBLE: EV_red_visible #############################
[INFO] [1788359632.670468495] [robot_2.robot_supervisor]: ############################# VISIBLE: EV_red_visible #############################
[INFO] [1788359633.270540728] [robot_2.robot_supervisor]: ############################# VISIBLE: EV_red_visible #############################
[INFO] [1788359633.770725765] [robot_2.robot_supervisor]: ############################# VISIBLE: EV_red_visible #############################
[INFO] [1788359634.270817454] [robot_2.robot_supervisor]: ############################# VISIBLE: EV_red_visible #############################
[INFO] [1788359634.770783661] [robot_2.robot_supervisor]: ############################# VISIBLE: EV_red_visible #############################
[INFO] [1788359635.370532538] [robot_2.robot_supervisor]: ############################# VISIBLE: EV_red_visible #############################
[INFO] [1788359635.770535921] [robot_2.robot_supervisor]: ############################# VISIBLE: EV_red_visible #############################
[INFO] [1788359636.170811677] [robot_2.robot_supervisor]: ############################# VISIBLE: EV_red_visible #############################
[INFO] [1788359636.171260279] [robot_2.robot_supervisor]: ############################# VISIBLE: EV_blue_visible #############################
[INFO] [1788359636.770553560] [robot_2.robot_supervisor]: ############################# VISIBLE: EV_red_visible #############################
[INFO] [1788359636.770826159] [robot_2.robot_supervisor]: ############################# VISIBLE: EV_blue_visible #############################
[INFO] [1788359637.370544849] [robot_2.robot_supervisor]: ############################# VISIBLE: EV_red_visible #############################
[INFO] [1788359637.370818663] [robot_2.robot_supervisor]: ############################# VISIBLE: EV_blue_visible #############################
[INFO] [1788359637.670809360] [robot_2.robot_supervisor]: ############################# VISIBLE: EV_red_visible #############################
[INFO] [1788359637.671220070] [robot_2.robot_supervisor]: ############################# VISIBLE: EV_blue_visible #############################
[INFO] [1788359638.270820156] [robot_2.robot_supervisor]: ############################# VISIBLE: EV_red_visible #############################
[INFO] [1788359638.271119879] [robot_2.robot_supervisor]: ############################# VISIBLE: EV_blue_visible #############################
[INFO] [1788359638.870640094] [robot_2.robot_supervisor]: ############################# VISIBLE: EV_blue_visible #############################
[INFO] [1788359639.170730570] [robot_2.robot_supervisor]: ############################# VISIBLE: EV_blue_visible #############################
[INFO] [1788359639.770747502] [robot_2.robot_supervisor]: ############################# VISIBLE: EV_blue_visible #############################
[INFO] [1788359640.370562189] [robot_2.robot_supervisor]: ############################# VISIBLE: EV_blue_visible #############################
[INFO] [1788359640.670514610] [robot_2.robot_supervisor]: ############################# VISIBLE: EV_blue_visible #############################
[INFO] [1788359641.270557220] [robot_2.robot_supervisor]: ############################# VISIBLE: EV_blue_visible #############################
[INFO] [1788359641.870887553] [robot_2.robot_supervisor]: ############################# VISIBLE: EV_blue_visible #############################
[INFO] [1788359642.170476971] [robot_2.robot_supervisor]: ############################# VISIBLE: EV_blue_visible #############################
[INFO] [1788359642.770521067] [robot_2.robot_supervisor]: ############################# VISIBLE: EV_blue_visible #############################
[INFO] [1788359643.370818075] [robot_2.robot_supervisor]: ############################# VISIBLE: EV_blue_visible #############################
[INFO] [1788359643.670531052] [robot_2.robot_supervisor]: ############################# VISIBLE: EV_blue_visible #############################
[INFO] [1788359644.270568682] [robot_2.robot_supervisor]: ############################# VISIBLE: EV_blue_visible #############################
[INFO] [1788359644.870806574] [robot_2.robot_supervisor]: ############################# VISIBLE: EV_blue_visible #############################
[INFO] [1788359644.871439904] [robot_2.robot_supervisor]: Starting FULL ROTATE (omega=1.000, have_odom=True, target_rad=3.142, timeout_s=3.500)
[INFO] [1788359648.270637623] [robot_2.robot_supervisor]: FULL ROTATE completed by odom (accum_rad=3.168)
[INFO] [1788359648.570842711] [robot_2.robot_supervisor]: ############################# VISIBLE: EV_green_visible #############################
[INFO] [1788359648.770525592] [robot_2.robot_supervisor]: ############################# VISIBLE: EV_green_visible #############################
[INFO] [1788359649.270836223] [robot_2.robot_supervisor]: ############################# VISIBLE: EV_green_visible #############################
[INFO] [1788359649.770800299] [robot_2.robot_supervisor]: ############################# VISIBLE: EV_green_visible #############################
[INFO] [1788359649.771230252] [robot_2.robot_supervisor]: ############################# VISIBLE: EV_red_visible #############################
[INFO] [1788359650.270533276] [robot_2.robot_supervisor]: ############################# VISIBLE: EV_green_visible #############################
[INFO] [1788359650.270808889] [robot_2.robot_supervisor]: ############################# VISIBLE: EV_red_visible #############################
[INFO] [1788359650.670524907] [robot_2.robot_supervisor]: ############################# VISIBLE: EV_red_visible #############################
[INFO] [1788359651.170802362] [robot_2.robot_supervisor]: ############################# VISIBLE: EV_red_visible #############################
[INFO] [1788359651.670501495] [robot_2.robot_supervisor]: ############################# VISIBLE: EV_red_visible #############################
[INFO] [1788359652.270828572] [robot_2.robot_supervisor]: ############################# VISIBLE: EV_red_visible #############################
[WARN] [1788359652.770713442] [robot_2.robot_supervisor]: Reached red out of order; next required color is blue. This reach does not count.
[INFO] [1788359652.771306413] [robot_2.robot_supervisor]: ############################# REACHED: EV_red_reached #############################
[WARN] [1788359653.270667289] [robot_2.robot_supervisor]: Reached red out of order; next required color is blue. This reach does not count.
[INFO] [1788359653.271221818] [robot_2.robot_supervisor]: ############################# REACHED: EV_red_reached #############################
[WARN] [1788359653.597718720] [robot_2.robot_supervisor]: Reached red out of order; next required color is blue. This reach does not count.
[INFO] [1788359653.670809826] [robot_2.robot_supervisor]: ############################# REACHED: EV_red_reached #############################
[WARN] [1788359654.097304077] [robot_2.robot_supervisor]: Reached red out of order; next required color is blue. This reach does not count.
[INFO] [1788359654.170768240] [robot_2.robot_supervisor]: ############################# REACHED: EV_red_reached #############################
[WARN] [1788359654.600971137] [robot_2.robot_supervisor]: Reached red out of order; next required color is blue. This reach does not count.
[INFO] [1788359654.670458818] [robot_2.robot_supervisor]: ############################# REACHED: EV_red_reached #############################
[WARN] [1788359655.100115639] [robot_2.robot_supervisor]: Reached red out of order; next required color is blue. This reach does not count.
[INFO] [1788359655.170502135] [robot_2.robot_supervisor]: ############################# REACHED: EV_red_reached #############################
[WARN] [1788359655.770692520] [robot_2.robot_supervisor]: Reached red out of order; next required color is blue. This reach does not count.
[INFO] [1788359655.771290203] [robot_2.robot_supervisor]: ############################# REACHED: EV_red_reached #############################
[WARN] [1788359656.270675288] [robot_2.robot_supervisor]: Reached red out of order; next required color is blue. This reach does not count.
[INFO] [1788359656.271271461] [robot_2.robot_supervisor]: ############################# REACHED: EV_red_reached #############################
[WARN] [1788359656.770404402] [robot_2.robot_supervisor]: Reached red out of order; next required color is blue. This reach does not count.
[INFO] [1788359656.770761897] [robot_2.robot_supervisor]: ############################# REACHED: EV_red_reached #############################
[WARN] [1788359657.270444369] [robot_2.robot_supervisor]: Reached red out of order; next required color is blue. This reach does not count.
[INFO] [1788359657.270844856] [robot_2.robot_supervisor]: ############################# REACHED: EV_red_reached #############################
[INFO] [1788359657.870565147] [robot_2.robot_supervisor]: ############################# VISIBLE: EV_blue_visible #############################
[INFO] [1788359658.170532849] [robot_2.robot_supervisor]: ############################# VISIBLE: EV_blue_visible #############################
[INFO] [1788359658.770839616] [robot_2.robot_supervisor]: ############################# VISIBLE: EV_blue_visible #############################
[INFO] [1788359659.370819395] [robot_2.robot_supervisor]: ############################# VISIBLE: EV_blue_visible #############################
[INFO] [1788359659.670515227] [robot_2.robot_supervisor]: ############################# VISIBLE: EV_blue_visible #############################
[INFO] [1788359660.270690149] [robot_2.robot_supervisor]: ############################# VISIBLE: EV_blue_visible #############################
[INFO] [1788359660.870856371] [robot_2.robot_supervisor]: ############################# VISIBLE: EV_blue_visible #############################
[INFO] [1788359661.170866976] [robot_2.robot_supervisor]: ############################# VISIBLE: EV_blue_visible #############################
[INFO] [1788359661.770798190] [robot_2.robot_supervisor]: ############################# VISIBLE: EV_blue_visible #############################
[INFO] [1788359662.370549243] [robot_2.robot_supervisor]: ############################# VISIBLE: EV_blue_visible #############################
[INFO] [1788359662.670839314] [robot_2.robot_supervisor]: ############################# VISIBLE: EV_blue_visible #############################
[INFO] [1788359663.270515456] [robot_2.robot_supervisor]: ############################# VISIBLE: EV_blue_visible #############################
[INFO] [1788359663.870826432] [robot_2.robot_supervisor]: ############################# VISIBLE: EV_blue_visible #############################
[INFO] [1788359664.170530264] [robot_2.robot_supervisor]: ############################# VISIBLE: EV_blue_visible #############################
[INFO] [1788359664.770832632] [robot_2.robot_supervisor]: ############################# VISIBLE: EV_blue_visible #############################
[INFO] [1788359665.370861049] [robot_2.robot_supervisor]: ############################# VISIBLE: EV_blue_visible #############################
[INFO] [1788359665.670653342] [robot_2.robot_supervisor]: ############################# VISIBLE: EV_blue_visible #############################
[INFO] [1788359666.270546443] [robot_2.robot_supervisor]: ############################# VISIBLE: EV_blue_visible #############################
[INFO] [1788359666.870820631] [robot_2.robot_supervisor]: ############################# VISIBLE: EV_blue_visible #############################
[INFO] [1788359667.170850600] [robot_2.robot_supervisor]: ############################# VISIBLE: EV_blue_visible #############################
[INFO] [1788359667.770801865] [robot_2.robot_supervisor]: ############################# VISIBLE: EV_blue_visible #############################
[INFO] [1788359668.370696146] [robot_2.robot_supervisor]: ############################# VISIBLE: EV_blue_visible #############################
[INFO] [1788359668.670686936] [robot_2.robot_supervisor]: ############################# VISIBLE: EV_blue_visible #############################
[INFO] [1788359669.270815682] [robot_2.robot_supervisor]: ############################# VISIBLE: EV_blue_visible #############################
[INFO] [1788359669.870486254] [robot_2.robot_supervisor]: ############################# VISIBLE: EV_blue_visible #############################
[INFO] [1788359670.170474712] [robot_2.robot_supervisor]: ############################# VISIBLE: EV_blue_visible #############################
[INFO] [1788359670.670540658] [robot_2.robot_supervisor]: ############################# VISIBLE: EV_blue_visible #############################
[INFO] [1788359671.270787422] [robot_2.robot_supervisor]: ############################# VISIBLE: EV_blue_visible #############################
[INFO] [1788359671.870573120] [robot_2.robot_supervisor]: Reached blue; progress: 3/3 colors
[INFO] [1788359671.870954843] [robot_2.robot_supervisor]: All color targets reached in order red, green, blue; final events published.
[INFO] [1788359671.871225521] [robot_2.robot_supervisor]: Completed robot removal is disabled; robot remains stopped.
