[INFO] [1788359765.166566328] [robot_0.robot_supervisor]: Required color order: red -> green -> blue
[INFO] [1788359765.245506196] [robot_0.robot_supervisor]: Loaded initial mission 'patrolling' from explicit YAML supervisor.yaml
[INFO] [1788359769.151765379] [robot_0.robot_supervisor]: ############################# VISIBLE: EV_red_visible #############################
[INFO] [1788359769.152195235] [robot_0.robot_supervisor]: ############################# VISIBLE: EV_blue_visible #############################
[INFO] [1788359769.751481339] [robot_0.robot_supervisor]: ############################# VISIBLE: EV_red_visible #############################
[INFO] [1788359769.751780550] [robot_0.robot_supervisor]: ############################# VISIBLE: EV_blue_visible #############################
[INFO] [1788359770.351416643] [robot_0.robot_supervisor]: ############################# VISIBLE: EV_red_visible #############################
[INFO] [1788359770.351686488] [robot_0.robot_supervisor]: ############################# VISIBLE: EV_blue_visible #############################
[INFO] [1788359770.651402188] [robot_0.robot_supervisor]: ############################# VISIBLE: EV_red_visible #############################
[INFO] [1788359770.651669215] [robot_0.robot_supervisor]: ############################# VISIBLE: EV_blue_visible #############################
[INFO] [1788359771.251385657] [robot_0.robot_supervisor]: ############################# VISIBLE: EV_red_visible #############################
[INFO] [1788359771.251642797] [robot_0.robot_supervisor]: ############################# VISIBLE: EV_blue_visible #############################
[INFO] [1788359771.851400700] [robot_0.robot_supervisor]: ############################# VISIBLE: EV_green_visible #############################
[INFO] [1788359771.851657703] [robot_0.robot_supervisor]: ############################# VISIBLE: EV_red_visible #############################
[INFO] [1788359771.851856697] [robot_0.robot_supervisor]: ############################# VISIBLE: EV_blue_visible #############################
[INFO] [1788359772.151448494] [robot_0.robot_supervisor]: ############################# VISIBLE: EV_green_visible #############################
[INFO] [1788359772.151738289] [robot_0.robot_supervisor]: ############################# VISIBLE: EV_red_visible #############################
[INFO] [1788359772.151973274] [robot_0.robot_supervisor]: ############################# VISIBLE: EV_blue_visible #############################
[INFO] [1788359772.751758554] [robot_0.robot_supervisor]: ############################# VISIBLE: EV_green_visible #############################
[INFO] [1788359772.752180773] [robot_0.robot_supervisor]: ############################# VISIBLE: EV_red_visible #############################
[INFO] [1788359772.752555342] [robot_0.robot_supervisor]: ############################# VISIBLE: EV_blue_visible #############################
[INFO] [1788359773.351445451] [robot_0.robot_supervisor]: ############################# VISIBLE: EV_green_visible #############################
[INFO] [1788359773.351735326] [robot_0.robot_supervisor]: ############################# VISIBLE: EV_red_visible #############################
[INFO] [1788359773.351961372] [robot_0.robot_supervisor]: ############################# VISIBLE: EV_blue_visible #############################
[INFO] [1788359773.651413139] [robot_0.robot_supervisor]: ############################# VISIBLE: EV_green_visible #############################
[INFO] [1788359773.651696961] [robot_0.robot_supervisor]: ############################# VISIBLE: EV_red_visible #############################
[INFO] [1788359773.651924935] [robot_0.robot_supervisor]: ############################# VISIBLE: EV_blue_visible #############################
[INFO] [1788359774.251779766] [robot_0.robot_supervisor]: ############################# VISIBLE: EV_green_visible #############################
[INFO] [1788359774.252074261] [robot_0.robot_supervisor]: ############################# VISIBLE: EV_red_visible #############################
[INFO] [1788359774.551788157] [robot_0.robot_supervisor]: ############################# VISIBLE: EV_green_visible #############################
[INFO] [1788359774.552291698] [robot_0.robot_supervisor]: ############################# VISIBLE: EV_red_visible #############################
[INFO] [1788359775.151400324] [robot_0.robot_supervisor]: ############################# VISIBLE: EV_green_visible #############################
[INFO] [1788359775.151672895] [robot_0.robot_supervisor]: ############################# VISIBLE: EV_red_visible #############################
[INFO] [1788359775.751472757] [robot_0.robot_supervisor]: ############################# VISIBLE: EV_green_visible #############################
[INFO] [1788359775.751776323] [robot_0.robot_supervisor]: ############################# VISIBLE: EV_red_visible #############################
[INFO] [1788359776.051426004] [robot_0.robot_supervisor]: ############################# VISIBLE: EV_green_visible #############################
[INFO] [1788359776.051730230] [robot_0.robot_supervisor]: ############################# VISIBLE: EV_red_visible #############################
[INFO] [1788359776.651436454] [robot_0.robot_supervisor]: ############################# VISIBLE: EV_green_visible #############################
[INFO] [1788359776.651726713] [robot_0.robot_supervisor]: ############################# VISIBLE: EV_red_visible #############################
[INFO] [1788359777.251465102] [robot_0.robot_supervisor]: ############################# VISIBLE: EV_green_visible #############################
[INFO] [1788359777.251757654] [robot_0.robot_supervisor]: ############################# VISIBLE: EV_red_visible #############################
[INFO] [1788359777.551360912] [robot_0.robot_supervisor]: ############################# VISIBLE: EV_green_visible #############################
[INFO] [1788359777.551638079] [robot_0.robot_supervisor]: ############################# VISIBLE: EV_red_visible #############################
[INFO] [1788359778.151711888] [robot_0.robot_supervisor]: ############################# VISIBLE: EV_green_visible #############################
[INFO] [1788359778.152129601] [robot_0.robot_supervisor]: ############################# VISIBLE: EV_red_visible #############################
[INFO] [1788359778.751469301] [robot_0.robot_supervisor]: ############################# VISIBLE: EV_green_visible #############################
[INFO] [1788359778.751771525] [robot_0.robot_supervisor]: ############################# VISIBLE: EV_red_visible #############################
[INFO] [1788359779.051719588] [robot_0.robot_supervisor]: ############################# VISIBLE: EV_green_visible #############################
[INFO] [1788359779.052332807] [robot_0.robot_supervisor]: ############################# VISIBLE: EV_red_visible #############################
[INFO] [1788359779.651745567] [robot_0.robot_supervisor]: ############################# VISIBLE: EV_red_visible #############################
[INFO] [1788359780.251427503] [robot_0.robot_supervisor]: ############################# VISIBLE: EV_red_visible #############################
[INFO] [1788359780.851407177] [robot_0.robot_supervisor]: ############################# VISIBLE: EV_red_visible #############################
[INFO] [1788359781.151728466] [robot_0.robot_supervisor]: ############################# VISIBLE: EV_red_visible #############################
[INFO] [1788359781.751520272] [robot_0.robot_supervisor]: ############################# VISIBLE: EV_red_visible #############################
[INFO] [1788359782.351755118] [robot_0.robot_supervisor]: ############################# VISIBLE: EV_red_visible #############################
[INFO] [1788359782.651714937] [robot_0.robot_supervisor]: ############################# VISIBLE: EV_red_visible #############################
[INFO] [1788359783.251464820] [robot_0.robot_supervisor]: ############################# VISIBLE: EV_red_visible #############################
[INFO] [1788359783.851775766] [robot_0.robot_supervisor]: ############################# VISIBLE: EV_red_visible #############################
[INFO] [1788359784.451401202] [robot_0.robot_supervisor]: ############################# VISIBLE: EV_red_visible #############################
[INFO] [1788359784.751382602] [robot_0.robot_supervisor]: ############################# VISIBLE: EV_red_visible #############################
[INFO] [1788359785.051657791] [robot_0.robot_supervisor]: ############################# VISIBLE: EV_red_visible #############################
[INFO] [1788359785.651457821] [robot_0.robot_supervisor]: ############################# VISIBLE: EV_red_visible #############################
[INFO] [1788359786.251643194] [robot_0.robot_supervisor]: ############################# VISIBLE: EV_red_visible #############################
[INFO] [1788359786.851429960] [robot_0.robot_supervisor]: ############################# VISIBLE: EV_red_visible #############################
[INFO] [1788359787.151434044] [robot_0.robot_supervisor]: ############################# VISIBLE: EV_red_visible #############################
[INFO] [1788359787.751458911] [robot_0.robot_supervisor]: ############################# VISIBLE: EV_red_visible #############################
[INFO] [1788359788.351776217] [robot_0.robot_supervisor]: ############################# VISIBLE: EV_red_visible #############################
[INFO] [1788359788.651455544] [robot_0.robot_supervisor]: ############################# VISIBLE: EV_red_visible #############################
[INFO] [1788359789.251723689] [robot_0.robot_supervisor]: ############################# VISIBLE: EV_red_visible #############################
[INFO] [1788359789.851749928] [robot_0.robot_supervisor]: ############################# VISIBLE: EV_red_visible #############################
[INFO] [1788359790.151754957] [robot_0.robot_supervisor]: ############################# VISIBLE: EV_red_visible #############################
[INFO] [1788359790.751594755] [robot_0.robot_supervisor]: ############################# VISIBLE: EV_red_visible #############################
[INFO] [1788359791.051507350] [robot_0.robot_supervisor]: ############################# VISIBLE: EV_red_visible #############################
[INFO] [1788359791.651466859] [robot_0.robot_supervisor]: ############################# VISIBLE: EV_red_visible #############################
[INFO] [1788359792.251450629] [robot_0.robot_supervisor]: ############################# VISIBLE: EV_red_visible #############################
[INFO] [1788359792.551479892] [robot_0.robot_supervisor]: ############################# VISIBLE: EV_red_visible #############################
[INFO] [1788359793.151489040] [robot_0.robot_supervisor]: ############################# VISIBLE: EV_red_visible #############################
[INFO] [1788359793.751485885] [robot_0.robot_supervisor]: ############################# VISIBLE: EV_red_visible #############################
[INFO] [1788359794.351749646] [robot_0.robot_supervisor]: ############################# VISIBLE: EV_red_visible #############################
[INFO] [1788359794.651444108] [robot_0.robot_supervisor]: ############################# VISIBLE: EV_red_visible #############################
[INFO] [1788359795.251444567] [robot_0.robot_supervisor]: ############################# VISIBLE: EV_red_visible #############################
[INFO] [1788359795.851413922] [robot_0.robot_supervisor]: ############################# VISIBLE: EV_red_visible #############################
[INFO] [1788359796.151696828] [robot_0.robot_supervisor]: ############################# VISIBLE: EV_red_visible #############################
[INFO] [1788359796.751530162] [robot_0.robot_supervisor]: ############################# VISIBLE: EV_red_visible #############################
[INFO] [1788359797.351425759] [robot_0.robot_supervisor]: ############################# VISIBLE: EV_red_visible #############################
[INFO] [1788359797.651442722] [robot_0.robot_supervisor]: ############################# VISIBLE: EV_red_visible #############################
[INFO] [1788359798.251763390] [robot_0.robot_supervisor]: ############################# VISIBLE: EV_red_visible #############################
[INFO] [1788359798.538691079] [robot_0.robot_supervisor]: Reached red; progress: 1/3 colors
[INFO] [1788359798.552117059] [robot_0.robot_supervisor]: ############################# REACHED: EV_red_reached #############################
[INFO] [1788359799.051756813] [robot_0.robot_supervisor]: ############################# REACHED: EV_red_reached #############################
[INFO] [1788359799.551388812] [robot_0.robot_supervisor]: ############################# REACHED: EV_red_reached #############################
[INFO] [1788359799.551834637] [robot_0.robot_supervisor]: Starting FULL ROTATE (omega=1.000, have_odom=True, target_rad=3.142, timeout_s=3.500)
[INFO] [1788359802.751479616] [robot_0.robot_supervisor]: FULL ROTATE completed by odom (accum_rad=3.152)
[INFO] [1788359802.951751386] [robot_0.robot_supervisor]: ############################# REACHED: EV_red_reached #############################
[INFO] [1788359802.952175091] [robot_0.robot_supervisor]: ############################# VISIBLE: EV_blue_visible #############################
[INFO] [1788359803.151461765] [robot_0.robot_supervisor]: ############################# REACHED: EV_red_reached #############################
[INFO] [1788359803.151769905] [robot_0.robot_supervisor]: ############################# VISIBLE: EV_blue_visible #############################
[INFO] [1788359803.651404690] [robot_0.robot_supervisor]: ############################# REACHED: EV_red_reached #############################
[INFO] [1788359803.651675363] [robot_0.robot_supervisor]: ############################# VISIBLE: EV_blue_visible #############################
[INFO] [1788359804.152724180] [robot_0.robot_supervisor]: ############################# VISIBLE: EV_green_visible #############################
[INFO] [1788359804.153420948] [robot_0.robot_supervisor]: ############################# REACHED: EV_red_reached #############################
[INFO] [1788359804.153903619] [robot_0.robot_supervisor]: ############################# VISIBLE: EV_blue_visible #############################
[INFO] [1788359804.751728812] [robot_0.robot_supervisor]: ############################# VISIBLE: EV_green_visible #############################
[INFO] [1788359804.752158857] [robot_0.robot_supervisor]: ############################# REACHED: EV_red_reached #############################
[INFO] [1788359804.752544313] [robot_0.robot_supervisor]: ############################# VISIBLE: EV_blue_visible #############################
[INFO] [1788359805.351503337] [robot_0.robot_supervisor]: ############################# VISIBLE: EV_green_visible #############################
[INFO] [1788359805.651407544] [robot_0.robot_supervisor]: ############################# VISIBLE: EV_green_visible #############################
[INFO] [1788359806.251465048] [robot_0.robot_supervisor]: ############################# VISIBLE: EV_green_visible #############################
[INFO] [1788359806.851776768] [robot_0.robot_supervisor]: ############################# VISIBLE: EV_green_visible #############################
[INFO] [1788359807.151743028] [robot_0.robot_supervisor]: ############################# VISIBLE: EV_green_visible #############################
[INFO] [1788359807.751783905] [robot_0.robot_supervisor]: ############################# VISIBLE: EV_green_visible #############################
[INFO] [1788359808.351714349] [robot_0.robot_supervisor]: ############################# VISIBLE: EV_green_visible #############################
[INFO] [1788359808.651741423] [robot_0.robot_supervisor]: ############################# VISIBLE: EV_green_visible #############################
[INFO] [1788359809.251754128] [robot_0.robot_supervisor]: ############################# VISIBLE: EV_green_visible #############################
[INFO] [1788359809.851725745] [robot_0.robot_supervisor]: ############################# VISIBLE: EV_green_visible #############################
[INFO] [1788359810.151387960] [robot_0.robot_supervisor]: ############################# VISIBLE: EV_green_visible #############################
[INFO] [1788359810.751740120] [robot_0.robot_supervisor]: ############################# VISIBLE: EV_green_visible #############################
[INFO] [1788359811.051519934] [robot_0.robot_supervisor]: ############################# VISIBLE: EV_green_visible #############################
[INFO] [1788359811.651754459] [robot_0.robot_supervisor]: ############################# VISIBLE: EV_green_visible #############################
[INFO] [1788359812.251446558] [robot_0.robot_supervisor]: ############################# VISIBLE: EV_green_visible #############################
[INFO] [1788359812.851447604] [robot_0.robot_supervisor]: ############################# VISIBLE: EV_green_visible #############################
[INFO] [1788359813.151715135] [robot_0.robot_supervisor]: ############################# VISIBLE: EV_green_visible #############################
[INFO] [1788359813.751773263] [robot_0.robot_supervisor]: ############################# VISIBLE: EV_green_visible #############################
[INFO] [1788359814.351436869] [robot_0.robot_supervisor]: ############################# VISIBLE: EV_green_visible #############################
[INFO] [1788359814.651790503] [robot_0.robot_supervisor]: Reached green; progress: 2/3 colors
[INFO] [1788359814.652419504] [robot_0.robot_supervisor]: ############################# REACHED: EV_green_reached #############################
[INFO] [1788359815.251757765] [robot_0.robot_supervisor]: ############################# REACHED: EV_green_reached #############################
[INFO] [1788359815.651459558] [robot_0.robot_supervisor]: ############################# REACHED: EV_green_reached #############################
[INFO] [1788359816.251783994] [robot_0.robot_supervisor]: ############################# REACHED: EV_green_reached #############################
[INFO] [1788359816.252443211] [robot_0.robot_supervisor]: Starting FULL ROTATE (omega=1.000, have_odom=True, target_rad=3.142, timeout_s=3.500)
[INFO] [1788359819.651438661] [robot_0.robot_supervisor]: FULL ROTATE completed by odom (accum_rad=3.188)
[INFO] [1788359819.851466406] [robot_0.robot_supervisor]: ############################# REACHED: EV_green_reached #############################
[INFO] [1788359819.851770871] [robot_0.robot_supervisor]: ############################# VISIBLE: EV_red_visible #############################
[INFO] [1788359820.151445713] [robot_0.robot_supervisor]: ############################# REACHED: EV_green_reached #############################
[INFO] [1788359820.151747367] [robot_0.robot_supervisor]: ############################# VISIBLE: EV_red_visible #############################
[INFO] [1788359820.651417631] [robot_0.robot_supervisor]: ############################# VISIBLE: EV_red_visible #############################
[INFO] [1788359820.651674773] [robot_0.robot_supervisor]: ############################# VISIBLE: EV_blue_visible #############################
[INFO] [1788359821.251416992] [robot_0.robot_supervisor]: ############################# VISIBLE: EV_red_visible #############################
[INFO] [1788359821.251689873] [robot_0.robot_supervisor]: ############################# VISIBLE: EV_blue_visible #############################
[INFO] [1788359821.851772112] [robot_0.robot_supervisor]: ############################# VISIBLE: EV_red_visible #############################
[INFO] [1788359821.852197957] [robot_0.robot_supervisor]: ############################# VISIBLE: EV_blue_visible #############################
[INFO] [1788359822.151719935] [robot_0.robot_supervisor]: ############################# VISIBLE: EV_red_visible #############################
[INFO] [1788359822.152138145] [robot_0.robot_supervisor]: ############################# VISIBLE: EV_blue_visible #############################
[INFO] [1788359822.751722692] [robot_0.robot_supervisor]: ############################# VISIBLE: EV_red_visible #############################
[INFO] [1788359822.752141256] [robot_0.robot_supervisor]: ############################# VISIBLE: EV_blue_visible #############################
[INFO] [1788359823.351744433] [robot_0.robot_supervisor]: ############################# VISIBLE: EV_red_visible #############################
[INFO] [1788359823.352052895] [robot_0.robot_supervisor]: ############################# VISIBLE: EV_blue_visible #############################
[INFO] [1788359823.651703763] [robot_0.robot_supervisor]: ############################# VISIBLE: EV_blue_visible #############################
[INFO] [1788359824.251445823] [robot_0.robot_supervisor]: ############################# VISIBLE: EV_blue_visible #############################
[INFO] [1788359824.851423680] [robot_0.robot_supervisor]: ############################# VISIBLE: EV_blue_visible #############################
[INFO] [1788359825.151415844] [robot_0.robot_supervisor]: ############################# VISIBLE: EV_blue_visible #############################
[INFO] [1788359825.751717225] [robot_0.robot_supervisor]: ############################# VISIBLE: EV_blue_visible #############################
[INFO] [1788359826.051414829] [robot_0.robot_supervisor]: ############################# VISIBLE: EV_blue_visible #############################
[INFO] [1788359826.651761620] [robot_0.robot_supervisor]: ############################# VISIBLE: EV_blue_visible #############################
[INFO] [1788359827.251407531] [robot_0.robot_supervisor]: ############################# VISIBLE: EV_blue_visible #############################
[INFO] [1788359827.851432111] [robot_0.robot_supervisor]: ############################# VISIBLE: EV_blue_visible #############################
[INFO] [1788359828.151714690] [robot_0.robot_supervisor]: ############################# VISIBLE: EV_blue_visible #############################
[INFO] [1788359828.751451906] [robot_0.robot_supervisor]: ############################# VISIBLE: EV_blue_visible #############################
[INFO] [1788359829.351443231] [robot_0.robot_supervisor]: ############################# VISIBLE: EV_blue_visible #############################
[INFO] [1788359829.651444611] [robot_0.robot_supervisor]: ############################# VISIBLE: EV_blue_visible #############################
[INFO] [1788359830.251382427] [robot_0.robot_supervisor]: ############################# VISIBLE: EV_blue_visible #############################
[INFO] [1788359830.551688202] [robot_0.robot_supervisor]: ############################# VISIBLE: EV_blue_visible #############################
[INFO] [1788359831.151405048] [robot_0.robot_supervisor]: ############################# VISIBLE: EV_blue_visible #############################
[INFO] [1788359831.751715556] [robot_0.robot_supervisor]: ############################# VISIBLE: EV_blue_visible #############################
[INFO] [1788359832.351435534] [robot_0.robot_supervisor]: ############################# VISIBLE: EV_blue_visible #############################
[INFO] [1788359832.651764726] [robot_0.robot_supervisor]: ############################# VISIBLE: EV_blue_visible #############################
[INFO] [1788359833.251445441] [robot_0.robot_supervisor]: ############################# VISIBLE: EV_blue_visible #############################
[INFO] [1788359833.851800714] [robot_0.robot_supervisor]: ############################# VISIBLE: EV_blue_visible #############################
[INFO] [1788359834.151680743] [robot_0.robot_supervisor]: ############################# VISIBLE: EV_blue_visible #############################
[INFO] [1788359834.751444836] [robot_0.robot_supervisor]: ############################# VISIBLE: EV_blue_visible #############################
[INFO] [1788359835.051375928] [robot_0.robot_supervisor]: ############################# VISIBLE: EV_blue_visible #############################
[INFO] [1788359835.651512669] [robot_0.robot_supervisor]: ############################# VISIBLE: EV_blue_visible #############################
[INFO] [1788359836.251326618] [robot_0.robot_supervisor]: ############################# VISIBLE: EV_blue_visible #############################
[INFO] [1788359836.851711157] [robot_0.robot_supervisor]: ############################# VISIBLE: EV_blue_visible #############################
[INFO] [1788359837.151632643] [robot_0.robot_supervisor]: ############################# VISIBLE: EV_blue_visible #############################
[INFO] [1788359837.751755738] [robot_0.robot_supervisor]: ############################# VISIBLE: EV_blue_visible #############################
[INFO] [1788359838.351677058] [robot_0.robot_supervisor]: ############################# VISIBLE: EV_blue_visible #############################
[INFO] [1788359838.651858125] [robot_0.robot_supervisor]: ############################# VISIBLE: EV_blue_visible #############################
[INFO] [1788359839.251682422] [robot_0.robot_supervisor]: ############################# VISIBLE: EV_blue_visible #############################
[INFO] [1788359839.852037902] [robot_0.robot_supervisor]: ############################# VISIBLE: EV_blue_visible #############################
[INFO] [1788359840.451765688] [robot_0.robot_supervisor]: ############################# VISIBLE: EV_blue_visible #############################
[INFO] [1788359840.709078909] [robot_0.robot_supervisor]: Reached blue; progress: 3/3 colors
[INFO] [1788359840.711300897] [robot_0.robot_supervisor]: All color targets reached in order red, green, blue; final events published.
[INFO] [1788359840.711840741] [robot_0.robot_supervisor]: Completed robot removal is disabled; robot remains stopped.
