[INFO] [1788359537.636024004] [robot_0.robot_supervisor]: Required color order: red -> green -> blue
[INFO] [1788359537.693024123] [robot_0.robot_supervisor]: Loaded initial mission 'patrolling' from explicit YAML supervisor.yaml
[INFO] [1788359545.300426025] [robot_0.robot_supervisor]: Starting FULL ROTATE (omega=1.000, have_odom=True, target_rad=3.142, timeout_s=3.500)
[INFO] [1788359548.500550638] [robot_0.robot_supervisor]: FULL ROTATE completed by odom (accum_rad=3.200)
[INFO] [1788359548.700564168] [robot_0.robot_supervisor]: ############################# VISIBLE: EV_green_visible #############################
[INFO] [1788359548.700982821] [robot_0.robot_supervisor]: ############################# VISIBLE: EV_red_visible #############################
[INFO] [1788359548.701335523] [robot_0.robot_supervisor]: ############################# VISIBLE: EV_blue_visible #############################
[INFO] [1788359549.000549375] [robot_0.robot_supervisor]: ############################# VISIBLE: EV_green_visible #############################
[INFO] [1788359549.001002138] [robot_0.robot_supervisor]: ############################# VISIBLE: EV_red_visible #############################
[INFO] [1788359549.001377819] [robot_0.robot_supervisor]: ############################# VISIBLE: EV_blue_visible #############################
[INFO] [1788359549.600638908] [robot_0.robot_supervisor]: ############################# VISIBLE: EV_green_visible #############################
[INFO] [1788359549.601018516] [robot_0.robot_supervisor]: ############################# VISIBLE: EV_blue_visible #############################
[INFO] [1788359550.000133405] [robot_0.robot_supervisor]: ############################# VISIBLE: EV_green_visible #############################
[INFO] [1788359550.500447800] [robot_0.robot_supervisor]: ############################# VISIBLE: EV_green_visible #############################
[INFO] [1788359551.000147623] [robot_0.robot_supervisor]: ############################# VISIBLE: EV_green_visible #############################
[INFO] [1788359551.500229465] [robot_0.robot_supervisor]: ############################# VISIBLE: EV_green_visible #############################
[INFO] [1788359552.000558332] [robot_0.robot_supervisor]: ############################# VISIBLE: EV_green_visible #############################
[INFO] [1788359552.400483288] [robot_0.robot_supervisor]: ############################# VISIBLE: EV_green_visible #############################
[INFO] [1788359553.000667547] [robot_0.robot_supervisor]: ############################# VISIBLE: EV_green_visible #############################
[INFO] [1788359553.400420679] [robot_0.robot_supervisor]: ############################# VISIBLE: EV_green_visible #############################
[INFO] [1788359554.000321223] [robot_0.robot_supervisor]: ############################# VISIBLE: EV_green_visible #############################
[INFO] [1788359556.800740738] [robot_0.robot_supervisor]: Starting FULL ROTATE (omega=1.000, have_odom=True, target_rad=3.142, timeout_s=3.500)
[INFO] [1788359560.000306717] [robot_0.robot_supervisor]: FULL ROTATE completed by odom (accum_rad=3.200)
[INFO] [1788359560.200695267] [robot_0.robot_supervisor]: ############################# VISIBLE: EV_green_visible #############################
[INFO] [1788359560.201201523] [robot_0.robot_supervisor]: ############################# VISIBLE: EV_red_visible #############################
[INFO] [1788359560.201707785] [robot_0.robot_supervisor]: ############################# VISIBLE: EV_blue_visible #############################
[INFO] [1788359560.500270868] [robot_0.robot_supervisor]: ############################# VISIBLE: EV_green_visible #############################
[INFO] [1788359560.500568028] [robot_0.robot_supervisor]: ############################# VISIBLE: EV_red_visible #############################
[INFO] [1788359560.500853467] [robot_0.robot_supervisor]: ############################# VISIBLE: EV_blue_visible #############################
[INFO] [1788359561.100673947] [robot_0.robot_supervisor]: ############################# VISIBLE: EV_green_visible #############################
[INFO] [1788359561.101135638] [robot_0.robot_supervisor]: ############################# VISIBLE: EV_red_visible #############################
[INFO] [1788359561.101407941] [robot_0.robot_supervisor]: ############################# VISIBLE: EV_blue_visible #############################
[INFO] [1788359561.700293616] [robot_0.robot_supervisor]: ############################# VISIBLE: EV_green_visible #############################
[INFO] [1788359561.700759212] [robot_0.robot_supervisor]: ############################# VISIBLE: EV_blue_visible #############################
[INFO] [1788359562.200690883] [robot_0.robot_supervisor]: ############################# VISIBLE: EV_green_visible #############################
[INFO] [1788359562.201172977] [robot_0.robot_supervisor]: ############################# VISIBLE: EV_blue_visible #############################
[INFO] [1788359562.500711738] [robot_0.robot_supervisor]: ############################# VISIBLE: EV_green_visible #############################
[INFO] [1788359562.501219304] [robot_0.robot_supervisor]: ############################# VISIBLE: EV_blue_visible #############################
[INFO] [1788359562.900509585] [robot_0.robot_supervisor]: ############################# VISIBLE: EV_green_visible #############################
[INFO] [1788359562.900840596] [robot_0.robot_supervisor]: ############################# VISIBLE: EV_blue_visible #############################
[INFO] [1788359563.500852865] [robot_0.robot_supervisor]: ############################# VISIBLE: EV_green_visible #############################
[INFO] [1788359563.501219784] [robot_0.robot_supervisor]: ############################# VISIBLE: EV_blue_visible #############################
[INFO] [1788359564.000690921] [robot_0.robot_supervisor]: ############################# VISIBLE: EV_green_visible #############################
[INFO] [1788359564.001063157] [robot_0.robot_supervisor]: ############################# VISIBLE: EV_blue_visible #############################
[INFO] [1788359564.700525437] [robot_0.robot_supervisor]: ############################# VISIBLE: EV_green_visible #############################
[INFO] [1788359564.700861215] [robot_0.robot_supervisor]: ############################# VISIBLE: EV_blue_visible #############################
[INFO] [1788359565.100738868] [robot_0.robot_supervisor]: ############################# VISIBLE: EV_green_visible #############################
[INFO] [1788359565.600579473] [robot_0.robot_supervisor]: ############################# VISIBLE: EV_green_visible #############################
[INFO] [1788359566.200735207] [robot_0.robot_supervisor]: ############################# VISIBLE: EV_green_visible #############################
[INFO] [1788359566.500685786] [robot_0.robot_supervisor]: ############################# VISIBLE: EV_green_visible #############################
[INFO] [1788359567.100354640] [robot_0.robot_supervisor]: ############################# VISIBLE: EV_green_visible #############################
[INFO] [1788359574.101181329] [robot_0.robot_supervisor]: Starting FULL ROTATE (omega=1.000, have_odom=True, target_rad=3.142, timeout_s=3.500)
[INFO] [1788359577.500569278] [robot_0.robot_supervisor]: FULL ROTATE completed by odom (accum_rad=3.228)
[INFO] [1788359577.800567070] [robot_0.robot_supervisor]: ############################# VISIBLE: EV_green_visible #############################
[INFO] [1788359577.801000008] [robot_0.robot_supervisor]: ############################# VISIBLE: EV_red_visible #############################
[INFO] [1788359577.801370099] [robot_0.robot_supervisor]: ############################# VISIBLE: EV_blue_visible #############################
[INFO] [1788359578.100304049] [robot_0.robot_supervisor]: ############################# VISIBLE: EV_green_visible #############################
[INFO] [1788359578.100599534] [robot_0.robot_supervisor]: ############################# VISIBLE: EV_red_visible #############################
[INFO] [1788359578.100831704] [robot_0.robot_supervisor]: ############################# VISIBLE: EV_blue_visible #############################
[INFO] [1788359578.400199783] [robot_0.robot_supervisor]: ############################# VISIBLE: EV_green_visible #############################
[INFO] [1788359578.400475335] [robot_0.robot_supervisor]: ############################# VISIBLE: EV_red_visible #############################
[INFO] [1788359578.400719840] [robot_0.robot_supervisor]: ############################# VISIBLE: EV_blue_visible #############################
[INFO] [1788359579.000503088] [robot_0.robot_supervisor]: ############################# VISIBLE: EV_green_visible #############################
[INFO] [1788359579.000944975] [robot_0.robot_supervisor]: ############################# VISIBLE: EV_blue_visible #############################
[INFO] [1788359579.600608468] [robot_0.robot_supervisor]: ############################# VISIBLE: EV_green_visible #############################
[INFO] [1788359580.100252855] [robot_0.robot_supervisor]: ############################# VISIBLE: EV_green_visible #############################
[INFO] [1788359580.400463449] [robot_0.robot_supervisor]: ############################# VISIBLE: EV_green_visible #############################
[INFO] [1788359581.000549224] [robot_0.robot_supervisor]: ############################# VISIBLE: EV_green_visible #############################
[INFO] [1788359581.500275853] [robot_0.robot_supervisor]: ############################# VISIBLE: EV_green_visible #############################
[INFO] [1788359582.900389341] [robot_0.robot_supervisor]: Starting FULL ROTATE (omega=1.000, have_odom=True, target_rad=3.142, timeout_s=3.500)
[INFO] [1788359586.300201357] [robot_0.robot_supervisor]: FULL ROTATE completed by odom (accum_rad=3.228)
[INFO] [1788359587.100406773] [robot_0.robot_supervisor]: ############################# VISIBLE: EV_red_visible #############################
[INFO] [1788359587.700350739] [robot_0.robot_supervisor]: ############################# VISIBLE: EV_red_visible #############################
[INFO] [1788359588.000198277] [robot_0.robot_supervisor]: ############################# VISIBLE: EV_red_visible #############################
[INFO] [1788359588.600329577] [robot_0.robot_supervisor]: ############################# VISIBLE: EV_red_visible #############################
[INFO] [1788359589.200293165] [robot_0.robot_supervisor]: ############################# VISIBLE: EV_red_visible #############################
[INFO] [1788359589.500540884] [robot_0.robot_supervisor]: ############################# VISIBLE: EV_red_visible #############################
[INFO] [1788359589.501041840] [robot_0.robot_supervisor]: ############################# VISIBLE: EV_blue_visible #############################
[INFO] [1788359590.100360982] [robot_0.robot_supervisor]: ############################# VISIBLE: EV_red_visible #############################
[INFO] [1788359590.100810436] [robot_0.robot_supervisor]: ############################# VISIBLE: EV_blue_visible #############################
[INFO] [1788359590.700251628] [robot_0.robot_supervisor]: ############################# VISIBLE: EV_red_visible #############################
[INFO] [1788359590.700532316] [robot_0.robot_supervisor]: ############################# VISIBLE: EV_blue_visible #############################
[INFO] [1788359591.000331862] [robot_0.robot_supervisor]: ############################# VISIBLE: EV_red_visible #############################
[INFO] [1788359591.000653004] [robot_0.robot_supervisor]: ############################# VISIBLE: EV_blue_visible #############################
[INFO] [1788359591.600319063] [robot_0.robot_supervisor]: ############################# VISIBLE: EV_red_visible #############################
[INFO] [1788359591.600617284] [robot_0.robot_supervisor]: ############################# VISIBLE: EV_blue_visible #############################
[INFO] [1788359592.200285968] [robot_0.robot_supervisor]: ############################# VISIBLE: EV_red_visible #############################
[INFO] [1788359592.200589336] [robot_0.robot_supervisor]: ############################# VISIBLE: EV_blue_visible #############################
[INFO] [1788359592.500504212] [robot_0.robot_supervisor]: ############################# VISIBLE: EV_red_visible #############################
[INFO] [1788359592.500950444] [robot_0.robot_supervisor]: ############################# VISIBLE: EV_blue_visible #############################
[INFO] [1788359593.100629556] [robot_0.robot_supervisor]: ############################# VISIBLE: EV_red_visible #############################
[INFO] [1788359593.101090931] [robot_0.robot_supervisor]: ############################# VISIBLE: EV_blue_visible #############################
[INFO] [1788359593.400245551] [robot_0.robot_supervisor]: ############################# VISIBLE: EV_red_visible #############################
[INFO] [1788359593.400526557] [robot_0.robot_supervisor]: ############################# VISIBLE: EV_blue_visible #############################
[INFO] [1788359594.000540812] [robot_0.robot_supervisor]: ############################# VISIBLE: EV_red_visible #############################
[INFO] [1788359594.000962238] [robot_0.robot_supervisor]: ############################# VISIBLE: EV_blue_visible #############################
[INFO] [1788359594.600272853] [robot_0.robot_supervisor]: ############################# VISIBLE: EV_red_visible #############################
[INFO] [1788359594.900200351] [robot_0.robot_supervisor]: ############################# VISIBLE: EV_red_visible #############################
[INFO] [1788359595.500300516] [robot_0.robot_supervisor]: ############################# VISIBLE: EV_red_visible #############################
[INFO] [1788359596.100282474] [robot_0.robot_supervisor]: ############################# VISIBLE: EV_red_visible #############################
[INFO] [1788359596.700533731] [robot_0.robot_supervisor]: ############################# VISIBLE: EV_red_visible #############################
[INFO] [1788359597.000559875] [robot_0.robot_supervisor]: ############################# VISIBLE: EV_red_visible #############################
[INFO] [1788359597.600538309] [robot_0.robot_supervisor]: ############################# VISIBLE: EV_red_visible #############################
[INFO] [1788359597.900192138] [robot_0.robot_supervisor]: ############################# VISIBLE: EV_red_visible #############################
[INFO] [1788359598.500345221] [robot_0.robot_supervisor]: ############################# VISIBLE: EV_red_visible #############################
[INFO] [1788359599.100324335] [robot_0.robot_supervisor]: ############################# VISIBLE: EV_red_visible #############################
[INFO] [1788359599.700549595] [robot_0.robot_supervisor]: ############################# VISIBLE: EV_red_visible #############################
[INFO] [1788359600.000272606] [robot_0.robot_supervisor]: ############################# VISIBLE: EV_red_visible #############################
[INFO] [1788359600.600563901] [robot_0.robot_supervisor]: ############################# VISIBLE: EV_red_visible #############################
[INFO] [1788359600.900519424] [robot_0.robot_supervisor]: ############################# VISIBLE: EV_red_visible #############################
[INFO] [1788359601.500559936] [robot_0.robot_supervisor]: ############################# VISIBLE: EV_red_visible #############################
[INFO] [1788359602.100318327] [robot_0.robot_supervisor]: ############################# VISIBLE: EV_red_visible #############################
[INFO] [1788359602.400267605] [robot_0.robot_supervisor]: ############################# VISIBLE: EV_red_visible #############################
[INFO] [1788359603.000309811] [robot_0.robot_supervisor]: ############################# VISIBLE: EV_red_visible #############################
[INFO] [1788359603.600361082] [robot_0.robot_supervisor]: ############################# VISIBLE: EV_red_visible #############################
[INFO] [1788359604.200519210] [robot_0.robot_supervisor]: ############################# VISIBLE: EV_red_visible #############################
[INFO] [1788359604.500550781] [robot_0.robot_supervisor]: ############################# VISIBLE: EV_red_visible #############################
[INFO] [1788359605.100590924] [robot_0.robot_supervisor]: ############################# VISIBLE: EV_red_visible #############################
[INFO] [1788359605.398606900] [robot_0.robot_supervisor]: Reached red; progress: 1/3 colors
[INFO] [1788359605.400673246] [robot_0.robot_supervisor]: ############################# REACHED: EV_red_reached #############################
[INFO] [1788359606.100266319] [robot_0.robot_supervisor]: ############################# REACHED: EV_red_reached #############################
[INFO] [1788359606.500472440] [robot_0.robot_supervisor]: ############################# REACHED: EV_red_reached #############################
[INFO] [1788359606.900132307] [robot_0.robot_supervisor]: ############################# REACHED: EV_red_reached #############################
[INFO] [1788359606.900519919] [robot_0.robot_supervisor]: Starting FULL ROTATE (omega=1.000, have_odom=True, target_rad=3.142, timeout_s=3.500)
[INFO] [1788359610.100274812] [robot_0.robot_supervisor]: FULL ROTATE completed by odom (accum_rad=3.200)
[INFO] [1788359610.400547586] [robot_0.robot_supervisor]: ############################# VISIBLE: EV_green_visible #############################
[INFO] [1788359610.401004059] [robot_0.robot_supervisor]: ############################# REACHED: EV_red_reached #############################
[INFO] [1788359610.401400411] [robot_0.robot_supervisor]: ############################# VISIBLE: EV_blue_visible #############################
[INFO] [1788359611.000245086] [robot_0.robot_supervisor]: ############################# VISIBLE: EV_green_visible #############################
[INFO] [1788359611.000584016] [robot_0.robot_supervisor]: ############################# REACHED: EV_red_reached #############################
[INFO] [1788359611.600253516] [robot_0.robot_supervisor]: ############################# VISIBLE: EV_green_visible #############################
[INFO] [1788359611.600510549] [robot_0.robot_supervisor]: ############################# REACHED: EV_red_reached #############################
[INFO] [1788359611.900265510] [robot_0.robot_supervisor]: ############################# VISIBLE: EV_green_visible #############################
[INFO] [1788359612.500574199] [robot_0.robot_supervisor]: ############################# VISIBLE: EV_green_visible #############################
[INFO] [1788359613.100548966] [robot_0.robot_supervisor]: ############################# VISIBLE: EV_green_visible #############################
[INFO] [1788359613.400424430] [robot_0.robot_supervisor]: ############################# VISIBLE: EV_green_visible #############################
[INFO] [1788359614.000277946] [robot_0.robot_supervisor]: ############################# VISIBLE: EV_green_visible #############################
[INFO] [1788359614.600445438] [robot_0.robot_supervisor]: ############################# VISIBLE: EV_green_visible #############################
[INFO] [1788359615.200296519] [robot_0.robot_supervisor]: ############################# VISIBLE: EV_green_visible #############################
[INFO] [1788359615.500157287] [robot_0.robot_supervisor]: ############################# VISIBLE: EV_green_visible #############################
[INFO] [1788359616.100569249] [robot_0.robot_supervisor]: ############################# VISIBLE: EV_green_visible #############################
[INFO] [1788359616.700269560] [robot_0.robot_supervisor]: ############################# VISIBLE: EV_green_visible #############################
[INFO] [1788359617.000482336] [robot_0.robot_supervisor]: ############################# VISIBLE: EV_green_visible #############################
[INFO] [1788359617.600570110] [robot_0.robot_supervisor]: ############################# VISIBLE: EV_green_visible #############################
[INFO] [1788359617.900162871] [robot_0.robot_supervisor]: ############################# VISIBLE: EV_green_visible #############################
[INFO] [1788359618.500308943] [robot_0.robot_supervisor]: ############################# VISIBLE: EV_green_visible #############################
[INFO] [1788359619.100544677] [robot_0.robot_supervisor]: ############################# VISIBLE: EV_green_visible #############################
[INFO] [1788359619.400515458] [robot_0.robot_supervisor]: ############################# VISIBLE: EV_green_visible #############################
[INFO] [1788359620.000216800] [robot_0.robot_supervisor]: ############################# VISIBLE: EV_green_visible #############################
[INFO] [1788359620.600573925] [robot_0.robot_supervisor]: ############################# VISIBLE: EV_green_visible #############################
[INFO] [1788359621.200260392] [robot_0.robot_supervisor]: Reached green; progress: 2/3 colors
[INFO] [1788359621.200640363] [robot_0.robot_supervisor]: ############################# REACHED: EV_green_reached #############################
[INFO] [1788359621.600375672] [robot_0.robot_supervisor]: ############################# REACHED: EV_green_reached #############################
[INFO] [1788359621.800643448] [robot_0.robot_supervisor]: Starting FULL ROTATE (omega=1.000, have_odom=True, target_rad=3.142, timeout_s=3.500)
[INFO] [1788359625.100464739] [robot_0.robot_supervisor]: FULL ROTATE completed by odom (accum_rad=3.237)
[INFO] [1788359625.300477020] [robot_0.robot_supervisor]: ############################# REACHED: EV_green_reached #############################
[INFO] [1788359625.500279048] [robot_0.robot_supervisor]: ############################# REACHED: EV_green_reached #############################
[INFO] [1788359625.500577095] [robot_0.robot_supervisor]: ############################# VISIBLE: EV_red_visible #############################
[INFO] [1788359625.900502763] [robot_0.robot_supervisor]: ############################# REACHED: EV_green_reached #############################
[INFO] [1788359625.900970323] [robot_0.robot_supervisor]: ############################# VISIBLE: EV_red_visible #############################
[INFO] [1788359626.400459785] [robot_0.robot_supervisor]: ############################# REACHED: EV_green_reached #############################
[INFO] [1788359626.400774425] [robot_0.robot_supervisor]: ############################# VISIBLE: EV_red_visible #############################
[INFO] [1788359626.401016754] [robot_0.robot_supervisor]: ############################# VISIBLE: EV_blue_visible #############################
[INFO] [1788359627.000542800] [robot_0.robot_supervisor]: ############################# REACHED: EV_green_reached #############################
[INFO] [1788359627.001000378] [robot_0.robot_supervisor]: ############################# VISIBLE: EV_red_visible #############################
[INFO] [1788359627.001374459] [robot_0.robot_supervisor]: ############################# VISIBLE: EV_blue_visible #############################
[INFO] [1788359627.600313912] [robot_0.robot_supervisor]: ############################# VISIBLE: EV_red_visible #############################
[INFO] [1788359627.600612561] [robot_0.robot_supervisor]: ############################# VISIBLE: EV_blue_visible #############################
[INFO] [1788359628.200346463] [robot_0.robot_supervisor]: ############################# VISIBLE: EV_red_visible #############################
[INFO] [1788359628.200673273] [robot_0.robot_supervisor]: ############################# VISIBLE: EV_blue_visible #############################
[INFO] [1788359628.500371551] [robot_0.robot_supervisor]: ############################# VISIBLE: EV_red_visible #############################
[INFO] [1788359628.500651274] [robot_0.robot_supervisor]: ############################# VISIBLE: EV_blue_visible #############################
[INFO] [1788359629.100232375] [robot_0.robot_supervisor]: ############################# VISIBLE: EV_blue_visible #############################
[INFO] [1788359629.700574318] [robot_0.robot_supervisor]: ############################# VISIBLE: EV_blue_visible #############################
[INFO] [1788359630.000508844] [robot_0.robot_supervisor]: ############################# VISIBLE: EV_blue_visible #############################
[INFO] [1788359630.600282591] [robot_0.robot_supervisor]: ############################# VISIBLE: EV_blue_visible #############################
[INFO] [1788359631.200232776] [robot_0.robot_supervisor]: ############################# VISIBLE: EV_blue_visible #############################
[INFO] [1788359631.500272718] [robot_0.robot_supervisor]: ############################# VISIBLE: EV_blue_visible #############################
[INFO] [1788359632.100377746] [robot_0.robot_supervisor]: ############################# VISIBLE: EV_blue_visible #############################
[INFO] [1788359632.400562764] [robot_0.robot_supervisor]: ############################# VISIBLE: EV_blue_visible #############################
[INFO] [1788359633.000253558] [robot_0.robot_supervisor]: ############################# VISIBLE: EV_blue_visible #############################
[INFO] [1788359633.600389476] [robot_0.robot_supervisor]: ############################# VISIBLE: EV_blue_visible #############################
[INFO] [1788359634.200215922] [robot_0.robot_supervisor]: ############################# VISIBLE: EV_blue_visible #############################
[INFO] [1788359634.500360211] [robot_0.robot_supervisor]: ############################# VISIBLE: EV_blue_visible #############################
[INFO] [1788359635.100353629] [robot_0.robot_supervisor]: ############################# VISIBLE: EV_blue_visible #############################
[INFO] [1788359635.700612096] [robot_0.robot_supervisor]: ############################# VISIBLE: EV_blue_visible #############################
[INFO] [1788359636.000549019] [robot_0.robot_supervisor]: ############################# VISIBLE: EV_blue_visible #############################
[INFO] [1788359636.600562728] [robot_0.robot_supervisor]: ############################# VISIBLE: EV_blue_visible #############################
[INFO] [1788359636.900516578] [robot_0.robot_supervisor]: ############################# VISIBLE: EV_blue_visible #############################
[INFO] [1788359637.500216828] [robot_0.robot_supervisor]: ############################# VISIBLE: EV_blue_visible #############################
[INFO] [1788359638.100231965] [robot_0.robot_supervisor]: ############################# VISIBLE: EV_blue_visible #############################
[INFO] [1788359638.700509369] [robot_0.robot_supervisor]: ############################# VISIBLE: EV_blue_visible #############################
[INFO] [1788359639.000578796] [robot_0.robot_supervisor]: ############################# VISIBLE: EV_blue_visible #############################
[INFO] [1788359639.600533685] [robot_0.robot_supervisor]: ############################# VISIBLE: EV_blue_visible #############################
[INFO] [1788359640.200369036] [robot_0.robot_supervisor]: ############################# VISIBLE: EV_blue_visible #############################
[INFO] [1788359640.500254991] [robot_0.robot_supervisor]: ############################# VISIBLE: EV_blue_visible #############################
[INFO] [1788359641.100539782] [robot_0.robot_supervisor]: ############################# VISIBLE: EV_blue_visible #############################
[INFO] [1788359641.700475768] [robot_0.robot_supervisor]: ############################# VISIBLE: EV_blue_visible #############################
[INFO] [1788359642.000325700] [robot_0.robot_supervisor]: ############################# VISIBLE: EV_blue_visible #############################
[INFO] [1788359642.600239786] [robot_0.robot_supervisor]: ############################# VISIBLE: EV_blue_visible #############################
[INFO] [1788359642.900289196] [robot_0.robot_supervisor]: ############################# VISIBLE: EV_blue_visible #############################
[INFO] [1788359643.500553928] [robot_0.robot_supervisor]: ############################# VISIBLE: EV_blue_visible #############################
[INFO] [1788359644.100708159] [robot_0.robot_supervisor]: ############################# VISIBLE: EV_blue_visible #############################
[INFO] [1788359644.400543794] [robot_0.robot_supervisor]: ############################# VISIBLE: EV_blue_visible #############################
[INFO] [1788359645.100274530] [robot_0.robot_supervisor]: ############################# VISIBLE: EV_blue_visible #############################
[INFO] [1788359645.100728463] [robot_0.robot_supervisor]: Starting FULL ROTATE (omega=1.000, have_odom=True, target_rad=3.142, timeout_s=3.500)
[INFO] [1788359648.500543968] [robot_0.robot_supervisor]: FULL ROTATE completed by odom (accum_rad=3.228)
[INFO] [1788359648.800482974] [robot_0.robot_supervisor]: ############################# VISIBLE: EV_green_visible #############################
[INFO] [1788359649.100184663] [robot_0.robot_supervisor]: ############################# VISIBLE: EV_green_visible #############################
[INFO] [1788359649.700442499] [robot_0.robot_supervisor]: ############################# VISIBLE: EV_green_visible #############################
[INFO] [1788359650.000459401] [robot_0.robot_supervisor]: ############################# VISIBLE: EV_green_visible #############################
[INFO] [1788359650.500230152] [robot_0.robot_supervisor]: ############################# VISIBLE: EV_green_visible #############################
[INFO] [1788359650.900188135] [robot_0.robot_supervisor]: ############################# VISIBLE: EV_green_visible #############################
[INFO] [1788359651.500481800] [robot_0.robot_supervisor]: ############################# VISIBLE: EV_green_visible #############################
[INFO] [1788359651.500852814] [robot_0.robot_supervisor]: ############################# VISIBLE: EV_red_visible #############################
[INFO] [1788359651.900256619] [robot_0.robot_supervisor]: ############################# VISIBLE: EV_green_visible #############################
[INFO] [1788359651.900551152] [robot_0.robot_supervisor]: ############################# VISIBLE: EV_red_visible #############################
[INFO] [1788359652.600228025] [robot_0.robot_supervisor]: ############################# VISIBLE: EV_green_visible #############################
[INFO] [1788359652.600479714] [robot_0.robot_supervisor]: ############################# VISIBLE: EV_red_visible #############################
[INFO] [1788359653.100427721] [robot_0.robot_supervisor]: ############################# VISIBLE: EV_green_visible #############################
[INFO] [1788359653.100719566] [robot_0.robot_supervisor]: ############################# VISIBLE: EV_red_visible #############################
[INFO] [1788359653.500480279] [robot_0.robot_supervisor]: ############################# VISIBLE: EV_green_visible #############################
[INFO] [1788359653.500899126] [robot_0.robot_supervisor]: ############################# VISIBLE: EV_red_visible #############################
[INFO] [1788359654.100265178] [robot_0.robot_supervisor]: ############################# VISIBLE: EV_red_visible #############################
[INFO] [1788359654.500247008] [robot_0.robot_supervisor]: ############################# VISIBLE: EV_red_visible #############################
[INFO] [1788359655.000194081] [robot_0.robot_supervisor]: ############################# VISIBLE: EV_red_visible #############################
[INFO] [1788359655.600530484] [robot_0.robot_supervisor]: ############################# VISIBLE: EV_red_visible #############################
[INFO] [1788359662.000541904] [robot_0.robot_supervisor]: ############################# VISIBLE: EV_blue_visible #############################
[INFO] [1788359662.600432578] [robot_0.robot_supervisor]: ############################# VISIBLE: EV_blue_visible #############################
[INFO] [1788359663.200579730] [robot_0.robot_supervisor]: ############################# VISIBLE: EV_blue_visible #############################
[INFO] [1788359663.500617009] [robot_0.robot_supervisor]: ############################# VISIBLE: EV_blue_visible #############################
[INFO] [1788359664.100637504] [robot_0.robot_supervisor]: ############################# VISIBLE: EV_blue_visible #############################
[INFO] [1788359664.400587796] [robot_0.robot_supervisor]: ############################# VISIBLE: EV_blue_visible #############################
[INFO] [1788359665.000384967] [robot_0.robot_supervisor]: ############################# VISIBLE: EV_blue_visible #############################
[INFO] [1788359665.398576970] [robot_0.robot_supervisor]: Reached blue; progress: 3/3 colors
[INFO] [1788359665.399317788] [robot_0.robot_supervisor]: All color targets reached in order red, green, blue; final events published.
[INFO] [1788359665.399872345] [robot_0.robot_supervisor]: Completed robot removal is disabled; robot remains stopped.
