[INFO] [1788359841.108789677] [robot_2.robot_supervisor]: Required color order: red -> green -> blue
[INFO] [1788359841.167346603] [robot_2.robot_supervisor]: Loaded initial mission 'patrolling' from explicit YAML supervisor.yaml
[INFO] [1788359844.472658003] [robot_2.robot_supervisor]: ############################# VISIBLE: EV_green_visible #############################
[INFO] [1788359844.872291939] [robot_2.robot_supervisor]: ############################# VISIBLE: EV_green_visible #############################
[INFO] [1788359845.572556691] [robot_2.robot_supervisor]: ############################# VISIBLE: EV_green_visible #############################
[INFO] [1788359845.872488792] [robot_2.robot_supervisor]: ############################# VISIBLE: EV_green_visible #############################
[INFO] [1788359846.472629493] [robot_2.robot_supervisor]: ############################# VISIBLE: EV_green_visible #############################
[INFO] [1788359850.172467148] [robot_2.robot_supervisor]: Starting FULL ROTATE (omega=1.000, have_odom=True, target_rad=3.142, timeout_s=3.500)
[INFO] [1788359853.672286939] [robot_2.robot_supervisor]: FULL ROTATE completed by odom (accum_rad=3.166)
[INFO] [1788359853.972267073] [robot_2.robot_supervisor]: ############################# VISIBLE: EV_red_visible #############################
[INFO] [1788359854.572639277] [robot_2.robot_supervisor]: ############################# VISIBLE: EV_green_visible #############################
[INFO] [1788359854.573066873] [robot_2.robot_supervisor]: ############################# VISIBLE: EV_red_visible #############################
[INFO] [1788359854.573406087] [robot_2.robot_supervisor]: ############################# VISIBLE: EV_blue_visible #############################
[INFO] [1788359855.172507312] [robot_2.robot_supervisor]: ############################# VISIBLE: EV_green_visible #############################
[INFO] [1788359855.172765519] [robot_2.robot_supervisor]: ############################# VISIBLE: EV_red_visible #############################
[INFO] [1788359855.172962008] [robot_2.robot_supervisor]: ############################# VISIBLE: EV_blue_visible #############################
[INFO] [1788359855.472180835] [robot_2.robot_supervisor]: ############################# VISIBLE: EV_green_visible #############################
[INFO] [1788359855.472403728] [robot_2.robot_supervisor]: ############################# VISIBLE: EV_red_visible #############################
[INFO] [1788359855.772414910] [robot_2.robot_supervisor]: ############################# VISIBLE: EV_blue_visible #############################
[INFO] [1788359856.072381454] [robot_2.robot_supervisor]: ############################# VISIBLE: EV_green_visible #############################
[INFO] [1788359856.072615149] [robot_2.robot_supervisor]: ############################# VISIBLE: EV_red_visible #############################
[INFO] [1788359856.072799059] [robot_2.robot_supervisor]: ############################# VISIBLE: EV_blue_visible #############################
[INFO] [1788359856.672879975] [robot_2.robot_supervisor]: ############################# VISIBLE: EV_green_visible #############################
[INFO] [1788359856.673378974] [robot_2.robot_supervisor]: ############################# VISIBLE: EV_red_visible #############################
[INFO] [1788359856.673811017] [robot_2.robot_supervisor]: ############################# VISIBLE: EV_blue_visible #############################
[INFO] [1788359856.972207227] [robot_2.robot_supervisor]: ############################# VISIBLE: EV_green_visible #############################
[INFO] [1788359856.972451245] [robot_2.robot_supervisor]: ############################# VISIBLE: EV_red_visible #############################
[INFO] [1788359856.972667144] [robot_2.robot_supervisor]: ############################# VISIBLE: EV_blue_visible #############################
[INFO] [1788359857.572260800] [robot_2.robot_supervisor]: ############################# VISIBLE: EV_green_visible #############################
[INFO] [1788359857.572472040] [robot_2.robot_supervisor]: ############################# VISIBLE: EV_red_visible #############################
[INFO] [1788359857.572674590] [robot_2.robot_supervisor]: ############################# VISIBLE: EV_blue_visible #############################
[INFO] [1788359858.172689733] [robot_2.robot_supervisor]: ############################# VISIBLE: EV_red_visible #############################
[INFO] [1788359858.173126773] [robot_2.robot_supervisor]: ############################# VISIBLE: EV_blue_visible #############################
[INFO] [1788359858.772754751] [robot_2.robot_supervisor]: ############################# VISIBLE: EV_red_visible #############################
[INFO] [1788359858.773168641] [robot_2.robot_supervisor]: ############################# VISIBLE: EV_blue_visible #############################
[INFO] [1788359859.072698958] [robot_2.robot_supervisor]: ############################# VISIBLE: EV_red_visible #############################
[INFO] [1788359859.072934302] [robot_2.robot_supervisor]: ############################# VISIBLE: EV_blue_visible #############################
[INFO] [1788359859.672414824] [robot_2.robot_supervisor]: ############################# VISIBLE: EV_red_visible #############################
[INFO] [1788359859.672643925] [robot_2.robot_supervisor]: ############################# VISIBLE: EV_blue_visible #############################
[INFO] [1788359859.972564400] [robot_2.robot_supervisor]: ############################# VISIBLE: EV_red_visible #############################
[INFO] [1788359859.972994931] [robot_2.robot_supervisor]: ############################# VISIBLE: EV_blue_visible #############################
[INFO] [1788359860.572346253] [robot_2.robot_supervisor]: ############################# VISIBLE: EV_red_visible #############################
[INFO] [1788359860.572595689] [robot_2.robot_supervisor]: ############################# VISIBLE: EV_blue_visible #############################
[INFO] [1788359861.172281692] [robot_2.robot_supervisor]: ############################# VISIBLE: EV_red_visible #############################
[INFO] [1788359861.172518456] [robot_2.robot_supervisor]: ############################# VISIBLE: EV_blue_visible #############################
[INFO] [1788359861.472571671] [robot_2.robot_supervisor]: ############################# VISIBLE: EV_red_visible #############################
[INFO] [1788359862.072534932] [robot_2.robot_supervisor]: ############################# VISIBLE: EV_red_visible #############################
[INFO] [1788359862.672678657] [robot_2.robot_supervisor]: ############################# VISIBLE: EV_red_visible #############################
[INFO] [1788359862.972285496] [robot_2.robot_supervisor]: ############################# VISIBLE: EV_red_visible #############################
[INFO] [1788359863.572667571] [robot_2.robot_supervisor]: ############################# VISIBLE: EV_red_visible #############################
[INFO] [1788359864.172427097] [robot_2.robot_supervisor]: ############################# VISIBLE: EV_red_visible #############################
[INFO] [1788359864.472621399] [robot_2.robot_supervisor]: ############################# VISIBLE: EV_red_visible #############################
[INFO] [1788359865.072375299] [robot_2.robot_supervisor]: ############################# VISIBLE: EV_red_visible #############################
[INFO] [1788359865.672666805] [robot_2.robot_supervisor]: ############################# VISIBLE: EV_red_visible #############################
[INFO] [1788359865.972636276] [robot_2.robot_supervisor]: ############################# VISIBLE: EV_red_visible #############################
[INFO] [1788359866.572338568] [robot_2.robot_supervisor]: ############################# VISIBLE: EV_red_visible #############################
[INFO] [1788359867.172333430] [robot_2.robot_supervisor]: ############################# VISIBLE: EV_red_visible #############################
[INFO] [1788359867.472273073] [robot_2.robot_supervisor]: ############################# VISIBLE: EV_red_visible #############################
[INFO] [1788359868.072273050] [robot_2.robot_supervisor]: ############################# VISIBLE: EV_red_visible #############################
[INFO] [1788359868.672274638] [robot_2.robot_supervisor]: ############################# VISIBLE: EV_red_visible #############################
[INFO] [1788359868.972295610] [robot_2.robot_supervisor]: ############################# VISIBLE: EV_red_visible #############################
[INFO] [1788359869.572363242] [robot_2.robot_supervisor]: ############################# VISIBLE: EV_red_visible #############################
[INFO] [1788359870.172269907] [robot_2.robot_supervisor]: ############################# VISIBLE: EV_red_visible #############################
[INFO] [1788359870.472548913] [robot_2.robot_supervisor]: ############################# VISIBLE: EV_red_visible #############################
[INFO] [1788359871.072366413] [robot_2.robot_supervisor]: Reached red; progress: 1/3 colors
[INFO] [1788359871.072689890] [robot_2.robot_supervisor]: ############################# REACHED: EV_red_reached #############################
[INFO] [1788359871.672644050] [robot_2.robot_supervisor]: ############################# REACHED: EV_red_reached #############################
[INFO] [1788359871.972257890] [robot_2.robot_supervisor]: ############################# REACHED: EV_red_reached #############################
[INFO] [1788359872.172794807] [robot_2.robot_supervisor]: Starting FULL ROTATE (omega=1.000, have_odom=True, target_rad=3.142, timeout_s=3.500)
[INFO] [1788359875.372656193] [robot_2.robot_supervisor]: FULL ROTATE completed by odom (accum_rad=3.152)
[INFO] [1788359875.572689016] [robot_2.robot_supervisor]: ############################# VISIBLE: EV_green_visible #############################
[INFO] [1788359875.573120820] [robot_2.robot_supervisor]: ############################# REACHED: EV_red_reached #############################
[INFO] [1788359875.573481146] [robot_2.robot_supervisor]: ############################# VISIBLE: EV_blue_visible #############################
[INFO] [1788359876.172666334] [robot_2.robot_supervisor]: ############################# VISIBLE: EV_green_visible #############################
[INFO] [1788359876.172914817] [robot_2.robot_supervisor]: ############################# REACHED: EV_red_reached #############################
[INFO] [1788359876.173093897] [robot_2.robot_supervisor]: ############################# VISIBLE: EV_blue_visible #############################
[INFO] [1788359876.472597829] [robot_2.robot_supervisor]: ############################# VISIBLE: EV_green_visible #############################
[INFO] [1788359876.473014990] [robot_2.robot_supervisor]: ############################# REACHED: EV_red_reached #############################
[INFO] [1788359877.072287581] [robot_2.robot_supervisor]: ############################# VISIBLE: EV_green_visible #############################
[INFO] [1788359877.672711030] [robot_2.robot_supervisor]: ############################# VISIBLE: EV_green_visible #############################
[INFO] [1788359877.972638685] [robot_2.robot_supervisor]: ############################# VISIBLE: EV_green_visible #############################
[INFO] [1788359878.572637296] [robot_2.robot_supervisor]: ############################# VISIBLE: EV_green_visible #############################
[INFO] [1788359879.172412068] [robot_2.robot_supervisor]: ############################# VISIBLE: EV_green_visible #############################
[INFO] [1788359879.472356442] [robot_2.robot_supervisor]: ############################# VISIBLE: EV_green_visible #############################
[INFO] [1788359880.072678436] [robot_2.robot_supervisor]: ############################# VISIBLE: EV_green_visible #############################
[INFO] [1788359880.672502886] [robot_2.robot_supervisor]: ############################# VISIBLE: EV_green_visible #############################
[INFO] [1788359880.972223451] [robot_2.robot_supervisor]: ############################# VISIBLE: EV_green_visible #############################
[INFO] [1788359881.572305506] [robot_2.robot_supervisor]: ############################# VISIBLE: EV_green_visible #############################
[INFO] [1788359882.172686577] [robot_2.robot_supervisor]: ############################# VISIBLE: EV_green_visible #############################
[INFO] [1788359882.472625479] [robot_2.robot_supervisor]: ############################# VISIBLE: EV_green_visible #############################
[INFO] [1788359883.072654111] [robot_2.robot_supervisor]: ############################# VISIBLE: EV_green_visible #############################
[INFO] [1788359883.672684460] [robot_2.robot_supervisor]: ############################# VISIBLE: EV_green_visible #############################
[INFO] [1788359883.972225417] [robot_2.robot_supervisor]: ############################# VISIBLE: EV_green_visible #############################
[INFO] [1788359884.572661998] [robot_2.robot_supervisor]: ############################# VISIBLE: EV_green_visible #############################
[INFO] [1788359885.172703055] [robot_2.robot_supervisor]: ############################# VISIBLE: EV_green_visible #############################
[INFO] [1788359885.472360768] [robot_2.robot_supervisor]: ############################# VISIBLE: EV_green_visible #############################
[INFO] [1788359886.072669184] [robot_2.robot_supervisor]: ############################# VISIBLE: EV_green_visible #############################
[INFO] [1788359886.672755878] [robot_2.robot_supervisor]: Reached green; progress: 2/3 colors
[INFO] [1788359886.673438333] [robot_2.robot_supervisor]: ############################# REACHED: EV_green_reached #############################
[INFO] [1788359887.072316189] [robot_2.robot_supervisor]: ############################# REACHED: EV_green_reached #############################
[INFO] [1788359887.072672412] [robot_2.robot_supervisor]: Starting FULL ROTATE (omega=1.000, have_odom=True, target_rad=3.142, timeout_s=3.500)
[INFO] [1788359890.272306621] [robot_2.robot_supervisor]: FULL ROTATE completed by odom (accum_rad=3.200)
[INFO] [1788359890.472551211] [robot_2.robot_supervisor]: ############################# REACHED: EV_green_reached #############################
[INFO] [1788359890.472955235] [robot_2.robot_supervisor]: ############################# VISIBLE: EV_red_visible #############################
[INFO] [1788359890.972308554] [robot_2.robot_supervisor]: ############################# REACHED: EV_green_reached #############################
[INFO] [1788359890.972541253] [robot_2.robot_supervisor]: ############################# VISIBLE: EV_red_visible #############################
[INFO] [1788359891.472522607] [robot_2.robot_supervisor]: ############################# REACHED: EV_green_reached #############################
[INFO] [1788359891.472951430] [robot_2.robot_supervisor]: ############################# VISIBLE: EV_red_visible #############################
[INFO] [1788359892.072623479] [robot_2.robot_supervisor]: ############################# VISIBLE: EV_red_visible #############################
[INFO] [1788359892.572333338] [robot_2.robot_supervisor]: ############################# VISIBLE: EV_red_visible #############################
[INFO] [1788359892.972247513] [robot_2.robot_supervisor]: ############################# VISIBLE: EV_red_visible #############################
[INFO] [1788359893.472141650] [robot_2.robot_supervisor]: ############################# VISIBLE: EV_red_visible #############################
[INFO] [1788359893.472357897] [robot_2.robot_supervisor]: ############################# VISIBLE: EV_blue_visible #############################
[INFO] [1788359894.072577907] [robot_2.robot_supervisor]: ############################# VISIBLE: EV_red_visible #############################
[INFO] [1788359894.072808782] [robot_2.robot_supervisor]: ############################# VISIBLE: EV_blue_visible #############################
[INFO] [1788359894.672667605] [robot_2.robot_supervisor]: ############################# VISIBLE: EV_red_visible #############################
[INFO] [1788359894.673115153] [robot_2.robot_supervisor]: ############################# VISIBLE: EV_blue_visible #############################
[INFO] [1788359894.972638205] [robot_2.robot_supervisor]: ############################# VISIBLE: EV_red_visible #############################
[INFO] [1788359894.973056495] [robot_2.robot_supervisor]: ############################# VISIBLE: EV_blue_visible #############################
[INFO] [1788359895.572647491] [robot_2.robot_supervisor]: ############################# VISIBLE: EV_red_visible #############################
[INFO] [1788359895.573073079] [robot_2.robot_supervisor]: ############################# VISIBLE: EV_blue_visible #############################
[INFO] [1788359896.172703475] [robot_2.robot_supervisor]: ############################# VISIBLE: EV_blue_visible #############################
[INFO] [1788359896.472326536] [robot_2.robot_supervisor]: ############################# VISIBLE: EV_blue_visible #############################
[INFO] [1788359897.072336260] [robot_2.robot_supervisor]: ############################# VISIBLE: EV_blue_visible #############################
[INFO] [1788359897.672765985] [robot_2.robot_supervisor]: ############################# VISIBLE: EV_blue_visible #############################
[INFO] [1788359897.972655982] [robot_2.robot_supervisor]: ############################# VISIBLE: EV_blue_visible #############################
[INFO] [1788359898.572335197] [robot_2.robot_supervisor]: ############################# VISIBLE: EV_blue_visible #############################
[INFO] [1788359899.172682758] [robot_2.robot_supervisor]: ############################# VISIBLE: EV_blue_visible #############################
[INFO] [1788359899.472664139] [robot_2.robot_supervisor]: ############################# VISIBLE: EV_blue_visible #############################
[INFO] [1788359900.072674142] [robot_2.robot_supervisor]: ############################# VISIBLE: EV_blue_visible #############################
[INFO] [1788359900.672676890] [robot_2.robot_supervisor]: ############################# VISIBLE: EV_blue_visible #############################
[INFO] [1788359900.972612448] [robot_2.robot_supervisor]: ############################# VISIBLE: EV_blue_visible #############################
[INFO] [1788359901.572290582] [robot_2.robot_supervisor]: ############################# VISIBLE: EV_blue_visible #############################
[INFO] [1788359902.172634850] [robot_2.robot_supervisor]: ############################# VISIBLE: EV_blue_visible #############################
[INFO] [1788359902.472206999] [robot_2.robot_supervisor]: ############################# VISIBLE: EV_blue_visible #############################
[INFO] [1788359903.072665628] [robot_2.robot_supervisor]: ############################# VISIBLE: EV_blue_visible #############################
[INFO] [1788359903.672307506] [robot_2.robot_supervisor]: ############################# VISIBLE: EV_blue_visible #############################
[INFO] [1788359903.972634201] [robot_2.robot_supervisor]: ############################# VISIBLE: EV_blue_visible #############################
[INFO] [1788359904.572623429] [robot_2.robot_supervisor]: ############################# VISIBLE: EV_blue_visible #############################
[INFO] [1788359905.172726673] [robot_2.robot_supervisor]: ############################# VISIBLE: EV_blue_visible #############################
[INFO] [1788359905.772363515] [robot_2.robot_supervisor]: ############################# VISIBLE: EV_blue_visible #############################
[INFO] [1788359906.072426164] [robot_2.robot_supervisor]: ############################# VISIBLE: EV_blue_visible #############################
[INFO] [1788359906.672668446] [robot_2.robot_supervisor]: ############################# VISIBLE: EV_blue_visible #############################
[INFO] [1788359906.972596857] [robot_2.robot_supervisor]: ############################# VISIBLE: EV_blue_visible #############################
[INFO] [1788359907.572393637] [robot_2.robot_supervisor]: ############################# VISIBLE: EV_blue_visible #############################
[INFO] [1788359908.172681977] [robot_2.robot_supervisor]: ############################# VISIBLE: EV_blue_visible #############################
[INFO] [1788359908.472342675] [robot_2.robot_supervisor]: ############################# VISIBLE: EV_blue_visible #############################
[INFO] [1788359909.072678974] [robot_2.robot_supervisor]: ############################# VISIBLE: EV_blue_visible #############################
[INFO] [1788359909.672322635] [robot_2.robot_supervisor]: ############################# VISIBLE: EV_blue_visible #############################
[INFO] [1788359909.972628388] [robot_2.robot_supervisor]: ############################# VISIBLE: EV_blue_visible #############################
[INFO] [1788359910.572337739] [robot_2.robot_supervisor]: ############################# VISIBLE: EV_blue_visible #############################
[INFO] [1788359911.172329358] [robot_2.robot_supervisor]: ############################# VISIBLE: EV_blue_visible #############################
[INFO] [1788359911.472280268] [robot_2.robot_supervisor]: ############################# VISIBLE: EV_blue_visible #############################
[INFO] [1788359912.072664545] [robot_2.robot_supervisor]: ############################# VISIBLE: EV_blue_visible #############################
[INFO] [1788359912.672662883] [robot_2.robot_supervisor]: ############################# VISIBLE: EV_blue_visible #############################
[INFO] [1788359912.972331230] [robot_2.robot_supervisor]: ############################# VISIBLE: EV_blue_visible #############################
[INFO] [1788359913.572669845] [robot_2.robot_supervisor]: Reached blue; progress: 3/3 colors
[INFO] [1788359913.573050614] [robot_2.robot_supervisor]: All color targets reached in order red, green, blue; final events published.
[INFO] [1788359913.573297109] [robot_2.robot_supervisor]: Completed robot removal is disabled; robot remains stopped.
