[INFO] [1788359537.772471928] [robot_1.robot_supervisor]: Required color order: red -> green -> blue
[INFO] [1788359537.807666814] [robot_1.robot_supervisor]: Loaded initial mission 'patrolling' from explicit YAML supervisor.yaml
[INFO] [1788359541.211883112] [robot_1.robot_supervisor]: Reached red; progress: 1/3 colors
[INFO] [1788359541.212199697] [robot_1.robot_supervisor]: ############################# REACHED: EV_red_reached #############################
[INFO] [1788359541.611591784] [robot_1.robot_supervisor]: ############################# VISIBLE: EV_blue_visible #############################
[INFO] [1788359542.411417949] [robot_1.robot_supervisor]: ############################# VISIBLE: EV_blue_visible #############################
[INFO] [1788359542.711376994] [robot_1.robot_supervisor]: ############################# VISIBLE: EV_blue_visible #############################
[INFO] [1788359543.211784389] [robot_1.robot_supervisor]: ############################# VISIBLE: EV_blue_visible #############################
[INFO] [1788359543.711785421] [robot_1.robot_supervisor]: ############################# VISIBLE: EV_blue_visible #############################
[INFO] [1788359544.211760910] [robot_1.robot_supervisor]: ############################# VISIBLE: EV_blue_visible #############################
[INFO] [1788359544.911830814] [robot_1.robot_supervisor]: ############################# VISIBLE: EV_blue_visible #############################
[INFO] [1788359545.211430158] [robot_1.robot_supervisor]: ############################# VISIBLE: EV_blue_visible #############################
[INFO] [1788359545.711406336] [robot_1.robot_supervisor]: ############################# VISIBLE: EV_blue_visible #############################
[INFO] [1788359546.211365175] [robot_1.robot_supervisor]: ############################# VISIBLE: EV_blue_visible #############################
[INFO] [1788359546.811759545] [robot_1.robot_supervisor]: ############################# VISIBLE: EV_blue_visible #############################
[INFO] [1788359548.211781233] [robot_1.robot_supervisor]: ############################# VISIBLE: EV_red_visible #############################
[INFO] [1788359548.811400605] [robot_1.robot_supervisor]: ############################# VISIBLE: EV_red_visible #############################
[WARN] [1788359549.165814196] [robot_1.robot_supervisor]: Reached red out of order; next required color is green. This reach does not count.
[INFO] [1788359549.211761217] [robot_1.robot_supervisor]: ############################# REACHED: EV_red_reached #############################
[WARN] [1788359549.811628837] [robot_1.robot_supervisor]: Reached red out of order; next required color is green. This reach does not count.
[INFO] [1788359549.812213055] [robot_1.robot_supervisor]: ############################# REACHED: EV_red_reached #############################
[WARN] [1788359550.131819572] [robot_1.robot_supervisor]: Reached red out of order; next required color is green. This reach does not count.
[INFO] [1788359550.211363068] [robot_1.robot_supervisor]: ############################# REACHED: EV_red_reached #############################
[WARN] [1788359550.811331093] [robot_1.robot_supervisor]: Reached red out of order; next required color is green. This reach does not count.
[INFO] [1788359550.811638503] [robot_1.robot_supervisor]: ############################# REACHED: EV_red_reached #############################
[WARN] [1788359551.170516202] [robot_1.robot_supervisor]: Reached red out of order; next required color is green. This reach does not count.
[INFO] [1788359551.211356073] [robot_1.robot_supervisor]: ############################# VISIBLE: EV_green_visible #############################
[INFO] [1788359551.211575690] [robot_1.robot_supervisor]: ############################# REACHED: EV_red_reached #############################
[WARN] [1788359551.811688338] [robot_1.robot_supervisor]: Reached red out of order; next required color is green. This reach does not count.
[INFO] [1788359551.812032037] [robot_1.robot_supervisor]: ############################# VISIBLE: EV_green_visible #############################
[INFO] [1788359551.812234769] [robot_1.robot_supervisor]: ############################# REACHED: EV_red_reached #############################
[INFO] [1788359552.111395279] [robot_1.robot_supervisor]: ############################# VISIBLE: EV_green_visible #############################
[INFO] [1788359552.111618918] [robot_1.robot_supervisor]: ############################# VISIBLE: EV_red_visible #############################
[INFO] [1788359552.711390506] [robot_1.robot_supervisor]: ############################# VISIBLE: EV_green_visible #############################
[INFO] [1788359553.311786052] [robot_1.robot_supervisor]: ############################# VISIBLE: EV_green_visible #############################
[INFO] [1788359553.911394641] [robot_1.robot_supervisor]: ############################# VISIBLE: EV_green_visible #############################
[INFO] [1788359554.211413526] [robot_1.robot_supervisor]: ############################# VISIBLE: EV_green_visible #############################
[INFO] [1788359554.811829749] [robot_1.robot_supervisor]: ############################# VISIBLE: EV_green_visible #############################
[INFO] [1788359555.411546261] [robot_1.robot_supervisor]: ############################# VISIBLE: EV_green_visible #############################
[INFO] [1788359555.711841115] [robot_1.robot_supervisor]: ############################# VISIBLE: EV_green_visible #############################
[INFO] [1788359556.311557987] [robot_1.robot_supervisor]: ############################# VISIBLE: EV_green_visible #############################
[INFO] [1788359556.911469525] [robot_1.robot_supervisor]: ############################# VISIBLE: EV_green_visible #############################
[INFO] [1788359557.211476281] [robot_1.robot_supervisor]: ############################# VISIBLE: EV_green_visible #############################
[INFO] [1788359557.811545058] [robot_1.robot_supervisor]: ############################# VISIBLE: EV_green_visible #############################
[INFO] [1788359558.411873445] [robot_1.robot_supervisor]: ############################# VISIBLE: EV_green_visible #############################
[INFO] [1788359558.711528435] [robot_1.robot_supervisor]: ############################# VISIBLE: EV_green_visible #############################
[INFO] [1788359559.311908114] [robot_1.robot_supervisor]: ############################# VISIBLE: EV_green_visible #############################
[INFO] [1788359559.611758432] [robot_1.robot_supervisor]: ############################# VISIBLE: EV_green_visible #############################
[INFO] [1788359560.211491412] [robot_1.robot_supervisor]: ############################# VISIBLE: EV_green_visible #############################
[INFO] [1788359560.811507016] [robot_1.robot_supervisor]: ############################# VISIBLE: EV_green_visible #############################
[INFO] [1788359561.412058243] [robot_1.robot_supervisor]: ############################# VISIBLE: EV_green_visible #############################
[INFO] [1788359561.711811150] [robot_1.robot_supervisor]: ############################# VISIBLE: EV_green_visible #############################
[INFO] [1788359562.311471443] [robot_1.robot_supervisor]: ############################# VISIBLE: EV_green_visible #############################
[INFO] [1788359562.611758215] [robot_1.robot_supervisor]: ############################# VISIBLE: EV_green_visible #############################
[INFO] [1788359563.211882690] [robot_1.robot_supervisor]: Reached green; progress: 2/3 colors
[INFO] [1788359563.212339713] [robot_1.robot_supervisor]: ############################# REACHED: EV_green_reached #############################
[INFO] [1788359563.611724743] [robot_1.robot_supervisor]: ############################# REACHED: EV_green_reached #############################
[INFO] [1788359564.211990490] [robot_1.robot_supervisor]: ############################# REACHED: EV_green_reached #############################
[INFO] [1788359564.212815191] [robot_1.robot_supervisor]: Starting FULL ROTATE (omega=1.000, have_odom=True, target_rad=3.142, timeout_s=3.500)
[INFO] [1788359567.611874843] [robot_1.robot_supervisor]: FULL ROTATE completed by odom (accum_rad=3.178)
[INFO] [1788359567.911739578] [robot_1.robot_supervisor]: ############################# REACHED: EV_green_reached #############################
[INFO] [1788359568.211591558] [robot_1.robot_supervisor]: ############################# REACHED: EV_green_reached #############################
[INFO] [1788359568.211911604] [robot_1.robot_supervisor]: ############################# VISIBLE: EV_red_visible #############################
[INFO] [1788359568.811894403] [robot_1.robot_supervisor]: ############################# REACHED: EV_green_reached #############################
[INFO] [1788359568.812355084] [robot_1.robot_supervisor]: ############################# VISIBLE: EV_red_visible #############################
[INFO] [1788359569.311464386] [robot_1.robot_supervisor]: ############################# VISIBLE: EV_red_visible #############################
[INFO] [1788359569.911915693] [robot_1.robot_supervisor]: ############################# VISIBLE: EV_red_visible #############################
[INFO] [1788359570.411775029] [robot_1.robot_supervisor]: ############################# VISIBLE: EV_red_visible #############################
[INFO] [1788359570.911996465] [robot_1.robot_supervisor]: ############################# VISIBLE: EV_red_visible #############################
[INFO] [1788359571.311702521] [robot_1.robot_supervisor]: ############################# VISIBLE: EV_red_visible #############################
[INFO] [1788359571.712032533] [robot_1.robot_supervisor]: ############################# VISIBLE: EV_red_visible #############################
[INFO] [1788359572.211582874] [robot_1.robot_supervisor]: ############################# VISIBLE: EV_red_visible #############################
[INFO] [1788359572.811705142] [robot_1.robot_supervisor]: ############################# VISIBLE: EV_red_visible #############################
[INFO] [1788359573.311991134] [robot_1.robot_supervisor]: ############################# VISIBLE: EV_red_visible #############################
[INFO] [1788359576.411515238] [robot_1.robot_supervisor]: ############################# VISIBLE: EV_green_visible #############################
[INFO] [1788359576.711760002] [robot_1.robot_supervisor]: ############################# VISIBLE: EV_green_visible #############################
[INFO] [1788359577.211614890] [robot_1.robot_supervisor]: ############################# VISIBLE: EV_green_visible #############################
[WARN] [1788359577.631933776] [robot_1.robot_supervisor]: Reached green out of order; next required color is blue. This reach does not count.
[INFO] [1788359577.711608932] [robot_1.robot_supervisor]: ############################# REACHED: EV_green_reached #############################
[WARN] [1788359578.311435225] [robot_1.robot_supervisor]: Reached green out of order; next required color is blue. This reach does not count.
[INFO] [1788359578.311860036] [robot_1.robot_supervisor]: ############################# REACHED: EV_green_reached #############################
[INFO] [1788359578.312261801] [robot_1.robot_supervisor]: Starting FULL ROTATE (omega=1.000, have_odom=True, target_rad=3.142, timeout_s=3.500)
[INFO] [1788359581.711459165] [robot_1.robot_supervisor]: FULL ROTATE completed by odom (accum_rad=3.178)
[WARN] [1788359581.911417661] [robot_1.robot_supervisor]: Reached green out of order; next required color is blue. This reach does not count.
[INFO] [1788359581.911833998] [robot_1.robot_supervisor]: ############################# REACHED: EV_green_reached #############################
[WARN] [1788359582.411415044] [robot_1.robot_supervisor]: Reached green out of order; next required color is blue. This reach does not count.
[INFO] [1788359582.411777618] [robot_1.robot_supervisor]: ############################# REACHED: EV_green_reached #############################
[INFO] [1788359582.411988199] [robot_1.robot_supervisor]: ############################# VISIBLE: EV_red_visible #############################
[WARN] [1788359582.645878033] [robot_1.robot_supervisor]: Reached green out of order; next required color is blue. This reach does not count.
[INFO] [1788359582.711428257] [robot_1.robot_supervisor]: ############################# REACHED: EV_green_reached #############################
[INFO] [1788359582.711703195] [robot_1.robot_supervisor]: ############################# VISIBLE: EV_red_visible #############################
[WARN] [1788359583.411666532] [robot_1.robot_supervisor]: Reached green out of order; next required color is blue. This reach does not count.
[INFO] [1788359583.412267631] [robot_1.robot_supervisor]: ############################# REACHED: EV_green_reached #############################
[INFO] [1788359583.412649629] [robot_1.robot_supervisor]: ############################# VISIBLE: EV_red_visible #############################
[INFO] [1788359583.911512471] [robot_1.robot_supervisor]: ############################# VISIBLE: EV_red_visible #############################
[INFO] [1788359584.211450805] [robot_1.robot_supervisor]: ############################# VISIBLE: EV_red_visible #############################
[INFO] [1788359584.911457268] [robot_1.robot_supervisor]: ############################# VISIBLE: EV_red_visible #############################
[INFO] [1788359585.211476875] [robot_1.robot_supervisor]: ############################# VISIBLE: EV_red_visible #############################
[INFO] [1788359595.211481448] [robot_1.robot_supervisor]: ############################# VISIBLE: EV_green_visible #############################
[INFO] [1788359595.711463840] [robot_1.robot_supervisor]: ############################# VISIBLE: EV_green_visible #############################
[INFO] [1788359596.211768389] [robot_1.robot_supervisor]: ############################# VISIBLE: EV_green_visible #############################
[INFO] [1788359596.711411798] [robot_1.robot_supervisor]: ############################# VISIBLE: EV_green_visible #############################
[INFO] [1788359596.711683472] [robot_1.robot_supervisor]: ############################# VISIBLE: EV_blue_visible #############################
[WARN] [1788359597.311382273] [robot_1.robot_supervisor]: Reached green out of order; next required color is blue. This reach does not count.
[INFO] [1788359597.311792987] [robot_1.robot_supervisor]: ############################# REACHED: EV_green_reached #############################
[INFO] [1788359597.312027066] [robot_1.robot_supervisor]: ############################# VISIBLE: EV_blue_visible #############################
[WARN] [1788359597.911661152] [robot_1.robot_supervisor]: Reached green out of order; next required color is blue. This reach does not count.
[INFO] [1788359597.912232246] [robot_1.robot_supervisor]: ############################# REACHED: EV_green_reached #############################
[INFO] [1788359597.912607885] [robot_1.robot_supervisor]: ############################# VISIBLE: EV_blue_visible #############################
[INFO] [1788359598.111800579] [robot_1.robot_supervisor]: Starting FULL ROTATE (omega=1.000, have_odom=True, target_rad=3.142, timeout_s=3.500)
[INFO] [1788359601.611474083] [robot_1.robot_supervisor]: FULL ROTATE completed by odom (accum_rad=3.161)
[WARN] [1788359601.811725222] [robot_1.robot_supervisor]: Reached green out of order; next required color is blue. This reach does not count.
[INFO] [1788359601.812342914] [robot_1.robot_supervisor]: ############################# REACHED: EV_green_reached #############################
[WARN] [1788359602.129876144] [robot_1.robot_supervisor]: Reached green out of order; next required color is blue. This reach does not count.
[INFO] [1788359602.211429068] [robot_1.robot_supervisor]: ############################# REACHED: EV_green_reached #############################
[WARN] [1788359602.628016826] [robot_1.robot_supervisor]: Reached green out of order; next required color is blue. This reach does not count.
[INFO] [1788359602.711742829] [robot_1.robot_supervisor]: ############################# REACHED: EV_green_reached #############################
[WARN] [1788359603.134994501] [robot_1.robot_supervisor]: Reached green out of order; next required color is blue. This reach does not count.
[INFO] [1788359603.211807760] [robot_1.robot_supervisor]: ############################# REACHED: EV_green_reached #############################
[WARN] [1788359603.811356460] [robot_1.robot_supervisor]: Reached green out of order; next required color is blue. This reach does not count.
[INFO] [1788359603.811718406] [robot_1.robot_supervisor]: ############################# REACHED: EV_green_reached #############################
[WARN] [1788359604.411654216] [robot_1.robot_supervisor]: Reached green out of order; next required color is blue. This reach does not count.
[INFO] [1788359604.412247751] [robot_1.robot_supervisor]: ############################# REACHED: EV_green_reached #############################
[WARN] [1788359604.637964273] [robot_1.robot_supervisor]: Reached green out of order; next required color is blue. This reach does not count.
[INFO] [1788359604.711707008] [robot_1.robot_supervisor]: ############################# REACHED: EV_green_reached #############################
[WARN] [1788359605.311633817] [robot_1.robot_supervisor]: Reached green out of order; next required color is blue. This reach does not count.
[INFO] [1788359605.312209693] [robot_1.robot_supervisor]: ############################# REACHED: EV_green_reached #############################
[WARN] [1788359605.636694864] [robot_1.robot_supervisor]: Reached green out of order; next required color is blue. This reach does not count.
[INFO] [1788359605.711441763] [robot_1.robot_supervisor]: ############################# REACHED: EV_green_reached #############################
[WARN] [1788359606.311662603] [robot_1.robot_supervisor]: Reached green out of order; next required color is blue. This reach does not count.
[INFO] [1788359606.312235775] [robot_1.robot_supervisor]: ############################# REACHED: EV_green_reached #############################
[WARN] [1788359606.632476701] [robot_1.robot_supervisor]: Reached green out of order; next required color is blue. This reach does not count.
[INFO] [1788359606.711426836] [robot_1.robot_supervisor]: ############################# REACHED: EV_green_reached #############################
[INFO] [1788359606.711696862] [robot_1.robot_supervisor]: ############################# VISIBLE: EV_blue_visible #############################
[INFO] [1788359606.712040146] [robot_1.robot_supervisor]: Starting FULL ROTATE (omega=1.000, have_odom=True, target_rad=3.142, timeout_s=3.500)
[INFO] [1788359610.011779181] [robot_1.robot_supervisor]: FULL ROTATE completed by odom (accum_rad=3.145)
[WARN] [1788359610.311666032] [robot_1.robot_supervisor]: Reached green out of order; next required color is blue. This reach does not count.
[INFO] [1788359610.312262142] [robot_1.robot_supervisor]: ############################# REACHED: EV_green_reached #############################
[WARN] [1788359610.811641639] [robot_1.robot_supervisor]: Reached green out of order; next required color is blue. This reach does not count.
[INFO] [1788359610.812203873] [robot_1.robot_supervisor]: ############################# REACHED: EV_green_reached #############################
[WARN] [1788359611.311391351] [robot_1.robot_supervisor]: Reached green out of order; next required color is blue. This reach does not count.
[INFO] [1788359611.311779769] [robot_1.robot_supervisor]: ############################# REACHED: EV_green_reached #############################
[WARN] [1788359611.623970086] [robot_1.robot_supervisor]: Reached green out of order; next required color is blue. This reach does not count.
[INFO] [1788359611.711487815] [robot_1.robot_supervisor]: ############################# REACHED: EV_green_reached #############################
[WARN] [1788359612.311369033] [robot_1.robot_supervisor]: Reached green out of order; next required color is blue. This reach does not count.
[INFO] [1788359612.311739707] [robot_1.robot_supervisor]: ############################# REACHED: EV_green_reached #############################
[WARN] [1788359612.811687280] [robot_1.robot_supervisor]: Reached green out of order; next required color is blue. This reach does not count.
[INFO] [1788359612.812286640] [robot_1.robot_supervisor]: ############################# REACHED: EV_green_reached #############################
[WARN] [1788359613.311669634] [robot_1.robot_supervisor]: Reached green out of order; next required color is blue. This reach does not count.
[INFO] [1788359613.312255317] [robot_1.robot_supervisor]: ############################# REACHED: EV_green_reached #############################
[INFO] [1788359617.911472494] [robot_1.robot_supervisor]: ############################# VISIBLE: EV_blue_visible #############################
[INFO] [1788359618.211471009] [robot_1.robot_supervisor]: ############################# VISIBLE: EV_blue_visible #############################
[INFO] [1788359618.811466836] [robot_1.robot_supervisor]: ############################# VISIBLE: EV_blue_visible #############################
[WARN] [1788359619.411621021] [robot_1.robot_supervisor]: Reached green out of order; next required color is blue. This reach does not count.
[INFO] [1788359619.412194670] [robot_1.robot_supervisor]: ############################# REACHED: EV_green_reached #############################
[INFO] [1788359619.412557964] [robot_1.robot_supervisor]: ############################# VISIBLE: EV_blue_visible #############################
[WARN] [1788359619.639794480] [robot_1.robot_supervisor]: Reached green out of order; next required color is blue. This reach does not count.
[INFO] [1788359619.711791867] [robot_1.robot_supervisor]: ############################# REACHED: EV_green_reached #############################
[INFO] [1788359619.712054867] [robot_1.robot_supervisor]: ############################# VISIBLE: EV_blue_visible #############################
[WARN] [1788359620.311392952] [robot_1.robot_supervisor]: Reached green out of order; next required color is blue. This reach does not count.
[INFO] [1788359620.311801663] [robot_1.robot_supervisor]: ############################# REACHED: EV_green_reached #############################
[INFO] [1788359620.312036714] [robot_1.robot_supervisor]: ############################# VISIBLE: EV_blue_visible #############################
[WARN] [1788359620.911387440] [robot_1.robot_supervisor]: Reached green out of order; next required color is blue. This reach does not count.
[INFO] [1788359620.911787888] [robot_1.robot_supervisor]: ############################# REACHED: EV_green_reached #############################
[INFO] [1788359620.912021586] [robot_1.robot_supervisor]: ############################# VISIBLE: EV_blue_visible #############################
[WARN] [1788359621.137666677] [robot_1.robot_supervisor]: Reached green out of order; next required color is blue. This reach does not count.
[INFO] [1788359621.211457573] [robot_1.robot_supervisor]: ############################# REACHED: EV_green_reached #############################
[INFO] [1788359621.211737100] [robot_1.robot_supervisor]: ############################# VISIBLE: EV_blue_visible #############################
[WARN] [1788359621.811621964] [robot_1.robot_supervisor]: Reached green out of order; next required color is blue. This reach does not count.
[INFO] [1788359621.812200479] [robot_1.robot_supervisor]: ############################# REACHED: EV_green_reached #############################
[INFO] [1788359621.812575805] [robot_1.robot_supervisor]: ############################# VISIBLE: EV_blue_visible #############################
[WARN] [1788359622.411405186] [robot_1.robot_supervisor]: Reached green out of order; next required color is blue. This reach does not count.
[INFO] [1788359622.411989875] [robot_1.robot_supervisor]: ############################# REACHED: EV_green_reached #############################
[INFO] [1788359622.412508833] [robot_1.robot_supervisor]: ############################# VISIBLE: EV_blue_visible #############################
[WARN] [1788359622.639303461] [robot_1.robot_supervisor]: Reached green out of order; next required color is blue. This reach does not count.
[INFO] [1788359622.711447550] [robot_1.robot_supervisor]: ############################# REACHED: EV_green_reached #############################
[INFO] [1788359622.711707148] [robot_1.robot_supervisor]: ############################# VISIBLE: EV_blue_visible #############################
[WARN] [1788359623.311407661] [robot_1.robot_supervisor]: Reached green out of order; next required color is blue. This reach does not count.
[INFO] [1788359623.311806452] [robot_1.robot_supervisor]: ############################# REACHED: EV_green_reached #############################
[INFO] [1788359623.312039642] [robot_1.robot_supervisor]: ############################# VISIBLE: EV_blue_visible #############################
[WARN] [1788359623.911669640] [robot_1.robot_supervisor]: Reached green out of order; next required color is blue. This reach does not count.
[INFO] [1788359623.912276692] [robot_1.robot_supervisor]: ############################# REACHED: EV_green_reached #############################
[INFO] [1788359623.912674240] [robot_1.robot_supervisor]: ############################# VISIBLE: EV_blue_visible #############################
[WARN] [1788359624.131725845] [robot_1.robot_supervisor]: Reached green out of order; next required color is blue. This reach does not count.
[INFO] [1788359624.211452045] [robot_1.robot_supervisor]: ############################# REACHED: EV_green_reached #############################
[INFO] [1788359624.211715851] [robot_1.robot_supervisor]: ############################# VISIBLE: EV_blue_visible #############################
[WARN] [1788359624.811375937] [robot_1.robot_supervisor]: Reached green out of order; next required color is blue. This reach does not count.
[INFO] [1788359624.811747665] [robot_1.robot_supervisor]: ############################# REACHED: EV_green_reached #############################
[INFO] [1788359624.811961627] [robot_1.robot_supervisor]: ############################# VISIBLE: EV_blue_visible #############################
[WARN] [1788359625.411350150] [robot_1.robot_supervisor]: Reached green out of order; next required color is blue. This reach does not count.
[INFO] [1788359625.411776609] [robot_1.robot_supervisor]: ############################# REACHED: EV_green_reached #############################
[INFO] [1788359625.412003605] [robot_1.robot_supervisor]: ############################# VISIBLE: EV_blue_visible #############################
[WARN] [1788359625.711721577] [robot_1.robot_supervisor]: Reached green out of order; next required color is blue. This reach does not count.
[INFO] [1788359625.712113639] [robot_1.robot_supervisor]: ############################# REACHED: EV_green_reached #############################
[INFO] [1788359625.712327677] [robot_1.robot_supervisor]: ############################# VISIBLE: EV_blue_visible #############################
[INFO] [1788359626.311444149] [robot_1.robot_supervisor]: ############################# VISIBLE: EV_blue_visible #############################
[INFO] [1788359626.611698770] [robot_1.robot_supervisor]: ############################# VISIBLE: EV_blue_visible #############################
[INFO] [1788359627.211775084] [robot_1.robot_supervisor]: ############################# VISIBLE: EV_blue_visible #############################
[INFO] [1788359627.811534001] [robot_1.robot_supervisor]: ############################# VISIBLE: EV_blue_visible #############################
[INFO] [1788359628.211467572] [robot_1.robot_supervisor]: ############################# VISIBLE: EV_blue_visible #############################
[INFO] [1788359628.211929600] [robot_1.robot_supervisor]: Starting FULL ROTATE (omega=1.000, have_odom=True, target_rad=3.142, timeout_s=3.500)
[INFO] [1788359631.411473331] [robot_1.robot_supervisor]: FULL ROTATE completed by odom (accum_rad=3.200)
[INFO] [1788359632.111683026] [robot_1.robot_supervisor]: ############################# VISIBLE: EV_green_visible #############################
[INFO] [1788359632.711765454] [robot_1.robot_supervisor]: ############################# VISIBLE: EV_green_visible #############################
[INFO] [1788359633.211770761] [robot_1.robot_supervisor]: ############################# VISIBLE: EV_green_visible #############################
[INFO] [1788359633.711512482] [robot_1.robot_supervisor]: ############################# VISIBLE: EV_green_visible #############################
[INFO] [1788359634.311786905] [robot_1.robot_supervisor]: ############################# VISIBLE: EV_green_visible #############################
[INFO] [1788359634.811427497] [robot_1.robot_supervisor]: ############################# VISIBLE: EV_green_visible #############################
[INFO] [1788359640.711465747] [robot_1.robot_supervisor]: ############################# VISIBLE: EV_blue_visible #############################
[INFO] [1788359641.311801804] [robot_1.robot_supervisor]: ############################# VISIBLE: EV_blue_visible #############################
[INFO] [1788359641.911534932] [robot_1.robot_supervisor]: ############################# VISIBLE: EV_blue_visible #############################
[INFO] [1788359642.211469817] [robot_1.robot_supervisor]: ############################# VISIBLE: EV_blue_visible #############################
[INFO] [1788359642.811476867] [robot_1.robot_supervisor]: ############################# VISIBLE: EV_blue_visible #############################
[INFO] [1788359643.411461423] [robot_1.robot_supervisor]: ############################# VISIBLE: EV_blue_visible #############################
[INFO] [1788359643.711462133] [robot_1.robot_supervisor]: ############################# VISIBLE: EV_blue_visible #############################
[INFO] [1788359644.311518453] [robot_1.robot_supervisor]: ############################# VISIBLE: EV_blue_visible #############################
[INFO] [1788359644.911442449] [robot_1.robot_supervisor]: ############################# VISIBLE: EV_blue_visible #############################
[INFO] [1788359645.211611490] [robot_1.robot_supervisor]: ############################# VISIBLE: EV_blue_visible #############################
[INFO] [1788359645.811782742] [robot_1.robot_supervisor]: ############################# VISIBLE: EV_blue_visible #############################
[INFO] [1788359646.411792897] [robot_1.robot_supervisor]: ############################# VISIBLE: EV_blue_visible #############################
[INFO] [1788359646.711489740] [robot_1.robot_supervisor]: ############################# VISIBLE: EV_blue_visible #############################
[INFO] [1788359647.311735467] [robot_1.robot_supervisor]: ############################# VISIBLE: EV_blue_visible #############################
[INFO] [1788359647.911503010] [robot_1.robot_supervisor]: ############################# VISIBLE: EV_blue_visible #############################
[INFO] [1788359648.211750403] [robot_1.robot_supervisor]: ############################# VISIBLE: EV_blue_visible #############################
[INFO] [1788359648.811446826] [robot_1.robot_supervisor]: ############################# VISIBLE: EV_blue_visible #############################
[INFO] [1788359649.411647878] [robot_1.robot_supervisor]: ############################# VISIBLE: EV_blue_visible #############################
[INFO] [1788359649.711471163] [robot_1.robot_supervisor]: ############################# VISIBLE: EV_blue_visible #############################
[INFO] [1788359650.311771547] [robot_1.robot_supervisor]: ############################# VISIBLE: EV_blue_visible #############################
[INFO] [1788359650.611662953] [robot_1.robot_supervisor]: ############################# VISIBLE: EV_blue_visible #############################
[INFO] [1788359651.211771308] [robot_1.robot_supervisor]: ############################# VISIBLE: EV_blue_visible #############################
[INFO] [1788359651.811788819] [robot_1.robot_supervisor]: ############################# VISIBLE: EV_blue_visible #############################
[INFO] [1788359652.111675814] [robot_1.robot_supervisor]: ############################# VISIBLE: EV_blue_visible #############################
[INFO] [1788359652.711775599] [robot_1.robot_supervisor]: ############################# VISIBLE: EV_blue_visible #############################
[INFO] [1788359653.311526676] [robot_1.robot_supervisor]: ############################# VISIBLE: EV_blue_visible #############################
[INFO] [1788359653.911456857] [robot_1.robot_supervisor]: ############################# VISIBLE: EV_blue_visible #############################
[INFO] [1788359654.211750778] [robot_1.robot_supervisor]: ############################# VISIBLE: EV_blue_visible #############################
[INFO] [1788359654.811502217] [robot_1.robot_supervisor]: ############################# VISIBLE: EV_blue_visible #############################
[INFO] [1788359655.411486720] [robot_1.robot_supervisor]: ############################# VISIBLE: EV_blue_visible #############################
[INFO] [1788359655.711458493] [robot_1.robot_supervisor]: ############################# VISIBLE: EV_blue_visible #############################
[INFO] [1788359656.311794371] [robot_1.robot_supervisor]: ############################# VISIBLE: EV_blue_visible #############################
[INFO] [1788359656.911649942] [robot_1.robot_supervisor]: ############################# VISIBLE: EV_blue_visible #############################
[INFO] [1788359657.183198613] [robot_1.robot_supervisor]: Reached blue; progress: 3/3 colors
[INFO] [1788359657.183894841] [robot_1.robot_supervisor]: All color targets reached in order red, green, blue; final events published.
[INFO] [1788359657.184395888] [robot_1.robot_supervisor]: Completed robot removal is disabled; robot remains stopped.
