[INFO] [1788358501.487001422] [robot_0.robot_supervisor]: Required color order: red -> green -> blue
[INFO] [1788358501.590268769] [robot_0.robot_supervisor]: Loaded initial mission 'patrolling' from explicit YAML supervisor.yaml
[INFO] [1788358505.503450516] [robot_0.robot_supervisor]: ############################# VISIBLE: EV_green_visible #############################
[INFO] [1788358505.503845302] [robot_0.robot_supervisor]: ############################# VISIBLE: EV_red_visible #############################
[INFO] [1788358505.504167197] [robot_0.robot_supervisor]: ############################# VISIBLE: EV_blue_visible #############################
[INFO] [1788358506.103272608] [robot_0.robot_supervisor]: ############################# VISIBLE: EV_green_visible #############################
[INFO] [1788358506.103679283] [robot_0.robot_supervisor]: ############################# VISIBLE: EV_red_visible #############################
[INFO] [1788358506.104030765] [robot_0.robot_supervisor]: ############################# VISIBLE: EV_blue_visible #############################
[INFO] [1788358506.703124596] [robot_0.robot_supervisor]: ############################# VISIBLE: EV_green_visible #############################
[INFO] [1788358506.703464507] [robot_0.robot_supervisor]: ############################# VISIBLE: EV_red_visible #############################
[INFO] [1788358506.703789858] [robot_0.robot_supervisor]: ############################# VISIBLE: EV_blue_visible #############################
[INFO] [1788358507.003639619] [robot_0.robot_supervisor]: ############################# VISIBLE: EV_green_visible #############################
[INFO] [1788358507.004154968] [robot_0.robot_supervisor]: ############################# VISIBLE: EV_red_visible #############################
[INFO] [1788358507.004466242] [robot_0.robot_supervisor]: ############################# VISIBLE: EV_blue_visible #############################
[WARN] [1788358507.603325304] [robot_0.robot_supervisor]: Reached green out of order; next required color is red. This reach does not count.
[INFO] [1788358507.604062447] [robot_0.robot_supervisor]: ############################# REACHED: EV_green_reached #############################
[INFO] [1788358507.604631720] [robot_0.robot_supervisor]: ############################# VISIBLE: EV_red_visible #############################
[INFO] [1788358507.604985550] [robot_0.robot_supervisor]: ############################# VISIBLE: EV_blue_visible #############################
[INFO] [1788358507.605472393] [robot_0.robot_supervisor]: Starting FULL ROTATE (omega=1.000, have_odom=True, target_rad=3.142, timeout_s=3.500)
[INFO] [1788358511.203338731] [robot_0.robot_supervisor]: FULL ROTATE completed by timeout
[WARN] [1788358511.403276211] [robot_0.robot_supervisor]: Reached green out of order; next required color is red. This reach does not count.
[INFO] [1788358511.404047259] [robot_0.robot_supervisor]: ############################# REACHED: EV_green_reached #############################
[WARN] [1788358511.703261389] [robot_0.robot_supervisor]: Reached green out of order; next required color is red. This reach does not count.
[INFO] [1788358511.703996171] [robot_0.robot_supervisor]: ############################# REACHED: EV_green_reached #############################
[WARN] [1788358512.203265544] [robot_0.robot_supervisor]: Reached green out of order; next required color is red. This reach does not count.
[INFO] [1788358512.204006019] [robot_0.robot_supervisor]: ############################# REACHED: EV_green_reached #############################
