[INFO] [1788358305.609400154] [robot_1.robot_supervisor]: Required color order: red -> green -> blue
[INFO] [1788358305.689398933] [robot_1.robot_supervisor]: Loaded initial mission 'patrolling' from explicit YAML supervisor.yaml
[INFO] [1788358309.398772412] [robot_1.robot_supervisor]: ############################# VISIBLE: EV_red_visible #############################
[INFO] [1788358309.998277666] [robot_1.robot_supervisor]: ############################# VISIBLE: EV_red_visible #############################
[INFO] [1788358310.601526893] [robot_1.robot_supervisor]: ############################# VISIBLE: EV_red_visible #############################
[INFO] [1788358311.198534807] [robot_1.robot_supervisor]: ############################# VISIBLE: EV_red_visible #############################
[INFO] [1788358311.798766087] [robot_1.robot_supervisor]: ############################# VISIBLE: EV_red_visible #############################
[INFO] [1788358312.100346870] [robot_1.robot_supervisor]: ############################# VISIBLE: EV_red_visible #############################
[INFO] [1788358312.699836621] [robot_1.robot_supervisor]: ############################# VISIBLE: EV_red_visible #############################
[INFO] [1788358313.299662363] [robot_1.robot_supervisor]: Reached red; progress: 1/3 colors
[INFO] [1788358313.301353256] [robot_1.robot_supervisor]: ############################# REACHED: EV_red_reached #############################
[INFO] [1788358313.499165740] [robot_1.robot_supervisor]: ############################# REACHED: EV_red_reached #############################
[INFO] [1788358314.101646241] [robot_1.robot_supervisor]: ############################# REACHED: EV_red_reached #############################
[INFO] [1788358314.699102818] [robot_1.robot_supervisor]: ############################# REACHED: EV_red_reached #############################
[INFO] [1788358315.100478503] [robot_1.robot_supervisor]: ############################# REACHED: EV_red_reached #############################
[INFO] [1788358315.499104715] [robot_1.robot_supervisor]: ############################# REACHED: EV_red_reached #############################
[INFO] [1788358315.500440953] [robot_1.robot_supervisor]: Starting FULL ROTATE (omega=1.000, have_odom=True, target_rad=3.142, timeout_s=3.500)
[INFO] [1788358318.698557278] [robot_1.robot_supervisor]: FULL ROTATE completed by odom (accum_rad=3.190)
[INFO] [1788358318.898725226] [robot_1.robot_supervisor]: ############################# REACHED: EV_red_reached #############################
[INFO] [1788358318.899437390] [robot_1.robot_supervisor]: ############################# VISIBLE: EV_blue_visible #############################
[INFO] [1788358319.099695013] [robot_1.robot_supervisor]: ############################# REACHED: EV_red_reached #############################
[INFO] [1788358319.100372303] [robot_1.robot_supervisor]: ############################# VISIBLE: EV_blue_visible #############################
[INFO] [1788358319.698463098] [robot_1.robot_supervisor]: ############################# VISIBLE: EV_green_visible #############################
[INFO] [1788358319.698932332] [robot_1.robot_supervisor]: ############################# REACHED: EV_red_reached #############################
[INFO] [1788358319.699267778] [robot_1.robot_supervisor]: ############################# VISIBLE: EV_blue_visible #############################
[INFO] [1788358320.298938729] [robot_1.robot_supervisor]: ############################# VISIBLE: EV_green_visible #############################
[INFO] [1788358320.598875158] [robot_1.robot_supervisor]: ############################# VISIBLE: EV_green_visible #############################
[INFO] [1788358321.199255237] [robot_1.robot_supervisor]: ############################# VISIBLE: EV_green_visible #############################
[INFO] [1788358321.798338681] [robot_1.robot_supervisor]: ############################# VISIBLE: EV_green_visible #############################
[INFO] [1788358322.098486329] [robot_1.robot_supervisor]: ############################# VISIBLE: EV_green_visible #############################
[INFO] [1788358322.698462027] [robot_1.robot_supervisor]: ############################# VISIBLE: EV_green_visible #############################
[INFO] [1788358322.998704465] [robot_1.robot_supervisor]: ############################# VISIBLE: EV_green_visible #############################
[INFO] [1788358323.598514917] [robot_1.robot_supervisor]: ############################# VISIBLE: EV_green_visible #############################
[INFO] [1788358324.198968580] [robot_1.robot_supervisor]: ############################# VISIBLE: EV_green_visible #############################
[INFO] [1788358324.499217577] [robot_1.robot_supervisor]: ############################# VISIBLE: EV_green_visible #############################
[INFO] [1788358325.098308591] [robot_1.robot_supervisor]: ############################# VISIBLE: EV_green_visible #############################
[INFO] [1788358325.698221393] [robot_1.robot_supervisor]: ############################# VISIBLE: EV_green_visible #############################
[INFO] [1788358325.998169022] [robot_1.robot_supervisor]: ############################# VISIBLE: EV_green_visible #############################
[INFO] [1788358326.598627002] [robot_1.robot_supervisor]: ############################# VISIBLE: EV_green_visible #############################
[INFO] [1788358327.198487141] [robot_1.robot_supervisor]: ############################# VISIBLE: EV_green_visible #############################
[INFO] [1788358327.498329005] [robot_1.robot_supervisor]: ############################# VISIBLE: EV_green_visible #############################
[INFO] [1788358328.098297970] [robot_1.robot_supervisor]: ############################# VISIBLE: EV_green_visible #############################
[INFO] [1788358328.698135638] [robot_1.robot_supervisor]: ############################# VISIBLE: EV_green_visible #############################
[INFO] [1788358328.998321646] [robot_1.robot_supervisor]: ############################# VISIBLE: EV_green_visible #############################
[INFO] [1788358329.598522721] [robot_1.robot_supervisor]: ############################# VISIBLE: EV_green_visible #############################
[INFO] [1788358330.198459644] [robot_1.robot_supervisor]: ############################# VISIBLE: EV_green_visible #############################
[INFO] [1788358330.497927059] [robot_1.robot_supervisor]: ############################# VISIBLE: EV_green_visible #############################
[INFO] [1788358331.098433949] [robot_1.robot_supervisor]: ############################# VISIBLE: EV_green_visible #############################
[INFO] [1788358331.699115021] [robot_1.robot_supervisor]: Reached green; progress: 2/3 colors
[INFO] [1788358331.699999898] [robot_1.robot_supervisor]: ############################# REACHED: EV_green_reached #############################
[INFO] [1788358332.198557079] [robot_1.robot_supervisor]: ############################# REACHED: EV_green_reached #############################
[INFO] [1788358332.199293179] [robot_1.robot_supervisor]: Starting FULL ROTATE (omega=1.000, have_odom=True, target_rad=3.142, timeout_s=3.500)
[INFO] [1788358335.598362939] [robot_1.robot_supervisor]: FULL ROTATE completed by odom (accum_rad=3.218)
[INFO] [1788358335.898697581] [robot_1.robot_supervisor]: ############################# REACHED: EV_green_reached #############################
[INFO] [1788358335.899320609] [robot_1.robot_supervisor]: ############################# VISIBLE: EV_red_visible #############################
[INFO] [1788358336.198459987] [robot_1.robot_supervisor]: ############################# REACHED: EV_green_reached #############################
[INFO] [1788358336.199044634] [robot_1.robot_supervisor]: ############################# VISIBLE: EV_red_visible #############################
[INFO] [1788358336.698525161] [robot_1.robot_supervisor]: ############################# REACHED: EV_green_reached #############################
[INFO] [1788358336.699096172] [robot_1.robot_supervisor]: ############################# VISIBLE: EV_red_visible #############################
[INFO] [1788358337.198531773] [robot_1.robot_supervisor]: ############################# REACHED: EV_green_reached #############################
[INFO] [1788358337.199122198] [robot_1.robot_supervisor]: ############################# VISIBLE: EV_red_visible #############################
[INFO] [1788358337.598806444] [robot_1.robot_supervisor]: ############################# REACHED: EV_green_reached #############################
[INFO] [1788358337.599509867] [robot_1.robot_supervisor]: ############################# VISIBLE: EV_red_visible #############################
[INFO] [1788358338.098553591] [robot_1.robot_supervisor]: ############################# VISIBLE: EV_red_visible #############################
[INFO] [1788358338.598337879] [robot_1.robot_supervisor]: ############################# VISIBLE: EV_red_visible #############################
[INFO] [1788358339.098594893] [robot_1.robot_supervisor]: ############################# VISIBLE: EV_red_visible #############################
[INFO] [1788358339.698780202] [robot_1.robot_supervisor]: ############################# VISIBLE: EV_red_visible #############################
[INFO] [1788358340.298336615] [robot_1.robot_supervisor]: ############################# VISIBLE: EV_red_visible #############################
[INFO] [1788358340.798709915] [robot_1.robot_supervisor]: ############################# VISIBLE: EV_red_visible #############################
[INFO] [1788358344.598320088] [robot_1.robot_supervisor]: ############################# VISIBLE: EV_green_visible #############################
[INFO] [1788358345.198480739] [robot_1.robot_supervisor]: ############################# VISIBLE: EV_green_visible #############################
[INFO] [1788358345.698649557] [robot_1.robot_supervisor]: ############################# VISIBLE: EV_green_visible #############################
[WARN] [1788358346.598151890] [robot_1.robot_supervisor]: Reached green out of order; next required color is blue. This reach does not count.
[INFO] [1788358346.598839752] [robot_1.robot_supervisor]: ############################# REACHED: EV_green_reached #############################
[WARN] [1788358347.198851324] [robot_1.robot_supervisor]: Reached green out of order; next required color is blue. This reach does not count.
[INFO] [1788358347.199997453] [robot_1.robot_supervisor]: ############################# REACHED: EV_green_reached #############################
[WARN] [1788358347.798469899] [robot_1.robot_supervisor]: Reached green out of order; next required color is blue. This reach does not count.
[INFO] [1788358347.799394975] [robot_1.robot_supervisor]: ############################# REACHED: EV_green_reached #############################
[INFO] [1788358347.800321516] [robot_1.robot_supervisor]: Starting FULL ROTATE (omega=1.000, have_odom=True, target_rad=3.142, timeout_s=3.500)
[INFO] [1788358351.198689819] [robot_1.robot_supervisor]: FULL ROTATE completed by odom (accum_rad=3.218)
[WARN] [1788358351.498488536] [robot_1.robot_supervisor]: Reached green out of order; next required color is blue. This reach does not count.
[INFO] [1788358351.499412575] [robot_1.robot_supervisor]: ############################# REACHED: EV_green_reached #############################
[WARN] [1788358351.698958692] [robot_1.robot_supervisor]: Reached green out of order; next required color is blue. This reach does not count.
[INFO] [1788358351.700049210] [robot_1.robot_supervisor]: ############################# REACHED: EV_green_reached #############################
[WARN] [1788358352.198322780] [robot_1.robot_supervisor]: Reached green out of order; next required color is blue. This reach does not count.
[INFO] [1788358352.198978603] [robot_1.robot_supervisor]: ############################# REACHED: EV_green_reached #############################
[INFO] [1788358352.199373285] [robot_1.robot_supervisor]: ############################# VISIBLE: EV_red_visible #############################
[WARN] [1788358352.698450943] [robot_1.robot_supervisor]: Reached green out of order; next required color is blue. This reach does not count.
[INFO] [1788358352.699671102] [robot_1.robot_supervisor]: ############################# REACHED: EV_green_reached #############################
[INFO] [1788358352.700329582] [robot_1.robot_supervisor]: ############################# VISIBLE: EV_red_visible #############################
[INFO] [1788358353.298679600] [robot_1.robot_supervisor]: ############################# VISIBLE: EV_red_visible #############################
[INFO] [1788358353.598614783] [robot_1.robot_supervisor]: ############################# VISIBLE: EV_red_visible #############################
[INFO] [1788358354.198618786] [robot_1.robot_supervisor]: ############################# VISIBLE: EV_red_visible #############################
[INFO] [1788358354.498119463] [robot_1.robot_supervisor]: ############################# VISIBLE: EV_red_visible #############################
[INFO] [1788358359.699185625] [robot_1.robot_supervisor]: Starting FULL ROTATE (omega=1.000, have_odom=True, target_rad=3.142, timeout_s=3.500)
[INFO] [1788358363.098615821] [robot_1.robot_supervisor]: FULL ROTATE completed by odom (accum_rad=3.218)
[INFO] [1788358363.299009380] [robot_1.robot_supervisor]: ############################# VISIBLE: EV_red_visible #############################
[INFO] [1788358363.299864905] [robot_1.robot_supervisor]: ############################# VISIBLE: EV_blue_visible #############################
[INFO] [1788358363.598861723] [robot_1.robot_supervisor]: ############################# VISIBLE: EV_red_visible #############################
[INFO] [1788358363.599625587] [robot_1.robot_supervisor]: ############################# VISIBLE: EV_blue_visible #############################
[INFO] [1788358364.198715934] [robot_1.robot_supervisor]: ############################# VISIBLE: EV_red_visible #############################
[INFO] [1788358364.199395506] [robot_1.robot_supervisor]: ############################# VISIBLE: EV_blue_visible #############################
[INFO] [1788358364.798683269] [robot_1.robot_supervisor]: ############################# VISIBLE: EV_red_visible #############################
[INFO] [1788358364.799323420] [robot_1.robot_supervisor]: ############################# VISIBLE: EV_blue_visible #############################
[INFO] [1788358365.098622205] [robot_1.robot_supervisor]: ############################# VISIBLE: EV_red_visible #############################
[INFO] [1788358365.099253928] [robot_1.robot_supervisor]: ############################# VISIBLE: EV_blue_visible #############################
[INFO] [1788358365.699330924] [robot_1.robot_supervisor]: ############################# VISIBLE: EV_red_visible #############################
[INFO] [1788358365.700190724] [robot_1.robot_supervisor]: ############################# VISIBLE: EV_blue_visible #############################
[INFO] [1788358366.298520933] [robot_1.robot_supervisor]: ############################# VISIBLE: EV_blue_visible #############################
[INFO] [1788358366.598580017] [robot_1.robot_supervisor]: ############################# VISIBLE: EV_blue_visible #############################
[INFO] [1788358367.198606749] [robot_1.robot_supervisor]: ############################# VISIBLE: EV_blue_visible #############################
[INFO] [1788358367.798554766] [robot_1.robot_supervisor]: ############################# VISIBLE: EV_blue_visible #############################
[INFO] [1788358368.098367167] [robot_1.robot_supervisor]: ############################# VISIBLE: EV_blue_visible #############################
[INFO] [1788358368.698620266] [robot_1.robot_supervisor]: ############################# VISIBLE: EV_blue_visible #############################
[INFO] [1788358369.298639028] [robot_1.robot_supervisor]: ############################# VISIBLE: EV_blue_visible #############################
[INFO] [1788358369.598519584] [robot_1.robot_supervisor]: ############################# VISIBLE: EV_blue_visible #############################
[INFO] [1788358370.198269210] [robot_1.robot_supervisor]: ############################# VISIBLE: EV_blue_visible #############################
[INFO] [1788358370.799926782] [robot_1.robot_supervisor]: ############################# VISIBLE: EV_blue_visible #############################
[INFO] [1788358371.098632710] [robot_1.robot_supervisor]: ############################# VISIBLE: EV_blue_visible #############################
[INFO] [1788358371.698900604] [robot_1.robot_supervisor]: ############################# VISIBLE: EV_blue_visible #############################
[INFO] [1788358372.298986597] [robot_1.robot_supervisor]: ############################# VISIBLE: EV_blue_visible #############################
[INFO] [1788358372.598982459] [robot_1.robot_supervisor]: ############################# VISIBLE: EV_blue_visible #############################
[INFO] [1788358373.198665517] [robot_1.robot_supervisor]: ############################# VISIBLE: EV_blue_visible #############################
[INFO] [1788358373.798614075] [robot_1.robot_supervisor]: ############################# VISIBLE: EV_blue_visible #############################
[INFO] [1788358374.098269011] [robot_1.robot_supervisor]: ############################# VISIBLE: EV_blue_visible #############################
[INFO] [1788358374.698678295] [robot_1.robot_supervisor]: ############################# VISIBLE: EV_blue_visible #############################
[INFO] [1788358375.298651103] [robot_1.robot_supervisor]: ############################# VISIBLE: EV_blue_visible #############################
[INFO] [1788358375.598551662] [robot_1.robot_supervisor]: ############################# VISIBLE: EV_blue_visible #############################
[INFO] [1788358376.199045705] [robot_1.robot_supervisor]: ############################# VISIBLE: EV_blue_visible #############################
[INFO] [1788358376.798786044] [robot_1.robot_supervisor]: ############################# VISIBLE: EV_blue_visible #############################
[INFO] [1788358377.098720293] [robot_1.robot_supervisor]: ############################# VISIBLE: EV_blue_visible #############################
[INFO] [1788358377.699266162] [robot_1.robot_supervisor]: ############################# VISIBLE: EV_blue_visible #############################
[INFO] [1788358378.298892298] [robot_1.robot_supervisor]: ############################# VISIBLE: EV_blue_visible #############################
[INFO] [1788358378.598858463] [robot_1.robot_supervisor]: ############################# VISIBLE: EV_blue_visible #############################
[INFO] [1788358379.198367815] [robot_1.robot_supervisor]: ############################# VISIBLE: EV_blue_visible #############################
[INFO] [1788358379.798741283] [robot_1.robot_supervisor]: ############################# VISIBLE: EV_blue_visible #############################
[INFO] [1788358380.099031461] [robot_1.robot_supervisor]: ############################# VISIBLE: EV_blue_visible #############################
[INFO] [1788358380.698599346] [robot_1.robot_supervisor]: ############################# VISIBLE: EV_blue_visible #############################
[INFO] [1788358380.997841669] [robot_1.robot_supervisor]: ############################# VISIBLE: EV_blue_visible #############################
[INFO] [1788358381.299045083] [robot_1.robot_supervisor]: ############################# VISIBLE: EV_blue_visible #############################
[INFO] [1788358381.598266844] [robot_1.robot_supervisor]: ############################# VISIBLE: EV_blue_visible #############################
[INFO] [1788358382.198550388] [robot_1.robot_supervisor]: ############################# VISIBLE: EV_blue_visible #############################
[INFO] [1788358382.498313059] [robot_1.robot_supervisor]: ############################# VISIBLE: EV_blue_visible #############################
[INFO] [1788358383.098633621] [robot_1.robot_supervisor]: ############################# VISIBLE: EV_blue_visible #############################
[INFO] [1788358383.698094102] [robot_1.robot_supervisor]: ############################# VISIBLE: EV_blue_visible #############################
[INFO] [1788358383.998189187] [robot_1.robot_supervisor]: ############################# VISIBLE: EV_blue_visible #############################
[INFO] [1788358384.598134995] [robot_1.robot_supervisor]: ############################# VISIBLE: EV_blue_visible #############################
[INFO] [1788358385.198324567] [robot_1.robot_supervisor]: ############################# VISIBLE: EV_blue_visible #############################
[INFO] [1788358385.699339244] [robot_1.robot_supervisor]: ############################# VISIBLE: EV_blue_visible #############################
[INFO] [1788358386.298538954] [robot_1.robot_supervisor]: ############################# VISIBLE: EV_blue_visible #############################
[INFO] [1788358386.899269977] [robot_1.robot_supervisor]: ############################# VISIBLE: EV_blue_visible #############################
[INFO] [1788358387.198824481] [robot_1.robot_supervisor]: ############################# VISIBLE: EV_blue_visible #############################
[INFO] [1788358387.798541880] [robot_1.robot_supervisor]: ############################# VISIBLE: EV_blue_visible #############################
[INFO] [1788358388.098427661] [robot_1.robot_supervisor]: ############################# VISIBLE: EV_blue_visible #############################
[INFO] [1788358388.698200904] [robot_1.robot_supervisor]: ############################# VISIBLE: EV_blue_visible #############################
[INFO] [1788358389.198547327] [robot_1.robot_supervisor]: ############################# VISIBLE: EV_blue_visible #############################
[INFO] [1788358389.598119837] [robot_1.robot_supervisor]: ############################# VISIBLE: EV_blue_visible #############################
[INFO] [1788358390.198865911] [robot_1.robot_supervisor]: ############################# VISIBLE: EV_blue_visible #############################
[INFO] [1788358390.199952463] [robot_1.robot_supervisor]: Starting FULL ROTATE (omega=1.000, have_odom=True, target_rad=3.142, timeout_s=3.500)
[INFO] [1788358393.398208627] [robot_1.robot_supervisor]: FULL ROTATE completed by odom (accum_rad=3.190)
[INFO] [1788358393.697915068] [robot_1.robot_supervisor]: ############################# VISIBLE: EV_green_visible #############################
[INFO] [1788358393.698185741] [robot_1.robot_supervisor]: ############################# VISIBLE: EV_red_visible #############################
[INFO] [1788358394.097977952] [robot_1.robot_supervisor]: ############################# VISIBLE: EV_green_visible #############################
[INFO] [1788358394.098229235] [robot_1.robot_supervisor]: ############################# VISIBLE: EV_red_visible #############################
[INFO] [1788358394.597919464] [robot_1.robot_supervisor]: ############################# VISIBLE: EV_green_visible #############################
[INFO] [1788358394.598340930] [robot_1.robot_supervisor]: ############################# VISIBLE: EV_red_visible #############################
[INFO] [1788358395.097983102] [robot_1.robot_supervisor]: ############################# VISIBLE: EV_green_visible #############################
[INFO] [1788358395.098299446] [robot_1.robot_supervisor]: ############################# VISIBLE: EV_red_visible #############################
[INFO] [1788358395.798271294] [robot_1.robot_supervisor]: ############################# VISIBLE: EV_green_visible #############################
[INFO] [1788358395.798701937] [robot_1.robot_supervisor]: ############################# VISIBLE: EV_red_visible #############################
[INFO] [1788358396.197943485] [robot_1.robot_supervisor]: ############################# VISIBLE: EV_green_visible #############################
[INFO] [1788358396.198243587] [robot_1.robot_supervisor]: ############################# VISIBLE: EV_red_visible #############################
[INFO] [1788358396.698245237] [robot_1.robot_supervisor]: ############################# VISIBLE: EV_green_visible #############################
[INFO] [1788358396.698732027] [robot_1.robot_supervisor]: ############################# VISIBLE: EV_red_visible #############################
[INFO] [1788358397.297935910] [robot_1.robot_supervisor]: ############################# VISIBLE: EV_green_visible #############################
[INFO] [1788358397.298260981] [robot_1.robot_supervisor]: ############################# VISIBLE: EV_red_visible #############################
[INFO] [1788358397.797933086] [robot_1.robot_supervisor]: ############################# VISIBLE: EV_green_visible #############################
[INFO] [1788358397.798219000] [robot_1.robot_supervisor]: ############################# VISIBLE: EV_red_visible #############################
[INFO] [1788358398.097897646] [robot_1.robot_supervisor]: ############################# VISIBLE: EV_green_visible #############################
[INFO] [1788358398.598217452] [robot_1.robot_supervisor]: ############################# VISIBLE: EV_green_visible #############################
[INFO] [1788358399.298228530] [robot_1.robot_supervisor]: ############################# VISIBLE: EV_green_visible #############################
[INFO] [1788358399.298883515] [robot_1.robot_supervisor]: Starting FULL ROTATE (omega=1.000, have_odom=True, target_rad=3.142, timeout_s=3.500)
[INFO] [1788358402.697933860] [robot_1.robot_supervisor]: FULL ROTATE completed by odom (accum_rad=3.171)
[INFO] [1788358402.899070598] [robot_1.robot_supervisor]: ############################# VISIBLE: EV_green_visible #############################
[INFO] [1788358402.899786313] [robot_1.robot_supervisor]: ############################# VISIBLE: EV_red_visible #############################
[INFO] [1788358403.097811610] [robot_1.robot_supervisor]: ############################# VISIBLE: EV_green_visible #############################
[INFO] [1788358403.098084687] [robot_1.robot_supervisor]: ############################# VISIBLE: EV_red_visible #############################
[INFO] [1788358403.697957953] [robot_1.robot_supervisor]: ############################# VISIBLE: EV_red_visible #############################
[INFO] [1788358404.198423229] [robot_1.robot_supervisor]: ############################# VISIBLE: EV_red_visible #############################
[INFO] [1788358404.798062108] [robot_1.robot_supervisor]: ############################# VISIBLE: EV_red_visible #############################
[INFO] [1788358405.198375361] [robot_1.robot_supervisor]: ############################# VISIBLE: EV_red_visible #############################
[INFO] [1788358405.697968542] [robot_1.robot_supervisor]: ############################# VISIBLE: EV_red_visible #############################
[INFO] [1788358406.198215906] [robot_1.robot_supervisor]: ############################# VISIBLE: EV_red_visible #############################
[INFO] [1788358406.697939998] [robot_1.robot_supervisor]: ############################# VISIBLE: EV_red_visible #############################
[INFO] [1788358407.298197702] [robot_1.robot_supervisor]: ############################# VISIBLE: EV_red_visible #############################
[INFO] [1788358407.597830978] [robot_1.robot_supervisor]: ############################# VISIBLE: EV_red_visible #############################
[INFO] [1788358408.198047987] [robot_1.robot_supervisor]: ############################# VISIBLE: EV_red_visible #############################
[INFO] [1788358408.697942212] [robot_1.robot_supervisor]: ############################# VISIBLE: EV_green_visible #############################
[INFO] [1788358408.698344599] [robot_1.robot_supervisor]: ############################# VISIBLE: EV_red_visible #############################
[INFO] [1788358409.197937869] [robot_1.robot_supervisor]: ############################# VISIBLE: EV_green_visible #############################
[INFO] [1788358409.198223690] [robot_1.robot_supervisor]: ############################# VISIBLE: EV_red_visible #############################
[INFO] [1788358409.697956553] [robot_1.robot_supervisor]: ############################# VISIBLE: EV_green_visible #############################
[INFO] [1788358409.698360503] [robot_1.robot_supervisor]: ############################# VISIBLE: EV_red_visible #############################
[INFO] [1788358410.097961292] [robot_1.robot_supervisor]: ############################# VISIBLE: EV_green_visible #############################
[INFO] [1788358410.098400073] [robot_1.robot_supervisor]: ############################# VISIBLE: EV_red_visible #############################
[INFO] [1788358410.698208215] [robot_1.robot_supervisor]: ############################# VISIBLE: EV_green_visible #############################
[INFO] [1788358410.698898422] [robot_1.robot_supervisor]: Starting FULL ROTATE (omega=1.000, have_odom=True, target_rad=3.142, timeout_s=3.500)
[INFO] [1788358414.098026218] [robot_1.robot_supervisor]: FULL ROTATE completed by odom (accum_rad=3.208)
[INFO] [1788358414.298210453] [robot_1.robot_supervisor]: ############################# VISIBLE: EV_red_visible #############################
[INFO] [1788358414.597845150] [robot_1.robot_supervisor]: ############################# VISIBLE: EV_red_visible #############################
[INFO] [1788358415.097988749] [robot_1.robot_supervisor]: ############################# VISIBLE: EV_red_visible #############################
[INFO] [1788358415.698003828] [robot_1.robot_supervisor]: ############################# VISIBLE: EV_red_visible #############################
[INFO] [1788358419.297881537] [robot_1.robot_supervisor]: ############################# VISIBLE: EV_red_visible #############################
[INFO] [1788358419.597923759] [robot_1.robot_supervisor]: ############################# VISIBLE: EV_red_visible #############################
[INFO] [1788358420.298198994] [robot_1.robot_supervisor]: ############################# VISIBLE: EV_red_visible #############################
[INFO] [1788358420.498071170] [robot_1.robot_supervisor]: Starting FULL ROTATE (omega=1.000, have_odom=True, target_rad=3.142, timeout_s=3.500)
[INFO] [1788358423.698083445] [robot_1.robot_supervisor]: FULL ROTATE completed by odom (accum_rad=3.145)
[INFO] [1788358424.297972890] [robot_1.robot_supervisor]: ############################# VISIBLE: EV_blue_visible #############################
[INFO] [1788358424.598093640] [robot_1.robot_supervisor]: ############################# VISIBLE: EV_blue_visible #############################
[INFO] [1788358425.198319529] [robot_1.robot_supervisor]: ############################# VISIBLE: EV_blue_visible #############################
[INFO] [1788358425.798300854] [robot_1.robot_supervisor]: ############################# VISIBLE: EV_blue_visible #############################
[INFO] [1788358426.098217710] [robot_1.robot_supervisor]: ############################# VISIBLE: EV_blue_visible #############################
[INFO] [1788358426.698023873] [robot_1.robot_supervisor]: ############################# VISIBLE: EV_blue_visible #############################
[INFO] [1788358427.298138438] [robot_1.robot_supervisor]: ############################# VISIBLE: EV_blue_visible #############################
[INFO] [1788358427.598117288] [robot_1.robot_supervisor]: ############################# VISIBLE: EV_blue_visible #############################
[INFO] [1788358428.198012801] [robot_1.robot_supervisor]: ############################# VISIBLE: EV_blue_visible #############################
[INFO] [1788358428.798280510] [robot_1.robot_supervisor]: ############################# VISIBLE: EV_blue_visible #############################
[INFO] [1788358429.097939985] [robot_1.robot_supervisor]: ############################# VISIBLE: EV_blue_visible #############################
[INFO] [1788358429.698156761] [robot_1.robot_supervisor]: ############################# VISIBLE: EV_blue_visible #############################
[INFO] [1788358430.298212306] [robot_1.robot_supervisor]: ############################# VISIBLE: EV_blue_visible #############################
[INFO] [1788358430.597964461] [robot_1.robot_supervisor]: ############################# VISIBLE: EV_blue_visible #############################
[INFO] [1788358431.198207910] [robot_1.robot_supervisor]: ############################# VISIBLE: EV_blue_visible #############################
[INFO] [1788358431.198694257] [robot_1.robot_supervisor]: Starting FULL ROTATE (omega=1.000, have_odom=True, target_rad=3.142, timeout_s=3.500)
[INFO] [1788358434.599402307] [robot_1.robot_supervisor]: FULL ROTATE completed by odom (accum_rad=3.158)
[INFO] [1788358434.898752432] [robot_1.robot_supervisor]: ############################# VISIBLE: EV_green_visible #############################
[INFO] [1788358435.398952299] [robot_1.robot_supervisor]: ############################# VISIBLE: EV_green_visible #############################
[INFO] [1788358435.399892648] [robot_1.robot_supervisor]: ############################# VISIBLE: EV_red_visible #############################
[INFO] [1788358435.698738751] [robot_1.robot_supervisor]: ############################# VISIBLE: EV_green_visible #############################
[INFO] [1788358435.699526438] [robot_1.robot_supervisor]: ############################# VISIBLE: EV_red_visible #############################
[INFO] [1788358436.298707032] [robot_1.robot_supervisor]: ############################# VISIBLE: EV_green_visible #############################
[INFO] [1788358436.299488069] [robot_1.robot_supervisor]: ############################# VISIBLE: EV_red_visible #############################
[INFO] [1788358436.698104476] [robot_1.robot_supervisor]: ############################# VISIBLE: EV_green_visible #############################
[INFO] [1788358436.698459969] [robot_1.robot_supervisor]: ############################# VISIBLE: EV_red_visible #############################
[INFO] [1788358437.198221896] [robot_1.robot_supervisor]: ############################# VISIBLE: EV_green_visible #############################
[INFO] [1788358437.198634311] [robot_1.robot_supervisor]: ############################# VISIBLE: EV_red_visible #############################
[INFO] [1788358437.698144502] [robot_1.robot_supervisor]: ############################# VISIBLE: EV_green_visible #############################
[INFO] [1788358437.698562842] [robot_1.robot_supervisor]: ############################# VISIBLE: EV_red_visible #############################
[INFO] [1788358438.198445202] [robot_1.robot_supervisor]: ############################# VISIBLE: EV_green_visible #############################
[INFO] [1788358438.199108721] [robot_1.robot_supervisor]: ############################# VISIBLE: EV_red_visible #############################
[INFO] [1788358438.698053618] [robot_1.robot_supervisor]: ############################# VISIBLE: EV_green_visible #############################
[INFO] [1788358438.698415230] [robot_1.robot_supervisor]: ############################# VISIBLE: EV_red_visible #############################
[INFO] [1788358439.197945156] [robot_1.robot_supervisor]: ############################# VISIBLE: EV_green_visible #############################
[INFO] [1788358439.798341456] [robot_1.robot_supervisor]: ############################# VISIBLE: EV_green_visible #############################
[INFO] [1788358440.298108285] [robot_1.robot_supervisor]: ############################# VISIBLE: EV_green_visible #############################
[INFO] [1788358440.798286983] [robot_1.robot_supervisor]: ############################# VISIBLE: EV_green_visible #############################
[INFO] [1788358441.298106740] [robot_1.robot_supervisor]: ############################# VISIBLE: EV_green_visible #############################
[INFO] [1788358443.497979412] [robot_1.robot_supervisor]: Starting FULL ROTATE (omega=1.000, have_odom=True, target_rad=3.142, timeout_s=3.500)
[INFO] [1788358446.697998456] [robot_1.robot_supervisor]: FULL ROTATE completed by odom (accum_rad=3.200)
[INFO] [1788358446.898031864] [robot_1.robot_supervisor]: ############################# VISIBLE: EV_green_visible #############################
[INFO] [1788358446.898373206] [robot_1.robot_supervisor]: ############################# VISIBLE: EV_red_visible #############################
[INFO] [1788358447.398100766] [robot_1.robot_supervisor]: ############################# VISIBLE: EV_green_visible #############################
[INFO] [1788358447.398408352] [robot_1.robot_supervisor]: ############################# VISIBLE: EV_red_visible #############################
[INFO] [1788358447.798176330] [robot_1.robot_supervisor]: ############################# VISIBLE: EV_green_visible #############################
[INFO] [1788358447.798535520] [robot_1.robot_supervisor]: ############################# VISIBLE: EV_red_visible #############################
[INFO] [1788358448.398114365] [robot_1.robot_supervisor]: ############################# VISIBLE: EV_red_visible #############################
[INFO] [1788358448.698290304] [robot_1.robot_supervisor]: ############################# VISIBLE: EV_red_visible #############################
[INFO] [1788358449.198288681] [robot_1.robot_supervisor]: ############################# VISIBLE: EV_red_visible #############################
[INFO] [1788358449.698336347] [robot_1.robot_supervisor]: ############################# VISIBLE: EV_red_visible #############################
[INFO] [1788358450.197970667] [robot_1.robot_supervisor]: ############################# VISIBLE: EV_red_visible #############################
[INFO] [1788358450.797981841] [robot_1.robot_supervisor]: ############################# VISIBLE: EV_red_visible #############################
[INFO] [1788358451.197933568] [robot_1.robot_supervisor]: ############################# VISIBLE: EV_red_visible #############################
[INFO] [1788358451.897935764] [robot_1.robot_supervisor]: ############################# VISIBLE: EV_green_visible #############################
[INFO] [1788358451.898237942] [robot_1.robot_supervisor]: ############################# VISIBLE: EV_red_visible #############################
[INFO] [1788358452.197934624] [robot_1.robot_supervisor]: ############################# VISIBLE: EV_green_visible #############################
[INFO] [1788358452.198224579] [robot_1.robot_supervisor]: ############################# VISIBLE: EV_red_visible #############################
[INFO] [1788358452.898228232] [robot_1.robot_supervisor]: ############################# VISIBLE: EV_green_visible #############################
[INFO] [1788358452.898667564] [robot_1.robot_supervisor]: ############################# VISIBLE: EV_red_visible #############################
[INFO] [1788358453.198282408] [robot_1.robot_supervisor]: ############################# VISIBLE: EV_green_visible #############################
[INFO] [1788358453.798362003] [robot_1.robot_supervisor]: ############################# VISIBLE: EV_green_visible #############################
[INFO] [1788358454.398073216] [robot_1.robot_supervisor]: ############################# VISIBLE: EV_green_visible #############################
[INFO] [1788358454.898104839] [robot_1.robot_supervisor]: ############################# VISIBLE: EV_green_visible #############################
[INFO] [1788358455.598434085] [robot_1.robot_supervisor]: ############################# VISIBLE: EV_green_visible #############################
[INFO] [1788358455.798245314] [robot_1.robot_supervisor]: ############################# VISIBLE: EV_green_visible #############################
[INFO] [1788358456.198056460] [robot_1.robot_supervisor]: ############################# VISIBLE: EV_green_visible #############################
[INFO] [1788358456.798438477] [robot_1.robot_supervisor]: ############################# VISIBLE: EV_green_visible #############################
[INFO] [1788358457.297938695] [robot_1.robot_supervisor]: ############################# VISIBLE: EV_green_visible #############################
[INFO] [1788358462.697919449] [robot_1.robot_supervisor]: ############################# VISIBLE: EV_blue_visible #############################
[INFO] [1788358463.297945338] [robot_1.robot_supervisor]: ############################# VISIBLE: EV_blue_visible #############################
[INFO] [1788358463.898171547] [robot_1.robot_supervisor]: ############################# VISIBLE: EV_blue_visible #############################
[INFO] [1788358464.197894788] [robot_1.robot_supervisor]: ############################# VISIBLE: EV_blue_visible #############################
[INFO] [1788358464.798106588] [robot_1.robot_supervisor]: ############################# VISIBLE: EV_blue_visible #############################
[INFO] [1788358465.397999293] [robot_1.robot_supervisor]: ############################# VISIBLE: EV_blue_visible #############################
[INFO] [1788358465.697934842] [robot_1.robot_supervisor]: ############################# VISIBLE: EV_blue_visible #############################
[INFO] [1788358466.298008109] [robot_1.robot_supervisor]: ############################# VISIBLE: EV_blue_visible #############################
[INFO] [1788358466.898232245] [robot_1.robot_supervisor]: ############################# VISIBLE: EV_blue_visible #############################
[INFO] [1788358467.197882478] [robot_1.robot_supervisor]: ############################# VISIBLE: EV_blue_visible #############################
[INFO] [1788358467.398372555] [robot_1.robot_supervisor]: Starting FULL ROTATE (omega=1.000, have_odom=True, target_rad=3.142, timeout_s=3.500)
[INFO] [1788358470.698136991] [robot_1.robot_supervisor]: FULL ROTATE completed by odom (accum_rad=3.238)
[INFO] [1788358471.198225176] [robot_1.robot_supervisor]: ############################# VISIBLE: EV_green_visible #############################
[INFO] [1788358471.897999626] [robot_1.robot_supervisor]: ############################# VISIBLE: EV_green_visible #############################
[INFO] [1788358472.297944281] [robot_1.robot_supervisor]: ############################# VISIBLE: EV_green_visible #############################
[INFO] [1788358472.697981706] [robot_1.robot_supervisor]: ############################# VISIBLE: EV_green_visible #############################
[INFO] [1788358473.197917285] [robot_1.robot_supervisor]: ############################# VISIBLE: EV_green_visible #############################
[INFO] [1788358473.697918407] [robot_1.robot_supervisor]: ############################# VISIBLE: EV_green_visible #############################
[INFO] [1788358482.798395121] [robot_1.robot_supervisor]: Reached blue; progress: 3/3 colors
[INFO] [1788358482.799759246] [robot_1.robot_supervisor]: All color targets reached in order red, green, blue; final events published.
[INFO] [1788358482.800703403] [robot_1.robot_supervisor]: Completed robot removal is disabled; robot remains stopped.
