[INFO] [1788359537.748305993] [robot_0.robot_supervisor]: Required color order: red -> green -> blue
[INFO] [1788359537.790391233] [robot_0.robot_supervisor]: Loaded initial mission 'patrolling' from explicit YAML supervisor.yaml
[INFO] [1788359541.094189381] [robot_0.robot_supervisor]: Starting FULL ROTATE (omega=1.000, have_odom=True, target_rad=3.142, timeout_s=3.500)
[INFO] [1788359544.594478412] [robot_0.robot_supervisor]: FULL ROTATE completed by timeout
[INFO] [1788359544.794520077] [robot_0.robot_supervisor]: ############################# VISIBLE: EV_green_visible #############################
[INFO] [1788359544.794948346] [robot_0.robot_supervisor]: ############################# VISIBLE: EV_red_visible #############################
[INFO] [1788359544.795308251] [robot_0.robot_supervisor]: ############################# VISIBLE: EV_blue_visible #############################
[INFO] [1788359545.394154125] [robot_0.robot_supervisor]: ############################# VISIBLE: EV_red_visible #############################
[INFO] [1788359545.394356478] [robot_0.robot_supervisor]: ############################# VISIBLE: EV_blue_visible #############################
[INFO] [1788359545.694476174] [robot_0.robot_supervisor]: ############################# VISIBLE: EV_blue_visible #############################
[INFO] [1788359546.194466762] [robot_0.robot_supervisor]: ############################# VISIBLE: EV_blue_visible #############################
[INFO] [1788359548.694195170] [robot_0.robot_supervisor]: Starting FULL ROTATE (omega=1.000, have_odom=True, target_rad=3.142, timeout_s=3.500)
[INFO] [1788359551.894467567] [robot_0.robot_supervisor]: FULL ROTATE completed by odom (accum_rad=3.200)
[INFO] [1788359552.294487865] [robot_0.robot_supervisor]: ############################# VISIBLE: EV_green_visible #############################
[INFO] [1788359552.794130884] [robot_0.robot_supervisor]: ############################# VISIBLE: EV_green_visible #############################
[INFO] [1788359553.294520831] [robot_0.robot_supervisor]: ############################# VISIBLE: EV_green_visible #############################
[INFO] [1788359553.294962281] [robot_0.robot_supervisor]: ############################# VISIBLE: EV_red_visible #############################
[INFO] [1788359553.894126448] [robot_0.robot_supervisor]: ############################# VISIBLE: EV_green_visible #############################
[INFO] [1788359553.894332863] [robot_0.robot_supervisor]: ############################# VISIBLE: EV_red_visible #############################
[INFO] [1788359554.194541605] [robot_0.robot_supervisor]: ############################# VISIBLE: EV_green_visible #############################
[INFO] [1788359554.194974801] [robot_0.robot_supervisor]: ############################# VISIBLE: EV_red_visible #############################
[INFO] [1788359554.794597548] [robot_0.robot_supervisor]: ############################# VISIBLE: EV_green_visible #############################
[INFO] [1788359554.795078480] [robot_0.robot_supervisor]: ############################# VISIBLE: EV_red_visible #############################
[INFO] [1788359555.394333767] [robot_0.robot_supervisor]: ############################# VISIBLE: EV_green_visible #############################
[INFO] [1788359555.394635309] [robot_0.robot_supervisor]: ############################# VISIBLE: EV_red_visible #############################
[INFO] [1788359555.694639539] [robot_0.robot_supervisor]: ############################# VISIBLE: EV_green_visible #############################
[INFO] [1788359555.695139309] [robot_0.robot_supervisor]: ############################# VISIBLE: EV_red_visible #############################
[INFO] [1788359556.294322290] [robot_0.robot_supervisor]: ############################# VISIBLE: EV_green_visible #############################
[INFO] [1788359556.294658363] [robot_0.robot_supervisor]: ############################# VISIBLE: EV_red_visible #############################
[INFO] [1788359556.894246866] [robot_0.robot_supervisor]: ############################# VISIBLE: EV_green_visible #############################
[INFO] [1788359556.894652572] [robot_0.robot_supervisor]: ############################# VISIBLE: EV_red_visible #############################
[INFO] [1788359557.194581562] [robot_0.robot_supervisor]: ############################# VISIBLE: EV_green_visible #############################
[INFO] [1788359557.195083908] [robot_0.robot_supervisor]: ############################# VISIBLE: EV_red_visible #############################
[INFO] [1788359557.794281045] [robot_0.robot_supervisor]: ############################# VISIBLE: EV_green_visible #############################
[INFO] [1788359557.794601641] [robot_0.robot_supervisor]: ############################# VISIBLE: EV_red_visible #############################
[INFO] [1788359558.394328614] [robot_0.robot_supervisor]: ############################# VISIBLE: EV_green_visible #############################
[INFO] [1788359558.394805288] [robot_0.robot_supervisor]: ############################# VISIBLE: EV_red_visible #############################
[INFO] [1788359558.694304491] [robot_0.robot_supervisor]: ############################# VISIBLE: EV_red_visible #############################
[INFO] [1788359559.294229670] [robot_0.robot_supervisor]: ############################# VISIBLE: EV_red_visible #############################
[INFO] [1788359559.894639505] [robot_0.robot_supervisor]: ############################# VISIBLE: EV_red_visible #############################
[INFO] [1788359560.194638481] [robot_0.robot_supervisor]: ############################# VISIBLE: EV_red_visible #############################
[INFO] [1788359560.794304403] [robot_0.robot_supervisor]: ############################# VISIBLE: EV_red_visible #############################
[INFO] [1788359561.394258927] [robot_0.robot_supervisor]: ############################# VISIBLE: EV_red_visible #############################
[INFO] [1788359561.694345462] [robot_0.robot_supervisor]: ############################# VISIBLE: EV_red_visible #############################
[INFO] [1788359562.294237976] [robot_0.robot_supervisor]: ############################# VISIBLE: EV_red_visible #############################
[INFO] [1788359562.894657114] [robot_0.robot_supervisor]: ############################# VISIBLE: EV_red_visible #############################
[INFO] [1788359563.194621812] [robot_0.robot_supervisor]: ############################# VISIBLE: EV_red_visible #############################
[INFO] [1788359563.794437732] [robot_0.robot_supervisor]: ############################# VISIBLE: EV_red_visible #############################
[INFO] [1788359564.394722921] [robot_0.robot_supervisor]: ############################# VISIBLE: EV_red_visible #############################
[INFO] [1788359564.694654709] [robot_0.robot_supervisor]: ############################# VISIBLE: EV_red_visible #############################
[INFO] [1788359565.294298072] [robot_0.robot_supervisor]: ############################# VISIBLE: EV_red_visible #############################
[INFO] [1788359565.894976883] [robot_0.robot_supervisor]: ############################# VISIBLE: EV_red_visible #############################
[INFO] [1788359566.194279051] [robot_0.robot_supervisor]: ############################# VISIBLE: EV_red_visible #############################
[INFO] [1788359566.794602803] [robot_0.robot_supervisor]: ############################# VISIBLE: EV_red_visible #############################
[INFO] [1788359567.394499675] [robot_0.robot_supervisor]: ############################# VISIBLE: EV_red_visible #############################
[INFO] [1788359567.694562505] [robot_0.robot_supervisor]: ############################# VISIBLE: EV_red_visible #############################
[INFO] [1788359568.294210428] [robot_0.robot_supervisor]: ############################# VISIBLE: EV_red_visible #############################
[INFO] [1788359568.894596932] [robot_0.robot_supervisor]: ############################# VISIBLE: EV_red_visible #############################
[INFO] [1788359569.194174495] [robot_0.robot_supervisor]: ############################# VISIBLE: EV_red_visible #############################
[INFO] [1788359569.794335375] [robot_0.robot_supervisor]: ############################# VISIBLE: EV_red_visible #############################
[INFO] [1788359570.394271330] [robot_0.robot_supervisor]: ############################# VISIBLE: EV_red_visible #############################
[INFO] [1788359570.694419002] [robot_0.robot_supervisor]: ############################# VISIBLE: EV_red_visible #############################
[INFO] [1788359571.294471345] [robot_0.robot_supervisor]: ############################# VISIBLE: EV_red_visible #############################
[INFO] [1788359571.894407866] [robot_0.robot_supervisor]: ############################# VISIBLE: EV_red_visible #############################
[INFO] [1788359572.194615401] [robot_0.robot_supervisor]: ############################# VISIBLE: EV_red_visible #############################
[INFO] [1788359572.794748520] [robot_0.robot_supervisor]: ############################# VISIBLE: EV_red_visible #############################
[INFO] [1788359573.394758815] [robot_0.robot_supervisor]: ############################# VISIBLE: EV_red_visible #############################
[INFO] [1788359573.694472549] [robot_0.robot_supervisor]: ############################# VISIBLE: EV_red_visible #############################
[INFO] [1788359573.894982953] [robot_0.robot_supervisor]: Starting FULL ROTATE (omega=1.000, have_odom=True, target_rad=3.142, timeout_s=3.500)
[INFO] [1788359577.094189011] [robot_0.robot_supervisor]: FULL ROTATE completed by odom (accum_rad=3.152)
[INFO] [1788359577.294194009] [robot_0.robot_supervisor]: ############################# VISIBLE: EV_blue_visible #############################
[INFO] [1788359577.694451966] [robot_0.robot_supervisor]: ############################# VISIBLE: EV_blue_visible #############################
[INFO] [1788359578.194224806] [robot_0.robot_supervisor]: ############################# VISIBLE: EV_blue_visible #############################
[INFO] [1788359578.694217514] [robot_0.robot_supervisor]: ############################# VISIBLE: EV_blue_visible #############################
[INFO] [1788359579.294506053] [robot_0.robot_supervisor]: ############################# VISIBLE: EV_blue_visible #############################
[INFO] [1788359579.894189301] [robot_0.robot_supervisor]: ############################# VISIBLE: EV_blue_visible #############################
[INFO] [1788359580.194145860] [robot_0.robot_supervisor]: ############################# VISIBLE: EV_green_visible #############################
[INFO] [1788359580.694525274] [robot_0.robot_supervisor]: ############################# VISIBLE: EV_green_visible #############################
[INFO] [1788359581.194162414] [robot_0.robot_supervisor]: ############################# VISIBLE: EV_green_visible #############################
[INFO] [1788359581.794535516] [robot_0.robot_supervisor]: ############################# VISIBLE: EV_green_visible #############################
[INFO] [1788359582.394507886] [robot_0.robot_supervisor]: ############################# VISIBLE: EV_green_visible #############################
[INFO] [1788359582.794211645] [robot_0.robot_supervisor]: ############################# VISIBLE: EV_green_visible #############################
[INFO] [1788359583.294373454] [robot_0.robot_supervisor]: ############################# VISIBLE: EV_green_visible #############################
[INFO] [1788359583.894225568] [robot_0.robot_supervisor]: ############################# VISIBLE: EV_green_visible #############################
[INFO] [1788359584.294231040] [robot_0.robot_supervisor]: ############################# VISIBLE: EV_green_visible #############################
[INFO] [1788359584.894512804] [robot_0.robot_supervisor]: ############################# VISIBLE: EV_green_visible #############################
[INFO] [1788359585.194530187] [robot_0.robot_supervisor]: ############################# VISIBLE: EV_green_visible #############################
[INFO] [1788359585.794487620] [robot_0.robot_supervisor]: ############################# VISIBLE: EV_green_visible #############################
[INFO] [1788359586.294288878] [robot_0.robot_supervisor]: ############################# VISIBLE: EV_green_visible #############################
[INFO] [1788359586.794393738] [robot_0.robot_supervisor]: ############################# VISIBLE: EV_green_visible #############################
[INFO] [1788359586.794712269] [robot_0.robot_supervisor]: ############################# VISIBLE: EV_red_visible #############################
[INFO] [1788359587.394321443] [robot_0.robot_supervisor]: ############################# VISIBLE: EV_green_visible #############################
[INFO] [1788359587.394662857] [robot_0.robot_supervisor]: ############################# VISIBLE: EV_red_visible #############################
[INFO] [1788359587.694209285] [robot_0.robot_supervisor]: ############################# VISIBLE: EV_red_visible #############################
[INFO] [1788359588.294256390] [robot_0.robot_supervisor]: ############################# VISIBLE: EV_red_visible #############################
[INFO] [1788359588.894174013] [robot_0.robot_supervisor]: ############################# VISIBLE: EV_red_visible #############################
[INFO] [1788359589.194450817] [robot_0.robot_supervisor]: ############################# VISIBLE: EV_red_visible #############################
[INFO] [1788359589.794214197] [robot_0.robot_supervisor]: ############################# VISIBLE: EV_red_visible #############################
[INFO] [1788359590.394212593] [robot_0.robot_supervisor]: ############################# VISIBLE: EV_red_visible #############################
[INFO] [1788359590.694212283] [robot_0.robot_supervisor]: ############################# VISIBLE: EV_red_visible #############################
[INFO] [1788359591.294239827] [robot_0.robot_supervisor]: Reached red; progress: 1/3 colors
[INFO] [1788359591.294696173] [robot_0.robot_supervisor]: ############################# REACHED: EV_red_reached #############################
[INFO] [1788359591.694336568] [robot_0.robot_supervisor]: ############################# REACHED: EV_red_reached #############################
[INFO] [1788359592.294261914] [robot_0.robot_supervisor]: ############################# REACHED: EV_red_reached #############################
[INFO] [1788359592.694521868] [robot_0.robot_supervisor]: ############################# REACHED: EV_red_reached #############################
[INFO] [1788359592.695182741] [robot_0.robot_supervisor]: Starting FULL ROTATE (omega=1.000, have_odom=True, target_rad=3.142, timeout_s=3.500)
[INFO] [1788359595.894241505] [robot_0.robot_supervisor]: FULL ROTATE completed by odom (accum_rad=3.200)
[INFO] [1788359596.094234941] [robot_0.robot_supervisor]: ############################# REACHED: EV_red_reached #############################
[INFO] [1788359596.094489735] [robot_0.robot_supervisor]: ############################# VISIBLE: EV_blue_visible #############################
[INFO] [1788359596.294188489] [robot_0.robot_supervisor]: ############################# VISIBLE: EV_green_visible #############################
[INFO] [1788359596.294453809] [robot_0.robot_supervisor]: ############################# REACHED: EV_red_reached #############################
[INFO] [1788359596.294801704] [robot_0.robot_supervisor]: ############################# VISIBLE: EV_blue_visible #############################
[INFO] [1788359596.894187606] [robot_0.robot_supervisor]: ############################# VISIBLE: EV_green_visible #############################
[INFO] [1788359596.894447478] [robot_0.robot_supervisor]: ############################# REACHED: EV_red_reached #############################
[INFO] [1788359596.894679183] [robot_0.robot_supervisor]: ############################# VISIBLE: EV_blue_visible #############################
[INFO] [1788359597.194189032] [robot_0.robot_supervisor]: ############################# VISIBLE: EV_green_visible #############################
[INFO] [1788359597.194475094] [robot_0.robot_supervisor]: ############################# REACHED: EV_red_reached #############################
[INFO] [1788359597.794213599] [robot_0.robot_supervisor]: ############################# VISIBLE: EV_green_visible #############################
[INFO] [1788359597.794509154] [robot_0.robot_supervisor]: ############################# REACHED: EV_red_reached #############################
[INFO] [1788359598.394517089] [robot_0.robot_supervisor]: ############################# VISIBLE: EV_green_visible #############################
[INFO] [1788359598.694182271] [robot_0.robot_supervisor]: ############################# VISIBLE: EV_green_visible #############################
[INFO] [1788359599.294461189] [robot_0.robot_supervisor]: ############################# VISIBLE: EV_green_visible #############################
[INFO] [1788359599.894221269] [robot_0.robot_supervisor]: ############################# VISIBLE: EV_green_visible #############################
[INFO] [1788359600.194170310] [robot_0.robot_supervisor]: ############################# VISIBLE: EV_green_visible #############################
[INFO] [1788359600.794190345] [robot_0.robot_supervisor]: ############################# VISIBLE: EV_green_visible #############################
[INFO] [1788359601.094113134] [robot_0.robot_supervisor]: ############################# VISIBLE: EV_green_visible #############################
[INFO] [1788359601.694182720] [robot_0.robot_supervisor]: ############################# VISIBLE: EV_green_visible #############################
[INFO] [1788359601.694668310] [robot_0.robot_supervisor]: Starting FULL ROTATE (omega=1.000, have_odom=True, target_rad=3.142, timeout_s=3.500)
[INFO] [1788359605.094542788] [robot_0.robot_supervisor]: FULL ROTATE completed by odom (accum_rad=3.183)
[INFO] [1788359605.394507029] [robot_0.robot_supervisor]: ############################# VISIBLE: EV_red_visible #############################
[INFO] [1788359605.694171176] [robot_0.robot_supervisor]: ############################# VISIBLE: EV_red_visible #############################
[INFO] [1788359606.394234701] [robot_0.robot_supervisor]: ############################# VISIBLE: EV_red_visible #############################
[INFO] [1788359606.794489560] [robot_0.robot_supervisor]: ############################# VISIBLE: EV_red_visible #############################
[INFO] [1788359607.294195300] [robot_0.robot_supervisor]: ############################# VISIBLE: EV_red_visible #############################
[INFO] [1788359607.694460970] [robot_0.robot_supervisor]: ############################# VISIBLE: EV_red_visible #############################
[INFO] [1788359607.694905270] [robot_0.robot_supervisor]: ############################# VISIBLE: EV_blue_visible #############################
[INFO] [1788359608.394456014] [robot_0.robot_supervisor]: ############################# VISIBLE: EV_red_visible #############################
[INFO] [1788359608.394897662] [robot_0.robot_supervisor]: ############################# VISIBLE: EV_blue_visible #############################
[INFO] [1788359608.694483861] [robot_0.robot_supervisor]: ############################# VISIBLE: EV_red_visible #############################
[INFO] [1788359608.694902390] [robot_0.robot_supervisor]: ############################# VISIBLE: EV_blue_visible #############################
[INFO] [1788359609.194213087] [robot_0.robot_supervisor]: ############################# VISIBLE: EV_blue_visible #############################
[INFO] [1788359609.694217767] [robot_0.robot_supervisor]: ############################# VISIBLE: EV_blue_visible #############################
[INFO] [1788359610.294232931] [robot_0.robot_supervisor]: ############################# VISIBLE: EV_blue_visible #############################
[INFO] [1788359610.594330634] [robot_0.robot_supervisor]: ############################# VISIBLE: EV_blue_visible #############################
[INFO] [1788359611.194225245] [robot_0.robot_supervisor]: ############################# VISIBLE: EV_blue_visible #############################
[INFO] [1788359611.794468129] [robot_0.robot_supervisor]: ############################# VISIBLE: EV_blue_visible #############################
[INFO] [1788359612.294572159] [robot_0.robot_supervisor]: ############################# VISIBLE: EV_blue_visible #############################
[INFO] [1788359612.694189893] [robot_0.robot_supervisor]: ############################# VISIBLE: EV_blue_visible #############################
[INFO] [1788359613.294239621] [robot_0.robot_supervisor]: ############################# VISIBLE: EV_blue_visible #############################
[INFO] [1788359613.694452740] [robot_0.robot_supervisor]: ############################# VISIBLE: EV_green_visible #############################
[INFO] [1788359614.294233011] [robot_0.robot_supervisor]: ############################# VISIBLE: EV_green_visible #############################
[INFO] [1788359614.894188341] [robot_0.robot_supervisor]: ############################# VISIBLE: EV_green_visible #############################
[INFO] [1788359615.194353578] [robot_0.robot_supervisor]: ############################# VISIBLE: EV_green_visible #############################
[INFO] [1788359615.794542116] [robot_0.robot_supervisor]: ############################# VISIBLE: EV_green_visible #############################
[INFO] [1788359616.394574851] [robot_0.robot_supervisor]: ############################# VISIBLE: EV_green_visible #############################
[INFO] [1788359616.594303317] [robot_0.robot_supervisor]: Starting FULL ROTATE (omega=1.000, have_odom=True, target_rad=3.142, timeout_s=3.500)
[INFO] [1788359620.094247853] [robot_0.robot_supervisor]: FULL ROTATE completed by odom (accum_rad=3.166)
[INFO] [1788359620.394305365] [robot_0.robot_supervisor]: ############################# VISIBLE: EV_red_visible #############################
[INFO] [1788359620.794237021] [robot_0.robot_supervisor]: ############################# VISIBLE: EV_red_visible #############################
[INFO] [1788359621.294213096] [robot_0.robot_supervisor]: ############################# VISIBLE: EV_red_visible #############################
[INFO] [1788359621.794160539] [robot_0.robot_supervisor]: ############################# VISIBLE: EV_red_visible #############################
[INFO] [1788359621.794421579] [robot_0.robot_supervisor]: ############################# VISIBLE: EV_blue_visible #############################
[INFO] [1788359622.294508993] [robot_0.robot_supervisor]: ############################# VISIBLE: EV_red_visible #############################
[INFO] [1788359622.294961207] [robot_0.robot_supervisor]: ############################# VISIBLE: EV_blue_visible #############################
[INFO] [1788359622.794175052] [robot_0.robot_supervisor]: ############################# VISIBLE: EV_red_visible #############################
[INFO] [1788359622.794421825] [robot_0.robot_supervisor]: ############################# VISIBLE: EV_blue_visible #############################
[INFO] [1788359623.294288197] [robot_0.robot_supervisor]: ############################# VISIBLE: EV_blue_visible #############################
[INFO] [1788359623.794538871] [robot_0.robot_supervisor]: ############################# VISIBLE: EV_blue_visible #############################
[INFO] [1788359624.394409246] [robot_0.robot_supervisor]: ############################# VISIBLE: EV_blue_visible #############################
[INFO] [1788359624.694475016] [robot_0.robot_supervisor]: ############################# VISIBLE: EV_blue_visible #############################
[INFO] [1788359625.394457405] [robot_0.robot_supervisor]: ############################# VISIBLE: EV_blue_visible #############################
[INFO] [1788359625.694487306] [robot_0.robot_supervisor]: ############################# VISIBLE: EV_blue_visible #############################
[INFO] [1788359626.094145543] [robot_0.robot_supervisor]: ############################# VISIBLE: EV_blue_visible #############################
[INFO] [1788359626.594078793] [robot_0.robot_supervisor]: ############################# VISIBLE: EV_blue_visible #############################
[INFO] [1788359627.094342408] [robot_0.robot_supervisor]: ############################# VISIBLE: EV_blue_visible #############################
[INFO] [1788359627.794685487] [robot_0.robot_supervisor]: Starting FULL ROTATE (omega=1.000, have_odom=True, target_rad=3.142, timeout_s=3.500)
[INFO] [1788359630.994252313] [robot_0.robot_supervisor]: FULL ROTATE completed by odom (accum_rad=3.200)
[INFO] [1788359631.194501250] [robot_0.robot_supervisor]: ############################# VISIBLE: EV_green_visible #############################
[INFO] [1788359631.194961016] [robot_0.robot_supervisor]: ############################# VISIBLE: EV_red_visible #############################
[INFO] [1788359631.794533963] [robot_0.robot_supervisor]: ############################# VISIBLE: EV_green_visible #############################
[INFO] [1788359631.794998510] [robot_0.robot_supervisor]: ############################# VISIBLE: EV_red_visible #############################
[INFO] [1788359632.094128582] [robot_0.robot_supervisor]: ############################# VISIBLE: EV_red_visible #############################
[INFO] [1788359632.594385777] [robot_0.robot_supervisor]: ############################# VISIBLE: EV_red_visible #############################
[INFO] [1788359633.194208910] [robot_0.robot_supervisor]: ############################# VISIBLE: EV_red_visible #############################
[INFO] [1788359633.694450509] [robot_0.robot_supervisor]: ############################# VISIBLE: EV_red_visible #############################
[INFO] [1788359634.294235680] [robot_0.robot_supervisor]: ############################# VISIBLE: EV_red_visible #############################
[INFO] [1788359634.894549243] [robot_0.robot_supervisor]: ############################# VISIBLE: EV_red_visible #############################
[INFO] [1788359635.194148885] [robot_0.robot_supervisor]: ############################# VISIBLE: EV_red_visible #############################
[INFO] [1788359635.694336944] [robot_0.robot_supervisor]: ############################# VISIBLE: EV_red_visible #############################
[INFO] [1788359636.194285219] [robot_0.robot_supervisor]: ############################# VISIBLE: EV_red_visible #############################
[INFO] [1788359636.794268489] [robot_0.robot_supervisor]: ############################# VISIBLE: EV_red_visible #############################
[INFO] [1788359637.294316975] [robot_0.robot_supervisor]: ############################# VISIBLE: EV_red_visible #############################
[INFO] [1788359637.694460373] [robot_0.robot_supervisor]: ############################# VISIBLE: EV_red_visible #############################
[INFO] [1788359638.794519056] [robot_0.robot_supervisor]: ############################# VISIBLE: EV_blue_visible #############################
[INFO] [1788359639.294593336] [robot_0.robot_supervisor]: ############################# VISIBLE: EV_blue_visible #############################
[INFO] [1788359639.894266235] [robot_0.robot_supervisor]: ############################# VISIBLE: EV_blue_visible #############################
[INFO] [1788359640.294239454] [robot_0.robot_supervisor]: ############################# VISIBLE: EV_blue_visible #############################
[INFO] [1788359640.894248035] [robot_0.robot_supervisor]: ############################# VISIBLE: EV_blue_visible #############################
[INFO] [1788359641.294461663] [robot_0.robot_supervisor]: ############################# VISIBLE: EV_blue_visible #############################
[INFO] [1788359641.694537840] [robot_0.robot_supervisor]: ############################# VISIBLE: EV_blue_visible #############################
[INFO] [1788359642.194542443] [robot_0.robot_supervisor]: ############################# VISIBLE: EV_blue_visible #############################
[INFO] [1788359642.794223233] [robot_0.robot_supervisor]: ############################# VISIBLE: EV_blue_visible #############################
[INFO] [1788359643.394489569] [robot_0.robot_supervisor]: ############################# VISIBLE: EV_blue_visible #############################
[INFO] [1788359643.694475465] [robot_0.robot_supervisor]: ############################# VISIBLE: EV_green_visible #############################
[INFO] [1788359644.294231927] [robot_0.robot_supervisor]: ############################# VISIBLE: EV_green_visible #############################
[INFO] [1788359644.894481683] [robot_0.robot_supervisor]: ############################# VISIBLE: EV_green_visible #############################
[INFO] [1788359645.194456267] [robot_0.robot_supervisor]: ############################# VISIBLE: EV_green_visible #############################
[INFO] [1788359645.794204114] [robot_0.robot_supervisor]: ############################# VISIBLE: EV_green_visible #############################
[INFO] [1788359646.394235056] [robot_0.robot_supervisor]: ############################# VISIBLE: EV_green_visible #############################
[INFO] [1788359646.694209261] [robot_0.robot_supervisor]: ############################# VISIBLE: EV_green_visible #############################
[INFO] [1788359647.294206221] [robot_0.robot_supervisor]: ############################# VISIBLE: EV_green_visible #############################
[INFO] [1788359647.894204111] [robot_0.robot_supervisor]: ############################# VISIBLE: EV_green_visible #############################
[INFO] [1788359648.194306151] [robot_0.robot_supervisor]: ############################# VISIBLE: EV_green_visible #############################
[INFO] [1788359648.794167277] [robot_0.robot_supervisor]: ############################# VISIBLE: EV_green_visible #############################
[INFO] [1788359649.394543426] [robot_0.robot_supervisor]: ############################# VISIBLE: EV_green_visible #############################
[INFO] [1788359649.694192502] [robot_0.robot_supervisor]: ############################# VISIBLE: EV_green_visible #############################
[INFO] [1788359650.294490703] [robot_0.robot_supervisor]: ############################# VISIBLE: EV_green_visible #############################
[INFO] [1788359650.594346349] [robot_0.robot_supervisor]: ############################# VISIBLE: EV_green_visible #############################
[INFO] [1788359651.194206608] [robot_0.robot_supervisor]: ############################# VISIBLE: EV_green_visible #############################
[INFO] [1788359651.794209601] [robot_0.robot_supervisor]: ############################# VISIBLE: EV_green_visible #############################
[INFO] [1788359652.394539260] [robot_0.robot_supervisor]: ############################# VISIBLE: EV_green_visible #############################
[INFO] [1788359652.694442936] [robot_0.robot_supervisor]: ############################# VISIBLE: EV_green_visible #############################
[INFO] [1788359653.294290691] [robot_0.robot_supervisor]: Reached green; progress: 2/3 colors
[INFO] [1788359653.294876492] [robot_0.robot_supervisor]: ############################# REACHED: EV_green_reached #############################
[INFO] [1788359653.694238735] [robot_0.robot_supervisor]: ############################# REACHED: EV_green_reached #############################
[INFO] [1788359654.294238148] [robot_0.robot_supervisor]: ############################# REACHED: EV_green_reached #############################
[INFO] [1788359654.294709698] [robot_0.robot_supervisor]: Starting FULL ROTATE (omega=1.000, have_odom=True, target_rad=3.142, timeout_s=3.500)
[INFO] [1788359657.694472070] [robot_0.robot_supervisor]: FULL ROTATE completed by odom (accum_rad=3.188)
[INFO] [1788359657.994552197] [robot_0.robot_supervisor]: ############################# REACHED: EV_green_reached #############################
[INFO] [1788359657.994928011] [robot_0.robot_supervisor]: ############################# VISIBLE: EV_red_visible #############################
[INFO] [1788359658.294225955] [robot_0.robot_supervisor]: ############################# REACHED: EV_green_reached #############################
[INFO] [1788359658.294537737] [robot_0.robot_supervisor]: ############################# VISIBLE: EV_red_visible #############################
[INFO] [1788359658.294933510] [robot_0.robot_supervisor]: ############################# VISIBLE: EV_blue_visible #############################
[INFO] [1788359658.894511267] [robot_0.robot_supervisor]: ############################# REACHED: EV_green_reached #############################
[INFO] [1788359658.894992839] [robot_0.robot_supervisor]: ############################# VISIBLE: EV_red_visible #############################
[INFO] [1788359658.895386842] [robot_0.robot_supervisor]: ############################# VISIBLE: EV_blue_visible #############################
[INFO] [1788359659.194163948] [robot_0.robot_supervisor]: ############################# REACHED: EV_green_reached #############################
[INFO] [1788359659.194420511] [robot_0.robot_supervisor]: ############################# VISIBLE: EV_red_visible #############################
[INFO] [1788359659.194710928] [robot_0.robot_supervisor]: ############################# VISIBLE: EV_blue_visible #############################
[INFO] [1788359659.794201061] [robot_0.robot_supervisor]: ############################# VISIBLE: EV_blue_visible #############################
[INFO] [1788359660.394245037] [robot_0.robot_supervisor]: ############################# VISIBLE: EV_blue_visible #############################
[INFO] [1788359660.694459740] [robot_0.robot_supervisor]: ############################# VISIBLE: EV_blue_visible #############################
[INFO] [1788359661.294470480] [robot_0.robot_supervisor]: ############################# VISIBLE: EV_blue_visible #############################
[INFO] [1788359661.894295898] [robot_0.robot_supervisor]: ############################# VISIBLE: EV_blue_visible #############################
[INFO] [1788359662.194200078] [robot_0.robot_supervisor]: ############################# VISIBLE: EV_blue_visible #############################
[INFO] [1788359662.794470678] [robot_0.robot_supervisor]: ############################# VISIBLE: EV_blue_visible #############################
[INFO] [1788359663.394178132] [robot_0.robot_supervisor]: ############################# VISIBLE: EV_blue_visible #############################
[INFO] [1788359663.694246196] [robot_0.robot_supervisor]: ############################# VISIBLE: EV_blue_visible #############################
[INFO] [1788359664.294500382] [robot_0.robot_supervisor]: ############################# VISIBLE: EV_blue_visible #############################
[INFO] [1788359664.894471136] [robot_0.robot_supervisor]: ############################# VISIBLE: EV_blue_visible #############################
[INFO] [1788359665.194485061] [robot_0.robot_supervisor]: ############################# VISIBLE: EV_blue_visible #############################
[INFO] [1788359665.794508153] [robot_0.robot_supervisor]: ############################# VISIBLE: EV_blue_visible #############################
[INFO] [1788359666.394528564] [robot_0.robot_supervisor]: ############################# VISIBLE: EV_blue_visible #############################
[INFO] [1788359666.694328256] [robot_0.robot_supervisor]: ############################# VISIBLE: EV_blue_visible #############################
[INFO] [1788359667.294480460] [robot_0.robot_supervisor]: ############################# VISIBLE: EV_blue_visible #############################
[INFO] [1788359667.894275937] [robot_0.robot_supervisor]: ############################# VISIBLE: EV_blue_visible #############################
[INFO] [1788359668.194221367] [robot_0.robot_supervisor]: ############################# VISIBLE: EV_blue_visible #############################
[INFO] [1788359668.794169332] [robot_0.robot_supervisor]: ############################# VISIBLE: EV_blue_visible #############################
[INFO] [1788359669.394361224] [robot_0.robot_supervisor]: ############################# VISIBLE: EV_blue_visible #############################
[INFO] [1788359669.694322816] [robot_0.robot_supervisor]: ############################# VISIBLE: EV_blue_visible #############################
[INFO] [1788359670.294461024] [robot_0.robot_supervisor]: ############################# VISIBLE: EV_blue_visible #############################
[INFO] [1788359670.894525794] [robot_0.robot_supervisor]: ############################# VISIBLE: EV_blue_visible #############################
[INFO] [1788359671.194219751] [robot_0.robot_supervisor]: ############################# VISIBLE: EV_blue_visible #############################
[INFO] [1788359671.794283999] [robot_0.robot_supervisor]: ############################# VISIBLE: EV_blue_visible #############################
[INFO] [1788359672.394516200] [robot_0.robot_supervisor]: ############################# VISIBLE: EV_blue_visible #############################
[INFO] [1788359672.694131682] [robot_0.robot_supervisor]: ############################# VISIBLE: EV_blue_visible #############################
[INFO] [1788359673.294301087] [robot_0.robot_supervisor]: ############################# VISIBLE: EV_blue_visible #############################
[INFO] [1788359673.894554726] [robot_0.robot_supervisor]: ############################# VISIBLE: EV_blue_visible #############################
[INFO] [1788359674.194425355] [robot_0.robot_supervisor]: ############################# VISIBLE: EV_blue_visible #############################
[INFO] [1788359674.594459272] [robot_0.robot_supervisor]: Starting FULL ROTATE (omega=1.000, have_odom=True, target_rad=3.142, timeout_s=3.500)
[INFO] [1788359678.094203161] [robot_0.robot_supervisor]: FULL ROTATE completed by odom (accum_rad=3.165)
[INFO] [1788359678.294232175] [robot_0.robot_supervisor]: ############################# VISIBLE: EV_blue_visible #############################
[INFO] [1788359679.194100824] [robot_0.robot_supervisor]: ############################# VISIBLE: EV_green_visible #############################
[INFO] [1788359679.694420809] [robot_0.robot_supervisor]: ############################# VISIBLE: EV_green_visible #############################
[INFO] [1788359680.194209300] [robot_0.robot_supervisor]: ############################# VISIBLE: EV_green_visible #############################
[INFO] [1788359680.794212968] [robot_0.robot_supervisor]: ############################# VISIBLE: EV_green_visible #############################
[INFO] [1788359681.294182887] [robot_0.robot_supervisor]: ############################# VISIBLE: EV_green_visible #############################
[INFO] [1788359681.594069070] [robot_0.robot_supervisor]: ############################# VISIBLE: EV_green_visible #############################
[INFO] [1788359682.094242139] [robot_0.robot_supervisor]: ############################# VISIBLE: EV_green_visible #############################
[INFO] [1788359682.594221074] [robot_0.robot_supervisor]: ############################# VISIBLE: EV_green_visible #############################
[INFO] [1788359683.394514863] [robot_0.robot_supervisor]: ############################# VISIBLE: EV_green_visible #############################
[INFO] [1788359683.394963982] [robot_0.robot_supervisor]: ############################# VISIBLE: EV_red_visible #############################
[INFO] [1788359683.894571817] [robot_0.robot_supervisor]: ############################# VISIBLE: EV_green_visible #############################
[INFO] [1788359683.895039255] [robot_0.robot_supervisor]: ############################# VISIBLE: EV_red_visible #############################
[INFO] [1788359684.294463920] [robot_0.robot_supervisor]: ############################# VISIBLE: EV_green_visible #############################
[INFO] [1788359684.294893187] [robot_0.robot_supervisor]: ############################# VISIBLE: EV_red_visible #############################
[INFO] [1788359684.794235558] [robot_0.robot_supervisor]: ############################# VISIBLE: EV_green_visible #############################
[INFO] [1788359684.794536241] [robot_0.robot_supervisor]: ############################# VISIBLE: EV_red_visible #############################
[INFO] [1788359685.394510178] [robot_0.robot_supervisor]: ############################# VISIBLE: EV_green_visible #############################
[INFO] [1788359685.395063269] [robot_0.robot_supervisor]: ############################# VISIBLE: EV_red_visible #############################
[INFO] [1788359685.694186817] [robot_0.robot_supervisor]: ############################# VISIBLE: EV_green_visible #############################
[INFO] [1788359685.694467523] [robot_0.robot_supervisor]: ############################# VISIBLE: EV_red_visible #############################
[INFO] [1788359686.294160395] [robot_0.robot_supervisor]: ############################# VISIBLE: EV_red_visible #############################
[INFO] [1788359686.594265606] [robot_0.robot_supervisor]: ############################# VISIBLE: EV_red_visible #############################
[INFO] [1788359687.394438289] [robot_0.robot_supervisor]: ############################# VISIBLE: EV_red_visible #############################
[INFO] [1788359687.694256599] [robot_0.robot_supervisor]: ############################# VISIBLE: EV_red_visible #############################
[INFO] [1788359688.294220530] [robot_0.robot_supervisor]: ############################# VISIBLE: EV_red_visible #############################
[INFO] [1788359688.794468452] [robot_0.robot_supervisor]: ############################# VISIBLE: EV_red_visible #############################
[INFO] [1788359693.294578453] [robot_0.robot_supervisor]: ############################# VISIBLE: EV_blue_visible #############################
[INFO] [1788359693.894291245] [robot_0.robot_supervisor]: ############################# VISIBLE: EV_blue_visible #############################
[INFO] [1788359694.194233066] [robot_0.robot_supervisor]: ############################# VISIBLE: EV_blue_visible #############################
[INFO] [1788359694.794487812] [robot_0.robot_supervisor]: ############################# VISIBLE: EV_blue_visible #############################
[INFO] [1788359695.394186088] [robot_0.robot_supervisor]: ############################# VISIBLE: EV_blue_visible #############################
[INFO] [1788359695.894347293] [robot_0.robot_supervisor]: ############################# VISIBLE: EV_blue_visible #############################
[INFO] [1788359696.294242557] [robot_0.robot_supervisor]: ############################# VISIBLE: EV_blue_visible #############################
[INFO] [1788359696.794457224] [robot_0.robot_supervisor]: ############################# VISIBLE: EV_blue_visible #############################
[INFO] [1788359696.795147482] [robot_0.robot_supervisor]: Starting FULL ROTATE (omega=1.000, have_odom=True, target_rad=3.142, timeout_s=3.500)
[INFO] [1788359699.994312325] [robot_0.robot_supervisor]: FULL ROTATE completed by odom (accum_rad=3.152)
[INFO] [1788359700.194595867] [robot_0.robot_supervisor]: ############################# VISIBLE: EV_green_visible #############################
[INFO] [1788359700.195148615] [robot_0.robot_supervisor]: ############################# VISIBLE: EV_red_visible #############################
[INFO] [1788359700.794324587] [robot_0.robot_supervisor]: ############################# VISIBLE: EV_green_visible #############################
[INFO] [1788359700.794667352] [robot_0.robot_supervisor]: ############################# VISIBLE: EV_red_visible #############################
[INFO] [1788359701.194378531] [robot_0.robot_supervisor]: ############################# VISIBLE: EV_green_visible #############################
[INFO] [1788359701.194778538] [robot_0.robot_supervisor]: ############################# VISIBLE: EV_red_visible #############################
[INFO] [1788359701.794660201] [robot_0.robot_supervisor]: ############################# VISIBLE: EV_green_visible #############################
[INFO] [1788359701.795208961] [robot_0.robot_supervisor]: ############################# VISIBLE: EV_red_visible #############################
[INFO] [1788359702.294282888] [robot_0.robot_supervisor]: ############################# VISIBLE: EV_red_visible #############################
[INFO] [1788359702.894626720] [robot_0.robot_supervisor]: ############################# VISIBLE: EV_red_visible #############################
[INFO] [1788359703.194511638] [robot_0.robot_supervisor]: ############################# VISIBLE: EV_red_visible #############################
[INFO] [1788359707.294628268] [robot_0.robot_supervisor]: ############################# VISIBLE: EV_blue_visible #############################
[INFO] [1788359707.495254266] [robot_0.robot_supervisor]: Starting FULL ROTATE (omega=1.000, have_odom=True, target_rad=3.142, timeout_s=3.500)
[INFO] [1788359710.994211495] [robot_0.robot_supervisor]: FULL ROTATE completed by odom (accum_rad=3.182)
[INFO] [1788359711.294230616] [robot_0.robot_supervisor]: ############################# VISIBLE: EV_green_visible #############################
[INFO] [1788359711.294528390] [robot_0.robot_supervisor]: ############################# VISIBLE: EV_red_visible #############################
[INFO] [1788359711.794195891] [robot_0.robot_supervisor]: ############################# VISIBLE: EV_green_visible #############################
[INFO] [1788359711.794519458] [robot_0.robot_supervisor]: ############################# VISIBLE: EV_red_visible #############################
[INFO] [1788359712.394597411] [robot_0.robot_supervisor]: ############################# VISIBLE: EV_green_visible #############################
[INFO] [1788359712.395082104] [robot_0.robot_supervisor]: ############################# VISIBLE: EV_red_visible #############################
[INFO] [1788359712.794181236] [robot_0.robot_supervisor]: ############################# VISIBLE: EV_green_visible #############################
[INFO] [1788359712.794439133] [robot_0.robot_supervisor]: ############################# VISIBLE: EV_red_visible #############################
[INFO] [1788359713.394900589] [robot_0.robot_supervisor]: ############################# VISIBLE: EV_red_visible #############################
[INFO] [1788359713.694203601] [robot_0.robot_supervisor]: ############################# VISIBLE: EV_red_visible #############################
[INFO] [1788359714.194143243] [robot_0.robot_supervisor]: ############################# VISIBLE: EV_red_visible #############################
[INFO] [1788359714.694585824] [robot_0.robot_supervisor]: ############################# VISIBLE: EV_red_visible #############################
[INFO] [1788359715.294331431] [robot_0.robot_supervisor]: ############################# VISIBLE: EV_red_visible #############################
[INFO] [1788359715.894672751] [robot_0.robot_supervisor]: ############################# VISIBLE: EV_red_visible #############################
[INFO] [1788359720.294703685] [robot_0.robot_supervisor]: Starting FULL ROTATE (omega=1.000, have_odom=True, target_rad=3.142, timeout_s=3.500)
[INFO] [1788359723.494616014] [robot_0.robot_supervisor]: FULL ROTATE completed by odom (accum_rad=3.200)
[INFO] [1788359723.794338667] [robot_0.robot_supervisor]: ############################# VISIBLE: EV_green_visible #############################
[INFO] [1788359723.794644102] [robot_0.robot_supervisor]: ############################# VISIBLE: EV_blue_visible #############################
[INFO] [1788359724.394271790] [robot_0.robot_supervisor]: ############################# VISIBLE: EV_green_visible #############################
[INFO] [1788359724.394573756] [robot_0.robot_supervisor]: ############################# VISIBLE: EV_red_visible #############################
[INFO] [1788359724.394826555] [robot_0.robot_supervisor]: ############################# VISIBLE: EV_blue_visible #############################
[INFO] [1788359724.694366300] [robot_0.robot_supervisor]: ############################# VISIBLE: EV_green_visible #############################
[INFO] [1788359724.694728511] [robot_0.robot_supervisor]: ############################# VISIBLE: EV_red_visible #############################
[INFO] [1788359724.695003657] [robot_0.robot_supervisor]: ############################# VISIBLE: EV_blue_visible #############################
[INFO] [1788359725.294473367] [robot_0.robot_supervisor]: ############################# VISIBLE: EV_green_visible #############################
[INFO] [1788359725.294918716] [robot_0.robot_supervisor]: ############################# VISIBLE: EV_red_visible #############################
[INFO] [1788359725.694458415] [robot_0.robot_supervisor]: ############################# VISIBLE: EV_green_visible #############################
[INFO] [1788359725.694968356] [robot_0.robot_supervisor]: ############################# VISIBLE: EV_red_visible #############################
[INFO] [1788359726.194134004] [robot_0.robot_supervisor]: ############################# VISIBLE: EV_green_visible #############################
[INFO] [1788359726.194514303] [robot_0.robot_supervisor]: ############################# VISIBLE: EV_red_visible #############################
[INFO] [1788359726.694425363] [robot_0.robot_supervisor]: ############################# VISIBLE: EV_green_visible #############################
[INFO] [1788359727.294447713] [robot_0.robot_supervisor]: ############################# VISIBLE: EV_green_visible #############################
[INFO] [1788359727.694423195] [robot_0.robot_supervisor]: ############################# VISIBLE: EV_green_visible #############################
[INFO] [1788359728.194208829] [robot_0.robot_supervisor]: ############################# VISIBLE: EV_green_visible #############################
[INFO] [1788359728.194585934] [robot_0.robot_supervisor]: ############################# VISIBLE: EV_red_visible #############################
[INFO] [1788359728.794154461] [robot_0.robot_supervisor]: ############################# VISIBLE: EV_green_visible #############################
[INFO] [1788359728.794400780] [robot_0.robot_supervisor]: ############################# VISIBLE: EV_red_visible #############################
[INFO] [1788359729.194132042] [robot_0.robot_supervisor]: ############################# VISIBLE: EV_green_visible #############################
[INFO] [1788359729.194377214] [robot_0.robot_supervisor]: ############################# VISIBLE: EV_red_visible #############################
[INFO] [1788359729.694436535] [robot_0.robot_supervisor]: ############################# VISIBLE: EV_green_visible #############################
[INFO] [1788359729.694864627] [robot_0.robot_supervisor]: ############################# VISIBLE: EV_red_visible #############################
[INFO] [1788359730.194181474] [robot_0.robot_supervisor]: ############################# VISIBLE: EV_green_visible #############################
[INFO] [1788359730.194429004] [robot_0.robot_supervisor]: ############################# VISIBLE: EV_red_visible #############################
[INFO] [1788359730.694192020] [robot_0.robot_supervisor]: ############################# VISIBLE: EV_green_visible #############################
[INFO] [1788359730.694471049] [robot_0.robot_supervisor]: ############################# VISIBLE: EV_red_visible #############################
[INFO] [1788359731.194154322] [robot_0.robot_supervisor]: ############################# VISIBLE: EV_green_visible #############################
[INFO] [1788359731.194409258] [robot_0.robot_supervisor]: ############################# VISIBLE: EV_red_visible #############################
[INFO] [1788359731.894199378] [robot_0.robot_supervisor]: ############################# VISIBLE: EV_red_visible #############################
[INFO] [1788359732.294190821] [robot_0.robot_supervisor]: ############################# VISIBLE: EV_red_visible #############################
[INFO] [1788359732.794149530] [robot_0.robot_supervisor]: ############################# VISIBLE: EV_red_visible #############################
[INFO] [1788359739.495217644] [robot_0.robot_supervisor]: Starting FULL ROTATE (omega=1.000, have_odom=True, target_rad=3.142, timeout_s=3.500)
[INFO] [1788359742.694174947] [robot_0.robot_supervisor]: FULL ROTATE completed by odom (accum_rad=3.152)
[INFO] [1788359742.994152349] [robot_0.robot_supervisor]: ############################# VISIBLE: EV_green_visible #############################
[INFO] [1788359742.994391440] [robot_0.robot_supervisor]: ############################# VISIBLE: EV_red_visible #############################
[INFO] [1788359742.994592891] [robot_0.robot_supervisor]: ############################# VISIBLE: EV_blue_visible #############################
[INFO] [1788359743.294185762] [robot_0.robot_supervisor]: ############################# VISIBLE: EV_green_visible #############################
[INFO] [1788359743.294475944] [robot_0.robot_supervisor]: ############################# VISIBLE: EV_red_visible #############################
[INFO] [1788359743.294816900] [robot_0.robot_supervisor]: ############################# VISIBLE: EV_blue_visible #############################
[INFO] [1788359743.894213926] [robot_0.robot_supervisor]: ############################# VISIBLE: EV_green_visible #############################
[INFO] [1788359743.894479684] [robot_0.robot_supervisor]: ############################# VISIBLE: EV_red_visible #############################
[INFO] [1788359744.194162950] [robot_0.robot_supervisor]: ############################# VISIBLE: EV_green_visible #############################
[INFO] [1788359744.194407689] [robot_0.robot_supervisor]: ############################# VISIBLE: EV_red_visible #############################
[INFO] [1788359744.694190616] [robot_0.robot_supervisor]: ############################# VISIBLE: EV_green_visible #############################
[INFO] [1788359744.694561282] [robot_0.robot_supervisor]: ############################# VISIBLE: EV_red_visible #############################
[INFO] [1788359745.294170080] [robot_0.robot_supervisor]: ############################# VISIBLE: EV_green_visible #############################
[INFO] [1788359745.294417611] [robot_0.robot_supervisor]: ############################# VISIBLE: EV_red_visible #############################
[INFO] [1788359745.794458956] [robot_0.robot_supervisor]: ############################# VISIBLE: EV_green_visible #############################
[INFO] [1788359745.794900789] [robot_0.robot_supervisor]: ############################# VISIBLE: EV_red_visible #############################
[INFO] [1788359746.394489978] [robot_0.robot_supervisor]: ############################# VISIBLE: EV_green_visible #############################
[INFO] [1788359746.394969800] [robot_0.robot_supervisor]: ############################# VISIBLE: EV_red_visible #############################
[INFO] [1788359746.694176484] [robot_0.robot_supervisor]: ############################# VISIBLE: EV_green_visible #############################
[INFO] [1788359746.694509466] [robot_0.robot_supervisor]: ############################# VISIBLE: EV_red_visible #############################
[INFO] [1788359747.394216619] [robot_0.robot_supervisor]: ############################# VISIBLE: EV_green_visible #############################
[INFO] [1788359747.394627070] [robot_0.robot_supervisor]: ############################# VISIBLE: EV_red_visible #############################
[INFO] [1788359747.794477989] [robot_0.robot_supervisor]: ############################# VISIBLE: EV_green_visible #############################
[INFO] [1788359747.794915269] [robot_0.robot_supervisor]: ############################# VISIBLE: EV_red_visible #############################
[INFO] [1788359748.294459005] [robot_0.robot_supervisor]: ############################# VISIBLE: EV_red_visible #############################
[INFO] [1788359748.894145858] [robot_0.robot_supervisor]: ############################# VISIBLE: EV_red_visible #############################
[INFO] [1788359749.294146002] [robot_0.robot_supervisor]: ############################# VISIBLE: EV_red_visible #############################
[INFO] [1788359749.794243514] [robot_0.robot_supervisor]: ############################# VISIBLE: EV_red_visible #############################
[INFO] [1788359752.694625830] [robot_0.robot_supervisor]: Starting FULL ROTATE (omega=1.000, have_odom=True, target_rad=3.142, timeout_s=3.500)
[INFO] [1788359755.894253332] [robot_0.robot_supervisor]: FULL ROTATE completed by odom (accum_rad=3.152)
[INFO] [1788359756.194215864] [robot_0.robot_supervisor]: ############################# VISIBLE: EV_blue_visible #############################
[INFO] [1788359756.794549332] [robot_0.robot_supervisor]: ############################# VISIBLE: EV_green_visible #############################
[INFO] [1788359756.795064725] [robot_0.robot_supervisor]: ############################# VISIBLE: EV_blue_visible #############################
[INFO] [1788359757.394181817] [robot_0.robot_supervisor]: ############################# VISIBLE: EV_green_visible #############################
[INFO] [1788359757.394437711] [robot_0.robot_supervisor]: ############################# VISIBLE: EV_blue_visible #############################
[INFO] [1788359757.694526028] [robot_0.robot_supervisor]: ############################# VISIBLE: EV_green_visible #############################
[INFO] [1788359757.694998337] [robot_0.robot_supervisor]: ############################# VISIBLE: EV_blue_visible #############################
[INFO] [1788359758.294425698] [robot_0.robot_supervisor]: ############################# VISIBLE: EV_green_visible #############################
[INFO] [1788359758.294828553] [robot_0.robot_supervisor]: ############################# VISIBLE: EV_blue_visible #############################
[INFO] [1788359758.894308301] [robot_0.robot_supervisor]: ############################# VISIBLE: EV_green_visible #############################
[INFO] [1788359758.894624556] [robot_0.robot_supervisor]: ############################# VISIBLE: EV_blue_visible #############################
[INFO] [1788359759.194463255] [robot_0.robot_supervisor]: ############################# VISIBLE: EV_blue_visible #############################
[INFO] [1788359759.794477105] [robot_0.robot_supervisor]: ############################# VISIBLE: EV_blue_visible #############################
[INFO] [1788359760.394214655] [robot_0.robot_supervisor]: ############################# VISIBLE: EV_blue_visible #############################
[INFO] [1788359760.694243936] [robot_0.robot_supervisor]: ############################# VISIBLE: EV_blue_visible #############################
[INFO] [1788359761.294247325] [robot_0.robot_supervisor]: ############################# VISIBLE: EV_blue_visible #############################
[INFO] [1788359761.894205096] [robot_0.robot_supervisor]: ############################# VISIBLE: EV_blue_visible #############################
[INFO] [1788359762.194176708] [robot_0.robot_supervisor]: ############################# VISIBLE: EV_blue_visible #############################
[INFO] [1788359762.794169180] [robot_0.robot_supervisor]: ############################# VISIBLE: EV_blue_visible #############################
[INFO] [1788359763.394425695] [robot_0.robot_supervisor]: ############################# VISIBLE: EV_blue_visible #############################
[INFO] [1788359763.694704842] [robot_0.robot_supervisor]: ############################# VISIBLE: EV_blue_visible #############################
[INFO] [1788359764.294478391] [robot_0.robot_supervisor]: ############################# VISIBLE: EV_blue_visible #############################
[INFO] [1788359764.895883324] [robot_0.robot_supervisor]: ############################# VISIBLE: EV_blue_visible #############################
[INFO] [1788359765.494773704] [robot_0.robot_supervisor]: ############################# VISIBLE: EV_blue_visible #############################
[INFO] [1788359765.794633341] [robot_0.robot_supervisor]: ############################# VISIBLE: EV_blue_visible #############################
[INFO] [1788359766.394286896] [robot_0.robot_supervisor]: ############################# VISIBLE: EV_blue_visible #############################
[INFO] [1788359766.694461456] [robot_0.robot_supervisor]: ############################# VISIBLE: EV_blue_visible #############################
[INFO] [1788359767.294878723] [robot_0.robot_supervisor]: ############################# VISIBLE: EV_blue_visible #############################
[INFO] [1788359767.494996427] [robot_0.robot_supervisor]: Starting FULL ROTATE (omega=1.000, have_odom=True, target_rad=3.142, timeout_s=3.500)
[INFO] [1788359770.994519540] [robot_0.robot_supervisor]: FULL ROTATE completed by odom (accum_rad=3.161)
[INFO] [1788359771.194579961] [robot_0.robot_supervisor]: ############################# VISIBLE: EV_green_visible #############################
[INFO] [1788359771.195102681] [robot_0.robot_supervisor]: ############################# VISIBLE: EV_red_visible #############################
[INFO] [1788359771.195507469] [robot_0.robot_supervisor]: ############################# VISIBLE: EV_blue_visible #############################
[INFO] [1788359771.494569336] [robot_0.robot_supervisor]: ############################# VISIBLE: EV_green_visible #############################
[INFO] [1788359771.495020436] [robot_0.robot_supervisor]: ############################# VISIBLE: EV_red_visible #############################
[INFO] [1788359771.994168534] [robot_0.robot_supervisor]: ############################# VISIBLE: EV_green_visible #############################
[INFO] [1788359771.994525531] [robot_0.robot_supervisor]: ############################# VISIBLE: EV_red_visible #############################
[INFO] [1788359772.294469023] [robot_0.robot_supervisor]: ############################# VISIBLE: EV_green_visible #############################
[INFO] [1788359772.294879672] [robot_0.robot_supervisor]: ############################# VISIBLE: EV_red_visible #############################
[INFO] [1788359772.794412557] [robot_0.robot_supervisor]: ############################# VISIBLE: EV_green_visible #############################
[INFO] [1788359772.794815533] [robot_0.robot_supervisor]: ############################# VISIBLE: EV_red_visible #############################
[INFO] [1788359773.394187726] [robot_0.robot_supervisor]: ############################# VISIBLE: EV_red_visible #############################
[INFO] [1788359773.794192395] [robot_0.robot_supervisor]: ############################# VISIBLE: EV_red_visible #############################
[INFO] [1788359774.394448110] [robot_0.robot_supervisor]: ############################# VISIBLE: EV_red_visible #############################
[INFO] [1788359774.694231941] [robot_0.robot_supervisor]: ############################# VISIBLE: EV_red_visible #############################
[INFO] [1788359775.194147924] [robot_0.robot_supervisor]: ############################# VISIBLE: EV_red_visible #############################
[INFO] [1788359780.194437413] [robot_0.robot_supervisor]: ############################# VISIBLE: EV_blue_visible #############################
[INFO] [1788359780.794569882] [robot_0.robot_supervisor]: ############################# VISIBLE: EV_blue_visible #############################
[INFO] [1788359781.394591375] [robot_0.robot_supervisor]: ############################# VISIBLE: EV_blue_visible #############################
[INFO] [1788359781.994569238] [robot_0.robot_supervisor]: ############################# VISIBLE: EV_blue_visible #############################
[INFO] [1788359782.294540348] [robot_0.robot_supervisor]: ############################# VISIBLE: EV_blue_visible #############################
[INFO] [1788359782.894387510] [robot_0.robot_supervisor]: ############################# VISIBLE: EV_blue_visible #############################
[INFO] [1788359783.494245926] [robot_0.robot_supervisor]: ############################# VISIBLE: EV_blue_visible #############################
[INFO] [1788359783.794229360] [robot_0.robot_supervisor]: ############################# VISIBLE: EV_blue_visible #############################
[INFO] [1788359783.794709981] [robot_0.robot_supervisor]: Starting FULL ROTATE (omega=1.000, have_odom=True, target_rad=3.142, timeout_s=3.500)
[INFO] [1788359787.194642270] [robot_0.robot_supervisor]: FULL ROTATE completed by odom (accum_rad=3.143)
[INFO] [1788359787.494558778] [robot_0.robot_supervisor]: ############################# VISIBLE: EV_green_visible #############################
[INFO] [1788359787.495001114] [robot_0.robot_supervisor]: ############################# VISIBLE: EV_red_visible #############################
[INFO] [1788359787.794388371] [robot_0.robot_supervisor]: ############################# VISIBLE: EV_green_visible #############################
[INFO] [1788359787.794895739] [robot_0.robot_supervisor]: ############################# VISIBLE: EV_red_visible #############################
[INFO] [1788359788.294399458] [robot_0.robot_supervisor]: ############################# VISIBLE: EV_green_visible #############################
[INFO] [1788359788.294726617] [robot_0.robot_supervisor]: ############################# VISIBLE: EV_red_visible #############################
[INFO] [1788359788.994232001] [robot_0.robot_supervisor]: ############################# VISIBLE: EV_red_visible #############################
[INFO] [1788359789.294439036] [robot_0.robot_supervisor]: ############################# VISIBLE: EV_red_visible #############################
[INFO] [1788359793.594545150] [robot_0.robot_supervisor]: Starting FULL ROTATE (omega=1.000, have_odom=True, target_rad=3.142, timeout_s=3.500)
[INFO] [1788359796.794538041] [robot_0.robot_supervisor]: FULL ROTATE completed by odom (accum_rad=3.147)
[INFO] [1788359797.094241739] [robot_0.robot_supervisor]: ############################# VISIBLE: EV_green_visible #############################
[INFO] [1788359797.094547982] [robot_0.robot_supervisor]: ############################# VISIBLE: EV_red_visible #############################
[INFO] [1788359797.094778974] [robot_0.robot_supervisor]: ############################# VISIBLE: EV_blue_visible #############################
[INFO] [1788359797.394562998] [robot_0.robot_supervisor]: ############################# VISIBLE: EV_green_visible #############################
[INFO] [1788359797.395006641] [robot_0.robot_supervisor]: ############################# VISIBLE: EV_red_visible #############################
[INFO] [1788359797.395378268] [robot_0.robot_supervisor]: ############################# VISIBLE: EV_blue_visible #############################
[INFO] [1788359797.994485276] [robot_0.robot_supervisor]: ############################# VISIBLE: EV_green_visible #############################
[INFO] [1788359797.994962101] [robot_0.robot_supervisor]: ############################# VISIBLE: EV_red_visible #############################
[INFO] [1788359797.995335954] [robot_0.robot_supervisor]: ############################# VISIBLE: EV_blue_visible #############################
[INFO] [1788359798.294380389] [robot_0.robot_supervisor]: ############################# VISIBLE: EV_green_visible #############################
[INFO] [1788359798.294831451] [robot_0.robot_supervisor]: ############################# VISIBLE: EV_red_visible #############################
[INFO] [1788359798.794600371] [robot_0.robot_supervisor]: ############################# VISIBLE: EV_green_visible #############################
[INFO] [1788359798.795065534] [robot_0.robot_supervisor]: ############################# VISIBLE: EV_red_visible #############################
[INFO] [1788359799.294466308] [robot_0.robot_supervisor]: ############################# VISIBLE: EV_green_visible #############################
[INFO] [1788359799.294931849] [robot_0.robot_supervisor]: ############################# VISIBLE: EV_red_visible #############################
[INFO] [1788359799.694162386] [robot_0.robot_supervisor]: ############################# VISIBLE: EV_green_visible #############################
[INFO] [1788359799.694543650] [robot_0.robot_supervisor]: ############################# VISIBLE: EV_red_visible #############################
[INFO] [1788359800.294556497] [robot_0.robot_supervisor]: ############################# VISIBLE: EV_green_visible #############################
[INFO] [1788359800.295031439] [robot_0.robot_supervisor]: ############################# VISIBLE: EV_red_visible #############################
[INFO] [1788359800.794525847] [robot_0.robot_supervisor]: ############################# VISIBLE: EV_green_visible #############################
[INFO] [1788359800.794971783] [robot_0.robot_supervisor]: ############################# VISIBLE: EV_red_visible #############################
[INFO] [1788359801.494405145] [robot_0.robot_supervisor]: ############################# VISIBLE: EV_green_visible #############################
[INFO] [1788359801.494795528] [robot_0.robot_supervisor]: ############################# VISIBLE: EV_red_visible #############################
[INFO] [1788359801.794553896] [robot_0.robot_supervisor]: ############################# VISIBLE: EV_green_visible #############################
[INFO] [1788359801.794994868] [robot_0.robot_supervisor]: ############################# VISIBLE: EV_red_visible #############################
[INFO] [1788359802.394249941] [robot_0.robot_supervisor]: ############################# VISIBLE: EV_red_visible #############################
[INFO] [1788359802.594323542] [robot_0.robot_supervisor]: Starting FULL ROTATE (omega=1.000, have_odom=True, target_rad=3.142, timeout_s=3.500)
[INFO] [1788359806.094561116] [robot_0.robot_supervisor]: FULL ROTATE completed by timeout
[INFO] [1788359806.394529560] [robot_0.robot_supervisor]: ############################# VISIBLE: EV_blue_visible #############################
[INFO] [1788359806.994546584] [robot_0.robot_supervisor]: ############################# VISIBLE: EV_blue_visible #############################
[INFO] [1788359807.294188342] [robot_0.robot_supervisor]: ############################# VISIBLE: EV_blue_visible #############################
[INFO] [1788359807.894236141] [robot_0.robot_supervisor]: ############################# VISIBLE: EV_blue_visible #############################
[INFO] [1788359808.494400327] [robot_0.robot_supervisor]: ############################# VISIBLE: EV_blue_visible #############################
[INFO] [1788359808.794532327] [robot_0.robot_supervisor]: ############################# VISIBLE: EV_blue_visible #############################
[INFO] [1788359809.394213220] [robot_0.robot_supervisor]: ############################# VISIBLE: EV_blue_visible #############################
[INFO] [1788359809.394667555] [robot_0.robot_supervisor]: Starting FULL ROTATE (omega=1.000, have_odom=True, target_rad=3.142, timeout_s=3.500)
[INFO] [1788359812.794645095] [robot_0.robot_supervisor]: FULL ROTATE completed by odom (accum_rad=3.180)
[INFO] [1788359813.094465888] [robot_0.robot_supervisor]: ############################# VISIBLE: EV_green_visible #############################
[INFO] [1788359813.094803021] [robot_0.robot_supervisor]: ############################# VISIBLE: EV_red_visible #############################
[INFO] [1788359813.394535540] [robot_0.robot_supervisor]: ############################# VISIBLE: EV_green_visible #############################
[INFO] [1788359813.395011635] [robot_0.robot_supervisor]: ############################# VISIBLE: EV_red_visible #############################
[INFO] [1788359813.794517580] [robot_0.robot_supervisor]: ############################# VISIBLE: EV_green_visible #############################
[INFO] [1788359813.794989667] [robot_0.robot_supervisor]: ############################# VISIBLE: EV_red_visible #############################
[INFO] [1788359814.494558069] [robot_0.robot_supervisor]: ############################# VISIBLE: EV_red_visible #############################
[INFO] [1788359816.794366316] [robot_0.robot_supervisor]: Starting FULL ROTATE (omega=1.000, have_odom=True, target_rad=3.142, timeout_s=3.500)
[INFO] [1788359820.194231115] [robot_0.robot_supervisor]: FULL ROTATE completed by odom (accum_rad=3.178)
[INFO] [1788359820.394205372] [robot_0.robot_supervisor]: ############################# VISIBLE: EV_blue_visible #############################
[INFO] [1788359820.694503415] [robot_0.robot_supervisor]: ############################# VISIBLE: EV_green_visible #############################
[INFO] [1788359820.694951927] [robot_0.robot_supervisor]: ############################# VISIBLE: EV_blue_visible #############################
[INFO] [1788359821.294486918] [robot_0.robot_supervisor]: ############################# VISIBLE: EV_green_visible #############################
[INFO] [1788359821.294947156] [robot_0.robot_supervisor]: ############################# VISIBLE: EV_blue_visible #############################
[INFO] [1788359821.894530957] [robot_0.robot_supervisor]: ############################# VISIBLE: EV_green_visible #############################
[INFO] [1788359821.894981064] [robot_0.robot_supervisor]: ############################# VISIBLE: EV_blue_visible #############################
[INFO] [1788359822.494551192] [robot_0.robot_supervisor]: ############################# VISIBLE: EV_green_visible #############################
[INFO] [1788359822.894296968] [robot_0.robot_supervisor]: ############################# VISIBLE: EV_green_visible #############################
[INFO] [1788359823.394164470] [robot_0.robot_supervisor]: ############################# VISIBLE: EV_green_visible #############################
[INFO] [1788359823.894175282] [robot_0.robot_supervisor]: ############################# VISIBLE: EV_green_visible #############################
[INFO] [1788359823.894692266] [robot_0.robot_supervisor]: Starting FULL ROTATE (omega=1.000, have_odom=True, target_rad=3.142, timeout_s=3.500)
[INFO] [1788359827.094396141] [robot_0.robot_supervisor]: FULL ROTATE completed by odom (accum_rad=3.147)
[INFO] [1788359827.294230546] [robot_0.robot_supervisor]: ############################# VISIBLE: EV_red_visible #############################
[INFO] [1788359827.994473248] [robot_0.robot_supervisor]: ############################# VISIBLE: EV_red_visible #############################
[INFO] [1788359832.294193836] [robot_0.robot_supervisor]: ############################# VISIBLE: EV_blue_visible #############################
[INFO] [1788359832.894501339] [robot_0.robot_supervisor]: ############################# VISIBLE: EV_blue_visible #############################
[INFO] [1788359833.494657955] [robot_0.robot_supervisor]: ############################# VISIBLE: EV_blue_visible #############################
[INFO] [1788359833.894409454] [robot_0.robot_supervisor]: ############################# VISIBLE: EV_blue_visible #############################
[INFO] [1788359834.494253577] [robot_0.robot_supervisor]: ############################# VISIBLE: EV_blue_visible #############################
[INFO] [1788359834.794775924] [robot_0.robot_supervisor]: Reached blue; progress: 3/3 colors
[INFO] [1788359834.795576569] [robot_0.robot_supervisor]: All color targets reached in order red, green, blue; final events published.
[INFO] [1788359834.795968672] [robot_0.robot_supervisor]: Completed robot removal is disabled; robot remains stopped.
