[INFO] [1789489731.403745451] [robot_0.robot_supervisor]: Loaded initial mission 'balanced_delivery' from explicit YAML S_20260915_182327.yaml
[INFO] [1789489731.575821642] [robot_0.robot_supervisor]: Selected controllable event: EV_search_object
[INFO] [1789489731.677844505] [robot_0.robot_supervisor]: Selected controllable event: EV_approach_object
[INFO] [1789489731.879974602] [robot_0.robot_supervisor]: Selected controllable event: EV_search_object
[INFO] [1789489732.078630468] [robot_0.robot_supervisor]: Selected controllable event: EV_move_forward
[INFO] [1789489732.377905742] [robot_0.robot_supervisor]: Selected controllable event: EV_search_color
[INFO] [1789489732.479039854] [robot_0.robot_supervisor]: Selected controllable event: EV_approach_object
[INFO] [1789489732.780259763] [robot_0.robot_supervisor]: Selected controllable event: EV_search_color
[INFO] [1789489732.881913078] [robot_0.robot_supervisor]: Selected controllable event: EV_approach_color
[INFO] [1789489733.085421673] [robot_0.robot_supervisor]: Selected controllable event: EV_move_forward
[INFO] [1789489733.378710485] [robot_0.robot_supervisor]: Selected controllable event: EV_search_color
[INFO] [1789489733.575906633] [robot_0.robot_supervisor]: Selected controllable event: EV_move_forward
[INFO] [1789489733.872942559] [robot_0.robot_supervisor]: Selected controllable event: EV_approach_object
[INFO] [1789489734.173541452] [robot_0.robot_supervisor]: Selected controllable event: EV_move_forward
[INFO] [1789489734.473304802] [robot_0.robot_supervisor]: Selected controllable event: EV_search_object
[INFO] [1789489734.673205968] [robot_0.robot_supervisor]: Selected controllable event: EV_search_object
[INFO] [1789489734.873316699] [robot_0.robot_supervisor]: Selected controllable event: EV_search_color
[INFO] [1789489735.073234734] [robot_0.robot_supervisor]: Selected controllable event: EV_move_forward
[INFO] [1789489735.373297827] [robot_0.robot_supervisor]: Selected controllable event: EV_approach_object
[INFO] [1789489735.673423352] [robot_0.robot_supervisor]: Selected controllable event: EV_move_forward
[INFO] [1789489735.973430488] [robot_0.robot_supervisor]: Selected controllable event: EV_move_forward
[INFO] [1789489736.276418470] [robot_0.robot_supervisor]: Selected controllable event: EV_approach_object
[INFO] [1789489736.581112990] [robot_0.robot_supervisor]: Triggered uncontrollable event: EV_obstacle_left
[INFO] [1789489736.583935674] [robot_0.robot_supervisor]: Triggered uncontrollable event: EV_object_not_visible
[INFO] [1789489736.590119099] [robot_0.robot_supervisor]: Selected controllable event: EV_rotate_clockwise
[WARN] [1789489736.601136613] [robot_0.robot_supervisor]: no translation for 5.0s livelock detected; starting atomic escape (turn_sign=-1)
[INFO] [1789489739.098136914] [robot_0.robot_supervisor]: Zone-livelock escape completed
[INFO] [1789489739.379544491] [robot_0.robot_supervisor]: Triggered uncontrollable event: EV_object_not_visible
[INFO] [1789489739.381711500] [robot_0.robot_supervisor]: Selected controllable event: EV_move_forward
[INFO] [1789489739.589205964] [robot_0.robot_supervisor]: Triggered uncontrollable event: EV_object_not_visible
[INFO] [1789489739.589876157] [robot_0.robot_supervisor]: Selected controllable event: EV_search_object
[INFO] [1789489739.785105730] [robot_0.robot_supervisor]: Selected controllable event: EV_search_color
[INFO] [1789489739.985064850] [robot_0.robot_supervisor]: ############################# VISIBLE: EV_object_visible #############################
[INFO] [1789489739.989178631] [robot_0.robot_supervisor]: Selected controllable event: EV_approach_object
[INFO] [1789489740.275729192] [robot_0.robot_supervisor]: Selected controllable event: EV_search_object
[INFO] [1789489740.479965857] [robot_0.robot_supervisor]: Selected controllable event: EV_approach_color
[INFO] [1789489740.781082789] [robot_0.robot_supervisor]: ############################# VISIBLE: EV_object_visible #############################
[INFO] [1789489740.781739787] [robot_0.robot_supervisor]: Selected controllable event: EV_search_color
[INFO] [1789489740.888538857] [robot_0.robot_supervisor]: Selected controllable event: EV_move_forward
[INFO] [1789489741.184293449] [robot_0.robot_supervisor]: ############################# VISIBLE: EV_object_visible #############################
[INFO] [1789489741.184956415] [robot_0.robot_supervisor]: Selected controllable event: EV_search_object
[INFO] [1789489741.385309862] [robot_0.robot_supervisor]: Selected controllable event: EV_move_forward
[INFO] [1789489741.673747082] [robot_0.robot_supervisor]: ############################# VISIBLE: EV_object_visible #############################
[INFO] [1789489741.675489073] [robot_0.robot_supervisor]: Selected controllable event: EV_move_forward
[INFO] [1789489741.985467731] [robot_0.robot_supervisor]: Selected controllable event: EV_search_color
[INFO] [1789489742.088972165] [robot_0.robot_supervisor]: ############################# VISIBLE: EV_object_visible #############################
[INFO] [1789489742.090789011] [robot_0.robot_supervisor]: Selected controllable event: EV_search_object
[INFO] [1789489742.290718956] [robot_0.robot_supervisor]: Selected controllable event: EV_approach_color
[INFO] [1789489742.573175098] [robot_0.robot_supervisor]: ############################# VISIBLE: EV_object_visible #############################
[INFO] [1789489742.574022166] [robot_0.robot_supervisor]: Selected controllable event: EV_approach_color
[INFO] [1789489742.777854195] [robot_0.robot_supervisor]: Selected controllable event: EV_approach_object
[INFO] [1789489743.103627096] [robot_0.robot_supervisor]: Selected controllable event: EV_search_color
[INFO] [1789489743.283221108] [robot_0.robot_supervisor]: Triggered uncontrollable event: EV_object_not_visible
[INFO] [1789489743.286714977] [robot_0.robot_supervisor]: Selected controllable event: EV_search_object
[INFO] [1789489743.476886623] [robot_0.robot_supervisor]: Selected controllable event: EV_approach_object
[INFO] [1789489743.775822698] [robot_0.robot_supervisor]: Triggered uncontrollable event: EV_object_not_visible
[INFO] [1789489743.781509729] [robot_0.robot_supervisor]: Selected controllable event: EV_search_object
[INFO] [1789489743.886613202] [robot_0.robot_supervisor]: Selected controllable event: EV_move_forward
[INFO] [1789489744.185330976] [robot_0.robot_supervisor]: Triggered uncontrollable event: EV_object_not_visible
[INFO] [1789489744.193554114] [robot_0.robot_supervisor]: Selected controllable event: EV_approach_object
[INFO] [1789489744.488923226] [robot_0.robot_supervisor]: Selected controllable event: EV_search_object
[INFO] [1789489744.687920179] [robot_0.robot_supervisor]: Triggered uncontrollable event: EV_object_not_visible
[INFO] [1789489744.688587440] [robot_0.robot_supervisor]: Selected controllable event: EV_search_color
[INFO] [1789489744.874324573] [robot_0.robot_supervisor]: Selected controllable event: EV_move_forward
[INFO] [1789489745.076205220] [robot_0.robot_supervisor]: Selected controllable event: EV_approach_color
[INFO] [1789489745.294760394] [robot_0.robot_supervisor]: Triggered uncontrollable event: EV_object_not_visible
[INFO] [1789489745.295461245] [robot_0.robot_supervisor]: Selected controllable event: EV_approach_object
[INFO] [1789489745.584942267] [robot_0.robot_supervisor]: Selected controllable event: EV_approach_object
[INFO] [1789489745.883945895] [robot_0.robot_supervisor]: Triggered uncontrollable event: EV_object_not_visible
[INFO] [1789489745.884577695] [robot_0.robot_supervisor]: Selected controllable event: EV_move_forward
[INFO] [1789489746.188990327] [robot_0.robot_supervisor]: Selected controllable event: EV_search_color
[INFO] [1789489746.385266610] [robot_0.robot_supervisor]: Triggered uncontrollable event: EV_object_not_visible
[INFO] [1789489746.392671129] [robot_0.robot_supervisor]: Selected controllable event: EV_approach_object
[INFO] [1789489746.673672866] [robot_0.robot_supervisor]: Triggered uncontrollable event: EV_object_not_visible
[INFO] [1789489746.676772298] [robot_0.robot_supervisor]: Selected controllable event: EV_move_forward
[INFO] [1789489746.882325454] [robot_0.robot_supervisor]: Selected controllable event: EV_search_object
[INFO] [1789489747.092247976] [robot_0.robot_supervisor]: Selected controllable event: EV_search_object
[INFO] [1789489747.278181615] [robot_0.robot_supervisor]: Triggered uncontrollable event: EV_object_not_visible
[INFO] [1789489747.278785645] [robot_0.robot_supervisor]: Selected controllable event: EV_approach_color
[INFO] [1789489747.499119212] [robot_0.robot_supervisor]: Selected controllable event: EV_search_color
[INFO] [1789489747.675253015] [robot_0.robot_supervisor]: Triggered uncontrollable event: EV_obstacle_right
[INFO] [1789489747.675681298] [robot_0.robot_supervisor]: Triggered uncontrollable event: EV_object_not_visible
[INFO] [1789489747.676324352] [robot_0.robot_supervisor]: Selected controllable event: EV_u_turn
[INFO] [1789489747.676809549] [robot_0.robot_supervisor]: Starting FULL ROTATE (omega=1.000, have_odom=True, target_rad=3.142, timeout_s=3.500)
[INFO] [1789489750.676012340] [robot_0.robot_supervisor]: FULL ROTATE completed by odom (accum_rad=3.214)
[INFO] [1789489750.885917238] [robot_0.robot_supervisor]: ############################# VISIBLE: EV_object_visible #############################
[INFO] [1789489750.886568265] [robot_0.robot_supervisor]: Selected controllable event: EV_search_object
[INFO] [1789489751.087319207] [robot_0.robot_supervisor]: Selected controllable event: EV_approach_color
[INFO] [1789489751.396425906] [robot_0.robot_supervisor]: ############################# VISIBLE: EV_object_visible #############################
[INFO] [1789489751.397080909] [robot_0.robot_supervisor]: Selected controllable event: EV_move_forward
[INFO] [1789489751.684200403] [robot_0.robot_supervisor]: Selected controllable event: EV_approach_object
[INFO] [1789489751.973935273] [robot_0.robot_supervisor]: ############################# VISIBLE: EV_object_visible #############################
[INFO] [1789489751.974511599] [robot_0.robot_supervisor]: Selected controllable event: EV_search_object
[INFO] [1789489752.079438257] [robot_0.robot_supervisor]: Selected controllable event: EV_move_forward
[INFO] [1789489752.373719478] [robot_0.robot_supervisor]: ############################# VISIBLE: EV_object_visible #############################
[INFO] [1789489752.374368906] [robot_0.robot_supervisor]: Selected controllable event: EV_search_object
[INFO] [1789489752.478386661] [robot_0.robot_supervisor]: Selected controllable event: EV_approach_object
[INFO] [1789489752.776053571] [robot_0.robot_supervisor]: ############################# VISIBLE: EV_object_visible #############################
[INFO] [1789489752.776654989] [robot_0.robot_supervisor]: Selected controllable event: EV_move_forward
[INFO] [1789489752.982110615] [robot_0.robot_supervisor]: Selected controllable event: EV_move_forward
[INFO] [1789489753.273551776] [robot_0.robot_supervisor]: ############################# VISIBLE: EV_object_visible #############################
[INFO] [1789489753.276392159] [robot_0.robot_supervisor]: Selected controllable event: EV_approach_color
[INFO] [1789489753.479089612] [robot_0.robot_supervisor]: Selected controllable event: EV_search_color
[INFO] [1789489753.698715776] [robot_0.robot_supervisor]: ############################# VISIBLE: EV_object_visible #############################
[INFO] [1789489753.701269535] [robot_0.robot_supervisor]: Selected controllable event: EV_search_object
[INFO] [1789489753.874467756] [robot_0.robot_supervisor]: Selected controllable event: EV_search_color
[INFO] [1789489753.993351494] [robot_0.robot_supervisor]: Selected controllable event: EV_search_object
[INFO] [1789489754.095099531] [robot_0.robot_supervisor]: Selected controllable event: EV_approach_object
[INFO] [1789489754.380068702] [robot_0.robot_supervisor]: ############################# VISIBLE: EV_object_visible #############################
[INFO] [1789489754.383836387] [robot_0.robot_supervisor]: Selected controllable event: EV_approach_object
[INFO] [1789489754.676126337] [robot_0.robot_supervisor]: ############################# VISIBLE: EV_object_visible #############################
[INFO] [1789489754.676768981] [robot_0.robot_supervisor]: Selected controllable event: EV_search_object
[INFO] [1789489754.877050880] [robot_0.robot_supervisor]: Selected controllable event: EV_search_color
[INFO] [1789489755.077299374] [robot_0.robot_supervisor]: Selected controllable event: EV_approach_color
[INFO] [1789489755.286021679] [robot_0.robot_supervisor]: ############################# VISIBLE: EV_object_visible #############################
[INFO] [1789489755.287616179] [robot_0.robot_supervisor]: Selected controllable event: EV_approach_color
[INFO] [1789489755.577846931] [robot_0.robot_supervisor]: Selected controllable event: EV_search_object
[INFO] [1789489755.781699644] [robot_0.robot_supervisor]: ############################# VISIBLE: EV_object_visible #############################
[INFO] [1789489755.785753770] [robot_0.robot_supervisor]: Selected controllable event: EV_search_object
[INFO] [1789489755.990063490] [robot_0.robot_supervisor]: Selected controllable event: EV_approach_object
[INFO] [1789489756.275673665] [robot_0.robot_supervisor]: ############################# VISIBLE: EV_object_visible #############################
[INFO] [1789489756.276225429] [robot_0.robot_supervisor]: Selected controllable event: EV_search_object
[INFO] [1789489756.388468791] [robot_0.robot_supervisor]: Selected controllable event: EV_search_color
[INFO] [1789489756.575931877] [robot_0.robot_supervisor]: ############################# VISIBLE: EV_object_visible #############################
[INFO] [1789489756.578753083] [robot_0.robot_supervisor]: Selected controllable event: EV_approach_object
[INFO] [1789489756.885387010] [robot_0.robot_supervisor]: Selected controllable event: EV_move_forward
[INFO] [1789489757.091711428] [robot_0.robot_supervisor]: ############################# VISIBLE: EV_object_visible #############################
[INFO] [1789489757.092295437] [robot_0.robot_supervisor]: Selected controllable event: EV_move_forward
[INFO] [1789489757.378636184] [robot_0.robot_supervisor]: Selected controllable event: EV_approach_color
[INFO] [1789489757.687158885] [robot_0.robot_supervisor]: ############################# REACHED: EV_object_reached #############################
[INFO] [1789489757.687778955] [robot_0.robot_supervisor]: Selected controllable event: EV_search_object
[INFO] [1789489757.874534997] [robot_0.robot_supervisor]: Selected controllable event: EV_search_object
[INFO] [1789489757.975527108] [robot_0.robot_supervisor]: ############################# REACHED: EV_object_reached #############################
[INFO] [1789489757.986405617] [robot_0.robot_supervisor]: Selected controllable event: EV_move_forward
[INFO] [1789489758.202057533] [robot_0.robot_supervisor]: Selected controllable event: EV_approach_color
[INFO] [1789489758.489632513] [robot_0.robot_supervisor]: ############################# REACHED: EV_object_reached #############################
[INFO] [1789489758.490276098] [robot_0.robot_supervisor]: Selected controllable event: EV_move_forward
[INFO] [1789489758.779020892] [robot_0.robot_supervisor]: Selected controllable event: EV_approach_color
[INFO] [1789489759.073910290] [robot_0.robot_supervisor]: ############################# REACHED: EV_object_reached #############################
[INFO] [1789489759.085116617] [robot_0.robot_supervisor]: Selected controllable event: EV_search_color
[INFO] [1789489759.194607329] [robot_0.robot_supervisor]: Selected controllable event: EV_search_object
[INFO] [1789489759.392818430] [robot_0.robot_supervisor]: ############################# REACHED: EV_object_reached #############################
[INFO] [1789489759.393485382] [robot_0.robot_supervisor]: Selected controllable event: EV_search_color
[INFO] [1789489759.575947702] [robot_0.robot_supervisor]: Selected controllable event: EV_approach_color
[INFO] [1789489759.880723683] [robot_0.robot_supervisor]: ############################# REACHED: EV_object_reached #############################
[INFO] [1789489759.881329946] [robot_0.robot_supervisor]: Selected controllable event: EV_approach_color
[INFO] [1789489760.083916310] [robot_0.robot_supervisor]: Selected controllable event: EV_search_color
[INFO] [1789489760.273163146] [robot_0.robot_supervisor]: Triggered uncontrollable event: EV_obstacle_front
[INFO] [1789489760.284834410] [robot_0.robot_supervisor]: Selected controllable event: EV_rotate_counterclockwise
[INFO] [1789489760.482776151] [robot_0.robot_supervisor]: Triggered uncontrollable event: EV_obstacle_front
[INFO] [1789489760.485133490] [robot_0.robot_supervisor]: ############################# REACHED: EV_object_reached #############################
[INFO] [1789489760.490999174] [robot_0.robot_supervisor]: Selected controllable event: EV_u_turn
[INFO] [1789489760.491612113] [robot_0.robot_supervisor]: Starting FULL ROTATE (omega=1.000, have_odom=True, target_rad=3.142, timeout_s=3.500)
[INFO] [1789489763.496653069] [robot_0.robot_supervisor]: FULL ROTATE completed by odom (accum_rad=3.200)
[INFO] [1789489763.694763649] [robot_0.robot_supervisor]: ############################# REACHED: EV_object_reached #############################
[INFO] [1789489763.703821818] [robot_0.robot_supervisor]: Selected controllable event: EV_move_forward
[INFO] [1789489763.985338417] [robot_0.robot_supervisor]: Selected controllable event: EV_move_forward
[INFO] [1789489764.281234385] [robot_0.robot_supervisor]: ############################# REACHED: EV_object_reached #############################
[INFO] [1789489764.281884303] [robot_0.robot_supervisor]: Selected controllable event: EV_approach_color
[INFO] [1789489764.586404366] [robot_0.robot_supervisor]: Selected controllable event: EV_approach_object
[INFO] [1789489764.881021828] [robot_0.robot_supervisor]: ############################# REACHED: EV_object_reached #############################
[INFO] [1789489764.881549634] [robot_0.robot_supervisor]: Selected controllable event: EV_search_object
[INFO] [1789489765.085904587] [robot_0.robot_supervisor]: ############################# REACHED: EV_object_reached #############################
[INFO] [1789489765.089252673] [robot_0.robot_supervisor]: Selected controllable event: EV_approach_color
[INFO] [1789489765.381542805] [robot_0.robot_supervisor]: Selected controllable event: EV_approach_object
[INFO] [1789489765.590675381] [robot_0.robot_supervisor]: ############################# REACHED: EV_object_reached #############################
[INFO] [1789489765.593438063] [robot_0.robot_supervisor]: Selected controllable event: EV_move_forward
[INFO] [1789489765.891672852] [robot_0.robot_supervisor]: Selected controllable event: EV_approach_object
[INFO] [1789489766.174484307] [robot_0.robot_supervisor]: ############################# REACHED: EV_object_reached #############################
[INFO] [1789489766.176344325] [robot_0.robot_supervisor]: Selected controllable event: EV_search_object
[INFO] [1789489766.389186709] [robot_0.robot_supervisor]: Selected controllable event: EV_approach_object
[INFO] [1789489766.593201589] [robot_0.robot_supervisor]: ############################# REACHED: EV_object_reached #############################
[INFO] [1789489766.594002193] [robot_0.robot_supervisor]: Selected controllable event: EV_approach_color
[INFO] [1789489766.881056614] [robot_0.robot_supervisor]: Selected controllable event: EV_move_forward
[INFO] [1789489767.106482396] [robot_0.robot_supervisor]: Selected controllable event: EV_approach_color
[INFO] [1789489767.404969015] [robot_0.robot_supervisor]: ############################# REACHED: EV_object_reached #############################
[INFO] [1789489767.415438458] [robot_0.robot_supervisor]: Selected controllable event: EV_search_object
[INFO] [1789489767.590660467] [robot_0.robot_supervisor]: Selected controllable event: EV_search_object
[INFO] [1789489767.792944528] [robot_0.robot_supervisor]: Selected controllable event: EV_search_object
[INFO] [1789489767.901686094] [robot_0.robot_supervisor]: Selected controllable event: EV_search_object
[INFO] [1789489768.094994056] [robot_0.robot_supervisor]: Selected controllable event: EV_search_object
[INFO] [1789489768.223054927] [robot_0.robot_supervisor]: Selected controllable event: EV_approach_object
[INFO] [1789489768.495827180] [robot_0.robot_supervisor]: ############################# REACHED: EV_object_reached #############################
[INFO] [1789489768.503154364] [robot_0.robot_supervisor]: Selected controllable event: EV_search_object
[INFO] [1789489768.706400438] [robot_0.robot_supervisor]: Selected controllable event: EV_approach_object
[INFO] [1789489769.001267119] [robot_0.robot_supervisor]: Selected controllable event: EV_move_forward
[INFO] [1789489769.296680184] [robot_0.robot_supervisor]: Selected controllable event: EV_search_color
[INFO] [1789489769.513676179] [robot_0.robot_supervisor]: ############################# REACHED: EV_object_reached #############################
[INFO] [1789489769.525431703] [robot_0.robot_supervisor]: Selected controllable event: EV_search_color
[INFO] [1789489769.712764512] [robot_0.robot_supervisor]: Selected controllable event: EV_move_forward
[INFO] [1789489770.002237315] [robot_0.robot_supervisor]: Selected controllable event: EV_move_forward
[INFO] [1789489770.208074211] [robot_0.robot_supervisor]: Selected controllable event: EV_search_object
[INFO] [1789489770.414194861] [robot_0.robot_supervisor]: Selected controllable event: EV_search_color
[INFO] [1789489770.599755879] [robot_0.robot_supervisor]: ############################# REACHED: EV_object_reached #############################
[INFO] [1789489770.616620876] [robot_0.robot_supervisor]: Selected controllable event: EV_search_object
[INFO] [1789489770.818277216] [robot_0.robot_supervisor]: Selected controllable event: EV_approach_object
[INFO] [1789489771.088813132] [robot_0.robot_supervisor]: Selected controllable event: EV_approach_color
[INFO] [1789489771.417405298] [robot_0.robot_supervisor]: Triggered uncontrollable event: EV_obstacle_left
[INFO] [1789489771.418493749] [robot_0.robot_supervisor]: Selected controllable event: EV_rotate_clockwise
[INFO] [1789489771.605313581] [robot_0.robot_supervisor]: Triggered uncontrollable event: EV_obstacle_left
[INFO] [1789489771.613511086] [robot_0.robot_supervisor]: ############################# REACHED: EV_object_reached #############################
[INFO] [1789489771.624907499] [robot_0.robot_supervisor]: Selected controllable event: EV_rotate_clockwise
[INFO] [1789489771.788398788] [robot_0.robot_supervisor]: Triggered uncontrollable event: EV_obstacle_left
[INFO] [1789489771.803669176] [robot_0.robot_supervisor]: Selected controllable event: EV_rotate_clockwise
[INFO] [1789489772.000423817] [robot_0.robot_supervisor]: Triggered uncontrollable event: EV_obstacle_left
[INFO] [1789489772.012645561] [robot_0.robot_supervisor]: Selected controllable event: EV_u_turn
[INFO] [1789489772.024080373] [robot_0.robot_supervisor]: Starting FULL ROTATE (omega=1.000, have_odom=True, target_rad=3.142, timeout_s=3.500)
[INFO] [1789489775.598891156] [robot_0.robot_supervisor]: FULL ROTATE completed by timeout
[INFO] [1789489775.886157259] [robot_0.robot_supervisor]: Triggered uncontrollable event: EV_obstacle_right
[INFO] [1789489775.891986305] [robot_0.robot_supervisor]: ############################# REACHED: EV_object_reached #############################
[INFO] [1789489775.897742959] [robot_0.robot_supervisor]: Selected controllable event: EV_u_turn
[INFO] [1789489775.989679923] [robot_0.robot_supervisor]: Triggered uncontrollable event: EV_obstacle_right
[INFO] [1789489775.990596818] [robot_0.robot_supervisor]: Selected controllable event: EV_u_turn
[INFO] [1789489776.083108411] [robot_0.robot_supervisor]: Triggered uncontrollable event: EV_obstacle_right
[INFO] [1789489776.090457882] [robot_0.robot_supervisor]: Selected controllable event: EV_rotate_counterclockwise
[WARN] [1789489776.092723066] [robot_0.robot_supervisor]: no translation for 4.7s livelock detected; starting atomic escape (turn_sign=+1)
[INFO] [1789489778.597299525] [robot_0.robot_supervisor]: Zone-livelock escape completed
[INFO] [1789489778.881190330] [robot_0.robot_supervisor]: ############################# REACHED: EV_object_reached #############################
[INFO] [1789489778.882267281] [robot_0.robot_supervisor]: Selected controllable event: EV_approach_object
[INFO] [1789489779.181941058] [robot_0.robot_supervisor]: Selected controllable event: EV_approach_object
[INFO] [1789489779.399491849] [robot_0.robot_supervisor]: Selected controllable event: EV_move_forward
[INFO] [1789489779.693195145] [robot_0.robot_supervisor]: ############################# REACHED: EV_object_reached #############################
[INFO] [1789489779.694289690] [robot_0.robot_supervisor]: Selected controllable event: EV_search_object
[INFO] [1789489779.802015435] [robot_0.robot_supervisor]: Selected controllable event: EV_approach_color
[INFO] [1789489780.108106237] [robot_0.robot_supervisor]: Selected controllable event: EV_approach_color
[INFO] [1789489780.398928269] [robot_0.robot_supervisor]: ############################# REACHED: EV_object_reached #############################
[INFO] [1789489780.399957969] [robot_0.robot_supervisor]: Selected controllable event: EV_move_forward
[INFO] [1789489780.693579120] [robot_0.robot_supervisor]: Selected controllable event: EV_approach_color
[INFO] [1789489780.987943824] [robot_0.robot_supervisor]: Selected controllable event: EV_search_color
[INFO] [1789489781.114655981] [robot_0.robot_supervisor]: Selected controllable event: EV_search_object
[INFO] [1789489781.340161029] [robot_0.robot_supervisor]: Selected controllable event: EV_search_color
[INFO] [1789489781.475110217] [robot_0.robot_supervisor]: ############################# REACHED: EV_object_reached #############################
[INFO] [1789489781.490048445] [robot_0.robot_supervisor]: Selected controllable event: EV_search_object
[INFO] [1789489781.690247739] [robot_0.robot_supervisor]: Selected controllable event: EV_approach_color
[INFO] [1789489781.977648355] [robot_0.robot_supervisor]: Selected controllable event: EV_approach_color
[INFO] [1789489782.180324357] [robot_0.robot_supervisor]: ############################# REACHED: EV_object_reached #############################
[INFO] [1789489782.187629605] [robot_0.robot_supervisor]: Selected controllable event: EV_search_color
[INFO] [1789489782.393560996] [robot_0.robot_supervisor]: Selected controllable event: EV_search_color
[INFO] [1789489782.507820032] [robot_0.robot_supervisor]: Selected controllable event: EV_search_object
[INFO] [1789489782.686052554] [robot_0.robot_supervisor]: Selected controllable event: EV_approach_object
[INFO] [1789489782.900181294] [robot_0.robot_supervisor]: Selected controllable event: EV_search_color
[INFO] [1789489783.081838333] [robot_0.robot_supervisor]: Selected controllable event: EV_approach_object
[INFO] [1789489783.417602621] [robot_0.robot_supervisor]: ############################# REACHED: EV_object_reached #############################
[INFO] [1789489783.418492757] [robot_0.robot_supervisor]: Selected controllable event: EV_search_color
[INFO] [1789489783.597113053] [robot_0.robot_supervisor]: Selected controllable event: EV_move_forward
[INFO] [1789489783.879171616] [robot_0.robot_supervisor]: Selected controllable event: EV_approach_color
[INFO] [1789489784.112581333] [robot_0.robot_supervisor]: ############################# REACHED: EV_object_reached #############################
[INFO] [1789489784.113571956] [robot_0.robot_supervisor]: Selected controllable event: EV_approach_object
[INFO] [1789489784.392130701] [robot_0.robot_supervisor]: Selected controllable event: EV_search_object
[INFO] [1789489784.584813420] [robot_0.robot_supervisor]: Selected controllable event: EV_move_forward
[INFO] [1789489784.887204943] [robot_0.robot_supervisor]: ############################# REACHED: EV_object_reached #############################
[INFO] [1789489784.891335251] [robot_0.robot_supervisor]: Selected controllable event: EV_move_forward
[INFO] [1789489785.197924290] [robot_0.robot_supervisor]: Selected controllable event: EV_approach_color
[INFO] [1789489785.477756371] [robot_0.robot_supervisor]: Selected controllable event: EV_move_forward
[INFO] [1789489785.686827667] [robot_0.robot_supervisor]: ############################# REACHED: EV_object_reached #############################
[INFO] [1789489785.691272746] [robot_0.robot_supervisor]: Selected controllable event: EV_move_forward
[INFO] [1789489785.982935570] [robot_0.robot_supervisor]: Selected controllable event: EV_search_color
[INFO] [1789489786.196819547] [robot_0.robot_supervisor]: Selected controllable event: EV_search_color
[INFO] [1789489786.304465356] [robot_0.robot_supervisor]: Selected controllable event: EV_approach_object
[INFO] [1789489786.601813168] [robot_0.robot_supervisor]: Triggered uncontrollable event: EV_object_not_visible
[INFO] [1789489786.602714398] [robot_0.robot_supervisor]: Selected controllable event: EV_move_forward
[INFO] [1789489786.890015054] [robot_0.robot_supervisor]: Selected controllable event: EV_approach_object
[INFO] [1789489787.197203253] [robot_0.robot_supervisor]: Selected controllable event: EV_approach_object
[INFO] [1789489787.477827220] [robot_0.robot_supervisor]: Selected controllable event: EV_move_forward
[INFO] [1789489787.785905277] [robot_0.robot_supervisor]: Triggered uncontrollable event: EV_object_not_visible
[INFO] [1789489787.803069384] [robot_0.robot_supervisor]: Selected controllable event: EV_approach_object
[INFO] [1789489788.104705421] [robot_0.robot_supervisor]: Selected controllable event: EV_approach_color
[INFO] [1789489788.396217141] [robot_0.robot_supervisor]: Triggered uncontrollable event: EV_object_not_visible
[INFO] [1789489788.397293007] [robot_0.robot_supervisor]: Selected controllable event: EV_search_object
[INFO] [1789489788.499563296] [robot_0.robot_supervisor]: Selected controllable event: EV_approach_color
[INFO] [1789489788.794905518] [robot_0.robot_supervisor]: Selected controllable event: EV_search_color
[INFO] [1789489788.988229428] [robot_0.robot_supervisor]: Selected controllable event: EV_search_object
[INFO] [1789489789.210675386] [robot_0.robot_supervisor]: Selected controllable event: EV_search_object
[INFO] [1789489789.391544196] [robot_0.robot_supervisor]: Triggered uncontrollable event: EV_object_not_visible
[INFO] [1789489789.400814295] [robot_0.robot_supervisor]: Selected controllable event: EV_move_forward
[INFO] [1789489789.701075557] [robot_0.robot_supervisor]: Selected controllable event: EV_move_forward
[INFO] [1789489789.991322896] [robot_0.robot_supervisor]: Selected controllable event: EV_search_color
[INFO] [1789489790.114201839] [robot_0.robot_supervisor]: Selected controllable event: EV_approach_color
[INFO] [1789489790.405759941] [robot_0.robot_supervisor]: Triggered uncontrollable event: EV_object_not_visible
[INFO] [1789489790.420646953] [robot_0.robot_supervisor]: Selected controllable event: EV_move_forward
[INFO] [1789489790.699814869] [robot_0.robot_supervisor]: Selected controllable event: EV_approach_color
[INFO] [1789489790.980280583] [robot_0.robot_supervisor]: Selected controllable event: EV_approach_color
[INFO] [1789489791.295484032] [robot_0.robot_supervisor]: Selected controllable event: EV_search_object
[INFO] [1789489791.506972482] [robot_0.robot_supervisor]: Triggered uncontrollable event: EV_object_not_visible
[INFO] [1789489791.509056711] [robot_0.robot_supervisor]: Selected controllable event: EV_move_forward
[INFO] [1789489791.788366665] [robot_0.robot_supervisor]: Selected controllable event: EV_search_object
[INFO] [1789489791.992820058] [robot_0.robot_supervisor]: Selected controllable event: EV_approach_color
[INFO] [1789489792.280659905] [robot_0.robot_supervisor]: Triggered uncontrollable event: EV_object_not_visible
[INFO] [1789489792.300594104] [robot_0.robot_supervisor]: Selected controllable event: EV_move_forward
[INFO] [1789489792.610420577] [robot_0.robot_supervisor]: Selected controllable event: EV_search_color
[INFO] [1789489792.804680243] [robot_0.robot_supervisor]: Selected controllable event: EV_approach_object
[INFO] [1789489793.105339527] [robot_0.robot_supervisor]: Selected controllable event: EV_search_color
[INFO] [1789489793.300380059] [robot_0.robot_supervisor]: Triggered uncontrollable event: EV_object_not_visible
[INFO] [1789489793.301496953] [robot_0.robot_supervisor]: Selected controllable event: EV_approach_color
[INFO] [1789489793.598377708] [robot_0.robot_supervisor]: Selected controllable event: EV_move_forward
[INFO] [1789489793.904513911] [robot_0.robot_supervisor]: Selected controllable event: EV_approach_object
[INFO] [1789489794.195816306] [robot_0.robot_supervisor]: Triggered uncontrollable event: EV_object_not_visible
[INFO] [1789489794.205847954] [robot_0.robot_supervisor]: Selected controllable event: EV_approach_object
[INFO] [1789489794.494905226] [robot_0.robot_supervisor]: Selected controllable event: EV_search_object
[INFO] [1789489794.688704852] [robot_0.robot_supervisor]: Selected controllable event: EV_move_forward
[INFO] [1789489794.988738743] [robot_0.robot_supervisor]: Triggered uncontrollable event: EV_object_not_visible
[INFO] [1789489794.989741085] [robot_0.robot_supervisor]: Selected controllable event: EV_approach_color
[INFO] [1789489795.296869517] [robot_0.robot_supervisor]: Selected controllable event: EV_search_color
[INFO] [1789489795.409006753] [robot_0.robot_supervisor]: Selected controllable event: EV_approach_color
[INFO] [1789489795.709704456] [robot_0.robot_supervisor]: Selected controllable event: EV_search_color
[INFO] [1789489795.882600436] [robot_0.robot_supervisor]: Triggered uncontrollable event: EV_object_not_visible
[INFO] [1789489795.899160150] [robot_0.robot_supervisor]: Selected controllable event: EV_search_object
[INFO] [1789489796.088399285] [robot_0.robot_supervisor]: Selected controllable event: EV_move_forward
[INFO] [1789489796.380384776] [robot_0.robot_supervisor]: Selected controllable event: EV_search_object
[INFO] [1789489796.496337042] [robot_0.robot_supervisor]: Selected controllable event: EV_move_forward
[INFO] [1789489796.776919829] [robot_0.robot_supervisor]: Selected controllable event: EV_search_color
[INFO] [1789489796.915944776] [robot_0.robot_supervisor]: Triggered uncontrollable event: EV_object_not_visible
[INFO] [1789489796.930759782] [robot_0.robot_supervisor]: Selected controllable event: EV_approach_object
[INFO] [1789489797.206160735] [robot_0.robot_supervisor]: Selected controllable event: EV_search_color
[INFO] [1789489797.397980505] [robot_0.robot_supervisor]: Selected controllable event: EV_approach_object
[INFO] [1789489797.701078585] [robot_0.robot_supervisor]: Selected controllable event: EV_approach_color
[INFO] [1789489797.999820298] [robot_0.robot_supervisor]: Triggered uncontrollable event: EV_object_not_visible
[INFO] [1789489798.000928605] [robot_0.robot_supervisor]: Selected controllable event: EV_search_color
[INFO] [1789489798.208109025] [robot_0.robot_supervisor]: Selected controllable event: EV_search_object
[INFO] [1789489798.376191807] [robot_0.robot_supervisor]: Selected controllable event: EV_move_forward
[INFO] [1789489798.601401198] [robot_0.robot_supervisor]: Selected controllable event: EV_approach_object
[INFO] [1789489798.902294993] [robot_0.robot_supervisor]: Triggered uncontrollable event: EV_obstacle_right
[INFO] [1789489798.907612576] [robot_0.robot_supervisor]: Triggered uncontrollable event: EV_object_not_visible
[INFO] [1789489798.916835598] [robot_0.robot_supervisor]: Selected controllable event: EV_rotate_counterclockwise
[INFO] [1789489799.115412918] [robot_0.robot_supervisor]: Triggered uncontrollable event: EV_obstacle_right
[INFO] [1789489799.129204468] [robot_0.robot_supervisor]: Selected controllable event: EV_rotate_counterclockwise
[INFO] [1789489799.289970346] [robot_0.robot_supervisor]: Triggered uncontrollable event: EV_obstacle_right
[INFO] [1789489799.294779282] [robot_0.robot_supervisor]: Selected controllable event: EV_u_turn
[INFO] [1789489799.305190791] [robot_0.robot_supervisor]: Starting FULL ROTATE (omega=1.000, have_odom=True, target_rad=3.142, timeout_s=3.500)
[INFO] [1789489802.916712871] [robot_0.robot_supervisor]: FULL ROTATE completed by timeout
[INFO] [1789489803.187485603] [robot_0.robot_supervisor]: Triggered uncontrollable event: EV_object_not_visible
[INFO] [1789489803.209060292] [robot_0.robot_supervisor]: Selected controllable event: EV_search_object
[INFO] [1789489803.392650789] [robot_0.robot_supervisor]: Selected controllable event: EV_search_color
[INFO] [1789489803.589511162] [robot_0.robot_supervisor]: Selected controllable event: EV_search_object
[INFO] [1789489803.803664502] [robot_0.robot_supervisor]: ############################# VISIBLE: EV_object_visible #############################
[INFO] [1789489803.806061663] [robot_0.robot_supervisor]: Selected controllable event: EV_search_color
[INFO] [1789489803.984974700] [robot_0.robot_supervisor]: Selected controllable event: EV_search_object
[INFO] [1789489804.180842405] [robot_0.robot_supervisor]: Selected controllable event: EV_move_forward
[INFO] [1789489804.399754919] [robot_0.robot_supervisor]: Selected controllable event: EV_approach_object
[INFO] [1789489804.713384704] [robot_0.robot_supervisor]: ############################# VISIBLE: EV_object_visible #############################
[INFO] [1789489804.714337875] [robot_0.robot_supervisor]: Selected controllable event: EV_search_object
[INFO] [1789489804.904152220] [robot_0.robot_supervisor]: Selected controllable event: EV_search_object
[INFO] [1789489805.092947726] [robot_0.robot_supervisor]: Selected controllable event: EV_approach_color
[INFO] [1789489805.387507794] [robot_0.robot_supervisor]: Selected controllable event: EV_search_object
[INFO] [1789489805.505246263] [robot_0.robot_supervisor]: Selected controllable event: EV_move_forward
[INFO] [1789489805.791287324] [robot_0.robot_supervisor]: ############################# VISIBLE: EV_object_visible #############################
[INFO] [1789489805.805838481] [robot_0.robot_supervisor]: Selected controllable event: EV_approach_object
[INFO] [1789489806.101641546] [robot_0.robot_supervisor]: Selected controllable event: EV_approach_color
[INFO] [1789489806.401498987] [robot_0.robot_supervisor]: ############################# VISIBLE: EV_object_visible #############################
[INFO] [1789489806.402495971] [robot_0.robot_supervisor]: Selected controllable event: EV_approach_object
[INFO] [1789489806.674730458] [robot_0.robot_supervisor]: Selected controllable event: EV_move_forward
[INFO] [1789489806.884344997] [robot_0.robot_supervisor]: Selected controllable event: EV_search_object
[INFO] [1789489806.997439266] [robot_0.robot_supervisor]: Selected controllable event: EV_move_forward
[INFO] [1789489807.277754893] [robot_0.robot_supervisor]: ############################# VISIBLE: EV_object_visible #############################
[INFO] [1789489807.278702585] [robot_0.robot_supervisor]: Selected controllable event: EV_approach_color
[INFO] [1789489807.588828132] [robot_0.robot_supervisor]: Selected controllable event: EV_move_forward
[INFO] [1789489807.796180960] [robot_0.robot_supervisor]: Selected controllable event: EV_search_object
[INFO] [1789489807.992777341] [robot_0.robot_supervisor]: ############################# VISIBLE: EV_object_visible #############################
[INFO] [1789489807.993711407] [robot_0.robot_supervisor]: Selected controllable event: EV_search_object
[INFO] [1789489808.197587659] [robot_0.robot_supervisor]: Selected controllable event: EV_approach_object
[INFO] [1789489808.504823109] [robot_0.robot_supervisor]: Selected controllable event: EV_approach_object
[INFO] [1789489808.799679247] [robot_0.robot_supervisor]: ############################# VISIBLE: EV_object_visible #############################
[INFO] [1789489808.807366378] [robot_0.robot_supervisor]: Selected controllable event: EV_search_object
[INFO] [1789489808.999763561] [robot_0.robot_supervisor]: Selected controllable event: EV_search_color
[INFO] [1789489809.207580875] [robot_0.robot_supervisor]: Selected controllable event: EV_approach_color
[INFO] [1789489809.487456079] [robot_0.robot_supervisor]: Selected controllable event: EV_approach_object
[INFO] [1789489809.804354697] [robot_0.robot_supervisor]: ############################# VISIBLE: EV_object_visible #############################
[INFO] [1789489809.805468434] [robot_0.robot_supervisor]: Selected controllable event: EV_approach_color
[INFO] [1789489810.096984926] [robot_0.robot_supervisor]: Selected controllable event: EV_approach_color
[INFO] [1789489810.415142654] [robot_0.robot_supervisor]: Selected controllable event: EV_move_forward
[INFO] [1789489810.700036824] [robot_0.robot_supervisor]: ############################# VISIBLE: EV_object_visible #############################
[INFO] [1789489810.701062815] [robot_0.robot_supervisor]: Selected controllable event: EV_search_object
[INFO] [1789489810.820394183] [robot_0.robot_supervisor]: Selected controllable event: EV_search_color
[INFO] [1789489810.997120702] [robot_0.robot_supervisor]: Selected controllable event: EV_move_forward
[INFO] [1789489811.214715750] [robot_0.robot_supervisor]: Selected controllable event: EV_approach_color
[INFO] [1789489811.499091253] [robot_0.robot_supervisor]: ############################# VISIBLE: EV_object_visible #############################
[INFO] [1789489811.503413647] [robot_0.robot_supervisor]: Selected controllable event: EV_move_forward
[INFO] [1789489811.797223421] [robot_0.robot_supervisor]: Selected controllable event: EV_search_color
[INFO] [1789489811.994242208] [robot_0.robot_supervisor]: Selected controllable event: EV_search_color
[INFO] [1789489812.184752557] [robot_0.robot_supervisor]: Selected controllable event: EV_approach_color
[INFO] [1789489812.488327291] [robot_0.robot_supervisor]: ############################# VISIBLE: EV_object_visible #############################
[INFO] [1789489812.489399567] [robot_0.robot_supervisor]: Selected controllable event: EV_approach_object
[INFO] [1789489812.702347714] [robot_0.robot_supervisor]: Selected controllable event: EV_search_object
[INFO] [1789489812.905659322] [robot_0.robot_supervisor]: Selected controllable event: EV_approach_object
[INFO] [1789489813.197291707] [robot_0.robot_supervisor]: ############################# VISIBLE: EV_object_visible #############################
[INFO] [1789489813.198363618] [robot_0.robot_supervisor]: Selected controllable event: EV_search_color
[INFO] [1789489813.400367226] [robot_0.robot_supervisor]: Selected controllable event: EV_approach_object
[INFO] [1789489813.676579543] [robot_0.robot_supervisor]: Selected controllable event: EV_move_forward
[INFO] [1789489813.909305043] [robot_0.robot_supervisor]: Selected controllable event: EV_search_object
[INFO] [1789489814.098145043] [robot_0.robot_supervisor]: ############################# VISIBLE: EV_object_visible #############################
[INFO] [1789489814.099190392] [robot_0.robot_supervisor]: Selected controllable event: EV_search_object
[INFO] [1789489814.296093312] [robot_0.robot_supervisor]: Selected controllable event: EV_approach_color
[INFO] [1789489814.592305689] [robot_0.robot_supervisor]: Selected controllable event: EV_move_forward
[INFO] [1789489814.812832271] [robot_0.robot_supervisor]: Selected controllable event: EV_move_forward
[INFO] [1789489815.088793761] [robot_0.robot_supervisor]: ############################# VISIBLE: EV_object_visible #############################
[INFO] [1789489815.090002633] [robot_0.robot_supervisor]: Selected controllable event: EV_search_color
[INFO] [1789489815.292623493] [robot_0.robot_supervisor]: Selected controllable event: EV_move_forward
[INFO] [1789489815.601765028] [robot_0.robot_supervisor]: Selected controllable event: EV_search_object
[INFO] [1789489815.819026260] [robot_0.robot_supervisor]: Selected controllable event: EV_approach_object
[INFO] [1789489816.084229420] [robot_0.robot_supervisor]: ############################# VISIBLE: EV_object_visible #############################
[INFO] [1789489816.085241516] [robot_0.robot_supervisor]: Selected controllable event: EV_search_object
[INFO] [1789489816.298556342] [robot_0.robot_supervisor]: Selected controllable event: EV_move_forward
[INFO] [1789489816.598746140] [robot_0.robot_supervisor]: Selected controllable event: EV_search_object
[INFO] [1789489816.779002225] [robot_0.robot_supervisor]: Selected controllable event: EV_approach_color
[INFO] [1789489817.107157731] [robot_0.robot_supervisor]: ############################# VISIBLE: EV_object_visible #############################
[INFO] [1789489817.108212053] [robot_0.robot_supervisor]: Selected controllable event: EV_search_object
[INFO] [1789489817.297347134] [robot_0.robot_supervisor]: Selected controllable event: EV_approach_object
[INFO] [1789489817.609567045] [robot_0.robot_supervisor]: Selected controllable event: EV_move_forward
[INFO] [1789489817.880294802] [robot_0.robot_supervisor]: Triggered uncontrollable event: EV_obstacle_right
[INFO] [1789489817.881087001] [robot_0.robot_supervisor]: ############################# REACHED: EV_object_reached #############################
[INFO] [1789489817.896026018] [robot_0.robot_supervisor]: Selected controllable event: EV_rotate_counterclockwise
[INFO] [1789489818.102258468] [robot_0.robot_supervisor]: Triggered uncontrollable event: EV_obstacle_right
[INFO] [1789489818.105385551] [robot_0.robot_supervisor]: Selected controllable event: EV_u_turn
[INFO] [1789489818.119575537] [robot_0.robot_supervisor]: Starting FULL ROTATE (omega=1.000, have_odom=True, target_rad=3.142, timeout_s=3.500)
[INFO] [1789489821.701313248] [robot_0.robot_supervisor]: FULL ROTATE completed by timeout
[INFO] [1789489821.993585556] [robot_0.robot_supervisor]: ############################# REACHED: EV_object_reached #############################
[INFO] [1789489821.994607269] [robot_0.robot_supervisor]: Selected controllable event: EV_search_color
[INFO] [1789489822.178874708] [robot_0.robot_supervisor]: Selected controllable event: EV_move_forward
[INFO] [1789489822.403738253] [robot_0.robot_supervisor]: ############################# REACHED: EV_object_reached #############################
[INFO] [1789489822.404766115] [robot_0.robot_supervisor]: Selected controllable event: EV_approach_color
[INFO] [1789489822.707872410] [robot_0.robot_supervisor]: Selected controllable event: EV_search_color
[INFO] [1789489822.909891375] [robot_0.robot_supervisor]: Selected controllable event: EV_search_object
[INFO] [1789489823.084716567] [robot_0.robot_supervisor]: Selected controllable event: EV_approach_object
[INFO] [1789489823.411880545] [robot_0.robot_supervisor]: ############################# REACHED: EV_object_reached #############################
[INFO] [1789489823.419571241] [robot_0.robot_supervisor]: Selected controllable event: EV_move_forward
[INFO] [1789489823.703624790] [robot_0.robot_supervisor]: Selected controllable event: EV_move_forward
[INFO] [1789489823.995143522] [robot_0.robot_supervisor]: Selected controllable event: EV_approach_object
[INFO] [1789489824.210484832] [robot_0.robot_supervisor]: Selected controllable event: EV_approach_object
[INFO] [1789489824.489465064] [robot_0.robot_supervisor]: ############################# VISIBLE: EV_object_visible #############################
[INFO] [1789489824.490447540] [robot_0.robot_supervisor]: Selected controllable event: EV_move_forward
[INFO] [1789489824.779993408] [robot_0.robot_supervisor]: Selected controllable event: EV_search_color
[INFO] [1789489824.988011940] [robot_0.robot_supervisor]: Selected controllable event: EV_search_object
[INFO] [1789489825.116759680] [robot_0.robot_supervisor]: Selected controllable event: EV_move_forward
[INFO] [1789489825.403333563] [robot_0.robot_supervisor]: Triggered uncontrollable event: EV_object_not_visible
[INFO] [1789489825.408024664] [robot_0.robot_supervisor]: Selected controllable event: EV_approach_color
[INFO] [1789489825.688121301] [robot_0.robot_supervisor]: Selected controllable event: EV_search_color
[INFO] [1789489825.886503024] [robot_0.robot_supervisor]: Selected controllable event: EV_approach_object
[INFO] [1789489826.200198276] [robot_0.robot_supervisor]: Triggered uncontrollable event: EV_object_not_visible
[INFO] [1789489826.208688118] [robot_0.robot_supervisor]: Selected controllable event: EV_move_forward
[INFO] [1789489826.497995743] [robot_0.robot_supervisor]: Selected controllable event: EV_approach_color
[INFO] [1789489826.814725313] [robot_0.robot_supervisor]: Selected controllable event: EV_approach_object
[INFO] [1789489827.087602151] [robot_0.robot_supervisor]: Triggered uncontrollable event: EV_object_not_visible
[INFO] [1789489827.105216838] [robot_0.robot_supervisor]: Selected controllable event: EV_search_object
[INFO] [1789489827.289768766] [robot_0.robot_supervisor]: Selected controllable event: EV_search_color
[INFO] [1789489827.420876658] [robot_0.robot_supervisor]: Selected controllable event: EV_move_forward
[INFO] [1789489827.704947373] [robot_0.robot_supervisor]: Selected controllable event: EV_move_forward
[INFO] [1789489827.998118330] [robot_0.robot_supervisor]: Triggered uncontrollable event: EV_object_not_visible
[INFO] [1789489827.999107671] [robot_0.robot_supervisor]: Selected controllable event: EV_approach_color
[INFO] [1789489828.282705269] [robot_0.robot_supervisor]: Selected controllable event: EV_approach_object
[INFO] [1789489828.494525022] [robot_0.robot_supervisor]: Selected controllable event: EV_approach_color
[INFO] [1789489828.785503446] [robot_0.robot_supervisor]: Triggered uncontrollable event: EV_object_not_visible
[INFO] [1789489828.786460360] [robot_0.robot_supervisor]: Selected controllable event: EV_approach_color
[INFO] [1789489829.003911001] [robot_0.robot_supervisor]: Selected controllable event: EV_approach_color
[INFO] [1789489829.300382519] [robot_0.robot_supervisor]: Selected controllable event: EV_search_object
[INFO] [1789489829.515776133] [robot_0.robot_supervisor]: Selected controllable event: EV_approach_object
[INFO] [1789489829.786760160] [robot_0.robot_supervisor]: Triggered uncontrollable event: EV_object_not_visible
[INFO] [1789489829.787781061] [robot_0.robot_supervisor]: Selected controllable event: EV_approach_color
[INFO] [1789489830.089203255] [robot_0.robot_supervisor]: Selected controllable event: EV_search_color
[INFO] [1789489830.306441189] [robot_0.robot_supervisor]: Selected controllable event: EV_move_forward
[INFO] [1789489830.598443488] [robot_0.robot_supervisor]: Triggered uncontrollable event: EV_obstacle_right
[INFO] [1789489830.599164207] [robot_0.robot_supervisor]: Triggered uncontrollable event: EV_object_not_visible
[INFO] [1789489830.614255926] [robot_0.robot_supervisor]: Selected controllable event: EV_u_turn
[INFO] [1789489830.615138930] [robot_0.robot_supervisor]: Starting FULL ROTATE (omega=1.000, have_odom=True, target_rad=3.142, timeout_s=3.500)
[INFO] [1789489834.196273208] [robot_0.robot_supervisor]: FULL ROTATE completed by timeout
[INFO] [1789489834.482930514] [robot_0.robot_supervisor]: Triggered uncontrollable event: EV_object_not_visible
[INFO] [1789489834.490611245] [robot_0.robot_supervisor]: Selected controllable event: EV_search_object
[INFO] [1789489834.593772642] [robot_0.robot_supervisor]: Selected controllable event: EV_search_color
[INFO] [1789489834.785233919] [robot_0.robot_supervisor]: Triggered uncontrollable event: EV_object_not_visible
[INFO] [1789489834.786199799] [robot_0.robot_supervisor]: Selected controllable event: EV_search_object
[INFO] [1789489834.903013742] [robot_0.robot_supervisor]: Selected controllable event: EV_approach_object
[INFO] [1789489835.115148571] [robot_0.robot_supervisor]: Selected controllable event: EV_move_forward
[INFO] [1789489835.378544794] [robot_0.robot_supervisor]: Selected controllable event: EV_search_color
[INFO] [1789489835.487517519] [robot_0.robot_supervisor]: Selected controllable event: EV_search_color
[INFO] [1789489835.681992526] [robot_0.robot_supervisor]: ############################# VISIBLE: EV_object_visible #############################
[INFO] [1789489835.687496075] [robot_0.robot_supervisor]: Selected controllable event: EV_search_object
[INFO] [1789489835.880148152] [robot_0.robot_supervisor]: Selected controllable event: EV_search_object
[INFO] [1789489836.006203592] [robot_0.robot_supervisor]: Selected controllable event: EV_approach_object
[INFO] [1789489836.292286471] [robot_0.robot_supervisor]: Selected controllable event: EV_search_object
[INFO] [1789489836.417531109] [robot_0.robot_supervisor]: Selected controllable event: EV_move_forward
[INFO] [1789489836.687245321] [robot_0.robot_supervisor]: ############################# VISIBLE: EV_object_visible #############################
[INFO] [1789489836.688224787] [robot_0.robot_supervisor]: Selected controllable event: EV_search_color
[INFO] [1789489836.898972881] [robot_0.robot_supervisor]: Selected controllable event: EV_search_color
[INFO] [1789489837.102967633] [robot_0.robot_supervisor]: Selected controllable event: EV_search_color
[INFO] [1789489837.275237484] [robot_0.robot_supervisor]: Selected controllable event: EV_move_forward
[INFO] [1789489837.588313698] [robot_0.robot_supervisor]: ############################# VISIBLE: EV_object_visible #############################
[INFO] [1789489837.602246215] [robot_0.robot_supervisor]: Selected controllable event: EV_approach_object
[INFO] [1789489837.910420504] [robot_0.robot_supervisor]: Selected controllable event: EV_search_color
[INFO] [1789489838.110405360] [robot_0.robot_supervisor]: ############################# VISIBLE: EV_object_visible #############################
[INFO] [1789489838.111412045] [robot_0.robot_supervisor]: Selected controllable event: EV_search_color
[INFO] [1789489838.290601227] [robot_0.robot_supervisor]: Selected controllable event: EV_search_object
[INFO] [1789489838.485761819] [robot_0.robot_supervisor]: Selected controllable event: EV_move_forward
[INFO] [1789489838.809394399] [robot_0.robot_supervisor]: Selected controllable event: EV_search_color
[INFO] [1789489839.023894576] [robot_0.robot_supervisor]: ############################# VISIBLE: EV_object_visible #############################
[INFO] [1789489839.024996964] [robot_0.robot_supervisor]: Selected controllable event: EV_search_color
[INFO] [1789489839.196862588] [robot_0.robot_supervisor]: Selected controllable event: EV_search_color
[INFO] [1789489839.387773580] [robot_0.robot_supervisor]: Selected controllable event: EV_search_color
[INFO] [1789489839.498746805] [robot_0.robot_supervisor]: Selected controllable event: EV_move_forward
[INFO] [1789489839.796390495] [robot_0.robot_supervisor]: ############################# VISIBLE: EV_object_visible #############################
[INFO] [1789489839.797422788] [robot_0.robot_supervisor]: Selected controllable event: EV_search_color
[INFO] [1789489839.997981844] [robot_0.robot_supervisor]: Selected controllable event: EV_approach_color
[INFO] [1789489840.290570610] [robot_0.robot_supervisor]: Selected controllable event: EV_approach_object
[INFO] [1789489840.579791886] [robot_0.robot_supervisor]: ############################# VISIBLE: EV_object_visible #############################
[INFO] [1789489840.598220880] [robot_0.robot_supervisor]: Selected controllable event: EV_search_color
[INFO] [1789489840.700719416] [robot_0.robot_supervisor]: Selected controllable event: EV_move_forward
[INFO] [1789489841.011765951] [robot_0.robot_supervisor]: Selected controllable event: EV_search_object
[INFO] [1789489841.173843910] [robot_0.robot_supervisor]: Selected controllable event: EV_move_forward
[INFO] [1789489841.403620351] [robot_0.robot_supervisor]: Selected controllable event: EV_search_color
[INFO] [1789489841.594778325] [robot_0.robot_supervisor]: ############################# VISIBLE: EV_object_visible #############################
[INFO] [1789489841.605573153] [robot_0.robot_supervisor]: Selected controllable event: EV_search_color
[INFO] [1789489841.796757047] [robot_0.robot_supervisor]: Selected controllable event: EV_move_forward
[INFO] [1789489842.007628824] [robot_0.robot_supervisor]: Selected controllable event: EV_approach_color
[INFO] [1789489842.310527689] [robot_0.robot_supervisor]: Selected controllable event: EV_approach_color
[INFO] [1789489842.578018156] [robot_0.robot_supervisor]: ############################# VISIBLE: EV_object_visible #############################
[INFO] [1789489842.598178201] [robot_0.robot_supervisor]: Selected controllable event: EV_move_forward
[INFO] [1789489842.877550779] [robot_0.robot_supervisor]: Selected controllable event: EV_search_object
[INFO] [1789489843.094447531] [robot_0.robot_supervisor]: Selected controllable event: EV_move_forward
[INFO] [1789489843.312717119] [robot_0.robot_supervisor]: Selected controllable event: EV_approach_object
[INFO] [1789489843.596776418] [robot_0.robot_supervisor]: ############################# VISIBLE: EV_object_visible #############################
[INFO] [1789489843.609515336] [robot_0.robot_supervisor]: Selected controllable event: EV_approach_object
[INFO] [1789489843.895544453] [robot_0.robot_supervisor]: Selected controllable event: EV_search_object
[INFO] [1789489844.117629629] [robot_0.robot_supervisor]: Selected controllable event: EV_approach_object
[INFO] [1789489844.395316149] [robot_0.robot_supervisor]: Triggered uncontrollable event: EV_obstacle_left
[INFO] [1789489844.400141140] [robot_0.robot_supervisor]: ############################# VISIBLE: EV_object_visible #############################
[INFO] [1789489844.401232567] [robot_0.robot_supervisor]: Selected controllable event: EV_rotate_clockwise
[INFO] [1789489844.592630521] [robot_0.robot_supervisor]: Triggered uncontrollable event: EV_obstacle_left
[INFO] [1789489844.606963600] [robot_0.robot_supervisor]: Selected controllable event: EV_u_turn
[INFO] [1789489844.607815705] [robot_0.robot_supervisor]: Starting FULL ROTATE (omega=1.000, have_odom=True, target_rad=3.142, timeout_s=3.500)
[INFO] [1789489848.186792706] [robot_0.robot_supervisor]: FULL ROTATE completed by timeout
[INFO] [1789489848.484116786] [robot_0.robot_supervisor]: Triggered uncontrollable event: EV_obstacle_right
[INFO] [1789489848.508463419] [robot_0.robot_supervisor]: ############################# VISIBLE: EV_object_visible #############################
[INFO] [1789489848.509475209] [robot_0.robot_supervisor]: Selected controllable event: EV_u_turn
[INFO] [1789489848.601012639] [robot_0.robot_supervisor]: Triggered uncontrollable event: EV_obstacle_right
[INFO] [1789489848.612896294] [robot_0.robot_supervisor]: Selected controllable event: EV_rotate_counterclockwise
[WARN] [1789489848.613684068] [robot_0.robot_supervisor]: no translation for 4.5s livelock detected; starting atomic escape (turn_sign=+1)
[INFO] [1789489851.201785833] [robot_0.robot_supervisor]: Zone-livelock escape completed
[INFO] [1789489851.410610962] [robot_0.robot_supervisor]: ############################# VISIBLE: EV_object_visible #############################
[INFO] [1789489851.411537930] [robot_0.robot_supervisor]: Selected controllable event: EV_move_forward
[INFO] [1789489851.701835605] [robot_0.robot_supervisor]: ############################# VISIBLE: EV_object_visible #############################
[INFO] [1789489851.702913456] [robot_0.robot_supervisor]: Selected controllable event: EV_approach_object
[INFO] [1789489851.999512940] [robot_0.robot_supervisor]: Selected controllable event: EV_search_color
[INFO] [1789489852.211151282] [robot_0.robot_supervisor]: Selected controllable event: EV_move_forward
[INFO] [1789489852.496440353] [robot_0.robot_supervisor]: Selected controllable event: EV_approach_color
[INFO] [1789489852.783130891] [robot_0.robot_supervisor]: Triggered uncontrollable event: EV_object_not_visible
[INFO] [1789489852.808251279] [robot_0.robot_supervisor]: Selected controllable event: EV_search_object
[INFO] [1789489852.994199458] [robot_0.robot_supervisor]: Selected controllable event: EV_approach_object
[INFO] [1789489853.314883094] [robot_0.robot_supervisor]: Selected controllable event: EV_search_color
[INFO] [1789489853.528399959] [robot_0.robot_supervisor]: Selected controllable event: EV_approach_color
[INFO] [1789489853.805376238] [robot_0.robot_supervisor]: Triggered uncontrollable event: EV_object_not_visible
[INFO] [1789489853.806583935] [robot_0.robot_supervisor]: Selected controllable event: EV_move_forward
[INFO] [1789489854.105176483] [robot_0.robot_supervisor]: Selected controllable event: EV_move_forward
[INFO] [1789489854.380530413] [robot_0.robot_supervisor]: Selected controllable event: EV_search_object
[INFO] [1789489854.579966330] [robot_0.robot_supervisor]: Triggered uncontrollable event: EV_obstacle_right
[INFO] [1789489854.580724476] [robot_0.robot_supervisor]: Triggered uncontrollable event: EV_object_not_visible
[INFO] [1789489854.602738021] [robot_0.robot_supervisor]: Selected controllable event: EV_u_turn
[INFO] [1789489854.605960297] [robot_0.robot_supervisor]: Starting FULL ROTATE (omega=1.000, have_odom=True, target_rad=3.142, timeout_s=3.500)
[INFO] [1789489858.195598330] [robot_0.robot_supervisor]: FULL ROTATE completed by timeout
[INFO] [1789489858.495970656] [robot_0.robot_supervisor]: Triggered uncontrollable event: EV_object_not_visible
[INFO] [1789489858.497030629] [robot_0.robot_supervisor]: Selected controllable event: EV_search_object
[INFO] [1789489858.703754870] [robot_0.robot_supervisor]: Triggered uncontrollable event: EV_object_not_visible
[INFO] [1789489858.704919285] [robot_0.robot_supervisor]: Selected controllable event: EV_approach_object
[INFO] [1789489858.995163367] [robot_0.robot_supervisor]: Selected controllable event: EV_search_object
[INFO] [1789489859.217217383] [robot_0.robot_supervisor]: Selected controllable event: EV_approach_color
[INFO] [1789489859.516720697] [robot_0.robot_supervisor]: ############################# VISIBLE: EV_object_visible #############################
[INFO] [1789489859.517991697] [robot_0.robot_supervisor]: Selected controllable event: EV_approach_object
[INFO] [1789489859.819649972] [robot_0.robot_supervisor]: Selected controllable event: EV_approach_object
[INFO] [1789489860.091337535] [robot_0.robot_supervisor]: Selected controllable event: EV_search_object
[INFO] [1789489860.312298498] [robot_0.robot_supervisor]: Selected controllable event: EV_approach_color
[INFO] [1789489860.598785167] [robot_0.robot_supervisor]: ############################# VISIBLE: EV_object_visible #############################
[INFO] [1789489860.600132764] [robot_0.robot_supervisor]: Selected controllable event: EV_move_forward
[INFO] [1789489860.885467826] [robot_0.robot_supervisor]: Selected controllable event: EV_approach_color
[INFO] [1789489861.091237428] [robot_0.robot_supervisor]: Selected controllable event: EV_search_color
[INFO] [1789489861.293907853] [robot_0.robot_supervisor]: Selected controllable event: EV_approach_object
[INFO] [1789489861.601391351] [robot_0.robot_supervisor]: ############################# VISIBLE: EV_object_visible #############################
[INFO] [1789489861.602504366] [robot_0.robot_supervisor]: Selected controllable event: EV_search_object
[INFO] [1789489861.785865558] [robot_0.robot_supervisor]: Selected controllable event: EV_approach_color
[INFO] [1789489862.078782598] [robot_0.robot_supervisor]: Selected controllable event: EV_approach_color
[INFO] [1789489862.403370013] [robot_0.robot_supervisor]: Selected controllable event: EV_search_object
[INFO] [1789489862.598180065] [robot_0.robot_supervisor]: ############################# VISIBLE: EV_object_visible #############################
[INFO] [1789489862.612765152] [robot_0.robot_supervisor]: Selected controllable event: EV_move_forward
[INFO] [1789489862.901865861] [robot_0.robot_supervisor]: Selected controllable event: EV_search_color
[INFO] [1789489863.087561251] [robot_0.robot_supervisor]: Selected controllable event: EV_search_object
[INFO] [1789489863.204582546] [robot_0.robot_supervisor]: Selected controllable event: EV_move_forward
[INFO] [1789489863.411699309] [robot_0.robot_supervisor]: Selected controllable event: EV_approach_object
[INFO] [1789489863.697312173] [robot_0.robot_supervisor]: ############################# VISIBLE: EV_object_visible #############################
[INFO] [1789489863.698399653] [robot_0.robot_supervisor]: Selected controllable event: EV_search_color
[INFO] [1789489863.896040120] [robot_0.robot_supervisor]: Selected controllable event: EV_search_color
[INFO] [1789489864.102179932] [robot_0.robot_supervisor]: Selected controllable event: EV_approach_object
[INFO] [1789489864.387136097] [robot_0.robot_supervisor]: Selected controllable event: EV_search_color
[INFO] [1789489864.513416623] [robot_0.robot_supervisor]: Selected controllable event: EV_search_color
[INFO] [1789489864.685252893] [robot_0.robot_supervisor]: ############################# VISIBLE: EV_object_visible #############################
[INFO] [1789489864.698374329] [robot_0.robot_supervisor]: Selected controllable event: EV_move_forward
[INFO] [1789489864.989732013] [robot_0.robot_supervisor]: Selected controllable event: EV_search_color
[INFO] [1789489865.196405712] [robot_0.robot_supervisor]: Selected controllable event: EV_move_forward
[INFO] [1789489865.503389860] [robot_0.robot_supervisor]: Selected controllable event: EV_approach_object
[INFO] [1789489865.784332990] [robot_0.robot_supervisor]: Triggered uncontrollable event: EV_obstacle_right
[INFO] [1789489865.790627651] [robot_0.robot_supervisor]: ############################# VISIBLE: EV_object_visible #############################
[INFO] [1789489865.795187909] [robot_0.robot_supervisor]: Selected controllable event: EV_u_turn
[INFO] [1789489865.799583159] [robot_0.robot_supervisor]: Starting FULL ROTATE (omega=1.000, have_odom=True, target_rad=3.142, timeout_s=3.500)
[INFO] [1789489869.298059015] [robot_0.robot_supervisor]: FULL ROTATE completed by timeout
[INFO] [1789489869.576936175] [robot_0.robot_supervisor]: ############################# REACHED: EV_object_reached #############################
[INFO] [1789489869.587709557] [robot_0.robot_supervisor]: Selected controllable event: EV_search_object
[INFO] [1789489869.788821606] [robot_0.robot_supervisor]: Selected controllable event: EV_approach_object
[INFO] [1789489870.011403736] [robot_0.robot_supervisor]: Selected controllable event: EV_approach_color
[INFO] [1789489870.304666217] [robot_0.robot_supervisor]: ############################# REACHED: EV_object_reached #############################
[INFO] [1789489870.305627113] [robot_0.robot_supervisor]: Selected controllable event: EV_approach_color
[INFO] [1789489870.597008241] [robot_0.robot_supervisor]: Selected controllable event: EV_search_color
[INFO] [1789489870.783300873] [robot_0.robot_supervisor]: Selected controllable event: EV_search_object
[INFO] [1789489870.903955882] [robot_0.robot_supervisor]: Selected controllable event: EV_search_object
[INFO] [1789489871.105213068] [robot_0.robot_supervisor]: ############################# VISIBLE: EV_object_visible #############################
[INFO] [1789489871.112373578] [robot_0.robot_supervisor]: Selected controllable event: EV_approach_object
[INFO] [1789489871.399707770] [robot_0.robot_supervisor]: Selected controllable event: EV_approach_object
[INFO] [1789489871.680257282] [robot_0.robot_supervisor]: Selected controllable event: EV_approach_color
[INFO] [1789489872.006871777] [robot_0.robot_supervisor]: ############################# VISIBLE: EV_object_visible #############################
[INFO] [1789489872.007988172] [robot_0.robot_supervisor]: Selected controllable event: EV_approach_color
[INFO] [1789489872.291698498] [robot_0.robot_supervisor]: Selected controllable event: EV_approach_object
[INFO] [1789489872.595477649] [robot_0.robot_supervisor]: Selected controllable event: EV_search_color
[INFO] [1789489872.794024777] [robot_0.robot_supervisor]: Selected controllable event: EV_search_object
[INFO] [1789489872.999115629] [robot_0.robot_supervisor]: Triggered uncontrollable event: EV_object_not_visible
[INFO] [1789489873.016059313] [robot_0.robot_supervisor]: Selected controllable event: EV_move_forward
[INFO] [1789489873.283449804] [robot_0.robot_supervisor]: Selected controllable event: EV_move_forward
[INFO] [1789489873.491548964] [robot_0.robot_supervisor]: Selected controllable event: EV_move_forward
[INFO] [1789489873.707845664] [robot_0.robot_supervisor]: Selected controllable event: EV_search_object
[INFO] [1789489873.877267957] [robot_0.robot_supervisor]: Triggered uncontrollable event: EV_object_not_visible
[INFO] [1789489873.892776410] [robot_0.robot_supervisor]: Selected controllable event: EV_search_color
[INFO] [1789489874.091599531] [robot_0.robot_supervisor]: Selected controllable event: EV_approach_object
[INFO] [1789489874.383834351] [robot_0.robot_supervisor]: Selected controllable event: EV_move_forward
[INFO] [1789489874.723962946] [robot_0.robot_supervisor]: Selected controllable event: EV_search_object
[INFO] [1789489874.900839675] [robot_0.robot_supervisor]: Triggered uncontrollable event: EV_object_not_visible
[INFO] [1789489874.911873075] [robot_0.robot_supervisor]: Selected controllable event: EV_search_color
[INFO] [1789489875.104899418] [robot_0.robot_supervisor]: Selected controllable event: EV_approach_color
[INFO] [1789489875.308917864] [robot_0.robot_supervisor]: Selected controllable event: EV_move_forward
[INFO] [1789489875.592266041] [robot_0.robot_supervisor]: Triggered uncontrollable event: EV_obstacle_right
[INFO] [1789489875.593270888] [robot_0.robot_supervisor]: Selected controllable event: EV_u_turn
[INFO] [1789489875.608266878] [robot_0.robot_supervisor]: Starting FULL ROTATE (omega=1.000, have_odom=True, target_rad=3.142, timeout_s=3.500)
[INFO] [1789489879.104909252] [robot_0.robot_supervisor]: FULL ROTATE completed by timeout
[INFO] [1789489879.394332170] [robot_0.robot_supervisor]: Triggered uncontrollable event: EV_object_not_visible
[INFO] [1789489879.395352119] [robot_0.robot_supervisor]: Selected controllable event: EV_move_forward
[INFO] [1789489879.605974378] [robot_0.robot_supervisor]: Selected controllable event: EV_search_color
[INFO] [1789489879.796785283] [robot_0.robot_supervisor]: Selected controllable event: EV_move_forward
[INFO] [1789489880.078060252] [robot_0.robot_supervisor]: Triggered uncontrollable event: EV_object_not_visible
[INFO] [1789489880.087174612] [robot_0.robot_supervisor]: Selected controllable event: EV_approach_object
[INFO] [1789489880.312389145] [robot_0.robot_supervisor]: Selected controllable event: EV_move_forward
[INFO] [1789489880.591952426] [robot_0.robot_supervisor]: Selected controllable event: EV_search_object
[INFO] [1789489880.802745394] [robot_0.robot_supervisor]: Selected controllable event: EV_approach_object
[INFO] [1789489881.096623861] [robot_0.robot_supervisor]: ############################# VISIBLE: EV_object_visible #############################
[INFO] [1789489881.097592217] [robot_0.robot_supervisor]: Selected controllable event: EV_search_color
[INFO] [1789489881.204432135] [robot_0.robot_supervisor]: Selected controllable event: EV_search_color
[INFO] [1789489881.376102079] [robot_0.robot_supervisor]: Selected controllable event: EV_search_color
[INFO] [1789489881.484264512] [robot_0.robot_supervisor]: Selected controllable event: EV_move_forward
[INFO] [1789489881.775950159] [robot_0.robot_supervisor]: ############################# VISIBLE: EV_object_visible #############################
[INFO] [1789489881.776903870] [robot_0.robot_supervisor]: Selected controllable event: EV_search_color
[INFO] [1789489881.990304443] [robot_0.robot_supervisor]: Selected controllable event: EV_search_color
[INFO] [1789489882.200773339] [robot_0.robot_supervisor]: Selected controllable event: EV_move_forward
[INFO] [1789489882.501231031] [robot_0.robot_supervisor]: ############################# VISIBLE: EV_object_visible #############################
[INFO] [1789489882.502105330] [robot_0.robot_supervisor]: Selected controllable event: EV_search_color
[INFO] [1789489882.707514217] [robot_0.robot_supervisor]: Selected controllable event: EV_search_object
[INFO] [1789489882.878403377] [robot_0.robot_supervisor]: Selected controllable event: EV_search_object
[INFO] [1789489882.985936634] [robot_0.robot_supervisor]: Selected controllable event: EV_approach_object
[INFO] [1789489883.298747590] [robot_0.robot_supervisor]: ############################# VISIBLE: EV_object_visible #############################
[INFO] [1789489883.299596892] [robot_0.robot_supervisor]: Selected controllable event: EV_search_color
[INFO] [1789489883.493634326] [robot_0.robot_supervisor]: Selected controllable event: EV_approach_color
[INFO] [1789489883.701150675] [robot_0.robot_supervisor]: Selected controllable event: EV_move_forward
[INFO] [1789489883.996123275] [robot_0.robot_supervisor]: Selected controllable event: EV_search_object
[INFO] [1789489884.102408900] [robot_0.robot_supervisor]: Selected controllable event: EV_search_object
[INFO] [1789489884.295511484] [robot_0.robot_supervisor]: ############################# VISIBLE: EV_object_visible #############################
[INFO] [1789489884.296438655] [robot_0.robot_supervisor]: Selected controllable event: EV_move_forward
[INFO] [1789489884.592303799] [robot_0.robot_supervisor]: Selected controllable event: EV_approach_object
[INFO] [1789489884.895927193] [robot_0.robot_supervisor]: Selected controllable event: EV_move_forward
[INFO] [1789489885.186175807] [robot_0.robot_supervisor]: ############################# VISIBLE: EV_object_visible #############################
[INFO] [1789489885.200767585] [robot_0.robot_supervisor]: Selected controllable event: EV_approach_object
[INFO] [1789489885.504812099] [robot_0.robot_supervisor]: Selected controllable event: EV_search_color
[INFO] [1789489885.687604638] [robot_0.robot_supervisor]: Selected controllable event: EV_approach_color
[INFO] [1789489885.891518850] [robot_0.robot_supervisor]: ############################# VISIBLE: EV_object_visible #############################
[INFO] [1789489885.892685149] [robot_0.robot_supervisor]: Selected controllable event: EV_search_color
[INFO] [1789489886.092577210] [robot_0.robot_supervisor]: Selected controllable event: EV_approach_color
[INFO] [1789489886.407879109] [robot_0.robot_supervisor]: Selected controllable event: EV_approach_color
[INFO] [1789489886.674360398] [robot_0.robot_supervisor]: ############################# REACHED: EV_object_reached #############################
[INFO] [1789489886.692777195] [robot_0.robot_supervisor]: Selected controllable event: EV_search_object
[INFO] [1789489886.894967908] [robot_0.robot_supervisor]: Selected controllable event: EV_search_object
[INFO] [1789489887.081601306] [robot_0.robot_supervisor]: Selected controllable event: EV_approach_object
[INFO] [1789489887.316110587] [robot_0.robot_supervisor]: Selected controllable event: EV_approach_object
[INFO] [1789489887.598495838] [robot_0.robot_supervisor]: Selected controllable event: EV_move_forward
[INFO] [1789489887.894376423] [robot_0.robot_supervisor]: ############################# REACHED: EV_object_reached #############################
[INFO] [1789489887.895605312] [robot_0.robot_supervisor]: Selected controllable event: EV_approach_color
[INFO] [1789489888.175422103] [robot_0.robot_supervisor]: Selected controllable event: EV_approach_object
[INFO] [1789489888.486156526] [robot_0.robot_supervisor]: Selected controllable event: EV_approach_color
[INFO] [1789489888.805803336] [robot_0.robot_supervisor]: Triggered uncontrollable event: EV_obstacle_front
[INFO] [1789489888.806601434] [robot_0.robot_supervisor]: ############################# REACHED: EV_object_reached #############################
[INFO] [1789489888.807595096] [robot_0.robot_supervisor]: Selected controllable event: EV_u_turn
[INFO] [1789489888.817738501] [robot_0.robot_supervisor]: Starting FULL ROTATE (omega=1.000, have_odom=True, target_rad=3.142, timeout_s=3.500)
[INFO] [1789489892.385896343] [robot_0.robot_supervisor]: FULL ROTATE completed by timeout
[INFO] [1789489892.686865379] [robot_0.robot_supervisor]: ############################# REACHED: EV_object_reached #############################
[INFO] [1789489892.687863310] [robot_0.robot_supervisor]: Selected controllable event: EV_search_color
[INFO] [1789489892.880825573] [robot_0.robot_supervisor]: ############################# REACHED: EV_object_reached #############################
[INFO] [1789489892.888812385] [robot_0.robot_supervisor]: Selected controllable event: EV_search_object
[INFO] [1789489893.088127554] [robot_0.robot_supervisor]: Selected controllable event: EV_move_forward
[INFO] [1789489893.408274583] [robot_0.robot_supervisor]: Selected controllable event: EV_approach_object
[INFO] [1789489893.692019504] [robot_0.robot_supervisor]: Triggered uncontrollable event: EV_obstacle_right
[INFO] [1789489893.692834442] [robot_0.robot_supervisor]: ############################# REACHED: EV_object_reached #############################
[INFO] [1789489893.713341432] [robot_0.robot_supervisor]: Selected controllable event: EV_u_turn
[INFO] [1789489893.802532570] [robot_0.robot_supervisor]: Triggered uncontrollable event: EV_obstacle_right
[INFO] [1789489893.803440239] [robot_0.robot_supervisor]: Selected controllable event: EV_u_turn
[INFO] [1789489893.889607980] [robot_0.robot_supervisor]: Triggered uncontrollable event: EV_obstacle_right
[INFO] [1789489893.890529316] [robot_0.robot_supervisor]: Selected controllable event: EV_u_turn
[INFO] [1789489894.011727405] [robot_0.robot_supervisor]: Triggered uncontrollable event: EV_obstacle_right
[INFO] [1789489894.013021373] [robot_0.robot_supervisor]: Selected controllable event: EV_rotate_counterclockwise
[INFO] [1789489894.197397197] [robot_0.robot_supervisor]: Triggered uncontrollable event: EV_obstacle_right
[INFO] [1789489894.214888433] [robot_0.robot_supervisor]: Selected controllable event: EV_rotate_counterclockwise
[INFO] [1789489894.425037690] [robot_0.robot_supervisor]: Triggered uncontrollable event: EV_obstacle_right
[INFO] [1789489894.426103244] [robot_0.robot_supervisor]: Selected controllable event: EV_rotate_counterclockwise
[INFO] [1789489894.599592967] [robot_0.robot_supervisor]: Triggered uncontrollable event: EV_obstacle_right
[INFO] [1789489894.618413509] [robot_0.robot_supervisor]: Selected controllable event: EV_u_turn
[INFO] [1789489894.698415295] [robot_0.robot_supervisor]: Triggered uncontrollable event: EV_obstacle_right
[INFO] [1789489894.707675714] [robot_0.robot_supervisor]: ############################# REACHED: EV_object_reached #############################
[INFO] [1789489894.709692969] [robot_0.robot_supervisor]: Selected controllable event: EV_rotate_counterclockwise
[INFO] [1789489894.878822656] [robot_0.robot_supervisor]: Triggered uncontrollable event: EV_obstacle_right
[INFO] [1789489894.897573899] [robot_0.robot_supervisor]: Selected controllable event: EV_u_turn
[INFO] [1789489894.901625362] [robot_0.robot_supervisor]: Starting FULL ROTATE (omega=1.000, have_odom=True, target_rad=3.142, timeout_s=3.500)
[INFO] [1789489898.511062520] [robot_0.robot_supervisor]: FULL ROTATE completed by timeout
[INFO] [1789489898.800154318] [robot_0.robot_supervisor]: ############################# REACHED: EV_object_reached #############################
[INFO] [1789489898.801113529] [robot_0.robot_supervisor]: Selected controllable event: EV_move_forward
[INFO] [1789489899.075336958] [robot_0.robot_supervisor]: ############################# REACHED: EV_object_reached #############################
[INFO] [1789489899.076340388] [robot_0.robot_supervisor]: Selected controllable event: EV_move_forward
[INFO] [1789489899.281607463] [robot_0.robot_supervisor]: Selected controllable event: EV_search_object
[INFO] [1789489899.494998238] [robot_0.robot_supervisor]: Selected controllable event: EV_approach_color
[INFO] [1789489899.785159177] [robot_0.robot_supervisor]: Selected controllable event: EV_move_forward
[INFO] [1789489899.996653206] [robot_0.robot_supervisor]: ############################# REACHED: EV_object_reached #############################
[INFO] [1789489899.997590703] [robot_0.robot_supervisor]: Selected controllable event: EV_search_object
[INFO] [1789489900.192527003] [robot_0.robot_supervisor]: Selected controllable event: EV_approach_object
[INFO] [1789489900.488811749] [robot_0.robot_supervisor]: Selected controllable event: EV_move_forward
[INFO] [1789489900.788599342] [robot_0.robot_supervisor]: ############################# REACHED: EV_object_reached #############################
[INFO] [1789489900.803878857] [robot_0.robot_supervisor]: Selected controllable event: EV_approach_color
[INFO] [1789489901.100644907] [robot_0.robot_supervisor]: Selected controllable event: EV_approach_object
[INFO] [1789489901.400403662] [robot_0.robot_supervisor]: Selected controllable event: EV_move_forward
[INFO] [1789489901.695650663] [robot_0.robot_supervisor]: ############################# REACHED: EV_object_reached #############################
[INFO] [1789489901.696598903] [robot_0.robot_supervisor]: Selected controllable event: EV_approach_color
[INFO] [1789489901.984094371] [robot_0.robot_supervisor]: Selected controllable event: EV_search_object
[INFO] [1789489902.095400053] [robot_0.robot_supervisor]: Selected controllable event: EV_search_color
[INFO] [1789489902.287103481] [robot_0.robot_supervisor]: Selected controllable event: EV_search_object
[INFO] [1789489902.481421707] [robot_0.robot_supervisor]: ############################# REACHED: EV_object_reached #############################
[INFO] [1789489902.496520884] [robot_0.robot_supervisor]: Selected controllable event: EV_approach_color
[INFO] [1789489902.788679801] [robot_0.robot_supervisor]: Selected controllable event: EV_search_color
[INFO] [1789489902.990666747] [robot_0.robot_supervisor]: Selected controllable event: EV_move_forward
[INFO] [1789489903.200518521] [robot_0.robot_supervisor]: Selected controllable event: EV_move_forward
[INFO] [1789489903.484627875] [robot_0.robot_supervisor]: ############################# REACHED: EV_object_reached #############################
[INFO] [1789489903.492732123] [robot_0.robot_supervisor]: Selected controllable event: EV_approach_object
[INFO] [1789489903.793780111] [robot_0.robot_supervisor]: Selected controllable event: EV_search_object
[INFO] [1789489904.014879667] [robot_0.robot_supervisor]: Selected controllable event: EV_search_color
[INFO] [1789489904.174115099] [robot_0.robot_supervisor]: Selected controllable event: EV_search_color
[INFO] [1789489904.378347287] [robot_0.robot_supervisor]: ############################# REACHED: EV_object_reached #############################
[INFO] [1789489904.379324543] [robot_0.robot_supervisor]: Selected controllable event: EV_move_forward
[INFO] [1789489904.597776279] [robot_0.robot_supervisor]: Selected controllable event: EV_approach_color
[INFO] [1789489904.874029359] [robot_0.robot_supervisor]: Selected controllable event: EV_move_forward
[INFO] [1789489905.204931678] [robot_0.robot_supervisor]: Selected controllable event: EV_approach_object
[INFO] [1789489905.487481552] [robot_0.robot_supervisor]: ############################# REACHED: EV_object_reached #############################
[INFO] [1789489905.492804347] [robot_0.robot_supervisor]: Selected controllable event: EV_approach_color
[INFO] [1789489905.786334320] [robot_0.robot_supervisor]: Selected controllable event: EV_approach_object
[INFO] [1789489906.094916518] [robot_0.robot_supervisor]: ############################# REACHED: EV_object_reached #############################
[INFO] [1789489906.095795676] [robot_0.robot_supervisor]: Selected controllable event: EV_move_forward
[INFO] [1789489906.397763479] [robot_0.robot_supervisor]: Selected controllable event: EV_approach_object
[INFO] [1789489906.612047047] [robot_0.robot_supervisor]: Selected controllable event: EV_search_object
[INFO] [1789489906.775292030] [robot_0.robot_supervisor]: Selected controllable event: EV_approach_object
[INFO] [1789489906.988532617] [robot_0.robot_supervisor]: ############################# REACHED: EV_object_reached #############################
[INFO] [1789489906.989626584] [robot_0.robot_supervisor]: Selected controllable event: EV_approach_object
[INFO] [1789489907.203719355] [robot_0.robot_supervisor]: Selected controllable event: EV_approach_color
[INFO] [1789489907.498407008] [robot_0.robot_supervisor]: Selected controllable event: EV_move_forward
[INFO] [1789489907.809835170] [robot_0.robot_supervisor]: ############################# REACHED: EV_object_reached #############################
[INFO] [1789489907.819139003] [robot_0.robot_supervisor]: Selected controllable event: EV_approach_color
[INFO] [1789489908.096879248] [robot_0.robot_supervisor]: Selected controllable event: EV_search_color
[INFO] [1789489908.313064002] [robot_0.robot_supervisor]: Selected controllable event: EV_search_object
[INFO] [1789489908.485680411] [robot_0.robot_supervisor]: Selected controllable event: EV_approach_color
[INFO] [1789489908.778621258] [robot_0.robot_supervisor]: ############################# REACHED: EV_object_reached #############################
[INFO] [1789489908.779629020] [robot_0.robot_supervisor]: Selected controllable event: EV_search_object
[INFO] [1789489908.890954554] [robot_0.robot_supervisor]: Selected controllable event: EV_move_forward
[INFO] [1789489909.182645965] [robot_0.robot_supervisor]: Selected controllable event: EV_move_forward
[INFO] [1789489909.405235060] [robot_0.robot_supervisor]: Selected controllable event: EV_move_forward
[INFO] [1789489909.744899538] [robot_0.robot_supervisor]: Selected controllable event: EV_search_color
[INFO] [1789489909.901082180] [robot_0.robot_supervisor]: ############################# REACHED: EV_object_reached #############################
[INFO] [1789489909.902066830] [robot_0.robot_supervisor]: Selected controllable event: EV_approach_object
[INFO] [1789489910.195947467] [robot_0.robot_supervisor]: Selected controllable event: EV_move_forward
