[INFO] [1789489730.898152251] [robot_2.robot_supervisor]: Loaded initial mission 'balanced_delivery' from explicit YAML S_20260915_182327.yaml
[INFO] [1789489731.036465205] [robot_2.robot_supervisor]: Selected controllable event: EV_search_color
[INFO] [1789489731.150503494] [robot_2.robot_supervisor]: Selected controllable event: EV_move_forward
[INFO] [1789489731.440217825] [robot_2.robot_supervisor]: Selected controllable event: EV_approach_color
[INFO] [1789489731.737055949] [robot_2.robot_supervisor]: Selected controllable event: EV_approach_object
[INFO] [1789489731.940649288] [robot_2.robot_supervisor]: Selected controllable event: EV_search_color
[INFO] [1789489732.136249231] [robot_2.robot_supervisor]: Selected controllable event: EV_search_color
[INFO] [1789489732.248912216] [robot_2.robot_supervisor]: Selected controllable event: EV_move_forward
[INFO] [1789489732.540495450] [robot_2.robot_supervisor]: Selected controllable event: EV_search_color
[INFO] [1789489732.644995535] [robot_2.robot_supervisor]: Selected controllable event: EV_search_color
[INFO] [1789489732.839971171] [robot_2.robot_supervisor]: Selected controllable event: EV_search_object
[INFO] [1789489733.047331268] [robot_2.robot_supervisor]: Selected controllable event: EV_approach_color
[INFO] [1789489733.344608566] [robot_2.robot_supervisor]: Selected controllable event: EV_search_object
[INFO] [1789489733.447715960] [robot_2.robot_supervisor]: Selected controllable event: EV_search_color
[INFO] [1789489733.641100304] [robot_2.robot_supervisor]: Selected controllable event: EV_move_forward
[INFO] [1789489733.935763007] [robot_2.robot_supervisor]: Selected controllable event: EV_search_color
[INFO] [1789489734.135874484] [robot_2.robot_supervisor]: Selected controllable event: EV_move_forward
[INFO] [1789489734.337867200] [robot_2.robot_supervisor]: Selected controllable event: EV_search_object
[INFO] [1789489734.536524598] [robot_2.robot_supervisor]: Selected controllable event: EV_approach_color
[INFO] [1789489734.836398140] [robot_2.robot_supervisor]: Selected controllable event: EV_approach_color
[INFO] [1789489735.136671363] [robot_2.robot_supervisor]: Selected controllable event: EV_move_forward
[INFO] [1789489735.437539698] [robot_2.robot_supervisor]: Selected controllable event: EV_move_forward
[INFO] [1789489735.737903053] [robot_2.robot_supervisor]: Selected controllable event: EV_search_object
[INFO] [1789489735.936553281] [robot_2.robot_supervisor]: Selected controllable event: EV_approach_object
[INFO] [1789489736.237564422] [robot_2.robot_supervisor]: ############################# REACHED: EV_object_reached #############################
[INFO] [1789489736.238217112] [robot_2.robot_supervisor]: Selected controllable event: EV_move_forward
[INFO] [1789489736.447540697] [robot_2.robot_supervisor]: Selected controllable event: EV_move_forward
[INFO] [1789489736.745288733] [robot_2.robot_supervisor]: Selected controllable event: EV_search_object
[INFO] [1789489736.958285779] [robot_2.robot_supervisor]: ############################# REACHED: EV_object_reached #############################
[INFO] [1789489736.961837368] [robot_2.robot_supervisor]: Selected controllable event: EV_approach_color
[INFO] [1789489737.243184398] [robot_2.robot_supervisor]: Selected controllable event: EV_approach_object
[INFO] [1789489737.545553590] [robot_2.robot_supervisor]: ############################# REACHED: EV_object_reached #############################
[INFO] [1789489737.547430046] [robot_2.robot_supervisor]: Selected controllable event: EV_move_forward
[INFO] [1789489737.850949987] [robot_2.robot_supervisor]: Selected controllable event: EV_move_forward
[INFO] [1789489738.139398271] [robot_2.robot_supervisor]: ############################# REACHED: EV_object_reached #############################
[INFO] [1789489738.140074648] [robot_2.robot_supervisor]: Selected controllable event: EV_search_object
[INFO] [1789489738.346321777] [robot_2.robot_supervisor]: Selected controllable event: EV_approach_object
[INFO] [1789489738.637373977] [robot_2.robot_supervisor]: ############################# REACHED: EV_object_reached #############################
[INFO] [1789489738.637953748] [robot_2.robot_supervisor]: Selected controllable event: EV_search_color
[INFO] [1789489738.744001523] [robot_2.robot_supervisor]: Selected controllable event: EV_approach_color
[INFO] [1789489738.948573562] [robot_2.robot_supervisor]: ############################# REACHED: EV_object_reached #############################
[INFO] [1789489738.949242458] [robot_2.robot_supervisor]: Selected controllable event: EV_search_object
[INFO] [1789489739.146489841] [robot_2.robot_supervisor]: Selected controllable event: EV_move_forward
[INFO] [1789489739.450650651] [robot_2.robot_supervisor]: ############################# REACHED: EV_object_reached #############################
[INFO] [1789489739.451328519] [robot_2.robot_supervisor]: Selected controllable event: EV_approach_object
[INFO] [1789489739.749667035] [robot_2.robot_supervisor]: Selected controllable event: EV_search_color
[INFO] [1789489739.936607800] [robot_2.robot_supervisor]: ############################# REACHED: EV_object_reached #############################
[INFO] [1789489739.937148286] [robot_2.robot_supervisor]: Selected controllable event: EV_search_object
[INFO] [1789489740.048119825] [robot_2.robot_supervisor]: Selected controllable event: EV_approach_color
[INFO] [1789489740.358828270] [robot_2.robot_supervisor]: Selected controllable event: EV_search_color
[INFO] [1789489740.550564750] [robot_2.robot_supervisor]: ############################# REACHED: EV_object_reached #############################
[INFO] [1789489740.551308744] [robot_2.robot_supervisor]: Selected controllable event: EV_approach_object
[INFO] [1789489740.851064491] [robot_2.robot_supervisor]: Selected controllable event: EV_approach_color
[INFO] [1789489741.136546742] [robot_2.robot_supervisor]: ############################# REACHED: EV_object_reached #############################
[INFO] [1789489741.141313639] [robot_2.robot_supervisor]: Selected controllable event: EV_search_color
[INFO] [1789489741.348324316] [robot_2.robot_supervisor]: Selected controllable event: EV_search_color
[INFO] [1789489741.545773048] [robot_2.robot_supervisor]: ############################# REACHED: EV_object_reached #############################
[INFO] [1789489741.546398497] [robot_2.robot_supervisor]: Selected controllable event: EV_approach_object
[INFO] [1789489741.841638813] [robot_2.robot_supervisor]: Selected controllable event: EV_approach_object
[INFO] [1789489742.057110131] [robot_2.robot_supervisor]: ############################# REACHED: EV_object_reached #############################
[INFO] [1789489742.059026108] [robot_2.robot_supervisor]: Selected controllable event: EV_approach_color
[INFO] [1789489742.346650259] [robot_2.robot_supervisor]: Selected controllable event: EV_search_color
[INFO] [1789489742.540358112] [robot_2.robot_supervisor]: ############################# REACHED: EV_object_reached #############################
[INFO] [1789489742.547747680] [robot_2.robot_supervisor]: Selected controllable event: EV_approach_object
[INFO] [1789489742.843490114] [robot_2.robot_supervisor]: Selected controllable event: EV_approach_object
[INFO] [1789489743.147652090] [robot_2.robot_supervisor]: ############################# REACHED: EV_object_reached #############################
[INFO] [1789489743.150595053] [robot_2.robot_supervisor]: Selected controllable event: EV_approach_object
[INFO] [1789489743.444188530] [robot_2.robot_supervisor]: Selected controllable event: EV_move_forward
[INFO] [1789489743.755285076] [robot_2.robot_supervisor]: ############################# REACHED: EV_object_reached #############################
[INFO] [1789489743.755882993] [robot_2.robot_supervisor]: Selected controllable event: EV_move_forward
[INFO] [1789489744.045021452] [robot_2.robot_supervisor]: Selected controllable event: EV_approach_color
[INFO] [1789489744.345777151] [robot_2.robot_supervisor]: ############################# REACHED: EV_object_reached #############################
[INFO] [1789489744.346440114] [robot_2.robot_supervisor]: Selected controllable event: EV_approach_object
[INFO] [1789489744.637340140] [robot_2.robot_supervisor]: ############################# REACHED: EV_object_reached #############################
[INFO] [1789489744.646468457] [robot_2.robot_supervisor]: Selected controllable event: EV_search_object
[INFO] [1789489744.761458651] [robot_2.robot_supervisor]: Selected controllable event: EV_search_color
[INFO] [1789489744.939968519] [robot_2.robot_supervisor]: Selected controllable event: EV_approach_object
[INFO] [1789489745.145283594] [robot_2.robot_supervisor]: ############################# REACHED: EV_object_reached #############################
[INFO] [1789489745.145886347] [robot_2.robot_supervisor]: Selected controllable event: EV_approach_color
[INFO] [1789489745.360142058] [robot_2.robot_supervisor]: Selected controllable event: EV_search_color
[INFO] [1789489745.543887294] [robot_2.robot_supervisor]: Selected controllable event: EV_approach_color
[INFO] [1789489745.750613374] [robot_2.robot_supervisor]: ############################# VISIBLE: EV_object_visible #############################
[INFO] [1789489745.751298399] [robot_2.robot_supervisor]: Selected controllable event: EV_approach_object
[INFO] [1789489746.041006631] [robot_2.robot_supervisor]: Selected controllable event: EV_move_forward
[INFO] [1789489746.247674864] [robot_2.robot_supervisor]: Triggered uncontrollable event: EV_obstacle_right
[INFO] [1789489746.248094056] [robot_2.robot_supervisor]: ############################# REACHED: EV_object_reached #############################
[INFO] [1789489746.248659695] [robot_2.robot_supervisor]: Selected controllable event: EV_rotate_counterclockwise
[INFO] [1789489746.440435355] [robot_2.robot_supervisor]: Triggered uncontrollable event: EV_obstacle_right
[INFO] [1789489746.441106853] [robot_2.robot_supervisor]: Selected controllable event: EV_rotate_counterclockwise
[INFO] [1789489746.549186582] [robot_2.robot_supervisor]: Triggered uncontrollable event: EV_obstacle_right
[INFO] [1789489746.549855397] [robot_2.robot_supervisor]: Selected controllable event: EV_u_turn
[INFO] [1789489746.550377523] [robot_2.robot_supervisor]: Starting FULL ROTATE (omega=1.000, have_odom=True, target_rad=3.142, timeout_s=3.500)
[INFO] [1789489749.545109538] [robot_2.robot_supervisor]: FULL ROTATE completed by odom (accum_rad=3.182)
[INFO] [1789489749.836786822] [robot_2.robot_supervisor]: ############################# REACHED: EV_object_reached #############################
[INFO] [1789489749.837390030] [robot_2.robot_supervisor]: Selected controllable event: EV_approach_object
[INFO] [1789489750.144954036] [robot_2.robot_supervisor]: ############################# REACHED: EV_object_reached #############################
[INFO] [1789489750.148805083] [robot_2.robot_supervisor]: Selected controllable event: EV_search_object
[INFO] [1789489750.348446571] [robot_2.robot_supervisor]: Selected controllable event: EV_search_color
[INFO] [1789489750.538587491] [robot_2.robot_supervisor]: ############################# REACHED: EV_object_reached #############################
[INFO] [1789489750.539158952] [robot_2.robot_supervisor]: Selected controllable event: EV_approach_object
[INFO] [1789489750.853108454] [robot_2.robot_supervisor]: ############################# REACHED: EV_object_reached #############################
[INFO] [1789489750.853669644] [robot_2.robot_supervisor]: Selected controllable event: EV_move_forward
[INFO] [1789489751.146820744] [robot_2.robot_supervisor]: Selected controllable event: EV_approach_color
[INFO] [1789489751.450407792] [robot_2.robot_supervisor]: Triggered uncontrollable event: EV_obstacle_right
[INFO] [1789489751.454225009] [robot_2.robot_supervisor]: ############################# REACHED: EV_object_reached #############################
[INFO] [1789489751.454881639] [robot_2.robot_supervisor]: Selected controllable event: EV_u_turn
[INFO] [1789489751.546297815] [robot_2.robot_supervisor]: Triggered uncontrollable event: EV_obstacle_right
[INFO] [1789489751.551104840] [robot_2.robot_supervisor]: Selected controllable event: EV_u_turn
[INFO] [1789489751.646847985] [robot_2.robot_supervisor]: Triggered uncontrollable event: EV_obstacle_right
[INFO] [1789489751.654640694] [robot_2.robot_supervisor]: Selected controllable event: EV_rotate_counterclockwise
[INFO] [1789489751.848815106] [robot_2.robot_supervisor]: ############################# REACHED: EV_object_reached #############################
[INFO] [1789489751.849423305] [robot_2.robot_supervisor]: Selected controllable event: EV_search_color
[INFO] [1789489752.037548991] [robot_2.robot_supervisor]: Selected controllable event: EV_search_color
[INFO] [1789489752.141904153] [robot_2.robot_supervisor]: Selected controllable event: EV_approach_color
[INFO] [1789489752.348265956] [robot_2.robot_supervisor]: Triggered uncontrollable event: EV_obstacle_left
[INFO] [1789489752.354285152] [robot_2.robot_supervisor]: ############################# REACHED: EV_object_reached #############################
[INFO] [1789489752.354882230] [robot_2.robot_supervisor]: Selected controllable event: EV_u_turn
[INFO] [1789489752.358938511] [robot_2.robot_supervisor]: Starting FULL ROTATE (omega=1.000, have_odom=True, target_rad=3.142, timeout_s=3.500)
[INFO] [1789489755.441727209] [robot_2.robot_supervisor]: FULL ROTATE completed by odom (accum_rad=3.208)
[INFO] [1789489755.738188944] [robot_2.robot_supervisor]: ############################# REACHED: EV_object_reached #############################
[INFO] [1789489755.739915476] [robot_2.robot_supervisor]: Selected controllable event: EV_move_forward
[INFO] [1789489755.941608955] [robot_2.robot_supervisor]: Selected controllable event: EV_move_forward
[INFO] [1789489756.144492885] [robot_2.robot_supervisor]: ############################# REACHED: EV_object_reached #############################
[INFO] [1789489756.145030653] [robot_2.robot_supervisor]: Selected controllable event: EV_approach_object
[INFO] [1789489756.354532488] [robot_2.robot_supervisor]: Selected controllable event: EV_move_forward
[INFO] [1789489756.560475147] [robot_2.robot_supervisor]: ############################# VISIBLE: EV_object_visible #############################
[INFO] [1789489756.561463354] [robot_2.robot_supervisor]: Selected controllable event: EV_search_object
[INFO] [1789489756.742358697] [robot_2.robot_supervisor]: Selected controllable event: EV_move_forward
[INFO] [1789489757.053039186] [robot_2.robot_supervisor]: ############################# VISIBLE: EV_object_visible #############################
[INFO] [1789489757.064701186] [robot_2.robot_supervisor]: Selected controllable event: EV_search_color
[INFO] [1789489757.249759152] [robot_2.robot_supervisor]: Selected controllable event: EV_search_object
[INFO] [1789489757.452301892] [robot_2.robot_supervisor]: ############################# REACHED: EV_object_reached #############################
[INFO] [1789489757.476162724] [robot_2.robot_supervisor]: Selected controllable event: EV_search_object
[INFO] [1789489757.643545779] [robot_2.robot_supervisor]: Selected controllable event: EV_approach_color
[INFO] [1789489757.947599086] [robot_2.robot_supervisor]: ############################# REACHED: EV_object_reached #############################
[INFO] [1789489757.948236923] [robot_2.robot_supervisor]: Selected controllable event: EV_approach_object
[INFO] [1789489758.157671332] [robot_2.robot_supervisor]: Selected controllable event: EV_approach_object
[INFO] [1789489758.447100590] [robot_2.robot_supervisor]: ############################# REACHED: EV_object_reached #############################
[INFO] [1789489758.447816717] [robot_2.robot_supervisor]: Selected controllable event: EV_search_color
[INFO] [1789489758.555405719] [robot_2.robot_supervisor]: Selected controllable event: EV_move_forward
[INFO] [1789489758.842805007] [robot_2.robot_supervisor]: ############################# REACHED: EV_object_reached #############################
[INFO] [1789489758.843399472] [robot_2.robot_supervisor]: Selected controllable event: EV_search_color
[INFO] [1789489759.040176819] [robot_2.robot_supervisor]: Selected controllable event: EV_search_color
[INFO] [1789489759.236497251] [robot_2.robot_supervisor]: Selected controllable event: EV_move_forward
[INFO] [1789489759.441310310] [robot_2.robot_supervisor]: ############################# REACHED: EV_object_reached #############################
[INFO] [1789489759.441901466] [robot_2.robot_supervisor]: Selected controllable event: EV_move_forward
[INFO] [1789489759.749431141] [robot_2.robot_supervisor]: Selected controllable event: EV_search_object
[INFO] [1789489759.940655708] [robot_2.robot_supervisor]: ############################# REACHED: EV_object_reached #############################
[INFO] [1789489759.943778639] [robot_2.robot_supervisor]: Selected controllable event: EV_approach_object
[INFO] [1789489760.240707146] [robot_2.robot_supervisor]: Selected controllable event: EV_search_color
[INFO] [1789489760.441647821] [robot_2.robot_supervisor]: ############################# REACHED: EV_object_reached #############################
[INFO] [1789489760.442322891] [robot_2.robot_supervisor]: Selected controllable event: EV_move_forward
[INFO] [1789489760.739796402] [robot_2.robot_supervisor]: ############################# REACHED: EV_object_reached #############################
[INFO] [1789489760.740613145] [robot_2.robot_supervisor]: Selected controllable event: EV_approach_color
[INFO] [1789489760.956833106] [robot_2.robot_supervisor]: Selected controllable event: EV_search_color
[INFO] [1789489761.141284118] [robot_2.robot_supervisor]: Selected controllable event: EV_search_color
[INFO] [1789489761.339685677] [robot_2.robot_supervisor]: Triggered uncontrollable event: EV_object_not_visible
[INFO] [1789489761.340262499] [robot_2.robot_supervisor]: Selected controllable event: EV_search_color
[INFO] [1789489761.447474884] [robot_2.robot_supervisor]: Selected controllable event: EV_approach_object
[INFO] [1789489761.651302600] [robot_2.robot_supervisor]: Triggered uncontrollable event: EV_obstacle_left
[INFO] [1789489761.651769880] [robot_2.robot_supervisor]: Triggered uncontrollable event: EV_object_not_visible
[INFO] [1789489761.652413375] [robot_2.robot_supervisor]: Selected controllable event: EV_u_turn
[INFO] [1789489761.652935676] [robot_2.robot_supervisor]: Starting FULL ROTATE (omega=1.000, have_odom=True, target_rad=3.142, timeout_s=3.500)
[INFO] [1789489764.738373821] [robot_2.robot_supervisor]: FULL ROTATE completed by odom (accum_rad=3.173)
[INFO] [1789489764.950540784] [robot_2.robot_supervisor]: Triggered uncontrollable event: EV_obstacle_left
[INFO] [1789489764.950929871] [robot_2.robot_supervisor]: ############################# VISIBLE: EV_object_visible #############################
[INFO] [1789489764.951494354] [robot_2.robot_supervisor]: Selected controllable event: EV_rotate_clockwise
[INFO] [1789489765.143842465] [robot_2.robot_supervisor]: Triggered uncontrollable event: EV_obstacle_left
[INFO] [1789489765.144344460] [robot_2.robot_supervisor]: ############################# VISIBLE: EV_object_visible #############################
[INFO] [1789489765.147549884] [robot_2.robot_supervisor]: Selected controllable event: EV_u_turn
[INFO] [1789489765.240725561] [robot_2.robot_supervisor]: Triggered uncontrollable event: EV_obstacle_left
[INFO] [1789489765.244789659] [robot_2.robot_supervisor]: Selected controllable event: EV_u_turn
[INFO] [1789489765.349694612] [robot_2.robot_supervisor]: Triggered uncontrollable event: EV_obstacle_left
[INFO] [1789489765.350309008] [robot_2.robot_supervisor]: Selected controllable event: EV_rotate_clockwise
[WARN] [1789489765.351028480] [robot_2.robot_supervisor]: no translation for 4.4s livelock detected; starting atomic escape (turn_sign=-1)
[INFO] [1789489767.878243171] [robot_2.robot_supervisor]: Zone-livelock escape completed
[INFO] [1789489768.148048283] [robot_2.robot_supervisor]: ############################# VISIBLE: EV_object_visible #############################
[INFO] [1789489768.149240079] [robot_2.robot_supervisor]: Selected controllable event: EV_search_object
[INFO] [1789489768.286773837] [robot_2.robot_supervisor]: ############################# VISIBLE: EV_object_visible #############################
[INFO] [1789489768.288031095] [robot_2.robot_supervisor]: Selected controllable event: EV_approach_color
[INFO] [1789489768.557077676] [robot_2.robot_supervisor]: Selected controllable event: EV_search_object
[INFO] [1789489768.768345681] [robot_2.robot_supervisor]: Selected controllable event: EV_search_color
[INFO] [1789489768.958829870] [robot_2.robot_supervisor]: Selected controllable event: EV_search_object
[INFO] [1789489769.176631261] [robot_2.robot_supervisor]: Selected controllable event: EV_search_object
[INFO] [1789489769.360818095] [robot_2.robot_supervisor]: ############################# VISIBLE: EV_object_visible #############################
[INFO] [1789489769.370283745] [robot_2.robot_supervisor]: Selected controllable event: EV_move_forward
[INFO] [1789489769.663243916] [robot_2.robot_supervisor]: Selected controllable event: EV_approach_object
[INFO] [1789489769.951922464] [robot_2.robot_supervisor]: Selected controllable event: EV_approach_object
[INFO] [1789489770.249398625] [robot_2.robot_supervisor]: Selected controllable event: EV_search_color
[INFO] [1789489770.476311162] [robot_2.robot_supervisor]: ############################# VISIBLE: EV_object_visible #############################
[INFO] [1789489770.477133925] [robot_2.robot_supervisor]: Selected controllable event: EV_move_forward
[INFO] [1789489770.767936043] [robot_2.robot_supervisor]: Selected controllable event: EV_search_object
[INFO] [1789489770.939969399] [robot_2.robot_supervisor]: Selected controllable event: EV_approach_color
[INFO] [1789489771.151593218] [robot_2.robot_supervisor]: Selected controllable event: EV_move_forward
[INFO] [1789489771.445316167] [robot_2.robot_supervisor]: ############################# VISIBLE: EV_object_visible #############################
[INFO] [1789489771.457786064] [robot_2.robot_supervisor]: Selected controllable event: EV_search_object
[INFO] [1789489771.563190641] [robot_2.robot_supervisor]: Selected controllable event: EV_search_color
[INFO] [1789489771.759350539] [robot_2.robot_supervisor]: Selected controllable event: EV_approach_color
[INFO] [1789489772.058871755] [robot_2.robot_supervisor]: Selected controllable event: EV_approach_color
[INFO] [1789489772.270327741] [robot_2.robot_supervisor]: Selected controllable event: EV_approach_color
[INFO] [1789489772.583802985] [robot_2.robot_supervisor]: Triggered uncontrollable event: EV_obstacle_right
[INFO] [1789489772.584763128] [robot_2.robot_supervisor]: ############################# VISIBLE: EV_object_visible #############################
[INFO] [1789489772.591442781] [robot_2.robot_supervisor]: Selected controllable event: EV_u_turn
[INFO] [1789489772.612906286] [robot_2.robot_supervisor]: Starting FULL ROTATE (omega=1.000, have_odom=True, target_rad=3.142, timeout_s=3.500)
[INFO] [1789489776.151820663] [robot_2.robot_supervisor]: FULL ROTATE completed by timeout
[INFO] [1789489776.371402996] [robot_2.robot_supervisor]: ############################# REACHED: EV_object_reached #############################
[INFO] [1789489776.372722619] [robot_2.robot_supervisor]: Selected controllable event: EV_search_object
[INFO] [1789489776.544448903] [robot_2.robot_supervisor]: ############################# REACHED: EV_object_reached #############################
[INFO] [1789489776.559720464] [robot_2.robot_supervisor]: Selected controllable event: EV_search_color
[INFO] [1789489776.686163043] [robot_2.robot_supervisor]: Selected controllable event: EV_approach_color
[INFO] [1789489776.967116047] [robot_2.robot_supervisor]: Selected controllable event: EV_move_forward
[INFO] [1789489777.256974614] [robot_2.robot_supervisor]: Selected controllable event: EV_approach_color
[INFO] [1789489777.567371826] [robot_2.robot_supervisor]: ############################# VISIBLE: EV_object_visible #############################
[INFO] [1789489777.568522522] [robot_2.robot_supervisor]: Selected controllable event: EV_approach_object
[INFO] [1789489777.865004040] [robot_2.robot_supervisor]: Selected controllable event: EV_search_color
[INFO] [1789489778.055085213] [robot_2.robot_supervisor]: Selected controllable event: EV_approach_object
[INFO] [1789489778.377417277] [robot_2.robot_supervisor]: Selected controllable event: EV_search_color
[INFO] [1789489778.560375806] [robot_2.robot_supervisor]: ############################# VISIBLE: EV_object_visible #############################
[INFO] [1789489778.566547544] [robot_2.robot_supervisor]: Selected controllable event: EV_approach_color
[INFO] [1789489778.850279752] [robot_2.robot_supervisor]: Selected controllable event: EV_search_object
[INFO] [1789489779.062724733] [robot_2.robot_supervisor]: Selected controllable event: EV_move_forward
[INFO] [1789489779.362938437] [robot_2.robot_supervisor]: ############################# VISIBLE: EV_object_visible #############################
[INFO] [1789489779.369647919] [robot_2.robot_supervisor]: Selected controllable event: EV_approach_object
[INFO] [1789489779.673162046] [robot_2.robot_supervisor]: Selected controllable event: EV_search_color
[INFO] [1789489779.867207057] [robot_2.robot_supervisor]: Selected controllable event: EV_search_object
[INFO] [1789489780.071786587] [robot_2.robot_supervisor]: Selected controllable event: EV_search_color
[INFO] [1789489780.272497714] [robot_2.robot_supervisor]: Selected controllable event: EV_search_object
[INFO] [1789489780.460022945] [robot_2.robot_supervisor]: ############################# REACHED: EV_object_reached #############################
[INFO] [1789489780.461012801] [robot_2.robot_supervisor]: Selected controllable event: EV_move_forward
[INFO] [1789489780.754097344] [robot_2.robot_supervisor]: Selected controllable event: EV_approach_color
[INFO] [1789489780.966190890] [robot_2.robot_supervisor]: Selected controllable event: EV_approach_color
[INFO] [1789489781.264447172] [robot_2.robot_supervisor]: Triggered uncontrollable event: EV_obstacle_right
[INFO] [1789489781.265335785] [robot_2.robot_supervisor]: ############################# REACHED: EV_object_reached #############################
[INFO] [1789489781.266241190] [robot_2.robot_supervisor]: Selected controllable event: EV_u_turn
[INFO] [1789489781.286525805] [robot_2.robot_supervisor]: Starting FULL ROTATE (omega=1.000, have_odom=True, target_rad=3.142, timeout_s=3.500)
[INFO] [1789489784.860938950] [robot_2.robot_supervisor]: FULL ROTATE completed by timeout
[INFO] [1789489785.164139817] [robot_2.robot_supervisor]: ############################# REACHED: EV_object_reached #############################
[INFO] [1789489785.165014412] [robot_2.robot_supervisor]: Selected controllable event: EV_approach_color
[INFO] [1789489785.439754697] [robot_2.robot_supervisor]: Selected controllable event: EV_search_object
[INFO] [1789489785.578412767] [robot_2.robot_supervisor]: Selected controllable event: EV_search_object
[INFO] [1789489785.737994748] [robot_2.robot_supervisor]: ############################# REACHED: EV_object_reached #############################
[INFO] [1789489785.755912242] [robot_2.robot_supervisor]: Selected controllable event: EV_approach_object
[INFO] [1789489786.064103489] [robot_2.robot_supervisor]: Selected controllable event: EV_search_color
[INFO] [1789489786.253161701] [robot_2.robot_supervisor]: Selected controllable event: EV_approach_color
[INFO] [1789489786.548825837] [robot_2.robot_supervisor]: ############################# REACHED: EV_object_reached #############################
[INFO] [1789489786.568166440] [robot_2.robot_supervisor]: Selected controllable event: EV_approach_object
[INFO] [1789489786.861914778] [robot_2.robot_supervisor]: Selected controllable event: EV_approach_object
[INFO] [1789489787.165753624] [robot_2.robot_supervisor]: Selected controllable event: EV_approach_object
[INFO] [1789489787.443200658] [robot_2.robot_supervisor]: ############################# REACHED: EV_object_reached #############################
[INFO] [1789489787.444190402] [robot_2.robot_supervisor]: Selected controllable event: EV_approach_color
[INFO] [1789489787.753824250] [robot_2.robot_supervisor]: Selected controllable event: EV_search_object
[INFO] [1789489787.965498844] [robot_2.robot_supervisor]: Selected controllable event: EV_approach_object
[INFO] [1789489788.264560741] [robot_2.robot_supervisor]: Selected controllable event: EV_approach_object
[INFO] [1789489788.560774139] [robot_2.robot_supervisor]: Triggered uncontrollable event: EV_object_not_visible
[INFO] [1789489788.566432673] [robot_2.robot_supervisor]: Selected controllable event: EV_approach_object
[INFO] [1789489788.875462283] [robot_2.robot_supervisor]: Selected controllable event: EV_search_object
[INFO] [1789489789.055088786] [robot_2.robot_supervisor]: Selected controllable event: EV_approach_color
[INFO] [1789489789.278821788] [robot_2.robot_supervisor]: Selected controllable event: EV_move_forward
[INFO] [1789489789.563990038] [robot_2.robot_supervisor]: Triggered uncontrollable event: EV_object_not_visible
[INFO] [1789489789.564982565] [robot_2.robot_supervisor]: Selected controllable event: EV_search_color
[INFO] [1789489789.677417311] [robot_2.robot_supervisor]: Selected controllable event: EV_search_object
[INFO] [1789489789.844950487] [robot_2.robot_supervisor]: Selected controllable event: EV_approach_object
[INFO] [1789489790.050494593] [robot_2.robot_supervisor]: Selected controllable event: EV_search_object
[INFO] [1789489790.158590672] [robot_2.robot_supervisor]: Selected controllable event: EV_move_forward
[INFO] [1789489790.452204861] [robot_2.robot_supervisor]: Triggered uncontrollable event: EV_object_not_visible
[INFO] [1789489790.456516119] [robot_2.robot_supervisor]: Selected controllable event: EV_search_object
[INFO] [1789489790.662719378] [robot_2.robot_supervisor]: Selected controllable event: EV_search_color
[INFO] [1789489790.856535872] [robot_2.robot_supervisor]: Selected controllable event: EV_approach_color
[INFO] [1789489791.168065205] [robot_2.robot_supervisor]: Selected controllable event: EV_search_object
[INFO] [1789489791.342753078] [robot_2.robot_supervisor]: Triggered uncontrollable event: EV_object_not_visible
[INFO] [1789489791.352173922] [robot_2.robot_supervisor]: Selected controllable event: EV_search_object
[INFO] [1789489791.540188533] [robot_2.robot_supervisor]: Selected controllable event: EV_approach_object
[INFO] [1789489791.763371634] [robot_2.robot_supervisor]: Selected controllable event: EV_search_color
[INFO] [1789489791.943744905] [robot_2.robot_supervisor]: Selected controllable event: EV_approach_object
[INFO] [1789489792.276585134] [robot_2.robot_supervisor]: Triggered uncontrollable event: EV_object_not_visible
[INFO] [1789489792.277537936] [robot_2.robot_supervisor]: Selected controllable event: EV_approach_object
[INFO] [1789489792.552927187] [robot_2.robot_supervisor]: Selected controllable event: EV_move_forward
[INFO] [1789489792.849240126] [robot_2.robot_supervisor]: Selected controllable event: EV_approach_object
[INFO] [1789489793.157830612] [robot_2.robot_supervisor]: Triggered uncontrollable event: EV_object_not_visible
[INFO] [1789489793.158777793] [robot_2.robot_supervisor]: Selected controllable event: EV_approach_color
[INFO] [1789489793.461117464] [robot_2.robot_supervisor]: Selected controllable event: EV_search_color
[INFO] [1789489793.657845427] [robot_2.robot_supervisor]: Selected controllable event: EV_search_color
[INFO] [1789489793.761270326] [robot_2.robot_supervisor]: Selected controllable event: EV_approach_color
[INFO] [1789489794.052153644] [robot_2.robot_supervisor]: Triggered uncontrollable event: EV_object_not_visible
[INFO] [1789489794.058561222] [robot_2.robot_supervisor]: Selected controllable event: EV_approach_object
[INFO] [1789489794.374202114] [robot_2.robot_supervisor]: Selected controllable event: EV_approach_object
[INFO] [1789489794.668816575] [robot_2.robot_supervisor]: Selected controllable event: EV_search_color
[INFO] [1789489794.883450562] [robot_2.robot_supervisor]: Triggered uncontrollable event: EV_object_not_visible
[INFO] [1789489794.888580197] [robot_2.robot_supervisor]: Selected controllable event: EV_move_forward
[INFO] [1789489795.142692518] [robot_2.robot_supervisor]: Selected controllable event: EV_move_forward
[INFO] [1789489795.455221025] [robot_2.robot_supervisor]: Selected controllable event: EV_search_object
[INFO] [1789489795.644813047] [robot_2.robot_supervisor]: Selected controllable event: EV_approach_object
[INFO] [1789489795.874648436] [robot_2.robot_supervisor]: Triggered uncontrollable event: EV_object_not_visible
[INFO] [1789489795.875769936] [robot_2.robot_supervisor]: Selected controllable event: EV_search_object
[INFO] [1789489796.066923457] [robot_2.robot_supervisor]: Selected controllable event: EV_search_color
[INFO] [1789489796.265415355] [robot_2.robot_supervisor]: Selected controllable event: EV_move_forward
[INFO] [1789489796.560193945] [robot_2.robot_supervisor]: Selected controllable event: EV_search_color
[INFO] [1789489796.751430655] [robot_2.robot_supervisor]: ############################# VISIBLE: EV_object_visible #############################
[INFO] [1789489796.764210074] [robot_2.robot_supervisor]: Selected controllable event: EV_search_object
[INFO] [1789489796.882402255] [robot_2.robot_supervisor]: Selected controllable event: EV_approach_object
[INFO] [1789489797.167011581] [robot_2.robot_supervisor]: Selected controllable event: EV_approach_color
[INFO] [1789489797.458079406] [robot_2.robot_supervisor]: Selected controllable event: EV_approach_color
[INFO] [1789489797.757436760] [robot_2.robot_supervisor]: Triggered uncontrollable event: EV_obstacle_left
[INFO] [1789489797.758367041] [robot_2.robot_supervisor]: Selected controllable event: EV_rotate_clockwise
[INFO] [1789489797.949031696] [robot_2.robot_supervisor]: Triggered uncontrollable event: EV_obstacle_left
[INFO] [1789489797.967589689] [robot_2.robot_supervisor]: ############################# VISIBLE: EV_object_visible #############################
[INFO] [1789489797.988223217] [robot_2.robot_supervisor]: Selected controllable event: EV_u_turn
[INFO] [1789489797.994152136] [robot_2.robot_supervisor]: Starting FULL ROTATE (omega=1.000, have_odom=True, target_rad=3.142, timeout_s=3.500)
[INFO] [1789489801.562907972] [robot_2.robot_supervisor]: FULL ROTATE completed by timeout
[INFO] [1789489801.844553505] [robot_2.robot_supervisor]: Triggered uncontrollable event: EV_obstacle_right
[INFO] [1789489801.851170587] [robot_2.robot_supervisor]: ############################# VISIBLE: EV_object_visible #############################
[INFO] [1789489801.852245744] [robot_2.robot_supervisor]: Selected controllable event: EV_u_turn
[INFO] [1789489801.951232352] [robot_2.robot_supervisor]: Triggered uncontrollable event: EV_obstacle_right
[INFO] [1789489801.959359375] [robot_2.robot_supervisor]: Selected controllable event: EV_u_turn
[INFO] [1789489802.053734254] [robot_2.robot_supervisor]: Triggered uncontrollable event: EV_obstacle_right
[INFO] [1789489802.070326712] [robot_2.robot_supervisor]: Selected controllable event: EV_u_turn
[INFO] [1789489802.147010671] [robot_2.robot_supervisor]: Triggered uncontrollable event: EV_obstacle_right
[INFO] [1789489802.153418994] [robot_2.robot_supervisor]: Selected controllable event: EV_u_turn
[INFO] [1789489802.254994476] [robot_2.robot_supervisor]: Triggered uncontrollable event: EV_obstacle_right
[INFO] [1789489802.256044308] [robot_2.robot_supervisor]: Selected controllable event: EV_u_turn
[INFO] [1789489802.362157382] [robot_2.robot_supervisor]: Triggered uncontrollable event: EV_obstacle_right
[INFO] [1789489802.377096691] [robot_2.robot_supervisor]: Selected controllable event: EV_u_turn
[INFO] [1789489802.438094346] [robot_2.robot_supervisor]: Triggered uncontrollable event: EV_obstacle_right
[INFO] [1789489802.456414224] [robot_2.robot_supervisor]: Selected controllable event: EV_u_turn
[INFO] [1789489802.554729309] [robot_2.robot_supervisor]: Triggered uncontrollable event: EV_obstacle_right
[INFO] [1789489802.565324383] [robot_2.robot_supervisor]: Selected controllable event: EV_rotate_counterclockwise
[INFO] [1789489802.671203064] [robot_2.robot_supervisor]: Triggered uncontrollable event: EV_obstacle_right
[INFO] [1789489802.672301558] [robot_2.robot_supervisor]: Selected controllable event: EV_rotate_counterclockwise
[INFO] [1789489802.873700867] [robot_2.robot_supervisor]: Triggered uncontrollable event: EV_obstacle_right
[INFO] [1789489802.874603347] [robot_2.robot_supervisor]: ############################# VISIBLE: EV_object_visible #############################
[INFO] [1789489802.875632248] [robot_2.robot_supervisor]: Selected controllable event: EV_rotate_counterclockwise
[INFO] [1789489803.058653274] [robot_2.robot_supervisor]: Triggered uncontrollable event: EV_obstacle_right
[INFO] [1789489803.059818481] [robot_2.robot_supervisor]: Selected controllable event: EV_rotate_counterclockwise
[INFO] [1789489803.238264455] [robot_2.robot_supervisor]: Triggered uncontrollable event: EV_obstacle_right
[INFO] [1789489803.239301122] [robot_2.robot_supervisor]: Selected controllable event: EV_u_turn
[INFO] [1789489803.359824152] [robot_2.robot_supervisor]: Triggered uncontrollable event: EV_obstacle_right
[INFO] [1789489803.370602970] [robot_2.robot_supervisor]: Selected controllable event: EV_rotate_counterclockwise
[INFO] [1789489803.572008743] [robot_2.robot_supervisor]: Triggered uncontrollable event: EV_obstacle_right
[INFO] [1789489803.573020737] [robot_2.robot_supervisor]: Selected controllable event: EV_rotate_counterclockwise
[INFO] [1789489803.767009641] [robot_2.robot_supervisor]: ############################# VISIBLE: EV_object_visible #############################
[INFO] [1789489803.767929481] [robot_2.robot_supervisor]: Selected controllable event: EV_approach_color
[INFO] [1789489804.081285114] [robot_2.robot_supervisor]: Selected controllable event: EV_move_forward
[INFO] [1789489804.356419136] [robot_2.robot_supervisor]: Selected controllable event: EV_approach_color
[INFO] [1789489804.658526748] [robot_2.robot_supervisor]: ############################# VISIBLE: EV_object_visible #############################
[INFO] [1789489804.675906388] [robot_2.robot_supervisor]: Selected controllable event: EV_search_color
[INFO] [1789489804.841789240] [robot_2.robot_supervisor]: Selected controllable event: EV_search_color
[INFO] [1789489804.955057376] [robot_2.robot_supervisor]: Selected controllable event: EV_approach_color
[INFO] [1789489805.252586743] [robot_2.robot_supervisor]: Selected controllable event: EV_search_object
[INFO] [1789489805.361027196] [robot_2.robot_supervisor]: Selected controllable event: EV_move_forward
[INFO] [1789489805.659055182] [robot_2.robot_supervisor]: ############################# VISIBLE: EV_object_visible #############################
[INFO] [1789489805.659971591] [robot_2.robot_supervisor]: Selected controllable event: EV_search_color
[INFO] [1789489805.844258637] [robot_2.robot_supervisor]: Selected controllable event: EV_approach_color
[INFO] [1789489806.047301208] [robot_2.robot_supervisor]: Selected controllable event: EV_search_object
[INFO] [1789489806.274375986] [robot_2.robot_supervisor]: ############################# VISIBLE: EV_object_visible #############################
[INFO] [1789489806.275389323] [robot_2.robot_supervisor]: Selected controllable event: EV_move_forward
[INFO] [1789489806.561317071] [robot_2.robot_supervisor]: Selected controllable event: EV_move_forward
[INFO] [1789489806.842225925] [robot_2.robot_supervisor]: Selected controllable event: EV_search_object
[INFO] [1789489806.953013403] [robot_2.robot_supervisor]: ############################# VISIBLE: EV_object_visible #############################
[INFO] [1789489806.973077886] [robot_2.robot_supervisor]: Selected controllable event: EV_approach_color
[INFO] [1789489807.264217450] [robot_2.robot_supervisor]: Selected controllable event: EV_approach_color
[INFO] [1789489807.549486845] [robot_2.robot_supervisor]: Selected controllable event: EV_search_color
[INFO] [1789489807.751385399] [robot_2.robot_supervisor]: ############################# VISIBLE: EV_object_visible #############################
[INFO] [1789489807.776547803] [robot_2.robot_supervisor]: Selected controllable event: EV_search_color
[INFO] [1789489807.940899326] [robot_2.robot_supervisor]: Selected controllable event: EV_search_color
[INFO] [1789489808.049724844] [robot_2.robot_supervisor]: Selected controllable event: EV_search_color
[INFO] [1789489808.245840753] [robot_2.robot_supervisor]: Selected controllable event: EV_search_object
[INFO] [1789489808.437586364] [robot_2.robot_supervisor]: Selected controllable event: EV_search_color
[INFO] [1789489808.561601817] [robot_2.robot_supervisor]: Selected controllable event: EV_move_forward
[INFO] [1789489808.845256684] [robot_2.robot_supervisor]: ############################# VISIBLE: EV_object_visible #############################
[INFO] [1789489808.846262032] [robot_2.robot_supervisor]: Selected controllable event: EV_move_forward
[INFO] [1789489809.184279818] [robot_2.robot_supervisor]: Selected controllable event: EV_search_color
[INFO] [1789489809.354883150] [robot_2.robot_supervisor]: Selected controllable event: EV_search_color
[INFO] [1789489809.472671600] [robot_2.robot_supervisor]: Selected controllable event: EV_search_color
[INFO] [1789489809.645187060] [robot_2.robot_supervisor]: ############################# VISIBLE: EV_object_visible #############################
[INFO] [1789489809.656902167] [robot_2.robot_supervisor]: Selected controllable event: EV_search_color
[INFO] [1789489809.857658668] [robot_2.robot_supervisor]: Selected controllable event: EV_search_object
[INFO] [1789489810.045629129] [robot_2.robot_supervisor]: Selected controllable event: EV_search_color
[INFO] [1789489810.168993649] [robot_2.robot_supervisor]: Selected controllable event: EV_approach_color
[INFO] [1789489810.455657725] [robot_2.robot_supervisor]: Selected controllable event: EV_move_forward
[INFO] [1789489810.749691879] [robot_2.robot_supervisor]: ############################# VISIBLE: EV_object_visible #############################
[INFO] [1789489810.756177836] [robot_2.robot_supervisor]: Selected controllable event: EV_search_object
[INFO] [1789489810.953501598] [robot_2.robot_supervisor]: Selected controllable event: EV_move_forward
[INFO] [1789489811.257056632] [robot_2.robot_supervisor]: Selected controllable event: EV_approach_object
[INFO] [1789489811.485192385] [robot_2.robot_supervisor]: ############################# VISIBLE: EV_object_visible #############################
[INFO] [1789489811.486246261] [robot_2.robot_supervisor]: Selected controllable event: EV_search_color
[INFO] [1789489811.661524743] [robot_2.robot_supervisor]: Selected controllable event: EV_approach_object
[INFO] [1789489811.955946046] [robot_2.robot_supervisor]: Selected controllable event: EV_move_forward
[INFO] [1789489812.254056070] [robot_2.robot_supervisor]: Triggered uncontrollable event: EV_obstacle_left
[INFO] [1789489812.254821285] [robot_2.robot_supervisor]: ############################# VISIBLE: EV_object_visible #############################
[INFO] [1789489812.255743289] [robot_2.robot_supervisor]: Selected controllable event: EV_u_turn
[INFO] [1789489812.275752517] [robot_2.robot_supervisor]: Starting FULL ROTATE (omega=1.000, have_odom=True, target_rad=3.142, timeout_s=3.500)
[INFO] [1789489815.771551279] [robot_2.robot_supervisor]: FULL ROTATE completed by timeout
[INFO] [1789489816.054805723] [robot_2.robot_supervisor]: Triggered uncontrollable event: EV_obstacle_right
[INFO] [1789489816.055632106] [robot_2.robot_supervisor]: Triggered uncontrollable event: EV_object_not_visible
[INFO] [1789489816.077933677] [robot_2.robot_supervisor]: Selected controllable event: EV_u_turn
[INFO] [1789489816.144067430] [robot_2.robot_supervisor]: Triggered uncontrollable event: EV_obstacle_right
[INFO] [1789489816.163971218] [robot_2.robot_supervisor]: Selected controllable event: EV_rotate_counterclockwise
[WARN] [1789489816.164989086] [robot_2.robot_supervisor]: no translation for 4.7s livelock detected; starting atomic escape (turn_sign=+1)
[INFO] [1789489818.753658405] [robot_2.robot_supervisor]: Zone-livelock escape completed
[INFO] [1789489818.953031553] [robot_2.robot_supervisor]: Triggered uncontrollable event: EV_object_not_visible
[INFO] [1789489818.964241225] [robot_2.robot_supervisor]: Selected controllable event: EV_approach_color
[INFO] [1789489819.270888910] [robot_2.robot_supervisor]: Selected controllable event: EV_search_object
[INFO] [1789489819.476584680] [robot_2.robot_supervisor]: Triggered uncontrollable event: EV_object_not_visible
[INFO] [1789489819.477681330] [robot_2.robot_supervisor]: Selected controllable event: EV_approach_color
[INFO] [1789489819.758300106] [robot_2.robot_supervisor]: Selected controllable event: EV_approach_object
[INFO] [1789489820.067163994] [robot_2.robot_supervisor]: Selected controllable event: EV_approach_color
[INFO] [1789489820.357769303] [robot_2.robot_supervisor]: ############################# VISIBLE: EV_object_visible #############################
[INFO] [1789489820.383468060] [robot_2.robot_supervisor]: Selected controllable event: EV_move_forward
[INFO] [1789489820.659679222] [robot_2.robot_supervisor]: Selected controllable event: EV_search_color
[INFO] [1789489820.866034675] [robot_2.robot_supervisor]: Selected controllable event: EV_approach_color
[INFO] [1789489821.164604671] [robot_2.robot_supervisor]: Selected controllable event: EV_search_object
[INFO] [1789489821.348572496] [robot_2.robot_supervisor]: ############################# VISIBLE: EV_object_visible #############################
[INFO] [1789489821.372461399] [robot_2.robot_supervisor]: Selected controllable event: EV_approach_color
[INFO] [1789489821.669250444] [robot_2.robot_supervisor]: Selected controllable event: EV_move_forward
[INFO] [1789489821.962138953] [robot_2.robot_supervisor]: Selected controllable event: EV_search_color
[INFO] [1789489822.165533736] [robot_2.robot_supervisor]: Selected controllable event: EV_move_forward
[INFO] [1789489822.466247856] [robot_2.robot_supervisor]: ############################# VISIBLE: EV_object_visible #############################
[INFO] [1789489822.479953830] [robot_2.robot_supervisor]: Selected controllable event: EV_search_object
[INFO] [1789489822.650406499] [robot_2.robot_supervisor]: Selected controllable event: EV_search_object
[INFO] [1789489822.855036488] [robot_2.robot_supervisor]: Selected controllable event: EV_move_forward
[INFO] [1789489823.166428707] [robot_2.robot_supervisor]: Selected controllable event: EV_search_color
[INFO] [1789489823.341714276] [robot_2.robot_supervisor]: ############################# REACHED: EV_object_reached #############################
[INFO] [1789489823.348593313] [robot_2.robot_supervisor]: Selected controllable event: EV_approach_object
[INFO] [1789489823.553892667] [robot_2.robot_supervisor]: Selected controllable event: EV_approach_color
[INFO] [1789489823.842382623] [robot_2.robot_supervisor]: Selected controllable event: EV_approach_color
[INFO] [1789489824.069753267] [robot_2.robot_supervisor]: Selected controllable event: EV_approach_color
[INFO] [1789489824.371312597] [robot_2.robot_supervisor]: Triggered uncontrollable event: EV_obstacle_front
[INFO] [1789489824.384936378] [robot_2.robot_supervisor]: ############################# REACHED: EV_object_reached #############################
[INFO] [1789489824.385944471] [robot_2.robot_supervisor]: Selected controllable event: EV_rotate_clockwise
[INFO] [1789489824.554897976] [robot_2.robot_supervisor]: Triggered uncontrollable event: EV_obstacle_front
[INFO] [1789489824.555822522] [robot_2.robot_supervisor]: Selected controllable event: EV_move_backward
[INFO] [1789489824.865826801] [robot_2.robot_supervisor]: Triggered uncontrollable event: EV_obstacle_front
[INFO] [1789489824.895646556] [robot_2.robot_supervisor]: Selected controllable event: EV_rotate_counterclockwise
[INFO] [1789489825.057521340] [robot_2.robot_supervisor]: Triggered uncontrollable event: EV_obstacle_right
[INFO] [1789489825.065646551] [robot_2.robot_supervisor]: ############################# REACHED: EV_object_reached #############################
[INFO] [1789489825.076476730] [robot_2.robot_supervisor]: Selected controllable event: EV_u_turn
[INFO] [1789489825.077508298] [robot_2.robot_supervisor]: Starting FULL ROTATE (omega=1.000, have_odom=True, target_rad=3.142, timeout_s=3.500)
[INFO] [1789489828.665075601] [robot_2.robot_supervisor]: FULL ROTATE completed by timeout
[INFO] [1789489828.860017081] [robot_2.robot_supervisor]: ############################# REACHED: EV_object_reached #############################
[INFO] [1789489828.864262262] [robot_2.robot_supervisor]: Selected controllable event: EV_search_color
[INFO] [1789489829.050691486] [robot_2.robot_supervisor]: Selected controllable event: EV_search_color
[INFO] [1789489829.248133764] [robot_2.robot_supervisor]: Selected controllable event: EV_search_object
[INFO] [1789489829.454599985] [robot_2.robot_supervisor]: Selected controllable event: EV_search_color
[INFO] [1789489829.638572072] [robot_2.robot_supervisor]: ############################# REACHED: EV_object_reached #############################
[INFO] [1789489829.639418869] [robot_2.robot_supervisor]: Selected controllable event: EV_approach_color
[INFO] [1789489829.964447465] [robot_2.robot_supervisor]: Selected controllable event: EV_approach_object
[INFO] [1789489830.256743755] [robot_2.robot_supervisor]: Selected controllable event: EV_move_forward
[INFO] [1789489830.461681403] [robot_2.robot_supervisor]: ############################# REACHED: EV_object_reached #############################
[INFO] [1789489830.462564012] [robot_2.robot_supervisor]: Selected controllable event: EV_approach_color
[INFO] [1789489830.751496653] [robot_2.robot_supervisor]: Selected controllable event: EV_approach_color
[INFO] [1789489831.054215926] [robot_2.robot_supervisor]: Selected controllable event: EV_search_color
[INFO] [1789489831.240696729] [robot_2.robot_supervisor]: Selected controllable event: EV_approach_color
[INFO] [1789489831.550520335] [robot_2.robot_supervisor]: ############################# VISIBLE: EV_object_visible #############################
[INFO] [1789489831.558498150] [robot_2.robot_supervisor]: Selected controllable event: EV_search_object
[INFO] [1789489831.761533836] [robot_2.robot_supervisor]: Selected controllable event: EV_approach_color
[INFO] [1789489832.076494842] [robot_2.robot_supervisor]: Selected controllable event: EV_search_color
[INFO] [1789489832.257705243] [robot_2.robot_supervisor]: ############################# VISIBLE: EV_object_visible #############################
[INFO] [1789489832.265439082] [robot_2.robot_supervisor]: Selected controllable event: EV_move_forward
[INFO] [1789489832.560849556] [robot_2.robot_supervisor]: Selected controllable event: EV_search_color
[INFO] [1789489832.750032519] [robot_2.robot_supervisor]: Selected controllable event: EV_search_object
[INFO] [1789489832.867378288] [robot_2.robot_supervisor]: Selected controllable event: EV_approach_color
[INFO] [1789489833.162623799] [robot_2.robot_supervisor]: ############################# VISIBLE: EV_object_visible #############################
[INFO] [1789489833.164872214] [robot_2.robot_supervisor]: Selected controllable event: EV_search_object
[INFO] [1789489833.347307179] [robot_2.robot_supervisor]: Selected controllable event: EV_move_forward
[INFO] [1789489833.563750822] [robot_2.robot_supervisor]: Selected controllable event: EV_approach_color
[INFO] [1789489833.862664901] [robot_2.robot_supervisor]: Selected controllable event: EV_approach_object
[INFO] [1789489834.148529200] [robot_2.robot_supervisor]: ############################# VISIBLE: EV_object_visible #############################
[INFO] [1789489834.164485289] [robot_2.robot_supervisor]: Selected controllable event: EV_approach_color
[INFO] [1789489834.441812422] [robot_2.robot_supervisor]: Selected controllable event: EV_move_forward
[INFO] [1789489834.669263357] [robot_2.robot_supervisor]: Selected controllable event: EV_search_color
[INFO] [1789489834.855305382] [robot_2.robot_supervisor]: ############################# VISIBLE: EV_object_visible #############################
[INFO] [1789489834.856250008] [robot_2.robot_supervisor]: Selected controllable event: EV_approach_color
[INFO] [1789489835.160162500] [robot_2.robot_supervisor]: Selected controllable event: EV_search_object
[INFO] [1789489835.362505474] [robot_2.robot_supervisor]: Selected controllable event: EV_approach_object
[INFO] [1789489835.643725806] [robot_2.robot_supervisor]: Triggered uncontrollable event: EV_obstacle_right
[INFO] [1789489835.644456178] [robot_2.robot_supervisor]: ############################# VISIBLE: EV_object_visible #############################
[INFO] [1789489835.664493351] [robot_2.robot_supervisor]: Selected controllable event: EV_u_turn
[INFO] [1789489835.665292267] [robot_2.robot_supervisor]: Starting FULL ROTATE (omega=1.000, have_odom=True, target_rad=3.142, timeout_s=3.500)
[INFO] [1789489839.260455442] [robot_2.robot_supervisor]: FULL ROTATE completed by timeout
[INFO] [1789489839.461820680] [robot_2.robot_supervisor]: Triggered uncontrollable event: EV_obstacle_right
[INFO] [1789489839.466684112] [robot_2.robot_supervisor]: ############################# REACHED: EV_object_reached #############################
[INFO] [1789489839.467564246] [robot_2.robot_supervisor]: Selected controllable event: EV_u_turn
[INFO] [1789489839.570962511] [robot_2.robot_supervisor]: Triggered uncontrollable event: EV_obstacle_right
[INFO] [1789489839.577526373] [robot_2.robot_supervisor]: Selected controllable event: EV_rotate_counterclockwise
[INFO] [1789489839.765287210] [robot_2.robot_supervisor]: Triggered uncontrollable event: EV_obstacle_right
[INFO] [1789489839.765963915] [robot_2.robot_supervisor]: ############################# REACHED: EV_object_reached #############################
[INFO] [1789489839.766814703] [robot_2.robot_supervisor]: Selected controllable event: EV_u_turn
[INFO] [1789489839.847431129] [robot_2.robot_supervisor]: Triggered uncontrollable event: EV_obstacle_right
[INFO] [1789489839.858994647] [robot_2.robot_supervisor]: Selected controllable event: EV_u_turn
[INFO] [1789489839.956353111] [robot_2.robot_supervisor]: Triggered uncontrollable event: EV_obstacle_right
[INFO] [1789489839.957319258] [robot_2.robot_supervisor]: Selected controllable event: EV_u_turn
[INFO] [1789489840.048115216] [robot_2.robot_supervisor]: Triggered uncontrollable event: EV_obstacle_right
[INFO] [1789489840.049052177] [robot_2.robot_supervisor]: Selected controllable event: EV_u_turn
[INFO] [1789489840.151013526] [robot_2.robot_supervisor]: Triggered uncontrollable event: EV_obstacle_right
[INFO] [1789489840.151871588] [robot_2.robot_supervisor]: Selected controllable event: EV_rotate_counterclockwise
[INFO] [1789489840.385922413] [robot_2.robot_supervisor]: Triggered uncontrollable event: EV_obstacle_right
[INFO] [1789489840.386858670] [robot_2.robot_supervisor]: Selected controllable event: EV_rotate_counterclockwise
[INFO] [1789489840.560689186] [robot_2.robot_supervisor]: ############################# REACHED: EV_object_reached #############################
[INFO] [1789489840.561610466] [robot_2.robot_supervisor]: Selected controllable event: EV_approach_color
[INFO] [1789489840.838866964] [robot_2.robot_supervisor]: Selected controllable event: EV_move_forward
[INFO] [1789489841.070300342] [robot_2.robot_supervisor]: Selected controllable event: EV_search_color
[INFO] [1789489841.291378053] [robot_2.robot_supervisor]: Selected controllable event: EV_approach_object
[INFO] [1789489841.552248330] [robot_2.robot_supervisor]: Triggered uncontrollable event: EV_object_not_visible
[INFO] [1789489841.556165762] [robot_2.robot_supervisor]: Selected controllable event: EV_approach_object
[INFO] [1789489841.847620601] [robot_2.robot_supervisor]: Selected controllable event: EV_search_color
[INFO] [1789489842.050405853] [robot_2.robot_supervisor]: Selected controllable event: EV_approach_color
[INFO] [1789489842.372655598] [robot_2.robot_supervisor]: Triggered uncontrollable event: EV_object_not_visible
[INFO] [1789489842.373857165] [robot_2.robot_supervisor]: Selected controllable event: EV_approach_object
[INFO] [1789489842.659559526] [robot_2.robot_supervisor]: Selected controllable event: EV_move_forward
[INFO] [1789489842.964895103] [robot_2.robot_supervisor]: Selected controllable event: EV_search_color
[INFO] [1789489843.162926936] [robot_2.robot_supervisor]: Selected controllable event: EV_move_forward
[INFO] [1789489843.453757845] [robot_2.robot_supervisor]: Triggered uncontrollable event: EV_object_not_visible
[INFO] [1789489843.454861618] [robot_2.robot_supervisor]: Selected controllable event: EV_move_forward
[INFO] [1789489843.769218502] [robot_2.robot_supervisor]: Selected controllable event: EV_move_forward
[INFO] [1789489844.075941758] [robot_2.robot_supervisor]: Selected controllable event: EV_move_forward
[INFO] [1789489844.364476199] [robot_2.robot_supervisor]: Triggered uncontrollable event: EV_obstacle_front
[INFO] [1789489844.371940087] [robot_2.robot_supervisor]: Triggered uncontrollable event: EV_object_not_visible
[INFO] [1789489844.377919122] [robot_2.robot_supervisor]: Selected controllable event: EV_move_backward
[INFO] [1789489844.656654907] [robot_2.robot_supervisor]: Triggered uncontrollable event: EV_obstacle_front
[INFO] [1789489844.657601170] [robot_2.robot_supervisor]: Selected controllable event: EV_rotate_counterclockwise
[INFO] [1789489844.849412810] [robot_2.robot_supervisor]: Triggered uncontrollable event: EV_obstacle_front
[INFO] [1789489844.854678869] [robot_2.robot_supervisor]: Selected controllable event: EV_rotate_counterclockwise
[INFO] [1789489845.056577289] [robot_2.robot_supervisor]: Triggered uncontrollable event: EV_obstacle_front
[INFO] [1789489845.057431321] [robot_2.robot_supervisor]: Selected controllable event: EV_move_backward
[INFO] [1789489845.267297000] [robot_2.robot_supervisor]: Triggered uncontrollable event: EV_obstacle_front
[INFO] [1789489845.268074193] [robot_2.robot_supervisor]: Triggered uncontrollable event: EV_object_not_visible
[INFO] [1789489845.268944432] [robot_2.robot_supervisor]: Selected controllable event: EV_rotate_clockwise
[INFO] [1789489845.464812845] [robot_2.robot_supervisor]: Triggered uncontrollable event: EV_obstacle_front
[INFO] [1789489845.471388749] [robot_2.robot_supervisor]: Selected controllable event: EV_rotate_clockwise
[INFO] [1789489845.662745371] [robot_2.robot_supervisor]: Triggered uncontrollable event: EV_obstacle_front
[INFO] [1789489845.671889807] [robot_2.robot_supervisor]: Selected controllable event: EV_rotate_clockwise
[INFO] [1789489845.855611383] [robot_2.robot_supervisor]: Triggered uncontrollable event: EV_obstacle_front
[INFO] [1789489845.868228687] [robot_2.robot_supervisor]: Selected controllable event: EV_rotate_clockwise
[INFO] [1789489846.048888361] [robot_2.robot_supervisor]: Triggered uncontrollable event: EV_obstacle_front
[INFO] [1789489846.049848248] [robot_2.robot_supervisor]: Triggered uncontrollable event: EV_object_not_visible
[INFO] [1789489846.064692603] [robot_2.robot_supervisor]: Selected controllable event: EV_rotate_counterclockwise
[INFO] [1789489846.262044264] [robot_2.robot_supervisor]: Triggered uncontrollable event: EV_obstacle_front
[INFO] [1789489846.263315751] [robot_2.robot_supervisor]: Selected controllable event: EV_u_turn
[INFO] [1789489846.283462678] [robot_2.robot_supervisor]: Starting FULL ROTATE (omega=1.000, have_odom=True, target_rad=3.142, timeout_s=3.500)
[INFO] [1789489849.877572604] [robot_2.robot_supervisor]: FULL ROTATE completed by timeout
[INFO] [1789489850.170009607] [robot_2.robot_supervisor]: Triggered uncontrollable event: EV_obstacle_right
[INFO] [1789489850.170928306] [robot_2.robot_supervisor]: ############################# VISIBLE: EV_object_visible #############################
[INFO] [1789489850.180000403] [robot_2.robot_supervisor]: Selected controllable event: EV_rotate_counterclockwise
[WARN] [1789489850.190372057] [robot_2.robot_supervisor]: no translation for 5.8s livelock detected; starting atomic escape (turn_sign=+1)
[INFO] [1789489852.759986721] [robot_2.robot_supervisor]: Zone-livelock escape completed
[INFO] [1789489853.047650058] [robot_2.robot_supervisor]: ############################# VISIBLE: EV_object_visible #############################
[INFO] [1789489853.058578419] [robot_2.robot_supervisor]: Selected controllable event: EV_move_forward
[INFO] [1789489853.353536866] [robot_2.robot_supervisor]: Selected controllable event: EV_move_forward
[INFO] [1789489853.661495130] [robot_2.robot_supervisor]: ############################# VISIBLE: EV_object_visible #############################
[INFO] [1789489853.674380069] [robot_2.robot_supervisor]: Selected controllable event: EV_search_color
[INFO] [1789489853.854754767] [robot_2.robot_supervisor]: Selected controllable event: EV_search_color
[INFO] [1789489854.047320139] [robot_2.robot_supervisor]: Selected controllable event: EV_approach_object
[INFO] [1789489854.277106390] [robot_2.robot_supervisor]: Selected controllable event: EV_approach_object
[INFO] [1789489854.549930816] [robot_2.robot_supervisor]: ############################# VISIBLE: EV_object_visible #############################
[INFO] [1789489854.550809416] [robot_2.robot_supervisor]: Selected controllable event: EV_search_object
[INFO] [1789489854.754341398] [robot_2.robot_supervisor]: Selected controllable event: EV_move_forward
[INFO] [1789489854.961685976] [robot_2.robot_supervisor]: Selected controllable event: EV_search_object
[INFO] [1789489855.141682187] [robot_2.robot_supervisor]: Selected controllable event: EV_approach_color
[INFO] [1789489855.346225589] [robot_2.robot_supervisor]: Selected controllable event: EV_approach_color
[INFO] [1789489855.557758303] [robot_2.robot_supervisor]: ############################# VISIBLE: EV_object_visible #############################
[INFO] [1789489855.565332776] [robot_2.robot_supervisor]: Selected controllable event: EV_approach_object
[INFO] [1789489855.852316931] [robot_2.robot_supervisor]: Selected controllable event: EV_search_object
[INFO] [1789489856.071260839] [robot_2.robot_supervisor]: Selected controllable event: EV_search_color
[INFO] [1789489856.247733820] [robot_2.robot_supervisor]: Selected controllable event: EV_move_forward
[INFO] [1789489856.475692278] [robot_2.robot_supervisor]: Selected controllable event: EV_approach_object
[INFO] [1789489856.769569701] [robot_2.robot_supervisor]: ############################# VISIBLE: EV_object_visible #############################
[INFO] [1789489856.770696263] [robot_2.robot_supervisor]: Selected controllable event: EV_search_object
[INFO] [1789489856.965491610] [robot_2.robot_supervisor]: Selected controllable event: EV_approach_color
[INFO] [1789489857.172266128] [robot_2.robot_supervisor]: Selected controllable event: EV_search_object
[INFO] [1789489857.369557527] [robot_2.robot_supervisor]: Selected controllable event: EV_move_forward
[INFO] [1789489857.646090834] [robot_2.robot_supervisor]: ############################# VISIBLE: EV_object_visible #############################
[INFO] [1789489857.653668276] [robot_2.robot_supervisor]: Selected controllable event: EV_approach_color
[INFO] [1789489857.868622446] [robot_2.robot_supervisor]: Selected controllable event: EV_search_object
[INFO] [1789489858.048862129] [robot_2.robot_supervisor]: Selected controllable event: EV_move_forward
[INFO] [1789489858.278143661] [robot_2.robot_supervisor]: Selected controllable event: EV_search_color
[INFO] [1789489858.447056239] [robot_2.robot_supervisor]: ############################# VISIBLE: EV_object_visible #############################
[INFO] [1789489858.453985106] [robot_2.robot_supervisor]: Selected controllable event: EV_approach_color
[INFO] [1789489858.773471690] [robot_2.robot_supervisor]: Selected controllable event: EV_approach_color
[INFO] [1789489859.055874113] [robot_2.robot_supervisor]: Selected controllable event: EV_search_object
[INFO] [1789489859.282003928] [robot_2.robot_supervisor]: Selected controllable event: EV_move_forward
[INFO] [1789489859.556083933] [robot_2.robot_supervisor]: ############################# REACHED: EV_object_reached #############################
[INFO] [1789489859.565197708] [robot_2.robot_supervisor]: Selected controllable event: EV_search_object
[INFO] [1789489859.769872007] [robot_2.robot_supervisor]: Selected controllable event: EV_search_color
[INFO] [1789489859.953508858] [robot_2.robot_supervisor]: Selected controllable event: EV_search_color
[INFO] [1789489860.164680420] [robot_2.robot_supervisor]: Selected controllable event: EV_move_forward
[INFO] [1789489860.461822655] [robot_2.robot_supervisor]: ############################# REACHED: EV_object_reached #############################
[INFO] [1789489860.468582231] [robot_2.robot_supervisor]: Selected controllable event: EV_search_color
[INFO] [1789489860.656463694] [robot_2.robot_supervisor]: Selected controllable event: EV_move_forward
[INFO] [1789489860.976207356] [robot_2.robot_supervisor]: Selected controllable event: EV_move_forward
[INFO] [1789489861.253149318] [robot_2.robot_supervisor]: Selected controllable event: EV_search_color
[INFO] [1789489861.454137824] [robot_2.robot_supervisor]: Triggered uncontrollable event: EV_obstacle_right
[INFO] [1789489861.454997711] [robot_2.robot_supervisor]: ############################# REACHED: EV_object_reached #############################
[INFO] [1789489861.471587501] [robot_2.robot_supervisor]: Selected controllable event: EV_u_turn
[INFO] [1789489861.472581358] [robot_2.robot_supervisor]: Starting FULL ROTATE (omega=1.000, have_odom=True, target_rad=3.142, timeout_s=3.500)
[INFO] [1789489865.063498044] [robot_2.robot_supervisor]: FULL ROTATE completed by timeout
[INFO] [1789489865.362423711] [robot_2.robot_supervisor]: Triggered uncontrollable event: EV_obstacle_right
[INFO] [1789489865.363287767] [robot_2.robot_supervisor]: ############################# REACHED: EV_object_reached #############################
[INFO] [1789489865.392000989] [robot_2.robot_supervisor]: Selected controllable event: EV_rotate_counterclockwise
[WARN] [1789489865.392929884] [robot_2.robot_supervisor]: no translation for 4.7s livelock detected; starting atomic escape (turn_sign=+1)
[INFO] [1789489867.847404000] [robot_2.robot_supervisor]: Zone-livelock escape completed
[INFO] [1789489868.171374441] [robot_2.robot_supervisor]: ############################# REACHED: EV_object_reached #############################
[INFO] [1789489868.172357511] [robot_2.robot_supervisor]: Selected controllable event: EV_search_object
[INFO] [1789489868.362109080] [robot_2.robot_supervisor]: ############################# REACHED: EV_object_reached #############################
[INFO] [1789489868.363183148] [robot_2.robot_supervisor]: Selected controllable event: EV_search_color
[INFO] [1789489868.559290202] [robot_2.robot_supervisor]: Selected controllable event: EV_move_forward
[INFO] [1789489868.858095215] [robot_2.robot_supervisor]: Selected controllable event: EV_approach_object
[INFO] [1789489869.061081123] [robot_2.robot_supervisor]: Selected controllable event: EV_approach_color
[INFO] [1789489869.350530028] [robot_2.robot_supervisor]: ############################# REACHED: EV_object_reached #############################
[INFO] [1789489869.351555166] [robot_2.robot_supervisor]: Selected controllable event: EV_approach_color
[INFO] [1789489869.641389971] [robot_2.robot_supervisor]: Selected controllable event: EV_approach_object
[INFO] [1789489869.846564465] [robot_2.robot_supervisor]: Selected controllable event: EV_approach_color
[INFO] [1789489870.144953854] [robot_2.robot_supervisor]: ############################# REACHED: EV_object_reached #############################
[INFO] [1789489870.157918243] [robot_2.robot_supervisor]: Selected controllable event: EV_search_color
[INFO] [1789489870.371817720] [robot_2.robot_supervisor]: Selected controllable event: EV_search_object
[INFO] [1789489870.551057617] [robot_2.robot_supervisor]: Selected controllable event: EV_approach_object
[INFO] [1789489870.852458560] [robot_2.robot_supervisor]: Selected controllable event: EV_search_color
[INFO] [1789489871.068973560] [robot_2.robot_supervisor]: ############################# REACHED: EV_object_reached #############################
[INFO] [1789489871.074117502] [robot_2.robot_supervisor]: Selected controllable event: EV_approach_color
[INFO] [1789489871.352215141] [robot_2.robot_supervisor]: Selected controllable event: EV_approach_color
[INFO] [1789489871.670503940] [robot_2.robot_supervisor]: Selected controllable event: EV_search_color
[INFO] [1789489871.786911798] [robot_2.robot_supervisor]: Selected controllable event: EV_approach_object
[INFO] [1789489872.054795186] [robot_2.robot_supervisor]: ############################# VISIBLE: EV_object_visible #############################
[INFO] [1789489872.055821245] [robot_2.robot_supervisor]: Selected controllable event: EV_search_color
[INFO] [1789489872.253766313] [robot_2.robot_supervisor]: Selected controllable event: EV_approach_color
[INFO] [1789489872.552753757] [robot_2.robot_supervisor]: Selected controllable event: EV_search_object
[INFO] [1789489872.746886915] [robot_2.robot_supervisor]: Selected controllable event: EV_search_object
[INFO] [1789489872.849776433] [robot_2.robot_supervisor]: Selected controllable event: EV_search_object
[INFO] [1789489873.058628784] [robot_2.robot_supervisor]: ############################# VISIBLE: EV_object_visible #############################
[INFO] [1789489873.059673922] [robot_2.robot_supervisor]: Selected controllable event: EV_search_color
[INFO] [1789489873.267303089] [robot_2.robot_supervisor]: Selected controllable event: EV_move_forward
[INFO] [1789489873.544170565] [robot_2.robot_supervisor]: Selected controllable event: EV_move_forward
[INFO] [1789489873.759436878] [robot_2.robot_supervisor]: ############################# VISIBLE: EV_object_visible #############################
[INFO] [1789489873.783934672] [robot_2.robot_supervisor]: Selected controllable event: EV_move_forward
[INFO] [1789489874.046896546] [robot_2.robot_supervisor]: Selected controllable event: EV_approach_object
[INFO] [1789489874.255607251] [robot_2.robot_supervisor]: Selected controllable event: EV_search_color
[INFO] [1789489874.461698530] [robot_2.robot_supervisor]: Selected controllable event: EV_search_object
[INFO] [1789489874.677657382] [robot_2.robot_supervisor]: Triggered uncontrollable event: EV_obstacle_right
[INFO] [1789489874.678543658] [robot_2.robot_supervisor]: ############################# VISIBLE: EV_object_visible #############################
[INFO] [1789489874.679626770] [robot_2.robot_supervisor]: Selected controllable event: EV_u_turn
[INFO] [1789489874.680536956] [robot_2.robot_supervisor]: Starting FULL ROTATE (omega=1.000, have_odom=True, target_rad=3.142, timeout_s=3.500)
[INFO] [1789489878.263750071] [robot_2.robot_supervisor]: FULL ROTATE completed by timeout
[INFO] [1789489878.549578046] [robot_2.robot_supervisor]: ############################# VISIBLE: EV_object_visible #############################
[INFO] [1789489878.565055296] [robot_2.robot_supervisor]: Selected controllable event: EV_search_object
[INFO] [1789489878.742886242] [robot_2.robot_supervisor]: Selected controllable event: EV_search_object
[INFO] [1789489878.868562243] [robot_2.robot_supervisor]: Selected controllable event: EV_search_color
[INFO] [1789489879.056499538] [robot_2.robot_supervisor]: ############################# VISIBLE: EV_object_visible #############################
[INFO] [1789489879.063361497] [robot_2.robot_supervisor]: Selected controllable event: EV_search_object
[INFO] [1789489879.249781151] [robot_2.robot_supervisor]: Selected controllable event: EV_approach_color
[INFO] [1789489879.551416897] [robot_2.robot_supervisor]: Selected controllable event: EV_move_forward
[INFO] [1789489879.842506052] [robot_2.robot_supervisor]: Selected controllable event: EV_search_object
[INFO] [1789489880.042459796] [robot_2.robot_supervisor]: ############################# VISIBLE: EV_object_visible #############################
[INFO] [1789489880.059977971] [robot_2.robot_supervisor]: Selected controllable event: EV_approach_object
[INFO] [1789489880.357740662] [robot_2.robot_supervisor]: Selected controllable event: EV_search_object
[INFO] [1789489880.560437277] [robot_2.robot_supervisor]: Selected controllable event: EV_search_color
[INFO] [1789489880.736499397] [robot_2.robot_supervisor]: Triggered uncontrollable event: EV_obstacle_right
[INFO] [1789489880.759366935] [robot_2.robot_supervisor]: ############################# REACHED: EV_object_reached #############################
[INFO] [1789489880.760294041] [robot_2.robot_supervisor]: Selected controllable event: EV_rotate_counterclockwise
[WARN] [1789489880.761085984] [robot_2.robot_supervisor]: no translation for 6.7s livelock detected; starting atomic escape (turn_sign=+1)
[INFO] [1789489883.253176684] [robot_2.robot_supervisor]: Zone-livelock escape completed
[INFO] [1789489883.555584614] [robot_2.robot_supervisor]: ############################# VISIBLE: EV_object_visible #############################
[INFO] [1789489883.569542667] [robot_2.robot_supervisor]: Selected controllable event: EV_approach_color
[INFO] [1789489883.844858504] [robot_2.robot_supervisor]: Selected controllable event: EV_approach_object
[INFO] [1789489884.181938700] [robot_2.robot_supervisor]: ############################# VISIBLE: EV_object_visible #############################
[INFO] [1789489884.182900764] [robot_2.robot_supervisor]: Selected controllable event: EV_search_color
[INFO] [1789489884.372018726] [robot_2.robot_supervisor]: Selected controllable event: EV_approach_object
[INFO] [1789489884.640474566] [robot_2.robot_supervisor]: Selected controllable event: EV_search_object
[INFO] [1789489884.754512443] [robot_2.robot_supervisor]: Selected controllable event: EV_move_forward
[INFO] [1789489885.056371926] [robot_2.robot_supervisor]: ############################# VISIBLE: EV_object_visible #############################
[INFO] [1789489885.057410929] [robot_2.robot_supervisor]: Selected controllable event: EV_move_forward
[INFO] [1789489885.270811035] [robot_2.robot_supervisor]: Selected controllable event: EV_search_object
[INFO] [1789489885.442420238] [robot_2.robot_supervisor]: Selected controllable event: EV_approach_color
[INFO] [1789489885.764078388] [robot_2.robot_supervisor]: Triggered uncontrollable event: EV_object_not_visible
[INFO] [1789489885.774065306] [robot_2.robot_supervisor]: Selected controllable event: EV_search_color
[INFO] [1789489885.955129489] [robot_2.robot_supervisor]: Selected controllable event: EV_move_forward
[INFO] [1789489886.264847834] [robot_2.robot_supervisor]: Selected controllable event: EV_search_object
[INFO] [1789489886.443781145] [robot_2.robot_supervisor]: Selected controllable event: EV_approach_object
[INFO] [1789489886.754277175] [robot_2.robot_supervisor]: Triggered uncontrollable event: EV_object_not_visible
[INFO] [1789489886.755527768] [robot_2.robot_supervisor]: Selected controllable event: EV_approach_object
[INFO] [1789489887.066367991] [robot_2.robot_supervisor]: Selected controllable event: EV_search_object
[INFO] [1789489887.275440016] [robot_2.robot_supervisor]: Selected controllable event: EV_search_object
[INFO] [1789489887.454680031] [robot_2.robot_supervisor]: Selected controllable event: EV_move_forward
[INFO] [1789489887.670686141] [robot_2.robot_supervisor]: Triggered uncontrollable event: EV_obstacle_right
[INFO] [1789489887.671526110] [robot_2.robot_supervisor]: Triggered uncontrollable event: EV_object_not_visible
[INFO] [1789489887.695196260] [robot_2.robot_supervisor]: Selected controllable event: EV_rotate_counterclockwise
[INFO] [1789489887.858293492] [robot_2.robot_supervisor]: Triggered uncontrollable event: EV_obstacle_right
[INFO] [1789489887.870362789] [robot_2.robot_supervisor]: Selected controllable event: EV_rotate_counterclockwise
[INFO] [1789489888.066642939] [robot_2.robot_supervisor]: Triggered uncontrollable event: EV_obstacle_right
[INFO] [1789489888.087102543] [robot_2.robot_supervisor]: Selected controllable event: EV_u_turn
[INFO] [1789489888.097280904] [robot_2.robot_supervisor]: Starting FULL ROTATE (omega=1.000, have_odom=True, target_rad=3.142, timeout_s=3.500)
[INFO] [1789489891.650503899] [robot_2.robot_supervisor]: FULL ROTATE completed by timeout
[INFO] [1789489891.849058291] [robot_2.robot_supervisor]: ############################# VISIBLE: EV_object_visible #############################
[INFO] [1789489891.850020432] [robot_2.robot_supervisor]: Selected controllable event: EV_approach_color
[INFO] [1789489892.067766908] [robot_2.robot_supervisor]: Selected controllable event: EV_search_color
[INFO] [1789489892.237065538] [robot_2.robot_supervisor]: Selected controllable event: EV_approach_color
[INFO] [1789489892.449728417] [robot_2.robot_supervisor]: Selected controllable event: EV_approach_object
[INFO] [1789489892.747461640] [robot_2.robot_supervisor]: Selected controllable event: EV_approach_color
[INFO] [1789489892.959606994] [robot_2.robot_supervisor]: ############################# VISIBLE: EV_object_visible #############################
[INFO] [1789489892.960562080] [robot_2.robot_supervisor]: Selected controllable event: EV_search_object
[INFO] [1789489893.155309518] [robot_2.robot_supervisor]: Selected controllable event: EV_approach_object
[INFO] [1789489893.467920251] [robot_2.robot_supervisor]: Selected controllable event: EV_move_forward
[INFO] [1789489893.755361153] [robot_2.robot_supervisor]: ############################# VISIBLE: EV_object_visible #############################
[INFO] [1789489893.757547256] [robot_2.robot_supervisor]: Selected controllable event: EV_move_forward
[INFO] [1789489894.050959384] [robot_2.robot_supervisor]: Selected controllable event: EV_approach_color
[INFO] [1789489894.268450847] [robot_2.robot_supervisor]: Selected controllable event: EV_approach_object
[INFO] [1789489894.541691023] [robot_2.robot_supervisor]: Triggered uncontrollable event: EV_obstacle_right
[INFO] [1789489894.555757425] [robot_2.robot_supervisor]: Selected controllable event: EV_rotate_counterclockwise
[INFO] [1789489894.664008431] [robot_2.robot_supervisor]: Triggered uncontrollable event: EV_obstacle_right
[INFO] [1789489894.664834551] [robot_2.robot_supervisor]: ############################# VISIBLE: EV_object_visible #############################
[INFO] [1789489894.680715677] [robot_2.robot_supervisor]: Selected controllable event: EV_rotate_counterclockwise
[INFO] [1789489894.864488914] [robot_2.robot_supervisor]: Triggered uncontrollable event: EV_obstacle_right
[INFO] [1789489894.867235106] [robot_2.robot_supervisor]: Selected controllable event: EV_rotate_counterclockwise
[INFO] [1789489895.064056770] [robot_2.robot_supervisor]: Triggered uncontrollable event: EV_obstacle_right
[INFO] [1789489895.065177603] [robot_2.robot_supervisor]: Selected controllable event: EV_u_turn
[INFO] [1789489895.078892076] [robot_2.robot_supervisor]: Starting FULL ROTATE (omega=1.000, have_odom=True, target_rad=3.142, timeout_s=3.500)
[INFO] [1789489898.688552606] [robot_2.robot_supervisor]: FULL ROTATE completed by timeout
[INFO] [1789489898.860399091] [robot_2.robot_supervisor]: ############################# VISIBLE: EV_object_visible #############################
[INFO] [1789489898.861382516] [robot_2.robot_supervisor]: Selected controllable event: EV_search_color
[INFO] [1789489899.063307289] [robot_2.robot_supervisor]: ############################# VISIBLE: EV_object_visible #############################
[INFO] [1789489899.072886131] [robot_2.robot_supervisor]: Selected controllable event: EV_approach_color
[INFO] [1789489899.351978205] [robot_2.robot_supervisor]: Selected controllable event: EV_search_object
[INFO] [1789489899.572901692] [robot_2.robot_supervisor]: Selected controllable event: EV_search_color
[INFO] [1789489899.771664216] [robot_2.robot_supervisor]: ############################# VISIBLE: EV_object_visible #############################
[INFO] [1789489899.772735453] [robot_2.robot_supervisor]: Selected controllable event: EV_search_object
[INFO] [1789489899.969074004] [robot_2.robot_supervisor]: Selected controllable event: EV_search_color
[INFO] [1789489900.153594480] [robot_2.robot_supervisor]: Selected controllable event: EV_move_forward
[INFO] [1789489900.453536666] [robot_2.robot_supervisor]: Selected controllable event: EV_search_color
[INFO] [1789489900.652810065] [robot_2.robot_supervisor]: ############################# VISIBLE: EV_object_visible #############################
[INFO] [1789489900.671730344] [robot_2.robot_supervisor]: Selected controllable event: EV_move_forward
[INFO] [1789489900.962766781] [robot_2.robot_supervisor]: Selected controllable event: EV_search_object
[INFO] [1789489901.141832674] [robot_2.robot_supervisor]: Selected controllable event: EV_search_object
[INFO] [1789489901.349314813] [robot_2.robot_supervisor]: Selected controllable event: EV_move_forward
[INFO] [1789489901.570739671] [robot_2.robot_supervisor]: ############################# VISIBLE: EV_object_visible #############################
[INFO] [1789489901.571781930] [robot_2.robot_supervisor]: Selected controllable event: EV_search_color
[INFO] [1789489901.740377771] [robot_2.robot_supervisor]: Selected controllable event: EV_approach_color
[INFO] [1789489901.966168845] [robot_2.robot_supervisor]: Selected controllable event: EV_approach_object
[INFO] [1789489902.241026812] [robot_2.robot_supervisor]: Selected controllable event: EV_search_object
[INFO] [1789489902.351644386] [robot_2.robot_supervisor]: ############################# VISIBLE: EV_object_visible #############################
[INFO] [1789489902.368060660] [robot_2.robot_supervisor]: Selected controllable event: EV_approach_color
[INFO] [1789489902.664052240] [robot_2.robot_supervisor]: Selected controllable event: EV_search_color
[INFO] [1789489902.853441876] [robot_2.robot_supervisor]: Selected controllable event: EV_approach_color
[INFO] [1789489903.062034639] [robot_2.robot_supervisor]: Selected controllable event: EV_search_color
[INFO] [1789489903.177962655] [robot_2.robot_supervisor]: Selected controllable event: EV_move_forward
[INFO] [1789489903.459836486] [robot_2.robot_supervisor]: ############################# VISIBLE: EV_object_visible #############################
[INFO] [1789489903.462091885] [robot_2.robot_supervisor]: Selected controllable event: EV_approach_color
[INFO] [1789489903.745262802] [robot_2.robot_supervisor]: Selected controllable event: EV_approach_object
[INFO] [1789489904.045897319] [robot_2.robot_supervisor]: Selected controllable event: EV_approach_color
[INFO] [1789489904.350801432] [robot_2.robot_supervisor]: Triggered uncontrollable event: EV_obstacle_right
[INFO] [1789489904.351579059] [robot_2.robot_supervisor]: Triggered uncontrollable event: EV_object_not_visible
[INFO] [1789489904.373006493] [robot_2.robot_supervisor]: Selected controllable event: EV_u_turn
[INFO] [1789489904.381099718] [robot_2.robot_supervisor]: Starting FULL ROTATE (omega=1.000, have_odom=True, target_rad=3.142, timeout_s=3.500)
[INFO] [1789489907.952670678] [robot_2.robot_supervisor]: FULL ROTATE completed by timeout
[INFO] [1789489908.162394099] [robot_2.robot_supervisor]: Triggered uncontrollable event: EV_object_not_visible
[INFO] [1789489908.167514428] [robot_2.robot_supervisor]: Selected controllable event: EV_search_color
[INFO] [1789489908.362544994] [robot_2.robot_supervisor]: Selected controllable event: EV_approach_object
[INFO] [1789489908.676460941] [robot_2.robot_supervisor]: Triggered uncontrollable event: EV_object_not_visible
[INFO] [1789489908.677565909] [robot_2.robot_supervisor]: Selected controllable event: EV_approach_object
[INFO] [1789489908.956153620] [robot_2.robot_supervisor]: Selected controllable event: EV_approach_color
[INFO] [1789489909.251920573] [robot_2.robot_supervisor]: Selected controllable event: EV_move_forward
[INFO] [1789489909.456820665] [robot_2.robot_supervisor]: Selected controllable event: EV_approach_object
[INFO] [1789489909.762517784] [robot_2.robot_supervisor]: ############################# VISIBLE: EV_object_visible #############################
[INFO] [1789489909.781665341] [robot_2.robot_supervisor]: Selected controllable event: EV_approach_color
[INFO] [1789489910.066269247] [robot_2.robot_supervisor]: Selected controllable event: EV_approach_color
[INFO] [1789489910.361952696] [robot_2.robot_supervisor]: Selected controllable event: EV_search_object
[INFO] [1789489910.607109266] [robot_2.robot_supervisor]: Selected controllable event: EV_search_object
[INFO] [1789489910.744681990] [robot_2.robot_supervisor]: Selected controllable event: EV_move_forward
