[60.062s] Invoking command in '/home/ecem/sct_ws/src/llm_sct/leo_patrolling': AMENT_PREFIX_PATH=/home/ecem/sct_ws/src/llm_sct/install/leo_image_processing:/home/ecem/sct_ws/src/llm_sct/install/evaluation:${AMENT_PREFIX_PATH} PYTHONPATH=/home/ecem/sct_ws/src/llm_sct/build/leo_patrolling/prefix_override:/usr/lib/python3/dist-packages/colcon_core/task/python/colcon_distutils_commands:/home/ecem/sct_ws/src/llm_sct/install/leo_patrolling/lib/python3.10/site-packages:/home/ecem/sct_ws/src/llm_sct/install/leo_image_processing/lib/python3.10/site-packages:/home/ecem/sct_ws/src/llm_sct/install/evaluation/lib/python3.10/site-packages:${PYTHONPATH} /usr/bin/python3 -W ignore:setup.py install is deprecated -W ignore:easy_install command is deprecated setup.py egg_info --egg-base ../build/leo_patrolling build --build-base /home/ecem/sct_ws/src/llm_sct/build/leo_patrolling/build install --record /home/ecem/sct_ws/src/llm_sct/build/leo_patrolling/install.log --single-version-externally-managed install_data
[60.241s] running egg_info
[60.241s] writing ../build/leo_patrolling/leo_patrolling.egg-info/PKG-INFO
[60.241s] writing dependency_links to ../build/leo_patrolling/leo_patrolling.egg-info/dependency_links.txt
[60.241s] writing entry points to ../build/leo_patrolling/leo_patrolling.egg-info/entry_points.txt
[60.241s] writing requirements to ../build/leo_patrolling/leo_patrolling.egg-info/requires.txt
[60.241s] writing top-level names to ../build/leo_patrolling/leo_patrolling.egg-info/top_level.txt
[60.242s] reading manifest file '../build/leo_patrolling/leo_patrolling.egg-info/SOURCES.txt'
[60.243s] writing manifest file '../build/leo_patrolling/leo_patrolling.egg-info/SOURCES.txt'
[60.243s] running build
[60.243s] running build_py
[60.243s] copying leo_patrolling/robot_supervisor.py -> /home/ecem/sct_ws/src/llm_sct/build/leo_patrolling/build/lib/leo_patrolling
[60.243s] running install
[60.243s] running install_lib
[60.244s] copying /home/ecem/sct_ws/src/llm_sct/build/leo_patrolling/build/lib/leo_patrolling/robot_supervisor.py -> /home/ecem/sct_ws/src/llm_sct/install/leo_patrolling/lib/python3.10/site-packages/leo_patrolling
[60.244s] byte-compiling /home/ecem/sct_ws/src/llm_sct/install/leo_patrolling/lib/python3.10/site-packages/leo_patrolling/robot_supervisor.py to robot_supervisor.cpython-310.pyc
[60.248s] running install_data
[60.248s] copying config/sup_patrolling.yaml -> /home/ecem/sct_ws/src/llm_sct/install/leo_patrolling/share/leo_patrolling/config
[60.248s] copying ../worlds/random_world_rgb.sdf -> /home/ecem/sct_ws/src/llm_sct/install/leo_patrolling/share/leo_patrolling/worlds
[60.249s] running install_egg_info
[60.250s] removing '/home/ecem/sct_ws/src/llm_sct/install/leo_patrolling/lib/python3.10/site-packages/leo_patrolling-0.0.0-py3.10.egg-info' (and everything under it)
[60.250s] Copying ../build/leo_patrolling/leo_patrolling.egg-info to /home/ecem/sct_ws/src/llm_sct/install/leo_patrolling/lib/python3.10/site-packages/leo_patrolling-0.0.0-py3.10.egg-info
[60.250s] running install_scripts
[60.262s] Installing color_detector script to /home/ecem/sct_ws/src/llm_sct/install/leo_patrolling/lib/leo_patrolling
[60.262s] Installing robot_supervisor script to /home/ecem/sct_ws/src/llm_sct/install/leo_patrolling/lib/leo_patrolling
[60.262s] writing list of installed files to '/home/ecem/sct_ws/src/llm_sct/build/leo_patrolling/install.log'
[90.091s] Invoked command in '/home/ecem/sct_ws/src/llm_sct/leo_patrolling' returned '0': AMENT_PREFIX_PATH=/home/ecem/sct_ws/src/llm_sct/install/leo_image_processing:/home/ecem/sct_ws/src/llm_sct/install/evaluation:${AMENT_PREFIX_PATH} PYTHONPATH=/home/ecem/sct_ws/src/llm_sct/build/leo_patrolling/prefix_override:/usr/lib/python3/dist-packages/colcon_core/task/python/colcon_distutils_commands:/home/ecem/sct_ws/src/llm_sct/install/leo_patrolling/lib/python3.10/site-packages:/home/ecem/sct_ws/src/llm_sct/install/leo_image_processing/lib/python3.10/site-packages:/home/ecem/sct_ws/src/llm_sct/install/evaluation/lib/python3.10/site-packages:${PYTHONPATH} /usr/bin/python3 -W ignore:setup.py install is deprecated -W ignore:easy_install command is deprecated setup.py egg_info --egg-base ../build/leo_patrolling build --build-base /home/ecem/sct_ws/src/llm_sct/build/leo_patrolling/build install --record /home/ecem/sct_ws/src/llm_sct/build/leo_patrolling/install.log --single-version-externally-managed install_data
