1789488276.6209228 [INFO] [launch]: All log files can be found below /home/ecem/sct_ws/src/llm_sct/RESULTS_LAST/baseline/balanced_delivery/batch_logs/ros_slot0/2026-09-15-18-04-36-611580-ecem-pc-466
1789488276.6210301 [INFO] [launch]: Default logging verbosity is set to INFO
1789488277.4021893 [INFO] [ign gazebo-1]: process started with pid [498]
1789488277.4024582 [INFO] [image_bridge-2]: process started with pid [502]
1789488277.4025812 [INFO] [simulation_video_recorder-3]: process started with pid [509]
1789488277.4026873 [INFO] [coverage_counter-4]: process started with pid [517]
1789488277.4027843 [INFO] [bump_counter-5]: process started with pid [519]
1789488277.4225426 [INFO] [parameter_bridge-6]: process started with pid [523]
1789488277.4227986 [INFO] [robot_state_publisher-7]: process started with pid [537]
1789488277.4229541 [INFO] [create-8]: process started with pid [542]
1789488277.4230714 [INFO] [static_transform_publisher-9]: process started with pid [551]
1789488277.4231877 [INFO] [image_bridge-10]: process started with pid [560]
1789488277.4232957 [INFO] [robot_state_publisher-11]: process started with pid [573]
1789488277.4234233 [ERROR] [robot_state_publisher-11]: process has died [pid 573, exit code -6, cmd '/opt/ros/humble/lib/robot_state_publisher/robot_state_publisher --ros-args -r __ns:=/robot_1 --params-file /tmp/launch_params_n8pxlona -r joint_states:=/robot_1/joint_states -r tf:=/tf -r tf_static:=/tf_static'].
1789488277.4235914 [INFO] [create-12]: process started with pid [583]
1789488277.4237142 [INFO] [static_transform_publisher-13]: process started with pid [596]
1789488277.4238262 [ERROR] [static_transform_publisher-13]: process has died [pid 596, exit code -6, cmd '/opt/ros/humble/lib/tf2_ros/static_transform_publisher -2.0796377947487654 1.1992956060364741 0.0 -2.2051915382430587 0.0 0.0 odom robot_1/odom --ros-args -r __node:=robot_1_spawn_offset_tf'].
1789488277.4239693 [INFO] [image_bridge-14]: process started with pid [610]
1789488277.4240811 [INFO] [robot_state_publisher-15]: process started with pid [620]
1789488277.4241922 [ERROR] [robot_state_publisher-15]: process has died [pid 620, exit code -6, cmd '/opt/ros/humble/lib/robot_state_publisher/robot_state_publisher --ros-args -r __ns:=/robot_2 --params-file /tmp/launch_params_cty2equ1 -r joint_states:=/robot_2/joint_states -r tf:=/tf -r tf_static:=/tf_static'].
1789488277.4243162 [INFO] [create-16]: process started with pid [628]
1789488277.4244287 [INFO] [static_transform_publisher-17]: process started with pid [634]
1789488277.4245317 [INFO] [image_bridge-18]: process started with pid [648]
1789488277.4246292 [INFO] [parameter_bridge-19]: process started with pid [655]
1789488277.4358244 [ERROR] [robot_state_publisher-7]: process has died [pid 537, exit code -6, cmd '/opt/ros/humble/lib/robot_state_publisher/robot_state_publisher --ros-args -r __ns:=/robot_0 --params-file /tmp/launch_params_1zap_u64 -r joint_states:=/robot_0/joint_states -r tf:=/tf -r tf_static:=/tf_static'].
1789488277.4361351 [ERROR] [static_transform_publisher-9]: process has died [pid 551, exit code -6, cmd '/opt/ros/humble/lib/tf2_ros/static_transform_publisher 1.6080290859438304 -2.764435858377044 0.0 0.26961197079695065 0.0 0.0 odom robot_0/odom --ros-args -r __node:=robot_0_spawn_offset_tf'].
1789488277.4889047 [ERROR] [create-8]: process has died [pid 542, exit code -6, cmd '/opt/ros/humble/lib/ros_gz_sim/create -name robot_0 -x 1.6080290859438304 -y -2.764435858377044 -z 0.1 -Y 0.26961197079695065 -topic /robot_0/robot_description --ros-args -r __ns:=/robot_0'].
1789488277.6587026 [ERROR] [create-16]: process has died [pid 628, exit code -6, cmd '/opt/ros/humble/lib/ros_gz_sim/create -name robot_2 -x 0.03625888782518194 -y -1.8618034072002125 -z 0.1 -Y 1.0213779695706053 -topic /robot_2/robot_description --ros-args -r __ns:=/robot_2'].
1789488277.6680756 [ERROR] [image_bridge-2]: process has died [pid 502, exit code -6, cmd '/opt/ros/humble/lib/ros_gz_image/image_bridge /top_view_camera/image --ros-args -r __node:=top_view_image_bridge'].
1789488277.6684802 [ERROR] [static_transform_publisher-17]: process has died [pid 634, exit code -6, cmd '/opt/ros/humble/lib/tf2_ros/static_transform_publisher 0.03625888782518194 -1.8618034072002125 0.0 1.0213779695706053 0.0 0.0 odom robot_2/odom --ros-args -r __node:=robot_2_spawn_offset_tf'].
1789488277.6686370 [ERROR] [parameter_bridge-6]: process has died [pid 523, exit code -6, cmd '/opt/ros/humble/lib/ros_gz_bridge/parameter_bridge /robot_0/cmd_vel@geometry_msgs/msg/Twist]ignition.msgs.Twist /robot_0/odom@nav_msgs/msg/Odometry[ignition.msgs.Odometry /robot_0/tf@tf2_msgs/msg/TFMessage[ignition.msgs.Pose_V /robot_0/joint_states@sensor_msgs/msg/JointState[ignition.msgs.Model /robot_0/depth_camera/depth_image@sensor_msgs/msg/Image[ignition.msgs.Image /robot_0/depth_camera/camera_info@sensor_msgs/msg/CameraInfo[ignition.msgs.CameraInfo /world/random_world/model/robot_0/link/robot_0/base_footprint/sensor/contact_sensor/contact@ros_gz_interfaces/msg/Contacts[ignition.msgs.Contacts /robot_1/cmd_vel@geometry_msgs/msg/Twist]ignition.msgs.Twist /robot_1/odom@nav_msgs/msg/Odometry[ignition.msgs.Odometry /robot_1/tf@tf2_msgs/msg/TFMessage[ignition.msgs.Pose_V /robot_1/joint_states@sensor_msgs/msg/JointState[ignition.msgs.Model /robot_1/depth_camera/depth_image@sensor_msgs/msg/Image[ignition.msgs.Image /robot_1/depth_camera/camera_info@sensor_msgs/msg/CameraInfo[ignition.msgs.CameraInfo /world/random_world/model/robot_1/link/robot_1/base_footprint/sensor/contact_sensor/contact@ros_gz_interfaces/msg/Contacts[ignition.msgs.Contacts /robot_2/cmd_vel@geometry_msgs/msg/Twist]ignition.msgs.Twist /robot_2/odom@nav_msgs/msg/Odometry[ignition.msgs.Odometry /robot_2/tf@tf2_msgs/msg/TFMessage[ignition.msgs.Pose_V /robot_2/joint_states@sensor_msgs/msg/JointState[ignition.msgs.Model /robot_2/depth_camera/depth_image@sensor_msgs/msg/Image[ignition.msgs.Image /robot_2/depth_camera/camera_info@sensor_msgs/msg/CameraInfo[ignition.msgs.CameraInfo /world/random_world/model/robot_2/link/robot_2/base_footprint/sensor/contact_sensor/contact@ros_gz_interfaces/msg/Contacts[ignition.msgs.Contacts /world/random_world/dynamic_pose/info@tf2_msgs/msg/TFMessage[ignition.msgs.Pose_V /world/random_world/create@ros_gz_interfaces/srv/SpawnEntity /world/random_world/remove@ros_gz_interfaces/srv/DeleteEntity /world/random_world/set_pose@ros_gz_interfaces/srv/SetEntityPose --ros-args -r __node:=all_robots_bridge --params-file /tmp/launch_params_w6s94hrp -r /robot_0/tf:=/tf -r /robot_1/tf:=/tf -r /robot_2/tf:=/tf'].
1789488277.6688027 [ERROR] [create-12]: process has died [pid 583, exit code -6, cmd '/opt/ros/humble/lib/ros_gz_sim/create -name robot_1 -x -2.0796377947487654 -y 1.1992956060364741 -z 0.1 -Y -2.2051915382430587 -topic /robot_1/robot_description --ros-args -r __ns:=/robot_1'].
1789488277.6698053 [INFO] [balanced_delivery_supervisor-20]: process started with pid [697]
1789488277.6699543 [INFO] [stuck_recovery-21]: process started with pid [702]
1789488277.8403044 [ERROR] [image_bridge-10]: process has died [pid 560, exit code -6, cmd '/opt/ros/humble/lib/ros_gz_image/image_bridge /robot_0/depth_camera/image --ros-args -r __node:=robot_0_rgb_image_bridge'].
1789488277.8406506 [ERROR] [image_bridge-14]: process has died [pid 610, exit code -6, cmd '/opt/ros/humble/lib/ros_gz_image/image_bridge /robot_1/depth_camera/image --ros-args -r __node:=robot_1_rgb_image_bridge'].
1789488277.8415761 [INFO] [balanced_delivery_supervisor-22]: process started with pid [718]
1789488277.8418193 [INFO] [stuck_recovery-23]: process started with pid [721]
1789488278.0284698 [ERROR] [image_bridge-18]: process has died [pid 648, exit code -6, cmd '/opt/ros/humble/lib/ros_gz_image/image_bridge /robot_2/depth_camera/image --ros-args -r __node:=robot_2_rgb_image_bridge'].
1789488278.0287728 [ERROR] [parameter_bridge-19]: process has died [pid 655, exit code -6, cmd '/opt/ros/humble/lib/ros_gz_bridge/parameter_bridge /clock@rosgraph_msgs/msg/Clock[ignition.msgs.Clock --ros-args -r __node:=clock_bridge --params-file /tmp/launch_params_4ru7xwsu'].
1789488278.0295997 [INFO] [balanced_delivery_supervisor-24]: process started with pid [732]
1789488278.0298193 [INFO] [stuck_recovery-25]: process started with pid [735]
1789488278.4992774 [ERROR] [ign gazebo-1]: process has died [pid 498, exit code 255, cmd 'ruby /usr/bin/ign gazebo /tmp/leo_delivery_no_overhead_camera__d54rk8o.sdf -s --headless-rendering -r -z 200 --force-version 6'].
1789488278.5000498 [INFO] [launch]: process[ign gazebo-1] was required: shutting down launched system
1789488278.5556738 [INFO] [stuck_recovery-25]: sending signal 'SIGINT' to process[stuck_recovery-25]
1789488278.6082790 [INFO] [balanced_delivery_supervisor-24]: sending signal 'SIGINT' to process[balanced_delivery_supervisor-24]
1789488278.6395750 [INFO] [stuck_recovery-23]: sending signal 'SIGINT' to process[stuck_recovery-23]
1789488278.6840794 [INFO] [balanced_delivery_supervisor-22]: sending signal 'SIGINT' to process[balanced_delivery_supervisor-22]
1789488278.7148218 [ERROR] [stuck_recovery-25]: process has died [pid 735, exit code -2, cmd '/home/ecem/sct_ws/install/leo_image_processing/lib/leo_image_processing/stuck_recovery --ros-args -r __node:=stuck_recovery -r __ns:=/robot_1 --params-file /tmp/launch_params_eu5bjndk --params-file /tmp/launch_params_ka215mw4 --params-file /tmp/launch_params_k7x3jcmw --params-file /tmp/launch_params_l6pbly34 --params-file /tmp/launch_params_iris75pd --params-file /tmp/launch_params_d7m9s5sz --params-file /tmp/launch_params_ngtmb_k9 --params-file /tmp/launch_params_hi_xl95r --params-file /tmp/launch_params_msjbb027 --params-file /tmp/launch_params_hqkzm6ev'].
1789488278.7273920 [INFO] [stuck_recovery-21]: sending signal 'SIGINT' to process[stuck_recovery-21]
1789488278.7452493 [ERROR] [balanced_delivery_supervisor-24]: process has died [pid 732, exit code -2, cmd '/home/ecem/sct_ws/install/leo_delivery/lib/leo_delivery/balanced_delivery_supervisor --ros-args -r __node:=robot_supervisor -r __ns:=/robot_1 --params-file /tmp/launch_params__6p3190u --params-file /tmp/launch_params__td0nznd --params-file /tmp/launch_params_8nn7ja9g --params-file /tmp/launch_params__j2evew4 --params-file /tmp/launch_params_urv9kuk0 --params-file /tmp/launch_params_idf4az4t --params-file /tmp/launch_params_me7t_b_v --params-file /tmp/launch_params__tttzwc5 --params-file /tmp/launch_params_j5hor70m -r cmd_vel:=cmd_vel_supervisor'].
1789488278.7591758 [INFO] [balanced_delivery_supervisor-20]: sending signal 'SIGINT' to process[balanced_delivery_supervisor-20]
1789488278.7753716 [ERROR] [stuck_recovery-23]: process has died [pid 721, exit code -2, cmd '/home/ecem/sct_ws/install/leo_image_processing/lib/leo_image_processing/stuck_recovery --ros-args -r __node:=stuck_recovery -r __ns:=/robot_2 --params-file /tmp/launch_params_whkathda --params-file /tmp/launch_params_0r7gddvf --params-file /tmp/launch_params_a42_yft2 --params-file /tmp/launch_params_utne_eag --params-file /tmp/launch_params_24z30ud8 --params-file /tmp/launch_params_mbnvdyzx --params-file /tmp/launch_params_iy8d36jo --params-file /tmp/launch_params_vcbl49iy --params-file /tmp/launch_params_0wgunlqj --params-file /tmp/launch_params_0v2tfd6d'].
1789488278.8037274 [INFO] [bump_counter-5]: sending signal 'SIGINT' to process[bump_counter-5]
1789488278.8148479 [INFO] [coverage_counter-4]: sending signal 'SIGINT' to process[coverage_counter-4]
1789488278.8170338 [ERROR] [balanced_delivery_supervisor-22]: process has died [pid 718, exit code -2, cmd '/home/ecem/sct_ws/install/leo_delivery/lib/leo_delivery/balanced_delivery_supervisor --ros-args -r __node:=robot_supervisor -r __ns:=/robot_2 --params-file /tmp/launch_params_s36kxy13 --params-file /tmp/launch_params_fe9xd__6 --params-file /tmp/launch_params_w6ik7nrs --params-file /tmp/launch_params_7qrtrb0a --params-file /tmp/launch_params_o0nc8rxw --params-file /tmp/launch_params_wkti5e5a --params-file /tmp/launch_params_14m7qohl --params-file /tmp/launch_params_y4krizy2 --params-file /tmp/launch_params_05c9gfkz -r cmd_vel:=cmd_vel_supervisor'].
1789488278.8172789 [ERROR] [stuck_recovery-21]: process has died [pid 702, exit code -2, cmd '/home/ecem/sct_ws/install/leo_image_processing/lib/leo_image_processing/stuck_recovery --ros-args -r __node:=stuck_recovery -r __ns:=/robot_0 --params-file /tmp/launch_params_otmy557f --params-file /tmp/launch_params_0dpvpa29 --params-file /tmp/launch_params_i3kwca3v --params-file /tmp/launch_params_c7_jngqq --params-file /tmp/launch_params_wnsfomy5 --params-file /tmp/launch_params_a9s7m6jj --params-file /tmp/launch_params_zuqele79 --params-file /tmp/launch_params_gw5pvn6z --params-file /tmp/launch_params_2aoxg9cx --params-file /tmp/launch_params__op77sbv'].
1789488278.8223724 [INFO] [simulation_video_recorder-3]: sending signal 'SIGINT' to process[simulation_video_recorder-3]
1789488278.8401861 [ERROR] [balanced_delivery_supervisor-20]: process has died [pid 697, exit code -2, cmd '/home/ecem/sct_ws/install/leo_delivery/lib/leo_delivery/balanced_delivery_supervisor --ros-args -r __node:=robot_supervisor -r __ns:=/robot_0 --params-file /tmp/launch_params_pxyh15is --params-file /tmp/launch_params_0y2t_exa --params-file /tmp/launch_params_elg0b7bu --params-file /tmp/launch_params_0dy85kmd --params-file /tmp/launch_params_ph_hcacw --params-file /tmp/launch_params_k9hrwr20 --params-file /tmp/launch_params_xiu_n2vc --params-file /tmp/launch_params_za95z5x3 --params-file /tmp/launch_params_iqd83_pz -r cmd_vel:=cmd_vel_supervisor'].
1789488278.8752992 [ERROR] [coverage_counter-4]: process has died [pid 517, exit code 1, cmd '/home/ecem/sct_ws/install/evaluation/lib/evaluation/coverage_counter --ros-args -r __node:=coverage_counter --params-file /tmp/launch_params_k7b98fmz --params-file /tmp/launch_params_b06xatk7 --params-file /tmp/launch_params_tzy216z3 --params-file /tmp/launch_params_cs_ed5_h --params-file /tmp/launch_params_jjpc8boa --params-file /tmp/launch_params_njc9vjgx --params-file /tmp/launch_params_dz0f5soy --params-file /tmp/launch_params_fbzlqxsz --params-file /tmp/launch_params_p4yo7ugc'].
1789488278.8759768 [INFO] [launch]: process[coverage_counter-4] was required: shutting down launched system
1789488278.8922236 [ERROR] [bump_counter-5]: process has died [pid 519, exit code -2, cmd '/home/ecem/sct_ws/install/evaluation/lib/evaluation/bump_counter --ros-args -r __node:=bump_counter --params-file /tmp/launch_params_g13hm5wa --params-file /tmp/launch_params_egcw6wi0 --params-file /tmp/launch_params_k4aozc7c --params-file /tmp/launch_params_2nv3676v --params-file /tmp/launch_params_atqumpr_ --params-file /tmp/launch_params_n2g0qx0p --params-file /tmp/launch_params_kdmn_n43 --params-file /tmp/launch_params_pzzf0hzk'].
1789488278.8972003 [ERROR] [simulation_video_recorder-3]: process has died [pid 509, exit code -2, cmd '/home/ecem/sct_ws/install/evaluation/lib/evaluation/simulation_video_recorder --ros-args -r __node:=simulation_video_recorder --params-file /tmp/launch_params_3cyav7v3 --params-file /tmp/launch_params_4xo0ve2i --params-file /tmp/launch_params_tr0lz7rd --params-file /tmp/launch_params_xg2f3aln --params-file /tmp/launch_params_9y2dhc3v --params-file /tmp/launch_params_4hyfo6_3 --params-file /tmp/launch_params_pec__n3e'].
